2025-11-29 03:44:07.980 17647-17658 MediaPlayerNative       com.yourname.smartrecorder           V  message received msg=6, ext1=0, ext2=0
2025-11-29 03:44:07.980 17647-17658 MediaPlayerNative       com.yourname.smartrecorder           V  Received media started message
2025-11-29 03:44:07.993 30169-30242 BWU@AudioP...rolManager com.samsung.android.bixby.wakeup     I  Ph_com.yourname.smartrecorder is now playing [VF-T-L] 
2025-11-29 03:44:08.033  1198-5812  ApplicationPolicy       system_server                        D  isStatusBarNotificationAllowedAsUser: packageName = com.yourname.smartrecorder,userId = 0
2025-11-29 03:44:08.033  1198-5812  ApplicationPolicy       system_server                        D  isStatusBarNotificationAllowedAsUser: packageName = com.yourname.smartrecorder,userId = 0
2025-11-29 03:44:08.036  2188-2188  Launcher.N...onListener com.sec.android.app.launcher         I  onNotificationPosted : com.yourname.smartrecorder number : 0
2025-11-29 03:44:08.037  4533-4533  Edge.badge              com...ndroid.app.cocktailbarservice  I  updateBadge item = com.yourname.smartrecorder:0 1
2025-11-29 03:44:08.041 22947-22947 MediaDataManager        com.android.systemui                 D  onMediaNotificationAdded() : 0|com.yourname.smartrecorder|2|null|11026
2025-11-29 03:44:08.041 22947-22947 MediaLogger             com.android.systemui                 D  Notification added [0|com.yourname.smartrecorder|2|null|11026]
2025-11-29 03:44:08.041 22947-22947 Interrupti...teProvider com.android.systemui                 D   no Heads up : edgelighting enabled app. 0|com.yourname.smartrecorder|2|null|11026
2025-11-29 03:44:08.048 22947-22947 MediaResumeListener     com.android.systemui                 D  Checking for service component for com.yourname.smartrecorder
2025-11-29 03:44:08.050 22947-22947 MediaLogger             com.android.systemui                 D  Media player updated error: (0|com.yourname.smartrecorder|2|null|11026) isEntryNull = false, isDeviceNull = true
2025-11-29 03:44:08.059 22947-23066 MediaDeviceManager      com.android.systemui                 D  updateCurrent() = 1, name=in thoi ny, controller=android.media.session.MediaController@f8ea014, route=RoutingSessionInfo{ sessionId=com.android.server.media/.SystemMediaRoute2Provider:SYSTEM_SESSION, name=null, clientPackageName=com.yourname.smartrecorder, selectedRoutes={com.android.server.media/.SystemMediaRoute2Provider:DEVICE_ROUTE}, selectableRoutes={}, deselectableRoutes={}, transferableRoutes={}, volumeHandling=0, volumeMax=0, volume=0 }, device=in thoi ny
2025-11-29 03:44:08.060 22947-22947 MediaLogger             com.android.systemui                 D  Media data loaded key[0|com.yourname.smartrecorder|2|null|11026] oldKey[0|com.yourname.smartrecorder|2|null|11026] title[Reco] isActive[true]
2025-11-29 03:44:08.060 22947-23066 MediaDeviceManager      com.android.systemui                 D  updateCurrent() = 1, name=in thoi ny, controller=android.media.session.MediaController@f8ea014, route=RoutingSessionInfo{ sessionId=com.android.server.media/.SystemMediaRoute2Provider:SYSTEM_SESSION, name=null, clientPackageName=com.yourname.smartrecorder, selectedRoutes={com.android.server.media/.SystemMediaRoute2Provider:DEVICE_ROUTE}, selectableRoutes={}, deselectableRoutes={}, transferableRoutes={}, volumeHandling=0, volumeMax=0, volume=0 }, device=in thoi ny
2025-11-29 03:44:08.072 22947-22947 MediaLogger             com.android.systemui                 D  Media player added [0|com.yourname.smartrecorder|2|null|11026] isPlaying[true]
2025-11-29 03:44:08.081 22947-22947 FaceWidget...lerWrapper com.android.systemui                 D  onMediaDataLoaded, 0|com.yourname.smartrecorder|2|null|11026, 0|com.yourname.smartrecorder|2|null|11026, MediaData(userId=0, initialized=true, app=Smart Recorder, appIcon=Icon(typ=RESOURCE pkg=com.yourname.smartrecorder id=0x01080024), artist=Smart Recorder, song=Recording Th11 29, 2025, artwork=null, actions=[MediaAction(icon=android.graphics.drawable.AnimatedVectorDrawable@54f5a4d, action=com.android.systemui.media.MediaDataManager$getStandardAction$2@4db1902, contentDescription=Tm dng, background=android.graphics.drawable.AnimatedVectorDrawable@c747213, rebindId=null)], actionsToShowInCompact=[0], semanticActions=MediaButton(playOrPause=MediaAction(icon=android.graphics.drawable.AnimatedVectorDrawable@54f5a4d, action=com.android.systemui.media.MediaDataManager$getStandardAction$2@4db1902, contentDescription=Tm dng, background=android.graphics.drawable.AnimatedVectorDrawable@c747213, rebindId=null), nextOrCustom=null, prevOrCustom=null, custom0=null, custom1=null, reserveNext=false, reservePrev=false), packageName=com.yourname.smartrecorder, token=android.media.session.MediaSession$Token@2d7f181, clickIntent=PendingIntent{915d48: android.os.BinderProxy@15dd88e}, device=MediaDeviceData(enabled=true, icon=0.0,0.0-120.0,120.0
                                                                                                    Loading:0ms
                                                                                                    Element:2
                                                                                                    Segment:0
                                                                                                    Attribute:2, name=in thoi ny, intent=null, id=remote_submix_media_device_id, customMediaDeviceData=SecMediaDeviceDataImpl(deviceType=1)), active=true, resumeAction=null, playbackLocation=0, resumption=false, notificationKey=0|com.yourname.smartrecorder|2|null|11026, hasCheckedForResume=true, isPlaying=true, isClearable=false, lastActive=323871628, instanceId=com.android.internal.logging.InstanceId@cec51, appUid=11026, customMediaData=SecMediaDataImpl(uid=11026))
2025-11-29 03:44:08.081 22947-22947 FaceWidget...Repository com.android.systemui                 D  [update] key : 0|com.yourname.smartrecorder|2|null|11026, oldKey : 0|com.yourname.smartrecorder|2|null|11026, media : com.yourname.smartrecorder, sourceType : NOTIFICATION
2025-11-29 03:44:08.082 22947-22947 FaceWidget...cViewModel com.android.systemui                 D  onChanged :: PluginFaceWidgetMediaData{packageName='com.yourname.smartrecorder'isActive='true', playbackState=3', metaData=Recording Th11 29, 2025, Smart Recorder, null', (APP ICON, )'}
2025-11-29 03:44:08.082 22947-22947 FaceWidget...ionManager com.android.systemui                 D  updateFaceWidgetMusicNotificationPkg() pkgName = com.yourname.smartrecorder
2025-11-29 03:44:08.131 17647-17658 MediaPlayerNative       com.yourname.smartrecorder           V  message received msg=211, ext1=0, ext2=0
2025-11-29 03:44:08.135  1198-1909  ApplicationPolicy       system_server                        D  isStatusBarNotificationAllowedAsUser: packageName = com.yourname.smartrecorder,userId = 0
2025-11-29 03:44:08.135  1198-1909  ApplicationPolicy       system_server                        D  isStatusBarNotificationAllowedAsUser: packageName = com.yourname.smartrecorder,userId = 0
2025-11-29 03:44:08.140  4533-4533  Edge.badge              com...ndroid.app.cocktailbarservice  I  updateBadge item = com.yourname.smartrecorder:0 1
2025-11-29 03:44:08.141  2188-2188  Launcher.N...onListener com.sec.android.app.launcher         I  onNotificationPosted : com.yourname.smartrecorder number : 0
2025-11-29 03:44:08.144 22947-22947 MediaDataManager        com.android.systemui                 D  onMediaNotificationAdded() : 0|com.yourname.smartrecorder|2|null|11026
2025-11-29 03:44:08.144 22947-22947 MediaLogger             com.android.systemui                 D  Notification added [0|com.yourname.smartrecorder|2|null|11026]
2025-11-29 03:44:08.144 22947-22947 BubblesManager          com.android.systemui                 D  onEntryUpdated : shouldBubbleUp=false ,key=0|com.yourname.smartrecorder|2|null|11026
2025-11-29 03:44:08.144 22947-22947 Interrupti...teProvider com.android.systemui                 D   no Heads up : edgelighting enabled app. 0|com.yourname.smartrecorder|2|null|11026
2025-11-29 03:44:08.147 22947-22947 MediaLogger             com.android.systemui                 D  Media data loaded key[0|com.yourname.smartrecorder|2|null|11026] oldKey[0|com.yourname.smartrecorder|2|null|11026] title[Reco] isActive[true]
2025-11-29 03:44:08.149 22947-22947 MediaLogger             com.android.systemui                 D  Media player updated [0|com.yourname.smartrecorder|2|null|11026] isPlaying[true]
2025-11-29 03:44:08.159 22947-22947 FaceWidget...lerWrapper com.android.systemui                 D  onMediaDataLoaded, 0|com.yourname.smartrecorder|2|null|11026, 0|com.yourname.smartrecorder|2|null|11026, MediaData(userId=0, initialized=true, app=Smart Recorder, appIcon=Icon(typ=RESOURCE pkg=com.yourname.smartrecorder id=0x01080024), artist=Smart Recorder, song=Recording Th11 29, 2025, artwork=null, actions=[MediaAction(icon=android.graphics.drawable.AnimatedVectorDrawable@9ba45db, action=com.android.systemui.media.MediaDataManager$getStandardAction$2@7faa878, contentDescription=Tm dng, background=android.graphics.drawable.AnimatedVectorDrawable@9de7b51, rebindId=null)], actionsToShowInCompact=[0], semanticActions=MediaButton(playOrPause=MediaAction(icon=android.graphics.drawable.AnimatedVectorDrawable@9ba45db, action=com.android.systemui.media.MediaDataManager$getStandardAction$2@7faa878, contentDescription=Tm dng, background=android.graphics.drawable.AnimatedVectorDrawable@9de7b51, rebindId=null), nextOrCustom=null, prevOrCustom=null, custom0=null, custom1=null, reserveNext=false, reservePrev=false), packageName=com.yourname.smartrecorder, token=android.media.session.MediaSession$Token@2d7f181, clickIntent=PendingIntent{6482a7b: android.os.BinderProxy@15dd88e}, device=MediaDeviceData(enabled=true, icon=0.0,0.0-120.0,120.0
                                                                                                    Loading:0ms
                                                                                                    Element:2
                                                                                                    Segment:0
                                                                                                    Attribute:2, name=in thoi ny, intent=null, id=remote_submix_media_device_id, customMediaDeviceData=SecMediaDeviceDataImpl(deviceType=1)), active=true, resumeAction=null, playbackLocation=0, resumption=false, notificationKey=0|com.yourname.smartrecorder|2|null|11026, hasCheckedForResume=true, isPlaying=true, isClearable=false, lastActive=323871727, instanceId=com.android.internal.logging.InstanceId@cec51, appUid=11026, customMediaData=SecMediaDataImpl(uid=11026))
2025-11-29 03:44:08.160 22947-22947 FaceWidget...Repository com.android.systemui                 D  [update] key : 0|com.yourname.smartrecorder|2|null|11026, oldKey : 0|com.yourname.smartrecorder|2|null|11026, media : com.yourname.smartrecorder, sourceType : NOTIFICATION
2025-11-29 03:44:08.169 22947-22947 FaceWidget...cViewModel com.android.systemui                 D  onChanged :: PluginFaceWidgetMediaData{packageName='com.yourname.smartrecorder'isActive='true', playbackState=3', metaData=Recording Th11 29, 2025, Smart Recorder, null', (APP ICON, )'}
2025-11-29 03:44:08.214 17647-17658 MediaPlayerNative       com.yourname.smartrecorder           V  message received msg=211, ext1=0, ext2=0
2025-11-29 03:44:08.214 17647-17658 MediaPlayerNative       com.yourname.smartrecorder           V  message received msg=211, ext1=0, ext2=0
2025-11-29 03:44:08.214 17647-17659 MediaPlayerNative       com.yourname.smartrecorder           V  message received msg=211, ext1=0, ext2=0
2025-11-29 03:44:08.237  1198-1909  ApplicationPolicy       system_server                        D  isStatusBarNotificationAllowedAsUser: packageName = com.yourname.smartrecorder,userId = 0
2025-11-29 03:44:08.238  1198-1909  ApplicationPolicy       system_server                        D  isStatusBarNotificationAllowedAsUser: packageName = com.yourname.smartrecorder,userId = 0
2025-11-29 03:44:08.242  4533-4533  Edge.badge              com...ndroid.app.cocktailbarservice  I  updateBadge item = com.yourname.smartrecorder:0 1
2025-11-29 03:44:08.243  2188-2188  Launcher.N...onListener com.sec.android.app.launcher         I  onNotificationPosted : com.yourname.smartrecorder number : 0
2025-11-29 03:44:08.245 22947-22947 MediaDataManager        com.android.systemui                 D  onMediaNotificationAdded() : 0|com.yourname.smartrecorder|2|null|11026
2025-11-29 03:44:08.246 22947-22947 MediaLogger             com.android.systemui                 D  Notification added [0|com.yourname.smartrecorder|2|null|11026]
2025-11-29 03:44:08.246 22947-22947 BubblesManager          com.android.systemui                 D  onEntryUpdated : shouldBubbleUp=false ,key=0|com.yourname.smartrecorder|2|null|11026
2025-11-29 03:44:08.246 22947-22947 Interrupti...teProvider com.android.systemui                 D   no Heads up : edgelighting enabled app. 0|com.yourname.smartrecorder|2|null|11026
2025-11-29 03:44:08.249 22947-22947 MediaLogger             com.android.systemui                 D  Media data loaded key[0|com.yourname.smartrecorder|2|null|11026] oldKey[0|com.yourname.smartrecorder|2|null|11026] title[Reco] isActive[true]
2025-11-29 03:44:08.251 22947-22947 MediaLogger             com.android.systemui                 D  Media player updated [0|com.yourname.smartrecorder|2|null|11026] isPlaying[true]
2025-11-29 03:44:08.263 22947-22947 FaceWidget...lerWrapper com.android.systemui                 D  onMediaDataLoaded, 0|com.yourname.smartrecorder|2|null|11026, 0|com.yourname.smartrecorder|2|null|11026, MediaData(userId=0, initialized=true, app=Smart Recorder, appIcon=Icon(typ=RESOURCE pkg=com.yourname.smartrecorder id=0x01080024), artist=Smart Recorder, song=Recording Th11 29, 2025, artwork=null, actions=[MediaAction(icon=android.graphics.drawable.AnimatedVectorDrawable@5736047, action=com.android.systemui.media.MediaDataManager$getStandardAction$2@75fd074, contentDescription=Tm dng, background=android.graphics.drawable.AnimatedVectorDrawable@307499d, rebindId=null)], actionsToShowInCompact=[0], semanticActions=MediaButton(playOrPause=MediaAction(icon=android.graphics.drawable.AnimatedVectorDrawable@5736047, action=com.android.systemui.media.MediaDataManager$getStandardAction$2@75fd074, contentDescription=Tm dng, background=android.graphics.drawable.AnimatedVectorDrawable@307499d, rebindId=null), nextOrCustom=null, prevOrCustom=null, custom0=null, custom1=null, reserveNext=false, reservePrev=false), packageName=com.yourname.smartrecorder, token=android.media.session.MediaSession$Token@2d7f181, clickIntent=PendingIntent{86f4294: android.os.BinderProxy@15dd88e}, device=MediaDeviceData(enabled=true, icon=0.0,0.0-120.0,120.0
                                                                                                    Loading:0ms
                                                                                                    Element:2
                                                                                                    Segment:0
                                                                                                    Attribute:2, name=in thoi ny, intent=null, id=remote_submix_media_device_id, customMediaDeviceData=SecMediaDeviceDataImpl(deviceType=1)), active=true, resumeAction=null, playbackLocation=0, resumption=false, notificationKey=0|com.yourname.smartrecorder|2|null|11026, hasCheckedForResume=true, isPlaying=true, isClearable=false, lastActive=323871829, instanceId=com.android.internal.logging.InstanceId@cec51, appUid=11026, customMediaData=SecMediaDataImpl(uid=11026))
2025-11-29 03:44:08.264 22947-22947 FaceWidget...Repository com.android.systemui                 D  [update] key : 0|com.yourname.smartrecorder|2|null|11026, oldKey : 0|com.yourname.smartrecorder|2|null|11026, media : com.yourname.smartrecorder, sourceType : NOTIFICATION
2025-11-29 03:44:08.273 22947-22947 FaceWidget...cViewModel com.android.systemui                 D  onChanged :: PluginFaceWidgetMediaData{packageName='com.yourname.smartrecorder'isActive='true', playbackState=3', metaData=Recording Th11 29, 2025, Smart Recorder, null', (APP ICON, )'}
2025-11-29 03:44:08.408  1198-7983  SGM:GameManager         system_server                        D  identifyGamePackage. com.yourname.smartrecorder, mCurrentUserId: 0, callerUserId: 0, callingMethodInfo: com.android.server.ssrm.SortingMachine.isGame(SortingMachine.java:162)
2025-11-29 03:44:08.408  1198-7983  SGM:PkgDataHelper       system_server                        D  getGamePkgData(). com.yourname.smartrecorder
2025-11-29 03:44:08.449 22947-22947 MediaDataManager        com.android.systemui                 D  onMediaNotificationAdded() : 0|com.yourname.smartrecorder|2|null|11026
2025-11-29 03:44:08.449 22947-22947 MediaLogger             com.android.systemui                 D  Notification added [0|com.yourname.smartrecorder|2|null|11026]
2025-11-29 03:44:08.449 22947-22947 BubblesManager          com.android.systemui                 D  onEntryUpdated : shouldBubbleUp=false ,key=0|com.yourname.smartrecorder|2|null|11026
2025-11-29 03:44:08.449 22947-22947 Interrupti...teProvider com.android.systemui                 D   no Heads up : edgelighting enabled app. 0|com.yourname.smartrecorder|2|null|11026
2025-11-29 03:44:08.456 22947-22947 MediaLogger             com.android.systemui                 D  Media data loaded key[0|com.yourname.smartrecorder|2|null|11026] oldKey[0|com.yourname.smartrecorder|2|null|11026] title[Reco] isActive[true]
2025-11-29 03:44:08.459 22947-22947 MediaLogger             com.android.systemui                 D  Media player updated [0|com.yourname.smartrecorder|2|null|11026] isPlaying[true]
2025-11-29 03:44:08.469 22947-22947 FaceWidget...lerWrapper com.android.systemui                 D  onMediaDataLoaded, 0|com.yourname.smartrecorder|2|null|11026, 0|com.yourname.smartrecorder|2|null|11026, MediaData(userId=0, initialized=true, app=Smart Recorder, appIcon=Icon(typ=RESOURCE pkg=com.yourname.smartrecorder id=0x01080024), artist=Smart Recorder, song=Recording Th11 29, 2025, artwork=null, actions=[MediaAction(icon=android.graphics.drawable.AnimatedVectorDrawable@aec7da9, action=com.android.systemui.media.MediaDataManager$getStandardAction$2@eb12f2e, contentDescription=Tm dng, background=android.graphics.drawable.AnimatedVectorDrawable@9654acf, rebindId=null)], actionsToShowInCompact=[0], semanticActions=MediaButton(playOrPause=MediaAction(icon=android.graphics.drawable.AnimatedVectorDrawable@aec7da9, action=com.android.systemui.media.MediaDataManager$getStandardAction$2@eb12f2e, contentDescription=Tm dng, background=android.graphics.drawable.AnimatedVectorDrawable@9654acf, rebindId=null), nextOrCustom=null, prevOrCustom=null, custom0=null, custom1=null, reserveNext=false, reservePrev=false), packageName=com.yourname.smartrecorder, token=android.media.session.MediaSession$Token@2d7f181, clickIntent=PendingIntent{e103bb2: android.os.BinderProxy@15dd88e}, device=MediaDeviceData(enabled=true, icon=0.0,0.0-120.0,120.0
                                                                                                    Loading:0ms
                                                                                                    Element:2
                                                                                                    Segment:0
                                                                                                    Attribute:2, name=in thoi ny, intent=null, id=remote_submix_media_device_id, customMediaDeviceData=SecMediaDeviceDataImpl(deviceType=1)), active=true, resumeAction=null, playbackLocation=0, resumption=false, notificationKey=0|com.yourname.smartrecorder|2|null|11026, hasCheckedForResume=true, isPlaying=true, isClearable=false, lastActive=323872033, instanceId=com.android.internal.logging.InstanceId@cec51, appUid=11026, customMediaData=SecMediaDataImpl(uid=11026))
2025-11-29 03:44:08.469 22947-22947 FaceWidget...Repository com.android.systemui                 D  [update] key : 0|com.yourname.smartrecorder|2|null|11026, oldKey : 0|com.yourname.smartrecorder|2|null|11026, media : com.yourname.smartrecorder, sourceType : NOTIFICATION
2025-11-29 03:44:08.474 22947-22947 FaceWidget...cViewModel com.android.systemui                 D  onChanged :: PluginFaceWidgetMediaData{packageName='com.yourname.smartrecorder'isActive='true', playbackState=3', metaData=Recording Th11 29, 2025, Smart Recorder, null', (APP ICON, )'}
2025-11-29 03:44:09.012 30169-30169 BWU@AudioP...rolManager com.samsung.android.bixby.wakeup     I  Ph_com.yourname.smartrecorder is now playing [main] 
2025-11-29 03:44:09.021 30169-17820 BWU@AudioP...rolManager com.samsung.android.bixby.wakeup     I  Ph_com.yourname.smartrecorder is now playing [Timer-21] 
2025-11-29 03:44:09.044 30169-17820 BWU@AudioP...rolManager com.samsung.android.bixby.wakeup     I  Ph_com.yourname.smartrecorder is now playing [Timer-21] 
2025-11-29 03:44:09.245  1198-1909  ApplicationPolicy       system_server                        D  isStatusBarNotificationAllowedAsUser: packageName = com.yourname.smartrecorder,userId = 0
2025-11-29 03:44:09.246  1198-1909  ApplicationPolicy       system_server                        D  isStatusBarNotificationAllowedAsUser: packageName = com.yourname.smartrecorder,userId = 0
2025-11-29 03:44:09.250  2188-2188  Launcher.N...onListener com.sec.android.app.launcher         I  onNotificationPosted : com.yourname.smartrecorder number : 0
2025-11-29 03:44:09.259  4533-4533  Edge.badge              com...ndroid.app.cocktailbarservice  I  updateBadge item = com.yourname.smartrecorder:0 1
2025-11-29 03:44:09.461 22947-22947 MediaDataManager        com.android.systemui                 D  onMediaNotificationAdded() : 0|com.yourname.smartrecorder|2|null|11026
2025-11-29 03:44:09.461 22947-22947 MediaLogger             com.android.systemui                 D  Notification added [0|com.yourname.smartrecorder|2|null|11026]
2025-11-29 03:44:09.461 22947-22947 BubblesManager          com.android.systemui                 D  onEntryUpdated : shouldBubbleUp=false ,key=0|com.yourname.smartrecorder|2|null|11026
2025-11-29 03:44:09.462 22947-22947 Interrupti...teProvider com.android.systemui                 D   no Heads up : edgelighting enabled app. 0|com.yourname.smartrecorder|2|null|11026
2025-11-29 03:44:09.464 22947-22947 MediaLogger             com.android.systemui                 D  Media data loaded key[0|com.yourname.smartrecorder|2|null|11026] oldKey[0|com.yourname.smartrecorder|2|null|11026] title[Reco] isActive[true]
2025-11-29 03:44:09.465 22947-22947 MediaLogger             com.android.systemui                 D  Media player updated [0|com.yourname.smartrecorder|2|null|11026] isPlaying[true]
2025-11-29 03:44:09.475 22947-22947 FaceWidget...lerWrapper com.android.systemui                 D  onMediaDataLoaded, 0|com.yourname.smartrecorder|2|null|11026, 0|com.yourname.smartrecorder|2|null|11026, MediaData(userId=0, initialized=true, app=Smart Recorder, appIcon=Icon(typ=RESOURCE pkg=com.yourname.smartrecorder id=0x01080024), artist=Smart Recorder, song=Recording Th11 29, 2025, artwork=null, actions=[MediaAction(icon=android.graphics.drawable.AnimatedVectorDrawable@8fa6574, action=com.android.systemui.media.MediaDataManager$getStandardAction$2@93eba9d, contentDescription=Tm dng, background=android.graphics.drawable.AnimatedVectorDrawable@eff7b12, rebindId=null)], actionsToShowInCompact=[0], semanticActions=MediaButton(playOrPause=MediaAction(icon=android.graphics.drawable.AnimatedVectorDrawable@8fa6574, action=com.android.systemui.media.MediaDataManager$getStandardAction$2@93eba9d, contentDescription=Tm dng, background=android.graphics.drawable.AnimatedVectorDrawable@eff7b12, rebindId=null), nextOrCustom=null, prevOrCustom=null, custom0=null, custom1=null, reserveNext=false, reservePrev=false), packageName=com.yourname.smartrecorder, token=android.media.session.MediaSession$Token@2d7f181, clickIntent=PendingIntent{6e9923d: android.os.BinderProxy@15dd88e}, device=MediaDeviceData(enabled=true, icon=0.0,0.0-120.0,120.0
                                                                                                    Loading:0ms
                                                                                                    Element:2
                                                                                                    Segment:0
                                                                                                    Attribute:2, name=in thoi ny, intent=null, id=remote_submix_media_device_id, customMediaDeviceData=SecMediaDeviceDataImpl(deviceType=1)), active=true, resumeAction=null, playbackLocation=0, resumption=false, notificationKey=0|com.yourname.smartrecorder|2|null|11026, hasCheckedForResume=true, isPlaying=true, isClearable=false, lastActive=323873044, instanceId=com.android.internal.logging.InstanceId@cec51, appUid=11026, customMediaData=SecMediaDataImpl(uid=11026))
2025-11-29 03:44:09.475 22947-22947 FaceWidget...Repository com.android.systemui                 D  [update] key : 0|com.yourname.smartrecorder|2|null|11026, oldKey : 0|com.yourname.smartrecorder|2|null|11026, media : com.yourname.smartrecorder, sourceType : NOTIFICATION
2025-11-29 03:44:09.484 22947-22947 FaceWidget...cViewModel com.android.systemui                 D  onChanged :: PluginFaceWidgetMediaData{packageName='com.yourname.smartrecorder'isActive='true', playbackState=3', metaData=Recording Th11 29, 2025, Smart Recorder, null', (APP ICON, )'}
2025-11-29 03:44:09.970 17647-17647 ViewRootIm...nActivity] com.yourname.smartrecorder           I  ViewPostIme pointer 0
2025-11-29 03:44:10.026 17647-17655 MediaRecorderJNI        com.yourname.smartrecorder           I  finalize
2025-11-29 03:44:10.026 17647-17655 MediaRecorderJNI        com.yourname.smartrecorder           I  release
2025-11-29 03:44:10.028 17647-17647 ViewRootIm...nActivity] com.yourname.smartrecorder           I  ViewPostIme pointer 1
2025-11-29 03:44:10.051  1198-1909  CoreBackPreview         system_server                        D  Window{8eb798a u0 com.yourname.smartrecorder/com.yourname.smartrecorder.MainActivity}: Setting back callback OnBackInvokedCallbackInfo{mCallback=android.window.IOnBackInvokedCallback$Stub$Proxy@906d8c7, mPriority=-1}
2025-11-29 03:44:10.054  1198-1909  SGM:GameManager         system_server                        D  identifyForegroundApp. com.yourname.smartrecorder, mCurrentUserId: 0, callerUserId: 0
2025-11-29 03:44:10.054  1198-1909  SGM:PkgDataHelper       system_server                        D  getGamePkgData(). com.yourname.smartrecorder
2025-11-29 03:44:10.066  1198-1909  SGM:GameManager         system_server                        D  identifyForegroundApp. com.yourname.smartrecorder, mCurrentUserId: 0, callerUserId: 150
2025-11-29 03:44:10.066  1198-1909  SGM:PkgDataHelper       system_server                        D  getGamePkgData(). com.yourname.smartrecorder
2025-11-29 03:44:10.268  1198-1901  ApplicationPolicy       system_server                        D  isStatusBarNotificationAllowedAsUser: packageName = com.yourname.smartrecorder,userId = 0
2025-11-29 03:44:10.269  1198-1901  ApplicationPolicy       system_server                        D  isStatusBarNotificationAllowedAsUser: packageName = com.yourname.smartrecorder,userId = 0
2025-11-29 03:44:10.272  4533-4533  Edge.badge              com...ndroid.app.cocktailbarservice  I  updateBadge item = com.yourname.smartrecorder:0 1
2025-11-29 03:44:10.273  2188-2188  Launcher.N...onListener com.sec.android.app.launcher         I  onNotificationPosted : com.yourname.smartrecorder number : 0
2025-11-29 03:44:10.476 22947-22947 MediaDataManager        com.android.systemui                 D  onMediaNotificationAdded() : 0|com.yourname.smartrecorder|2|null|11026
2025-11-29 03:44:10.476 22947-22947 MediaLogger             com.android.systemui                 D  Notification added [0|com.yourname.smartrecorder|2|null|11026]
2025-11-29 03:44:10.476 22947-22947 BubblesManager          com.android.systemui                 D  onEntryUpdated : shouldBubbleUp=false ,key=0|com.yourname.smartrecorder|2|null|11026
2025-11-29 03:44:10.477 22947-22947 Interrupti...teProvider com.android.systemui                 D   no Heads up : edgelighting enabled app. 0|com.yourname.smartrecorder|2|null|11026
2025-11-29 03:44:10.479 22947-22947 MediaLogger             com.android.systemui                 D  Media data loaded key[0|com.yourname.smartrecorder|2|null|11026] oldKey[0|com.yourname.smartrecorder|2|null|11026] title[Reco] isActive[true]
2025-11-29 03:44:10.481 22947-22947 MediaLogger             com.android.systemui                 D  Media player updated [0|com.yourname.smartrecorder|2|null|11026] isPlaying[true]
2025-11-29 03:44:10.491 22947-22947 FaceWidget...lerWrapper com.android.systemui                 D  onMediaDataLoaded, 0|com.yourname.smartrecorder|2|null|11026, 0|com.yourname.smartrecorder|2|null|11026, MediaData(userId=0, initialized=true, app=Smart Recorder, appIcon=Icon(typ=RESOURCE pkg=com.yourname.smartrecorder id=0x01080024), artist=Smart Recorder, song=Recording Th11 29, 2025, artwork=null, actions=[MediaAction(icon=android.graphics.drawable.AnimatedVectorDrawable@f37b8ea, action=com.android.systemui.media.MediaDataManager$getStandardAction$2@40d37db, contentDescription=Tm dng, background=android.graphics.drawable.AnimatedVectorDrawable@f07b278, rebindId=null)], actionsToShowInCompact=[0], semanticActions=MediaButton(playOrPause=MediaAction(icon=android.graphics.drawable.AnimatedVectorDrawable@f37b8ea, action=com.android.systemui.media.MediaDataManager$getStandardAction$2@40d37db, contentDescription=Tm dng, background=android.graphics.drawable.AnimatedVectorDrawable@f07b278, rebindId=null), nextOrCustom=null, prevOrCustom=null, custom0=null, custom1=null, reserveNext=false, reservePrev=false), packageName=com.yourname.smartrecorder, token=android.media.session.MediaSession$Token@2d7f181, clickIntent=PendingIntent{6561c7b: android.os.BinderProxy@15dd88e}, device=MediaDeviceData(enabled=true, icon=0.0,0.0-120.0,120.0
                                                                                                    Loading:0ms
                                                                                                    Element:2
                                                                                                    Segment:0
                                                                                                    Attribute:2, name=in thoi ny, intent=null, id=remote_submix_media_device_id, customMediaDeviceData=SecMediaDeviceDataImpl(deviceType=1)), active=true, resumeAction=null, playbackLocation=0, resumption=false, notificationKey=0|com.yourname.smartrecorder|2|null|11026, hasCheckedForResume=true, isPlaying=true, isClearable=false, lastActive=323874059, instanceId=com.android.internal.logging.InstanceId@cec51, appUid=11026, customMediaData=SecMediaDataImpl(uid=11026))
2025-11-29 03:44:10.491 22947-22947 FaceWidget...Repository com.android.systemui                 D  [update] key : 0|com.yourname.smartrecorder|2|null|11026, oldKey : 0|com.yourname.smartrecorder|2|null|11026, media : com.yourname.smartrecorder, sourceType : NOTIFICATION
2025-11-29 03:44:10.500 22947-22947 FaceWidget...cViewModel com.android.systemui                 D  onChanged :: PluginFaceWidgetMediaData{packageName='com.yourname.smartrecorder'isActive='true', playbackState=3', metaData=Recording Th11 29, 2025, Smart Recorder, null', (APP ICON, )'}
2025-11-29 03:44:10.816 17647-17647 SmartRecor...Transcript com.yourname.smartrecorder           I  [MAIN] [Lifecycle: TranscriptViewModel] onCleared
2025-11-29 03:44:10.816 17647-17647 SmartRecor...Transcript com.yourname.smartrecorder           W  [RARE] ViewModel cleared while playback active -> Context: position=2064ms
2025-11-29 03:44:11.939 17647-17658 MediaPlayerNative       com.yourname.smartrecorder           V  message received msg=2, ext1=0, ext2=0
2025-11-29 03:44:11.939 17647-17658 MediaPlayerNative       com.yourname.smartrecorder           V  playback complete
2025-11-29 03:44:11.939 17647-17658 MediaPlayerNative       com.yourname.smartrecorder           V  message received msg=211, ext1=0, ext2=0
2025-11-29 03:44:11.940 17647-17647 MediaPlayer-JNI         com.yourname.smartrecorder           V  isLooping
2025-11-29 03:44:11.940 17647-17647 MediaPlayerNative       com.yourname.smartrecorder           V  isLooping
2025-11-29 03:44:11.940 17647-17647 SmartRecorder/Audio     com.yourname.smartrecorder           I  [MAIN] Playback completed -> file: /data/user/0/com.yourname.smartrecorder/files/recordings/recording_014.3gp, looping: false
2025-11-29 03:44:11.940 17647-17647 MediaPlayer-JNI         com.yourname.smartrecorder           V  isLooping
2025-11-29 03:44:11.940 17647-17647 MediaPlayerNative       com.yourname.smartrecorder           V  isLooping
2025-11-29 03:44:11.940 17647-17647 SmartRecor...Transcript com.yourname.smartrecorder           I  [MAIN] Playback completed, looping: false
2025-11-29 03:44:11.943  1198-1198  EdgeLightingManager     system_server                        D  hideForNotification : packageName = com.yourname.smartrecorder
2025-11-29 03:44:11.943  1198-1198  EdgeLighti...ationGroup system_server                        D  remove : sbn : StatusBarNotification(pkg=com.yourname.smartrecorder user=UserHandle{0} id=2 tag=null key=0|com.yourname.smartrecorder|2|null|11026: Notification(channel=playback_channel shortcut=null contentView=null vibrate=null sound=null defaults=0x0 flags=0x6a color=0x00000000 category=transport groupKey=silent actions=2 vis=PUBLIC semFlags=0x0 semPriority=0 semMissedCount=0))
2025-11-29 03:44:11.943 22947-27398 SecFgsMana...rollerImpl com.android.systemui                 D  onForegroundStateChanged: dialogShown:false, isForeground:false, packageName:com.yourname.smartrecorder , token:android.os.BinderProxy@7b0cf90, userId:0
2025-11-29 03:44:11.948 17647-17647 SmartRecorder/Service   com.yourname.smartrecorder           I  [CRIT] Playback foreground service stopped
2025-11-29 03:44:11.948 17647-17647 SmartRecorder/Service   com.yourname.smartrecorder           I  [CRIT] [Service: PlaybackForegroundService] onDestroy
2025-11-29 03:44:11.948 17647-17647 SmartRecorder/Service   com.yourname.smartrecorder           W  [RARE] Service destroyed while playing -> Context: title=Recording Th11 29, 2025, position=2064
2025-11-29 03:44:11.948 17647-17647 SmartRecorder/ViewModel com.yourname.smartrecorder           D  [PlaybackSessionRepository] setIdle
2025-11-29 03:44:11.950 22947-22947 MediaLogger             com.android.systemui                 D  Notification removed [0|com.yourname.smartrecorder|2|null|11026]
2025-11-29 03:44:11.952 22947-22947 MediaLogger             com.android.systemui                 D  Media data removed [0|com.yourname.smartrecorder|2|null|11026]
2025-11-29 03:44:11.952  1198-1198  NotificationReminder    system_server                        D  removeFromNotiList record com.yourname.smartrecorder
2025-11-29 03:44:11.956 22947-22947 MediaLogger             com.android.systemui                 D  Media player removed [0|com.yourname.smartrecorder|2|null|11026]
2025-11-29 03:44:11.962 22947-22947 FaceWidget...lerWrapper com.android.systemui                 D  onMediaDataRemoved, 0|com.yourname.smartrecorder|2|null|11026
2025-11-29 03:44:11.962 22947-22947 FaceWidget...Repository com.android.systemui                 D  [remove] key : 0|com.yourname.smartrecorder|2|null|11026, sourceType : NOTIFICATION
2025-11-29 03:44:16.068 17647-17647 ViewRootIm...nActivity] com.yourname.smartrecorder           I  ViewPostIme pointer 0
2025-11-29 03:44:16.112 17647-17647 ViewRootIm...nActivity] com.yourname.smartrecorder           I  ViewPostIme pointer 1
2025-11-29 03:44:16.115 17647-17647 NavController           com.yourname.smartrecorder           I  Ignoring popBackStack to route library as it was not found on the current back stack
2025-11-29 03:44:16.137  1198-1897  CoreBackPreview         system_server                        D  Window{8eb798a u0 com.yourname.smartrecorder/com.yourname.smartrecorder.MainActivity}: Setting back callback OnBackInvokedCallbackInfo{mCallback=android.window.IOnBackInvokedCallback$Stub$Proxy@cf786fd, mPriority=0}
2025-11-29 03:44:16.155 17647-17647 SmartRecorder/ViewModel com.yourname.smartrecorder           I  [MAIN] [ViewModel: LibraryViewModel] Initialized
2025-11-29 03:44:16.155 17647-17647 SmartRecorder/ViewModel com.yourname.smartrecorder           I  [MAIN] [ViewModel: LibraryViewModel] loadRecordings
2025-11-29 03:44:16.155 17647-17647 SmartRecorder/UseCase   com.yourname.smartrecorder           I  [MAIN] [UseCase: GetRecordingListUseCase] Invoked
2025-11-29 03:44:16.155 17647-17647 SmartRecor...Repository com.yourname.smartrecorder           D  [Flow: getRecordingsFlow] Subscribed
2025-11-29 03:44:16.309 17647-17647 SmartRecor...Repository com.yourname.smartrecorder           D  [Flow: getRecordingsFlow] Emitted -> count=16
2025-11-29 03:44:16.309 17647-17647 SmartRecorder/UseCase   com.yourname.smartrecorder           I  [MAIN] [UseCase: GetRecordingListUseCase] Emitted (count=16)
2025-11-29 03:44:16.309 17647-17647 SmartRecorder/ViewModel com.yourname.smartrecorder           I  [MAIN] [ViewModel: LibraryViewModel] Recordings loaded -> State: count=16
2025-11-29 03:44:17.052 17647-17647 ViewRootIm...nActivity] com.yourname.smartrecorder           I  ViewPostIme pointer 0
2025-11-29 03:44:17.119 17647-17647 e.smartrecorder         com.yourname.smartrecorder           I  hiddenapi: Accessing hidden method Landroid/view/ViewTreeObserver;->dispatchOnScrollChanged()V (runtime_flags=0, domain=platform, api=unsupported) from Landroidx/compose/ui/platform/AndroidComposeView$Companion; (domain=app) using reflection: allowed
2025-11-29 03:44:17.186  1198-1198  SGM:GameManager         system_server                        D  identifyGamePackage. com.yourname.smartrecorder, mCurrentUserId: 0, callerUserId: 0, callingMethodInfo: com.android.server.ssrm.fgapps.GameAppUtils.isGame(GameAppUtils.java:84)
2025-11-29 03:44:17.186  1198-1198  SGM:PkgDataHelper       system_server                        D  getGamePkgData(). com.yourname.smartrecorder
2025-11-29 03:44:17.187  1198-1198  SGM:GameManager         system_server                        D  identifyGamePackage. com.yourname.smartrecorder, mCurrentUserId: 0, callerUserId: 0, callingMethodInfo: com.android.server.ssrm.fgapps.GameAppUtils.isGame(GameAppUtils.java:84)
2025-11-29 03:44:17.187  1198-1198  SGM:PkgDataHelper       system_server                        D  getGamePkgData(). com.yourname.smartrecorder
2025-11-29 03:44:17.187 17647-17647 ViewRootIm...nActivity] com.yourname.smartrecorder           I  ViewPostIme pointer 1
2025-11-29 03:44:17.386 17647-17647 ViewRootIm...nActivity] com.yourname.smartrecorder           I  ViewPostIme pointer 0
2025-11-29 03:44:17.744 17647-17647 ViewRootIm...nActivity] com.yourname.smartrecorder           I  ViewPostIme pointer 1
2025-11-29 03:44:18.646 17647-17647 ViewRootIm...nActivity] com.yourname.smartrecorder           I  ViewPostIme pointer 0
2025-11-29 03:44:18.705 17647-17647 ViewRootIm...nActivity] com.yourname.smartrecorder           I  ViewPostIme pointer 1
2025-11-29 03:44:18.706 17647-17647 SmartRecorder/ViewModel com.yourname.smartrecorder           D  [RecordingCard] User clicked play -> recordingId: b69bdd84-4f70-46c1-a844-9ebf1ac3705a
2025-11-29 03:44:18.706 17647-17647 SmartRecorder/ViewModel com.yourname.smartrecorder           I  [MAIN] [ViewModel: LibraryViewModel] playRecording -> State: recordingId=b69bdd84-4f70-46c1-a844-9ebf1ac3705a, currentState=Idle
2025-11-29 03:44:18.708 17647-17647 SmartRecorder/ViewModel com.yourname.smartrecorder           D  [LibraryViewModel] Starting playback -> recordingId: b69bdd84-4f70-46c1-a844-9ebf1ac3705a, file: /data/user/0/com.yourname.smartrecorder/files/recordings/recording_008.3gp, size: 48967 bytes
2025-11-29 03:44:18.710 17647-17647 SmartRecorder/Service   com.yourname.smartrecorder           I  [CRIT] Playback foreground service started
2025-11-29 03:44:18.710 17647-17647 SmartRecorder/Audio     com.yourname.smartrecorder           I  [MAIN] Playing audio -> file: /data/user/0/com.yourname.smartrecorder/files/recordings/recording_008.3gp, size: 48967 bytes, exists: true
2025-11-29 03:44:18.711 17647-17647 SmartRecorder/Audio     com.yourname.smartrecorder           D  [BG] Creating MediaPlayer instance
2025-11-29 03:44:18.711 17647-17647 MediaPlayer-JNI         com.yourname.smartrecorder           V  native_setup
2025-11-29 03:44:18.711 17647-17647 MediaPlayerNative       com.yourname.smartrecorder           V  constructor
2025-11-29 03:44:18.711 17647-17647 MediaPlayerNative       com.yourname.smartrecorder           V  setListener
2025-11-29 03:44:18.713 17647-17647 SmartRecorder/Audio     com.yourname.smartrecorder           D  [BG] Setting data source -> path: /data/user/0/com.yourname.smartrecorder/files/recordings/recording_008.3gp
2025-11-29 03:44:18.715 17647-17647 MediaPlayer-JNI         com.yourname.smartrecorder           V  setDataSourceFD: fd 6
2025-11-29 03:44:18.715 17647-17647 MediaPlayerNative       com.yourname.smartrecorder           V  setDataSource(6, 0, 576460752303423487)
2025-11-29 03:44:18.715   997-29345 MediaPlayerService      mediaserver                          V  Create new client(622) from AttributionSourceState{pid: 17647, uid: 11026, packageName: com.yourname.smartrecorder, attributionTag: (null), token: {no toString() implemented}, renouncedPermissions: [], next: []}, 
2025-11-29 03:44:18.722 17647-17647 SmartRecorder/Audio     com.yourname.smartrecorder           D  [BG] Preparing MediaPlayer
2025-11-29 03:44:18.722 17647-17647 MediaPlayerNative       com.yourname.smartrecorder           V  setVideoSurfaceTexture
2025-11-29 03:44:18.722 17647-17647 MediaPlayerNative       com.yourname.smartrecorder           V  prepare
2025-11-29 03:44:18.730 17647-17659 MediaPlayerNative       com.yourname.smartrecorder           V  message received msg=200, ext1=10973, ext2=0
2025-11-29 03:44:18.730 17647-17659 MediaPlayerNative       com.yourname.smartrecorder           W  info/warning (10973, 0)
2025-11-29 03:44:18.731 17647-17659 MediaPlayerNative       com.yourname.smartrecorder           V  message received msg=1, ext1=0, ext2=0
2025-11-29 03:44:18.731 17647-17659 MediaPlayerNative       com.yourname.smartrecorder           V  MediaPlayer::notify() prepared
2025-11-29 03:44:18.731 17647-17659 MediaPlayerNative       com.yourname.smartrecorder           V  signal application thread
2025-11-29 03:44:18.731 17647-17647 MediaPlayerNative       com.yourname.smartrecorder           V  prepare complete - status=0
2025-11-29 03:44:18.732 17647-17647 MediaPlayerNative       com.yourname.smartrecorder           V  invoke 76
2025-11-29 03:44:18.733 17647-17647 MediaPlayerNative       com.yourname.smartrecorder           V  getDuration_l
2025-11-29 03:44:18.733 17647-17647 MediaPlayer-JNI         com.yourname.smartrecorder           V  getDuration: 26780 (msec)
2025-11-29 03:44:18.734 17647-17647 SmartRecorder/Audio     com.yourname.smartrecorder           I  [MAIN] MediaPlayer prepared -> duration: 26780 ms (0,45 minutes)
2025-11-29 03:44:18.734 17647-17647 MediaPlayer-JNI         com.yourname.smartrecorder           V  setLooping: 0
2025-11-29 03:44:18.734 17647-17647 MediaPlayerNative       com.yourname.smartrecorder           V  MediaPlayer::setLooping
2025-11-29 03:44:18.734 17647-17647 MediaPlayer-JNI         com.yourname.smartrecorder           V  isLooping
2025-11-29 03:44:18.734 17647-17647 MediaPlayerNative       com.yourname.smartrecorder           V  isLooping
2025-11-29 03:44:18.734 17647-17647 MediaPlayer-JNI         com.yourname.smartrecorder           V  setLooping: 0
2025-11-29 03:44:18.734 17647-17647 MediaPlayerNative       com.yourname.smartrecorder           V  MediaPlayer::setLooping
2025-11-29 03:44:18.734 17647-17647 MediaPlayer-JNI         com.yourname.smartrecorder           V  isLooping
2025-11-29 03:44:18.734 17647-17647 MediaPlayerNative       com.yourname.smartrecorder           V  isLooping
2025-11-29 03:44:18.734 17647-17647 SmartRecorder/Audio     com.yourname.smartrecorder           D  [BG] Looping set to: false
2025-11-29 03:44:18.734 17647-17647 SmartRecorder/Audio     com.yourname.smartrecorder           D  [BG] Starting MediaPlayer
2025-11-29 03:44:18.735 17647-17647 MediaPlayer-JNI         com.yourname.smartrecorder           V  start
2025-11-29 03:44:18.735 17647-17647 MediaPlayerNative       com.yourname.smartrecorder           V  start
2025-11-29 03:44:18.736 17647-17647 SmartRecorder/Audio     com.yourname.smartrecorder           I  [MAIN] Audio playback started successfully -> file: /data/user/0/com.yourname.smartrecorder/files/recordings/recording_008.3gp, setupTime: 26ms
2025-11-29 03:44:18.739 30169-30242 BWU@AudioP...rolManager com.samsung.android.bixby.wakeup     I  Ph_com.yourname.smartrecorder is now playing [VF-T-L] 
2025-11-29 03:44:18.740 17647-17647 SmartRecorder/Service   com.yourname.smartrecorder           I  [CRIT] [Service: PlaybackForegroundService] onCreate
2025-11-29 03:44:18.743 17647-17647 MediaSessionCompat      com.yourname.smartrecorder           W  Couldn't find a unique registered media button receiver in the given context.
2025-11-29 03:44:18.744  1198-4344  MediaSessionService     system_server                        D  Media button session is changed to com.yourname.smartrecorder/PlaybackService (userId=0)
2025-11-29 03:44:18.745 22947-23697 FaceWidget...cViewModel com.android.systemui                 D  onMediaKeyEventSessionChanged() packageName = com.yourname.smartrecorder, sessionToken = android.media.session.MediaSession$Token@b009986
2025-11-29 03:44:18.746 17647-17647 SmartRecorder/Service   com.yourname.smartrecorder           I  [CRIT] [Service: PlaybackForegroundService] onStartCommand -> action=null, flags=0, startId=1
2025-11-29 03:44:18.746 17647-17647 SmartRecorder/Service   com.yourname.smartrecorder           I  [CRIT] Playback started in foreground service
2025-11-29 03:44:18.746 17647-17647 SmartRecorder/ViewModel com.yourname.smartrecorder           D  [PlaybackSessionRepository] setPlaying
2025-11-29 03:44:18.749 22947-27398 SecFgsMana...rollerImpl com.android.systemui                 D  onForegroundStateChanged: dialogShown:false, isForeground:true, packageName:com.yourname.smartrecorder , token:android.os.BinderProxy@d0fdfb1, userId:0
2025-11-29 03:44:18.749  1198-1294  ApplicationPolicy       system_server                        D  isStatusBarNotificationAllowedAsUser: packageName = com.yourname.smartrecorder,userId = 0
2025-11-29 03:44:18.749 22947-27398 SecFgsMana...rollerImpl com.android.systemui                 D  updateUiControl[com.yourname.smartrecorder]: -1
2025-11-29 03:44:18.750  1198-1294  ApplicationPolicy       system_server                        D  isStatusBarNotificationAllowedAsUser: packageName = com.yourname.smartrecorder,userId = 0
2025-11-29 03:44:18.755  1198-1198  NotificationService     system_server                        D  0|com.yourname.smartrecorder|2|null|11026: granting content://settings/system/notification_sound
2025-11-29 03:44:18.755  1198-1198  NotificationService     system_server                        D  0|com.yourname.smartrecorder|2|null|11026: granting content://settings/system/notification_sound
2025-11-29 03:44:18.756  1198-1198  NotificationService     system_server                        D  0|com.yourname.smartrecorder|2|null|11026: granting content://settings/system/notification_sound
2025-11-29 03:44:18.756  1198-1198  NotificationService     system_server                        D  0|com.yourname.smartrecorder|2|null|11026: granting content://settings/system/notification_sound
2025-11-29 03:44:18.756  1198-1198  NotificationService     system_server                        D  0|com.yourname.smartrecorder|2|null|11026: granting content://settings/system/notification_sound
2025-11-29 03:44:18.757  1198-1198  NotificationService     system_server                        D  0|com.yourname.smartrecorder|2|null|11026: granting content://settings/system/notification_sound
2025-11-29 03:44:18.757  1198-1198  NotificationService     system_server                        D  0|com.yourname.smartrecorder|2|null|11026: granting content://settings/system/notification_sound
2025-11-29 03:44:18.757  1198-1198  NotificationService     system_server                        D  0|com.yourname.smartrecorder|2|null|11026: granting content://settings/system/notification_sound
2025-11-29 03:44:18.757  1198-1198  NotificationService     system_server                        D  0|com.yourname.smartrecorder|2|null|11026: granting content://settings/system/notification_sound
2025-11-29 03:44:18.757  1198-1198  NotificationService     system_server                        D  0|com.yourname.smartrecorder|2|null|11026: granting content://settings/system/notification_sound
2025-11-29 03:44:18.758  1198-1198  NotificationService     system_server                        D  0|com.yourname.smartrecorder|2|null|11026: granting content://settings/system/notification_sound
2025-11-29 03:44:18.758  1198-1198  NotificationService     system_server                        D  0|com.yourname.smartrecorder|2|null|11026: granting content://settings/system/notification_sound
