                                                                                                         DEVICE | 0x70f52dc590 | 0100 | RGBA_8888    |    0.0    0.0 1440.0  168.0 |    0 2920 1440 3088 | NavigationBar0$_22947#4625
2025-11-28 20:35:28.969  1198-1634  SemWifiTra...LayerUtils system_server                        W  getApplicationCategory - IOException com.yourname.smartrecorder
2025-11-28 20:35:28.969  1198-1634  System.err              system_server                        W  java.io.FileNotFoundException: https://play.google.com/store/apps/details?id=com.yourname.smartrecorder&hl=en
2025-11-28 20:35:28.980   858-858   SurfaceFlinger          surfaceflinger                       D  Display 4633128672291735937 HWC layers:
                                                                                                         DEVICE | 0x70f52e84d0 | 0102 | RGBA_8888    |    0.0    0.0 1440.0 3088.0 |    0    0 1440 3088 | com.yourname.smartrecorder/com.yourn[...]rtrecorder.MainActivity$_29050#55283
                                                                                                         DEVICE | 0x70f52d5e10 | 0100 | RGBA_8888    |    0.0    0.0 1440.0   90.0 |    0    0 1440   90 | StatusBar$_22947#4630
                                                                                                         DEVICE | 0x70f52cd5f0 | 0100 | RGBA_8888    |    0.0    0.0   67.0  708.0 | 1373  391 1440 1099 | com.samsung.android.app.cocktailbars[...]rvice.CocktailBarService$_4533#55273
                                                                                                         DEVICE | 0x70f52a8870 | 0100 | RGBA_8888    |    0.0    0.0 1440.0  168.0 |    0 2920 1440 3088 | NavigationBar0$_22947#4625
2025-11-28 20:35:29.011  1198-2005  MdnieScena...rolService system_server                        D   packageName : com.yourname.smartrecorder    className : com.yourname.smartrecorder.MainActivity
2025-11-28 20:35:29.040  4879-4879  Routine@Co...overHelper com.samsung.android.app.routines     I  setLastResumedPackageForCover mLastResumedPackage = com.yourname.smartrecorder
2025-11-28 20:35:29.040  4879-4879  Routine@Co...cleWatcher com.samsung.android.app.routines     I  notifyLifecycleChanged mCurResumedComponent=com.yourname.smartrecorder
2025-11-28 20:35:29.162  1198-1198  EdgeLightingManager     system_server                        D  showForNotification : isInteractive=true, isHeadUp=true, color=0, canBypassDnd=false, sbn = StatusBarNotification(pkg=com.yourname.smartrecorder user=UserHandle{0} id=1 tag=null key=0|com.yourname.smartrecorder|1|null|11025: Notification(channel=recording_channel shortcut=null contentView=null vibrate=null sound=null defaults=0x0 flags=0x60 color=0x00000000 category=service actions=2 vis=PUBLIC semFlags=0x0 semPriority=0 semMissedCount=0))
2025-11-28 20:35:29.162  1198-1198  EdgeLighti...icyManager system_server                        D  isAcceptableApplication:  pkg=com.yourname.smartrecorder , range=256 , includeAllApp=false , userId=0 , infoRange=0 , infoCategory=0
2025-11-28 20:35:29.163  1198-1198  EdgeLighti...ationGroup system_server                        D  group key = 0|com.yourname.smartrecorder|1|null|11025 ,value= summary : null , child : 1key = 0|com.yourname.smartrecorder|1|null|11025 , value =  NotificationData { tag= null } , } 
2025-11-28 20:35:29.163  1198-1198  EdgeLighti...icyManager system_server                        D  isAcceptableApplication:  pkg=com.yourname.smartrecorder , range=1 , includeAllApp=false , userId=0 , infoRange=0 , infoCategory=0
2025-11-28 20:35:29.163  1198-1198  EdgeLightingManager     system_server                        D  showEdgeLightingInternal : packageName = com.yourname.smartrecorder, reason=1
2025-11-28 20:35:29.163  1198-1198  EdgeLighti...entManager system_server                        D  startEdgeLightingService : pkg = com.yourname.smartrecorder, info = SemEdgeLighitngInfo{type = 2001, colors= [0, 0], repeat= 0, userId = 0}, reason = 1
2025-11-28 20:35:29.165  1198-1198  AccessibilityManager    system_server                        I  semStartFlashNotification notitype = service, getOpPackageName = android, sbnPackageName = com.yourname.smartrecorder
2025-11-28 20:35:29.165  1198-1198  Accessibil...gerService system_server                        I  semStartFlashNotificationInner() type=Default, pkgName=android, token=android.os.Binder@76f8117, sbnPkgName=com.yourname.smartrecorder, previewType=0
2025-11-28 20:35:29.166  1198-1198  NotificationService     system_server                        D  0|com.yourname.smartrecorder|1|null|11025: granting content://settings/system/notification_sound
2025-11-28 20:35:29.166  1198-1198  NotificationService     system_server                        D  0|com.yourname.smartrecorder|1|null|11025: granting content://settings/system/notification_sound
2025-11-28 20:35:29.167  1198-1198  NotificationService     system_server                        D  0|com.yourname.smartrecorder|1|null|11025: granting content://settings/system/notification_sound
2025-11-28 20:35:29.167  1198-1198  NotificationService     system_server                        D  0|com.yourname.smartrecorder|1|null|11025: granting content://settings/system/notification_sound
2025-11-28 20:35:29.167  1198-1198  NotificationService     system_server                        D  0|com.yourname.smartrecorder|1|null|11025: granting content://settings/system/notification_sound
2025-11-28 20:35:29.168  1198-1198  NotificationService     system_server                        D  0|com.yourname.smartrecorder|1|null|11025: granting content://settings/system/notification_sound
2025-11-28 20:35:29.168  1198-1198  NotificationService     system_server                        D  0|com.yourname.smartrecorder|1|null|11025: granting content://settings/system/notification_sound
2025-11-28 20:35:29.168  1198-1198  NotificationService     system_server                        D  0|com.yourname.smartrecorder|1|null|11025: granting content://settings/system/notification_sound
2025-11-28 20:35:29.169  1198-1198  NotificationService     system_server                        D  0|com.yourname.smartrecorder|1|null|11025: granting content://settings/system/notification_sound
2025-11-28 20:35:29.169  1198-1198  NotificationService     system_server                        D  0|com.yourname.smartrecorder|1|null|11025: granting content://settings/system/notification_sound
2025-11-28 20:35:29.169  1198-1198  NotificationService     system_server                        D  0|com.yourname.smartrecorder|1|null|11025: granting content://settings/system/notification_sound
2025-11-28 20:35:29.169  1198-1198  NotificationService     system_server                        D  0|com.yourname.smartrecorder|1|null|11025: granting content://settings/system/notification_sound
2025-11-28 20:35:29.170  1198-1198  NotificationService     system_server                        D  0|com.yourname.smartrecorder|1|null|11025: granting content://settings/system/notification_sound
2025-11-28 20:35:29.170  1198-1198  NotificationService     system_server                        D  0|com.yourname.smartrecorder|1|null|11025: granting content://settings/system/notification_sound
2025-11-28 20:35:29.172  1198-1198  NotificationReminder    system_server                        D  addNotificationRecord record com.yourname.smartrecorder
2025-11-28 20:35:29.172  1198-1198  EdgeLighti...entManager system_server                        D  startService packagename=com.yourname.smartrecorder,reason=1
2025-11-28 20:35:29.179  2188-2188  Launcher.N...onListener com.sec.android.app.launcher         I  onNotificationPosted : com.yourname.smartrecorder number : 0
2025-11-28 20:35:29.184  4533-4533  Edge.badge              com...ndroid.app.cocktailbarservice  I  updateBadge item = com.yourname.smartrecorder:0 1
2025-11-28 20:35:29.186 22947-22947 Interrupti...teProvider com.android.systemui                 D  No  Heads up : DISABLE_HEADS_UP 0|com.yourname.smartrecorder|1|null|11025
2025-11-28 20:35:29.201 16034-16034 EdgeLightingService     com.android.systemui                 D  onStartCommand pkg=com.yourname.smartrecorder,info=SemEdgeLighitngInfo{type = 2001, colors= [0, 0], repeat= 0, userId = 0},reason=1
2025-11-28 20:35:29.206 16034-16034 EdgeLighti...ttingUtils com.android.systemui                 I   loadAppCustomColor : com.yourname.smartrecorder color : ff3ddc84
2025-11-28 20:35:29.206 16034-16034 EdgeLightingScheduler   com.android.systemui                 D  startEdgeLighting: 1 com.yourname.smartrecorder onGo=false
2025-11-28 20:35:29.207 16034-16034 Notificati...gScheduler com.android.systemui                 D  putLighting: com.yourname.smartrecorder reason=1 cur=null, isNeedKeepPackage=true, isNeedKeepNoti=true
2025-11-28 20:35:29.219 16034-16034 EdgeLightingScheduler   com.android.systemui                 D  notifyEdgeLightingPackageList :[com.yourname.smartrecorder], empty = false
2025-11-28 20:35:29.232 16034-16034 NotificationEffect      com.android.systemui                 I  setEdgeEffectInfo:  dur=4000 hasActionButton=true isGrayScaled= true color=ff3ddc84 notificationKey=0|com.yourname.smartrecorder|1|null|11025 actionEnable= true
2025-11-28 20:35:29.234 16034-16034 EdgeLightingScheduler   com.android.systemui                 D  startNotification: com.yourname.smartrecorder
2025-11-28 20:35:29.267   858-858   SurfaceFlinger          surfaceflinger                       D  Display 4633128672291735937 HWC layers:
                                                                                                         CLIENT | 0x70f52d2ed0 | 0102 | RGBA_8888    |    0.0    0.0 1440.0 3088.0 |    0    0 1440 3088 | com.yourname.smartrecorder/com.yourn[...]rtrecorder.MainActivity$_29050#55283
                                                                                                         CLIENT | 0x70f52ce910 | 0100 | RGBA_8888    |    0.0    0.0 1440.0   90.0 |    0    0 1440   90 | StatusBar$_22947#4630
                                                                                                         CLIENT | 0x70f52cd5f0 | 0100 | RGBA_8888    |    0.0    0.0   67.0  708.0 | 1373  391 1440 1099 | com.samsung.android.app.cocktailbars[...]rvice.CocktailBarService$_4533#55273
                                                                                                         CLIENT | 0x70f52ed150 | 0100 | RGBA_8888    |    0.0    0.0 1440.0  168.0 |    0 2920 1440 3088 | NavigationBar0$_22947#4625
                                                                                                         CLIENT | 0x70f52d12b0 | 0100 | RGBA_8888    |    0.0    0.0 1440.0 3088.0 |    0    0 1440 3088 | EdgeLightingWindow$_16034#55307
2025-11-28 20:35:29.354  1198-1287  SGM:GameManager         system_server                        D  identifyForegroundApp. com.yourname.smartrecorder, mCurrentUserId: 0, callerUserId: 0
2025-11-28 20:35:29.354  1198-1287  SGM:PkgDataHelper       system_server                        D  getGamePkgData(). com.yourname.smartrecorder
2025-11-28 20:35:30.001  1198-1853  ApplicationPolicy       system_server                        D  isStatusBarNotificationAllowedAsUser: packageName = com.yourname.smartrecorder,userId = 0
2025-11-28 20:35:30.001  1198-1853  ApplicationPolicy       system_server                        D  isStatusBarNotificationAllowedAsUser: packageName = com.yourname.smartrecorder,userId = 0
2025-11-28 20:35:30.077  4879-4879  Routine@Co...overHelper com.samsung.android.app.routines     I  setLastResumedPackageForCover mLastResumedPackage = com.yourname.smartrecorder
2025-11-28 20:35:30.077  4879-4879  Routine@Co...cleWatcher com.samsung.android.app.routines     I  notifyLifecycleChanged mCurResumedComponent=com.yourname.smartrecorder
2025-11-28 20:35:30.206  1198-1198  EdgeLightingManager     system_server                        D  showForNotification : isInteractive=true, isHeadUp=true, color=0, canBypassDnd=false, sbn = StatusBarNotification(pkg=com.yourname.smartrecorder user=UserHandle{0} id=1 tag=null key=0|com.yourname.smartrecorder|1|null|11025: Notification(channel=recording_channel shortcut=null contentView=null vibrate=null sound=null defaults=0x0 flags=0x60 color=0x00000000 category=service actions=2 vis=PUBLIC semFlags=0x0 semPriority=0 semMissedCount=0))
2025-11-28 20:35:30.207  1198-1198  EdgeLighti...icyManager system_server                        D  isAcceptableApplication:  pkg=com.yourname.smartrecorder , range=256 , includeAllApp=false , userId=0 , infoRange=0 , infoCategory=0
2025-11-28 20:35:30.207  1198-1198  EdgeLighti...ationGroup system_server                        D  Remove previous child data. 0|com.yourname.smartrecorder|1|null|11025
2025-11-28 20:35:30.207  1198-1198  EdgeLighti...ationGroup system_server                        D  group key = 0|com.yourname.smartrecorder|1|null|11025 ,value= summary : null , child : 1key = 0|com.yourname.smartrecorder|1|null|11025 , value =  NotificationData { tag= null } , } 
2025-11-28 20:35:30.207  1198-1198  EdgeLighti...icyManager system_server                        D  isAcceptableApplication:  pkg=com.yourname.smartrecorder , range=1 , includeAllApp=false , userId=0 , infoRange=0 , infoCategory=0
2025-11-28 20:35:30.207  1198-1198  EdgeLightingManager     system_server                        D  showEdgeLightingInternal : packageName = com.yourname.smartrecorder, reason=1
2025-11-28 20:35:30.207  1198-1198  EdgeLighti...entManager system_server                        D  onStartEdgeLighting pkg = com.yourname.smartrecorder, info = SemEdgeLighitngInfo{type = 2001, colors= [0, 0], repeat= 0, userId = 0}, reason = 1
2025-11-28 20:35:30.209  1198-1198  AccessibilityManager    system_server                        I  semStartFlashNotification notitype = service, getOpPackageName = android, sbnPackageName = com.yourname.smartrecorder
2025-11-28 20:35:30.209  1198-1198  Accessibil...gerService system_server                        I  semStartFlashNotificationInner() type=Default, pkgName=android, token=android.os.Binder@76f8117, sbnPkgName=com.yourname.smartrecorder, previewType=0
2025-11-28 20:35:30.214  4533-4533  Edge.badge              com...ndroid.app.cocktailbarservice  I  updateBadge item = com.yourname.smartrecorder:0 1
2025-11-28 20:35:30.214  2188-2188  Launcher.N...onListener com.sec.android.app.launcher         I  onNotificationPosted : com.yourname.smartrecorder number : 0
2025-11-28 20:35:30.219 16034-16034 EdgeLighti...ttingUtils com.android.systemui                 I   loadAppCustomColor : com.yourname.smartrecorder color : ff3ddc84
2025-11-28 20:35:30.219 16034-16034 EdgeLightingScheduler   com.android.systemui                 D  startEdgeLighting: 1 com.yourname.smartrecorder onGo=false
2025-11-28 20:35:30.221 22947-22947 BubblesManager          com.android.systemui                 D  onEntryUpdated : shouldBubbleUp=false ,key=0|com.yourname.smartrecorder|1|null|11025
2025-11-28 20:35:30.221 22947-22947 Interrupti...teProvider com.android.systemui                 D  No  Heads up : DISABLE_HEADS_UP 0|com.yourname.smartrecorder|1|null|11025
2025-11-28 20:35:30.222 16034-16034 Notificati...gScheduler com.android.systemui                 D  putLighting: com.yourname.smartrecorder reason=1 cur=com.yourname.smartrecorder, isNeedKeepPackage=true, isNeedKeepNoti=true
2025-11-28 20:35:30.232 16034-16034 NotificationEffect      com.android.systemui                 I  setEdgeEffectInfo:  dur=4000 hasActionButton=true isGrayScaled= true color=ff3ddc84 notificationKey=0|com.yourname.smartrecorder|1|null|11025 actionEnable= true
2025-11-28 20:35:30.649  1198-1707  Pageboost               system_server                        I  db update :com.yourname.smartrecorder ret 1
2025-11-28 20:35:30.695  1198-1707  Pageboost               system_server                        I  memUsage collected : 157514 23525 6000 for com.yourname.smartrecorder 29050
2025-11-28 20:35:30.956  1198-4185  ApplicationPolicy       system_server                        D  isStatusBarNotificationAllowedAsUser: packageName = com.yourname.smartrecorder,userId = 0
2025-11-28 20:35:30.957  1198-4185  ApplicationPolicy       system_server                        D  isStatusBarNotificationAllowedAsUser: packageName = com.yourname.smartrecorder,userId = 0
2025-11-28 20:35:31.014   858-858   SurfaceFlinger          surfaceflinger                       D  Display 4633128672291735937 HWC layers:
                                                                                                         DEVICE | 0x70f52e9910 | 0102 | RGBA_8888    |    0.0    0.0 1440.0 3088.0 |    0    0 1440 3088 | com.yourname.smartrecorder/com.yourn[...]rtrecorder.MainActivity$_29050#55283
                                                                                                         DEVICE | 0x70f52f26d0 | 0100 | RGBA_8888    |    0.0    0.0 1440.0   90.0 |    0    0 1440   90 | StatusBar$_22947#4630
                                                                                                         DEVICE | 0x70f52cd5f0 | 0100 | RGBA_8888    |    0.0    0.0   67.0  708.0 | 1373  391 1440 1099 | com.samsung.android.app.cocktailbars[...]rvice.CocktailBarService$_4533#55273
                                                                                                         DEVICE | 0x70f52ed150 | 0100 | RGBA_8888    |    0.0    0.0 1440.0  168.0 |    0 2920 1440 3088 | NavigationBar0$_22947#4625
                                                                                                         DEVICE | 0x70f52d12b0 | 0100 | RGBA_8888    |    0.0    0.0 1440.0 3088.0 |    0    0 1440 3088 | EdgeLightingWindow$_16034#55307
                                                                                                         DEVICE | 0x70f52ea450 | 0140 | RGBA_8888    |    0.0    0.0 1440.0   90.0 |    0    0 1440   90 | ScreenDecorOverlay$_22947#55313
2025-11-28 20:35:31.161  1198-1198  EdgeLightingManager     system_server                        D  showForNotification : isInteractive=true, isHeadUp=true, color=0, canBypassDnd=false, sbn = StatusBarNotification(pkg=com.yourname.smartrecorder user=UserHandle{0} id=1 tag=null key=0|com.yourname.smartrecorder|1|null|11025: Notification(channel=recording_channel shortcut=null contentView=null vibrate=null sound=null defaults=0x0 flags=0x60 color=0x00000000 category=service actions=2 vis=PUBLIC semFlags=0x0 semPriority=0 semMissedCount=0))
2025-11-28 20:35:31.161  1198-1198  EdgeLighti...icyManager system_server                        D  isAcceptableApplication:  pkg=com.yourname.smartrecorder , range=256 , includeAllApp=false , userId=0 , infoRange=0 , infoCategory=0
2025-11-28 20:35:31.161  1198-1198  EdgeLighti...ationGroup system_server                        D  Remove previous child data. 0|com.yourname.smartrecorder|1|null|11025
2025-11-28 20:35:31.162  1198-1198  EdgeLighti...ationGroup system_server                        D  group key = 0|com.yourname.smartrecorder|1|null|11025 ,value= summary : null , child : 1key = 0|com.yourname.smartrecorder|1|null|11025 , value =  NotificationData { tag= null } , } 
2025-11-28 20:35:31.162  1198-1198  EdgeLighti...icyManager system_server                        D  isAcceptableApplication:  pkg=com.yourname.smartrecorder , range=1 , includeAllApp=false , userId=0 , infoRange=0 , infoCategory=0
2025-11-28 20:35:31.162  1198-1198  EdgeLightingManager     system_server                        D  showEdgeLightingInternal : packageName = com.yourname.smartrecorder, reason=1
2025-11-28 20:35:31.162  1198-1198  EdgeLighti...entManager system_server                        D  onStartEdgeLighting pkg = com.yourname.smartrecorder, info = SemEdgeLighitngInfo{type = 2001, colors= [0, 0], repeat= 0, userId = 0}, reason = 1
2025-11-28 20:35:31.162  1198-1198  NotificationService     system_server                        E  Muting recently noisy 0|com.yourname.smartrecorder|1|null|11025
2025-11-28 20:35:31.165  2188-2188  Launcher.N...onListener com.sec.android.app.launcher         I  onNotificationPosted : com.yourname.smartrecorder number : 0
2025-11-28 20:35:31.165  4533-4533  Edge.badge              com...ndroid.app.cocktailbarservice  I  updateBadge item = com.yourname.smartrecorder:0 1
2025-11-28 20:35:31.168 16034-16034 EdgeLighti...ttingUtils com.android.systemui                 I   loadAppCustomColor : com.yourname.smartrecorder color : ff3ddc84
2025-11-28 20:35:31.168 16034-16034 EdgeLightingScheduler   com.android.systemui                 D  startEdgeLighting: 1 com.yourname.smartrecorder onGo=false
2025-11-28 20:35:31.169 16034-16034 Notificati...gScheduler com.android.systemui                 D  putLighting: com.yourname.smartrecorder reason=1 cur=com.yourname.smartrecorder, isNeedKeepPackage=true, isNeedKeepNoti=true
2025-11-28 20:35:31.178 16034-16034 NotificationEffect      com.android.systemui                 I  setEdgeEffectInfo:  dur=4000 hasActionButton=true isGrayScaled= true color=ff3ddc84 notificationKey=0|com.yourname.smartrecorder|1|null|11025 actionEnable= true
2025-11-28 20:35:31.195 22947-22947 BubblesManager          com.android.systemui                 D  onEntryUpdated : shouldBubbleUp=false ,key=0|com.yourname.smartrecorder|1|null|11025
2025-11-28 20:35:31.195 22947-22947 Interrupti...teProvider com.android.systemui                 D  No  Heads up : DISABLE_HEADS_UP 0|com.yourname.smartrecorder|1|null|11025
2025-11-28 20:35:31.292 29050-29183 ProfileInstaller        com.yourname.smartrecorder           D  Installing profile for com.yourname.smartrecorder
2025-11-28 20:35:31.769  1198-7983  SGM:GameManager         system_server                        D  identifyGamePackage. com.yourname.smartrecorder, mCurrentUserId: 0, callerUserId: 0, callingMethodInfo: com.android.server.ssrm.SortingMachine.isGame(SortingMachine.java:162)
2025-11-28 20:35:31.769  1198-7983  SGM:PkgDataHelper       system_server                        D  getGamePkgData(). com.yourname.smartrecorder
2025-11-28 20:35:31.976  1198-4342  ApplicationPolicy       system_server                        D  isStatusBarNotificationAllowedAsUser: packageName = com.yourname.smartrecorder,userId = 0
2025-11-28 20:35:31.977  1198-4342  ApplicationPolicy       system_server                        D  isStatusBarNotificationAllowedAsUser: packageName = com.yourname.smartrecorder,userId = 0
2025-11-28 20:35:32.183  1198-1198  EdgeLightingManager     system_server                        D  showForNotification : isInteractive=true, isHeadUp=true, color=0, canBypassDnd=false, sbn = StatusBarNotification(pkg=com.yourname.smartrecorder user=UserHandle{0} id=1 tag=null key=0|com.yourname.smartrecorder|1|null|11025: Notification(channel=recording_channel shortcut=null contentView=null vibrate=null sound=null defaults=0x0 flags=0x60 color=0x00000000 category=service actions=2 vis=PUBLIC semFlags=0x0 semPriority=0 semMissedCount=0))
2025-11-28 20:35:32.183  1198-1198  EdgeLighti...icyManager system_server                        D  isAcceptableApplication:  pkg=com.yourname.smartrecorder , range=256 , includeAllApp=false , userId=0 , infoRange=0 , infoCategory=0
2025-11-28 20:35:32.184  1198-1198  EdgeLighti...ationGroup system_server                        D  Remove previous child data. 0|com.yourname.smartrecorder|1|null|11025
2025-11-28 20:35:32.184  1198-1198  EdgeLighti...ationGroup system_server                        D  group key = 0|com.yourname.smartrecorder|1|null|11025 ,value= summary : null , child : 1key = 0|com.yourname.smartrecorder|1|null|11025 , value =  NotificationData { tag= null } , } 
2025-11-28 20:35:32.184  1198-1198  EdgeLighti...icyManager system_server                        D  isAcceptableApplication:  pkg=com.yourname.smartrecorder , range=1 , includeAllApp=false , userId=0 , infoRange=0 , infoCategory=0
2025-11-28 20:35:32.185  1198-1198  EdgeLightingManager     system_server                        D  showEdgeLightingInternal : packageName = com.yourname.smartrecorder, reason=1
2025-11-28 20:35:32.185  1198-1198  EdgeLighti...entManager system_server                        D  onStartEdgeLighting pkg = com.yourname.smartrecorder, info = SemEdgeLighitngInfo{type = 2001, colors= [0, 0], repeat= 0, userId = 0}, reason = 1
2025-11-28 20:35:32.186  1198-1198  AccessibilityManager    system_server                        I  semStartFlashNotification notitype = service, getOpPackageName = android, sbnPackageName = com.yourname.smartrecorder
2025-11-28 20:35:32.187  1198-1198  Accessibil...gerService system_server                        I  semStartFlashNotificationInner() type=Default, pkgName=android, token=android.os.Binder@76f8117, sbnPkgName=com.yourname.smartrecorder, previewType=0
2025-11-28 20:35:32.192  2188-2188  Launcher.N...onListener com.sec.android.app.launcher         I  onNotificationPosted : com.yourname.smartrecorder number : 0
2025-11-28 20:35:32.195  4533-4533  Edge.badge              com...ndroid.app.cocktailbarservice  I  updateBadge item = com.yourname.smartrecorder:0 1
2025-11-28 20:35:32.199 22947-22947 BubblesManager          com.android.systemui                 D  onEntryUpdated : shouldBubbleUp=false ,key=0|com.yourname.smartrecorder|1|null|11025
2025-11-28 20:35:32.199 22947-22947 Interrupti...teProvider com.android.systemui                 D  No  Heads up : DISABLE_HEADS_UP 0|com.yourname.smartrecorder|1|null|11025
2025-11-28 20:35:32.201 16034-16034 EdgeLighti...ttingUtils com.android.systemui                 I   loadAppCustomColor : com.yourname.smartrecorder color : ff3ddc84
2025-11-28 20:35:32.201 16034-16034 EdgeLightingScheduler   com.android.systemui                 D  startEdgeLighting: 1 com.yourname.smartrecorder onGo=false
2025-11-28 20:35:32.204 16034-16034 Notificati...gScheduler com.android.systemui                 D  putLighting: com.yourname.smartrecorder reason=1 cur=com.yourname.smartrecorder, isNeedKeepPackage=true, isNeedKeepNoti=true
2025-11-28 20:35:32.216 16034-16034 NotificationEffect      com.android.systemui                 I  setEdgeEffectInfo:  dur=4000 hasActionButton=true isGrayScaled= true color=ff3ddc84 notificationKey=0|com.yourname.smartrecorder|1|null|11025 actionEnable= true
2025-11-28 20:35:32.954  1198-4180  ApplicationPolicy       system_server                        D  isStatusBarNotificationAllowedAsUser: packageName = com.yourname.smartrecorder,userId = 0
2025-11-28 20:35:32.954  1198-4180  ApplicationPolicy       system_server                        D  isStatusBarNotificationAllowedAsUser: packageName = com.yourname.smartrecorder,userId = 0
2025-11-28 20:35:33.157  1198-1198  EdgeLightingManager     system_server                        D  showForNotification : isInteractive=true, isHeadUp=true, color=0, canBypassDnd=false, sbn = StatusBarNotification(pkg=com.yourname.smartrecorder user=UserHandle{0} id=1 tag=null key=0|com.yourname.smartrecorder|1|null|11025: Notification(channel=recording_channel shortcut=null contentView=null vibrate=null sound=null defaults=0x0 flags=0x60 color=0x00000000 category=service actions=2 vis=PUBLIC semFlags=0x0 semPriority=0 semMissedCount=0))
2025-11-28 20:35:33.157  1198-1198  EdgeLighti...icyManager system_server                        D  isAcceptableApplication:  pkg=com.yourname.smartrecorder , range=256 , includeAllApp=false , userId=0 , infoRange=0 , infoCategory=0
2025-11-28 20:35:33.158  1198-1198  EdgeLighti...ationGroup system_server                        D  Remove previous child data. 0|com.yourname.smartrecorder|1|null|11025
2025-11-28 20:35:33.158  1198-1198  EdgeLighti...ationGroup system_server                        D  group key = 0|com.yourname.smartrecorder|1|null|11025 ,value= summary : null , child : 1key = 0|com.yourname.smartrecorder|1|null|11025 , value =  NotificationData { tag= null } , } 
2025-11-28 20:35:33.158  1198-1198  EdgeLighti...icyManager system_server                        D  isAcceptableApplication:  pkg=com.yourname.smartrecorder , range=1 , includeAllApp=false , userId=0 , infoRange=0 , infoCategory=0
2025-11-28 20:35:33.158  1198-1198  EdgeLightingManager     system_server                        D  showEdgeLightingInternal : packageName = com.yourname.smartrecorder, reason=1
2025-11-28 20:35:33.158  1198-1198  EdgeLighti...entManager system_server                        D  onStartEdgeLighting pkg = com.yourname.smartrecorder, info = SemEdgeLighitngInfo{type = 2001, colors= [0, 0], repeat= 0, userId = 0}, reason = 1
2025-11-28 20:35:33.158  1198-1198  NotificationService     system_server                        E  Muting recently noisy 0|com.yourname.smartrecorder|1|null|11025
2025-11-28 20:35:33.161  4533-4533  Edge.badge              com...ndroid.app.cocktailbarservice  I  updateBadge item = com.yourname.smartrecorder:0 1
2025-11-28 20:35:33.164  2188-2188  Launcher.N...onListener com.sec.android.app.launcher         I  onNotificationPosted : com.yourname.smartrecorder number : 0
2025-11-28 20:35:33.167 22947-22947 BubblesManager          com.android.systemui                 D  onEntryUpdated : shouldBubbleUp=false ,key=0|com.yourname.smartrecorder|1|null|11025
2025-11-28 20:35:33.167 22947-22947 Interrupti...teProvider com.android.systemui                 D  No  Heads up : DISABLE_HEADS_UP 0|com.yourname.smartrecorder|1|null|11025
2025-11-28 20:35:33.170 16034-16034 EdgeLighti...ttingUtils com.android.systemui                 I   loadAppCustomColor : com.yourname.smartrecorder color : ff3ddc84
2025-11-28 20:35:33.170 16034-16034 EdgeLightingScheduler   com.android.systemui                 D  startEdgeLighting: 1 com.yourname.smartrecorder onGo=false
2025-11-28 20:35:33.171 16034-16034 Notificati...gScheduler com.android.systemui                 D  putLighting: com.yourname.smartrecorder reason=1 cur=com.yourname.smartrecorder, isNeedKeepPackage=true, isNeedKeepNoti=true
2025-11-28 20:35:33.182 16034-16034 NotificationEffect      com.android.systemui                 I  setEdgeEffectInfo:  dur=4000 hasActionButton=true isGrayScaled= true color=ff3ddc84 notificationKey=0|com.yourname.smartrecorder|1|null|11025 actionEnable= true
2025-11-28 20:35:33.200 29050-29050 ViewRootIm...nActivity] com.yourname.smartrecorder           I  ViewPostIme pointer 0
2025-11-28 20:35:33.278 29050-29050 ViewRootIm...nActivity] com.yourname.smartrecorder           I  ViewPostIme pointer 1
2025-11-28 20:35:33.279 29050-29050 SmartRecorder/ViewModel com.yourname.smartrecorder           D  [SmartRecorderApp] User clicked stop record button
2025-11-28 20:35:33.279 29050-29050 SmartRecorder/Recording com.yourname.smartrecorder           I  [MAIN] [ViewModel: RecordViewModel] onStopClick
2025-11-28 20:35:33.280 29050-29050 SmartRecorder/Recording com.yourname.smartrecorder           D  Stopping recording -> recordingId: 43a70352-d9ef-4ce7-b1ab-50f54703c452, duration: 4341 ms (total: 4341 ms, paused: 0 ms)
2025-11-28 20:35:33.283  1198-1198  EdgeLightingManager     system_server                        D  hideForNotification : packageName = com.yourname.smartrecorder
2025-11-28 20:35:33.283  1198-1198  EdgeLighti...ationGroup system_server                        D  remove : sbn : StatusBarNotification(pkg=com.yourname.smartrecorder user=UserHandle{0} id=1 tag=null key=0|com.yourname.smartrecorder|1|null|11025: Notification(channel=recording_channel shortcut=null contentView=null vibrate=null sound=null defaults=0x0 flags=0x60 color=0x00000000 category=service actions=2 vis=PUBLIC semFlags=0x2008 semPriority=0 semMissedCount=0))
2025-11-28 20:35:33.283 22947-23119 SecFgsMana...rollerImpl com.android.systemui                 D  onForegroundStateChanged: dialogShown:false, isForeground:false, packageName:com.yourname.smartrecorder , token:android.os.BinderProxy@f0460f6, userId:0
2025-11-28 20:35:33.287 29050-29050 SmartRecorder/Service   com.yourname.smartrecorder           I  [CRIT] Recording foreground service stopped
2025-11-28 20:35:33.287 29050-29050 SmartRecorder/Service   com.yourname.smartrecorder           D  [BG] Force save skipped - duration too short
2025-11-28 20:35:33.287 29050-29050 SmartRecorder/Service   com.yourname.smartrecorder           D  [BG] Auto-save stopped
2025-11-28 20:35:33.288 29050-29050 SmartRecorder/UseCase   com.yourname.smartrecorder           I  [MAIN] [UseCase: StopRecordingAndSaveUseCase] Starting (recordingId=43a70352-d9ef-4ce7-b1ab-50f54703c452, durationMs=4341)
2025-11-28 20:35:33.289 29050-29086 SmartRecorder/Audio     com.yourname.smartrecorder           D  Stopping recording
2025-11-28 20:35:33.289 29050-29086 SmartRecorder/Audio     com.yourname.smartrecorder           D  File size before stop: 6856 bytes
2025-11-28 20:35:33.290 29050-29086 MediaRecorderJNI        com.yourname.smartrecorder           I  stop
2025-11-28 20:35:33.295 29050-29050 SmartRecorder/Service   com.yourname.smartrecorder           I  [CRIT] [Service: RecordingForegroundService] onDestroy
2025-11-28 20:35:33.295 29050-29050 SmartRecorder/Service   com.yourname.smartrecorder           W  [RARE] Service destroyed while recording -> Context: recordingDuration=4342ms
2025-11-28 20:35:33.302  1198-1198  NotificationReminder    system_server                        D  removeFromNotiList record com.yourname.smartrecorder
2025-11-28 20:35:33.351  1198-4342  AudioServi...ityMonitor system_server                        V  updateSoundAppPolicy packageName = com.yourname.smartrecorder
2025-11-28 20:35:33.352  1198-4342  SGM:GameManager         system_server                        D  identifyGamePackage. com.yourname.smartrecorder, mCurrentUserId: 0, callerUserId: 0, callingMethodInfo: com.samsung.android.game.SemGameManager.isGamePackage(SemGameManager.java:104)
2025-11-28 20:35:33.352  1198-4342  SGM:PkgDataHelper       system_server                        D  getGamePkgData(). com.yourname.smartrecorder
2025-11-28 20:35:33.352  1198-4342  SGM:SemGameManager      system_server                        D  isGamePackage(), pkgName=com.yourname.smartrecorder, ret=false
2025-11-28 20:35:33.356 12522-12581 BWU@Wakeup...ordManager com.samsung.android.bixby.wakeup     I  Ph_com.yourname.smartrecorder is allowed? false [VF-T-L] 
2025-11-28 20:35:33.368 29050-29086 SmartRecorder/Audio     com.yourname.smartrecorder           D  MediaRecorder.stop() called successfully
2025-11-28 20:35:33.368 29050-29086 MediaRecorderJNI        com.yourname.smartrecorder           I  native_reset
2025-11-28 20:35:33.368 29050-29086 SmartRecorder/Audio     com.yourname.smartrecorder           D  MediaRecorder.reset() called successfully
2025-11-28 20:35:33.368 29050-29086 MediaRecorderJNI        com.yourname.smartrecorder           I  release
2025-11-28 20:35:33.369 29050-29086 SmartRecorder/Audio     com.yourname.smartrecorder           D  MediaRecorder released
2025-11-28 20:35:33.471 29050-29086 SmartRecorder/Audio     com.yourname.smartrecorder           D  File size after stop: 7575 bytes (before: 6856)
2025-11-28 20:35:33.471 29050-29086 SmartRecorder/Audio     com.yourname.smartrecorder           I  Recording stopped successfully -> file: /data/user/0/com.yourname.smartrecorder/files/recordings/recording_003.3gp, size: 7575 bytes, stopTime: 182ms
2025-11-28 20:35:33.471 29050-29050 SmartRecorder/UseCase   com.yourname.smartrecorder           D  Audio file saved -> size: 7575 bytes, path: /data/user/0/com.yourname.smartrecorder/files/recordings/recording_003.3gp
2025-11-28 20:35:33.473 29050-29050 SmartRecorder/UseCase   com.yourname.smartrecorder           D  Generated auto title: Recording Th11 28, 2025
2025-11-28 20:35:33.473 29050-29050 SmartRecorder/UseCase   com.yourname.smartrecorder           D  Saving recording to database -> id: 43a70352-d9ef-4ce7-b1ab-50f54703c452, title: Recording Th11 28, 2025, duration: 4341 ms
2025-11-28 20:35:33.474 29050-29050 SmartRecor...Repository com.yourname.smartrecorder           D  [BG] [DB: recordings] INSERT -> id=43a70352-d9ef-4ce7-b1ab-50f54703c452, title=Recording Th11 28, 2025, duration=4341ms
2025-11-28 20:35:33.505 29050-29050 SmartRecor...Repository com.yourname.smartrecorder           D  [BG] [DB: recordings] INSERT_COMPLETE -> id=43a70352-d9ef-4ce7-b1ab-50f54703c452, duration=31ms
2025-11-28 20:35:33.505 29050-29050 SmartRecorder/UseCase   com.yourname.smartrecorder           I  [MAIN] [UseCase: StopRecordingAndSaveUseCase] Completed (recordingId=43a70352-d9ef-4ce7-b1ab-50f54703c452, duration=217ms)
2025-11-28 20:35:33.505 29050-29050 SmartRecorder/UseCase   com.yourname.smartrecorder           I  [Performance] StopRecordingAndSaveUseCase took 217ms (fileSize=7575bytes, durationMs=4341ms)
2025-11-28 20:35:33.505 29050-29050 SmartRecorder/Recording com.yourname.smartrecorder           I  [MAIN] [ViewModel: RecordViewModel] Recording saved -> State: recordingId=43a70352-d9ef-4ce7-b1ab-50f54703c452, title=Recording Th11 28, 2025, duration=4341ms
2025-11-28 20:35:33.506 29050-29050 SmartRecorder/Recording com.yourname.smartrecorder           D  Navigation triggered -> transcriptId: 43a70352-d9ef-4ce7-b1ab-50f54703c452
2025-11-28 20:35:33.544 29050-29050 SmartRecorder/ViewModel com.yourname.smartrecorder           D  [SmartRecorderApp] Navigating to transcript -> recordingId: 43a70352-d9ef-4ce7-b1ab-50f54703c452
2025-11-28 20:35:33.572  1198-4342  CoreBackPreview         system_server                        D  Window{7b281e9 u0 com.yourname.smartrecorder/com.yourname.smartrecorder.MainActivity}: Setting back callback OnBackInvokedCallbackInfo{mCallback=android.window.IOnBackInvokedCallback$Stub$Proxy@b526bea, mPriority=0}
2025-11-28 20:35:33.740  1198-1285  WindowManager           system_server                        D  rotationForOrientation, orientationSource=ActivityRecord{813ed11 u0 com.yourname.smartrecorder/.MainActivity} t22773}
2025-11-28 20:35:33.776  1198-1285  WindowManager           system_server                        D  rotationForOrientation, orientationSource=ActivityRecord{813ed11 u0 com.yourname.smartrecorder/.MainActivity} t22773}
2025-11-28 20:35:33.793 29050-29050 SmartRecorder/ViewModel com.yourname.smartrecorder           D  [TranscriptScreen] Screen loaded -> recordingId: 43a70352-d9ef-4ce7-b1ab-50f54703c452
2025-11-28 20:35:33.793 29050-29050 SmartRecor...Transcript com.yourname.smartrecorder           I  [MAIN] [ViewModel: TranscriptViewModel] loadRecording -> State: recordingId=43a70352-d9ef-4ce7-b1ab-50f54703c452
2025-11-28 20:35:33.794 29050-29050 SmartRecor...Transcript com.yourname.smartrecorder           D  Loading recording details -> recordingId: 43a70352-d9ef-4ce7-b1ab-50f54703c452
2025-11-28 20:35:33.794 29050-29050 SmartRecorder/UseCase   com.yourname.smartrecorder           I  [MAIN] [UseCase: GetRecordingDetailUseCase] Starting (recordingId=43a70352-d9ef-4ce7-b1ab-50f54703c452)
2025-11-28 20:35:33.795 29050-29050 SmartRecor...Repository com.yourname.smartrecorder           D  [BG] [DB: recordings] SELECT -> id=43a70352-d9ef-4ce7-b1ab-50f54703c452
2025-11-28 20:35:33.795 29050-29050 SmartRecorder/ViewModel com.yourname.smartrecorder           D  [TranscriptScreen] User switched tab -> tab: TRANSCRIPT
2025-11-28 20:35:33.798 29050-29050 SmartRecorder/ViewModel com.yourname.smartrecorder           D  [TranscriptTabContent] State -> segmentsCount: 0, isGenerating: false, isLoading: false, searchQuery: 
2025-11-28 20:35:33.830 29050-29050 SmartRecor...Repository com.yourname.smartrecorder           D  [BG] [DB: recordings] SELECT_COMPLETE -> id=43a70352-d9ef-4ce7-b1ab-50f54703c452, found=true
2025-11-28 20:35:33.830 29050-29050 SmartRecorder/UseCase   com.yourname.smartrecorder           I  [MAIN] [UseCase: GetRecordingDetailUseCase] Completed (recordingId=43a70352-d9ef-4ce7-b1ab-50f54703c452, found=true, duration=36ms)
2025-11-28 20:35:33.830 29050-29050 SmartRecor...Transcript com.yourname.smartrecorder           D  Recording loaded -> id: 43a70352-d9ef-4ce7-b1ab-50f54703c452, title: Recording Th11 28, 2025, duration: 4341 ms, file: /data/user/0/com.yourname.smartrecorder/files/recordings/recording_003.3gp
2025-11-28 20:35:33.831 29050-29050 SmartRecorder/UseCase   com.yourname.smartrecorder           I  [MAIN] [UseCase: GetTranscriptUseCase] Invoked (recordingId=43a70352-d9ef-4ce7-b1ab-50f54703c452)
2025-11-28 20:35:33.831 29050-29050 SmartRecor...Repository com.yourname.smartrecorder           D  [Flow: getTranscriptSegments] Subscribed -> recordingId=43a70352-d9ef-4ce7-b1ab-50f54703c452
2025-11-28 20:35:33.835 29050-29050 SmartRecor...Repository com.yourname.smartrecorder           D  [Flow: getNotesByRecordingId] Subscribed -> recordingId=43a70352-d9ef-4ce7-b1ab-50f54703c452
2025-11-28 20:35:33.837 29050-29050 SmartRecorder/UseCase   com.yourname.smartrecorder           I  [MAIN] [UseCase: GetBookmarksUseCase] Invoked (recordingId=43a70352-d9ef-4ce7-b1ab-50f54703c452)
2025-11-28 20:35:33.837 29050-29050 SmartRecor...Repository com.yourname.smartrecorder           D  [Flow: getBookmarksByRecordingId] Subscribed -> recordingId=43a70352-d9ef-4ce7-b1ab-50f54703c452
2025-11-28 20:35:33.840 29050-29050 SmartRecorder/ViewModel com.yourname.smartrecorder           D  [TranscriptTabContent] State -> segmentsCount: 0, isGenerating: false, isLoading: true, searchQuery: 
2025-11-28 20:35:33.892 29050-29050 SmartRecor...Repository com.yourname.smartrecorder           D  [Flow: getTranscriptSegments] Emitted -> recordingId=43a70352-d9ef-4ce7-b1ab-50f54703c452, count=0
2025-11-28 20:35:33.892 29050-29050 SmartRecorder/UseCase   com.yourname.smartrecorder           I  [MAIN] [UseCase: GetTranscriptUseCase] Emitted (recordingId=43a70352-d9ef-4ce7-b1ab-50f54703c452, count=0)
2025-11-28 20:35:33.892 29050-29050 SmartRecor...Transcript com.yourname.smartrecorder           D  Transcript segments received -> count: 0, recordingId: 43a70352-d9ef-4ce7-b1ab-50f54703c452
2025-11-28 20:35:33.892 29050-29050 SmartRecor...Transcript com.yourname.smartrecorder           D  Segments updated in UI -> count: 0
2025-11-28 20:35:33.894 29050-29050 SmartRecor...Repository com.yourname.smartrecorder           D  [Flow: getNotesByRecordingId] Emitted -> recordingId=43a70352-d9ef-4ce7-b1ab-50f54703c452, count=0
2025-11-28 20:35:33.894 29050-29050 SmartRecor...Transcript com.yourname.smartrecorder           D  Notes loaded -> count: 0
2025-11-28 20:35:33.894 29050-29050 SmartRecor...Transcript com.yourname.smartrecorder           I  [MAIN] [ViewModel: TranscriptViewModel] loadRecording completed -> State: duration=101ms, segments=0, notes=0
2025-11-28 20:35:33.949   858-858   SurfaceFlinger          surfaceflinger                       D  Display 4633128672291735937 HWC layers:
                                                                                                         DEVICE | 0x70f52d2ed0 | 0102 | RGBA_8888    |    0.0    0.0 1440.0 3088.0 |    0    0 1440 3088 | com.yourname.smartrecorder/com.yourn[...]rtrecorder.MainActivity$_29050#55283
                                                                                                         DEVICE | 0x70f52d5e10 | 0100 | RGBA_8888    |    0.0    0.0 1440.0   90.0 |    0    0 1440   90 | StatusBar$_22947#4630
                                                                                                         DEVICE | 0x70f52cd5f0 | 0100 | RGBA_8888    |    0.0    0.0   67.0  708.0 | 1373  391 1440 1099 | com.samsung.android.app.cocktailbars[...]rvice.CocktailBarService$_4533#55273
                                                                                                         DEVICE | 0x70f52ed150 | 0100 | RGBA_8888    |    0.0    0.0 1440.0  168.0 |    0 2920 1440 3088 | NavigationBar0$_22947#4625
                                                                                                         DEVICE | 0x70f52dee10 | 0100 | RGBA_8888    |    0.0    0.0 1440.0 3088.0 |    0    0 1440 3088 | EdgeLightingWindow$_16034#55307
2025-11-28 20:35:33.950 29050-29050 SmartRecor...Repository com.yourname.smartrecorder           D  [Flow: getBookmarksByRecordingId] Emitted -> recordingId=43a70352-d9ef-4ce7-b1ab-50f54703c452, count=0
2025-11-28 20:35:33.951 29050-29050 SmartRecorder/UseCase   com.yourname.smartrecorder           I  [MAIN] [UseCase: GetBookmarksUseCase] Emitted (recordingId=43a70352-d9ef-4ce7-b1ab-50f54703c452, count=0)
2025-11-28 20:35:33.951 29050-29050 SmartRecor...Transcript com.yourname.smartrecorder           D  Bookmarks loaded: 0
2025-11-28 20:35:33.952 29050-29050 SmartRecorder/ViewModel com.yourname.smartrecorder           D  [TranscriptTabContent] State -> segmentsCount: 0, isGenerating: false, isLoading: false, searchQuery: 
