2025-11-27 16:52:39.682  3773-3773  ViewRootIm...nActivity] com.yourname.smartrecorder           I  performTraversals mFirst=false windowShouldResize=false viewVisibilityChanged=false mForceNextWindowRelayout=false params={(0,0)(fillxfill) sim={adjust=pan forwardNavigation} layoutInDisplayCutoutMode=always ty=BASE_APPLICATION wanim=0x1030309
                                                                                                      fl=81810100
                                                                                                      pfl=16020040
                                                                                                      vsysui=110
                                                                                                      apr=LIGHT_NAVIGATION_BARS
                                                                                                      bhv=DEFAULT
                                                                                                      fitSides= naviIconColor=0}
2025-11-27 16:52:39.682  1198-1218  WindowManager           system_server                        V  Relayout Window{1ef55ae u0 com.yourname.smartrecorder/com.yourname.smartrecorder.MainActivity}: viewVisibility=0 req=1440x3088 d0
2025-11-27 16:52:39.683  1198-1895  InputDispatcher         system_server                        D  Focus entered window (0): 1ef55ae com.yourname.smartrecorder/com.yourname.smartrecorder.MainActivity
2025-11-27 16:52:39.685  3773-3773  ViewRootIm...nActivity] com.yourname.smartrecorder           I  updateBlastSurfaceIfNeeded mBlastBufferQueue=0x71adc28e50 isSameSurfaceControl=true
2025-11-27 16:52:39.685  3773-3773  BLASTBufferQueue        com.yourname.smartrecorder           I  update, w= 1440 h= 3088 mName = ViewRootImpl@eb901d5[MainActivity] mNativeObject= 0x71adc28e50 sc.mNativeObject= 0x713dc87fe0 format= -1 caller= android.view.ViewRootImpl.updateBlastSurfaceIfNeeded:2898 android.view.ViewRootImpl.relayoutWindow:9847 android.view.ViewRootImpl.performTraversals:3884 android.view.ViewRootImpl.doTraversal:3116 android.view.ViewRootImpl$TraversalRunnable.run:10885 android.view.Choreographer$CallbackRecord.run:1301 
2025-11-27 16:52:39.685  3773-3773  ViewRootIm...nActivity] com.yourname.smartrecorder           I  Relayout returned: old=(0,0,1440,3088) new=(0,0,1440,3088) req=(1440,3088)0 dur=3 res=0x0 s={true 0x723dc35ae0} ch=false seqId=0
2025-11-27 16:52:39.686  3773-3773  ViewRootIm...nActivity] com.yourname.smartrecorder           I  MSG_WINDOW_FOCUS_CHANGED 1 0
2025-11-27 16:52:39.686  3773-3773  ViewRootIm...nActivity] com.yourname.smartrecorder           I  mThreadedRenderer.initializeIfNeeded()#2 mSurface={isValid=true 0x723dc35ae0}
2025-11-27 16:52:39.687  3773-3773  InputMethodManager      com.yourname.smartrecorder           D  startInputInner - Id : 0
2025-11-27 16:52:39.687  3773-3773  InputMethodManager      com.yourname.smartrecorder           I  startInputInner - mService.startInputOrWindowGainedFocus
2025-11-27 16:52:39.690  1198-1287  GameSDK@LifeCycle       system_server                        I  noteResumeComponent(): package name  : com.yourname.smartrecorder
2025-11-27 16:52:39.692  4533-4533  ActivityUtils           com...ndroid.app.cocktailbarservice  I  HomePackage : com.sec.android.app.launcher, resumePackageName : com.yourname.smartrecorder
2025-11-27 16:52:39.693  1198-1287  SGM:GameManager         system_server                        D  identifyGamePackage. com.yourname.smartrecorder, mCurrentUserId: 0, callerUserId: 0, callingMethodInfo: com.android.server.ssrm.SortingMachine.isGame(SortingMachine.java:162)
2025-11-27 16:52:39.693  1198-1287  SGM:PkgDataHelper       system_server                        D  getGamePkgData(). com.yourname.smartrecorder
2025-11-27 16:52:39.693  1198-1287  SGM:FgCheckThread       system_server                        D  noteResumeComponent(), received pkgName: com.yourname.smartrecorder, userId: 0
2025-11-27 16:52:39.693  1198-1539  SGM:FgCheckThread       system_server                        D  onLooperPrepared(), msg: MSG_APP_RESUME, pkgName: com.yourname.smartrecorder, userid: 0
2025-11-27 16:52:39.694  4879-14050 Routine@Co...stenerImpl com.samsung.android.app.routines     I  onResumeComponent: componentName - ComponentInfo{com.yourname.smartrecorder/com.yourname.smartrecorder.MainActivity}
2025-11-27 16:52:39.698  4879-4879  Routine@Co...overHelper com.samsung.android.app.routines     I  setLastResumedPackageForCover mLastResumedPackage = com.yourname.smartrecorder
2025-11-27 16:52:39.698  4879-4879  Routine@Co...cleWatcher com.samsung.android.app.routines     I  notifyLifecycleChanged mCurResumedComponent=com.yourname.smartrecorder
2025-11-27 16:52:39.787  4879-4879  Routine@Co...overHelper com.samsung.android.app.routines     I  setLastResumedPackageForCover mLastResumedPackage = com.yourname.smartrecorder
2025-11-27 16:52:39.787  4879-4879  Routine@Co...cleWatcher com.samsung.android.app.routines     I  notifyLifecycleChanged mCurResumedComponent=com.yourname.smartrecorder
2025-11-27 16:52:39.836  1198-2005  MdnieScena...rolService system_server                        D   packageName : com.yourname.smartrecorder    className : com.yourname.smartrecorder.MainActivity
2025-11-27 16:52:39.866  4879-4879  Routine@Co...overHelper com.samsung.android.app.routines     I  setLastResumedPackageForCover mLastResumedPackage = com.yourname.smartrecorder
2025-11-27 16:52:39.866  4879-4879  Routine@Co...cleWatcher com.samsung.android.app.routines     I  notifyLifecycleChanged mCurResumedComponent=com.yourname.smartrecorder
2025-11-27 16:52:39.972  4879-4879  Routine@Co...overHelper com.samsung.android.app.routines     I  setLastResumedPackageForCover mLastResumedPackage = com.yourname.smartrecorder
2025-11-27 16:52:39.972  4879-4879  Routine@Co...cleWatcher com.samsung.android.app.routines     I  notifyLifecycleChanged mCurResumedComponent=com.yourname.smartrecorder
2025-11-27 16:52:40.058  4879-4879  Routine@Co...overHelper com.samsung.android.app.routines     I  setLastResumedPackageForCover mLastResumedPackage = com.yourname.smartrecorder
2025-11-27 16:52:40.058  4879-4879  Routine@Co...cleWatcher com.samsung.android.app.routines     I  notifyLifecycleChanged mCurResumedComponent=com.yourname.smartrecorder
2025-11-27 16:52:40.143  4879-4879  Routine@Co...overHelper com.samsung.android.app.routines     I  setLastResumedPackageForCover mLastResumedPackage = com.yourname.smartrecorder
2025-11-27 16:52:40.143  4879-4879  Routine@Co...cleWatcher com.samsung.android.app.routines     I  notifyLifecycleChanged mCurResumedComponent=com.yourname.smartrecorder
2025-11-27 16:52:40.188  4879-4879  Routine@Co...overHelper com.samsung.android.app.routines     I  setLastResumedPackageForCover mLastResumedPackage = com.yourname.smartrecorder
2025-11-27 16:52:40.188  4879-4879  Routine@Co...cleWatcher com.samsung.android.app.routines     I  notifyLifecycleChanged mCurResumedComponent=com.yourname.smartrecorder
2025-11-27 16:52:40.189  1198-1287  SGM:GameManager         system_server                        D  identifyForegroundApp. com.yourname.smartrecorder, mCurrentUserId: 0, callerUserId: 0
2025-11-27 16:52:40.189  1198-1287  SGM:PkgDataHelper       system_server                        D  getGamePkgData(). com.yourname.smartrecorder
2025-11-27 16:52:40.268  4879-4879  Routine@Co...overHelper com.samsung.android.app.routines     I  setLastResumedPackageForCover mLastResumedPackage = com.yourname.smartrecorder
2025-11-27 16:52:40.268  4879-4879  Routine@Co...cleWatcher com.samsung.android.app.routines     I  notifyLifecycleChanged mCurResumedComponent=com.yourname.smartrecorder
2025-11-27 16:52:40.339  4879-4879  Routine@Co...overHelper com.samsung.android.app.routines     I  setLastResumedPackageForCover mLastResumedPackage = com.yourname.smartrecorder
2025-11-27 16:52:40.339  4879-4879  Routine@Co...cleWatcher com.samsung.android.app.routines     I  notifyLifecycleChanged mCurResumedComponent=com.yourname.smartrecorder
2025-11-27 16:52:40.424  4879-4879  Routine@Co...overHelper com.samsung.android.app.routines     I  setLastResumedPackageForCover mLastResumedPackage = com.yourname.smartrecorder
2025-11-27 16:52:40.424  4879-4879  Routine@Co...cleWatcher com.samsung.android.app.routines     I  notifyLifecycleChanged mCurResumedComponent=com.yourname.smartrecorder
2025-11-27 16:52:40.506  4879-4879  Routine@Co...overHelper com.samsung.android.app.routines     I  setLastResumedPackageForCover mLastResumedPackage = com.yourname.smartrecorder
2025-11-27 16:52:40.506  4879-4879  Routine@Co...cleWatcher com.samsung.android.app.routines     I  notifyLifecycleChanged mCurResumedComponent=com.yourname.smartrecorder
2025-11-27 16:52:40.594  4879-4879  Routine@Co...overHelper com.samsung.android.app.routines     I  setLastResumedPackageForCover mLastResumedPackage = com.yourname.smartrecorder
2025-11-27 16:52:40.594  4879-4879  Routine@Co...cleWatcher com.samsung.android.app.routines     I  notifyLifecycleChanged mCurResumedComponent=com.yourname.smartrecorder
2025-11-27 16:52:40.659  4879-4879  Routine@Co...overHelper com.samsung.android.app.routines     I  setLastResumedPackageForCover mLastResumedPackage = com.yourname.smartrecorder
2025-11-27 16:52:40.659  4879-4879  Routine@Co...cleWatcher com.samsung.android.app.routines     I  notifyLifecycleChanged mCurResumedComponent=com.yourname.smartrecorder
2025-11-27 16:52:40.787  4879-4879  Routine@Co...overHelper com.samsung.android.app.routines     I  setLastResumedPackageForCover mLastResumedPackage = com.yourname.smartrecorder
2025-11-27 16:52:40.787  4879-4879  Routine@Co...cleWatcher com.samsung.android.app.routines     I  notifyLifecycleChanged mCurResumedComponent=com.yourname.smartrecorder
2025-11-27 16:52:40.825  4879-4879  Routine@Co...overHelper com.samsung.android.app.routines     I  setLastResumedPackageForCover mLastResumedPackage = com.yourname.smartrecorder
2025-11-27 16:52:40.825  4879-4879  Routine@Co...cleWatcher com.samsung.android.app.routines     I  notifyLifecycleChanged mCurResumedComponent=com.yourname.smartrecorder
2025-11-27 16:52:40.896  4879-4879  Routine@Co...overHelper com.samsung.android.app.routines     I  setLastResumedPackageForCover mLastResumedPackage = com.yourname.smartrecorder
2025-11-27 16:52:40.896  4879-4879  Routine@Co...cleWatcher com.samsung.android.app.routines     I  notifyLifecycleChanged mCurResumedComponent=com.yourname.smartrecorder
2025-11-27 16:52:43.397  3773-3773  ViewRootIm...nActivity] com.yourname.smartrecorder           I  ViewPostIme pointer 0
2025-11-27 16:52:43.404  3773-3773  ViewRootIm...nActivity] com.yourname.smartrecorder           I  ViewPostIme pointer 1
2025-11-27 16:52:43.582  1198-7983  SGM:GameManager         system_server                        D  identifyGamePackage. com.yourname.smartrecorder, mCurrentUserId: 0, callerUserId: 0, callingMethodInfo: com.android.server.ssrm.SortingMachine.isGame(SortingMachine.java:162)
2025-11-27 16:52:43.582  1198-7983  SGM:PkgDataHelper       system_server                        D  getGamePkgData(). com.yourname.smartrecorder
2025-11-27 16:52:44.190  1198-7983  SGM:GameManager         system_server                        D  identifyGamePackage. com.yourname.smartrecorder, mCurrentUserId: 0, callerUserId: 0, callingMethodInfo: com.android.server.ssrm.SortingMachine.isGame(SortingMachine.java:162)
2025-11-27 16:52:44.190  1198-7983  SGM:PkgDataHelper       system_server                        D  getGamePkgData(). com.yourname.smartrecorder
2025-11-27 16:52:44.392  1198-7983  SGM:GameManager         system_server                        D  identifyGamePackage. com.yourname.smartrecorder, mCurrentUserId: 0, callerUserId: 0, callingMethodInfo: com.android.server.ssrm.SortingMachine.isGame(SortingMachine.java:162)
2025-11-27 16:52:44.392  1198-7983  SGM:PkgDataHelper       system_server                        D  getGamePkgData(). com.yourname.smartrecorder
2025-11-27 16:52:44.582  1198-7983  SGM:GameManager         system_server                        D  identifyGamePackage. com.yourname.smartrecorder, mCurrentUserId: 0, callerUserId: 0, callingMethodInfo: com.android.server.ssrm.SortingMachine.isGame(SortingMachine.java:162)
2025-11-27 16:52:44.582  1198-7983  SGM:PkgDataHelper       system_server                        D  getGamePkgData(). com.yourname.smartrecorder
2025-11-27 16:52:44.769  1198-7983  SGM:GameManager         system_server                        D  identifyGamePackage. com.yourname.smartrecorder, mCurrentUserId: 0, callerUserId: 0, callingMethodInfo: com.android.server.ssrm.SortingMachine.isGame(SortingMachine.java:162)
2025-11-27 16:52:44.769  1198-7983  SGM:PkgDataHelper       system_server                        D  getGamePkgData(). com.yourname.smartrecorder
2025-11-27 16:52:44.943  1198-7983  SGM:GameManager         system_server                        D  identifyGamePackage. com.yourname.smartrecorder, mCurrentUserId: 0, callerUserId: 0, callingMethodInfo: com.android.server.ssrm.SortingMachine.isGame(SortingMachine.java:162)
2025-11-27 16:52:44.943  1198-7983  SGM:PkgDataHelper       system_server                        D  getGamePkgData(). com.yourname.smartrecorder
2025-11-27 16:52:45.058  1198-7983  SGM:GameManager         system_server                        D  identifyGamePackage. com.yourname.smartrecorder, mCurrentUserId: 0, callerUserId: 0, callingMethodInfo: com.android.server.ssrm.SortingMachine.isGame(SortingMachine.java:162)
2025-11-27 16:52:45.058  1198-7983  SGM:PkgDataHelper       system_server                        D  getGamePkgData(). com.yourname.smartrecorder
2025-11-27 16:52:45.217  1198-7983  SGM:GameManager         system_server                        D  identifyGamePackage. com.yourname.smartrecorder, mCurrentUserId: 0, callerUserId: 0, callingMethodInfo: com.android.server.ssrm.SortingMachine.isGame(SortingMachine.java:162)
2025-11-27 16:52:45.217  1198-7983  SGM:PkgDataHelper       system_server                        D  getGamePkgData(). com.yourname.smartrecorder
2025-11-27 16:52:45.388  1198-7983  SGM:GameManager         system_server                        D  identifyGamePackage. com.yourname.smartrecorder, mCurrentUserId: 0, callerUserId: 0, callingMethodInfo: com.android.server.ssrm.SortingMachine.isGame(SortingMachine.java:162)
2025-11-27 16:52:45.388  1198-7983  SGM:PkgDataHelper       system_server                        D  getGamePkgData(). com.yourname.smartrecorder
2025-11-27 16:52:45.487  1198-2733  FreecessController      system_server                        D  com.yourname.smartrecorder(10974) is important[!isUidIdle]
2025-11-27 16:52:45.585  1198-7983  SGM:GameManager         system_server                        D  identifyGamePackage. com.yourname.smartrecorder, mCurrentUserId: 0, callerUserId: 0, callingMethodInfo: com.android.server.ssrm.SortingMachine.isGame(SortingMachine.java:162)
2025-11-27 16:52:45.586  1198-7983  SGM:PkgDataHelper       system_server                        D  getGamePkgData(). com.yourname.smartrecorder
2025-11-27 16:52:45.695  1198-7983  SGM:GameManager         system_server                        D  identifyGamePackage. com.yourname.smartrecorder, mCurrentUserId: 0, callerUserId: 0, callingMethodInfo: com.android.server.ssrm.SortingMachine.isGame(SortingMachine.java:162)
2025-11-27 16:52:45.695  1198-7983  SGM:PkgDataHelper       system_server                        D  getGamePkgData(). com.yourname.smartrecorder
2025-11-27 16:52:51.470  1198-4344  SGM:GameManager         system_server                        D  identifyForegroundApp. com.yourname.smartrecorder, mCurrentUserId: 0, callerUserId: 0
2025-11-27 16:52:51.470  1198-4344  SGM:PkgDataHelper       system_server                        D  getGamePkgData(). com.yourname.smartrecorder
2025-11-27 16:52:51.470  1198-4335  SGM:GameManager         system_server                        D  identifyForegroundApp. com.yourname.smartrecorder, mCurrentUserId: 0, callerUserId: 150
2025-11-27 16:52:51.470  1198-4335  SGM:PkgDataHelper       system_server                        D  getGamePkgData(). com.yourname.smartrecorder
2025-11-27 16:52:55.487  1198-2733  FreecessController      system_server                        D  com.yourname.smartrecorder(10974) is important[!isUidIdle]
2025-11-27 16:53:00.954   858-886   SurfaceFlinger          surfaceflinger                       I  id=33935 Removed Surface(name=1ef55ae com.yourname.smartrecorder/com.yourname.smartrecorder.MainActivity)/@0xfbb430e - animation-leash of starting_reveal#33935 (139)
2025-11-27 16:53:00.962   858-858   Layer                   surfaceflinger                       I  id=33935 Destroyed Surface(name=1ef55ae com.yourname.smartrecorder/com.yourname.smartrecorder.MainActivity)/@0xfbb430e - animation-leash of starting_reveal#33935
2025-11-27 16:53:01.309  3773-3773  ViewRootIm...nActivity] com.yourname.smartrecorder           I  ViewPostIme pointer 0
2025-11-27 16:53:01.315  3773-3773  ViewRootIm...nActivity] com.yourname.smartrecorder           I  ViewPostIme pointer 1
2025-11-27 16:53:05.326  3773-3790  InputTransport          com.yourname.smartrecorder           D  Input channel destroyed: 'ClientS', fd=107
2025-11-27 16:53:05.326  3773-3790  InputTransport          com.yourname.smartrecorder           D  Input channel destroyed: 'ClientS', fd=129
2025-11-27 16:53:05.326  3773-3790  InputTransport          com.yourname.smartrecorder           D  Input channel destroyed: 'ClientS', fd=115
2025-11-27 16:53:05.326  3773-3790  InputTransport          com.yourname.smartrecorder           D  Input channel destroyed: 'ClientS', fd=133
2025-11-27 16:53:05.326  3773-3790  InputTransport          com.yourname.smartrecorder           D  Input channel destroyed: 'ClientS', fd=147
2025-11-27 16:53:05.326  3773-3790  InputTransport          com.yourname.smartrecorder           D  Input channel destroyed: 'ClientS', fd=85
2025-11-27 16:53:05.326  3773-3790  InputTransport          com.yourname.smartrecorder           D  Input channel destroyed: 'ClientS', fd=142
2025-11-27 16:53:05.326  3773-3790  InputTransport          com.yourname.smartrecorder           D  Input channel destroyed: 'ClientS', fd=144
2025-11-27 16:53:05.326  3773-3790  InputTransport          com.yourname.smartrecorder           D  Input channel destroyed: 'ClientS', fd=138
2025-11-27 16:53:05.326  3773-3790  InputTransport          com.yourname.smartrecorder           D  Input channel destroyed: 'ClientS', fd=137
2025-11-27 16:53:05.326  3773-3790  InputTransport          com.yourname.smartrecorder           D  Input channel destroyed: 'ClientS', fd=145
2025-11-27 16:53:05.487  1198-2733  FreecessController      system_server                        D  com.yourname.smartrecorder(10974) is important[!isUidIdle]
2025-11-27 16:53:15.488  1198-2733  FreecessController      system_server                        D  com.yourname.smartrecorder(10974) is important[!isUidIdle]
2025-11-27 16:53:25.488  1198-2733  FreecessController      system_server                        D  com.yourname.smartrecorder(10974) is important[!isUidIdle]
2025-11-27 16:53:35.489  1198-2733  FreecessController      system_server                        D  com.yourname.smartrecorder(10974) is important[!isUidIdle]
2025-11-27 16:53:45.490  1198-2733  FreecessController      system_server                        D  com.yourname.smartrecorder(10974) is important[!isUidIdle]
2025-11-27 16:53:55.490  1198-2733  FreecessController      system_server                        D  com.yourname.smartrecorder(10974) is important[!isUidIdle]
2025-11-27 16:54:05.490  1198-2733  FreecessController      system_server                        D  com.yourname.smartrecorder(10974) is important[!isUidIdle]
2025-11-27 16:54:15.491  1198-2733  FreecessController      system_server                        D  com.yourname.smartrecorder(10974) is important[!isUidIdle]
2025-11-27 16:54:25.491  1198-2733  FreecessController      system_server                        D  com.yourname.smartrecorder(10974) is important[!isUidIdle]
2025-11-27 16:54:30.903  1198-4342  SGM:GameManager         system_server                        D  identifyForegroundApp. com.yourname.smartrecorder, mCurrentUserId: 0, callerUserId: 0
2025-11-27 16:54:30.903  1198-4342  SGM:PkgDataHelper       system_server                        D  getGamePkgData(). com.yourname.smartrecorder
2025-11-27 16:54:30.903  1198-2582  SGM:GameManager         system_server                        D  identifyForegroundApp. com.yourname.smartrecorder, mCurrentUserId: 0, callerUserId: 150
2025-11-27 16:54:30.903  1198-2582  SGM:PkgDataHelper       system_server                        D  getGamePkgData(). com.yourname.smartrecorder
2025-11-27 16:54:35.492  1198-2733  FreecessController      system_server                        D  com.yourname.smartrecorder(10974) is important[!isUidIdle]
2025-11-27 16:54:45.493  1198-2733  FreecessController      system_server                        D  com.yourname.smartrecorder(10974) is important[!isUidIdle]
2025-11-27 16:54:55.493  1198-2733  FreecessController      system_server                        D  com.yourname.smartrecorder(10974) is important[!isUidIdle]
2025-11-27 16:55:05.494  1198-2733  FreecessController      system_server                        D  com.yourname.smartrecorder(10974) is important[!isUidIdle]
2025-11-27 16:55:15.495  1198-2733  FreecessController      system_server                        D  com.yourname.smartrecorder(10974) is important[!isUidIdle]
2025-11-27 16:55:25.497  1198-2733  FreecessController      system_server                        D  com.yourname.smartrecorder(10974) is important[!isUidIdle]
2025-11-27 16:55:35.497  1198-2733  FreecessController      system_server                        D  com.yourname.smartrecorder(10974) is important[!isUidIdle]
2025-11-27 16:55:45.497  1198-2733  FreecessController      system_server                        D  com.yourname.smartrecorder(10974) is important[!isUidIdle]
2025-11-27 16:55:55.498  1198-2733  FreecessController      system_server                        D  com.yourname.smartrecorder(10974) is important[!isUidIdle]
2025-11-27 16:56:05.499  1198-2733  FreecessController      system_server                        D  com.yourname.smartrecorder(10974) is important[!isUidIdle]
2025-11-27 16:56:15.499  1198-2733  FreecessController      system_server                        D  com.yourname.smartrecorder(10974) is important[!isUidIdle]
2025-11-27 16:56:25.500  1198-2733  FreecessController      system_server                        D  com.yourname.smartrecorder(10974) is important[!isUidIdle]
2025-11-27 16:56:35.500  1198-2733  FreecessController      system_server                        D  com.yourname.smartrecorder(10974) is important[!isUidIdle]
2025-11-27 16:56:45.500  1198-2733  FreecessController      system_server                        D  com.yourname.smartrecorder(10974) is important[!isUidIdle]
2025-11-27 16:56:55.500  1198-2733  FreecessController      system_server                        D  com.yourname.smartrecorder(10974) is important[!isUidIdle]
2025-11-27 16:57:05.500  1198-2733  FreecessController      system_server                        D  com.yourname.smartrecorder(10974) is important[!isUidIdle]
2025-11-27 16:57:15.501  1198-2733  FreecessController      system_server                        D  com.yourname.smartrecorder(10974) is important[!isUidIdle]
2025-11-27 16:57:25.502  1198-2733  FreecessController      system_server                        D  com.yourname.smartrecorder(10974) is important[!isUidIdle]
2025-11-27 16:57:35.503  1198-2733  FreecessController      system_server                        D  com.yourname.smartrecorder(10974) is important[!isUidIdle]
2025-11-27 16:57:45.503  1198-2733  FreecessController      system_server                        D  com.yourname.smartrecorder(10974) is important[!isUidIdle]
2025-11-27 16:57:55.504  1198-2733  FreecessController      system_server                        D  com.yourname.smartrecorder(10974) is important[!isUidIdle]
2025-11-27 16:58:05.504  1198-2733  FreecessController      system_server                        D  com.yourname.smartrecorder(10974) is important[!isUidIdle]
2025-11-27 16:58:15.506  1198-2733  FreecessController      system_server                        D  com.yourname.smartrecorder(10974) is important[!isUidIdle]
2025-11-27 16:58:25.506  1198-2733  FreecessController      system_server                        D  com.yourname.smartrecorder(10974) is important[!isUidIdle]
2025-11-27 16:58:35.507  1198-2733  FreecessController      system_server                        D  com.yourname.smartrecorder(10974) is important[!isUidIdle]
2025-11-27 16:58:45.507  1198-2733  FreecessController      system_server                        D  com.yourname.smartrecorder(10974) is important[!isUidIdle]
2025-11-27 16:58:55.507  1198-2733  FreecessController      system_server                        D  com.yourname.smartrecorder(10974) is important[!isUidIdle]
2025-11-27 16:58:57.990  1198-4343  ActivityTaskManager     system_server                        D  scheduleTopResumedActivityChanged, onTop=false r=ActivityRecord{be714d7 u0 com.yourname.smartrecorder/.MainActivity} t22568} caller=com.android.server.wm.ActivityTaskSupervisor.updateTopResumedActivityIfNeeded:2510 com.android.server.wm.TaskDisplayArea.positionChildTaskAt:602 com.android.server.wm.TaskDisplayArea.positionChildAt:537 com.android.server.wm.Task.moveToFrontInner:6053 com.android.server.wm.Task.moveToFront:6019 com.android.server.wm.ActivityStarter.startActivityInner:2928 
2025-11-27 16:58:57.992  1198-4343  WindowManager           system_server                        D  rotationForOrientation, orientationSource=ActivityRecord{be714d7 u0 com.yourname.smartrecorder/.MainActivity} t22568}
2025-11-27 16:58:57.993  1198-4343  WindowManager           system_server                        V  Changing focus from Window{1ef55ae u0 com.yourname.smartrecorder/com.yourname.smartrecorder.MainActivity} to null displayId=0 Callers=com.android.server.wm.RootWindowContainer.updateFocusedWindowLocked:595 com.android.server.wm.WindowManagerService.updateFocusedWindowLocked:6810 com.android.server.wm.ActivityTaskManagerService.setResumedActivityUncheckLocked:5766 com.android.server.wm.TaskFragment.onActivityStateChanged:807 
2025-11-27 16:58:57.993  1198-4343  MARsPolicyManager       system_server                        D  onPackageResumedFG pkgName = com.yourname.smartrecorder, userId = 0
2025-11-27 16:58:57.995  1198-4343  WindowManager           system_server                        D  updateSystemBarAttributes: displayId=0, win=Window{94b7cfc u0 com.google.android.youtube/com.google.android.youtube.app.honeycomb.Shell$HomeActivity}, navColorWin=Window{1ef55ae u0 com.yourname.smartrecorder/com.yourname.smartrecorder.MainActivity}, focusedCanBeNavColorWin=false, behavior=2, appearance=16, statusBarAppearanceRegions=[AppearanceRegion{ bounds=[0,0][1440,3088]}], requestedVisibilities=ITYPE_STATUS_BAR: visible, ITYPE_NAVIGATION_BAR: visible, ITYPE_CLIMATE_BAR: visible, ITYPE_EXTRA_NAVIGATION_BAR: visible, ITYPE_LOCAL_NAVIGATION_BAR_1: visible, ITYPE_LOCAL_NAVIGATION_BAR_2: visible, from=com.android.server.wm.DisplayPolicy.focusChangedLw:3251 com.android.server.wm.DisplayContent.updateFocusedWindowLocked:4632 com.android.server.wm.RootWindowContainer.updateFocusedWindowLocked:595 
2025-11-27 16:58:58.006   858-858   SurfaceFlinger          surfaceflinger                       I  [1ef55ae com.yourname.smartrecorder/com.yourname.smartrecorder.MainActivity#33931] FrameRatePriority: -1
2025-11-27 16:58:58.009  1198-2582  InputDispatcher         system_server                        D  Focus left window (0): 1ef55ae com.yourname.smartrecorder/com.yourname.smartrecorder.MainActivity
2025-11-27 16:58:58.010  3773-3773  ViewRootIm...nActivity] com.yourname.smartrecorder           I  MSG_WINDOW_FOCUS_CHANGED 0 0
2025-11-27 16:58:58.071  1198-4343  WindowManager           system_server                        D  updateSystemBarAttributes: displayId=0, win=Window{9602142 u0 com.zing.zalo/com.zing.zalo.comm.chathead.bubblechat.ui.ZaloBubbleActivity}, navColorWin=Window{1ef55ae u0 com.yourname.smartrecorder/com.yourname.smartrecorder.MainActivity}, focusedCanBeNavColorWin=false, behavior=1, appearance=16, statusBarAppearanceRegions=[AppearanceRegion{ bounds=[0,0][1440,3088]}], requestedVisibilities=, from=com.android.server.wm.DisplayPolicy.focusChangedLw:3251 com.android.server.wm.DisplayContent.updateFocusedWindowLocked:4632 com.android.server.wm.RootWindowContainer.updateFocusedWindowLocked:595 
2025-11-27 16:58:58.245   858-858   SurfaceFlinger          surfaceflinger                       D  Display 4633128672291735937 HWC layers:
                                                                                                         DEVICE | 0x70f52d4af0 | 0102 | RGBA_8888    |    0.0    0.0 1440.0 3088.0 |    0    0 1440 3088 | com.yourname.smartrecorder/com.yourn[...]artrecorder.MainActivity$_3773#33932
                                                                                                         CLIENT |              | 0000 |  Unknown  |    0.0    0.0    0.0    0.0 |  694 1831 1402 2245 | Task=22537#30805
                                                                                                         CLIENT |              | 0002 |  Unknown  |    0.0    0.0    0.0    0.0 |  712 1849 1384 2227 | Background for SurfaceView[com.googl[...]oneycomb.Shell$HomeActivity]@0#31780
                                                                                                         CLIENT | 0x70f52e5230 | 0102 | 0x0000105    |    0.0    0.0 1280.0  720.0 |  712 1849 1384 2227 | SurfaceView[com.google.android.youtu[...]b.Shell$HomeActivity]@0(BLAST)#31779
                                                                                                         CLIENT | 0x70f52d6ef0 | 0100 | RGBA_8888    |    0.0    0.0  672.0  378.0 |  712 1849 1384 2227 | com.google.android.youtube/com.googl[...]comb.Shell$HomeActivity$_29596#31776
                                                                                                         CLIENT | 0x70f52dd8b0 | 0100 | RGBA_8888    |    0.0    0.0 1440.0 3088.0 |    0    0 1440 3088 | Bubbles!$_22947#32634
                                                                                                         CLIENT | 0x70f5
2025-11-27 16:58:58.260  3773-3773  InputTransport          com.yourname.smartrecorder           D  Input channel destroyed: 'ClientS', fd=131
2025-11-27 16:59:00.612  1198-1903  WindowManager           system_server                        V  Changing focus from Window{9602142 u0 com.zing.zalo/com.zing.zalo.comm.chathead.bubblechat.ui.ZaloBubbleActivity} to Window{1ef55ae u0 com.yourname.smartrecorder/com.yourname.smartrecorder.MainActivity} displayId=0 Callers=com.android.server.wm.RootWindowContainer.updateFocusedWindowLocked:595 com.android.server.wm.WindowManagerService.updateFocusedWindowLocked:6810 com.android.server.wm.DisplayContent.layoutAndAssignWindowLayersIfNeeded:4794 com.android.server.wm.TaskDisplayArea.positionChildTaskAt:587 
2025-11-27 16:59:00.612  1198-1903  MARsPolicyManager       system_server                        D  onPackageResumedFG pkgName = com.yourname.smartrecorder, userId = 0
2025-11-27 16:59:00.615  1198-1903  WindowManager           system_server                        D  updateSystemBarAttributes: displayId=0, win=Window{1ef55ae u0 com.yourname.smartrecorder/com.yourname.smartrecorder.MainActivity}, navColorWin=Window{1ef55ae u0 com.yourname.smartrecorder/com.yourname.smartrecorder.MainActivity}, focusedCanBeNavColorWin=false, behavior=1, appearance=16, statusBarAppearanceRegions=[AppearanceRegion{ bounds=[0,0][1440,3088]}], requestedVisibilities=, from=com.android.server.wm.DisplayPolicy.focusChangedLw:3251 com.android.server.wm.DisplayContent.updateFocusedWindowLocked:4632 com.android.server.wm.RootWindowContainer.updateFocusedWindowLocked:595 
2025-11-27 16:59:00.629  1198-1903  WindowManagerServiceExt system_server                        D  notifyOccludeChangeNotice: cn=ComponentInfo{com.yourname.smartrecorder/com.yourname.smartrecorder.MainActivity} occludesParent=true inMultiWindow=false styleFloating=false caller=com.android.server.wm.WindowManagerServiceExt.updateOccludeTargetIfNeeded:1402 com.android.server.wm.DisplayContent.ensureActivitiesVisible:7532 com.android.server.wm.RootWindowContainer.ensureActivitiesVisible:2248 com.android.server.wm.RootWindowContainer.ensureActivitiesVisible:2229 com.android.server.wm.WindowOrganizerController.applyTransaction:617 
2025-11-27 16:59:00.630  1198-1903  InputDispatcher         system_server                        D  Focused application(0): ActivityRecord{be714d7 u0 com.yourname.smartrecorder/.MainActivity} t22568}
2025-11-27 16:59:00.630  1198-1903  SGM:FgCheckThread       system_server                        D    sendRunningComponentFocus(), pkgName: com.yourname.smartrecorder, userId: 0
2025-11-27 16:59:00.631  1198-1539  SGM:FgCheckThread       system_server                        D  onLooperPrepared(), msg: MSG_TASK_FOCUSED, pkgName: com.yourname.smartrecorder, userId: 0
2025-11-27 16:59:00.631  1198-1539  SGM:FgCheckThread       system_server                        D    handleTaskFocused(), pkgName: com.yourname.smartrecorder, userID:0
2025-11-27 16:59:00.631  1198-1539  SGM:FgCheckThread       system_server                        D    handleResume(). pkgName: com.yourname.smartrecorder, userId: 0, isTunableApp: null
2025-11-27 16:59:00.631  1198-1539  SGM:FgCheckThread       system_server                        D  notifyFocusInOut(). of pkg: com.yourname.smartrecorder, type: 4, isTunableApp: false, userId: 0
2025-11-27 16:59:00.636   858-858   SurfaceFlinger          surfaceflinger                       D  Display 4633128672291735937 HWC layers:
                                                                                                         DEVICE | 0x70f52d4af0 | 0102 | RGBA_8888    |    0.0    0.0 1440.0 3088.0 |    0    0 1440 3088 | com.yourname.smartrecorder/com.yourn[...]artrecorder.MainActivity$_3773#33932
                                                                                                         CLIENT |              | 0000 |  Unknown  |    0.0    0.0    0.0    0.0 |  694 1831 1402 2245 | Task=22537#30805
                                                                                                         CLIENT |              | 0002 |  Unknown  |    0.0    0.0    0.0    0.0 |  712 1849 1384 2227 | Background for SurfaceView[com.googl[...]oneycomb.Shell$HomeActivity]@0#31780
                                                                                                         CLIENT | 0x70f52e5230 | 0102 | 0x0000105    |    0.0    0.0 1280.0  720.0 |  712 1849 1384 2227 | SurfaceView[com.google.android.youtu[...]b.Shell$HomeActivity]@0(BLAST)#31779
                                                                                                         CLIENT | 0x70f52d6ef0 | 0100 | RGBA_8888    |    0.0    0.0  672.0  378.0 |  712 1849 1384 2227 | com.google.android.youtube/com.googl[...]comb.Shell$HomeActivity$_29596#31776
                                                                                                         DEVICE | 0x70f52e84d0 | 0100 | RGBA_8888    |    0.0    0.0 1440.0 3088.0 |    0    0 1440 3088 | Bubbles!$_22947#32634
                                                                                                         DEVICE | 0x70f5
2025-11-27 16:59:00.636  1198-4343  ActivityTaskManager     system_server                        D  scheduleTopResumedActivityChanged, onTop=true r=ActivityRecord{be714d7 u0 com.yourname.smartrecorder/.MainActivity} t22568} caller=com.android.server.wm.ActivityTaskSupervisor.scheduleTopResumedActivityStateIfNeeded:2535 com.android.server.wm.ActivityTaskSupervisor.handleTopResumedStateReleased:2564 com.android.server.wm.ActivityClientController.activityTopResumedStateLost:225 android.app.IActivityClientController$Stub.onTransact:589 com.android.server.wm.ActivityClientController.onTransact:147 android.os.Binder.execTransactInternal:1321 
2025-11-27 16:59:00.642   858-858   SurfaceFlinger          surfaceflinger                       I  [1ef55ae com.yourname.smartrecorder/com.yourname.smartrecorder.MainActivity#33931] FrameRatePriority: 1
2025-11-27 16:59:00.644   858-979   SurfaceFlinger          surfaceflinger                       D  [input] setFocusedWindow: 1ef55ae com.yourname.smartrecorder/com.yourname.smartrecorder.MainActivity
2025-11-27 16:59:00.645  1198-1903  InputDispatcher         system_server                        D  Focus entered window (0): 1ef55ae com.yourname.smartrecorder/com.yourname.smartrecorder.MainActivity
2025-11-27 16:59:00.646  3773-3773  ViewRootIm...nActivity] com.yourname.smartrecorder           I  MSG_WINDOW_FOCUS_CHANGED 1 0
2025-11-27 16:59:00.646  3773-3773  ViewRootIm...nActivity] com.yourname.smartrecorder           I  mThreadedRenderer.initializeIfNeeded()#2 mSurface={isValid=true 0x723dc35ae0}
2025-11-27 16:59:00.646  3773-3773  InputMethodManager      com.yourname.smartrecorder           D  startInputInner - Id : 0
2025-11-27 16:59:00.646  3773-3773  InputMethodManager      com.yourname.smartrecorder           I  startInputInner - mService.startInputOrWindowGainedFocus
2025-11-27 16:59:00.652  1198-1850  WindowManager           system_server                        V  Changing focus from Window{1ef55ae u0 com.yourname.smartrecorder/com.yourname.smartrecorder.MainActivity} to Window{555bfbb u0 Bubbles!} displayId=0 Callers=com.android.server.wm.RootWindowContainer.updateFocusedWindowLocked:595 com.android.server.wm.WindowManagerService.updateFocusedWindowLocked:6810 com.android.server.wm.WindowManagerService.relayoutWindow:2820 com.android.server.wm.Session.relayout:274 
2025-11-27 16:59:00.654  1198-1850  WindowManager           system_server                        D  updateSystemBarAttributes: displayId=0, win=Window{555bfbb u0 Bubbles!}, navColorWin=Window{1ef55ae u0 com.yourname.smartrecorder/com.yourname.smartrecorder.MainActivity}, focusedCanBeNavColorWin=true, behavior=1, appearance=0, statusBarAppearanceRegions=[AppearanceRegion{ bounds=[0,0][1440,3088]}], requestedVisibilities=, from=com.android.server.wm.DisplayPolicy.focusChangedLw:3251 com.android.server.wm.DisplayContent.updateFocusedWindowLocked:4632 com.android.server.wm.RootWindowContainer.updateFocusedWindowLocked:595 
2025-11-27 16:59:00.675   858-858   SurfaceFlinger          surfaceflinger                       I  [1ef55ae com.yourname.smartrecorder/com.yourname.smartrecorder.MainActivity#33931] FrameRatePriority: -1
2025-11-27 16:59:00.677  1198-1850  InputDispatcher         system_server                        D  Focus left window (0): 1ef55ae com.yourname.smartrecorder/com.yourname.smartrecorder.MainActivity
2025-11-27 16:59:00.678  3773-3773  ViewRootIm...nActivity] com.yourname.smartrecorder           I  MSG_WINDOW_FOCUS_CHANGED 0 0
2025-11-27 16:59:00.764  3773-3773  InputTransport          com.yourname.smartrecorder           D  Input channel destroyed: 'ClientS', fd=85
2025-11-27 16:59:00.893  1198-2005  MdnieScena...rolService system_server                        D   packageName : com.yourname.smartrecorder    className : com.yourname.smartrecorder.MainActivity
2025-11-27 16:59:01.781  1198-2582  WindowManager           system_server                        V  Changing focus from Window{555bfbb u0 Bubbles!} to Window{1ef55ae u0 com.yourname.smartrecorder/com.yourname.smartrecorder.MainActivity} displayId=0 Callers=com.android.server.wm.RootWindowContainer.updateFocusedWindowLocked:595 com.android.server.wm.WindowManagerService.updateFocusedWindowLocked:6810 com.android.server.wm.WindowManagerService.relayoutWindow:2820 com.android.server.wm.Session.relayout:274 
2025-11-27 16:59:01.781  1198-2582  MARsPolicyManager       system_server                        D  onPackageResumedFG pkgName = com.yourname.smartrecorder, userId = 0
2025-11-27 16:59:01.785  1198-2582  WindowManager           system_server                        D  updateSystemBarAttributes: displayId=0, win=Window{1ef55ae u0 com.yourname.smartrecorder/com.yourname.smartrecorder.MainActivity}, navColorWin=Window{1ef55ae u0 com.yourname.smartrecorder/com.yourname.smartrecorder.MainActivity}, focusedCanBeNavColorWin=false, behavior=1, appearance=16, statusBarAppearanceRegions=[AppearanceRegion{ bounds=[0,0][1440,3088]}], requestedVisibilities=, from=com.android.server.wm.DisplayPolicy.focusChangedLw:3251 com.android.server.wm.DisplayContent.updateFocusedWindowLocked:4632 com.android.server.wm.RootWindowContainer.updateFocusedWindowLocked:595 
2025-11-27 16:59:01.785 22947-22947 NavigationBar           com.android.systemui                 D  onSystemBarAttributesChanged() -  displayId:0, appearance:16, packageName: com.yourname.smartrecorder (APPEARANCE_LIGHT_NAVIGATION_BARS ), navbarColorManagedByIme:false
2025-11-27 16:59:01.785 22947-22947 SamsungLig...trolHelper com.android.systemui                 D  updateNavigation(Black button) isLightBar:false, hasLightBarNavigationBarFlag:true, packageName:com.yourname.smartrecorder, DirectReplying:false, NavBarColorManagerdByIme:false, ForceDarkForScrim:false, QsCustomizing:false, PanelHasWhiteBg:true
2025-11-27 16:59:01.794   858-858   SurfaceFlinger          surfaceflinger                       I  [1ef55ae com.yourname.smartrecorder/com.yourname.smartrecorder.MainActivity#33931] FrameRatePriority: 1
2025-11-27 16:59:01.796   858-979   SurfaceFlinger          surfaceflinger                       D  [input] setFocusedWindow: 1ef55ae com.yourname.smartrecorder/com.yourname.smartrecorder.MainActivity
2025-11-27 16:59:01.797  1198-4342  InputDispatcher         system_server                        D  Focus entered window (0): 1ef55ae com.yourname.smartrecorder/com.yourname.smartrecorder.MainActivity
2025-11-27 16:59:01.797  3773-3773  ViewRootIm...nActivity] com.yourname.smartrecorder           I  MSG_WINDOW_FOCUS_CHANGED 1 0
2025-11-27 16:59:01.797  3773-3773  ViewRootIm...nActivity] com.yourname.smartrecorder           I  mThreadedRenderer.initializeIfNeeded()#2 mSurface={isValid=true 0x723dc35ae0}
2025-11-27 16:59:01.798  3773-3773  InputMethodManager      com.yourname.smartrecorder           D  startInputInner - Id : 0
2025-11-27 16:59:01.798  3773-3773  InputMethodManager      com.yourname.smartrecorder           I  startInputInner - mService.startInputOrWindowGainedFocus
2025-11-27 16:59:01.801  1198-4203  ActivityTaskManager     system_server                        D  scheduleTopResumedActivityChanged, onTop=false r=ActivityRecord{be714d7 u0 com.yourname.smartrecorder/.MainActivity} t22568} caller=com.android.server.wm.ActivityTaskSupervisor.updateTopResumedActivityIfNeeded:2510 com.android.server.wm.TaskDisplayArea.positionChildTaskAt:602 com.android.server.wm.TaskDisplayArea.positionChildAt:537 com.android.server.wm.Task.moveToFrontInner:6053 com.android.server.wm.Task.moveToFront:6019 com.android.server.wm.ActivityStarter.startActivityInner:2928 
2025-11-27 16:59:01.803  1198-4203  WindowManager           system_server                        D  rotationForOrientation, orientationSource=ActivityRecord{be714d7 u0 com.yourname.smartrecorder/.MainActivity} t22568}
2025-11-27 16:59:01.805  1198-4203  WindowManager           system_server                        V  Changing focus from Window{1ef55ae u0 com.yourname.smartrecorder/com.yourname.smartrecorder.MainActivity} to null displayId=0 Callers=com.android.server.wm.RootWindowContainer.updateFocusedWindowLocked:595 com.android.server.wm.WindowManagerService.updateFocusedWindowLocked:6810 com.android.server.wm.ActivityTaskManagerService.setResumedActivityUncheckLocked:5766 com.android.server.wm.TaskFragment.onActivityStateChanged:807 
2025-11-27 16:59:01.805  1198-4203  MARsPolicyManager       system_server                        D  onPackageResumedFG pkgName = com.yourname.smartrecorder, userId = 0
2025-11-27 16:59:01.807  1198-4203  WindowManager           system_server                        D  updateSystemBarAttributes: displayId=0, win=Window{94b7cfc u0 com.google.android.youtube/com.google.android.youtube.app.honeycomb.Shell$HomeActivity}, navColorWin=Window{1ef55ae u0 com.yourname.smartrecorder/com.yourname.smartrecorder.MainActivity}, focusedCanBeNavColorWin=false, behavior=2, appearance=16, statusBarAppearanceRegions=[AppearanceRegion{ bounds=[0,0][1440,3088]}], requestedVisibilities=ITYPE_STATUS_BAR: visible, ITYPE_NAVIGATION_BAR: visible, ITYPE_CLIMATE_BAR: visible, ITYPE_EXTRA_NAVIGATION_BAR: visible, ITYPE_LOCAL_NAVIGATION_BAR_1: visible, ITYPE_LOCAL_NAVIGATION_BAR_2: visible, from=com.android.server.wm.DisplayPolicy.focusChangedLw:3251 com.android.server.wm.DisplayContent.updateFocusedWindowLocked:4632 com.android.server.wm.RootWindowContainer.updateFocusedWindowLocked:595 
2025-11-27 16:59:01.810   858-858   SurfaceFlinger          surfaceflinger                       I  [1ef55ae com.yourname.smartrecorder/com.yourname.smartrecorder.MainActivity#33931] FrameRatePriority: -1
2025-11-27 16:59:01.829  1198-1850  InputDispatcher         system_server                        D  Focus left window (0): 1ef55ae com.yourname.smartrecorder/com.yourname.smartrecorder.MainActivity
2025-11-27 16:59:01.835  3773-3773  ViewRootIm...nActivity] com.yourname.smartrecorder           I  MSG_WINDOW_FOCUS_CHANGED 0 0
2025-11-27 16:59:01.882  1198-2582  WindowManager           system_server                        D  updateSystemBarAttributes: displayId=0, win=Window{d7ae7b3 u0 com.zing.zalo/com.zing.zalo.comm.chathead.bubblechat.ui.ZaloBubbleActivity}, navColorWin=Window{1ef55ae u0 com.yourname.smartrecorder/com.yourname.smartrecorder.MainActivity}, focusedCanBeNavColorWin=false, behavior=1, appearance=16, statusBarAppearanceRegions=[AppearanceRegion{ bounds=[0,0][1440,3088]}], requestedVisibilities=, from=com.android.server.wm.DisplayPolicy.focusChangedLw:3251 com.android.server.wm.DisplayContent.updateFocusedWindowLocked:4632 com.android.server.wm.RootWindowContainer.updateFocusedWindowLocked:595 
2025-11-27 16:59:01.916   858-858   SurfaceFlinger          surfaceflinger                       D  Display 4633128672291735937 HWC layers:
                                                                                                         DEVICE | 0x70f52d4af0 | 0102 | RGBA_8888    |    0.0    0.0 1440.0 3088.0 |    0    0 1440 3088 | com.yourname.smartrecorder/com.yourn[...]artrecorder.MainActivity$_3773#33932
                                                                                                         CLIENT |              | 0000 |  Unknown  |    0.0    0.0    0.0    0.0 |  694 1831 1402 2245 | Task=22537#30805
                                                                                                         CLIENT |              | 0002 |  Unknown  |    0.0    0.0    0.0    0.0 |  712 1849 1384 2227 | Background for SurfaceView[com.googl[...]oneycomb.Shell$HomeActivity]@0#31780
                                                                                                         CLIENT | 0x70f52e5230 | 0102 | 0x0000105    |    0.0    0.0 1280.0  720.0 |  712 1849 1384 2227 | SurfaceView[com.google.android.youtu[...]b.Shell$HomeActivity]@0(BLAST)#31779
                                                                                                         CLIENT | 0x70f52d6ef0 | 0100 | RGBA_8888    |    0.0    0.0  672.0  378.0 |  712 1849 1384 2227 | com.google.android.youtube/com.googl[...]comb.Shell$HomeActivity$_29596#31776
                                                                                                         CLIENT | 0x70f52e84d0 | 0100 | RGBA_8888    |    0.0    0.0 1440.0 3088.0 |    0    0 1440 3088 | Bubbles!$_22947#32634
                                                                                                         CLIENT | 0x70f5
2025-11-27 16:59:01.932   858-858   SurfaceFlinger          surfaceflinger                       D  Display 4633128672291735937 HWC layers:
                                                                                                         DEVICE | 0x70f52d4af0 | 0102 | RGBA_8888    |    0.0    0.0 1440.0 3088.0 |    0    0 1440 3088 | com.yourname.smartrecorder/com.yourn[...]artrecorder.MainActivity$_3773#33932
                                                                                                         CLIENT |              | 0000 |  Unknown  |    0.0    0.0    0.0    0.0 |  694 1831 1402 2245 | Task=22537#30805
                                                                                                         CLIENT |              | 0002 |  Unknown  |    0.0    0.0    0.0    0.0 |  712 1849 1384 2227 | Background for SurfaceView[com.googl[...]oneycomb.Shell$HomeActivity]@0#31780
                                                                                                         CLIENT | 0x70f52e5230 | 0102 | 0x0000105    |    0.0    0.0 1280.0  720.0 |  712 1849 1384 2227 | SurfaceView[com.google.android.youtu[...]b.Shell$HomeActivity]@0(BLAST)#31779
                                                                                                         CLIENT | 0x70f52d6ef0 | 0100 | RGBA_8888    |    0.0    0.0  672.0  378.0 |  712 1849 1384 2227 | com.google.android.youtube/com.googl[...]comb.Shell$HomeActivity$_29596#31776
                                                                                                         CLIENT | 0x70f52e84d0 | 0100 | RGBA_8888    |    0.0    0.0 1440.0 3088.0 |    0    0 1440 3088 | Bubbles!$_22947#32634
