2025-11-28 00:47:30.605  1198-1704  Pageboost               system_server                        I  start alp : com.yourname.smartrecorder
2025-11-28 00:47:30.605  1198-1707  Pageboost               system_server                        I  alp for : com.yourname.smartrecorder , 0
2025-11-28 00:47:30.623  1198-1287  ChimeraSys...ntListener system_server                        I  appLaunchIntent package name is: com.yourname.smartrecorder
2025-11-28 00:47:30.623  1198-4344  Pageboost               system_server                        I  onAppLaunch : com.yourname.smartrecorder
2025-11-28 00:47:30.623  1198-1707  Pageboost               system_server                        I  Record App IO : com.yourname.smartrecorder pid 0
2025-11-28 00:47:30.623  1198-4344  ActivityTaskManager     system_server                        I  START u0 {act=android.intent.action.MAIN cat=[android.intent.category.LAUNCHER] flg=0x10200000 cmp=com.yourname.smartrecorder/.MainActivity bnds=[724,1324][1052,1806]} from uid 10139
2025-11-28 00:47:30.625  1198-4344  ActivityTaskManager     system_server                        D  TaskLaunchParamsModifier:task=null activity=ActivityRecord{6fff5e5 u0 com.yourname.smartrecorder/.MainActivity} display-from-option=0 display-id=0 display-windowing-mode=1 suggested-display-area=DefaultTaskDisplayArea@72262064
2025-11-28 00:47:30.626  1198-4344  [secipm]                system_server                        D  mSecIpmManager Preload com.yourname.smartrecorder dex files
2025-11-28 00:47:30.626  1198-4344  ActivityTaskManager     system_server                        D  TaskLaunchParamsModifier:task=null activity=ActivityRecord{6fff5e5 u0 com.yourname.smartrecorder/.MainActivity} t-1} display-from-option=0 display-id=0 display-windowing-mode=1 suggested-display-area=DefaultTaskDisplayArea@72262064 inherit-from-source=fullscreen activity-options-fullscreen=Rect(0, 0 - 0, 0) non-freeform-display display-area=DefaultTaskDisplayArea@72262064 maximized-bounds
2025-11-28 00:47:30.628  1198-4344  ActivityTaskManager     system_server                        D  TaskLaunchParamsModifier:task=Task{1adb36b #22668 type=standard A=11005:com.yourname.smartrecorder U=0 visible=false visibleRequested=false mode=fullscreen translucent=true sz=0} activity=ActivityRecord{6fff5e5 u0 com.yourname.smartrecorder/.MainActivity} t-1} display-from-option=0 display-id=0 display-windowing-mode=1 suggested-display-area=DefaultTaskDisplayArea@72262064 inherit-from-source=fullscreen activity-options-fullscreen=Rect(0, 0 - 0, 0) non-freeform-display display-area=DefaultTaskDisplayArea@72262064 maximized-bounds
2025-11-28 00:47:30.628   858-1169  SurfaceFlinger          surfaceflinger                       I  id=43509 createSurf flag=80004, ActivityRecord{6fff5e5 u0 com.yourname.smartrecorder/.MainActivity} t22668}#43509
2025-11-28 00:47:30.630  1198-4344  WindowManager           system_server                        V  Added starting ActivityRecord{6fff5e5 u0 com.yourname.smartrecorder/.MainActivity} t22668}: startingWindow=null startingView=com.android.server.wm.StartingSurfaceController$StartingSurface@8c1ce41
2025-11-28 00:47:30.633  1198-1907  MARsPolicyManager       system_server                        D  onPackageResumedFG pkgName = com.yourname.smartrecorder, userId = 0
2025-11-28 00:47:30.635  1198-1907  WindowManagerServiceExt system_server                        D  notifyOccludeChangeNotice: cn=ComponentInfo{com.yourname.smartrecorder/com.yourname.smartrecorder.MainActivity} occludesParent=true inMultiWindow=false styleFloating=false caller=com.android.server.wm.WindowManagerServiceExt.updateOccludeTargetIfNeeded:1402 com.android.server.wm.DisplayContent.ensureActivitiesVisible:7532 com.android.server.wm.RootWindowContainer.ensureActivitiesVisible:2248 com.android.server.wm.RootWindowContainer.ensureActivitiesVisible:2229 com.android.server.wm.TaskFragment.completePause:2076 
2025-11-28 00:47:30.642   858-1169  SurfaceFlinger          surfaceflinger                       I  id=43510 createSurf flag=80004, d4efde9 Splash Screen com.yourname.smartrecorder#43510
2025-11-28 00:47:30.643  1198-1786  WindowManager           system_server                        V  addWindow: ActivityRecord{6fff5e5 u0 com.yourname.smartrecorder/.MainActivity} t22668} startingWindow=Window{d4efde9 u0 Splash Screen com.yourname.smartrecorder}
2025-11-28 00:47:30.644  1198-1786  WindowManager           system_server                        D  rotationForOrientation, orientationSource=ActivityRecord{6fff5e5 u0 com.yourname.smartrecorder/.MainActivity} t22668}
2025-11-28 00:47:30.645 22947-22995 InsetsController        com.android.systemui                 D  onStateChanged: InsetsState: {mDisplayFrame=Rect(0, 0 - 1440, 3088), mDisplayCutout=DisplayCutout{insets=Rect(0, 89 - 0, 0) waterfall=Insets{left=0, top=0, right=0, bottom=0} boundingRect={Bounds=[Rect(0, 0 - 0, 0), Rect(685, 0 - 755, 89), Rect(0, 0 - 0, 0), Rect(0, 0 - 0, 0)]} cutoutPathParserInfo={CutoutPathParserInfo{displayWidth=1440 displayHeight=3088 physicalDisplayWidth=1440 physicalDisplayHeight=3088 density={3.5} cutoutSpec={M 0,0 H -10 V 25.42857142857143 H 10 V 0 H 0 Z @dp} rotation={0} scale={1.0} physicalPixelDisplaySizeRatio={1.0}}}}, mRoundedCorners=RoundedCorners{[RoundedCorner{position=TopLeft, radius=112, center=Point(112, 112)}, RoundedCorner{position=TopRight, radius=112, center=Point(1328, 112)}, RoundedCorner{position=BottomRight, radius=112, center=Point(1328, 2976)}, RoundedCorner{position=BottomLeft, radius=112, center=Point(112, 2976)}]}  mRoundedCornerFrame=Rect(0, 0 - 1440, 3088), mPrivacyIndicatorBounds=PrivacyIndicatorBounds {static bounds=Rect(1286, 0 - 1440, 90) rotation=0}, mSources= { InsetsSource: {mType=ITYPE_STATUS_BAR, mFrame=[0,0][1440,90], mVisible=true, mInsetsRoundedCornerFrame=false}, InsetsSource: {mType=ITYPE_NAVIGATION_BAR, mFrame=[0,2920][1440,3088], mVisible=true, mInsetsRoundedCornerFrame=false}, InsetsSource: {mType=ITYPE_LEFT_GESTURES, mFrame=[0,0][0,3088], mVisible=true, mInsetsRoundedCornerFrame=false}, InsetsSource: {mType=ITYPE_RIGHT_GESTURES, mFrame=[1440,0][1440,3088], mVisible=true, mInsetsRoundedCornerFrame=false}, InsetsSource: {mType=ITYPE_TOP_MANDATORY_GESTURES, mFrame=[0,0][1440,131], mVisible=true, mInsetsRoundedCornerFrame=false}, InsetsSource: {mType=ITYPE_BOTTOM_MANDATORY_GESTURES, mFrame=[0,2920][1440,3088], mVisible=true, mInsetsRoundedCornerFrame=false}, InsetsSource: {mType=ITYPE_LEFT_DISPLAY_CUTOUT, mFrame=[0,0][-100000,3088], mVisible=true, mInsetsRoundedCornerFrame=false}, InsetsSource: {mType=ITYPE_TOP_DISPLAY_CUTOUT, mFrame=[0,0][1440,89], mVisible=true, mInsetsRoundedCornerFrame=false}, InsetsSource: {mType=ITYPE_RIGHT_DISPLAY_CUTOUT, mFrame=[100000,0][1440,3088], mVisible=true, mInsetsRoundedCornerFrame=false}, InsetsSource: {mType=ITYPE_BOTTOM_DISPLAY_CUTOUT, mFrame=[0,100000][1440,3088], mVisible=true, mInsetsRoundedCornerFrame=false}, InsetsSource: {mType=ITYPE_TOP_TAPPABLE_ELEMENT, mFrame=[0,0][1440,90], mVisible=true, mInsetsRoundedCornerFrame=false}, InsetsSource: {mType=ITYPE_BOTTOM_TAPPABLE_ELEMENT, mFrame=[0,2920][1440,3088], mVisible=true, mInsetsRoundedCornerFrame=false}, InsetsSource: {mType=ITYPE_IME, mFrame=[0,0][0,0], mVisible=false, mInsetsRoundedCornerFrame=false} } host=Splash Screen com.yourname.smartrecorder from=android.view.ViewRootImpl.setView:1732
2025-11-28 00:47:30.652  1198-1295  ActivityManager         system_server                        I  Start proc 7711:com.yourname.smartrecorder/u0a1005 for next-top-activity {com.yourname.smartrecorder/com.yourname.smartrecorder.MainActivity}
2025-11-28 00:47:30.652  1198-1295  DynamicHid...ectManager system_server                        D  [SecIpm] it's a ML_TYPE_EMPTYPROCESS protected process com.yourname.smartrecorder
2025-11-28 00:47:30.656  1198-4344  WindowManager           system_server                        V  Relayout Window{d4efde9 u0 Splash Screen com.yourname.smartrecorder}: viewVisibility=0 req=1440x3088 d0
2025-11-28 00:47:30.657   858-886   SurfaceFlinger          surfaceflinger                       I  id=43511 createSurf flag=40004, Splash Screen com.yourname.smartrecorder$_22947#43511
2025-11-28 00:47:30.658  1198-4344  WindowManager           system_server                        D  makeSurface duration=2 name=Splash Screen com.yourname.smartrecorder$_22947
2025-11-28 00:47:30.708  1198-4203  WindowManager           system_server                        D  finishDrawingWindow: Window{d4efde9 u0 Splash Screen com.yourname.smartrecorder} mDrawState=DRAW_PENDING seqId=0
2025-11-28 00:47:30.708  1198-4203  WindowManager           system_server                        V  Finishing drawing window Window{d4efde9 u0 Splash Screen com.yourname.smartrecorder}: mDrawState=DRAW_PENDING
2025-11-28 00:47:30.708  1198-4203  WindowManager           system_server                        V  Draw state now committed in Window{d4efde9 u0 Splash Screen com.yourname.smartrecorder}
2025-11-28 00:47:30.709  1198-1288  WindowManager           system_server                        D  performShow logReadyForDisplay win=Window{d4efde9 u0 Splash Screen com.yourname.smartrecorder} mToken.waitingToShow:true isTransitionSet:true
2025-11-28 00:47:30.712  1198-1288  WindowManager           system_server                        D  createAnimationAdapter(): container=Task{1adb36b #22668 type=standard A=11005:com.yourname.smartrecorder U=0 visible=true visibleRequested=true mode=fullscreen translucent=false sz=1}
2025-11-28 00:47:30.713  1198-1288  WindowManager           system_server                        V  performShowLocked: mDrawState=HAS_DRAWN in Window{d4efde9 u0 Splash Screen com.yourname.smartrecorder}
2025-11-28 00:47:30.713  1198-1288  WindowManager           system_server                        D  	Add container=Task{1adb36b #22668 type=standard A=11005:com.yourname.smartrecorder U=0 visible=true visibleRequested=true mode=fullscreen translucent=false sz=1}
2025-11-28 00:47:30.715  1198-1288  WindowManager           system_server                        D  updateSystemBarAttributes: displayId=0, win=Window{e574210 u0 com.google.android.youtube/com.google.android.youtube.app.honeycomb.Shell$HomeActivity}, navColorWin=Window{d4efde9 u0 Splash Screen com.yourname.smartrecorder}, focusedCanBeNavColorWin=false, behavior=2, appearance=16, statusBarAppearanceRegions=[AppearanceRegion{LIGHT_STATUS_BARS bounds=[0,0][1440,3088]}], requestedVisibilities=ITYPE_STATUS_BAR: visible, ITYPE_NAVIGATION_BAR: visible, ITYPE_CLIMATE_BAR: visible, ITYPE_EXTRA_NAVIGATION_BAR: visible, ITYPE_LOCAL_NAVIGATION_BAR_1: visible, ITYPE_LOCAL_NAVIGATION_BAR_2: visible, from=com.android.server.wm.DisplayPolicy.finishPostLayoutPolicyLw:2531 com.android.server.wm.DisplayContent.applySurfaceChangesTransaction:5713 com.android.server.wm.RootWindowContainer.applySurfaceChangesTransaction:1234 
2025-11-28 00:47:30.715   858-1168  SurfaceFlinger          surfaceflinger                       I  id=43517 createSurf flag=80000, ea9e0dc ActivityRecordInputSink com.yourname.smartrecorder/.MainActivity#43517
2025-11-28 00:47:30.718  1198-1288  WindowManager           system_server                        I  container=Task{1adb36b #22668 type=standard A=11005:com.yourname.smartrecorder U=0 visible=true visibleRequested=true mode=fullscreen translucent=false sz=1}
                                                                                                    Target:
                                                                                                      mode=0 taskId=22668 isTranslucent=false clipRect=[0,0][0,0] contentInsets=[0,90][0,168] prefixOrderIndex=32 position=[0,0] sourceContainerBounds=[0,0][1440,3088] screenSpaceBounds=[0,0][1440,3088] localBounds=[0,0][1440,3088]
                                                                                                      windowConfiguration={ mBounds=Rect(0, 0 - 1440, 3088) mAppBounds=Rect(0, 89 - 1440, 2920) mMaxBounds=Rect(0, 0 - 1440, 3088) mDisplayRotation=ROTATION_0 mWindowingMode=fullscreen mDisplayWindowingMode=fullscreen mActivityType=standard mAlwaysOnTop=undefined mRotation=ROTATION_0 mPopOver=undefined mStageConfig=undefined mFreeformTaskPinningState=unpinned mFreeformStashState=undefined mDexTaskDockingState=undefined}
                                                                                                      leash=Surface(name=Surface(name=Task=22668)/@0xae874fb - animation-leash of app_transition)/@0xdc07918
                                                                                                      taskInfo=TaskInfo{userId=0 taskId=22668 displayId=0 isRunning=true baseIntent=Intent { act=android.intent.action.MAIN cat=[android.intent.category.LAUNCHER] flg=0x10200000 cmp=com.yourname.smartrecorder/.MainActivity } baseActivity=ComponentInfo{com.yourname.smartrecorder/com.yourname.smartrecorder.MainActivity} topActivity=ComponentInfo{com.yourname.smartrecorder/com.yourname.smartrecorder.MainActivity} origActivity=null realActivity=ComponentInfo{com.yourname.smartrecorder/com.yourname.smartrecorder.MainActivity} numActivities=1 lastActiveTime=226873498 supportsSplitScreenMultiWindow=true supportsMultiWindow=true resizeMode=1 isResizeable=true minWidth=-1 minHeight=-1 defaultMinSize=220 token=WCT{RemoteToken{6ae31ad Task{1adb36b #22668 type=standard A=11005:com.yourname.smartrecorder U=0 visible=true visibleRequested=true mode=fullscreen translucent=false sz=1}}} topActivityType=1 pictureInPictureParams=null shouldDockBigOverlays=false launchIntoPipHostTaskId=0 displayCutoutSafeInsets=Rect(0, 89 - 0, 0) topActivityInfo=ActivityInfo{41c0ce2 com.yourname.smartrecorder.MainActivity} launchCookies=[android.os.BinderProxy@4aa8873] positionInParent=Point(0, 0) parentTaskId=-1 isFocused=false isVisible=true isSleeping=false topActivityInSizeCompat=false topActivityEligibleForLetterboxEducation= false locusId=null displayAreaFeatureId=1 cameraCompatControlState=hidden originallySupportedSplitScreen=true hasWallpaper=false isTopTransparentActivity=false topActivityInFixedAspectRatio=false topActivityInDisplayCompat=false topActivityInBoundsCompat=false topActivityBounds=null}
                                                                                                      allowEnterPip=true
                                                                                                      windowType=-1  hasAnimatingParent=false  backgroundColor=0container=Task{b391b2f #1 type=home ?? U=0 visible=false visibleRequested=false mode=fullscreen translucent=true sz=1}
                                                                                                    Target:
                                                                                                      mode=1 taskId=22180 isTranslucent=false clipRect=[0,0][0,0] contentInsets=[0,90][0,168] prefixOrderIndex=28 position=[0,0] sourceContainerBounds=[0,0][1440,3088] screenSpaceBounds=[0,0][1440,3088] localBounds=[0,0][1440,3088]
                                                                                                      windowConfiguration={ mBounds=Rect(0, 0 - 1440, 3088) mAppBounds=Rect(0, 89 - 1440, 2920) mMaxBounds=Rect(0, 0 - 1440, 3088) mDisplayRotation=ROTATION_0 mWindowingMode=fullscreen mDisplayWindowingMode=fullscreen mActivityType=home mAlwaysOnTop=undefined mRotation=ROTATION_0 mPopOver=undefined mStageConfig=undefined mFreeformTaskPinningState=unpinned mFreeformStashState=undefined mDexTaskDockingState=undefined}
                                                                                                      leash=Surface(name=Surface(name=Task=1)/@0xc1b1a94 - animation-leash of app_transition)/@0xf3368a
2025-11-28 00:47:30.721   858-858   Layer                   surfaceflinger                       I  Layer [Splash Screen com.yourname.smartrecorder$_22947#43511] hidden!! flag(0)
2025-11-28 00:47:30.742  1198-1634  SemWifiTra...LayerUtils system_server                        W  getApplicationCategory - IOException com.yourname.smartrecorder
2025-11-28 00:47:30.742  1198-1634  System.err              system_server                        W  java.io.FileNotFoundException: https://play.google.com/store/apps/details?id=com.yourname.smartrecorder&hl=en
2025-11-28 00:47:30.742  1198-4180  ActivityManager         system_server                        I  DSS OFF for com.yourname.smartrecorder
2025-11-28 00:47:30.746  1198-4180  DexController           system_server                        I  getTaskHasActivityIsWaitingToRun: r=ActivityRecord{6fff5e5 u0 com.yourname.smartrecorder/.MainActivity} t22668}, app=ProcessRecord{834fe96 7711:com.yourname.smartrecorder/u0a1005}
2025-11-28 00:47:30.748  1198-4180  WindowManager           system_server                        D  rotationForOrientation, orientationSource=ActivityRecord{6fff5e5 u0 com.yourname.smartrecorder/.MainActivity} t22668}
2025-11-28 00:47:30.754  1198-1539  SGM:FgCheckThread       system_server                        D  onLooperPrepared(), msg: MSG_APP_CREATE, pkgName: com.yourname.smartrecorder, userId: 0
2025-11-28 00:47:30.763  1198-4180  SGM:PkgDataHelper       system_server                        D  notifyAppCreate(), pkgName: com.yourname.smartrecorder, userId: 0, sendRet: true
2025-11-28 00:47:30.763  1198-4180  MARsPolicyManager       system_server                        D  onPackageResumedFG pkgName = com.yourname.smartrecorder, userId = 0
2025-11-28 00:47:30.764  1198-4180  ActivityTaskManager     system_server                        D  scheduleTopResumedActivityChanged, onTop=true r=ActivityRecord{6fff5e5 u0 com.yourname.smartrecorder/.MainActivity} t22668} caller=com.android.server.wm.ActivityTaskSupervisor.scheduleTopResumedActivityStateIfNeeded:2535 com.android.server.wm.ActivityTaskSupervisor.updateTopResumedActivityIfNeeded:2527 com.android.server.wm.TaskFragment.setResumedActivity:493 com.android.server.wm.TaskFragment.onActivityStateChanged:805 com.android.server.wm.ActivityRecord.setState:6428 com.android.server.wm.Task.minimalResumeActivityLocked:6155 
2025-11-28 00:47:30.764  1198-4180  InputDispatcher         system_server                        D  Focused application(0): ActivityRecord{6fff5e5 u0 com.yourname.smartrecorder/.MainActivity} t22668}
2025-11-28 00:47:30.765  1198-4180  SGM:FgCheckThread       system_server                        D    sendRunningComponentFocus(), pkgName: com.yourname.smartrecorder, userId: 0
2025-11-28 00:47:30.765  1198-1539  SGM:FgCheckThread       system_server                        D  onLooperPrepared(), msg: MSG_TASK_FOCUSED, pkgName: com.yourname.smartrecorder, userId: 0
2025-11-28 00:47:30.765  1198-1539  SGM:FgCheckThread       system_server                        D    handleTaskFocused(), pkgName: com.yourname.smartrecorder, userID:0
2025-11-28 00:47:30.765  1198-1539  SGM:FgCheckThread       system_server                        D    handleResume(). pkgName: com.yourname.smartrecorder, userId: 0, isTunableApp: null
2025-11-28 00:47:30.765  1198-1539  SGM:FgCheckThread       system_server                        D  notifyFocusInOut(). of pkg: com.yourname.smartrecorder, type: 4, isTunableApp: false, userId: 0
2025-11-28 00:47:30.767   858-858   SurfaceFlinger          surfaceflinger                       D  Display 4633128672291735937 HWC layers:
                                                                                                         CLIENT | 0x70f52e0910 | 0100 | RGBx_8888    |  120.0    0.0 1200.0 2316.0 |    0    0 1440 3088 | Wallpaper BBQ wrapper#4633
                                                                                                         CLIENT | 0x70f52a0950 | 0100 | RGBA_8888    |    0.0    0.0 1440.0 3088.0 |    0    0 1440 3088 | com.sec.android.app.launcher/com.sec[...]erActivity$_2188#43501 (blurRegions)
                                                                                                         CLIENT | 0x70f52ea210 | 0100 | RGBA_8888    |    0.0  789.0 1440.0 2229.0 |  774 1365 1001 1592 | Splash Screen com.yourname.smartrecorder$_22947#43511
                                                                                                         CLIENT |              | 0000 |  Unknown  |    0.0    0.0    0.0    0.0 |  693  132 1402  546 | Task=22605#37284
                                                                                                         CLIENT |              | 0002 |  Unknown  |    0.0    0.0    0.0    0.0 |  711  150 1384  528 | Background for SurfaceView[com.googl[...]oneycomb.Shell$HomeActivity]@0#41541
                                                                                                         CLIENT | 0x70f52afe90 | 0102 | 0x0000105    |    0.0    0.0  854.0  480.0 |  711  150 1384  528 | SurfaceView[com.google.android.youtu[...]b.Shell$HomeActivity]@0(BLAST)#41540
                                                                                                         CLIENT | 0x70f52da190 | 0100 | RGB
2025-11-28 00:47:30.889  1198-1287  GameSDK@LifeCycle       system_server                        I  noteResumeComponent(): package name  : com.yourname.smartrecorder
2025-11-28 00:47:30.890  1198-1287  SGM:GameManager         system_server                        D  identifyGamePackage. com.yourname.smartrecorder, mCurrentUserId: 0, callerUserId: 0, callingMethodInfo: com.android.server.ssrm.SortingMachine.isGame(SortingMachine.java:162)
2025-11-28 00:47:30.890  1198-1287  SGM:PkgDataHelper       system_server                        D  getGamePkgData(). com.yourname.smartrecorder
2025-11-28 00:47:30.890  4879-24538 Routine@Co...stenerImpl com.samsung.android.app.routines     I  onResumeComponent: componentName - ComponentInfo{com.yourname.smartrecorder/com.yourname.smartrecorder.MainActivity}
2025-11-28 00:47:30.894  4533-4533  ActivityUtils           com...ndroid.app.cocktailbarservice  I  HomePackage : com.sec.android.app.launcher, resumePackageName : com.yourname.smartrecorder
2025-11-28 00:47:30.895  1198-1287  SGM:FgCheckThread       system_server                        D  noteResumeComponent(), received pkgName: com.yourname.smartrecorder, userId: 0
2025-11-28 00:47:30.896  1198-1539  SGM:FgCheckThread       system_server                        D  onLooperPrepared(), msg: MSG_APP_RESUME, pkgName: com.yourname.smartrecorder, userid: 0
2025-11-28 00:47:30.896  1198-1287  SGM:GameManager         system_server                        D  identifyGamePackage. com.yourname.smartrecorder, mCurrentUserId: 0, callerUserId: 0, callingMethodInfo: com.samsung.android.game.SemGameManager.isGamePackage(SemGameManager.java:104)
2025-11-28 00:47:30.896  1198-1287  SGM:PkgDataHelper       system_server                        D  getGamePkgData(). com.yourname.smartrecorder
2025-11-28 00:47:30.896  1198-1287  SGM:SemGameManager      system_server                        D  isGamePackage(), pkgName=com.yourname.smartrecorder, ret=false
2025-11-28 00:47:30.948  1198-2005  MdnieScena...rolService system_server                        D   packageName : com.yourname.smartrecorder    className : com.yourname.smartrecorder.MainActivity
2025-11-28 00:47:30.989  1198-4203  WindowManager           system_server                        D  	container=Task{1adb36b #22668 type=standard A=11005:com.yourname.smartrecorder U=0 visible=true visibleRequested=true mode=fullscreen translucent=false sz=1}
2025-11-28 00:47:31.011   858-858   SurfaceFlinger          surfaceflinger                       D  Display 4633128672291735937 HWC layers:
                                                                                                         DEVICE | 0x70f52ea210 | 0100 | RGBA_8888    |    0.0    0.0 1440.0 3088.0 |    0    0 1440 3088 | Splash Screen com.yourname.smartrecorder$_22947#43511
                                                                                                         CLIENT |              | 0000 |  Unknown  |    0.0    0.0    0.0    0.0 |  693  132 1402  546 | Task=22605#37284
                                                                                                         CLIENT |              | 0002 |  Unknown  |    0.0    0.0    0.0    0.0 |  711  150 1384  528 | Background for SurfaceView[com.googl[...]oneycomb.Shell$HomeActivity]@0#41541
                                                                                                         CLIENT | 0x70f52afe90 | 0102 | 0x0000105    |    0.0    0.0  854.0  480.0 |  711  150 1384  528 | SurfaceView[com.google.android.youtu[...]b.Shell$HomeActivity]@0(BLAST)#41540
                                                                                                         CLIENT | 0x70f52da190 | 0100 | RGBA_8888    |    0.0    0.0  673.0  378.0 |  711  150 1384  528 | com.google.android.youtube/com.googl[...]comb.Shell$HomeActivity$_29596#41535
                                                                                                         DEVICE | 0x70f52ea8d0 | 0100 | RGBA_8888    |    0.0    0.0 1440.0   90.0 |    0    0 1440   90 | StatusBar$_22947#4630
                                                                                                         DEVICE | 0x70f52a0ef0 | 0100 | RGBA_888
2025-11-28 00:47:31.217  7711-7711  nativeloader            com.yourname.smartrecorder           D  Configuring clns-4 for other apk /data/app/~~OGgE_1hp8cnjCT2PpxC9Dw==/com.yourname.smartrecorder-RkMusG-mXiJkKUGItNZT9w==/base.apk. target_sdk_version=36, uses_libraries=, library_path=/data/app/~~OGgE_1hp8cnjCT2PpxC9Dw==/com.yourname.smartrecorder-RkMusG-mXiJkKUGItNZT9w==/lib/arm64:/data/app/~~OGgE_1hp8cnjCT2PpxC9Dw==/com.yourname.smartrecorder-RkMusG-mXiJkKUGItNZT9w==/base.apk!/lib/arm64-v8a, permitted_path=/data:/mnt/expand:/data/user/0/com.yourname.smartrecorder
2025-11-28 00:47:31.224  7711-7711  nativeloader            com.yourname.smartrecorder           D  Load libframework-connectivity-jni.so using APEX ns com_android_tethering for caller /apex/com.android.tethering/javalib/framework-connectivity.jar: ok
2025-11-28 00:47:31.239  7711-7711  GraphicsEnvironment     com.yourname.smartrecorder           V  ANGLE Developer option for 'com.yourname.smartrecorder' set to: 'default'
2025-11-28 00:47:31.239  7711-7711  GraphicsEnvironment     com.yourname.smartrecorder           V  ANGLE GameManagerService for com.yourname.smartrecorder: false
2025-11-28 00:47:31.240  7711-7711  GraphicsEnvironment     com.yourname.smartrecorder           V  App is not on the allowlist for updatable production driver.
2025-11-28 00:47:31.245  7711-7711  NetworkSecurityConfig   com.yourname.smartrecorder           D  No Network Security Config specified, using platform default
2025-11-28 00:47:31.261  7711-7711  NetworkSecurityConfig   com.yourname.smartrecorder           D  No Network Security Config specified, using platform default
2025-11-28 00:47:31.277  7711-7711  WM-WrkMgrInitializer    com.yourname.smartrecorder           D  Initializing WorkManager with default configuration.
2025-11-28 00:47:31.306  1198-4343  PackageManager          system_server                        D  setEnabledSetting : userId = 0 packageName = com.yourname.smartrecorder cmp = androidx.work.impl.background.systemjob.SystemJobService newState = 1 callingPackage = 11005/com.yourname.smartrecorder
2025-11-28 00:47:31.307  1198-4343  ApplicationPolicy       system_server                        D  getApplicationStateEnabled : pkg = com.yourname.smartrecorder userId : 0
2025-11-28 00:47:31.307  1198-4343  ApplicationPolicy       system_server                        D  getApplicationComponentState : pkg = com.yourname.smartrecorder userId : 0
2025-11-28 00:47:31.310  7711-7711  WM-PackageManagerHelper com.yourname.smartrecorder           D  androidx.work.impl.background.systemjob.SystemJobService enabled
2025-11-28 00:47:31.310  7711-7711  WM-Schedulers           com.yourname.smartrecorder           D  Created SystemJobScheduler and enabled SystemJobService
2025-11-28 00:47:31.343  7711-7711  SmartRecor...Transcript com.yourname.smartrecorder           D  SmartRecorderApplication onCreate
2025-11-28 00:47:31.351  7711-7821  OpenGLRenderer          com.yourname.smartrecorder           D  RenderThread::requireGlContext()
2025-11-28 00:47:31.378  7711-7821  OpenGLRenderer          com.yourname.smartrecorder           D  RenderThread::setGrContext()
2025-11-28 00:47:31.381  7711-7711  DecorView               com.yourname.smartrecorder           I  [INFO] isPopOver=false config=true
2025-11-28 00:47:31.381  7711-7711  DecorView               com.yourname.smartrecorder           I  updateCaptionType: isFloating=false isApplication=true hasWindowDecorCaption=false this=DecorView@ef6d448[]
2025-11-28 00:47:31.381  7711-7711  DecorView               com.yourname.smartrecorder           D  setCaptionType = 0, this = DecorView@ef6d448[]
2025-11-28 00:47:31.383  7711-7711  DecorView               com.yourname.smartrecorder           I  getCurrentDensityDpi: from real metrics. densityDpi=560 msg=resources_loaded
2025-11-28 00:47:31.383  7711-7711  DecorView               com.yourname.smartrecorder           I  setWindowBackground: isPopOver=false color=fffafafa d=android.graphics.drawable.ColorDrawable@85c7806
2025-11-28 00:47:31.387  7711-7711  PhoneWindow             com.yourname.smartrecorder           D  forceLight changed to false [] from com.android.internal.policy.PhoneWindow.updateForceLightNavigationBar:4314 com.android.internal.policy.PhoneWindow.setNavigationBarColor:4033 androidx.activity.EdgeToEdgeApi29.setUp:322 androidx.activity.EdgeToEdge.enable:95 androidx.activity.EdgeToEdge.enable$default:69 
2025-11-28 00:47:31.400  7711-7809  Compatibil...geReporter com.yourname.smartrecorder           D  Compat change id reported: 160794467; UID 11005; state: ENABLED
2025-11-28 00:47:31.401  7711-7711  MSHandlerLifeCycle      com.yourname.smartrecorder           I  check: return. pkg=com.yourname.smartrecorder parent=null callers=com.android.internal.policy.DecorView.setVisibility:4412 android.app.ActivityThread.handleResumeActivity:5476 android.app.servertransaction.ResumeActivityItem.execute:54 android.app.servertransaction.ActivityTransactionItem.execute:45 android.app.servertransaction.TransactionExecutor.executeLifecycleState:176 
2025-11-28 00:47:31.401  7711-7711  MSHandlerLifeCycle      com.yourname.smartrecorder           I  removeMultiSplitHandler: no exist. decor=DecorView@ef6d448[]
2025-11-28 00:47:31.409  7711-7821  NativeCust...ncyManager com.yourname.smartrecorder           D  [NativeCFMS] BpCustomFrequencyManager::BpCustomFrequencyManager()
2025-11-28 00:47:31.412  7711-7711  DecorView               com.yourname.smartrecorder           I  notifyKeepScreenOnChanged: keepScreenOn=false
2025-11-28 00:47:31.415   858-1168  SurfaceFlinger          surfaceflinger                       I  id=43518 createSurf flag=80004, 658edce com.yourname.smartrecorder/com.yourname.smartrecorder.MainActivity#43518
2025-11-28 00:47:31.418  7711-7711  InsetsController        com.yourname.smartrecorder           D  onStateChanged: InsetsState: {mDisplayFrame=Rect(0, 0 - 1440, 3088), mDisplayCutout=DisplayCutout{insets=Rect(0, 89 - 0, 0) waterfall=Insets{left=0, top=0, right=0, bottom=0} boundingRect={Bounds=[Rect(0, 0 - 0, 0), Rect(685, 0 - 755, 89), Rect(0, 0 - 0, 0), Rect(0, 0 - 0, 0)]} cutoutPathParserInfo={CutoutPathParserInfo{displayWidth=1440 displayHeight=3088 physicalDisplayWidth=1440 physicalDisplayHeight=3088 density={3.5} cutoutSpec={M 0,0 H -10 V 25.42857142857143 H 10 V 0 H 0 Z @dp} rotation={0} scale={1.0} physicalPixelDisplaySizeRatio={1.0}}}}, mRoundedCorners=RoundedCorners{[RoundedCorner{position=TopLeft, radius=112, center=Point(112, 112)}, RoundedCorner{position=TopRight, radius=112, center=Point(1328, 112)}, RoundedCorner{position=BottomRight, radius=112, center=Point(1328, 2976)}, RoundedCorner{position=BottomLeft, radius=112, center=Point(112, 2976)}]}  mRoundedCornerFrame=Rect(0, 0 - 1440, 3088), mPrivacyIndicatorBounds=PrivacyIndicatorBounds {static bounds=Rect(1286, 0 - 1440, 90) rotation=0}, mSources= { InsetsSource: {mType=ITYPE_STATUS_BAR, mFrame=[0,0][1440,90], mVisible=true, mInsetsRoundedCornerFrame=false}, InsetsSource: {mType=ITYPE_NAVIGATION_BAR, mFrame=[0,2920][1440,3088], mVisible=true, mInsetsRoundedCornerFrame=false}, InsetsSource: {mType=ITYPE_LEFT_GESTURES, mFrame=[0,0][0,3088], mVisible=true, mInsetsRoundedCornerFrame=false}, InsetsSource: {mType=ITYPE_RIGHT_GESTURES, mFrame=[1440,0][1440,3088], mVisible=true, mInsetsRoundedCornerFrame=false}, InsetsSource: {mType=ITYPE_TOP_MANDATORY_GESTURES, mFrame=[0,0][1440,131], mVisible=true, mInsetsRoundedCornerFrame=false}, InsetsSource: {mType=ITYPE_BOTTOM_MANDATORY_GESTURES, mFrame=[0,2920][1440,3088], mVisible=true, mInsetsRoundedCornerFrame=false}, InsetsSource: {mType=ITYPE_LEFT_DISPLAY_CUTOUT, mFrame=[0,0][-100000,3088], mVisible=true, mInsetsRoundedCornerFrame=false}, InsetsSource: {mType=ITYPE_TOP_DISPLAY_CUTOUT, mFrame=[0,0][1440,89], mVisible=true, mInsetsRoundedCornerFrame=false}, InsetsSource: {mType=ITYPE_RIGHT_DISPLAY_CUTOUT, mFrame=[100000,0][1440,3088], mVisible=true, mInsetsRoundedCornerFrame=false}, InsetsSource: {mType=ITYPE_BOTTOM_DISPLAY_CUTOUT, mFrame=[0,100000][1440,3088], mVisible=true, mInsetsRoundedCornerFrame=false}, InsetsSource: {mType=ITYPE_TOP_TAPPABLE_ELEMENT, mFrame=[0,0][1440,90], mVisible=true, mInsetsRoundedCornerFrame=false}, InsetsSource: {mType=ITYPE_BOTTOM_TAPPABLE_ELEMENT, mFrame=[0,2920][1440,3088], mVisible=true, mInsetsRoundedCornerFrame=false} } host=com.yourname.smartrecorder/com.yourname.smartrecorder.MainActivity from=android.view.ViewRootImpl.setView:1732
2025-11-28 00:47:31.419  7711-7711  ViewRootIm...nActivity] com.yourname.smartrecorder           I  setView = com.android.internal.policy.DecorView@ef6d448 TM=true
2025-11-28 00:47:31.420  7711-7711  MSHandlerLifeCycle      com.yourname.smartrecorder           I  removeMultiSplitHandler: no exist. decor=DecorView@ef6d448[MainActivity]
2025-11-28 00:47:31.426  1198-4344  CoreBackPreview         system_server                        D  Window{658edce u0 com.yourname.smartrecorder/com.yourname.smartrecorder.MainActivity}: Setting back callback OnBackInvokedCallbackInfo{mCallback=android.window.IOnBackInvokedCallback$Stub$Proxy@71a18da, mPriority=-1}
2025-11-28 00:47:31.451  7711-7817  SmartRecor...Transcript com.yourname.smartrecorder           D  First launch - downloading Whisper model to internal storage...
2025-11-28 00:47:31.462  7711-7818  SmartRecor...Transcript com.yourname.smartrecorder           D  Acquired download lock, starting download...
2025-11-28 00:47:31.463  7711-7818  SmartRecor...Transcript com.yourname.smartrecorder           D  Downloading from URL 1/3
2025-11-28 00:47:31.539  7711-7711  e.smartrecorder         com.yourname.smartrecorder           I  hiddenapi: Accessing hidden method Landroid/os/SystemProperties;->addChangeCallback(Ljava/lang/Runnable;)V (runtime_flags=0, domain=platform, api=unsupported) from Landroidx/compose/ui/platform/AndroidComposeView$Companion; (domain=app) using reflection: allowed
2025-11-28 00:47:31.618  7711-7711  DecorView               com.yourname.smartrecorder           I  notifyKeepScreenOnChanged: keepScreenOn=false
2025-11-28 00:47:31.621  7711-7711  ViewRootIm...nActivity] com.yourname.smartrecorder           I  performTraversals params={(0,0)(fillxfill) sim={adjust=pan forwardNavigation} layoutInDisplayCutoutMode=always ty=BASE_APPLICATION wanim=0x1030309
                                                                                                      fl=81810100
                                                                                                      pfl=16020040
                                                                                                      vsysui=110
                                                                                                      apr=LIGHT_NAVIGATION_BARS
                                                                                                      bhv=DEFAULT
                                                                                                      fitSides= naviIconColor=0}
2025-11-28 00:47:31.624  7711-7711  ViewRootIm...nActivity] com.yourname.smartrecorder           I  performTraversals mFirst=true windowShouldResize=true viewVisibilityChanged=false mForceNextWindowRelayout=false params={(0,0)(fillxfill) sim={adjust=pan forwardNavigation} layoutInDisplayCutoutMode=always ty=BASE_APPLICATION wanim=0x1030309
                                                                                                      fl=81810100
                                                                                                      pfl=16020040
                                                                                                      vsysui=110
                                                                                                      apr=LIGHT_NAVIGATION_BARS
                                                                                                      bhv=DEFAULT
                                                                                                      fitSides= naviIconColor=0}
2025-11-28 00:47:31.624  1198-4344  WindowManager           system_server                        V  Relayout Window{658edce u0 com.yourname.smartrecorder/com.yourname.smartrecorder.MainActivity}: viewVisibility=0 req=1440x3088 d0
2025-11-28 00:47:31.625   858-1168  SurfaceFlinger          surfaceflinger                       I  id=43519 createSurf flag=40004, com.yourname.smartrecorder/com.yourname.smartrecorder.MainActivity$_7711#43519
2025-11-28 00:47:31.626  1198-4344  WindowManager           system_server                        D  makeSurface duration=1 name=com.yourname.smartrecorder/com.yourname.smartrecorder.MainActivity$_7711
2025-11-28 00:47:31.628  1198-4344  WindowManager           system_server                        V  Changing focus from null to Window{658edce u0 com.yourname.smartrecorder/com.yourname.smartrecorder.MainActivity} displayId=0 Callers=com.android.server.wm.RootWindowContainer.updateFocusedWindowLocked:595 com.android.server.wm.WindowManagerService.updateFocusedWindowLocked:6810 com.android.server.wm.WindowManagerService.relayoutWindow:2820 com.android.server.wm.Session.relayout:274 
2025-11-28 00:47:31.628  1198-4344  MARsPolicyManager       system_server                        D  onPackageResumedFG pkgName = com.yourname.smartrecorder, userId = 0
2025-11-28 00:47:31.632  1198-4344  WindowManager           system_server                        D  updateSystemBarAttributes: displayId=0, win=Window{658edce u0 com.yourname.smartrecorder/com.yourname.smartrecorder.MainActivity}, navColorWin=Window{d4efde9 u0 Splash Screen com.yourname.smartrecorder}, focusedCanBeNavColorWin=false, behavior=1, appearance=16, statusBarAppearanceRegions=[AppearanceRegion{LIGHT_STATUS_BARS bounds=[0,0][1440,3088]}], requestedVisibilities=, from=com.android.server.wm.DisplayPolicy.focusChangedLw:3251 com.android.server.wm.DisplayContent.updateFocusedWindowLocked:4632 com.android.server.wm.RootWindowContainer.updateFocusedWindowLocked:595 
2025-11-28 00:47:31.634  7711-7711  ViewRootIm...nActivity] com.yourname.smartrecorder           I  updateBlastSurfaceIfNeeded mBlastBufferQueue=null isSameSurfaceControl=false
2025-11-28 00:47:31.634  7711-7711  BLASTBufferQueue        com.yourname.smartrecorder           I  new BLASTBufferQueue, mName= ViewRootImpl@eb901d5[MainActivity] mNativeObject= 0x71adc36910 sc.mNativeObject= 0x713dc4e6a0 caller= android.view.ViewRootImpl.updateBlastSurfaceIfNeeded:2909 android.view.ViewRootImpl.relayoutWindow:9847 android.view.ViewRootImpl.performTraversals:3884 android.view.ViewRootImpl.doTraversal:3116 android.view.ViewRootImpl$TraversalRunnable.run:10885 android.view.Choreographer$CallbackRecord.run:1301 android.view.Choreographer$CallbackRecord.run:1309 android.view.Choreographer.doCallbacks:923 android.view.Choreographer.doFrame:852 android.view.Choreographer$FrameDisplayEventReceiver.run:1283 
2025-11-28 00:47:31.634  7711-7711  BLASTBufferQueue        com.yourname.smartrecorder           I  update, w= 1440 h= 3088 mName = ViewRootImpl@eb901d5[MainActivity] mNativeObject= 0x71adc36910 sc.mNativeObject= 0x713dc4e6a0 format= -1 caller= android.graphics.BLASTBufferQueue.<init>:84 android.view.ViewRootImpl.updateBlastSurfaceIfNeeded:2909 android.view.ViewRootImpl.relayoutWindow:9847 android.view.ViewRootImpl.performTraversals:3884 android.view.ViewRootImpl.doTraversal:3116 android.view.ViewRootImpl$TraversalRunnable.run:10885 
2025-11-28 00:47:31.635  7711-7711  ViewRootIm...nActivity] com.yourname.smartrecorder           I  Relayout returned: old=(0,0,1440,3088) new=(0,0,1440,3088) req=(1440,3088)0 dur=10 res=0x3 s={true 0x723dc5e210} ch=true seqId=0
2025-11-28 00:47:31.637  7711-7711  ViewRootIm...nActivity] com.yourname.smartrecorder           I  mThreadedRenderer.initialize() mSurface={isValid=true 0x723dc5e210} hwInitialized=true
2025-11-28 00:47:31.643  7711-7821  OpenGLRenderer          com.yourname.smartrecorder           D  eglCreateWindowSurface
2025-11-28 00:47:31.648  7711-7711  ViewRootIm...nActivity] com.yourname.smartrecorder           I  reportNextDraw android.view.ViewRootImpl.performTraversals:4438 android.view.ViewRootImpl.doTraversal:3116 android.view.ViewRootImpl$TraversalRunnable.run:10885 android.view.Choreographer$CallbackRecord.run:1301 android.view.Choreographer$CallbackRecord.run:1309 
2025-11-28 00:47:31.648  7711-7711  ViewRootIm...nActivity] com.yourname.smartrecorder           I  Setup new sync id=0
2025-11-28 00:47:31.648  7711-7711  ViewRootIm...nActivity] com.yourname.smartrecorder           I  Setting syncFrameCallback
2025-11-28 00:47:31.648  7711-7711  ViewRootIm...nActivity] com.yourname.smartrecorder           I  registerCallbacksForSync syncBuffer=false
2025-11-28 00:47:31.648  7711-7885  Gralloc4                com.yourname.smartrecorder           I  mapper 4.x is not supported
2025-11-28 00:47:31.649  7711-7885  Gralloc3                com.yourname.smartrecorder           W  mapper 3.x is not supported
2025-11-28 00:47:31.652  7711-7885  gralloc                 com.yourname.smartrecorder           I  Arm Module v1.0
2025-11-28 00:47:31.652  7711-7888  ViewRootIm...nActivity] com.yourname.smartrecorder           I  Received frameDrawingCallback syncResult=0 frameNum=1.
2025-11-28 00:47:31.652  7711-7888  ViewRootIm...nActivity] com.yourname.smartrecorder           I  Setting up sync and frameCommitCallback
2025-11-28 00:47:31.655   858-858   SurfaceFlinger          surfaceflinger                       I  [658edce com.yourname.smartrecorder/com.yourname.smartrecorder.MainActivity#43518] FrameRatePriority: 1
2025-11-28 00:47:31.656  7711-7885  Gralloc4                com.yourname.smartrecorder           W  allocator 4.x is not supported
2025-11-28 00:47:31.656   858-979   SurfaceFlinger          surfaceflinger                       D  [input] setFocusedWindow: 658edce com.yourname.smartrecorder/com.yourname.smartrecorder.MainActivity
2025-11-28 00:47:31.656  1198-4180  InputDispatcher         system_server                        D  Focus request (0): 658edce com.yourname.smartrecorder/com.yourname.smartrecorder.MainActivity but waiting because NOT_VISIBLE
2025-11-28 00:47:31.657  7711-7885  Gralloc3                com.yourname.smartrecorder           W  allocator 3.x is not supported
2025-11-28 00:47:31.693  7711-7821  BLASTBufferQueue        com.yourname.smartrecorder           I  [ViewRootImpl@eb901d5[MainActivity]#0](f:0,a:0) onFrameAvailable the first frame is available
2025-11-28 00:47:31.694  7711-7821  ViewRootIm...nActivity] com.yourname.smartrecorder           I  Received frameCommittedCallback lastAttemptedDrawFrameNum=1 didProduceBuffer=true
2025-11-28 00:47:31.694  7711-7821  OpenGLRenderer          com.yourname.smartrecorder           D  CFMS:: SetUp Pid : 7711    Tid : 7821
2025-11-28 00:47:31.699  7711-7821  Parcel                  com.yourname.smartrecorder           W  Expecting binder but got null!
2025-11-28 00:47:31.699  7711-7711  ViewRootIm...nActivity] com.yourname.smartrecorder           I  onSyncComplete
2025-11-28 00:47:31.700  7711-7711  ViewRootIm...nActivity] com.yourname.smartrecorder           I  setupSync seqId=0 mSyncId=0 fn=1 caller=android.view.ViewRootImpl$$ExternalSyntheticLambda11.accept:6 android.window.SurfaceSyncer.lambda$setupSync$1$android-window-SurfaceSyncer:128 android.window.SurfaceSyncer$$ExternalSyntheticLambda1.accept:8 android.window.SurfaceSyncer$SyncSet.checkIfSyncIsComplete:382 android.window.SurfaceSyncer$SyncSet.markSyncReady:359 android.window.SurfaceSyncer.markSyncReady:151 android.view.ViewRootImpl.performTraversals:4503 
2025-11-28 00:47:31.700  7711-7711  ViewRootIm...nActivity] com.yourname.smartrecorder           I  reportDrawFinished seqId=0 mSyncId=-1 fn=1 mSurfaceChangedTransaction=0x716dc3b950
2025-11-28 00:47:31.700  1198-4180  WindowManager           system_server                        D  finishDrawingWindow: Window{658edce u0 com.yourname.smartrecorder/com.yourname.smartrecorder.MainActivity} mDrawState=DRAW_PENDING seqId=0
2025-11-28 00:47:31.706  1198-1288  WindowManager           system_server                        V  Finish starting ActivityRecord{6fff5e5 u0 com.yourname.smartrecorder/.MainActivity} t22668}: first real window is shown, no animation
2025-11-28 00:47:31.706  1198-1288  WindowManager           system_server                        V  Schedule remove starting ActivityRecord{6fff5e5 u0 com.yourname.smartrecorder/.MainActivity} t22668} startingWindow=null startingView=null Callers=com.android.server.wm.ActivityRecord.removeStartingWindow:3246 com.android.server.wm.ActivityRecord.onFirstWindowDrawn:7482 com.android.server.wm.WindowState.performShowLocked:5519 com.android.server.wm.WindowStateAnimator.commitFinishDrawingLocked:352 com.android.server.wm.DisplayContent.lambda$new$8:1189 
2025-11-28 00:47:31.709  1198-1284  PkgPredict...erviceImpl system_server                        I  reportToNAP uid:11005 com.yourname.smartrecorder/com.yourname.smartrecorder.MainActivity thisTime:1083
2025-11-28 00:47:31.714  1198-1288  WindowManager           system_server                        V  performShowLocked: mDrawState=HAS_DRAWN in Window{658edce u0 com.yourname.smartrecorder/com.yourname.smartrecorder.MainActivity}
2025-11-28 00:47:31.722   858-858   Layer                   surfaceflinger                       I  Layer [com.yourname.smartrecorder/com.yourname.smartrecorder.MainActivity$_7711#43519] hidden!! flag(0)
2025-11-28 00:47:31.724  1198-1288  TaskOrganizerController system_server                        D  applyStartingWindowAnimation, window=Window{658edce u0 com.yourname.smartrecorder/com.yourname.smartrecorder.MainActivity}, caller=com.android.server.wm.TaskOrganizerController.removeStartingWindow:573 com.android.server.wm.StartingSurfaceController$StartingSurface.remove:287 com.android.server.wm.ActivityRecord.lambda$removeStartingWindowAnimation$6:3311 
2025-11-28 00:47:31.724  1198-1288  WindowManager           system_server                        I  Reparenting to leash, surface=Surface(name=658edce com.yourname.smartrecorder/com.yourname.smartrecorder.MainActivity)/@0x82f4851, leashParent=Surface(name=ActivityRecord{6fff5e5 u0 com.yourname.smartrecorder/.MainActivity} t22668})/@0x3d0a8b6
2025-11-28 00:47:31.724   858-886   SurfaceFlinger          surfaceflinger                       I  id=43522 createSurf flag=24000, Surface(name=658edce com.yourname.smartrecorder/com.yourname.smartrecorder.MainActivity)/@0x82f4851 - animation-leash of starting_reveal#43522
2025-11-28 00:47:31.724  1198-4343  InputDispatcher         system_server                        D  Focus entered window (0): 658edce com.yourname.smartrecorder/com.yourname.smartrecorder.MainActivity
2025-11-28 00:47:31.729  1198-1284  ActivityTaskManager     system_server                        I  Displayed com.yourname.smartrecorder/.MainActivity: +1s83ms
2025-11-28 00:47:31.729  1198-1284  Pageboost               system_server                        I  Launch time gathered : pid 7711 com.yourname.smartrecorder 1083
2025-11-28 00:47:31.730   858-858   SurfaceFlinger          surfaceflinger                       D  Display 4633128672291735937 HWC layers:
                                                                                                         DEVICE | 0x70f52d2a50 | 0102 | RGBA_8888    |    0.0    0.0 1440.0 3088.0 |    0    0 1440 3088 | com.yourname.smartrecorder/com.yourn[...]artrecorder.MainActivity$_7711#43519
                                                                                                         DEVICE | 0x70f52ea210 | 0100 | RGBA_8888    |    0.0    0.0 1440.0 3088.0 |    0    0 1440 3088 | Splash Screen com.yourname.smartrecorder$_22947#43511
                                                                                                         CLIENT |              | 0000 |  Unknown  |    0.0    0.0    0.0    0.0 |  693  132 1402  546 | Task=22605#37284
                                                                                                         CLIENT |              | 0002 |  Unknown  |    0.0    0.0    0.0    0.0 |  711  150 1384  528 | Background for SurfaceView[com.googl[...]oneycomb.Shell$HomeActivity]@0#41541
                                                                                                         CLIENT | 0x70f52afe90 | 0102 | 0x0000105    |    0.0    0.0  854.0  480.0 |  711  150 1384  528 | SurfaceView[com.google.android.youtu[...]b.Shell$HomeActivity]@0(BLAST)#41540
