2025-11-28 17:38:13.530 22947-22947 SamsungLig...trolHelper com.android.systemui                 D  onStatusBarAppearanceChanged() -  sbModeChanged:false, statusBarMode:MODE_TRANSPARENT, barState:SHADE, isKeyguardShowing:false, navbarColorManagedByIme:false, stackAppearancesChanged:true, (AppearanceRegion{ bounds=[0,0][1440,3088]}, ), packageName:com.yourname.smartrecorder
2025-11-28 17:38:13.530 22947-22947 SamsungLig...trolHelper com.android.systemui                 D  updateStatus(WHITE icon) NumStacks:1, StatusBarMode:MODE_TRANSPARENT, lightBarBounds:[], StatusBarState:SHADE, packageName:com.yourname.smartrecorder, isWhiteKeyguardStatusBarBySettings:true
2025-11-28 17:38:13.531  1198-1288  ActivityTaskManager     system_server                        D  mStartingWindow and mStartingData is null for token=ActivityRecord{25f917f u0 com.yourname.smartrecorder/.MainActivity} t22755}
2025-11-28 17:38:13.531 13882-13919 MediaMetadataRetriever  com.yourname.smartrecorder           V  setDataSource(fd) return(0)
2025-11-28 17:38:13.531 13882-13919 MediaMetadataRetriever  com.yourname.smartrecorder           V  extractMetadata(9)
2025-11-28 17:38:13.546   858-858   Layer                   surfaceflinger                       I  Layer [com.yourname.smartrecorder/com.yourname.smartrecorder.MainActivity$_13882#52564] hidden!! flag(0)
2025-11-28 17:38:13.548 13882-13919 MediaMetadataRetriever  com.yourname.smartrecorder           V  destructor
2025-11-28 17:38:13.549 13882-13919 MediaMetadataRetriever  com.yourname.smartrecorder           V  disconnect
2025-11-28 17:38:13.551 13882-13919 SmartRecorder/Import    com.yourname.smartrecorder           D  Audio duration extracted -> 46972 ms
2025-11-28 17:38:13.551 13882-13919 SmartRecorder/Import    com.yourname.smartrecorder           D  Saving recording to database -> id: 3c2e7509-2224-453a-aecd-27200813f154, title: Lesson 2
2025-11-28 17:38:13.551 13882-13919 SmartRecor...Repository com.yourname.smartrecorder           D  [BG] [DB: recordings] INSERT -> id=3c2e7509-2224-453a-aecd-27200813f154, title=Lesson 2, duration=46972ms
2025-11-28 17:38:13.581  1198-1747  InputDispatcher         system_server                        D  Focus entered window (0): e5eb69a com.yourname.smartrecorder/com.yourname.smartrecorder.MainActivity
2025-11-28 17:38:13.582 13882-13882 ViewRootIm...nActivity] com.yourname.smartrecorder           I  MSG_WINDOW_FOCUS_CHANGED 1 0
2025-11-28 17:38:13.582 13882-13882 ViewRootIm...nActivity] com.yourname.smartrecorder           I  mThreadedRenderer.initializeIfNeeded()#2 mSurface={isValid=true 0x723dc20640}
2025-11-28 17:38:13.583 13882-13882 InputMethodManager      com.yourname.smartrecorder           D  startInputInner - Id : 0
2025-11-28 17:38:13.583 13882-13882 InputMethodManager      com.yourname.smartrecorder           I  startInputInner - mService.startInputOrWindowGainedFocus
2025-11-28 17:38:13.591  1198-2005  MdnieScena...rolService system_server                        D   packageName : com.yourname.smartrecorder    className : com.yourname.smartrecorder.MainActivity
2025-11-28 17:38:13.639 13882-13919 SmartRecor...Repository com.yourname.smartrecorder           D  [BG] [DB: recordings] INSERT_COMPLETE -> id=3c2e7509-2224-453a-aecd-27200813f154, duration=88ms
2025-11-28 17:38:13.639 13882-13919 SmartRecorder/Import    com.yourname.smartrecorder           I  [MAIN] [UseCase: ImportAudioFileUseCase] Completed (recordingId=3c2e7509-2224-453a-aecd-27200813f154, duration=199ms)
2025-11-28 17:38:13.639 13882-13919 SmartRecorder/Import    com.yourname.smartrecorder           I  [Performance] ImportAudioFileUseCase took 199ms (fileSize=1504133bytes)
2025-11-28 17:38:13.639 13882-13882 SmartRecorder/Import    com.yourname.smartrecorder           I  [MAIN] [ViewModel: ImportAudioViewModel] Import completed -> State: recordingId=3c2e7509-2224-453a-aecd-27200813f154, title=Lesson 2
2025-11-28 17:38:13.640 13882-13882 SmartRecorder/Import    com.yourname.smartrecorder           D  Starting automatic transcription -> recordingId: 3c2e7509-2224-453a-aecd-27200813f154
2025-11-28 17:38:13.641 13882-13919 SmartRecorder/UseCase   com.yourname.smartrecorder           I  [MAIN] [UseCase: GenerateTranscriptUseCase] Starting (recordingId=3c2e7509-2224-453a-aecd-27200813f154, filePath=/data/user/0/com.yourname.smartrecorder/files/recordings/imported_3c2e7509-2224-453a-aecd-27200813f154.mp3)
2025-11-28 17:38:13.641 13882-13919 SmartRecor...Transcript com.yourname.smartrecorder           D  Audio file info -> size: 1504133 bytes, duration: 46972 ms
2025-11-28 17:38:13.641 13882-13919 SmartRecorder/Import    com.yourname.smartrecorder           D  [ImportAudioViewModel] Transcription progress: 0%%
2025-11-28 17:38:13.642 13882-13919 WhisperJNI              com.yourname.smartrecorder           I  Loading model from: /data/user/0/com.yourname.smartrecorder/files/whisper-models/ggml-tiny.en.bin
2025-11-28 17:38:13.703   858-858   SurfaceFlinger          surfaceflinger                       D  Display 4633128672291735937 HWC layers:
                                                                                                         CLIENT | 0x70f529e9d0 | 0102 | RGBA_8888    |    0.0    0.0    0.0    0.0 |    0 3066 1440 3088 | bbq-wrapper#52576
                                                                                                         CLIENT | 0x70f52ebad0 | 0102 | RGBA_8888    |    0.0   22.0 1440.0 3088.0 |    0    0 1440 3066 | com.yourname.smartrecorder/com.yourn[...]rtrecorder.MainActivity$_13882#52564
                                                                                                         CLIENT |              | 0000 |  Unknown  |    0.0    0.0    0.0    0.0 |   38  449  746  863 | Task=22702#46682
                                                                                                         CLIENT |              | 0002 |  Unknown  |    0.0    0.0    0.0    0.0 |   56  467  728  845 | Background for SurfaceView[com.googl[...]oneycomb.Shell$HomeActivity]@0#52213
                                                                                                         CLIENT | 0x70f52eca90 | 0102 | 0x0000105    |    0.0    0.0 1280.0  720.0 |   56  467  728  845 | SurfaceView[com.google.android.youtu[...]b.Shell$HomeActivity]@0(BLAST)#52212
                                                                                                         CLIENT | 0x70f52e9250 | 0100 | RGBA_8888    |    0.0    0.0  672.0  378.0 |   56  467  728  845 | com.google.android.youtube/com.googl[...]comb.Shell$HomeActivity$_29596#52209
                                                                                                         DEVICE | 0x70f52ed6
2025-11-28 17:38:13.847  1198-1288  WindowManager           system_server                        I  Reparenting to original parent: Surface(name=Task=22755)/@0x18de172, destroy=true, surface=Surface(name=ActivityRecord{25f917f u0 com.yourname.smartrecorder/.MainActivity} t22755})/@0x7a1fa4a
2025-11-28 17:38:13.855   858-858   SurfaceFlinger          surfaceflinger                       D  Display 4633128672291735937 HWC layers:
                                                                                                         DEVICE | 0x70f52ebad0 | 0102 | RGBA_8888    |    0.0    0.0 1440.0 3088.0 |    0    0 1440 3088 | com.yourname.smartrecorder/com.yourn[...]rtrecorder.MainActivity$_13882#52564
                                                                                                         CLIENT |              | 0000 |  Unknown  |    0.0    0.0    0.0    0.0 |   38  449  746  863 | Task=22702#46682
                                                                                                         CLIENT |              | 0002 |  Unknown  |    0.0    0.0    0.0    0.0 |   56  467  728  845 | Background for SurfaceView[com.googl[...]oneycomb.Shell$HomeActivity]@0#52213
                                                                                                         CLIENT | 0x70f52e8290 | 0102 | 0x0000105    |    0.0    0.0 1280.0  720.0 |   56  467  728  845 | SurfaceView[com.google.android.youtu[...]b.Shell$HomeActivity]@0(BLAST)#52212
                                                                                                         CLIENT | 0x70f52e9250 | 0100 | RGBA_8888    |    0.0    0.0  672.0  378.0 |   56  467  728  845 | com.google.android.youtube/com.googl[...]comb.Shell$HomeActivity$_29596#52209
                                                                                                         DEVICE | 0x70f52ed6f0 | 0100 | RGBA_8888    |    0.0    0.0  672.0  378.0 |   56  467  728  845 | PipMenuView#52269
                                                                                                         DEVICE | 0x70f52d5e
2025-11-28 17:38:13.863   858-858   Layer                   surfaceflinger                       I  id=52569 removeFromCurrentState Surface(name=ActivityRecord{25f917f u0 com.yourname.smartrecorder/.MainActivity} t22755})/@0x7a1fa4a - animation-leash of app_transition#52569 (204)
2025-11-28 17:38:13.863   858-858   Layer                   surfaceflinger                       I  id=52459 removeFromCurrentState ActivityRecord{25f917f u0 com.yourname.smartrecorder/.MainActivity} t22755}#52459 (204)
2025-11-28 17:38:13.863   858-858   Layer                   surfaceflinger                       I  id=52467 removeFromCurrentState d82a29e ActivityRecordInputSink com.yourname.smartrecorder/.MainActivity#52467 (204)
2025-11-28 17:38:13.863   858-858   Layer                   surfaceflinger                       I  id=52468 removeFromCurrentState e5eb69a com.yourname.smartrecorder/com.yourname.smartrecorder.MainActivity#52468 (204)
2025-11-28 17:38:13.863   858-858   Layer                   surfaceflinger                       I  id=52564 removeFromCurrentState com.yourname.smartrecorder/com.yourname.smartrecorder.MainActivity$_13882#52564 (204)
2025-11-28 17:38:13.863   858-858   Layer                   surfaceflinger                       I  id=52570 removeFromCurrentState Surface(name=ActivityRecord{25f917f u0 com.yourname.smartrecorder/.MainActivity} t22755})/@0x7a1fa4a - animation-bounds#52570 (204)
2025-11-28 17:38:13.863   858-858   Layer                   surfaceflinger                       I  id=52459 addToCurrentState ActivityRecord{25f917f u0 com.yourname.smartrecorder/.MainActivity} t22755}#52459 (204)
2025-11-28 17:38:13.863   858-858   Layer                   surfaceflinger                       I  id=52467 addToCurrentState d82a29e ActivityRecordInputSink com.yourname.smartrecorder/.MainActivity#52467 (204)
2025-11-28 17:38:13.863   858-858   Layer                   surfaceflinger                       I  id=52468 addToCurrentState e5eb69a com.yourname.smartrecorder/com.yourname.smartrecorder.MainActivity#52468 (204)
2025-11-28 17:38:13.863   858-858   Layer                   surfaceflinger                       I  id=52564 addToCurrentState com.yourname.smartrecorder/com.yourname.smartrecorder.MainActivity$_13882#52564 (204)
2025-11-28 17:38:13.863   858-858   SurfaceFlinger          surfaceflinger                       I  id=52570 Removed Surface(name=ActivityRecord{25f917f u0 com.yourname.smartrecorder/.MainActivity} t22755})/@0x7a1fa4a - animation-bounds#52570 (204)
2025-11-28 17:38:13.863   858-858   SurfaceFlinger          surfaceflinger                       I  id=52569 Removed Surface(name=ActivityRecord{25f917f u0 com.yourname.smartrecorder/.MainActivity} t22755})/@0x7a1fa4a - animation-leash of app_transition#52569 (204)
2025-11-28 17:38:13.864   858-858   Layer                   surfaceflinger                       I  id=52570 Destroyed Surface(name=ActivityRecord{25f917f u0 com.yourname.smartrecorder/.MainActivity} t22755})/@0x7a1fa4a - animation-bounds#52570
2025-11-28 17:38:13.864   858-858   Layer                   surfaceflinger                       I  id=52569 Destroyed Surface(name=ActivityRecord{25f917f u0 com.yourname.smartrecorder/.MainActivity} t22755})/@0x7a1fa4a - animation-leash of app_transition#52569
2025-11-28 17:38:13.987  1198-2005  MdnieScena...rolService system_server                        D   packageName : com.yourname.smartrecorder    className : com.yourname.smartrecorder.MainActivity
2025-11-28 17:38:14.088  1198-1287  SGM:GameManager         system_server                        D  identifyForegroundApp. com.yourname.smartrecorder, mCurrentUserId: 0, callerUserId: 0
2025-11-28 17:38:14.088  1198-1287  SGM:PkgDataHelper       system_server                        D  getGamePkgData(). com.yourname.smartrecorder
2025-11-28 17:38:14.121 13882-13919 WhisperJNI              com.yourname.smartrecorder           I  Model loaded successfully
2025-11-28 17:38:14.122 13882-13919 SmartRecor...Transcript com.yourname.smartrecorder           D  Model loaded successfully
2025-11-28 17:38:14.122 13882-13919 NuMediaExtractor        com.yourname.smartrecorder           V  NuMediaExtractor constructor
2025-11-28 17:38:14.127 13882-13919 NuMediaExtractor        com.yourname.smartrecorder           V  selectTrack, track[0]: audio/mpeg
2025-11-28 17:38:14.128 13882-13919 MediaCodecList          com.yourname.smartrecorder           D  codecHandlesFormat: no format, so no extra checks
2025-11-28 17:38:14.128 13882-13919 MediaCodecList          com.yourname.smartrecorder           D  codecHandlesFormat: no format, so no extra checks
2025-11-28 17:38:14.129 13882-14393 CCodec                  com.yourname.smartrecorder           I  state->set(ALLOCATING)
2025-11-28 17:38:14.129 13882-14393 CCodec                  com.yourname.smartrecorder           I  allocate(c2.sec.mp3.decoder)
2025-11-28 17:38:14.134 13882-14393 Codec2Client            com.yourname.smartrecorder           I  Available Codec2 services: "default" "software"
2025-11-28 17:38:14.137 13882-14393 CCodec                  com.yourname.smartrecorder           I  setting up 'default' as default (vendor) store
2025-11-28 17:38:14.154 13882-14393 CCodec                  com.yourname.smartrecorder           I  Created component [c2.sec.mp3.decoder]
2025-11-28 17:38:14.154 13882-14393 CCodec                  com.yourname.smartrecorder           I  [c2.sec.mp3.decoder] state->set(ALLOCATED)
2025-11-28 17:38:14.155 13882-14393 CCodecConfig            com.yourname.smartrecorder           D  read media type: audio/mpeg
2025-11-28 17:38:14.157 13882-14393 ReflectedParamUpdater   com.yourname.smartrecorder           D  extent() != 1 for single value type: algo.buffers.max-count.values
2025-11-28 17:38:14.158 13882-14393 ReflectedParamUpdater   com.yourname.smartrecorder           D  extent() != 1 for single value type: output.subscribed-indices.values
2025-11-28 17:38:14.158 13882-14393 ReflectedParamUpdater   com.yourname.smartrecorder           D  extent() != 1 for single value type: input.buffers.allocator-ids.values
2025-11-28 17:38:14.158 13882-14393 ReflectedParamUpdater   com.yourname.smartrecorder           D  extent() != 1 for single value type: output.buffers.allocator-ids.values
2025-11-28 17:38:14.158 13882-14393 ReflectedParamUpdater   com.yourname.smartrecorder           D  extent() != 1 for single value type: algo.buffers.allocator-ids.values
2025-11-28 17:38:14.159 13882-14393 ReflectedParamUpdater   com.yourname.smartrecorder           D  extent() != 1 for single value type: output.buffers.pool-ids.values
2025-11-28 17:38:14.159 13882-14393 ReflectedParamUpdater   com.yourname.smartrecorder           D  extent() != 1 for single value type: algo.buffers.pool-ids.values
2025-11-28 17:38:14.160 13882-14393 CCodecConfig            com.yourname.smartrecorder           I  query failed after returning 7 values (BAD_INDEX)
2025-11-28 17:38:14.160 13882-14393 CCodecConfig            com.yourname.smartrecorder           D  c2 config diff is Dict {
                                                                                                      c2::u32 coded.bitrate.value = 64000
                                                                                                      c2::u32 input.buffers.max-size.value = 8192
                                                                                                      c2::u32 input.delay.value = 0
                                                                                                      string input.media-type.value = "audio/mpeg"
                                                                                                      string output.media-type.value = "audio/raw"
                                                                                                      c2::u32 raw.channel-count.value = 2
                                                                                                      c2::u32 raw.sample-rate.value = 44100
                                                                                                    }
2025-11-28 17:38:14.161 13882-14393 MediaCodec              com.yourname.smartrecorder           D  flushMediametrics
2025-11-28 17:38:14.163 13882-14393 CCodec                  com.yourname.smartrecorder           D  [c2.sec.mp3.decoder] buffers are bound to CCodec for this session
2025-11-28 17:38:14.164 13882-14393 CCodec                  com.yourname.smartrecorder           I  appPid(13882) width(0) height(0)
2025-11-28 17:38:14.164 13882-14393 CCodecConfig            com.yourname.smartrecorder           D  no c2 equivalents for track-id
2025-11-28 17:38:14.164 13882-14393 CCodecConfig            com.yourname.smartrecorder           D  no c2 equivalents for durationUs
2025-11-28 17:38:14.164 13882-14393 CCodecConfig            com.yourname.smartrecorder           D  no c2 equivalents for bits-per-sample
2025-11-28 17:38:14.164 13882-14393 CCodecConfig            com.yourname.smartrecorder           D  no c2 equivalents for flags
2025-11-28 17:38:14.165 13882-14393 CCodecConfig            com.yourname.smartrecorder           D  c2 config diff is   c2::u32 coded.bitrate.value = 256000
2025-11-28 17:38:14.165 13882-14393 Codec2Client            com.yourname.smartrecorder           W  query -- param skipped: index = 1107298332.
2025-11-28 17:38:14.165 13882-14393 CCodec                  com.yourname.smartrecorder           D  encoding statistics level = 0
2025-11-28 17:38:14.165 13882-14393 CCodec                  com.yourname.smartrecorder           D  setup formats input: AMessage(what = 0x00000000) = {
                                                                                                      int32_t bitrate = 256000
                                                                                                      int32_t channel-count = 2
                                                                                                      int32_t max-input-size = 8192
                                                                                                      string mime = "audio/mpeg"
                                                                                                      int32_t sample-rate = 44100
                                                                                                      int64_t durationUs = 46972156
                                                                                                    }
2025-11-28 17:38:14.165 13882-14393 CCodec                  com.yourname.smartrecorder           D  setup formats output: AMessage(what = 0x00000000) = {
                                                                                                      int32_t channel-count = 2
                                                                                                      string mime = "audio/raw"
                                                                                                      int32_t sample-rate = 44100
                                                                                                      int32_t android._config-pcm-encoding = 2
                                                                                                    }
2025-11-28 17:38:14.166 13882-14393 CCodecConfig            com.yourname.smartrecorder           I  query failed after returning 7 values (BAD_INDEX)
2025-11-28 17:38:14.168 13882-14393 CCodec                  com.yourname.smartrecorder           I  [c2.sec.mp3.decoder] state->set(STARTING)
2025-11-28 17:38:14.172 13882-14393 Codec2Client            com.yourname.smartrecorder           W  query -- param skipped: index = 1342179345.
2025-11-28 17:38:14.172 13882-14393 Codec2Client            com.yourname.smartrecorder           W  query -- param skipped: index = 2415921170.
2025-11-28 17:38:14.172 13882-14393 C2Store                 com.yourname.smartrecorder           D  Using ION
2025-11-28 17:38:14.173 13882-14393 CCodecBufferChannel     com.yourname.smartrecorder           D  [c2.sec.mp3.decoder#943] Created input block pool with allocatorID 16 => poolID 17 - OK (0)
2025-11-28 17:38:14.179 13882-14393 CCodecBufferChannel     com.yourname.smartrecorder           I  [c2.sec.mp3.decoder#943] Created output block pool with allocatorID 16 => poolID 68 - OK
2025-11-28 17:38:14.179 13882-14393 CCodecBufferChannel     com.yourname.smartrecorder           D  [c2.sec.mp3.decoder#943] Configured output block pool ids 68 => OK
2025-11-28 17:38:14.179 13882-14393 CCodec                  com.yourname.smartrecorder           I  [c2.sec.mp3.decoder] state->set(RUNNING)
2025-11-28 17:38:14.179 13882-14393 CCodecBufferChannel     com.yourname.smartrecorder           I  [c2.sec.mp3.decoder#943] 4 initial input buffers available
2025-11-28 17:38:14.329 13882-13919 SmartRecorder/Import    com.yourname.smartrecorder           D  [ImportAudioViewModel] Transcription progress: 20%%
2025-11-28 17:38:14.659  4879-4879  Routine@Co...overHelper com.samsung.android.app.routines     I  setLastResumedPackageForCover mLastResumedPackage = com.yourname.smartrecorder
2025-11-28 17:38:14.659  4879-4879  Routine@Co...cleWatcher com.samsung.android.app.routines     I  notifyLifecycleChanged mCurResumedComponent=com.yourname.smartrecorder
2025-11-28 17:38:15.301  1198-5812  SGM:GameManager         system_server                        D  identifyForegroundApp. com.yourname.smartrecorder, mCurrentUserId: 0, callerUserId: 0
2025-11-28 17:38:15.301  1198-5812  SGM:PkgDataHelper       system_server                        D  getGamePkgData(). com.yourname.smartrecorder
2025-11-28 17:38:15.306  1198-5812  SGM:GameManager         system_server                        D  identifyForegroundApp. com.yourname.smartrecorder, mCurrentUserId: 0, callerUserId: 150
2025-11-28 17:38:15.306  1198-5812  SGM:PkgDataHelper       system_server                        D  getGamePkgData(). com.yourname.smartrecorder
2025-11-28 17:38:16.256 13882-14393 CCodec                  com.yourname.smartrecorder           I  [c2.sec.mp3.decoder] state->set(STOPPING)
2025-11-28 17:38:16.256 13882-14393 CCodecBufferChannel     com.yourname.smartrecorder           D  [c2.sec.mp3.decoder#943] MediaCodec discarded an unknown buffer
2025-11-28 17:38:16.256 13882-14393 CCodecBufferChannel     com.yourname.smartrecorder           D  [c2.sec.mp3.decoder#943] MediaCodec discarded an unknown buffer
2025-11-28 17:38:16.256 13882-14393 CCodecBufferChannel     com.yourname.smartrecorder           D  [c2.sec.mp3.decoder#943] MediaCodec discarded an unknown buffer
2025-11-28 17:38:16.256 13882-14393 CCodec                  com.yourname.smartrecorder           I  [c2.sec.mp3.decoder] state->set(ALLOCATED)
2025-11-28 17:38:16.257 13882-14393 CCodec                  com.yourname.smartrecorder           I  [c2.sec.mp3.decoder] state->set(RELEASING)
2025-11-28 17:38:16.257 13882-14400 CCodec                  com.yourname.smartrecorder           I  [c2.sec.mp3.decoder] release(1)
2025-11-28 17:38:16.257 13882-14400 CCodec                  com.yourname.smartrecorder           I  [c2.sec.mp3.decoder] state->set(RELEASED)
2025-11-28 17:38:16.257 13882-14393 hw-BpHwBinder           com.yourname.smartrecorder           I  onLastStrongRef automatically unlinking death recipients
2025-11-28 17:38:16.259 13882-14393 MediaCodec              com.yourname.smartrecorder           I  Codec shutdown complete
2025-11-28 17:38:16.259 13882-14393 MediaCodec              com.yourname.smartrecorder           D  flushMediametrics
2025-11-28 17:38:16.259 13882-14393 MediaCodec              com.yourname.smartrecorder           D  flushMediametrics
2025-11-28 17:38:16.521 13882-13919 NuMediaExtractor        com.yourname.smartrecorder           V  NuMediaExtractor destructor
2025-11-28 17:38:16.637 13882-13919 SmartRecorder/Import    com.yourname.smartrecorder           D  [ImportAudioViewModel] Transcription progress: 60%%
2025-11-28 17:38:17.268  1198-7983  SGM:GameManager         system_server                        D  identifyGamePackage. com.yourname.smartrecorder, mCurrentUserId: 0, callerUserId: 0, callingMethodInfo: com.android.server.ssrm.SortingMachine.isGame(SortingMachine.java:162)
2025-11-28 17:38:17.268  1198-7983  SGM:PkgDataHelper       system_server                        D  getGamePkgData(). com.yourname.smartrecorder
2025-11-28 17:38:18.034  1198-2733  FreecessController      system_server                        D  com.yourname.smartrecorder(11015) is important[!isUidIdle]
2025-11-28 17:38:18.075  1198-7983  SGM:GameManager         system_server                        D  identifyGamePackage. com.yourname.smartrecorder, mCurrentUserId: 0, callerUserId: 0, callingMethodInfo: com.android.server.ssrm.SortingMachine.isGame(SortingMachine.java:162)
2025-11-28 17:38:18.075  1198-7983  SGM:PkgDataHelper       system_server                        D  getGamePkgData(). com.yourname.smartrecorder
2025-11-28 17:38:18.557  1198-1285  WindowManager           system_server                        D  rotationForOrientation, orientationSource=ActivityRecord{25f917f u0 com.yourname.smartrecorder/.MainActivity} t22755}
2025-11-28 17:38:22.174 13882-14396 BufferPoolAccessor2.0   com.yourname.smartrecorder           D  bufferpool2 0x719dc7c118 : 0(0 size) total buffers - 0(0 size) used buffers - 0/5 (recycle/alloc) - 4/3596 (fetch/transfer)
2025-11-28 17:38:22.174 13882-14396 BufferPoolAccessor2.0   com.yourname.smartrecorder           D  evictor expired: 1, evicted: 1
2025-11-28 17:38:23.231  1198-1853  SGM:GameManager         system_server                        D  identifyForegroundApp. com.yourname.smartrecorder, mCurrentUserId: 0, callerUserId: 0
2025-11-28 17:38:23.231  1198-1853  SGM:PkgDataHelper       system_server                        D  getGamePkgData(). com.yourname.smartrecorder
2025-11-28 17:38:23.245  1198-1853  SGM:GameManager         system_server                        D  identifyForegroundApp. com.yourname.smartrecorder, mCurrentUserId: 0, callerUserId: 150
2025-11-28 17:38:23.245  1198-1853  SGM:PkgDataHelper       system_server                        D  getGamePkgData(). com.yourname.smartrecorder
2025-11-28 17:38:25.224 13882-13919 SmartRecorder/Import    com.yourname.smartrecorder           D  [ImportAudioViewModel] Transcription progress: 80%%
2025-11-28 17:38:25.240 13882-13919 SmartRecorder/Import    com.yourname.smartrecorder           D  [ImportAudioViewModel] Transcription progress: 100%%
2025-11-28 17:38:25.241 13882-13919 SmartRecor...Transcript com.yourname.smartrecorder           D  Transcription completed: 20 segments
2025-11-28 17:38:25.241 13882-13919 SmartRecor...Transcript com.yourname.smartrecorder           D  Generated 20 RAW transcript segments (no speaker processing)
2025-11-28 17:38:25.242 13882-13919 SmartRecor...Transcript com.yourname.smartrecorder           D  === [RAW_TEXT_FROM_WHISPER] ===
2025-11-28 17:38:25.242 13882-13919 SmartRecor...Transcript com.yourname.smartrecorder           D  RAW[0] time=0,00s-2,00s text="I'm on holiday."
2025-11-28 17:38:25.242 13882-13919 SmartRecor...Transcript com.yourname.smartrecorder           D  RAW[1] time=2,00s-5,00s text="I'm on business."
2025-11-28 17:38:25.242 13882-13919 SmartRecor...Transcript com.yourname.smartrecorder           D  RAW[2] time=5,00s-7,72s text="Why did you come to the UK?"
2025-11-28 17:38:25.242 13882-13919 SmartRecor...Transcript com.yourname.smartrecorder           D  ... and 17 more raw segments
2025-11-28 17:38:25.242 13882-13919 SmartRecor...Transcript com.yourname.smartrecorder           D  Saving RAW transcript segments to database (fast path)
2025-11-28 17:38:25.242 13882-13919 SmartRecor...Repository com.yourname.smartrecorder           D  [BG] [DB: transcript_segments] INSERT -> recordingId=3c2e7509-2224-453a-aecd-27200813f154, count=20
2025-11-28 17:38:25.251 13882-13919 SmartRecor...Repository com.yourname.smartrecorder           D  [BG] [DB: transcript_segments] INSERT_COMPLETE -> recordingId=3c2e7509-2224-453a-aecd-27200813f154, count=20, duration=9ms
2025-11-28 17:38:25.251 13882-13919 SmartRecor...Transcript com.yourname.smartrecorder           D  Raw segments saved -> triggering navigation callback
2025-11-28 17:38:25.251 13882-13919 SmartRecorder/Import    com.yourname.smartrecorder           D  Raw segments saved -> navigating immediately -> recordingId: 3c2e7509-2224-453a-aecd-27200813f154
2025-11-28 17:38:25.251 13882-13919 SmartRecorder/UseCase   com.yourname.smartrecorder           I  [MAIN] [UseCase: GenerateTranscriptUseCase] Completed (recordingId=3c2e7509-2224-453a-aecd-27200813f154, segments=20, duration=11611ms)
2025-11-28 17:38:25.251 13882-13919 SmartRecor...Transcript com.yourname.smartrecorder           I  [Performance] GenerateTranscriptUseCase took 11611ms (segments=20, fileSize=1504133bytes)
2025-11-28 17:38:25.252 13882-13882 SmartRecorder/Import    com.yourname.smartrecorder           I  [MAIN] [ViewModel: ImportAudioViewModel] Transcription completed -> State: recordingId=3c2e7509-2224-453a-aecd-27200813f154
2025-11-28 17:38:25.292 13882-13882 SmartRecorder/ViewModel com.yourname.smartrecorder           D  [SmartRecorderApp] Navigating to imported recording transcript -> recordingId: 3c2e7509-2224-453a-aecd-27200813f154
2025-11-28 17:38:25.295 13882-13882 SmartRecorder/Import    com.yourname.smartrecorder           D  Import handled - clearing navigation state
2025-11-28 17:38:25.315  1198-1902  CoreBackPreview         system_server                        D  Window{e5eb69a u0 com.yourname.smartrecorder/com.yourname.smartrecorder.MainActivity}: Setting back callback OnBackInvokedCallbackInfo{mCallback=android.window.IOnBackInvokedCallback$Stub$Proxy@c202651, mPriority=0}
2025-11-28 17:38:25.513 13882-13882 SmartRecorder/ViewModel com.yourname.smartrecorder           D  [TranscriptScreen] Screen loaded -> recordingId: 3c2e7509-2224-453a-aecd-27200813f154
2025-11-28 17:38:25.514 13882-13882 SmartRecor...Transcript com.yourname.smartrecorder           I  [MAIN] [ViewModel: TranscriptViewModel] loadRecording -> State: recordingId=3c2e7509-2224-453a-aecd-27200813f154
2025-11-28 17:38:25.514 13882-13882 SmartRecor...Transcript com.yourname.smartrecorder           D  Loading recording details -> recordingId: 3c2e7509-2224-453a-aecd-27200813f154
2025-11-28 17:38:25.514 13882-13882 SmartRecorder/UseCase   com.yourname.smartrecorder           I  [MAIN] [UseCase: GetRecordingDetailUseCase] Starting (recordingId=3c2e7509-2224-453a-aecd-27200813f154)
2025-11-28 17:38:25.514 13882-13882 SmartRecor...Repository com.yourname.smartrecorder           D  [BG] [DB: recordings] SELECT -> id=3c2e7509-2224-453a-aecd-27200813f154
2025-11-28 17:38:25.515 13882-13882 SmartRecorder/ViewModel com.yourname.smartrecorder           D  [TranscriptScreen] User switched tab -> tab: TRANSCRIPT
2025-11-28 17:38:25.517 13882-13882 SmartRecorder/ViewModel com.yourname.smartrecorder           D  [TranscriptTabContent] State -> segmentsCount: 0, isGenerating: false, isLoading: false, searchQuery: 
2025-11-28 17:38:25.549 13882-13882 SmartRecorder/ViewModel com.yourname.smartrecorder           D  [TranscriptTabContent] State -> segmentsCount: 0, isGenerating: false, isLoading: true, searchQuery: 
2025-11-28 17:38:25.550 13882-13882 SmartRecor...Repository com.yourname.smartrecorder           D  [BG] [DB: recordings] SELECT_COMPLETE -> id=3c2e7509-2224-453a-aecd-27200813f154, found=true
2025-11-28 17:38:25.550 13882-13882 SmartRecorder/UseCase   com.yourname.smartrecorder           I  [MAIN] [UseCase: GetRecordingDetailUseCase] Completed (recordingId=3c2e7509-2224-453a-aecd-27200813f154, found=true, duration=36ms)
2025-11-28 17:38:25.550 13882-13882 SmartRecor...Transcript com.yourname.smartrecorder           D  Recording loaded -> id: 3c2e7509-2224-453a-aecd-27200813f154, title: Lesson 2, duration: 46972 ms, file: /data/user/0/com.yourname.smartrecorder/files/recordings/imported_3c2e7509-2224-453a-aecd-27200813f154.mp3
2025-11-28 17:38:25.551 13882-13882 SmartRecorder/UseCase   com.yourname.smartrecorder           I  [MAIN] [UseCase: GetTranscriptUseCase] Invoked (recordingId=3c2e7509-2224-453a-aecd-27200813f154)
2025-11-28 17:38:25.551 13882-13882 SmartRecor...Repository com.yourname.smartrecorder           D  [Flow: getTranscriptSegments] Subscribed -> recordingId=3c2e7509-2224-453a-aecd-27200813f154
2025-11-28 17:38:25.553 13882-13882 SmartRecor...Repository com.yourname.smartrecorder           D  [Flow: getNotesByRecordingId] Subscribed -> recordingId=3c2e7509-2224-453a-aecd-27200813f154
2025-11-28 17:38:25.555 13882-13882 SmartRecorder/UseCase   com.yourname.smartrecorder           I  [MAIN] [UseCase: GetBookmarksUseCase] Invoked (recordingId=3c2e7509-2224-453a-aecd-27200813f154)
2025-11-28 17:38:25.555 13882-13882 SmartRecor...Repository com.yourname.smartrecorder           D  [Flow: getBookmarksByRecordingId] Subscribed -> recordingId=3c2e7509-2224-453a-aecd-27200813f154
2025-11-28 17:38:25.596 13882-13882 SmartRecor...Repository com.yourname.smartrecorder           D  [Flow: getBookmarksByRecordingId] Emitted -> recordingId=3c2e7509-2224-453a-aecd-27200813f154, count=0
2025-11-28 17:38:25.596 13882-13882 SmartRecorder/UseCase   com.yourname.smartrecorder           I  [MAIN] [UseCase: GetBookmarksUseCase] Emitted (recordingId=3c2e7509-2224-453a-aecd-27200813f154, count=0)
2025-11-28 17:38:25.596 13882-13882 SmartRecor...Transcript com.yourname.smartrecorder           D  Bookmarks loaded: 0
2025-11-28 17:38:25.596 13882-13882 SmartRecor...Repository com.yourname.smartrecorder           D  [Flow: getTranscriptSegments] Emitted -> recordingId=3c2e7509-2224-453a-aecd-27200813f154, count=19
2025-11-28 17:38:25.596 13882-13882 SmartRecorder/UseCase   com.yourname.smartrecorder           I  [MAIN] [UseCase: GetTranscriptUseCase] Emitted (recordingId=3c2e7509-2224-453a-aecd-27200813f154, count=19)
2025-11-28 17:38:25.597 13882-13882 SmartRecor...Transcript com.yourname.smartrecorder           D  Transcript segments received -> count: 19, recordingId: 3c2e7509-2224-453a-aecd-27200813f154
2025-11-28 17:38:25.597 13882-13882 SmartRecor...Transcript com.yourname.smartrecorder           D  Segments updated in UI -> count: 19
2025-11-28 17:38:25.597 13882-13882 SmartRecor...Transcript com.yourname.smartrecorder           D  Segments need processing -> triggering background processing
2025-11-28 17:38:25.597 13882-13882 SmartRecor...Repository com.yourname.smartrecorder           D  [Flow: getNotesByRecordingId] Emitted -> recordingId=3c2e7509-2224-453a-aecd-27200813f154, count=0
2025-11-28 17:38:25.597 13882-13882 SmartRecor...Transcript com.yourname.smartrecorder           D  Notes loaded -> count: 0
2025-11-28 17:38:25.597 13882-13882 SmartRecor...Transcript com.yourname.smartrecorder           I  [MAIN] [ViewModel: TranscriptViewModel] loadRecording completed -> State: duration=84ms, segments=19, notes=0
2025-11-28 17:38:25.598 13882-13903 SmartRecorder/UseCase   com.yourname.smartrecorder           I  [MAIN] [UseCase: GenerateSummaryUseCase] Starting (textLength=420)
2025-11-28 17:38:25.598 13882-13903 SmartRecorder/UseCase   com.yourname.smartrecorder           D  Found 19 sentences
2025-11-28 17:38:25.599 13882-13903 SmartRecorder/UseCase   com.yourname.smartrecorder           D  No summary cues found, using first 3 sentences
2025-11-28 17:38:25.600 13882-13903 SmartRecorder/UseCase   com.yourname.smartrecorder           I  [MAIN] [UseCase: GenerateSummaryUseCase] Completed (summaryLength=65, sentences=3, duration=2ms)
2025-11-28 17:38:25.600 13882-13903 SmartRecorder/UseCase   com.yourname.smartrecorder           I  [Performance] GenerateSummaryUseCase took 2ms (textLength=420, summaryLength=65)
2025-11-28 17:38:25.600 13882-13903 SmartRecor...Transcript com.yourname.smartrecorder           I  [Performance] GenerateSummary took 2ms
2025-11-28 17:38:25.600 13882-13903 SmartRecorder/UseCase   com.yourname.smartrecorder           I  [MAIN] [UseCase: ExtractKeywordsUseCase] Starting (textLength=420, topN=10)
2025-11-28 17:38:25.601 13882-13903 SmartRecorder/UseCase   com.yourname.smartrecorder           I  [MAIN] [UseCase: ExtractKeywordsUseCase] Completed (keywords=10, duration=1ms)
2025-11-28 17:38:25.601 13882-13903 SmartRecorder/UseCase   com.yourname.smartrecorder           I  [Performance] ExtractKeywordsUseCase took 1ms (textLength=420, keywords=10)
2025-11-28 17:38:25.601 13882-13903 SmartRecor...Transcript com.yourname.smartrecorder           I  [Performance] ExtractKeywords took 1ms (count=10)
2025-11-28 17:38:25.601 13882-13903 SmartRecor...Transcript com.yourname.smartrecorder           D  Questions detected: 7
2025-11-28 17:38:25.744 13882-13882 SmartRecorder/ViewModel com.yourname.smartrecorder           D  [TranscriptTabContent] State -> segmentsCount: 19, isGenerating: false, isLoading: false, searchQuery: 
2025-11-28 17:38:25.898 13882-13903 SmartRecor...Transcript com.yourname.smartrecorder           D  Starting background transcript processing -> recordingId: 3c2e7509-2224-453a-aecd-27200813f154
2025-11-28 17:38:25.898 13882-13903 SmartRecorder/UseCase   com.yourname.smartrecorder           I  [MAIN] [UseCase: ProcessTranscriptUseCase] Starting (recordingId=3c2e7509-2224-453a-aecd-27200813f154)
2025-11-28 17:38:25.899 13882-13903 SmartRecor...Repository com.yourname.smartrecorder           D  [BG] [DB: transcript_segments] SELECT -> recordingId=3c2e7509-2224-453a-aecd-27200813f154 (sync)
2025-11-28 17:38:25.902 13882-13903 SmartRecor...Repository com.yourname.smartrecorder           D  [BG] [DB: transcript_segments] SELECT_COMPLETE -> recordingId=3c2e7509-2224-453a-aecd-27200813f154, count=19
2025-11-28 17:38:25.902 13882-13903 SmartRecor...Transcript com.yourname.smartrecorder           D  Processing 19 raw segments -> recordingId: 3c2e7509-2224-453a-aecd-27200813f154
2025-11-28 17:38:25.903 13882-13903 SmartRecor...Transcript com.yourname.smartrecorder           D  === [WHISPER_RAW_SEGMENTS] ===
2025-11-28 17:38:25.903 13882-13903 SmartRecor...Transcript com.yourname.smartrecorder           D  #0 start=2,00s end=5,00s text="I'm on business."
2025-11-28 17:38:25.903 13882-13903 SmartRecor...Transcript com.yourname.smartrecorder           D  #1 start=5,00s end=7,72s text="Why did you come to the UK?"
2025-11-28 17:38:25.903 13882-13903 SmartRecor...Transcript com.yourname.smartrecorder           D  #2 start=7,72s end=10,22s text="I came here to work."
2025-11-28 17:38:25.903 13882-13903 SmartRecor...Transcript com.yourname.smartrecorder           D  #3 start=10,22s end=12,80s text="I came here to study."
2025-11-28 17:38:25.903 13882-13903 SmartRecor...Transcript com.yourname.smartrecorder           D  #4 start=12,80s end=15,44s text="I wanted to live abroad."
2025-11-28 17:38:25.903 13882-13903 SmartRecor...Transcript com.yourname.smartrecorder           D  #5 start=15,44s end=17,84s text="How long have you lived here?"
2025-11-28 17:38:25.903 13882-13903 SmartRecor...Transcript com.yourname.smartrecorder           D  #6 start=17,84s end=20,08s text="I've only just arrived."
2025-11-28 17:38:25.904 13882-13903 SmartRecor...Transcript com.yourname.smartrecorder           D  #7 start=20,08s end=22,12s text="A few months."
2025-11-28 17:38:25.904 13882-13903 SmartRecor...Transcript com.yourname.smartrecorder           D  #8 start=22,12s end=24,84s text="Just over two years."
2025-11-28 17:38:25.904 13882-13903 SmartRecor...Transcript com.yourname.smartrecorder           D  #9 start=24,84s end=28,00s text="How long are you planning to stay here?"
2025-11-28 17:38:25.904 13882-13903 SmartRecor...Transcript com.yourname.smartrecorder           D  #10 start=28,00s end=29,80s text="Another year."
2025-11-28 17:38:25.904 13882-13903 SmartRecor...Transcript com.yourname.smartrecorder           D  #11 start=29,80s end=31,80s text="Do you like it here?"
2025-11-28 17:38:25.904 13882-13903 SmartRecor...Transcript com.yourname.smartrecorder           D  #12 start=31,80s end=33,80s text="I like it a lot."
2025-11-28 17:38:25.904 13882-13903 SmartRecor...Transcript com.yourname.smartrecorder           D  #13 start=33,80s end=35,80s text="What do you like about it?"
2025-11-28 17:38:25.904 13882-13903 SmartRecor...Transcript com.yourname.smartrecorder           D  #14 start=35,80s end=38,80s text="I like the food."
2025-11-28 17:38:25.904 13882-13903 SmartRecor...Transcript com.yourname.smartrecorder           D  #15 start=38,80s end=40,80s text="I like the weather."
2025-11-28 17:38:25.904 13882-13903 SmartRecor...Transcript com.yourname.smartrecorder           D  #16 start=40,80s end=42,80s text="I like the people."
2025-11-28 17:38:25.905 13882-13903 SmartRecor...Transcript com.yourname.smartrecorder           D  #17 start=42,80s end=44,80s text="When's your birthday?"
2025-11-28 17:38:25.905 13882-13903 SmartRecor...Transcript com.yourname.smartrecorder           D  #18 start=44,80s end=46,80s text="Who do you live with?"
2025-11-28 17:38:25.906 13882-13903 SmartRecor...Transcript com.yourname.smartrecorder           D  === [SPEAKER_MARKERS_DETECTED] ===
2025-11-28 17:38:25.906 13882-13903 SmartRecor...Transcript com.yourname.smartrecorder           W  No speaker markers found in transcript
2025-11-28 17:38:25.906 13882-13903 SmartRecor...Transcript com.yourname.smartrecorder           D  No markers found, using heuristic-based speaker detection (question/time-gap)
2025-11-28 17:38:25.906 13882-13903 SmartRecor...Transcript com.yourname.smartrecorder           D  Segment #1 is question -> changing speaker
2025-11-28 17:38:25.906 13882-13903 SmartRecor...Transcript com.yourname.smartrecorder           D  Segment #2 is answer after question -> changing speaker
2025-11-28 17:38:25.907 13882-13903 SmartRecor...Transcript com.yourname.smartrecorder           D  Segment #5 is question -> changing speaker
2025-11-28 17:38:25.907 13882-13903 SmartRecor...Transcript com.yourname.smartrecorder           D  Segment #6 is answer after question -> changing speaker
2025-11-28 17:38:25.907 13882-13903 SmartRecor...Transcript com.yourname.smartrecorder           D  Segment #9 is question -> changing speaker
2025-11-28 17:38:25.907 13882-13903 SmartRecor...Transcript com.yourname.smartrecorder           D  Segment #10 is answer after question -> changing speaker
2025-11-28 17:38:25.907 13882-13903 SmartRecor...Transcript com.yourname.smartrecorder           D  Segment #11 is question -> changing speaker
2025-11-28 17:38:25.907 13882-13903 SmartRecor...Transcript com.yourname.smartrecorder           D  Segment #12 is answer after question -> changing speaker
2025-11-28 17:38:25.907 13882-13903 SmartRecor...Transcript com.yourname.smartrecorder           D  Segment #13 is question -> changing speaker
2025-11-28 17:38:25.907 13882-13903 SmartRecor...Transcript com.yourname.smartrecorder           D  Segment #14 is answer after question -> changing speaker
2025-11-28 17:38:25.907 13882-13903 SmartRecor...Transcript com.yourname.smartrecorder           D  Segment #17 is question -> changing speaker
2025-11-28 17:38:25.907 13882-13903 SmartRecor...Transcript com.yourname.smartrecorder           D  Segment #18 is question -> changing speaker
2025-11-28 17:38:25.907 13882-13903 SmartRecor...Transcript com.yourname.smartrecorder           D  Heuristic detection result: 2 unique speakers detected
2025-11-28 17:38:25.908 13882-13903 SmartRecor...Transcript com.yourname.smartrecorder           D  === [FINAL_SEGMENTS_WITH_SPEAKERS] ===
2025-11-28 17:38:25.908 13882-13903 SmartRecor...Transcript com.yourname.smartrecorder           D  #0 speaker=1 start=2,00s end=5,00s text="I'm on business."
2025-11-28 17:38:25.908 13882-13903 SmartRecor...Transcript com.yourname.smartrecorder           D  #1 speaker=2 start=5,00s end=7,72s text="Why did you come to the UK?"
2025-11-28 17:38:25.908 13882-13903 SmartRecor...Transcript com.yourname.smartrecorder           D  #2 speaker=1 start=7,72s end=10,22s text="I came here to work."
2025-11-28 17:38:25.908 13882-13903 SmartRecor...Transcript com.yourname.smartrecorder           D  #3 speaker=1 start=10,22s end=12,80s text="I came here to study."
2025-11-28 17:38:25.909 13882-13903 SmartRecor...Transcript com.yourname.smartrecorder           D  #4 speaker=1 start=12,80s end=15,44s text="I wanted to live abroad."
2025-11-28 17:38:25.909 13882-13903 SmartRecor...Transcript com.yourname.smartrecorder           D  #5 speaker=2 start=15,44s end=17,84s text="How long have you lived here?"
2025-11-28 17:38:25.909 13882-13903 SmartRecor...Transcript com.yourname.smartrecorder           D  #6 speaker=1 start=17,84s end=20,08s text="I've only just arrived."
2025-11-28 17:38:25.910 13882-13903 SmartRecor...Transcript com.yourname.smartrecorder           D  #7 speaker=1 start=20,08s end=22,12s text="A few months."
2025-11-28 17:38:25.910 13882-13903 SmartRecor...Transcript com.yourname.smartrecorder           D  #8 speaker=1 start=22,12s end=24,84s text="Just over two years."
2025-11-28 17:38:25.910 13882-13903 SmartRecor...Transcript com.yourname.smartrecorder           D  #9 speaker=2 start=24,84s end=28,00s text="How long are you planning to stay here?"
2025-11-28 17:38:25.910 13882-13903 SmartRecor...Transcript com.yourname.smartrecorder           D  #10 speaker=1 start=28,00s end=29,80s text="Another year."
2025-11-28 17:38:25.910 13882-13903 SmartRecor...Transcript com.yourname.smartrecorder           D  #11 speaker=2 start=29,80s end=31,80s text="Do you like it here?"
2025-11-28 17:38:25.910 13882-13903 SmartRecor...Transcript com.yourname.smartrecorder           D  #12 speaker=1 start=31,80s end=33,80s text="I like it a lot."
2025-11-28 17:38:25.911 13882-13903 SmartRecor...Transcript com.yourname.smartrecorder           D  #13 speaker=2 start=33,80s end=35,80s text="What do you like about it?"
2025-11-28 17:38:25.911 13882-13903 SmartRecor...Transcript com.yourname.smartrecorder           D  #14 speaker=1 start=35,80s end=38,80s text="I like the food."
2025-11-28 17:38:25.911 13882-13903 SmartRecor...Transcript com.yourname.smartrecorder           D  #15 speaker=1 start=38,80s end=40,80s text="I like the weather."
2025-11-28 17:38:25.911 13882-13903 SmartRecor...Transcript com.yourname.smartrecorder           D  #16 speaker=1 start=40,80s end=42,80s text="I like the people."
2025-11-28 17:38:25.911 13882-13903 SmartRecor...Transcript com.yourname.smartrecorder           D  #17 speaker=2 start=42,80s end=44,80s text="When's your birthday?"
2025-11-28 17:38:25.911 13882-13903 SmartRecor...Transcript com.yourname.smartrecorder           D  #18 speaker=1 start=44,80s end=46,80s text="Who do you live with?"
2025-11-28 17:38:25.911 13882-13903 SmartRecor...Transcript com.yourname.smartrecorder           D  Processed 19 segments with speaker detection
2025-11-28 17:38:25.911 13882-13903 SmartRecor...Transcript com.yourname.smartrecorder           D  === [PROCESSED_TEXT_AFTER_SPEAKER_DETECTION] ===
2025-11-28 17:38:25.911 13882-13903 SmartRecor...Transcript com.yourname.smartrecorder           D  PROCESSED[0] speaker=Speaker 1 time=2,00s-5,00s text="I'm on business."
2025-11-28 17:38:25.911 13882-13903 SmartRecor...Transcript com.yourname.smartrecorder           D  PROCESSED[1] speaker=Speaker 2 time=5,00s-7,72s text="Why did you come to the UK?"
2025-11-28 17:38:25.911 13882-13903 SmartRecor...Transcript com.yourname.smartrecorder           D  PROCESSED[2] speaker=Speaker 1 time=7,72s-10,22s text="I came here to work."
2025-11-28 17:38:25.912 13882-13903 SmartRecor...Transcript com.yourname.smartrecorder           D  ... and 16 more processed segments
2025-11-28 17:38:25.912 13882-13903 SmartRecor...Transcript com.yourname.smartrecorder           D  Updating processed segments in database
2025-11-28 17:38:25.912 13882-13903 SmartRecor...Repository com.yourname.smartrecorder           D  [BG] [DB: transcript_segments] UPDATE -> recordingId=3c2e7509-2224-453a-aecd-27200813f154, count=19
2025-11-28 17:38:25.923 13882-13903 SmartRecor...Repository com.yourname.smartrecorder           D  [BG] [DB: transcript_segments] UPDATE_COMPLETE -> recordingId=3c2e7509-2224-453a-aecd-27200813f154, count=19, duration=11ms
2025-11-28 17:38:25.923 13882-13903 SmartRecorder/UseCase   com.yourname.smartrecorder           I  [MAIN] [UseCase: ProcessTranscriptUseCase] Completed (recordingId=3c2e7509-2224-453a-aecd-27200813f154, segments=19, duration=25ms)
2025-11-28 17:38:25.923 13882-13903 SmartRecor...Transcript com.yourname.smartrecorder           I  [Performance] ProcessTranscriptUseCase took 25ms (segments=19)
2025-11-28 17:38:25.923 13882-13903 SmartRecor...Transcript com.yourname.smartrecorder           D  Background processing completed -> segments: 19
2025-11-28 17:38:25.923 13882-13903 SmartRecor...Transcript com.yourname.smartrecorder           I  [MAIN] Transcript processing completed -> recordingId: 3c2e7509-2224-453a-aecd-27200813f154
