2025-11-29 03:44:39.201 17647-17647 SmartRecor...Transcript com.yourname.smartrecorder           D  File check -> exists: true, size: 9143 bytes, canRead: true
2025-11-29 03:44:39.201  1198-1198  SGM:GameManager         system_server                        D  identifyGamePackage. com.yourname.smartrecorder, mCurrentUserId: 0, callerUserId: 0, callingMethodInfo: com.android.server.ssrm.fgapps.GameAppUtils.isGame(GameAppUtils.java:84)
2025-11-29 03:44:39.201 17647-17647 SmartRecor...Transcript com.yourname.smartrecorder           W  Cannot resume - different recording is paused
2025-11-29 03:44:39.201  1198-1198  SGM:PkgDataHelper       system_server                        D  getGamePkgData(). com.yourname.smartrecorder
2025-11-29 03:44:39.202  1198-1198  SGM:GameManager         system_server                        D  identifyGamePackage. com.yourname.smartrecorder, mCurrentUserId: 0, callerUserId: 0, callingMethodInfo: com.android.server.ssrm.fgapps.GameAppUtils.isGame(GameAppUtils.java:84)
2025-11-29 03:44:39.202  1198-1198  SGM:PkgDataHelper       system_server                        D  getGamePkgData(). com.yourname.smartrecorder
2025-11-29 03:44:39.417 17647-17647 ViewRootIm...nActivity] com.yourname.smartrecorder           I  ViewPostIme pointer 0
2025-11-29 03:44:39.493 17647-17647 ViewRootIm...nActivity] com.yourname.smartrecorder           I  ViewPostIme pointer 1
2025-11-29 03:44:39.973  1198-1376  AppsFilter              system_server                        I  interaction: PackageSetting{477fb5d com.yourname.smartrecorder/11026} -> PackageSetting{3c518a0 com.superkent.NumerologyInsights/11034} BLOCKED
2025-11-29 03:44:39.974  1198-1376  AppsFilter              system_server                        I  interaction: PackageSetting{477fb5d com.yourname.smartrecorder/11026} -> PackageSetting{3c518a0 com.superkent.NumerologyInsights/11034} BLOCKED
2025-11-29 03:44:39.975  1198-1376  AppsFilter              system_server                        I  interaction: PackageSetting{477fb5d com.yourname.smartrecorder/11026} -> PackageSetting{3c518a0 com.superkent.NumerologyInsights/11034} BLOCKED
2025-11-29 03:44:40.109 17647-17647 ViewRootIm...nActivity] com.yourname.smartrecorder           I  ViewPostIme pointer 0
2025-11-29 03:44:40.258 17647-17647 SmartRecor...Transcript com.yourname.smartrecorder           I  [MAIN] [Lifecycle: TranscriptViewModel] onCleared
2025-11-29 03:44:40.258 17647-17647 SmartRecor...Transcript com.yourname.smartrecorder           W  [RARE] ViewModel cleared while playback active -> Context: position=2000ms
2025-11-29 03:44:40.569 17647-17647 ViewRootIm...nActivity] com.yourname.smartrecorder           I  ViewPostIme pointer 1
2025-11-29 03:44:40.876 17647-17647 ViewRootIm...nActivity] com.yourname.smartrecorder           I  ViewPostIme pointer 0
2025-11-29 03:44:41.293 17647-17647 ViewRootIm...nActivity] com.yourname.smartrecorder           I  ViewPostIme pointer 1
2025-11-29 03:44:41.313  1198-1198  SGM:GameManager         system_server                        D  identifyGamePackage. com.yourname.smartrecorder, mCurrentUserId: 0, callerUserId: 0, callingMethodInfo: com.android.server.ssrm.fgapps.GameAppUtils.isGame(GameAppUtils.java:84)
2025-11-29 03:44:41.313  1198-1198  SGM:PkgDataHelper       system_server                        D  getGamePkgData(). com.yourname.smartrecorder
2025-11-29 03:44:41.314  1198-1198  SGM:GameManager         system_server                        D  identifyGamePackage. com.yourname.smartrecorder, mCurrentUserId: 0, callerUserId: 0, callingMethodInfo: com.android.server.ssrm.fgapps.GameAppUtils.isGame(GameAppUtils.java:84)
2025-11-29 03:44:41.314  1198-1198  SGM:PkgDataHelper       system_server                        D  getGamePkgData(). com.yourname.smartrecorder
2025-11-29 03:44:41.659 17647-17647 ViewRootIm...nActivity] com.yourname.smartrecorder           I  ViewPostIme pointer 0
2025-11-29 03:44:41.704 17647-17647 ViewRootIm...nActivity] com.yourname.smartrecorder           I  ViewPostIme pointer 1
2025-11-29 03:44:41.706 17647-17647 SmartRecorder/ViewModel com.yourname.smartrecorder           D  [RecordingCard] User clicked transcript button -> recordingId: 604133cd-bb4c-4c9e-b723-37e4e772e8eb
2025-11-29 03:44:41.849 17647-17647 SmartRecorder/ViewModel com.yourname.smartrecorder           D  [TranscriptScreen] Screen loaded -> recordingId: 604133cd-bb4c-4c9e-b723-37e4e772e8eb
2025-11-29 03:44:41.849 17647-17647 SmartRecor...Transcript com.yourname.smartrecorder           I  [MAIN] [ViewModel: TranscriptViewModel] loadRecording -> State: recordingId=604133cd-bb4c-4c9e-b723-37e4e772e8eb
2025-11-29 03:44:41.850 17647-17647 SmartRecor...Transcript com.yourname.smartrecorder           D  Loading recording details -> recordingId: 604133cd-bb4c-4c9e-b723-37e4e772e8eb
2025-11-29 03:44:41.850 17647-17647 SmartRecorder/UseCase   com.yourname.smartrecorder           I  [MAIN] [UseCase: GetRecordingDetailUseCase] Starting (recordingId=604133cd-bb4c-4c9e-b723-37e4e772e8eb)
2025-11-29 03:44:41.850 17647-17647 SmartRecor...Repository com.yourname.smartrecorder           D  [BG] [DB: recordings] SELECT -> id=604133cd-bb4c-4c9e-b723-37e4e772e8eb
2025-11-29 03:44:41.850 17647-17647 SmartRecorder/ViewModel com.yourname.smartrecorder           D  [TranscriptScreen] User switched tab -> tab: TRANSCRIPT
2025-11-29 03:44:41.851 17647-17647 SmartRecorder/ViewModel com.yourname.smartrecorder           D  [TranscriptTabContent] State -> segmentsCount: 0, isGenerating: false, isLoading: false, searchQuery: 
2025-11-29 03:44:41.866 17647-17647 SmartRecor...Repository com.yourname.smartrecorder           D  [BG] [DB: recordings] SELECT_COMPLETE -> id=604133cd-bb4c-4c9e-b723-37e4e772e8eb, found=true
2025-11-29 03:44:41.866 17647-17647 SmartRecorder/UseCase   com.yourname.smartrecorder           I  [MAIN] [UseCase: GetRecordingDetailUseCase] Completed (recordingId=604133cd-bb4c-4c9e-b723-37e4e772e8eb, found=true, duration=16ms)
2025-11-29 03:44:41.867 17647-17647 SmartRecor...Transcript com.yourname.smartrecorder           D  Recording loaded -> id: 604133cd-bb4c-4c9e-b723-37e4e772e8eb, title: Ghi nh 004, duration: 35107 ms
2025-11-29 03:44:41.867 17647-17647 SmartRecor...Transcript com.yourname.smartrecorder           D  Audio file check -> path: /data/user/0/com.yourname.smartrecorder/files/recordings/imported_604133cd-bb4c-4c9e-b723-37e4e772e8eb.m4a, exists: true, size: 610801 bytes, canRead: true
2025-11-29 03:44:41.867 17647-17647 SmartRecorder/UseCase   com.yourname.smartrecorder           I  [MAIN] [UseCase: GetTranscriptUseCase] Invoked (recordingId=604133cd-bb4c-4c9e-b723-37e4e772e8eb)
2025-11-29 03:44:41.867 17647-17647 SmartRecor...Repository com.yourname.smartrecorder           D  [Flow: getTranscriptSegments] Subscribed -> recordingId=604133cd-bb4c-4c9e-b723-37e4e772e8eb
2025-11-29 03:44:41.868 17647-17647 SmartRecor...Repository com.yourname.smartrecorder           D  [Flow: getNotesByRecordingId] Subscribed -> recordingId=604133cd-bb4c-4c9e-b723-37e4e772e8eb
2025-11-29 03:44:41.868 17647-17647 SmartRecorder/UseCase   com.yourname.smartrecorder           I  [MAIN] [UseCase: GetBookmarksUseCase] Invoked (recordingId=604133cd-bb4c-4c9e-b723-37e4e772e8eb)
2025-11-29 03:44:41.868 17647-17647 SmartRecor...Repository com.yourname.smartrecorder           D  [Flow: getBookmarksByRecordingId] Subscribed -> recordingId=604133cd-bb4c-4c9e-b723-37e4e772e8eb
2025-11-29 03:44:41.887 17647-17647 SmartRecorder/ViewModel com.yourname.smartrecorder           D  [TranscriptTabContent] State -> segmentsCount: 0, isGenerating: false, isLoading: true, searchQuery: 
2025-11-29 03:44:41.896 17647-17647 SmartRecor...Repository com.yourname.smartrecorder           D  [Flow: getBookmarksByRecordingId] Emitted -> recordingId=604133cd-bb4c-4c9e-b723-37e4e772e8eb, count=0
2025-11-29 03:44:41.896 17647-17647 SmartRecorder/UseCase   com.yourname.smartrecorder           I  [MAIN] [UseCase: GetBookmarksUseCase] Emitted (recordingId=604133cd-bb4c-4c9e-b723-37e4e772e8eb, count=0)
2025-11-29 03:44:41.896 17647-17647 SmartRecor...Transcript com.yourname.smartrecorder           D  Bookmarks loaded: 0
2025-11-29 03:44:41.897 17647-17647 SmartRecor...Repository com.yourname.smartrecorder           D  [Flow: getTranscriptSegments] Emitted -> recordingId=604133cd-bb4c-4c9e-b723-37e4e772e8eb, count=0
2025-11-29 03:44:41.897 17647-17647 SmartRecorder/UseCase   com.yourname.smartrecorder           I  [MAIN] [UseCase: GetTranscriptUseCase] Emitted (recordingId=604133cd-bb4c-4c9e-b723-37e4e772e8eb, count=0)
2025-11-29 03:44:41.897 17647-17647 SmartRecor...Transcript com.yourname.smartrecorder           D  Transcript segments received -> count: 0, recordingId: 604133cd-bb4c-4c9e-b723-37e4e772e8eb
2025-11-29 03:44:41.897 17647-17647 SmartRecor...Transcript com.yourname.smartrecorder           D  Segments updated in UI -> count: 0
2025-11-29 03:44:41.897 17647-17647 SmartRecor...Repository com.yourname.smartrecorder           D  [Flow: getNotesByRecordingId] Emitted -> recordingId=604133cd-bb4c-4c9e-b723-37e4e772e8eb, count=0
2025-11-29 03:44:41.897 17647-17647 SmartRecor...Transcript com.yourname.smartrecorder           D  Notes loaded -> count: 0
2025-11-29 03:44:41.897 17647-17647 SmartRecor...Transcript com.yourname.smartrecorder           I  [MAIN] [ViewModel: TranscriptViewModel] loadRecording completed -> State: duration=48ms, segments=0, notes=0
2025-11-29 03:44:41.944 17647-17647 SmartRecorder/ViewModel com.yourname.smartrecorder           D  [TranscriptTabContent] State -> segmentsCount: 0, isGenerating: false, isLoading: false, searchQuery: 
2025-11-29 03:44:42.652 17647-17647 ViewRootIm...nActivity] com.yourname.smartrecorder           I  ViewPostIme pointer 0
2025-11-29 03:44:42.711 17647-17647 ViewRootIm...nActivity] com.yourname.smartrecorder           I  ViewPostIme pointer 1
2025-11-29 03:44:42.712 17647-17647 SmartRecor...Transcript com.yourname.smartrecorder           D  togglePlayPause called -> recordingId: 604133cd-bb4c-4c9e-b723-37e4e772e8eb, filePath: /data/user/0/com.yourname.smartrecorder/files/recordings/imported_604133cd-bb4c-4c9e-b723-37e4e772e8eb.m4a
2025-11-29 03:44:42.712 17647-17647 SmartRecor...Transcript com.yourname.smartrecorder           D  File check -> exists: true, size: 610801 bytes, canRead: true
2025-11-29 03:44:42.712 17647-17647 SmartRecor...Transcript com.yourname.smartrecorder           W  Cannot resume - different recording is paused
2025-11-29 03:44:43.312 17647-17647 ViewRootIm...nActivity] com.yourname.smartrecorder           I  ViewPostIme pointer 0
2025-11-29 03:44:43.361 17647-17647 ViewRootIm...nActivity] com.yourname.smartrecorder           I  ViewPostIme pointer 1
2025-11-29 03:44:43.362 17647-17647 SmartRecor...Transcript com.yourname.smartrecorder           D  togglePlayPause called -> recordingId: 604133cd-bb4c-4c9e-b723-37e4e772e8eb, filePath: /data/user/0/com.yourname.smartrecorder/files/recordings/imported_604133cd-bb4c-4c9e-b723-37e4e772e8eb.m4a
2025-11-29 03:44:43.362 17647-17647 SmartRecor...Transcript com.yourname.smartrecorder           D  File check -> exists: true, size: 610801 bytes, canRead: true
2025-11-29 03:44:43.362 17647-17647 SmartRecor...Transcript com.yourname.smartrecorder           W  Cannot resume - different recording is paused
2025-11-29 03:44:43.480 17647-17647 ViewRootIm...nActivity] com.yourname.smartrecorder           I  ViewPostIme pointer 0
2025-11-29 03:44:43.481  2188-2465  AppInfo                 com.sec.android.app.launcher         I  set ComponentInfo{com.yourname.smartrecorder/com.yourname.smartrecorder.MainActivity} app progress level to 100
2025-11-29 03:44:43.485  1198-1198  SGM:GameManager         system_server                        D  identifyGamePackage. com.yourname.smartrecorder, mCurrentUserId: 0, callerUserId: 0, callingMethodInfo: com.android.server.ssrm.fgapps.GameAppUtils.isGame(GameAppUtils.java:84)
2025-11-29 03:44:43.485  1198-1198  SGM:PkgDataHelper       system_server                        D  getGamePkgData(). com.yourname.smartrecorder
2025-11-29 03:44:43.485  2188-2465  SuggestedItemsFacade    com.sec.android.app.launcher         I  DPS items : Smart Recorder, ComponentInfo{com.yourname.smartrecorder/com.yourname.smartrecorder.MainActivity}
2025-11-29 03:44:43.485  1198-1198  SGM:GameManager         system_server                        D  identifyGamePackage. com.yourname.smartrecorder, mCurrentUserId: 0, callerUserId: 0, callingMethodInfo: com.android.server.ssrm.fgapps.GameAppUtils.isGame(GameAppUtils.java:84)
2025-11-29 03:44:43.485  1198-1198  SGM:PkgDataHelper       system_server                        D  getGamePkgData(). com.yourname.smartrecorder
2025-11-29 03:44:43.485  2188-2465  SuggestedItemsFacade    com.sec.android.app.launcher         I  DPS items : Smart Recorder, ComponentInfo{com.yourname.smartrecorder/com.yourname.smartrecorder.MainActivity}
2025-11-29 03:44:43.528 17647-17647 ViewRootIm...nActivity] com.yourname.smartrecorder           I  ViewPostIme pointer 1
2025-11-29 03:44:43.529 17647-17647 SmartRecor...Transcript com.yourname.smartrecorder           D  togglePlayPause called -> recordingId: 604133cd-bb4c-4c9e-b723-37e4e772e8eb, filePath: /data/user/0/com.yourname.smartrecorder/files/recordings/imported_604133cd-bb4c-4c9e-b723-37e4e772e8eb.m4a
2025-11-29 03:44:43.529  1198-1198  SGM:GameManager         system_server                        D  identifyGamePackage. com.yourname.smartrecorder, mCurrentUserId: 0, callerUserId: 0, callingMethodInfo: com.android.server.ssrm.fgapps.GameAppUtils.isGame(GameAppUtils.java:84)
2025-11-29 03:44:43.529 17647-17647 SmartRecor...Transcript com.yourname.smartrecorder           D  File check -> exists: true, size: 610801 bytes, canRead: true
2025-11-29 03:44:43.529  1198-1198  SGM:PkgDataHelper       system_server                        D  getGamePkgData(). com.yourname.smartrecorder
2025-11-29 03:44:43.529 17647-17647 SmartRecor...Transcript com.yourname.smartrecorder           W  Cannot resume - different recording is paused
2025-11-29 03:44:43.529  1198-1198  SGM:GameManager         system_server                        D  identifyGamePackage. com.yourname.smartrecorder, mCurrentUserId: 0, callerUserId: 0, callingMethodInfo: com.android.server.ssrm.fgapps.GameAppUtils.isGame(GameAppUtils.java:84)
2025-11-29 03:44:43.530  1198-1198  SGM:PkgDataHelper       system_server                        D  getGamePkgData(). com.yourname.smartrecorder
2025-11-29 03:44:43.636 17647-17647 ViewRootIm...nActivity] com.yourname.smartrecorder           I  ViewPostIme pointer 0
2025-11-29 03:44:43.713 17647-17647 ViewRootIm...nActivity] com.yourname.smartrecorder           I  ViewPostIme pointer 1
2025-11-29 03:44:43.715 17647-17647 SmartRecor...Transcript com.yourname.smartrecorder           D  togglePlayPause called -> recordingId: 604133cd-bb4c-4c9e-b723-37e4e772e8eb, filePath: /data/user/0/com.yourname.smartrecorder/files/recordings/imported_604133cd-bb4c-4c9e-b723-37e4e772e8eb.m4a
2025-11-29 03:44:43.715 17647-17647 SmartRecor...Transcript com.yourname.smartrecorder           D  File check -> exists: true, size: 610801 bytes, canRead: true
2025-11-29 03:44:43.716 17647-17647 SmartRecor...Transcript com.yourname.smartrecorder           W  Cannot resume - different recording is paused
2025-11-29 03:44:44.111 17647-17647 ViewRootIm...nActivity] com.yourname.smartrecorder           I  ViewPostIme pointer 0
2025-11-29 03:44:44.170 17647-17647 ViewRootIm...nActivity] com.yourname.smartrecorder           I  ViewPostIme pointer 1
2025-11-29 03:44:44.923 17647-17647 ViewRootIm...nActivity] com.yourname.smartrecorder           I  ViewPostIme pointer 0
2025-11-29 03:44:44.937 17647-17647 SmartRecor...Transcript com.yourname.smartrecorder           I  [MAIN] [Lifecycle: TranscriptViewModel] onCleared
2025-11-29 03:44:44.938 17647-17647 SmartRecor...Transcript com.yourname.smartrecorder           W  [RARE] ViewModel cleared while playback active -> Context: position=2000ms
2025-11-29 03:44:45.397 17647-17647 ViewRootIm...nActivity] com.yourname.smartrecorder           I  ViewPostIme pointer 1
2025-11-29 03:44:45.805 17647-17647 ViewRootIm...nActivity] com.yourname.smartrecorder           I  ViewPostIme pointer 0
2025-11-29 03:44:45.855 17647-17647 ViewRootIm...nActivity] com.yourname.smartrecorder           I  ViewPostIme pointer 1
2025-11-29 03:44:45.855 17647-17647 SmartRecorder/ViewModel com.yourname.smartrecorder           D  [RecordingCard] User clicked transcript button -> recordingId: 5669bba6-65ab-4d23-91d6-e58989d99570
2025-11-29 03:44:45.957 17647-17647 SmartRecorder/ViewModel com.yourname.smartrecorder           D  [TranscriptScreen] Screen loaded -> recordingId: 5669bba6-65ab-4d23-91d6-e58989d99570
2025-11-29 03:44:45.957 17647-17647 SmartRecor...Transcript com.yourname.smartrecorder           I  [MAIN] [ViewModel: TranscriptViewModel] loadRecording -> State: recordingId=5669bba6-65ab-4d23-91d6-e58989d99570
2025-11-29 03:44:45.957 17647-17647 SmartRecor...Transcript com.yourname.smartrecorder           D  Loading recording details -> recordingId: 5669bba6-65ab-4d23-91d6-e58989d99570
2025-11-29 03:44:45.957 17647-17647 SmartRecorder/UseCase   com.yourname.smartrecorder           I  [MAIN] [UseCase: GetRecordingDetailUseCase] Starting (recordingId=5669bba6-65ab-4d23-91d6-e58989d99570)
2025-11-29 03:44:45.957 17647-17647 SmartRecor...Repository com.yourname.smartrecorder           D  [BG] [DB: recordings] SELECT -> id=5669bba6-65ab-4d23-91d6-e58989d99570
2025-11-29 03:44:45.957 17647-17647 SmartRecorder/ViewModel com.yourname.smartrecorder           D  [TranscriptScreen] User switched tab -> tab: TRANSCRIPT
2025-11-29 03:44:45.958 17647-17647 SmartRecorder/ViewModel com.yourname.smartrecorder           D  [TranscriptTabContent] State -> segmentsCount: 0, isGenerating: false, isLoading: false, searchQuery: 
2025-11-29 03:44:45.968 17647-17647 SmartRecor...Repository com.yourname.smartrecorder           D  [BG] [DB: recordings] SELECT_COMPLETE -> id=5669bba6-65ab-4d23-91d6-e58989d99570, found=true
2025-11-29 03:44:45.968 17647-17647 SmartRecorder/UseCase   com.yourname.smartrecorder           I  [MAIN] [UseCase: GetRecordingDetailUseCase] Completed (recordingId=5669bba6-65ab-4d23-91d6-e58989d99570, found=true, duration=11ms)
2025-11-29 03:44:45.969 17647-17647 SmartRecor...Transcript com.yourname.smartrecorder           D  Recording loaded -> id: 5669bba6-65ab-4d23-91d6-e58989d99570, title: , duration: 360155 ms
2025-11-29 03:44:45.969 17647-17647 SmartRecor...Transcript com.yourname.smartrecorder           D  Audio file check -> path: /data/user/0/com.yourname.smartrecorder/files/recordings/recording_006.3gp, exists: true, size: 10839 bytes, canRead: true
2025-11-29 03:44:45.969 17647-17647 SmartRecorder/UseCase   com.yourname.smartrecorder           I  [MAIN] [UseCase: GetTranscriptUseCase] Invoked (recordingId=5669bba6-65ab-4d23-91d6-e58989d99570)
2025-11-29 03:44:45.969 17647-17647 SmartRecor...Repository com.yourname.smartrecorder           D  [Flow: getTranscriptSegments] Subscribed -> recordingId=5669bba6-65ab-4d23-91d6-e58989d99570
2025-11-29 03:44:45.969 17647-17647 SmartRecor...Repository com.yourname.smartrecorder           D  [Flow: getNotesByRecordingId] Subscribed -> recordingId=5669bba6-65ab-4d23-91d6-e58989d99570
2025-11-29 03:44:45.970 17647-17647 SmartRecorder/UseCase   com.yourname.smartrecorder           I  [MAIN] [UseCase: GetBookmarksUseCase] Invoked (recordingId=5669bba6-65ab-4d23-91d6-e58989d99570)
2025-11-29 03:44:45.970 17647-17647 SmartRecor...Repository com.yourname.smartrecorder           D  [Flow: getBookmarksByRecordingId] Subscribed -> recordingId=5669bba6-65ab-4d23-91d6-e58989d99570
2025-11-29 03:44:45.972 17647-17647 SmartRecor...Repository com.yourname.smartrecorder           D  [Flow: getNotesByRecordingId] Emitted -> recordingId=5669bba6-65ab-4d23-91d6-e58989d99570, count=0
2025-11-29 03:44:45.972 17647-17647 SmartRecor...Transcript com.yourname.smartrecorder           D  Notes loaded -> count: 0
2025-11-29 03:44:45.972 17647-17647 SmartRecor...Repository com.yourname.smartrecorder           D  [Flow: getTranscriptSegments] Emitted -> recordingId=5669bba6-65ab-4d23-91d6-e58989d99570, count=0
2025-11-29 03:44:45.972 17647-17647 SmartRecorder/UseCase   com.yourname.smartrecorder           I  [MAIN] [UseCase: GetTranscriptUseCase] Emitted (recordingId=5669bba6-65ab-4d23-91d6-e58989d99570, count=0)
2025-11-29 03:44:45.972 17647-17647 SmartRecor...Transcript com.yourname.smartrecorder           D  Transcript segments received -> count: 0, recordingId: 5669bba6-65ab-4d23-91d6-e58989d99570
2025-11-29 03:44:45.972 17647-17647 SmartRecor...Transcript com.yourname.smartrecorder           D  Segments updated in UI -> count: 0
2025-11-29 03:44:45.972 17647-17647 SmartRecor...Transcript com.yourname.smartrecorder           I  [MAIN] [ViewModel: TranscriptViewModel] loadRecording completed -> State: duration=15ms, segments=0, notes=0
2025-11-29 03:44:45.972 17647-17647 SmartRecor...Transcript com.yourname.smartrecorder           I  [Performance] loadRecording took 15ms
2025-11-29 03:44:45.987 17647-17647 SmartRecor...Repository com.yourname.smartrecorder           D  [Flow: getBookmarksByRecordingId] Emitted -> recordingId=5669bba6-65ab-4d23-91d6-e58989d99570, count=0
2025-11-29 03:44:45.987 17647-17647 SmartRecorder/UseCase   com.yourname.smartrecorder           I  [MAIN] [UseCase: GetBookmarksUseCase] Emitted (recordingId=5669bba6-65ab-4d23-91d6-e58989d99570, count=0)
2025-11-29 03:44:45.988 17647-17647 SmartRecor...Transcript com.yourname.smartrecorder           D  Bookmarks loaded: 0
2025-11-29 03:44:46.572 17647-17647 ViewRootIm...nActivity] com.yourname.smartrecorder           I  ViewPostIme pointer 0
2025-11-29 03:44:46.618 17647-17647 ViewRootIm...nActivity] com.yourname.smartrecorder           I  ViewPostIme pointer 1
2025-11-29 03:44:46.618 17647-17647 SmartRecor...Transcript com.yourname.smartrecorder           D  togglePlayPause called -> recordingId: 5669bba6-65ab-4d23-91d6-e58989d99570, filePath: /data/user/0/com.yourname.smartrecorder/files/recordings/recording_006.3gp
2025-11-29 03:44:46.618 17647-17647 SmartRecor...Transcript com.yourname.smartrecorder           D  File check -> exists: true, size: 10839 bytes, canRead: true
2025-11-29 03:44:46.619 17647-17647 SmartRecor...Transcript com.yourname.smartrecorder           W  Cannot resume - different recording is paused
2025-11-29 03:44:47.047 17647-17647 ViewRootIm...nActivity] com.yourname.smartrecorder           I  ViewPostIme pointer 0
2025-11-29 03:44:47.090 17647-17647 ViewRootIm...nActivity] com.yourname.smartrecorder           I  ViewPostIme pointer 1
2025-11-29 03:44:47.091 17647-17647 SmartRecor...Transcript com.yourname.smartrecorder           D  togglePlayPause called -> recordingId: 5669bba6-65ab-4d23-91d6-e58989d99570, filePath: /data/user/0/com.yourname.smartrecorder/files/recordings/recording_006.3gp
2025-11-29 03:44:47.091 17647-17647 SmartRecor...Transcript com.yourname.smartrecorder           D  File check -> exists: true, size: 10839 bytes, canRead: true
2025-11-29 03:44:47.091 17647-17647 SmartRecor...Transcript com.yourname.smartrecorder           W  Cannot resume - different recording is paused
2025-11-29 03:44:47.197 17647-17647 ViewRootIm...nActivity] com.yourname.smartrecorder           I  ViewPostIme pointer 0
2025-11-29 03:44:47.198  1198-1198  SGM:GameManager         system_server                        D  identifyGamePackage. com.yourname.smartrecorder, mCurrentUserId: 0, callerUserId: 0, callingMethodInfo: com.android.server.ssrm.fgapps.GameAppUtils.isGame(GameAppUtils.java:84)
2025-11-29 03:44:47.198  1198-1198  SGM:PkgDataHelper       system_server                        D  getGamePkgData(). com.yourname.smartrecorder
2025-11-29 03:44:47.199  1198-1198  SGM:GameManager         system_server                        D  identifyGamePackage. com.yourname.smartrecorder, mCurrentUserId: 0, callerUserId: 0, callingMethodInfo: com.android.server.ssrm.fgapps.GameAppUtils.isGame(GameAppUtils.java:84)
2025-11-29 03:44:47.199  1198-1198  SGM:PkgDataHelper       system_server                        D  getGamePkgData(). com.yourname.smartrecorder
2025-11-29 03:44:47.264  1198-1198  SGM:GameManager         system_server                        D  identifyGamePackage. com.yourname.smartrecorder, mCurrentUserId: 0, callerUserId: 0, callingMethodInfo: com.android.server.ssrm.fgapps.GameAppUtils.isGame(GameAppUtils.java:84)
2025-11-29 03:44:47.264  1198-1198  SGM:PkgDataHelper       system_server                        D  getGamePkgData(). com.yourname.smartrecorder
2025-11-29 03:44:47.264 17647-17647 ViewRootIm...nActivity] com.yourname.smartrecorder           I  ViewPostIme pointer 1
2025-11-29 03:44:47.265  1198-1198  SGM:GameManager         system_server                        D  identifyGamePackage. com.yourname.smartrecorder, mCurrentUserId: 0, callerUserId: 0, callingMethodInfo: com.android.server.ssrm.fgapps.GameAppUtils.isGame(GameAppUtils.java:84)
2025-11-29 03:44:47.265  1198-1198  SGM:PkgDataHelper       system_server                        D  getGamePkgData(). com.yourname.smartrecorder
2025-11-29 03:44:47.265 17647-17647 SmartRecor...Transcript com.yourname.smartrecorder           D  togglePlayPause called -> recordingId: 5669bba6-65ab-4d23-91d6-e58989d99570, filePath: /data/user/0/com.yourname.smartrecorder/files/recordings/recording_006.3gp
2025-11-29 03:44:47.265 17647-17647 SmartRecor...Transcript com.yourname.smartrecorder           D  File check -> exists: true, size: 10839 bytes, canRead: true
2025-11-29 03:44:47.266 17647-17647 SmartRecor...Transcript com.yourname.smartrecorder           W  Cannot resume - different recording is paused
2025-11-29 03:44:47.447 17647-17647 ViewRootIm...nActivity] com.yourname.smartrecorder           I  ViewPostIme pointer 0
2025-11-29 03:44:47.514 17647-17647 ViewRootIm...nActivity] com.yourname.smartrecorder           I  ViewPostIme pointer 1
2025-11-29 03:44:48.281 17647-17647 SmartRecor...Transcript com.yourname.smartrecorder           I  [MAIN] [Lifecycle: TranscriptViewModel] onCleared
2025-11-29 03:44:48.281 17647-17647 SmartRecor...Transcript com.yourname.smartrecorder           W  [RARE] ViewModel cleared while playback active -> Context: position=2000ms
2025-11-29 03:44:48.289 17647-17647 ViewRootIm...nActivity] com.yourname.smartrecorder           I  ViewPostIme pointer 0
2025-11-29 03:44:48.640 17647-17647 ViewRootIm...nActivity] com.yourname.smartrecorder           I  ViewPostIme pointer 1
2025-11-29 03:44:49.065 17647-17647 ViewRootIm...nActivity] com.yourname.smartrecorder           I  ViewPostIme pointer 0
2025-11-29 03:44:49.123 17647-17647 ViewRootIm...nActivity] com.yourname.smartrecorder           I  ViewPostIme pointer 1
2025-11-29 03:44:49.124 17647-17647 SmartRecorder/ViewModel com.yourname.smartrecorder           D  [RecordingCard] User clicked transcript button -> recordingId: b69bdd84-4f70-46c1-a844-9ebf1ac3705a
2025-11-29 03:44:49.218 17647-17647 SmartRecorder/ViewModel com.yourname.smartrecorder           D  [TranscriptScreen] Screen loaded -> recordingId: b69bdd84-4f70-46c1-a844-9ebf1ac3705a
2025-11-29 03:44:49.218 17647-17647 SmartRecor...Transcript com.yourname.smartrecorder           I  [MAIN] [ViewModel: TranscriptViewModel] loadRecording -> State: recordingId=b69bdd84-4f70-46c1-a844-9ebf1ac3705a
2025-11-29 03:44:49.219 17647-17647 SmartRecor...Transcript com.yourname.smartrecorder           D  Loading recording details -> recordingId: b69bdd84-4f70-46c1-a844-9ebf1ac3705a
2025-11-29 03:44:49.219 17647-17647 SmartRecorder/UseCase   com.yourname.smartrecorder           I  [MAIN] [UseCase: GetRecordingDetailUseCase] Starting (recordingId=b69bdd84-4f70-46c1-a844-9ebf1ac3705a)
2025-11-29 03:44:49.219 17647-17647 SmartRecor...Repository com.yourname.smartrecorder           D  [BG] [DB: recordings] SELECT -> id=b69bdd84-4f70-46c1-a844-9ebf1ac3705a
2025-11-29 03:44:49.219 17647-17647 SmartRecorder/ViewModel com.yourname.smartrecorder           D  [TranscriptScreen] User switched tab -> tab: TRANSCRIPT
2025-11-29 03:44:49.220 17647-17647 SmartRecorder/ViewModel com.yourname.smartrecorder           D  [TranscriptTabContent] State -> segmentsCount: 0, isGenerating: false, isLoading: false, searchQuery: 
2025-11-29 03:44:49.229 17647-17647 SmartRecor...Repository com.yourname.smartrecorder           D  [BG] [DB: recordings] SELECT_COMPLETE -> id=b69bdd84-4f70-46c1-a844-9ebf1ac3705a, found=true
2025-11-29 03:44:49.229 17647-17647 SmartRecorder/UseCase   com.yourname.smartrecorder           I  [MAIN] [UseCase: GetRecordingDetailUseCase] Completed (recordingId=b69bdd84-4f70-46c1-a844-9ebf1ac3705a, found=true, duration=10ms)
2025-11-29 03:44:49.229 17647-17647 SmartRecor...Transcript com.yourname.smartrecorder           D  Recording loaded -> id: b69bdd84-4f70-46c1-a844-9ebf1ac3705a, title: Recording Th11 29, 2025, duration: 32663 ms
2025-11-29 03:44:49.229 17647-17647 SmartRecor...Transcript com.yourname.smartrecorder           D  Audio file check -> path: /data/user/0/com.yourname.smartrecorder/files/recordings/recording_008.3gp, exists: true, size: 48967 bytes, canRead: true
2025-11-29 03:44:49.229 17647-17647 SmartRecorder/UseCase   com.yourname.smartrecorder           I  [MAIN] [UseCase: GetTranscriptUseCase] Invoked (recordingId=b69bdd84-4f70-46c1-a844-9ebf1ac3705a)
2025-11-29 03:44:49.230 17647-17647 SmartRecor...Repository com.yourname.smartrecorder           D  [Flow: getTranscriptSegments] Subscribed -> recordingId=b69bdd84-4f70-46c1-a844-9ebf1ac3705a
2025-11-29 03:44:49.230 17647-17647 SmartRecor...Repository com.yourname.smartrecorder           D  [Flow: getNotesByRecordingId] Subscribed -> recordingId=b69bdd84-4f70-46c1-a844-9ebf1ac3705a
2025-11-29 03:44:49.230 17647-17647 SmartRecorder/UseCase   com.yourname.smartrecorder           I  [MAIN] [UseCase: GetBookmarksUseCase] Invoked (recordingId=b69bdd84-4f70-46c1-a844-9ebf1ac3705a)
2025-11-29 03:44:49.230 17647-17647 SmartRecor...Repository com.yourname.smartrecorder           D  [Flow: getBookmarksByRecordingId] Subscribed -> recordingId=b69bdd84-4f70-46c1-a844-9ebf1ac3705a
2025-11-29 03:44:49.244 17647-17647 SmartRecorder/ViewModel com.yourname.smartrecorder           D  [TranscriptTabContent] State -> segmentsCount: 0, isGenerating: false, isLoading: true, searchQuery: 
2025-11-29 03:44:49.251 17647-17647 SmartRecor...Repository com.yourname.smartrecorder           D  [Flow: getNotesByRecordingId] Emitted -> recordingId=b69bdd84-4f70-46c1-a844-9ebf1ac3705a, count=0
2025-11-29 03:44:49.251 17647-17647 SmartRecor...Transcript com.yourname.smartrecorder           D  Notes loaded -> count: 0
2025-11-29 03:44:49.252 17647-17647 SmartRecor...Repository com.yourname.smartrecorder           D  [Flow: getTranscriptSegments] Emitted -> recordingId=b69bdd84-4f70-46c1-a844-9ebf1ac3705a, count=0
2025-11-29 03:44:49.252 17647-17647 SmartRecorder/UseCase   com.yourname.smartrecorder           I  [MAIN] [UseCase: GetTranscriptUseCase] Emitted (recordingId=b69bdd84-4f70-46c1-a844-9ebf1ac3705a, count=0)
2025-11-29 03:44:49.252 17647-17647 SmartRecor...Transcript com.yourname.smartrecorder           D  Transcript segments received -> count: 0, recordingId: b69bdd84-4f70-46c1-a844-9ebf1ac3705a
2025-11-29 03:44:49.252 17647-17647 SmartRecor...Transcript com.yourname.smartrecorder           D  Segments updated in UI -> count: 0
2025-11-29 03:44:49.252 17647-17647 SmartRecor...Transcript com.yourname.smartrecorder           I  [MAIN] [ViewModel: TranscriptViewModel] loadRecording completed -> State: duration=34ms, segments=0, notes=0
2025-11-29 03:44:49.252 17647-17647 SmartRecor...Transcript com.yourname.smartrecorder           I  [Performance] loadRecording took 34ms
2025-11-29 03:44:49.252 17647-17647 SmartRecor...Repository com.yourname.smartrecorder           D  [Flow: getBookmarksByRecordingId] Emitted -> recordingId=b69bdd84-4f70-46c1-a844-9ebf1ac3705a, count=0
2025-11-29 03:44:49.252 17647-17647 SmartRecorder/UseCase   com.yourname.smartrecorder           I  [MAIN] [UseCase: GetBookmarksUseCase] Emitted (recordingId=b69bdd84-4f70-46c1-a844-9ebf1ac3705a, count=0)
2025-11-29 03:44:49.252 17647-17647 SmartRecor...Transcript com.yourname.smartrecorder           D  Bookmarks loaded: 0
2025-11-29 03:44:49.277 17647-17647 SmartRecorder/ViewModel com.yourname.smartrecorder           D  [TranscriptTabContent] State -> segmentsCount: 0, isGenerating: false, isLoading: false, searchQuery: 
2025-11-29 03:44:49.824 17647-17647 ViewRootIm...nActivity] com.yourname.smartrecorder           I  ViewPostIme pointer 0
2025-11-29 03:44:49.896 17647-17647 ViewRootIm...nActivity] com.yourname.smartrecorder           I  ViewPostIme pointer 1
2025-11-29 03:44:49.897 17647-17647 SmartRecor...Transcript com.yourname.smartrecorder           D  togglePlayPause called -> recordingId: b69bdd84-4f70-46c1-a844-9ebf1ac3705a, filePath: /data/user/0/com.yourname.smartrecorder/files/recordings/recording_008.3gp
2025-11-29 03:44:49.897 17647-17647 SmartRecor...Transcript com.yourname.smartrecorder           D  File check -> exists: true, size: 48967 bytes, canRead: true
2025-11-29 03:44:49.897 17647-17647 SmartRecor...Transcript com.yourname.smartrecorder           I  [MAIN] Resuming playback -> position: 2000 ms
2025-11-29 03:44:49.899 17647-17647 SmartRecorder/Service   com.yourname.smartrecorder           I  [CRIT] Resume playback service requested
2025-11-29 03:44:49.902 17647-17647 SmartRecorder/Service   com.yourname.smartrecorder           I  [CRIT] [Service: PlaybackForegroundService] onStartCommand -> action=com.yourname.smartrecorder.RESUME_PLAYBACK, flags=0, startId=5
2025-11-29 03:44:49.902 17647-17647 SmartRecorder/Service   com.yourname.smartrecorder           I  [CRIT] Resume playback requested from notification
2025-11-29 03:44:49.902 17647-17647 SmartRecorder/Service   com.yourname.smartrecorder           I  [CRIT] Playback resumed in foreground service
2025-11-29 03:44:49.903 17647-17647 SmartRecorder/ViewModel com.yourname.smartrecorder           D  [PlaybackSessionRepository] resume
2025-11-29 03:44:49.905  1198-1219  ApplicationPolicy       system_server                        D  isStatusBarNotificationAllowedAsUser: packageName = com.yourname.smartrecorder,userId = 0
2025-11-29 03:44:49.905  1198-1219  ApplicationPolicy       system_server                        D  isStatusBarNotificationAllowedAsUser: packageName = com.yourname.smartrecorder,userId = 0
2025-11-29 03:44:49.906 17647-17647 SmartRecorder/Audio     com.yourname.smartrecorder           I  [MAIN] Resuming audio playback
2025-11-29 03:44:49.906 22947-22947 MediaLogger             com.android.systemui                 D  Media data loaded key[0|com.yourname.smartrecorder|2|null|11026] oldKey[0|com.yourname.smartrecorder|2|null|11026] title[Reco] isActive[true]
2025-11-29 03:44:49.907 17647-17647 MediaPlayer-JNI         com.yourname.smartrecorder           V  start
2025-11-29 03:44:49.907 17647-17647 MediaPlayerNative       com.yourname.smartrecorder           V  start
2025-11-29 03:44:49.907 17647-17647 SmartRecorder/Audio     com.yourname.smartrecorder           I  [MAIN] Audio resumed successfully -> position: 2411 ms
2025-11-29 03:44:49.907 17647-17647 SmartRecorder/Service   com.yourname.smartrecorder           D  AudioPlayer resumed successfully
2025-11-29 03:44:49.909  4533-4533  Edge.badge              com...ndroid.app.cocktailbarservice  I  updateBadge item = com.yourname.smartrecorder:0 1
2025-11-29 03:44:49.910  2188-2188  Launcher.N...onListener com.sec.android.app.launcher         I  onNotificationPosted : com.yourname.smartrecorder number : 0
2025-11-29 03:44:49.914 30169-30242 BWU@AudioP...rolManager com.samsung.android.bixby.wakeup     I  Ph_com.yourname.smartrecorder is now playing [VF-T-L] 
2025-11-29 03:44:49.918 22947-22947 MediaLogger             com.android.systemui                 D  Media player updated [0|com.yourname.smartrecorder|2|null|11026] isPlaying[true]
2025-11-29 03:44:49.925 17647-17665 MediaPlayerNative       com.yourname.smartrecorder           V  message received msg=10000, ext1=21, ext2=3
2025-11-29 03:44:49.930 17647-17665 MediaPlayerNative       com.yourname.smartrecorder           V  message received msg=211, ext1=0, ext2=0
2025-11-29 03:44:49.931 22947-22947 FaceWidget...lerWrapper com.android.systemui                 D  onMediaDataLoaded, 0|com.yourname.smartrecorder|2|null|11026, 0|com.yourname.smartrecorder|2|null|11026, MediaData(userId=0, initialized=true, app=Smart Recorder, appIcon=Icon(typ=RESOURCE pkg=com.yourname.smartrecorder id=0x01080024), artist=Smart Recorder, song=Recording Th11 29, 2025, artwork=null, actions=[MediaAction(icon=android.graphics.drawable.AnimatedVectorDrawable@881e48c, action=com.android.systemui.media.MediaDataManager$getStandardAction$2@33927d5, contentDescription=Tm dng, background=android.graphics.drawable.AnimatedVectorDrawable@d370bea, rebindId=null)], actionsToShowInCompact=[0], semanticActions=MediaButton(playOrPause=MediaAction(icon=android.graphics.drawable.AnimatedVectorDrawable@881e48c, action=com.android.systemui.media.MediaDataManager$getStandardAction$2@33927d5, contentDescription=Tm dng, background=android.graphics.drawable.AnimatedVectorDrawable@d370bea, rebindId=null), nextOrCustom=null, prevOrCustom=null, custom0=null, custom1=null, reserveNext=false, reservePrev=false), packageName=com.yourname.smartrecorder, token=android.media.session.MediaSession$Token@b009986, clickIntent=PendingIntent{ab3b937: android.os.BinderProxy@9d05c96}, device=MediaDeviceData(enabled=true, icon=0.0,0.0-120.0,120.0
                                                                                                    Loading:0ms
                                                                                                    Element:2
                                                                                                    Segment:0
                                                                                                    Attribute:2, name=in thoi ny, intent=null, id=remote_submix_media_device_id, customMediaDeviceData=SecMediaDeviceDataImpl(deviceType=1)), active=true, resumeAction=null, playbackLocation=0, resumption=false, notificationKey=0|com.yourname.smartrecorder|2|null|11026, hasCheckedForResume=true, isPlaying=true, isClearable=false, lastActive=323887033, instanceId=com.android.internal.logging.InstanceId@56dbb, appUid=11026, customMediaData=SecMediaDataImpl(uid=11026))
2025-11-29 03:44:49.931 22947-22947 FaceWidget...Repository com.android.systemui                 D  [update] key : 0|com.yourname.smartrecorder|2|null|11026, oldKey : 0|com.yourname.smartrecorder|2|null|11026, media : com.yourname.smartrecorder, sourceType : NOTIFICATION
2025-11-29 03:44:49.931 30169-30242 BWU@AudioP...rolManager com.samsung.android.bixby.wakeup     I  Ph_com.yourname.smartrecorder is now playing [VF-T-L] 
2025-11-29 03:44:49.937 22947-22947 FaceWidget...cViewModel com.android.systemui                 D  onChanged :: PluginFaceWidgetMediaData{packageName='com.yourname.smartrecorder'isActive='true', playbackState=3', metaData=Recording Th11 29, 2025, Smart Recorder, null', (APP ICON, )'}
2025-11-29 03:44:50.146 22947-22947 MediaDataManager        com.android.systemui                 D  onMediaNotificationAdded() : 0|com.yourname.smartrecorder|2|null|11026
2025-11-29 03:44:50.147 22947-22947 MediaLogger             com.android.systemui                 D  Notification added [0|com.yourname.smartrecorder|2|null|11026]
2025-11-29 03:44:50.147 22947-22947 BubblesManager          com.android.systemui                 D  onEntryUpdated : shouldBubbleUp=false ,key=0|com.yourname.smartrecorder|2|null|11026
2025-11-29 03:44:50.147 22947-22947 Interrupti...teProvider com.android.systemui                 D   no Heads up : edgelighting enabled app. 0|com.yourname.smartrecorder|2|null|11026
2025-11-29 03:44:50.152 22947-22947 MediaLogger             com.android.systemui                 D  Media data loaded key[0|com.yourname.smartrecorder|2|null|11026] oldKey[0|com.yourname.smartrecorder|2|null|11026] title[Reco] isActive[true]
2025-11-29 03:44:50.155 22947-22947 MediaLogger             com.android.systemui                 D  Media player updated [0|com.yourname.smartrecorder|2|null|11026] isPlaying[true]
2025-11-29 03:44:50.168 22947-22947 FaceWidget...lerWrapper com.android.systemui                 D  onMediaDataLoaded, 0|com.yourname.smartrecorder|2|null|11026, 0|com.yourname.smartrecorder|2|null|11026, MediaData(userId=0, initialized=true, app=Smart Recorder, appIcon=Icon(typ=RESOURCE pkg=com.yourname.smartrecorder id=0x01080024), artist=Smart Recorder, song=Recording Th11 29, 2025, artwork=null, actions=[MediaAction(icon=android.graphics.drawable.AnimatedVectorDrawable@c6954c8, action=com.android.systemui.media.MediaDataManager$getStandardAction$2@b5e3961, contentDescription=Tm dng, background=android.graphics.drawable.AnimatedVectorDrawable@ea02c86, rebindId=null)], actionsToShowInCompact=[0], semanticActions=MediaButton(playOrPause=MediaAction(icon=android.graphics.drawable.AnimatedVectorDrawable@c6954c8, action=com.android.systemui.media.MediaDataManager$getStandardAction$2@b5e3961, contentDescription=Tm dng, background=android.graphics.drawable.AnimatedVectorDrawable@ea02c86, rebindId=null), nextOrCustom=null, prevOrCustom=null, custom0=null, custom1=null, reserveNext=false, reservePrev=false), packageName=com.yourname.smartrecorder, token=android.media.session.MediaSession$Token@b009986, clickIntent=PendingIntent{b24d701: android.os.BinderProxy@9d05c96}, device=MediaDeviceData(enabled=true, icon=0.0,0.0-120.0,120.0
                                                                                                    Loading:0ms
                                                                                                    Element:2
                                                                                                    Segment:0
                                                                                                    Attribute:2, name=in thoi ny, intent=null, id=remote_submix_media_device_id, customMediaDeviceData=SecMediaDeviceDataImpl(deviceType=1)), active=true, resumeAction=null, playbackLocation=0, resumption=false, notificationKey=0|com.yourname.smartrecorder|2|null|11026, hasCheckedForResume=true, isPlaying=true, isClearable=false, lastActive=323913732, instanceId=com.android.internal.logging.InstanceId@56dbb, appUid=11026, customMediaData=SecMediaDataImpl(uid=11026))
2025-11-29 03:44:50.168 22947-22947 FaceWidget...Repository com.android.systemui                 D  [update] key : 0|com.yourname.smartrecorder|2|null|11026, oldKey : 0|com.yourname.smartrecorder|2|null|11026, media : com.yourname.smartrecorder, sourceType : NOTIFICATION
2025-11-29 03:44:50.176 17647-17665 MediaPlayerNative       com.yourname.smartrecorder           V  message received msg=6, ext1=0, ext2=0
2025-11-29 03:44:50.176 17647-17665 MediaPlayerNative       com.yourname.smartrecorder           V  Received media started message
2025-11-29 03:44:50.180 22947-22947 FaceWidget...cViewModel com.android.systemui                 D  onChanged :: PluginFaceWidgetMediaData{packageName='com.yourname.smartrecorder'isActive='true', playbackState=3', metaData=Recording Th11 29, 2025, Smart Recorder, null', (APP ICON, )'}
2025-11-29 03:44:50.182 17647-17647 ViewRootIm...nActivity] com.yourname.smartrecorder           I  ViewPostIme pointer 0
2025-11-29 03:44:50.218 17647-17647 ViewRootIm...nActivity] com.yourname.smartrecorder           I  ViewPostIme pointer 1
2025-11-29 03:44:50.220 17647-17647 SmartRecor...Transcript com.yourname.smartrecorder           D  togglePlayPause called -> recordingId: b69bdd84-4f70-46c1-a844-9ebf1ac3705a, filePath: /data/user/0/com.yourname.smartrecorder/files/recordings/recording_008.3gp
2025-11-29 03:44:50.220 17647-17647 SmartRecor...Transcript com.yourname.smartrecorder           D  File check -> exists: true, size: 48967 bytes, canRead: true
2025-11-29 03:44:50.220 17647-17647 SmartRecor...Transcript com.yourname.smartrecorder           I  [MAIN] Pausing playback -> position: 2000 ms
2025-11-29 03:44:50.225 17647-17647 SmartRecorder/Service   com.yourname.smartrecorder           I  [CRIT] Pause playback service requested
2025-11-29 03:44:50.228 17647-17647 SmartRecorder/Service   com.yourname.smartrecorder           I  [CRIT] [Service: PlaybackForegroundService] onStartCommand -> action=com.yourname.smartrecorder.PAUSE_PLAYBACK, flags=0, startId=6
2025-11-29 03:44:50.228 17647-17647 SmartRecorder/Service   com.yourname.smartrecorder           I  [CRIT] Pause playback requested from notification
2025-11-29 03:44:50.228 17647-17647 SmartRecorder/Service   com.yourname.smartrecorder           I  [CRIT] Playback paused in foreground service
2025-11-29 03:44:50.231 17647-17647 SmartRecorder/ViewModel com.yourname.smartrecorder           D  [PlaybackSessionRepository] pause
2025-11-29 03:44:50.234 22947-22947 MediaLogger             com.android.systemui                 D  Media data loaded key[0|com.yourname.smartrecorder|2|null|11026] oldKey[0|com.yourname.smartrecorder|2|null|11026] title[Reco] isActive[true]
2025-11-29 03:44:50.236 22947-22947 MediaLogger             com.android.systemui                 D  Media player updated [0|com.yourname.smartrecorder|2|null|11026] isPlaying[false]
2025-11-29 03:44:50.243 17647-17647 SmartRecorder/Audio     com.yourname.smartrecorder           I  [MAIN] Pausing audio playback
2025-11-29 03:44:50.243 17647-17647 MediaPlayer-JNI         com.yourname.smartrecorder           V  pause
2025-11-29 03:44:50.243 17647-17647 MediaPlayerNative       com.yourname.smartrecorder           V  pause
2025-11-29 03:44:50.243 17647-17659 MediaPlayerNative       com.yourname.smartrecorder           V  message received msg=7, ext1=0, ext2=0
2025-11-29 03:44:50.243 17647-17647 MediaPlayerNative       com.yourname.smartrecorder           V  getDuration_l
2025-11-29 03:44:50.244 17647-17647 MediaPlayer-JNI         com.yourname.smartrecorder           V  getDuration: 26780 (msec)
2025-11-29 03:44:50.244 17647-17647 MediaPlayerNative       com.yourname.smartrecorder           V  getDuration_l
2025-11-29 03:44:50.244 17647-17647 MediaPlayer-JNI         com.yourname.smartrecorder           V  getDuration: 26780 (msec)
2025-11-29 03:44:50.244 17647-17647 SmartRecorder/Audio     com.yourname.smartrecorder           I  [MAIN] Audio paused successfully -> position: 2754 ms (10,28%)
2025-11-29 03:44:50.244 17647-17647 SmartRecorder/Service   com.yourname.smartrecorder           D  AudioPlayer paused successfully
2025-11-29 03:44:50.246 17647-17659 MediaPlayerNative       com.yourname.smartrecorder           V  message received msg=211, ext1=0, ext2=0
2025-11-29 03:44:50.246 22947-22947 FaceWidget...lerWrapper com.android.systemui                 D  onMediaDataLoaded, 0|com.yourname.smartrecorder|2|null|11026, 0|com.yourname.smartrecorder|2|null|11026, MediaData(userId=0, initialized=true, app=Smart Recorder, appIcon=Icon(typ=RESOURCE pkg=com.yourname.smartrecorder id=0x01080024), artist=Smart Recorder, song=Recording Th11 29, 2025, artwork=null, actions=[MediaAction(icon=android.graphics.drawable.AnimatedVectorDrawable@52c2856, action=com.android.systemui.media.MediaDataManager$getStandardAction$1@9b90d7, contentDescription=Pht, background=android.graphics.drawable.AnimatedVectorDrawable@5a85dc4, rebindId=null)], actionsToShowInCompact=[0], semanticActions=MediaButton(playOrPause=MediaAction(icon=android.graphics.drawable.AnimatedVectorDrawable@52c2856, action=com.android.systemui.media.MediaDataManager$getStandardAction$1@9b90d7, contentDescription=Pht, background=android.graphics.drawable.AnimatedVectorDrawable@5a85dc4, rebindId=null), nextOrCustom=null, prevOrCustom=null, custom0=null, custom1=null, reserveNext=false, reservePrev=false), packageName=com.yourname.smartrecorder, token=android.media.session.MediaSession$Token@b009986, clickIntent=PendingIntent{b24d701: android.os.BinderProxy@9d05c96}, device=MediaDeviceData(enabled=true, icon=0.0,0.0-120.0,120.0
                                                                                                    Loading:0ms
                                                                                                    Element:2
                                                                                                    Segment:0
                                                                                                    Attribute:2, name=in thoi ny, intent=null, id=remote_submix_media_device_id, customMediaDeviceData=SecMediaDeviceDataImpl(deviceType=1)), active=true, resumeAction=null, playbackLocation=0, resumption=false, notificationKey=0|com.yourname.smartrecorder|2|null|11026, hasCheckedForResume=true, isPlaying=false, isClearable=false, lastActive=323913732, instanceId=com.android.internal.logging.InstanceId@56dbb, appUid=11026, customMediaData=SecMediaDataImpl(uid=11026))
2025-11-29 03:44:50.246 22947-22947 FaceWidget...Repository com.android.systemui                 D  [update] key : 0|com.yourname.smartrecorder|2|null|11026, oldKey : 0|com.yourname.smartrecorder|2|null|11026, media : com.yourname.smartrecorder, sourceType : NOTIFICATION
2025-11-29 03:44:50.251 22947-22947 FaceWidget...cViewModel com.android.systemui                 D  onChanged :: PluginFaceWidgetMediaData{packageName='com.yourname.smartrecorder'isActive='true', playbackState=2', metaData=Recording Th11 29, 2025, Smart Recorder, null', (APP ICON, )'}
2025-11-29 03:44:50.808 17647-17647 ViewRootIm...nActivity] com.yourname.smartrecorder           I  ViewPostIme pointer 0
