2025-11-28 20:18:31.083  9478-9478  SmartRecorder/Recording com.yourname.smartrecorder           I  [MAIN] [ViewModel: RecordViewModel] onStopClick
2025-11-28 20:18:31.083  9478-9478  SmartRecorder/Recording com.yourname.smartrecorder           D  Stopping recording -> recordingId: 22436b17-b3bf-4189-a9dd-cb43d2d11f69, duration: 8993 ms (total: 8993 ms, paused: 0 ms)
2025-11-28 20:18:31.086  1198-1198  EdgeLightingManager     system_server                        D  hideForNotification : packageName = com.yourname.smartrecorder
2025-11-28 20:18:31.086  1198-1198  EdgeLighti...ationGroup system_server                        D  remove : sbn : StatusBarNotification(pkg=com.yourname.smartrecorder user=UserHandle{0} id=1 tag=null key=0|com.yourname.smartrecorder|1|null|11024: Notification(channel=recording_channel shortcut=null contentView=null vibrate=null sound=null defaults=0x0 flags=0x60 color=0x00000000 category=service actions=2 vis=PUBLIC semFlags=0x2008 semPriority=0 semMissedCount=0))
2025-11-28 20:18:31.086 22947-29123 SecFgsMana...rollerImpl com.android.systemui                 D  onForegroundStateChanged: dialogShown:false, isForeground:false, packageName:com.yourname.smartrecorder , token:android.os.BinderProxy@2902b2, userId:0
2025-11-28 20:18:31.089  9478-9478  SmartRecorder/Service   com.yourname.smartrecorder           I  [CRIT] Recording foreground service stopped
2025-11-28 20:18:31.090  9478-9478  SmartRecor...Repository com.yourname.smartrecorder           D  [BG] [DB: recordings] INSERT -> id=22436b17-b3bf-4189-a9dd-cb43d2d11f69, title=, duration=8999ms
2025-11-28 20:18:31.094  9478-9478  SmartRecorder/Service   com.yourname.smartrecorder           I  [CRIT] [Service: RecordingForegroundService] onDestroy
2025-11-28 20:18:31.094  9478-9478  SmartRecorder/Service   com.yourname.smartrecorder           W  [RARE] Service destroyed while recording -> Context: recordingDuration=8993ms
2025-11-28 20:18:31.101  1198-1198  NotificationReminder    system_server                        D  removeFromNotiList record com.yourname.smartrecorder
2025-11-28 20:18:31.148  9478-9478  SmartRecor...Repository com.yourname.smartrecorder           D  [BG] [DB: recordings] INSERT_COMPLETE -> id=22436b17-b3bf-4189-a9dd-cb43d2d11f69, duration=58ms
2025-11-28 20:18:31.149  9478-9478  SmartRecorder/Service   com.yourname.smartrecorder           I  [CRIT] Force save completed
2025-11-28 20:18:31.149  9478-9478  SmartRecorder/Service   com.yourname.smartrecorder           D  [BG] Auto-save stopped
2025-11-28 20:18:31.149  9478-9478  SmartRecorder/UseCase   com.yourname.smartrecorder           I  [MAIN] [UseCase: StopRecordingAndSaveUseCase] Starting (recordingId=22436b17-b3bf-4189-a9dd-cb43d2d11f69, durationMs=8993)
2025-11-28 20:18:31.150  9478-9590  SmartRecorder/Audio     com.yourname.smartrecorder           D  Stopping recording
2025-11-28 20:18:31.150  9478-9590  SmartRecorder/Audio     com.yourname.smartrecorder           D  File size before stop: 14376 bytes
2025-11-28 20:18:31.151  9478-9590  MediaRecorderJNI        com.yourname.smartrecorder           I  stop
2025-11-28 20:18:31.209  1198-1909  AudioServi...ityMonitor system_server                        V  updateSoundAppPolicy packageName = com.yourname.smartrecorder
2025-11-28 20:18:31.211  1198-1909  SGM:GameManager         system_server                        D  identifyGamePackage. com.yourname.smartrecorder, mCurrentUserId: 0, callerUserId: 0, callingMethodInfo: com.samsung.android.game.SemGameManager.isGamePackage(SemGameManager.java:104)
2025-11-28 20:18:31.211  1198-1909  SGM:PkgDataHelper       system_server                        D  getGamePkgData(). com.yourname.smartrecorder
2025-11-28 20:18:31.211  1198-1909  SGM:SemGameManager      system_server                        D  isGamePackage(), pkgName=com.yourname.smartrecorder, ret=false
2025-11-28 20:18:31.235 19930-19972 BWU@Wakeup...ordManager com.samsung.android.bixby.wakeup     I  Ph_com.yourname.smartrecorder is allowed? false [VF-T-L] 
2025-11-28 20:18:31.240   858-858   SurfaceFlinger          surfaceflinger                       D  Display 4633128672291735937 HWC layers:
                                                                                                         DEVICE | 0x70f52d24b0 | 0102 | RGBA_8888    |    0.0    0.0 1440.0 3088.0 |    0    0 1440 3088 | com.yourname.smartrecorder/com.yourn[...]artrecorder.MainActivity$_9478#54726
                                                                                                         DEVICE | 0x70f52f26d0 | 0100 | RGBA_8888    |    0.0    0.0 1440.0   90.0 |    0    0 1440   90 | StatusBar$_22947#4630
                                                                                                         DEVICE | 0x70f52cd4d0 | 0100 | RGBA_8888    |    0.0    0.0   67.0  708.0 | 1373  391 1440 1099 | com.samsung.android.app.cocktailbars[...]rvice.CocktailBarService$_4533#54647
                                                                                                         DEVICE | 0x70f52ed150 | 0100 | RGBA_8888    |    0.0    0.0 1440.0  168.0 |    0 2920 1440 3088 | NavigationBar0$_22947#4625
                                                                                                         DEVICE | 0x70f52e83b0 | 0100 | RGBA_8888    |    0.0    0.0 1440.0 3088.0 |    0    0 1440 3088 | EdgeLightingWindow$_9896#54768
2025-11-28 20:18:31.243  9478-9590  SmartRecorder/Audio     com.yourname.smartrecorder           D  MediaRecorder.stop() called successfully
2025-11-28 20:18:31.243  9478-9590  MediaRecorderJNI        com.yourname.smartrecorder           I  native_reset
2025-11-28 20:18:31.243  9478-9590  SmartRecorder/Audio     com.yourname.smartrecorder           D  MediaRecorder.reset() called successfully
2025-11-28 20:18:31.243  9478-9590  MediaRecorderJNI        com.yourname.smartrecorder           I  release
2025-11-28 20:18:31.245  9478-9590  SmartRecorder/Audio     com.yourname.smartrecorder           D  MediaRecorder released
2025-11-28 20:18:31.346  9478-9590  SmartRecorder/Audio     com.yourname.smartrecorder           D  File size after stop: 15095 bytes (before: 14376)
2025-11-28 20:18:31.346  9478-9590  SmartRecorder/Audio     com.yourname.smartrecorder           I  Recording stopped successfully -> file: /data/user/0/com.yourname.smartrecorder/files/recordings/recording_001.3gp, size: 15095 bytes, stopTime: 196ms
2025-11-28 20:18:31.346  9478-9478  SmartRecorder/UseCase   com.yourname.smartrecorder           D  Audio file saved -> size: 15095 bytes, path: /data/user/0/com.yourname.smartrecorder/files/recordings/recording_001.3gp
2025-11-28 20:18:31.348  9478-9478  SmartRecorder/UseCase   com.yourname.smartrecorder           D  Generated auto title: Recording Th11 28, 2025
2025-11-28 20:18:31.349  9478-9478  SmartRecorder/UseCase   com.yourname.smartrecorder           D  Saving recording to database -> id: 22436b17-b3bf-4189-a9dd-cb43d2d11f69, title: Recording Th11 28, 2025, duration: 8993 ms
2025-11-28 20:18:31.349  9478-9478  SmartRecor...Repository com.yourname.smartrecorder           D  [BG] [DB: recordings] INSERT -> id=22436b17-b3bf-4189-a9dd-cb43d2d11f69, title=Recording Th11 28, 2025, duration=8993ms
2025-11-28 20:18:31.355  9478-9478  SmartRecor...Repository com.yourname.smartrecorder           D  [BG] [DB: recordings] INSERT_COMPLETE -> id=22436b17-b3bf-4189-a9dd-cb43d2d11f69, duration=6ms
2025-11-28 20:18:31.355  9478-9478  SmartRecorder/UseCase   com.yourname.smartrecorder           I  [MAIN] [UseCase: StopRecordingAndSaveUseCase] Completed (recordingId=22436b17-b3bf-4189-a9dd-cb43d2d11f69, duration=206ms)
2025-11-28 20:18:31.355  9478-9478  SmartRecorder/UseCase   com.yourname.smartrecorder           I  [Performance] StopRecordingAndSaveUseCase took 206ms (fileSize=15095bytes, durationMs=8993ms)
2025-11-28 20:18:31.355  9478-9478  SmartRecorder/Recording com.yourname.smartrecorder           I  [MAIN] [ViewModel: RecordViewModel] Recording saved -> State: recordingId=22436b17-b3bf-4189-a9dd-cb43d2d11f69, title=Recording Th11 28, 2025, duration=8993ms
2025-11-28 20:18:31.355  9478-9478  SmartRecorder/Recording com.yourname.smartrecorder           D  Navigation triggered -> transcriptId: 22436b17-b3bf-4189-a9dd-cb43d2d11f69
2025-11-28 20:18:31.393  9478-9478  SmartRecorder/ViewModel com.yourname.smartrecorder           D  [SmartRecorderApp] Navigating to transcript -> recordingId: 22436b17-b3bf-4189-a9dd-cb43d2d11f69
2025-11-28 20:18:31.411  1198-1853  CoreBackPreview         system_server                        D  Window{a010719 u0 com.yourname.smartrecorder/com.yourname.smartrecorder.MainActivity}: Setting back callback OnBackInvokedCallbackInfo{mCallback=android.window.IOnBackInvokedCallback$Stub$Proxy@731f925, mPriority=0}
2025-11-28 20:18:31.566  9478-9478  SmartRecorder/ViewModel com.yourname.smartrecorder           D  [TranscriptScreen] Screen loaded -> recordingId: 22436b17-b3bf-4189-a9dd-cb43d2d11f69
2025-11-28 20:18:31.566  9478-9478  SmartRecor...Transcript com.yourname.smartrecorder           I  [MAIN] [ViewModel: TranscriptViewModel] loadRecording -> State: recordingId=22436b17-b3bf-4189-a9dd-cb43d2d11f69
2025-11-28 20:18:31.566  9478-9478  SmartRecor...Transcript com.yourname.smartrecorder           D  Loading recording details -> recordingId: 22436b17-b3bf-4189-a9dd-cb43d2d11f69
2025-11-28 20:18:31.566  9478-9478  SmartRecorder/UseCase   com.yourname.smartrecorder           I  [MAIN] [UseCase: GetRecordingDetailUseCase] Starting (recordingId=22436b17-b3bf-4189-a9dd-cb43d2d11f69)
2025-11-28 20:18:31.566  9478-9478  SmartRecor...Repository com.yourname.smartrecorder           D  [BG] [DB: recordings] SELECT -> id=22436b17-b3bf-4189-a9dd-cb43d2d11f69
2025-11-28 20:18:31.567  9478-9478  SmartRecorder/ViewModel com.yourname.smartrecorder           D  [TranscriptScreen] User switched tab -> tab: TRANSCRIPT
2025-11-28 20:18:31.568  9478-9478  SmartRecorder/ViewModel com.yourname.smartrecorder           D  [TranscriptTabContent] State -> segmentsCount: 0, isGenerating: false, isLoading: false, searchQuery: 
2025-11-28 20:18:31.591  9478-9478  SmartRecor...Repository com.yourname.smartrecorder           D  [BG] [DB: recordings] SELECT_COMPLETE -> id=22436b17-b3bf-4189-a9dd-cb43d2d11f69, found=true
2025-11-28 20:18:31.591  9478-9478  SmartRecorder/UseCase   com.yourname.smartrecorder           I  [MAIN] [UseCase: GetRecordingDetailUseCase] Completed (recordingId=22436b17-b3bf-4189-a9dd-cb43d2d11f69, found=true, duration=25ms)
2025-11-28 20:18:31.591  9478-9478  SmartRecor...Transcript com.yourname.smartrecorder           D  Recording loaded -> id: 22436b17-b3bf-4189-a9dd-cb43d2d11f69, title: Recording Th11 28, 2025, duration: 8993 ms, file: /data/user/0/com.yourname.smartrecorder/files/recordings/recording_001.3gp
2025-11-28 20:18:31.591  9478-9478  SmartRecorder/UseCase   com.yourname.smartrecorder           I  [MAIN] [UseCase: GetTranscriptUseCase] Invoked (recordingId=22436b17-b3bf-4189-a9dd-cb43d2d11f69)
2025-11-28 20:18:31.592  9478-9478  SmartRecor...Repository com.yourname.smartrecorder           D  [Flow: getTranscriptSegments] Subscribed -> recordingId=22436b17-b3bf-4189-a9dd-cb43d2d11f69
2025-11-28 20:18:31.593  9478-9478  SmartRecor...Repository com.yourname.smartrecorder           D  [Flow: getNotesByRecordingId] Subscribed -> recordingId=22436b17-b3bf-4189-a9dd-cb43d2d11f69
2025-11-28 20:18:31.594  9478-9478  SmartRecorder/UseCase   com.yourname.smartrecorder           I  [MAIN] [UseCase: GetBookmarksUseCase] Invoked (recordingId=22436b17-b3bf-4189-a9dd-cb43d2d11f69)
2025-11-28 20:18:31.594  9478-9478  SmartRecor...Repository com.yourname.smartrecorder           D  [Flow: getBookmarksByRecordingId] Subscribed -> recordingId=22436b17-b3bf-4189-a9dd-cb43d2d11f69
2025-11-28 20:18:31.595  9478-9478  SmartRecorder/ViewModel com.yourname.smartrecorder           D  [TranscriptTabContent] State -> segmentsCount: 0, isGenerating: false, isLoading: true, searchQuery: 
2025-11-28 20:18:31.623  9478-9478  SmartRecor...Repository com.yourname.smartrecorder           D  [Flow: getTranscriptSegments] Emitted -> recordingId=22436b17-b3bf-4189-a9dd-cb43d2d11f69, count=0
2025-11-28 20:18:31.623  9478-9478  SmartRecorder/UseCase   com.yourname.smartrecorder           I  [MAIN] [UseCase: GetTranscriptUseCase] Emitted (recordingId=22436b17-b3bf-4189-a9dd-cb43d2d11f69, count=0)
2025-11-28 20:18:31.623  9478-9478  SmartRecor...Transcript com.yourname.smartrecorder           D  Transcript segments received -> count: 0, recordingId: 22436b17-b3bf-4189-a9dd-cb43d2d11f69
2025-11-28 20:18:31.623  9478-9478  SmartRecor...Transcript com.yourname.smartrecorder           D  Segments updated in UI -> count: 0
2025-11-28 20:18:31.623  9478-9478  SmartRecor...Repository com.yourname.smartrecorder           D  [Flow: getNotesByRecordingId] Emitted -> recordingId=22436b17-b3bf-4189-a9dd-cb43d2d11f69, count=0
2025-11-28 20:18:31.623  9478-9478  SmartRecor...Transcript com.yourname.smartrecorder           D  Notes loaded -> count: 0
2025-11-28 20:18:31.623  9478-9478  SmartRecor...Transcript com.yourname.smartrecorder           I  [MAIN] [ViewModel: TranscriptViewModel] loadRecording completed -> State: duration=57ms, segments=0, notes=0
2025-11-28 20:18:31.623  9478-9478  SmartRecor...Repository com.yourname.smartrecorder           D  [Flow: getBookmarksByRecordingId] Emitted -> recordingId=22436b17-b3bf-4189-a9dd-cb43d2d11f69, count=0
2025-11-28 20:18:31.624  9478-9478  SmartRecorder/UseCase   com.yourname.smartrecorder           I  [MAIN] [UseCase: GetBookmarksUseCase] Emitted (recordingId=22436b17-b3bf-4189-a9dd-cb43d2d11f69, count=0)
2025-11-28 20:18:31.624  9478-9478  SmartRecor...Transcript com.yourname.smartrecorder           D  Bookmarks loaded: 0
2025-11-28 20:18:31.658  9478-9478  SmartRecorder/ViewModel com.yourname.smartrecorder           D  [TranscriptTabContent] State -> segmentsCount: 0, isGenerating: false, isLoading: false, searchQuery: 
2025-11-28 20:18:34.333  9896-9896  Notificati...gScheduler com.android.systemui                 D  expiredNotiLighting: remove=0|com.yourname.smartrecorder|1|null|11024
2025-11-28 20:18:35.377   858-858   SurfaceFlinger          surfaceflinger                       D  Display 4633128672291735937 HWC layers:
                                                                                                         DEVICE | 0x70f52e5110 | 0102 | RGBA_8888    |    0.0    0.0 1440.0 3088.0 |    0    0 1440 3088 | com.yourname.smartrecorder/com.yourn[...]artrecorder.MainActivity$_9478#54726
                                                                                                         DEVICE | 0x70f52e3190 | 0100 | RGBA_8888    |    0.0    0.0 1440.0   90.0 |    0    0 1440   90 | StatusBar$_22947#4630
                                                                                                         DEVICE | 0x70f52cd4d0 | 0100 | RGBA_8888    |    0.0    0.0   67.0  708.0 | 1373  391 1440 1099 | com.samsung.android.app.cocktailbars[...]rvice.CocktailBarService$_4533#54647
                                                                                                         DEVICE | 0x70f52ed150 | 0100 | RGBA_8888    |    0.0    0.0 1440.0  168.0 |    0 2920 1440 3088 | NavigationBar0$_22947#4625
2025-11-28 20:18:45.523  1198-4343  SGM:GameManager         system_server                        D  identifyForegroundApp. com.yourname.smartrecorder, mCurrentUserId: 0, callerUserId: 0
2025-11-28 20:18:45.523  1198-1909  SGM:GameManager         system_server                        D  identifyForegroundApp. com.yourname.smartrecorder, mCurrentUserId: 0, callerUserId: 150
2025-11-28 20:18:45.523  1198-4343  SGM:PkgDataHelper       system_server                        D  getGamePkgData(). com.yourname.smartrecorder
2025-11-28 20:18:45.523  1198-1909  SGM:PkgDataHelper       system_server                        D  getGamePkgData(). com.yourname.smartrecorder
2025-11-28 20:19:03.262  1198-1286  NotifHistoryProto       system_server                        W  notification package name (com.yourname.smartrecorder) not found in string cache
2025-11-28 20:19:03.262  1198-1286  NotifHistoryProto       system_server                        W  notification package name (com.yourname.smartrecorder) not found in string cache
2025-11-28 20:19:03.262  1198-1286  NotifHistoryProto       system_server                        W  notification package name (com.yourname.smartrecorder) not found in string cache
2025-11-28 20:19:03.262  1198-1286  NotifHistoryProto       system_server                        W  notification package name (com.yourname.smartrecorder) not found in string cache
2025-11-28 20:19:03.262  1198-1286  NotifHistoryProto       system_server                        W  notification package name (com.yourname.smartrecorder) not found in string cache
2025-11-28 20:19:03.262  1198-1286  NotifHistoryProto       system_server                        W  notification package name (com.yourname.smartrecorder) not found in string cache
2025-11-28 20:19:12.730  9478-9478  ViewRootIm...nActivity] com.yourname.smartrecorder           I  ViewPostIme pointer 0
2025-11-28 20:19:12.797  9478-9478  ViewRootIm...nActivity] com.yourname.smartrecorder           I  ViewPostIme pointer 1
2025-11-28 20:19:12.818  1198-5906  CoreBackPreview         system_server                        D  Window{a010719 u0 com.yourname.smartrecorder/com.yourname.smartrecorder.MainActivity}: Setting back callback OnBackInvokedCallbackInfo{mCallback=android.window.IOnBackInvokedCallback$Stub$Proxy@7ae8862, mPriority=-1}
2025-11-28 20:19:13.573  9478-9478  SmartRecor...Transcript com.yourname.smartrecorder           I  [MAIN] [Lifecycle: TranscriptViewModel] onCleared
2025-11-28 20:19:13.654  9478-9478  ViewRootIm...nActivity] com.yourname.smartrecorder           I  ViewPostIme pointer 0
2025-11-28 20:19:13.669  9478-9478  ViewRootIm...nActivity] com.yourname.smartrecorder           I  ViewPostIme pointer 1
2025-11-28 20:19:13.670  9478-9478  SmartRecorder/ViewModel com.yourname.smartrecorder           D  [SmartRecorderApp] User clicked import audio button
2025-11-28 20:19:13.670  9478-9478  SmartRecorder/ViewModel com.yourname.smartrecorder           D  [SmartRecorderApp] Requesting storage permission
2025-11-28 20:19:13.673  1198-4343  ActivityTaskManager     system_server                        D  TaskLaunchParamsModifier:task=Task{59ac8fe #22770 type=standard A=11024:com.yourname.smartrecorder U=0 visible=true visibleRequested=true mode=fullscreen translucent=false sz=1} activity=ActivityRecord{96c8d29 u0 com.google.android.permissioncontroller/com.android.permissioncontroller.permission.ui.GrantPermissionsActivity} t-1} display-area-from-source=DefaultTaskDisplayArea@72262064 display-id=0 display-windowing-mode=1 suggested-display-area=DefaultTaskDisplayArea@72262064 inherit-from-source=fullscreen activity-options-fullscreen=Rect(0, 0 - 0, 0) non-freeform-display display-area=DefaultTaskDisplayArea@72262064 maximized-bounds
2025-11-28 20:19:13.675  1198-4343  ActivityTaskManager     system_server                        D  scheduleTopResumedActivityChanged, onTop=false r=ActivityRecord{c981cb9 u0 com.yourname.smartrecorder/.MainActivity} t22770} caller=com.android.server.wm.ActivityTaskSupervisor.updateTopResumedActivityIfNeeded:2510 com.android.server.wm.TaskFragment.setResumedActivity:493 com.android.server.wm.TaskFragment.onActivityStateChanged:790 com.android.server.wm.ActivityRecord.setState:6428 com.android.server.wm.TaskFragment.startPausing:1880 com.android.server.wm.TaskFragment.startPausing:1817 
2025-11-28 20:19:13.684  1198-4343  WindowManager           system_server                        D  rotationForOrientation, orientationSource=ActivityRecord{c981cb9 u0 com.yourname.smartrecorder/.MainActivity} t22770}
2025-11-28 20:19:13.688  1198-4343  WindowManager           system_server                        V  Changing focus from Window{a010719 u0 com.yourname.smartrecorder/com.yourname.smartrecorder.MainActivity} to null displayId=0 Callers=com.android.server.wm.RootWindowContainer.updateFocusedWindowLocked:595 com.android.server.wm.WindowManagerService.updateFocusedWindowLocked:6810 com.android.server.wm.ActivityTaskManagerService.setResumedActivityUncheckLocked:5766 com.android.server.wm.TaskFragment.onActivityStateChanged:807 
2025-11-28 20:19:13.688  1198-4343  MARsPolicyManager       system_server                        D  onPackageResumedFG pkgName = com.yourname.smartrecorder, userId = 0
2025-11-28 20:19:13.702  1198-1287  SGM:FgCheckThread       system_server                        D  notePauseComponent(), received pkgName: com.yourname.smartrecorder, userId: 0
2025-11-28 20:19:13.702  4879-22862 Routine@Co...stenerImpl com.samsung.android.app.routines     I  onPauseComponent: componentName - ComponentInfo{com.yourname.smartrecorder/com.yourname.smartrecorder.MainActivity}
2025-11-28 20:19:13.705   858-858   SurfaceFlinger          surfaceflinger                       I  [a010719 com.yourname.smartrecorder/com.yourname.smartrecorder.MainActivity#54725] FrameRatePriority: -1
2025-11-28 20:19:13.723  1198-1897  InputDispatcher         system_server                        D  Focus left window (0): a010719 com.yourname.smartrecorder/com.yourname.smartrecorder.MainActivity
2025-11-28 20:19:13.724  9478-9478  ViewRootIm...nActivity] com.yourname.smartrecorder           I  MSG_WINDOW_FOCUS_CHANGED 0 0
2025-11-28 20:19:13.751  1198-1909  WindowManager           system_server                        D  updateSystemBarAttributes: displayId=0, win=Window{e880ae9 u0 com.google.android.permissioncontroller/com.android.permissioncontroller.permission.ui.GrantPermissionsActivity}, navColorWin=Window{a010719 u0 com.yourname.smartrecorder/com.yourname.smartrecorder.MainActivity}, focusedCanBeNavColorWin=false, behavior=1, appearance=16, statusBarAppearanceRegions=[AppearanceRegion{ bounds=[0,0][1440,3088]}], requestedVisibilities=, from=com.android.server.wm.DisplayPolicy.focusChangedLw:3251 com.android.server.wm.DisplayContent.updateFocusedWindowLocked:4632 com.android.server.wm.RootWindowContainer.updateFocusedWindowLocked:595 
2025-11-28 20:19:13.777   858-858   SurfaceFlinger          surfaceflinger                       D  Display 4633128672291735937 HWC layers:
                                                                                                         DEVICE | 0x70f52d24b0 | 0102 | RGBA_8888    |    0.0    0.0 1440.0 3088.0 |    0    0 1440 3088 | com.yourname.smartrecorder/com.yourn[...]artrecorder.MainActivity$_9478#54726
                                                                                                         DEVICE | 0x70f52e7e10 | 0100 | RGBA_8888    |    8.0    0.0 1448.0 1092.0 |    0 1837 1440 2929 | com.google.android.permissioncontrol[...]GrantPermissionsActivity$_7270#54777
                                                                                                         DEVICE | 0x70f52ce910 | 0100 | RGBA_8888    |    0.0    0.0 1440.0   90.0 |    0    0 1440   90 | StatusBar$_22947#4630
                                                                                                         DEVICE | 0x70f52cd4d0 | 0100 | RGBA_8888    |    0.0    0.0   67.0  708.0 | 1373  391 1440 1099 | com.samsung.android.app.cocktailbars[...]rvice.CocktailBarService$_4533#54647
                                                                                                         DEVICE | 0x70f52ed150 | 0100 | RGBA_8888    |    0.0    0.0 1440.0  168.0 |    0 2920 1440 3088 | NavigationBar0$_22947#4625
2025-11-28 20:19:13.782  9478-9478  InputTransport          com.yourname.smartrecorder           D  Input channel destroyed: 'ClientS', fd=156
2025-11-28 20:19:13.807   858-858   SurfaceFlinger          surfaceflinger                       D  Display 4633128672291735937 HWC layers:
                                                                                                         DEVICE | 0x70f52f0bd0 | 0102 | RGBA_8888    |    0.0    0.0 1440.0 3088.0 |    0    0 1440 3088 | com.yourname.smartrecorder/com.yourn[...]artrecorder.MainActivity$_9478#54726
                                                                                                     SOLID_COLOR |              | 0000 |  Unknown  |    0.0    0.0    0.0    0.0 |    0    0 1440 3088 | Dim Layer for - Task=22770#54781
                                                                                                         DEVICE | 0x70f52d0d10 | 0100 | RGBA_8888    |    8.0    0.0 1448.0 1092.0 |    0 1837 1440 2929 | com.google.android.permissioncontrol[...]GrantPermissionsActivity$_7270#54777
                                                                                                         DEVICE | 0x70f52ce910 | 0100 | RGBA_8888    |    0.0    0.0 1440.0   90.0 |    0    0 1440   90 | StatusBar$_22947#4630
                                                                                                         DEVICE | 0x70f52cd4d0 | 0100 | RGBA_8888    |    0.0    0.0   67.0  708.0 | 1373  391 1440 1099 | com.samsung.android.app.cocktailbars[...]rvice.CocktailBarService$_4533#54647
                                                                                                         DEVICE | 0x70f52d5cf0 | 0100 | RGBA_8888    |    0.0    0.0 1440.0  168.0 |    0 2920 1440 3088 | NavigationBar0$_22947#4625
2025-11-28 20:19:14.284  1198-1287  SGM:GameManager         system_server                        D  identifyForegroundApp. com.yourname.smartrecorder, mCurrentUserId: 0, callerUserId: 0
2025-11-28 20:19:14.284  1198-1287  SGM:PkgDataHelper       system_server                        D  getGamePkgData(). com.yourname.smartrecorder
2025-11-28 20:19:14.557  7270-7270  GrantPermi...sViewModel com....android.permissioncontroller  I  Logged buttons presented and clicked permissionGroupName=android.permission-group.READ_MEDIA_AURAL uid=11024 selectedPrecision=0 package=com.yourname.smartrecorder presentedButtons=9 clickedButton=1 isPermissionRationaleShown=false sessionId=-9142854474097121848 targetSdk=36
2025-11-28 20:19:14.560  7270-7270  GrantPermi...sViewModel com....android.permissioncontroller  I  Permission grant result requestId=-9142854474097121848 callingUid=11024 callingPackage=com.yourname.smartrecorder permission=android.permission.READ_MEDIA_AUDIO isImplicit=false result=4 isPermissionRationaleShown=falseisPackageRestrictedByEnhancedConfirmation=false
2025-11-28 20:19:14.560  9078-23266 MediaProvider           com...ndroid.providers.media.module  D  Couldn't get uid for package: com.yourname.smartrecorder
2025-11-28 20:19:14.564  1198-1909  MARsPolicyManager       system_server                        D  onPackageResumedFG pkgName = com.yourname.smartrecorder, userId = 0
2025-11-28 20:19:14.565  1198-1909  ActivityTaskManager     system_server                        D  scheduleTopResumedActivityChanged, onTop=true r=ActivityRecord{c981cb9 u0 com.yourname.smartrecorder/.MainActivity} t22770} caller=com.android.server.wm.ActivityTaskSupervisor.scheduleTopResumedActivityStateIfNeeded:2535 com.android.server.wm.ActivityTaskSupervisor.updateTopResumedActivityIfNeeded:2527 com.android.server.wm.TaskFragment.setResumedActivity:493 com.android.server.wm.TaskFragment.onActivityStateChanged:805 com.android.server.wm.ActivityRecord.setState:6428 com.android.server.wm.TaskFragment.resumeTopActivity:1629 
2025-11-28 20:19:14.566  1198-1909  InputDispatcher         system_server                        D  Focused application(0): ActivityRecord{c981cb9 u0 com.yourname.smartrecorder/.MainActivity} t22770}
2025-11-28 20:19:14.567  1198-1909  WindowManager           system_server                        V  Changing focus from Window{e880ae9 u0 com.google.android.permissioncontroller/com.android.permissioncontroller.permission.ui.GrantPermissionsActivity} to Window{a010719 u0 com.yourname.smartrecorder/com.yourname.smartrecorder.MainActivity} displayId=0 Callers=com.android.server.wm.RootWindowContainer.updateFocusedWindowLocked:595 com.android.server.wm.WindowManagerService.updateFocusedWindowLocked:6810 com.android.server.wm.ActivityTaskManagerService.setResumedActivityUncheckLocked:5766 com.android.server.wm.TaskFragment.onActivityStateChanged:807 
2025-11-28 20:19:14.570  1198-1909  WindowManager           system_server                        D  updateSystemBarAttributes: displayId=0, win=Window{a010719 u0 com.yourname.smartrecorder/com.yourname.smartrecorder.MainActivity}, navColorWin=Window{e880ae9 u0 com.google.android.permissioncontroller/com.android.permissioncontroller.permission.ui.GrantPermissionsActivity}, focusedCanBeNavColorWin=false, behavior=1, appearance=0, statusBarAppearanceRegions=[AppearanceRegion{ bounds=[0,0][1440,3088]}], requestedVisibilities=, from=com.android.server.wm.DisplayPolicy.focusChangedLw:3251 com.android.server.wm.DisplayContent.updateFocusedWindowLocked:4632 com.android.server.wm.RootWindowContainer.updateFocusedWindowLocked:595 
2025-11-28 20:19:14.571  1198-1909  WindowManager           system_server                        D  rotationForOrientation, orientationSource=ActivityRecord{c981cb9 u0 com.yourname.smartrecorder/.MainActivity} t22770}
2025-11-28 20:19:14.576  9478-9478  SmartRecorder/ViewModel com.yourname.smartrecorder           D  [SmartRecorderApp] Storage permission result -> granted: true
2025-11-28 20:19:14.581  1198-1909  ActivityTaskManager     system_server                        D  mStartingWindow and mStartingData is null for token=ActivityRecord{c981cb9 u0 com.yourname.smartrecorder/.MainActivity} t22770}
2025-11-28 20:19:14.582  1198-1909  WindowManager           system_server                        D  updateSystemBarAttributes: displayId=0, win=Window{a010719 u0 com.yourname.smartrecorder/com.yourname.smartrecorder.MainActivity}, navColorWin=Window{a010719 u0 com.yourname.smartrecorder/com.yourname.smartrecorder.MainActivity}, focusedCanBeNavColorWin=false, behavior=1, appearance=16, statusBarAppearanceRegions=[AppearanceRegion{ bounds=[0,0][1440,3088]}], requestedVisibilities=, from=com.android.server.wm.DisplayPolicy.finishPostLayoutPolicyLw:2531 com.android.server.wm.DisplayContent.applySurfaceChangesTransaction:5713 com.android.server.wm.RootWindowContainer.applySurfaceChangesTransaction:1234 
2025-11-28 20:19:14.583 22947-22947 NavigationBar           com.android.systemui                 D  onSystemBarAttributesChanged() -  displayId:0, appearance:16, packageName: com.yourname.smartrecorder (APPEARANCE_LIGHT_NAVIGATION_BARS ), navbarColorManagedByIme:false
2025-11-28 20:19:14.583 22947-22947 SamsungLig...trolHelper com.android.systemui                 D  updateNavigation(Black button) isLightBar:false, hasLightBarNavigationBarFlag:true, packageName:com.yourname.smartrecorder, DirectReplying:false, NavBarColorManagerdByIme:false, ForceDarkForScrim:false, QsCustomizing:false, PanelHasWhiteBg:true
2025-11-28 20:19:14.586  1198-4342  AppsFilter              system_server                        I  interaction: PackageSetting{e179938 com.yourname.smartrecorder/11024} -> PackageSetting{24b6ea9 com.google.android.documentsui/10063} BLOCKED
2025-11-28 20:19:14.587  1198-4342  ActivityTaskManager     system_server                        D  TaskLaunchParamsModifier:task=Task{59ac8fe #22770 type=standard A=11024:com.yourname.smartrecorder U=0 visible=true visibleRequested=true mode=fullscreen translucent=false sz=2} activity=ActivityRecord{a9c9b8c u0 com.google.android.documentsui/com.android.documentsui.picker.PickActivity} t-1} display-area-from-source=DefaultTaskDisplayArea@72262064 display-id=0 display-windowing-mode=1 suggested-display-area=DefaultTaskDisplayArea@72262064 inherit-from-source=fullscreen activity-options-fullscreen=Rect(0, 0 - 0, 0) non-freeform-display display-area=DefaultTaskDisplayArea@72262064 maximized-bounds
2025-11-28 20:19:14.589   858-858   SurfaceFlinger          surfaceflinger                       I  [a010719 com.yourname.smartrecorder/com.yourname.smartrecorder.MainActivity#54725] FrameRatePriority: 1
2025-11-28 20:19:14.590   858-979   SurfaceFlinger          surfaceflinger                       D  [input] setFocusedWindow: a010719 com.yourname.smartrecorder/com.yourname.smartrecorder.MainActivity
2025-11-28 20:19:14.591  1198-1902  InputDispatcher         system_server                        D  Focus entered window (0): a010719 com.yourname.smartrecorder/com.yourname.smartrecorder.MainActivity
2025-11-28 20:19:14.592  1198-4342  ActivityTaskManager     system_server                        D  scheduleTopResumedActivityChanged, onTop=false r=ActivityRecord{c981cb9 u0 com.yourname.smartrecorder/.MainActivity} t22770} caller=com.android.server.wm.ActivityTaskSupervisor.updateTopResumedActivityIfNeeded:2510 com.android.server.wm.TaskFragment.setResumedActivity:493 com.android.server.wm.TaskFragment.onActivityStateChanged:790 com.android.server.wm.ActivityRecord.setState:6428 com.android.server.wm.TaskFragment.startPausing:1880 com.android.server.wm.TaskFragment.startPausing:1817 
2025-11-28 20:19:14.597  9478-9478  ViewRootIm...nActivity] com.yourname.smartrecorder           I  stopped(false) old = false
2025-11-28 20:19:14.599  9478-9478  DecorView               com.yourname.smartrecorder           I  notifyKeepScreenOnChanged: keepScreenOn=false
2025-11-28 20:19:14.600  9478-9478  MSHandlerLifeCycle      com.yourname.smartrecorder           I  removeMultiSplitHandler: no exist. decor=DecorView@ef6d448[MainActivity]
2025-11-28 20:19:14.607  1198-1287  GameSDK@LifeCycle       system_server                        I  noteResumeComponent(): package name  : com.yourname.smartrecorder
2025-11-28 20:19:14.607  9478-9478  ViewRootIm...nActivity] com.yourname.smartrecorder           I  performTraversals params={(0,0)(fillxfill) sim={adjust=pan forwardNavigation} layoutInDisplayCutoutMode=always ty=BASE_APPLICATION wanim=0x1030309
                                                                                                      fl=81810100
                                                                                                      pfl=16020040
                                                                                                      vsysui=110
                                                                                                      apr=LIGHT_NAVIGATION_BARS
                                                                                                      bhv=DEFAULT
                                                                                                      fitSides= naviIconColor=0}
2025-11-28 20:19:14.608  9478-9478  ViewRootIm...nActivity] com.yourname.smartrecorder           I  performTraversals mFirst=false windowShouldResize=false viewVisibilityChanged=false mForceNextWindowRelayout=false params={(0,0)(fillxfill) sim={adjust=pan forwardNavigation} layoutInDisplayCutoutMode=always ty=BASE_APPLICATION wanim=0x1030309
                                                                                                      fl=81810100
                                                                                                      pfl=16020040
                                                                                                      vsysui=110
                                                                                                      apr=LIGHT_NAVIGATION_BARS
                                                                                                      bhv=DEFAULT
                                                                                                      fitSides= naviIconColor=0}
2025-11-28 20:19:14.609  4533-4533  ActivityUtils           com...ndroid.app.cocktailbarservice  I  HomePackage : com.sec.android.app.launcher, resumePackageName : com.yourname.smartrecorder
2025-11-28 20:19:14.609  1198-1287  SGM:GameManager         system_server                        D  identifyGamePackage. com.yourname.smartrecorder, mCurrentUserId: 0, callerUserId: 0, callingMethodInfo: com.android.server.ssrm.SortingMachine.isGame(SortingMachine.java:162)
2025-11-28 20:19:14.609  1198-1287  SGM:PkgDataHelper       system_server                        D  getGamePkgData(). com.yourname.smartrecorder
2025-11-28 20:19:14.609  4879-22862 Routine@Co...stenerImpl com.samsung.android.app.routines     I  onResumeComponent: componentName - ComponentInfo{com.yourname.smartrecorder/com.yourname.smartrecorder.MainActivity}
2025-11-28 20:19:14.609  1198-4342  WindowManager           system_server                        V  Changing focus from Window{a010719 u0 com.yourname.smartrecorder/com.yourname.smartrecorder.MainActivity} to null displayId=0 Callers=com.android.server.wm.RootWindowContainer.updateFocusedWindowLocked:595 com.android.server.wm.WindowManagerService.updateFocusedWindowLocked:6810 com.android.server.wm.WindowManagerService.relayoutWindow:2820 com.android.server.wm.Session.relayout:274 
2025-11-28 20:19:14.609  1198-4342  MARsPolicyManager       system_server                        D  onPackageResumedFG pkgName = com.yourname.smartrecorder, userId = 0
2025-11-28 20:19:14.611  1198-1902  WindowManager           system_server                        V  Relayout Window{a010719 u0 com.yourname.smartrecorder/com.yourname.smartrecorder.MainActivity}: viewVisibility=0 req=1440x3088 d0
2025-11-28 20:19:14.613  1198-1287  SGM:FgCheckThread       system_server                        D  noteResumeComponent(), received pkgName: com.yourname.smartrecorder, userId: 0
2025-11-28 20:19:14.613  1198-1539  SGM:FgCheckThread       system_server                        D  onLooperPrepared(), msg: MSG_APP_RESUME, pkgName: com.yourname.smartrecorder, userid: 0
2025-11-28 20:19:14.616  1198-1287  SGM:FgCheckThread       system_server                        D  notePauseComponent(), received pkgName: com.yourname.smartrecorder, userId: 0
2025-11-28 20:19:14.616  4879-4968  Routine@Co...stenerImpl com.samsung.android.app.routines     I  onPauseComponent: componentName - ComponentInfo{com.yourname.smartrecorder/com.yourname.smartrecorder.MainActivity}
2025-11-28 20:19:14.621  9478-9478  ViewRootIm...nActivity] com.yourname.smartrecorder           I  updateBlastSurfaceIfNeeded mBlastBufferQueue=0x71adc2bd30 isSameSurfaceControl=true
2025-11-28 20:19:14.621  9478-9478  BLASTBufferQueue        com.yourname.smartrecorder           I  update, w= 1440 h= 3088 mName = ViewRootImpl@eb901d5[MainActivity] mNativeObject= 0x71adc2bd30 sc.mNativeObject= 0x713dc8c600 format= -1 caller= android.view.ViewRootImpl.updateBlastSurfaceIfNeeded:2898 android.view.ViewRootImpl.relayoutWindow:9847 android.view.ViewRootImpl.performTraversals:3884 android.view.ViewRootImpl.doTraversal:3116 android.view.ViewRootImpl$TraversalRunnable.run:10885 android.view.Choreographer$CallbackRecord.run:1301 
2025-11-28 20:19:14.621  9478-9478  ViewRootIm...nActivity] com.yourname.smartrecorder           I  Relayout returned: old=(0,0,1440,3088) new=(0,0,1440,3088) req=(1440,3088)0 dur=13 res=0x0 s={true 0x723dc20640} ch=false seqId=0
2025-11-28 20:19:14.621  9478-9478  ViewRootIm...nActivity] com.yourname.smartrecorder           I  MSG_WINDOW_FOCUS_CHANGED 1 0
2025-11-28 20:19:14.621  9478-9478  ViewRootIm...nActivity] com.yourname.smartrecorder           I  mThreadedRenderer.initializeIfNeeded()#2 mSurface={isValid=true 0x723dc20640}
2025-11-28 20:19:14.622  9478-9478  InputMethodManager      com.yourname.smartrecorder           D  startInputInner - Id : 0
2025-11-28 20:19:14.622  9478-9478  InputMethodManager      com.yourname.smartrecorder           I  startInputInner - mService.startInputOrWindowGainedFocus
2025-11-28 20:19:14.623   858-858   SurfaceFlinger          surfaceflinger                       I  [a010719 com.yourname.smartrecorder/com.yourname.smartrecorder.MainActivity#54725] FrameRatePriority: -1
2025-11-28 20:19:14.625  1198-4342  InputDispatcher         system_server                        D  Focus left window (0): a010719 com.yourname.smartrecorder/com.yourname.smartrecorder.MainActivity
2025-11-28 20:19:14.632  9478-9478  ViewRootIm...nActivity] com.yourname.smartrecorder           I  MSG_WINDOW_FOCUS_CHANGED 0 0
2025-11-28 20:19:14.659  1198-1288  WindowManager           system_server                        I  Reparenting to leash, surface=Surface(name=ActivityRecord{c981cb9 u0 com.yourname.smartrecorder/.MainActivity} t22770})/@0x856ff2, leashParent=Surface(name=Task=22770)/@0x318b4c2
2025-11-28 20:19:14.659   858-1168  SurfaceFlinger          surfaceflinger                       I  id=54795 createSurf flag=24000, Surface(name=ActivityRecord{c981cb9 u0 com.yourname.smartrecorder/.MainActivity} t22770})/@0x856ff2 - animation-leash of app_transition#54795
2025-11-28 20:19:14.659  1198-1288  WindowManager           system_server                        D  makeSurface duration=0 leash=Surface(name=Surface(name=ActivityRecord{c981cb9 u0 com.yourname.smartrecorder/.MainActivity} t22770})/@0x856ff2 - animation-leash of app_transition)/@0xbff8750
2025-11-28 20:19:14.660   858-1168  SurfaceFlinger          surfaceflinger                       I  id=54796 createSurf flag=80004, Surface(name=ActivityRecord{c981cb9 u0 com.yourname.smartrecorder/.MainActivity} t22770})/@0x856ff2 - animation-bounds#54796
2025-11-28 20:19:14.677   858-858   SurfaceFlinger          surfaceflinger                       D  Display 4633128672291735937 HWC layers:
                                                                                                         DEVICE | 0x70f52e5110 | 0102 | RGBA_8888    |    0.0    0.0 1440.0 3088.0 |    0    0 1440 3088 | com.yourname.smartrecorder/com.yourn[...]artrecorder.MainActivity$_9478#54726
                                                                                                     SOLID_COLOR |              | 0000 |  Unknown  |    0.0    0.0    0.0    0.0 |    0    0 1440 3088 | Dim Layer for - Task=22770#54781
                                                                                                         DEVICE | 0x70f52ce910 | 0100 | RGBA_8888    |    0.0    0.0 1440.0   90.0 |    0    0 1440   90 | StatusBar$_22947#4630
                                                                                                         DEVICE | 0x70f52cd4d0 | 0100 | RGBA_8888    |    0.0    0.0   67.0  708.0 | 1373  391 1440 1099 | com.samsung.android.app.cocktailbars[...]rvice.CocktailBarService$_4533#54647
                                                                                                         DEVICE | 0x70f52dc590 | 0100 | RGBA_8888    |    0.0    0.0 1440.0  168.0 |    0 2920 1440 3088 | NavigationBar0$_22947#4625
2025-11-28 20:19:14.731   858-858   SurfaceFlinger          surfaceflinger                       D  Display 4633128672291735937 HWC layers:
                                                                                                         CLIENT | 0x70f52d12b0 | 0102 | RGBA_8888    |    0.0    0.0    0.0    0.0 |    0 3078 1440 3088 | bbq-wrapper#54809
                                                                                                         CLIENT | 0x70f52e5110 | 0102 | RGBA_8888    |    0.0   10.0 1440.0 3088.0 |    0    0 1440 3078 | com.yourname.smartrecorder/com.yourn[...]artrecorder.MainActivity$_9478#54726
                                                                                                         CLIENT | 0x70f52e5fb0 | 0102 | RGBA_8888    |    0.0    0.0    0.0    0.0 |    0 3079 1440 3088 | bbq-wrapper#54803
                                                                                                     SOLID_COLOR |              | 0000 |  Unknown  |    0.0    0.0    0.0    0.0 |    0    0 1440 3088 | Dim Layer for - Task=22770#54781
                                                                                                         DEVICE | 0x70f52e7e10 | 0100 | RGBA_8888    |    8.0    0.0 1448.0 1092.0 |    0 1876 1440 2968 | com.google.android.permissioncontrol[...]GrantPermissionsActivity$_7270#54777
                                                                                                         DEVICE | 0x70f52e0c70 | 0102 | RGBA_8888    |    0.0    0.0 1440.0    1.0 |    0    0 1440  518 | bbq-wrapper#54806
                                                                                                         DEVICE | 0x70f52cac50 | 0100 | RGBA_8888    |    0.0    0.0 1440.0 2570.0 |    0  518 1440 3088 | Splash Screen com.goo
2025-11-28 20:19:14.745   858-858   SurfaceFlinger          surfaceflinger                       D  Display 4633128672291735937 HWC layers:
                                                                                                         CLIENT | 0x70f52d12b0 | 0102 | RGBA_8888    |    0.0    0.0    0.0    0.0 |    0 3063 1440 3088 | bbq-wrapper#54809
                                                                                                         CLIENT | 0x70f52e5110 | 0102 | RGBA_8888    |    0.0   25.0 1440.0 3088.0 |    0    0 1440 3063 | com.yourname.smartrecorder/com.yourn[...]artrecorder.MainActivity$_9478#54726
                                                                                                         CLIENT | 0x70f52e5fb0 | 0102 | RGBA_8888    |    0.0    0.0    0.0    0.0 |    0 3065 1440 3088 | bbq-wrapper#54803
                                                                                                     SOLID_COLOR |              | 0000 |  Unknown  |    0.0    0.0    0.0    0.0 |    0    0 1440 3088 | Dim Layer for - Task=22770#54781
                                                                                                         DEVICE | 0x70f52e7e10 | 0100 | RGBA_8888    |    8.0    0.0 1448.0 1092.0 |    0 1873 1440 2965 | com.google.android.permissioncontrol[...]GrantPermissionsActivity$_7270#54777
                                                                                                         DEVICE | 0x70f52e0c70 | 0102 | RGBA_8888    |    0.0    0.0 1440.0    1.0 |    0    0 1440  429 | bbq-wrapper#54806
                                                                                                     SOLID_COLOR |              | 0000 |  Unknown  |    0.0    0.0    0.0    0.0 |    0    0 1440 3088 | DimAnimationLayer for A
2025-11-28 20:19:14.762   858-858   SurfaceFlinger          surfaceflinger                       D  Display 4633128672291735937 HWC layers:
                                                                                                         CLIENT | 0x70f52d12b0 | 0102 | RGBA_8888    |    0.0    0.0    0.0    0.0 |    0 3046 1440 3088 | bbq-wrapper#54809
                                                                                                         CLIENT | 0x70f52e5110 | 0102 | RGBA_8888    |    0.0   42.0 1440.0 3088.0 |    0    0 1440 3046 | com.yourname.smartrecorder/com.yourn[...]artrecorder.MainActivity$_9478#54726
                                                                                                         CLIENT | 0x70f52e5fb0 | 0102 | RGBA_8888    |    0.0    0.0    0.0    0.0 |    0 3049 1440 3088 | bbq-wrapper#54803
                                                                                                     SOLID_COLOR |              | 0000 |  Unknown  |    0.0    0.0    0.0    0.0 |    0    0 1440 3088 | Dim Layer for - Task=22770#54781
                                                                                                         DEVICE | 0x70f52e0c70 | 0102 | RGBA_8888    |    0.0    0.0 1440.0    1.0 |    0    0 1440  324 | bbq-wrapper#54806
                                                                                                     SOLID_COLOR |              | 0000 |  Unknown  |    0.0    0.0    0.0    0.0 |    0    0 1440 3088 | DimAnimationLayer for ActivityRecord[...]i.picker.PickActivity} t22770}#54797
                                                                                                         DEVICE | 0x70f52cac50 | 0100 | RGBA_8888    |    0.0    0.0 1440.0 2764.0 |    0  324 1440 3088 | Splash Screen com.googl
2025-11-28 20:19:14.812   858-858   SurfaceFlinger          surfaceflinger                       D  Display 4633128672291735937 HWC layers:
                                                                                                         CLIENT | 0x70f52d12b0 | 0102 | RGBA_8888    |    0.0    0.0 1440.0    1.0 |    0 3015 1440 3088 | bbq-wrapper#54809
                                                                                                         CLIENT | 0x70f52e5110 | 0102 | RGBA_8888    |    0.0   73.0 1440.0 3088.0 |    0    0 1440 3015 | com.yourname.smartrecorder/com.yourn[...]artrecorder.MainActivity$_9478#54726
                                                                                                         CLIENT | 0x70f52e5fb0 | 0102 | RGBA_8888    |    0.0    0.0 1440.0    1.0 |    0 3021 1440 3088 | bbq-wrapper#54803
                                                                                                         CLIENT | 0x70f52e0c70 | 0102 | RGBA_8888    |    0.0    0.0    0.0    0.0 |    0    0 1440  141 | bbq-wrapper#54806
                                                                                                     SOLID_COLOR |              | 0000 |  Unknown  |    0.0    0.0    0.0    0.0 |    0    0 1440 3088 | DimAnimationLayer for ActivityRecord[...]i.picker.PickActivity} t22770}#54797
                                                                                                         DEVICE | 0x70f52cac50 | 0100 | RGBA_8888    |    0.0    0.0 1440.0 2947.0 |    0  141 1440 3088 | Splash Screen com.google.android.documentsui$_22947#54791
