                                                                                                      int32_t aac-encoded-target-level = -1
                                                                                                      int32_t aac-max-output-channel_count = 8
                                                                                                      int32_t aac-target-ref-level = 64
                                                                                                      int32_t channel-count = 1
                                                                                                      int32_t channel-mask = 0
                                                                                                      int32_t max-output-channel-count = 8
                                                                                                      string mime = "audio/raw"
                                                                                                      int32_t sample-rate = 44100
                                                                                                      int32_t android._config-pcm-encoding = 2
                                                                                                    }
2025-11-28 20:19:20.988  9478-10247 CCodecConfig            com.yourname.smartrecorder           I  query failed after returning 20 values (BAD_INDEX)
2025-11-28 20:19:20.989  9478-10247 CCodec                  com.yourname.smartrecorder           I  [c2.android.aac.decoder] state->set(STARTING)
2025-11-28 20:19:20.989  9478-10247 Codec2Client            com.yourname.smartrecorder           W  query -- param skipped: index = 1342179345.
2025-11-28 20:19:20.989  9478-10247 Codec2Client            com.yourname.smartrecorder           W  query -- param skipped: index = 2415921170.
2025-11-28 20:19:20.989  9478-10247 Codec2Client            com.yourname.smartrecorder           W  query -- param skipped: index = 1610614798.
2025-11-28 20:19:20.990  9478-10247 C2Store                 com.yourname.smartrecorder           D  Using ION
2025-11-28 20:19:20.990  9478-10247 CCodecBufferChannel     com.yourname.smartrecorder           D  [c2.android.aac.decoder#544] Created input block pool with allocatorID 16 => poolID 17 - OK (0)
2025-11-28 20:19:20.991  9478-10247 CCodecBufferChannel     com.yourname.smartrecorder           I  [c2.android.aac.decoder#544] Created output block pool with allocatorID 16 => poolID 4468 - OK
2025-11-28 20:19:20.991  9478-10247 CCodecBufferChannel     com.yourname.smartrecorder           D  [c2.android.aac.decoder#544] Configured output block pool ids 4468 => OK
2025-11-28 20:19:20.991  9478-10247 CCodec                  com.yourname.smartrecorder           I  [c2.android.aac.decoder] state->set(RUNNING)
2025-11-28 20:19:20.992  9478-10247 CCodecBufferChannel     com.yourname.smartrecorder           I  [c2.android.aac.decoder#544] 4 initial input buffers available
2025-11-28 20:19:20.997  1198-2005  MdnieScena...rolService system_server                        D   packageName : com.yourname.smartrecorder    className : com.yourname.smartrecorder.MainActivity
2025-11-28 20:19:21.021  9478-10247 CCodecConfig            com.yourname.smartrecorder           D  c2 config diff is   c2::u32 raw.channel-mask.value = 4
2025-11-28 20:19:21.021  9478-10247 CCodecBuffers           com.yourname.smartrecorder           D  [c2.android.aac.decoder#544:Output[N]] popFromStashAndRegister: at 0us, output format changed to AMessage(what = 0x00000000) = {
                                                                                                      int32_t aac-drc-album-mode = 0
                                                                                                      int32_t aac-drc-boost-level = 127
                                                                                                      int32_t aac-drc-cut-level = 127
                                                                                                      int32_t aac-drc-effect-type = 3
                                                                                                      int32_t aac-drc-output-loudness = -1
                                                                                                      int32_t aac-encoded-target-level = -1
                                                                                                      int32_t aac-max-output-channel_count = 8
                                                                                                      int32_t aac-target-ref-level = 64
                                                                                                      int32_t channel-count = 1
                                                                                                      int32_t channel-mask = 4
                                                                                                      int32_t max-output-channel-count = 8
                                                                                                      string mime = "audio/raw"
                                                                                                      int32_t sample-rate = 44100
                                                                                                      int32_t android._config-pcm-encoding = 2
                                                                                                    }
2025-11-28 20:19:21.081  1198-1287  SGM:GameManager         system_server                        D  identifyForegroundApp. com.yourname.smartrecorder, mCurrentUserId: 0, callerUserId: 0
2025-11-28 20:19:21.081  1198-1287  SGM:PkgDataHelper       system_server                        D  getGamePkgData(). com.yourname.smartrecorder
2025-11-28 20:19:21.273  9478-9590  SmartRecorder/Import    com.yourname.smartrecorder           D  [ImportAudioViewModel] Transcription progress: 20%%
2025-11-28 20:19:21.681  4879-4879  Routine@Co...overHelper com.samsung.android.app.routines     I  setLastResumedPackageForCover mLastResumedPackage = com.yourname.smartrecorder
2025-11-28 20:19:21.681  4879-4879  Routine@Co...cleWatcher com.samsung.android.app.routines     I  notifyLifecycleChanged mCurResumedComponent=com.yourname.smartrecorder
2025-11-28 20:19:22.341  9478-10247 CCodec                  com.yourname.smartrecorder           I  [c2.android.aac.decoder] state->set(STOPPING)
2025-11-28 20:19:22.342  9478-10247 CCodecBufferChannel     com.yourname.smartrecorder           D  [c2.android.aac.decoder#544] MediaCodec discarded an unknown buffer
2025-11-28 20:19:22.342  9478-10247 CCodecBufferChannel     com.yourname.smartrecorder           D  [c2.android.aac.decoder#544] MediaCodec discarded an unknown buffer
2025-11-28 20:19:22.342  9478-10247 CCodec                  com.yourname.smartrecorder           I  [c2.android.aac.decoder] state->set(ALLOCATED)
2025-11-28 20:19:22.343  9478-10247 CCodec                  com.yourname.smartrecorder           I  [c2.android.aac.decoder] state->set(RELEASING)
2025-11-28 20:19:22.344  9478-10257 CCodec                  com.yourname.smartrecorder           I  [c2.android.aac.decoder] release(1)
2025-11-28 20:19:22.345  9478-10257 CCodec                  com.yourname.smartrecorder           I  [c2.android.aac.decoder] state->set(RELEASED)
2025-11-28 20:19:22.345  9478-10247 hw-BpHwBinder           com.yourname.smartrecorder           I  onLastStrongRef automatically unlinking death recipients
2025-11-28 20:19:22.347  9478-10247 MediaCodec              com.yourname.smartrecorder           I  Codec shutdown complete
2025-11-28 20:19:22.347  9478-10247 MediaCodec              com.yourname.smartrecorder           D  flushMediametrics
2025-11-28 20:19:22.347  9478-10247 MediaCodec              com.yourname.smartrecorder           D  flushMediametrics
2025-11-28 20:19:22.397  9478-9590  NuMediaExtractor        com.yourname.smartrecorder           V  NuMediaExtractor destructor
2025-11-28 20:19:22.512  9478-9590  SmartRecorder/Import    com.yourname.smartrecorder           D  [ImportAudioViewModel] Transcription progress: 60%%
2025-11-28 20:19:23.259  1198-7983  SGM:GameManager         system_server                        D  identifyGamePackage. com.yourname.smartrecorder, mCurrentUserId: 0, callerUserId: 0, callingMethodInfo: com.android.server.ssrm.SortingMachine.isGame(SortingMachine.java:162)
2025-11-28 20:19:23.259  1198-7983  SGM:PkgDataHelper       system_server                        D  getGamePkgData(). com.yourname.smartrecorder
2025-11-28 20:19:27.992  9478-10250 BufferPoolAccessor2.0   com.yourname.smartrecorder           D  bufferpool2 0x719dc83708 : 0(0 size) total buffers - 0(0 size) used buffers - 1/6 (recycle/alloc) - 5/1300 (fetch/transfer)
2025-11-28 20:19:27.992  9478-10250 BufferPoolAccessor2.0   com.yourname.smartrecorder           D  evictor expired: 1, evicted: 1
2025-11-28 20:19:28.495  9478-9590  SmartRecorder/Import    com.yourname.smartrecorder           D  [ImportAudioViewModel] Transcription progress: 80%%
2025-11-28 20:19:28.502  9478-9590  SmartRecorder/Import    com.yourname.smartrecorder           D  [ImportAudioViewModel] Transcription progress: 100%%
2025-11-28 20:19:28.502  9478-9590  SmartRecor...Transcript com.yourname.smartrecorder           D  Transcription completed: 8 segments
2025-11-28 20:19:28.503  9478-9590  SmartRecor...Transcript com.yourname.smartrecorder           D  Generated 8 RAW transcript segments (no speaker processing, filtered BLANK_AUDIO)
2025-11-28 20:19:28.503  9478-9590  SmartRecor...Transcript com.yourname.smartrecorder           D  === [RAW_TEXT_FROM_WHISPER] ===
2025-11-28 20:19:28.503  9478-9590  SmartRecor...Transcript com.yourname.smartrecorder           D  RAW[0] time=0,00s-2,56s text="to the war to end all wars."
2025-11-28 20:19:28.503  9478-9590  SmartRecor...Transcript com.yourname.smartrecorder           D  RAW[1] time=2,56s-6,36s text="It was a time of decadence and wild enthusiasm,"
2025-11-28 20:19:28.503  9478-9590  SmartRecor...Transcript com.yourname.smartrecorder           D  RAW[2] time=6,36s-11,88s text="a time of mourning and attempts to recover from the losses of World War I."
2025-11-28 20:19:28.503  9478-9590  SmartRecor...Transcript com.yourname.smartrecorder           D  ... and 5 more raw segments
2025-11-28 20:19:28.503  9478-9590  SmartRecor...Transcript com.yourname.smartrecorder           D  Saving RAW transcript segments to database (fast path)
2025-11-28 20:19:28.503  9478-9590  SmartRecor...Repository com.yourname.smartrecorder           D  [BG] [DB: transcript_segments] INSERT -> recordingId=be8fd2f9-0dfe-41b6-9352-780bae3de9c7, count=8
2025-11-28 20:19:28.510  9478-9590  SmartRecor...Repository com.yourname.smartrecorder           D  [BG] [DB: transcript_segments] INSERT_COMPLETE -> recordingId=be8fd2f9-0dfe-41b6-9352-780bae3de9c7, count=8, duration=7ms
2025-11-28 20:19:28.510  9478-9590  SmartRecor...Transcript com.yourname.smartrecorder           D  Raw segments saved -> triggering navigation callback
2025-11-28 20:19:28.510  9478-9590  SmartRecorder/Import    com.yourname.smartrecorder           D  Raw segments saved -> navigating immediately -> recordingId: be8fd2f9-0dfe-41b6-9352-780bae3de9c7
2025-11-28 20:19:28.510  9478-9590  SmartRecorder/UseCase   com.yourname.smartrecorder           I  [MAIN] [UseCase: GenerateTranscriptUseCase] Completed (recordingId=be8fd2f9-0dfe-41b6-9352-780bae3de9c7, segments=8, duration=7988ms)
2025-11-28 20:19:28.510  9478-9590  SmartRecor...Transcript com.yourname.smartrecorder           I  [Performance] GenerateTranscriptUseCase took 7988ms (segments=8, fileSize=527326bytes)
2025-11-28 20:19:28.519  9478-9478  SmartRecorder/Import    com.yourname.smartrecorder           I  [MAIN] [ViewModel: ImportAudioViewModel] Transcription completed -> State: recordingId=be8fd2f9-0dfe-41b6-9352-780bae3de9c7
2025-11-28 20:19:28.560  9478-9478  SmartRecorder/ViewModel com.yourname.smartrecorder           D  [SmartRecorderApp] Navigating to imported recording transcript -> recordingId: be8fd2f9-0dfe-41b6-9352-780bae3de9c7
2025-11-28 20:19:28.563  9478-9478  SmartRecorder/Import    com.yourname.smartrecorder           D  Import handled - clearing navigation state
2025-11-28 20:19:28.574  1198-4343  CoreBackPreview         system_server                        D  Window{a010719 u0 com.yourname.smartrecorder/com.yourname.smartrecorder.MainActivity}: Setting back callback OnBackInvokedCallbackInfo{mCallback=android.window.IOnBackInvokedCallback$Stub$Proxy@d4bceb4, mPriority=0}
2025-11-28 20:19:28.692  9478-9478  SmartRecorder/ViewModel com.yourname.smartrecorder           D  [TranscriptScreen] Screen loaded -> recordingId: be8fd2f9-0dfe-41b6-9352-780bae3de9c7
2025-11-28 20:19:28.692  9478-9478  SmartRecor...Transcript com.yourname.smartrecorder           I  [MAIN] [ViewModel: TranscriptViewModel] loadRecording -> State: recordingId=be8fd2f9-0dfe-41b6-9352-780bae3de9c7
2025-11-28 20:19:28.692  9478-9478  SmartRecor...Transcript com.yourname.smartrecorder           D  Loading recording details -> recordingId: be8fd2f9-0dfe-41b6-9352-780bae3de9c7
2025-11-28 20:19:28.692  9478-9478  SmartRecorder/UseCase   com.yourname.smartrecorder           I  [MAIN] [UseCase: GetRecordingDetailUseCase] Starting (recordingId=be8fd2f9-0dfe-41b6-9352-780bae3de9c7)
2025-11-28 20:19:28.692  9478-9478  SmartRecor...Repository com.yourname.smartrecorder           D  [BG] [DB: recordings] SELECT -> id=be8fd2f9-0dfe-41b6-9352-780bae3de9c7
2025-11-28 20:19:28.692  9478-9478  SmartRecorder/ViewModel com.yourname.smartrecorder           D  [TranscriptScreen] User switched tab -> tab: TRANSCRIPT
2025-11-28 20:19:28.693  9478-9478  SmartRecorder/ViewModel com.yourname.smartrecorder           D  [TranscriptTabContent] State -> segmentsCount: 0, isGenerating: false, isLoading: false, searchQuery: 
2025-11-28 20:19:28.716  9478-9478  SmartRecor...Repository com.yourname.smartrecorder           D  [BG] [DB: recordings] SELECT_COMPLETE -> id=be8fd2f9-0dfe-41b6-9352-780bae3de9c7, found=true
2025-11-28 20:19:28.716  9478-9478  SmartRecorder/UseCase   com.yourname.smartrecorder           I  [MAIN] [UseCase: GetRecordingDetailUseCase] Completed (recordingId=be8fd2f9-0dfe-41b6-9352-780bae3de9c7, found=true, duration=24ms)
2025-11-28 20:19:28.716  9478-9478  SmartRecor...Transcript com.yourname.smartrecorder           D  Recording loaded -> id: be8fd2f9-0dfe-41b6-9352-780bae3de9c7, title: Ghi nh 001, duration: 30138 ms, file: /data/user/0/com.yourname.smartrecorder/files/recordings/imported_be8fd2f9-0dfe-41b6-9352-780bae3de9c7.m4a
2025-11-28 20:19:28.716  9478-9478  SmartRecorder/UseCase   com.yourname.smartrecorder           I  [MAIN] [UseCase: GetTranscriptUseCase] Invoked (recordingId=be8fd2f9-0dfe-41b6-9352-780bae3de9c7)
2025-11-28 20:19:28.716  9478-9478  SmartRecor...Repository com.yourname.smartrecorder           D  [Flow: getTranscriptSegments] Subscribed -> recordingId=be8fd2f9-0dfe-41b6-9352-780bae3de9c7
2025-11-28 20:19:28.717  9478-9478  SmartRecor...Repository com.yourname.smartrecorder           D  [Flow: getNotesByRecordingId] Subscribed -> recordingId=be8fd2f9-0dfe-41b6-9352-780bae3de9c7
2025-11-28 20:19:28.717  9478-9478  SmartRecorder/UseCase   com.yourname.smartrecorder           I  [MAIN] [UseCase: GetBookmarksUseCase] Invoked (recordingId=be8fd2f9-0dfe-41b6-9352-780bae3de9c7)
2025-11-28 20:19:28.717  9478-9478  SmartRecor...Repository com.yourname.smartrecorder           D  [Flow: getBookmarksByRecordingId] Subscribed -> recordingId=be8fd2f9-0dfe-41b6-9352-780bae3de9c7
2025-11-28 20:19:28.718  9478-9478  SmartRecorder/ViewModel com.yourname.smartrecorder           D  [TranscriptTabContent] State -> segmentsCount: 0, isGenerating: false, isLoading: true, searchQuery: 
2025-11-28 20:19:28.737  9478-9478  SmartRecor...Repository com.yourname.smartrecorder           D  [Flow: getBookmarksByRecordingId] Emitted -> recordingId=be8fd2f9-0dfe-41b6-9352-780bae3de9c7, count=0
2025-11-28 20:19:28.737  9478-9478  SmartRecorder/UseCase   com.yourname.smartrecorder           I  [MAIN] [UseCase: GetBookmarksUseCase] Emitted (recordingId=be8fd2f9-0dfe-41b6-9352-780bae3de9c7, count=0)
2025-11-28 20:19:28.737  9478-9478  SmartRecor...Transcript com.yourname.smartrecorder           D  Bookmarks loaded: 0
2025-11-28 20:19:28.737  9478-9478  SmartRecor...Repository com.yourname.smartrecorder           D  [Flow: getTranscriptSegments] Emitted -> recordingId=be8fd2f9-0dfe-41b6-9352-780bae3de9c7, count=7
2025-11-28 20:19:28.738  9478-9478  SmartRecorder/UseCase   com.yourname.smartrecorder           I  [MAIN] [UseCase: GetTranscriptUseCase] Emitted (recordingId=be8fd2f9-0dfe-41b6-9352-780bae3de9c7, count=7)
2025-11-28 20:19:28.738  9478-9478  SmartRecor...Transcript com.yourname.smartrecorder           D  Transcript segments received -> count: 7, recordingId: be8fd2f9-0dfe-41b6-9352-780bae3de9c7
2025-11-28 20:19:28.738  9478-9478  SmartRecor...Transcript com.yourname.smartrecorder           D  Segments updated in UI -> count: 7
2025-11-28 20:19:28.738  9478-9478  SmartRecor...Transcript com.yourname.smartrecorder           D  Segments need processing -> triggering background processing
2025-11-28 20:19:28.738  9478-9478  SmartRecor...Repository com.yourname.smartrecorder           D  [Flow: getNotesByRecordingId] Emitted -> recordingId=be8fd2f9-0dfe-41b6-9352-780bae3de9c7, count=0
2025-11-28 20:19:28.738  9478-9478  SmartRecor...Transcript com.yourname.smartrecorder           D  Notes loaded -> count: 0
2025-11-28 20:19:28.738  9478-9478  SmartRecor...Transcript com.yourname.smartrecorder           I  [MAIN] [ViewModel: TranscriptViewModel] loadRecording completed -> State: duration=46ms, segments=7, notes=0
2025-11-28 20:19:28.739  9478-9590  SmartRecorder/UseCase   com.yourname.smartrecorder           I  [MAIN] [UseCase: GenerateSummaryUseCase] Starting (textLength=310)
2025-11-28 20:19:28.739  9478-9590  SmartRecorder/UseCase   com.yourname.smartrecorder           D  Found 5 sentences
2025-11-28 20:19:28.739  9478-9590  SmartRecorder/UseCase   com.yourname.smartrecorder           D  Using 1 important sentences (found cues)
2025-11-28 20:19:28.740  9478-9590  SmartRecorder/UseCase   com.yourname.smartrecorder           I  [MAIN] [UseCase: GenerateSummaryUseCase] Completed (summaryLength=122, sentences=1, duration=1ms)
2025-11-28 20:19:28.740  9478-9590  SmartRecorder/UseCase   com.yourname.smartrecorder           I  [Performance] GenerateSummaryUseCase took 1ms (textLength=310, summaryLength=122)
2025-11-28 20:19:28.740  9478-9590  SmartRecor...Transcript com.yourname.smartrecorder           I  [Performance] GenerateSummary took 2ms
2025-11-28 20:19:28.740  9478-9590  SmartRecorder/UseCase   com.yourname.smartrecorder           I  [MAIN] [UseCase: ExtractKeywordsUseCase] Starting (textLength=310, topN=10)
2025-11-28 20:19:28.741  9478-9590  SmartRecorder/UseCase   com.yourname.smartrecorder           I  [MAIN] [UseCase: ExtractKeywordsUseCase] Completed (keywords=10, duration=1ms)
2025-11-28 20:19:28.741  9478-9590  SmartRecorder/UseCase   com.yourname.smartrecorder           I  [Performance] ExtractKeywordsUseCase took 1ms (textLength=310, keywords=10)
2025-11-28 20:19:28.741  9478-9590  SmartRecor...Transcript com.yourname.smartrecorder           I  [Performance] ExtractKeywords took 1ms (count=10)
2025-11-28 20:19:28.741  9478-9590  SmartRecor...Transcript com.yourname.smartrecorder           D  Questions detected: 0
2025-11-28 20:19:28.841  9478-9478  SmartRecorder/ViewModel com.yourname.smartrecorder           D  [TranscriptTabContent] State -> segmentsCount: 7, isGenerating: false, isLoading: false, searchQuery: 
2025-11-28 20:19:29.040  9478-9590  SmartRecor...Transcript com.yourname.smartrecorder           D  Starting background transcript processing -> recordingId: be8fd2f9-0dfe-41b6-9352-780bae3de9c7
2025-11-28 20:19:29.040  9478-9590  SmartRecorder/UseCase   com.yourname.smartrecorder           I  [MAIN] [UseCase: ProcessTranscriptUseCase] Starting (recordingId=be8fd2f9-0dfe-41b6-9352-780bae3de9c7)
2025-11-28 20:19:29.040  9478-9590  SmartRecor...Repository com.yourname.smartrecorder           D  [BG] [DB: transcript_segments] SELECT -> recordingId=be8fd2f9-0dfe-41b6-9352-780bae3de9c7 (sync)
2025-11-28 20:19:29.043  9478-9590  SmartRecor...Repository com.yourname.smartrecorder           D  [BG] [DB: transcript_segments] SELECT_COMPLETE -> recordingId=be8fd2f9-0dfe-41b6-9352-780bae3de9c7, count=7
2025-11-28 20:19:29.043  9478-9590  SmartRecor...Transcript com.yourname.smartrecorder           D  Processing 7 raw segments -> recordingId: be8fd2f9-0dfe-41b6-9352-780bae3de9c7
2025-11-28 20:19:29.044  9478-9590  SmartRecor...Transcript com.yourname.smartrecorder           D  === [WHISPER_RAW_SEGMENTS] ===
2025-11-28 20:19:29.044  9478-9590  SmartRecor...Transcript com.yourname.smartrecorder           D  #0 start=2,56s end=6,36s text="It was a time of decadence and wild enthusiasm,"
2025-11-28 20:19:29.044  9478-9590  SmartRecor...Transcript com.yourname.smartrecorder           D  #1 start=6,36s end=11,88s text="a time of mourning and attempts to recover from the losse..."
2025-11-28 20:19:29.044  9478-9590  SmartRecor...Transcript com.yourname.smartrecorder           D  #2 start=11,88s end=16,20s text="The 1920s were the dawn of our modern age,"
2025-11-28 20:19:29.044  9478-9590  SmartRecor...Transcript com.yourname.smartrecorder           D  #3 start=16,20s end=20,28s text="when people were still looking back at the previous century."
2025-11-28 20:19:29.044  9478-9590  SmartRecor...Transcript com.yourname.smartrecorder           D  #4 start=20,28s end=23,60s text="Don't miss the Central Museum's special exhibition."
2025-11-28 20:19:29.044  9478-9590  SmartRecor...Transcript com.yourname.smartrecorder           D  #5 start=23,60s end=25,40s text="It starts Monday."
2025-11-28 20:19:29.044  9478-9590  SmartRecor...Transcript com.yourname.smartrecorder           D  #6 start=30,00s end=40,00s text="[BLANK_AUDIO]"
2025-11-28 20:19:29.045  9478-9590  SmartRecor...Transcript com.yourname.smartrecorder           D  === [SPEAKER_MARKERS_DETECTED] ===
2025-11-28 20:19:29.045  9478-9590  SmartRecor...Transcript com.yourname.smartrecorder           W  No speaker markers found in transcript
2025-11-28 20:19:29.045  9478-9590  SmartRecor...Transcript com.yourname.smartrecorder           D  === [NUMBER_BASED_DETECTION_START] ===
2025-11-28 20:19:29.045  9478-9590  SmartRecor...Transcript com.yourname.smartrecorder           D  No speaker markers found, trying number-based pattern detection on 7 segments
2025-11-28 20:19:29.048  9478-9590  SmartRecor...Transcript com.yourname.smartrecorder           D  [NumberBasedSegmentation] === Starting detection ===
2025-11-28 20:19:29.048  9478-9590  SmartRecor...Transcript com.yourname.smartrecorder           D  [NumberBasedSegmentation] Input: 7 segments, config: minScore=2, autoAcceptSpeaker=true
2025-11-28 20:19:29.048  9478-9590  SmartRecor...Transcript com.yourname.smartrecorder           D  [NumberBasedSegmentation] Step 1: Extracting words from segments
2025-11-28 20:19:29.049  9478-9590  SmartRecor...Transcript com.yourname.smartrecorder           D  [NumberBasedSegmentation] Extracted 54 words from 7 segments
2025-11-28 20:19:29.049  9478-9590  SmartRecor...Transcript com.yourname.smartrecorder           D  [NumberBasedSegmentation] Extracted 54 words
2025-11-28 20:19:29.049  9478-9590  SmartRecor...Transcript com.yourname.smartrecorder           D  [NumberBasedSegmentation] Step 2: Finding candidate headings
2025-11-28 20:19:29.050  9478-9590  SmartRecor...Transcript com.yourname.smartrecorder           D  [NumberBasedSegmentation] Found 0 candidate headings
2025-11-28 20:19:29.050  9478-9590  SmartRecor...Transcript com.yourname.smartrecorder           D  [NumberBasedSegmentation] No candidates found
2025-11-28 20:19:29.050  9478-9590  SmartRecor...Transcript com.yourname.smartrecorder           D  === [NUMBER_BASED_DETECTION_SKIPPED] ===
2025-11-28 20:19:29.050  9478-9590  SmartRecor...Transcript com.yourname.smartrecorder           D  No number-based sections detected
2025-11-28 20:19:29.050  9478-9590  SmartRecor...Transcript com.yourname.smartrecorder           D  No number patterns found, using heuristic-based speaker detection (question/time-gap)
2025-11-28 20:19:29.053  9478-9590  SmartRecor...Transcript com.yourname.smartrecorder           D  Segment #6 has long pause (4,60s) -> changing speaker
2025-11-28 20:19:29.055  9478-9590  SmartRecor...Transcript com.yourname.smartrecorder           D  Heuristic detection result: 2 unique speakers detected
2025-11-28 20:19:29.057  9478-9590  SmartRecor...Transcript com.yourname.smartrecorder           D  === [FINAL_SEGMENTS_WITH_SPEAKERS] ===
2025-11-28 20:19:29.057  9478-9590  SmartRecor...Transcript com.yourname.smartrecorder           D  #0 speaker=1 start=2,56s end=6,36s text="It was a time of decadence and wild enthusiasm,"
2025-11-28 20:19:29.057  9478-9590  SmartRecor...Transcript com.yourname.smartrecorder           D  #1 speaker=1 start=6,36s end=11,88s text="a time of mourning and attempts to recover from the losse..."
2025-11-28 20:19:29.057  9478-9590  SmartRecor...Transcript com.yourname.smartrecorder           D  #2 speaker=1 start=11,88s end=16,20s text="The 1920s were the dawn of our modern age,"
2025-11-28 20:19:29.057  9478-9590  SmartRecor...Transcript com.yourname.smartrecorder           D  #3 speaker=1 start=16,20s end=20,28s text="when people were still looking back at the previous century."
2025-11-28 20:19:29.057  9478-9590  SmartRecor...Transcript com.yourname.smartrecorder           D  #4 speaker=1 start=20,28s end=23,60s text="Don't miss the Central Museum's special exhibition."
2025-11-28 20:19:29.057  9478-9590  SmartRecor...Transcript com.yourname.smartrecorder           D  #5 speaker=1 start=23,60s end=25,40s text="It starts Monday."
2025-11-28 20:19:29.057  9478-9590  SmartRecor...Transcript com.yourname.smartrecorder           D  #6 speaker=2 start=30,00s end=40,00s text="[BLANK_AUDIO]"
2025-11-28 20:19:29.058  9478-9590  SmartRecor...Transcript com.yourname.smartrecorder           D  Processed 7 segments with speaker detection
2025-11-28 20:19:29.058  9478-9590  SmartRecor...Transcript com.yourname.smartrecorder           D  === [PROCESSED_TEXT_AFTER_SPEAKER_DETECTION] ===
2025-11-28 20:19:29.058  9478-9590  SmartRecor...Transcript com.yourname.smartrecorder           D  PROCESSED[0] speaker=Speaker 1 time=2,56s-6,36s text="It was a time of decadence and wild enthusiasm,"
2025-11-28 20:19:29.058  9478-9590  SmartRecor...Transcript com.yourname.smartrecorder           D  PROCESSED[1] speaker=Speaker 1 time=6,36s-11,88s text="a time of mourning and attempts to recover from the losses of World War I."
2025-11-28 20:19:29.058  9478-9590  SmartRecor...Transcript com.yourname.smartrecorder           D  PROCESSED[2] speaker=Speaker 1 time=11,88s-16,20s text="The 1920s were the dawn of our modern age,"
2025-11-28 20:19:29.058  9478-9590  SmartRecor...Transcript com.yourname.smartrecorder           D  ... and 4 more processed segments
2025-11-28 20:19:29.058  9478-9590  SmartRecor...Transcript com.yourname.smartrecorder           D  Updating processed segments in database
2025-11-28 20:19:29.058  9478-9590  SmartRecor...Repository com.yourname.smartrecorder           D  [BG] [DB: transcript_segments] UPDATE -> recordingId=be8fd2f9-0dfe-41b6-9352-780bae3de9c7, count=7
2025-11-28 20:19:29.069  9478-9590  SmartRecor...Repository com.yourname.smartrecorder           D  [BG] [DB: transcript_segments] UPDATE_COMPLETE -> recordingId=be8fd2f9-0dfe-41b6-9352-780bae3de9c7, count=7, duration=11ms
2025-11-28 20:19:29.070  9478-9590  SmartRecorder/UseCase   com.yourname.smartrecorder           I  [MAIN] [UseCase: ProcessTranscriptUseCase] Completed (recordingId=be8fd2f9-0dfe-41b6-9352-780bae3de9c7, segments=7, duration=29ms)
2025-11-28 20:19:29.070  9478-9590  SmartRecor...Transcript com.yourname.smartrecorder           I  [Performance] ProcessTranscriptUseCase took 29ms (segments=7)
2025-11-28 20:19:29.070  9478-9590  SmartRecor...Transcript com.yourname.smartrecorder           D  Background processing completed -> segments: 7
2025-11-28 20:19:29.070  9478-9590  SmartRecor...Transcript com.yourname.smartrecorder           I  [MAIN] Transcript processing completed -> recordingId: be8fd2f9-0dfe-41b6-9352-780bae3de9c7
2025-11-28 20:19:29.072  9478-9478  SmartRecor...Repository com.yourname.smartrecorder           D  [Flow: getTranscriptSegments] Emitted -> recordingId=be8fd2f9-0dfe-41b6-9352-780bae3de9c7, count=7
2025-11-28 20:19:29.073  9478-9478  SmartRecorder/UseCase   com.yourname.smartrecorder           I  [MAIN] [UseCase: GetTranscriptUseCase] Emitted (recordingId=be8fd2f9-0dfe-41b6-9352-780bae3de9c7, count=7)
2025-11-28 20:19:29.073  9478-9478  SmartRecor...Transcript com.yourname.smartrecorder           D  Transcript segments received -> count: 7, recordingId: be8fd2f9-0dfe-41b6-9352-780bae3de9c7
2025-11-28 20:19:29.073  9478-9478  SmartRecor...Transcript com.yourname.smartrecorder           D  Segments updated in UI -> count: 7
2025-11-28 20:19:29.073  9478-9478  SmartRecor...Transcript com.yourname.smartrecorder           I  [MAIN] [ViewModel: TranscriptViewModel] loadRecording completed -> State: duration=381ms, segments=7, notes=0
2025-11-28 20:19:29.073  9478-9478  SmartRecor...Transcript com.yourname.smartrecorder           I  [Performance] loadRecording took 381ms
2025-11-28 20:19:30.710  9478-9478  ViewRootIm...nActivity] com.yourname.smartrecorder           I  ViewPostIme pointer 0
2025-11-28 20:19:30.751  9478-9478  ViewRootIm...nActivity] com.yourname.smartrecorder           I  ViewPostIme pointer 1
2025-11-28 20:19:30.753  9478-9478  SmartRecor...Transcript com.yourname.smartrecorder           I  [MAIN] Starting/resuming playback -> file: /data/user/0/com.yourname.smartrecorder/files/recordings/imported_be8fd2f9-0dfe-41b6-9352-780bae3de9c7.m4a, size: 527326 bytes
2025-11-28 20:19:30.757  9478-9478  SmartRecorder/Service   com.yourname.smartrecorder           I  [CRIT] Playback foreground service started
2025-11-28 20:19:30.757  9478-9478  SmartRecorder/Audio     com.yourname.smartrecorder           I  [MAIN] Playing audio -> file: /data/user/0/com.yourname.smartrecorder/files/recordings/imported_be8fd2f9-0dfe-41b6-9352-780bae3de9c7.m4a, size: 527326 bytes, exists: true
2025-11-28 20:19:30.757  9478-9478  SmartRecorder/Audio     com.yourname.smartrecorder           D  [BG] Creating MediaPlayer instance
2025-11-28 20:19:30.757  9478-9478  MediaPlayer-JNI         com.yourname.smartrecorder           V  native_setup
2025-11-28 20:19:30.757  9478-9478  MediaPlayerNative       com.yourname.smartrecorder           V  constructor
2025-11-28 20:19:30.760  9478-9478  MediaPlayerNative       com.yourname.smartrecorder           V  setListener
2025-11-28 20:19:30.761  9478-9478  SmartRecorder/Audio     com.yourname.smartrecorder           D  [BG] Setting data source -> path: /data/user/0/com.yourname.smartrecorder/files/recordings/imported_be8fd2f9-0dfe-41b6-9352-780bae3de9c7.m4a
2025-11-28 20:19:30.764  9478-9478  MediaPlayer-JNI         com.yourname.smartrecorder           V  setDataSourceFD: fd 85
2025-11-28 20:19:30.764  9478-9478  MediaPlayerNative       com.yourname.smartrecorder           V  setDataSource(85, 0, 576460752303423487)
2025-11-28 20:19:30.764   997-997   MediaPlayerService      mediaserver                          V  Create new client(318) from AttributionSourceState{pid: 9478, uid: 11024, packageName: com.yourname.smartrecorder, attributionTag: (null), token: {no toString() implemented}, renouncedPermissions: [], next: []}, 
2025-11-28 20:19:30.770  9478-9478  SmartRecorder/Audio     com.yourname.smartrecorder           D  [BG] Preparing MediaPlayer
2025-11-28 20:19:30.770  9478-9478  MediaPlayerNative       com.yourname.smartrecorder           V  setVideoSurfaceTexture
2025-11-28 20:19:30.770  9478-9478  MediaPlayerNative       com.yourname.smartrecorder           V  prepare
2025-11-28 20:19:30.781  9478-9626  MediaPlayerNative       com.yourname.smartrecorder           V  message received msg=200, ext1=10973, ext2=0
2025-11-28 20:19:30.781  9478-9626  MediaPlayerNative       com.yourname.smartrecorder           W  info/warning (10973, 0)
2025-11-28 20:19:30.783  9478-9626  MediaPlayerNative       com.yourname.smartrecorder           V  message received msg=1, ext1=0, ext2=0
2025-11-28 20:19:30.783  9478-9626  MediaPlayerNative       com.yourname.smartrecorder           V  MediaPlayer::notify() prepared
2025-11-28 20:19:30.783  9478-9626  MediaPlayerNative       com.yourname.smartrecorder           V  signal application thread
2025-11-28 20:19:30.783  9478-9478  MediaPlayerNative       com.yourname.smartrecorder           V  prepare complete - status=0
2025-11-28 20:19:30.784  9478-9478  MediaPlayerNative       com.yourname.smartrecorder           V  invoke 76
2025-11-28 20:19:30.787  9478-9478  MediaPlayerNative       com.yourname.smartrecorder           V  getDuration_l
2025-11-28 20:19:30.788  9478-9478  MediaPlayer-JNI         com.yourname.smartrecorder           V  getDuration: 30138 (msec)
2025-11-28 20:19:30.788  9478-9478  SmartRecorder/Audio     com.yourname.smartrecorder           I  [MAIN] MediaPlayer prepared -> duration: 30138 ms (0,50 minutes)
2025-11-28 20:19:30.788  9478-9478  MediaPlayer-JNI         com.yourname.smartrecorder           V  setLooping: 0
2025-11-28 20:19:30.788  9478-9478  MediaPlayerNative       com.yourname.smartrecorder           V  MediaPlayer::setLooping
2025-11-28 20:19:30.788  9478-9478  MediaPlayer-JNI         com.yourname.smartrecorder           V  isLooping
2025-11-28 20:19:30.788  9478-9478  MediaPlayerNative       com.yourname.smartrecorder           V  isLooping
2025-11-28 20:19:30.788  9478-9478  MediaPlayer-JNI         com.yourname.smartrecorder           V  setLooping: 0
2025-11-28 20:19:30.788  9478-9478  MediaPlayerNative       com.yourname.smartrecorder           V  MediaPlayer::setLooping
2025-11-28 20:19:30.788  9478-9478  MediaPlayer-JNI         com.yourname.smartrecorder           V  isLooping
2025-11-28 20:19:30.788  9478-9478  MediaPlayerNative       com.yourname.smartrecorder           V  isLooping
2025-11-28 20:19:30.789  9478-9478  SmartRecorder/Audio     com.yourname.smartrecorder           D  [BG] Looping set to: false
2025-11-28 20:19:30.789  9478-9478  SmartRecorder/Audio     com.yourname.smartrecorder           D  [BG] Starting MediaPlayer
2025-11-28 20:19:30.789  9478-9478  MediaPlayer-JNI         com.yourname.smartrecorder           V  start
2025-11-28 20:19:30.789  9478-9478  MediaPlayerNative       com.yourname.smartrecorder           V  start
2025-11-28 20:19:30.790  9478-9478  SmartRecorder/Audio     com.yourname.smartrecorder           I  [MAIN] Audio playback started successfully -> file: /data/user/0/com.yourname.smartrecorder/files/recordings/imported_be8fd2f9-0dfe-41b6-9352-780bae3de9c7.m4a, setupTime: 33ms
2025-11-28 20:19:30.790  9478-9478  SmartRecorder/Audio     com.yourname.smartrecorder           D  Setting looping: false
2025-11-28 20:19:30.790  9478-9478  MediaPlayer-JNI         com.yourname.smartrecorder           V  setLooping: 0
2025-11-28 20:19:30.790  9478-9478  MediaPlayerNative       com.yourname.smartrecorder           V  MediaPlayer::setLooping
2025-11-28 20:19:30.790  9478-9478  SmartRecor...Transcript com.yourname.smartrecorder           I  [MAIN] Started new playback -> duration: 30138 ms, looping: false
2025-11-28 20:19:30.794 19930-19972 BWU@AudioP...rolManager com.samsung.android.bixby.wakeup     I  Ph_com.yourname.smartrecorder is now playing [VF-T-L] 
2025-11-28 20:19:30.796  9478-9478  SmartRecorder/Service   com.yourname.smartrecorder           I  [CRIT] [Service: PlaybackForegroundService] onCreate
2025-11-28 20:19:30.797  9478-9478  SmartRecorder/Service   com.yourname.smartrecorder           I  [CRIT] [Service: PlaybackForegroundService] onStartCommand -> action=null, flags=0, startId=1
2025-11-28 20:19:30.797  9478-9478  SmartRecorder/Service   com.yourname.smartrecorder           I  [CRIT] Playback started in foreground service
2025-11-28 20:19:30.798 22947-22947 BubblesManager          com.android.systemui                 D  onNotificationChannelModified : pkg=com.yourname.smartrecorder ,modificationType:1
2025-11-28 20:19:30.799 22947-24872 SecFgsMana...rollerImpl com.android.systemui                 D  onForegroundStateChanged: dialogShown:false, isForeground:true, packageName:com.yourname.smartrecorder , token:android.os.BinderProxy@bb76a, userId:0
2025-11-28 20:19:30.800 22947-24872 SecFgsMana...rollerImpl com.android.systemui                 D  updateUiControl[com.yourname.smartrecorder]: -1
2025-11-28 20:19:30.800  1198-1294  ApplicationPolicy       system_server                        D  isStatusBarNotificationAllowedAsUser: packageName = com.yourname.smartrecorder,userId = 0
2025-11-28 20:19:30.801  1198-1294  ApplicationPolicy       system_server                        D  isStatusBarNotificationAllowedAsUser: packageName = com.yourname.smartrecorder,userId = 0
2025-11-28 20:19:30.810  9478-10251 BufferPoolAccessor2.0   com.yourname.smartrecorder           D  Destruction - bufferpool2 0x719dc83708 cached: 0/0M, 0/0% in use; allocs: 6, 17% recycled; transfers: 1300, 100% unfetched
2025-11-28 20:19:30.814  9478-9478  MediaPlayerNative       com.yourname.smartrecorder           V  invoke 76
2025-11-28 20:19:30.866  9478-9507  MediaPlayerNative       com.yourname.smartrecorder           V  message received msg=10000, ext1=21, ext2=3
2025-11-28 20:19:30.866  9478-9507  MediaPlayerNative       com.yourname.smartrecorder           V  message received msg=6, ext1=0, ext2=0
2025-11-28 20:19:30.866  9478-9507  MediaPlayerNative       com.yourname.smartrecorder           V  Received media started message
2025-11-28 20:19:30.875 19930-19972 BWU@AudioP...rolManager com.samsung.android.bixby.wakeup     I  Ph_com.yourname.smartrecorder is now playing [VF-T-L] 
2025-11-28 20:19:30.894  9478-9478  SmartRecorder/Service   com.yourname.smartrecorder           I  [CRIT] [Service: PlaybackForegroundService] onStartCommand -> action=null, flags=0, startId=2
2025-11-28 20:19:30.896  1198-4343  ApplicationPolicy       system_server                        D  isStatusBarNotificationAllowedAsUser: packageName = com.yourname.smartrecorder,userId = 0
2025-11-28 20:19:30.896  1198-4343  ApplicationPolicy       system_server                        D  isStatusBarNotificationAllowedAsUser: packageName = com.yourname.smartrecorder,userId = 0
2025-11-28 20:19:30.995  9478-9626  MediaPlayerNative       com.yourname.smartrecorder           V  message received msg=211, ext1=0, ext2=0
2025-11-28 20:19:30.997  9478-9478  SmartRecorder/Service   com.yourname.smartrecorder           I  [CRIT] [Service: PlaybackForegroundService] onStartCommand -> action=null, flags=0, startId=3
2025-11-28 20:19:31.000  1198-4203  ApplicationPolicy       system_server                        D  isStatusBarNotificationAllowedAsUser: packageName = com.yourname.smartrecorder,userId = 0
2025-11-28 20:19:31.000  1198-4203  ApplicationPolicy       system_server                        D  isStatusBarNotificationAllowedAsUser: packageName = com.yourname.smartrecorder,userId = 0
2025-11-28 20:19:31.003  1198-1198  NotificationService     system_server                        D  0|com.yourname.smartrecorder|2|null|11024: granting content://settings/system/notification_sound
2025-11-28 20:19:31.004  1198-1198  NotificationService     system_server                        D  0|com.yourname.smartrecorder|2|null|11024: granting content://settings/system/notification_sound
2025-11-28 20:19:31.004  1198-1198  NotificationService     system_server                        D  0|com.yourname.smartrecorder|2|null|11024: granting content://settings/system/notification_sound
2025-11-28 20:19:31.004  1198-1198  NotificationService     system_server                        D  0|com.yourname.smartrecorder|2|null|11024: granting content://settings/system/notification_sound
2025-11-28 20:19:31.005  1198-1198  NotificationService     system_server                        D  0|com.yourname.smartrecorder|2|null|11024: granting content://settings/system/notification_sound
2025-11-28 20:19:31.005  1198-1198  NotificationService     system_server                        D  0|com.yourname.smartrecorder|2|null|11024: granting content://settings/system/notification_sound
2025-11-28 20:19:31.005  1198-1198  NotificationService     system_server                        D  0|com.yourname.smartrecorder|2|null|11024: granting content://settings/system/notification_sound
2025-11-28 20:19:31.005  1198-1198  NotificationService     system_server                        D  0|com.yourname.smartrecorder|2|null|11024: granting content://settings/system/notification_sound
2025-11-28 20:19:31.005  1198-1198  NotificationService     system_server                        D  0|com.yourname.smartrecorder|2|null|11024: granting content://settings/system/notification_sound
2025-11-28 20:19:31.005  1198-1198  NotificationService     system_server                        D  0|com.yourname.smartrecorder|2|null|11024: granting content://settings/system/notification_sound
2025-11-28 20:19:31.006  1198-1198  NotificationService     system_server                        D  0|com.yourname.smartrecorder|2|null|11024: granting content://settings/system/notification_sound
2025-11-28 20:19:31.006  1198-1198  NotificationService     system_server                        D  0|com.yourname.smartrecorder|2|null|11024: granting content://settings/system/notification_sound
2025-11-28 20:19:31.006  1198-1198  NotificationService     system_server                        D  0|com.yourname.smartrecorder|2|null|11024: granting content://settings/system/notification_sound
2025-11-28 20:19:31.006  1198-1198  NotificationService     system_server                        D  0|com.yourname.smartrecorder|2|null|11024: granting content://settings/system/notification_sound
2025-11-28 20:19:31.007  1198-1198  NotificationReminder    system_server                        D  addNotificationRecord record com.yourname.smartrecorder
2025-11-28 20:19:31.009  4533-4533  Edge.badge              com...ndroid.app.cocktailbarservice  I  updateBadge item = com.yourname.smartrecorder:0 1
2025-11-28 20:19:31.009  2188-2188  Launcher.N...onListener com.sec.android.app.launcher         I  onNotificationPosted : com.yourname.smartrecorder number : 0
2025-11-28 20:19:31.012 22947-22947 Interrupti...teProvider com.android.systemui                 D   no Heads up : edgelighting enabled app. 0|com.yourname.smartrecorder|2|null|11024
2025-11-28 20:19:31.100  9478-9478  SmartRecorder/Service   com.yourname.smartrecorder           I  [CRIT] [Service: PlaybackForegroundService] onStartCommand -> action=null, flags=0, startId=4
2025-11-28 20:19:31.102  2188-2188  Launcher.N...onListener com.sec.android.app.launcher         I  onNotificationPosted : com.yourname.smartrecorder number : 0
2025-11-28 20:19:31.103  4533-4533  Edge.badge              com...ndroid.app.cocktailbarservice  I  updateBadge item = com.yourname.smartrecorder:0 1
2025-11-28 20:19:31.103  1198-4178  ApplicationPolicy       system_server                        D  isStatusBarNotificationAllowedAsUser: packageName = com.yourname.smartrecorder,userId = 0
2025-11-28 20:19:31.104  1198-4178  ApplicationPolicy       system_server                        D  isStatusBarNotificationAllowedAsUser: packageName = com.yourname.smartrecorder,userId = 0
2025-11-28 20:19:31.104 22947-22947 BubblesManager          com.android.systemui                 D  onEntryUpdated : shouldBubbleUp=false ,key=0|com.yourname.smartrecorder|2|null|11024
2025-11-28 20:19:31.105 22947-22947 Interrupti...teProvider com.android.systemui                 D   no Heads up : edgelighting enabled app. 0|com.yourname.smartrecorder|2|null|11024
2025-11-28 20:19:31.108  9478-9507  MediaPlayerNative       com.yourname.smartrecorder           V  message received msg=211, ext1=0, ext2=0
2025-11-28 20:19:31.108  9478-9507  MediaPlayerNative       com.yourname.smartrecorder           V  message received msg=211, ext1=0, ext2=0
2025-11-28 20:19:31.108  9478-9507  MediaPlayerNative       com.yourname.smartrecorder           V  message received msg=211, ext1=0, ext2=0
2025-11-28 20:19:31.203  9478-9478  SmartRecorder/Service   com.yourname.smartrecorder           I  [CRIT] [Service: PlaybackForegroundService] onStartCommand -> action=null, flags=0, startId=5
2025-11-28 20:19:31.205  4533-4533  Edge.badge              com...ndroid.app.cocktailbarservice  I  updateBadge item = com.yourname.smartrecorder:0 1
2025-11-28 20:19:31.206  2188-2188  Launcher.N...onListener com.sec.android.app.launcher         I  onNotificationPosted : com.yourname.smartrecorder number : 0
2025-11-28 20:19:31.206  1198-1773  ApplicationPolicy       system_server                        D  isStatusBarNotificationAllowedAsUser: packageName = com.yourname.smartrecorder,userId = 0
2025-11-28 20:19:31.207  1198-1773  ApplicationPolicy       system_server                        D  isStatusBarNotificationAllowedAsUser: packageName = com.yourname.smartrecorder,userId = 0
2025-11-28 20:19:31.210 22947-22947 BubblesManager          com.android.systemui                 D  onEntryUpdated : shouldBubbleUp=false ,key=0|com.yourname.smartrecorder|2|null|11024
2025-11-28 20:19:31.210 22947-22947 Interrupti...teProvider com.android.systemui                 D   no Heads up : edgelighting enabled app. 0|com.yourname.smartrecorder|2|null|11024
2025-11-28 20:19:31.308  4533-4533  Edge.badge              com...ndroid.app.cocktailbarservice  I  updateBadge item = com.yourname.smartrecorder:0 1
2025-11-28 20:19:31.308  2188-2188  Launcher.N...onListener com.sec.android.app.launcher         I  onNotificationPosted : com.yourname.smartrecorder number : 0
2025-11-28 20:19:31.309 22947-22947 BubblesManager          com.android.systemui                 D  onEntryUpdated : shouldBubbleUp=false ,key=0|com.yourname.smartrecorder|2|null|11024
2025-11-28 20:19:31.310 22947-22947 Interrupti...teProvider com.android.systemui                 D   no Heads up : edgelighting enabled app. 0|com.yourname.smartrecorder|2|null|11024
2025-11-28 20:19:31.410  4533-4533  Edge.badge              com...ndroid.app.cocktailbarservice  I  updateBadge item = com.yourname.smartrecorder:0 1
2025-11-28 20:19:31.411  2188-2188  Launcher.N...onListener com.sec.android.app.launcher         I  onNotificationPosted : com.yourname.smartrecorder number : 0
2025-11-28 20:19:31.414 22947-22947 BubblesManager          com.android.systemui                 D  onEntryUpdated : shouldBubbleUp=false ,key=0|com.yourname.smartrecorder|2|null|11024
2025-11-28 20:19:31.415 22947-22947 Interrupti...teProvider com.android.systemui                 D   no Heads up : edgelighting enabled app. 0|com.yourname.smartrecorder|2|null|11024
2025-11-28 20:19:31.892 19930-19930 BWU@AudioP...rolManager com.samsung.android.bixby.wakeup     I  Ph_com.yourname.smartrecorder is now playing [main] 
2025-11-28 20:19:31.899 19930-10737 BWU@AudioP...rolManager com.samsung.android.bixby.wakeup     I  Ph_com.yourname.smartrecorder is now playing [Timer-15] 
2025-11-28 20:19:31.930 19930-10737 BWU@AudioP...rolManager com.samsung.android.bixby.wakeup     I  Ph_com.yourname.smartrecorder is now playing [Timer-15] 
2025-11-28 20:19:32.112  9478-9478  SmartRecorder/Service   com.yourname.smartrecorder           I  [CRIT] [Service: PlaybackForegroundService] onStartCommand -> action=null, flags=0, startId=6
2025-11-28 20:19:32.114  1198-1897  ApplicationPolicy       system_server                        D  isStatusBarNotificationAllowedAsUser: packageName = com.yourname.smartrecorder,userId = 0
2025-11-28 20:19:32.114  1198-1897  ApplicationPolicy       system_server                        D  isStatusBarNotificationAllowedAsUser: packageName = com.yourname.smartrecorder,userId = 0
2025-11-28 20:19:32.326  2188-2188  Launcher.N...onListener com.sec.android.app.launcher         I  onNotificationPosted : com.yourname.smartrecorder number : 0
2025-11-28 20:19:32.329  4533-4533  Edge.badge              com...ndroid.app.cocktailbarservice  I  updateBadge item = com.yourname.smartrecorder:0 1
2025-11-28 20:19:32.332 22947-22947 BubblesManager          com.android.systemui                 D  onEntryUpdated : shouldBubbleUp=false ,key=0|com.yourname.smartrecorder|2|null|11024
2025-11-28 20:19:32.332 22947-22947 Interrupti...teProvider com.android.systemui                 D   no Heads up : edgelighting enabled app. 0|com.yourname.smartrecorder|2|null|11024
2025-11-28 20:19:33.120  9478-9478  SmartRecorder/Service   com.yourname.smartrecorder           I  [CRIT] [Service: PlaybackForegroundService] onStartCommand -> action=null, flags=0, startId=7
2025-11-28 20:19:33.122  1198-4203  ApplicationPolicy       system_server                        D  isStatusBarNotificationAllowedAsUser: packageName = com.yourname.smartrecorder,userId = 0
2025-11-28 20:19:33.122  1198-4203  ApplicationPolicy       system_server                        D  isStatusBarNotificationAllowedAsUser: packageName = com.yourname.smartrecorder,userId = 0
2025-11-28 20:19:33.327  4533-4533  Edge.badge              com...ndroid.app.cocktailbarservice  I  updateBadge item = com.yourname.smartrecorder:0 1
2025-11-28 20:19:33.327  2188-2188  Launcher.N...onListener com.sec.android.app.launcher         I  onNotificationPosted : com.yourname.smartrecorder number : 0
