2025-11-28 17:38:06.616 13882-13882 ViewRootIm...nActivity] com.yourname.smartrecorder           I  updateBlastSurfaceIfNeeded mBlastBufferQueue=0x71adc39e30 isSameSurfaceControl=true
2025-11-28 17:38:06.616 13882-13882 BLASTBufferQueue        com.yourname.smartrecorder           I  update, w= 1440 h= 3088 mName = ViewRootImpl@eb901d5[MainActivity] mNativeObject= 0x71adc39e30 sc.mNativeObject= 0x713dc7ea00 format= -1 caller= android.view.ViewRootImpl.updateBlastSurfaceIfNeeded:2898 android.view.ViewRootImpl.relayoutWindow:9847 android.view.ViewRootImpl.performTraversals:3884 android.view.ViewRootImpl.doTraversal:3116 android.view.ViewRootImpl$TraversalRunnable.run:10885 android.view.Choreographer$CallbackRecord.run:1301 
2025-11-28 17:38:06.616 13882-13882 ViewRootIm...nActivity] com.yourname.smartrecorder           I  Relayout returned: old=(0,0,1440,3088) new=(0,0,1440,3088) req=(1440,3088)0 dur=3 res=0x0 s={true 0x723dc20640} ch=false seqId=0
2025-11-28 17:38:06.617 13882-13882 ViewRootIm...nActivity] com.yourname.smartrecorder           I  MSG_WINDOW_FOCUS_CHANGED 1 0
2025-11-28 17:38:06.617 13882-13882 ViewRootIm...nActivity] com.yourname.smartrecorder           I  mThreadedRenderer.initializeIfNeeded()#2 mSurface={isValid=true 0x723dc20640}
2025-11-28 17:38:06.617 13882-13882 InputMethodManager      com.yourname.smartrecorder           D  startInputInner - Id : 0
2025-11-28 17:38:06.617 13882-13882 InputMethodManager      com.yourname.smartrecorder           I  startInputInner - mService.startInputOrWindowGainedFocus
2025-11-28 17:38:06.656  4533-4533  ActivityUtils           com...ndroid.app.cocktailbarservice  I  HomePackage : com.sec.android.app.launcher, resumePackageName : com.yourname.smartrecorder
2025-11-28 17:38:06.656  1198-1287  GameSDK@LifeCycle       system_server                        I  noteResumeComponent(): package name  : com.yourname.smartrecorder
2025-11-28 17:38:06.657  1198-1287  SGM:GameManager         system_server                        D  identifyGamePackage. com.yourname.smartrecorder, mCurrentUserId: 0, callerUserId: 0, callingMethodInfo: com.android.server.ssrm.SortingMachine.isGame(SortingMachine.java:162)
2025-11-28 17:38:06.657  1198-1287  SGM:PkgDataHelper       system_server                        D  getGamePkgData(). com.yourname.smartrecorder
2025-11-28 17:38:06.657  4879-8432  Routine@Co...stenerImpl com.samsung.android.app.routines     I  onResumeComponent: componentName - ComponentInfo{com.yourname.smartrecorder/com.yourname.smartrecorder.MainActivity}
2025-11-28 17:38:06.666  1198-1287  SGM:FgCheckThread       system_server                        D  noteResumeComponent(), received pkgName: com.yourname.smartrecorder, userId: 0
2025-11-28 17:38:06.667  1198-1539  SGM:FgCheckThread       system_server                        D  onLooperPrepared(), msg: MSG_APP_RESUME, pkgName: com.yourname.smartrecorder, userid: 0
2025-11-28 17:38:06.671  1198-1287  SGM:GameManager         system_server                        D  identifyGamePackage. com.yourname.smartrecorder, mCurrentUserId: 0, callerUserId: 0, callingMethodInfo: com.samsung.android.game.SemGameManager.isGamePackage(SemGameManager.java:104)
2025-11-28 17:38:06.671  1198-1287  SGM:PkgDataHelper       system_server                        D  getGamePkgData(). com.yourname.smartrecorder
2025-11-28 17:38:06.671  1198-1287  SGM:SemGameManager      system_server                        D  isGamePackage(), pkgName=com.yourname.smartrecorder, ret=false
2025-11-28 17:38:06.720   858-858   SurfaceFlinger          surfaceflinger                       D  Display 4633128672291735937 HWC layers:
                                                                                                         DEVICE | 0x70f52df170 | 0102 | RGBA_8888    |    0.0    0.0 1440.0 3088.0 |    0    0 1440 3088 | com.yourname.smartrecorder/com.yourn[...]rtrecorder.MainActivity$_13882#52469
                                                                                                         CLIENT |              | 0000 |  Unknown  |    0.0    0.0    0.0    0.0 |   38  449  746  863 | Task=22702#46682
                                                                                                         CLIENT |              | 0002 |  Unknown  |    0.0    0.0    0.0    0.0 |   56  467  728  845 | Background for SurfaceView[com.googl[...]oneycomb.Shell$HomeActivity]@0#52213
                                                                                                         CLIENT | 0x70f52e8290 | 0102 | 0x0000105    |    0.0    0.0 1280.0  720.0 |   56  467  728  845 | SurfaceView[com.google.android.youtu[...]b.Shell$HomeActivity]@0(BLAST)#52212
                                                                                                         CLIENT | 0x70f52e9250 | 0100 | RGBA_8888    |    0.0    0.0  672.0  378.0 |   56  467  728  845 | com.google.android.youtube/com.googl[...]comb.Shell$HomeActivity$_29596#52209
                                                                                                         DEVICE | 0x70f52ed6f0 | 0100 | RGBA_8888    |    0.0    0.0  672.0  378.0 |   56  467  728  845 | PipMenuView#52269
                                                                                                         DEVICE | 0x70f52d5e
2025-11-28 17:38:06.810  1198-2005  MdnieScena...rolService system_server                        D   packageName : com.yourname.smartrecorder    className : com.yourname.smartrecorder.MainActivity
2025-11-28 17:38:06.843  1198-1634  SemWifiTra...LayerUtils system_server                        W  getApplicationCategory - IOException com.yourname.smartrecorder
2025-11-28 17:38:06.844  1198-1634  System.err              system_server                        W  java.io.FileNotFoundException: https://play.google.com/store/apps/details?id=com.yourname.smartrecorder&hl=en
2025-11-28 17:38:07.021  4879-4879  Routine@Co...overHelper com.samsung.android.app.routines     I  setLastResumedPackageForCover mLastResumedPackage = com.yourname.smartrecorder
2025-11-28 17:38:07.021  4879-4879  Routine@Co...cleWatcher com.samsung.android.app.routines     I  notifyLifecycleChanged mCurResumedComponent=com.yourname.smartrecorder
2025-11-28 17:38:07.121  1198-1287  SGM:GameManager         system_server                        D  identifyForegroundApp. com.yourname.smartrecorder, mCurrentUserId: 0, callerUserId: 0
2025-11-28 17:38:07.121  1198-1287  SGM:PkgDataHelper       system_server                        D  getGamePkgData(). com.yourname.smartrecorder
2025-11-28 17:38:07.138 13882-13882 ViewRootIm...nActivity] com.yourname.smartrecorder           I  ViewPostIme pointer 0
2025-11-28 17:38:07.206 13882-13882 ViewRootIm...nActivity] com.yourname.smartrecorder           I  ViewPostIme pointer 1
2025-11-28 17:38:07.207 13882-13882 SmartRecorder/ViewModel com.yourname.smartrecorder           D  [OnboardingScreen] Page 3 (Notification) Next clicked -> hasPermission: false
2025-11-28 17:38:07.207 13882-13882 SmartRecorder/ViewModel com.yourname.smartrecorder           D  [OnboardingScreen] Requesting notification permission dialog
2025-11-28 17:38:07.211  1198-1747  ActivityTaskManager     system_server                        D  TaskLaunchParamsModifier:task=Task{83fd54c #22755 type=standard A=11015:com.yourname.smartrecorder U=0 visible=true visibleRequested=true mode=fullscreen translucent=false sz=1} activity=ActivityRecord{48ff08a u0 com.google.android.permissioncontroller/com.android.permissioncontroller.permission.ui.GrantPermissionsActivity} t-1} display-area-from-source=DefaultTaskDisplayArea@72262064 display-id=0 display-windowing-mode=1 suggested-display-area=DefaultTaskDisplayArea@72262064 inherit-from-source=fullscreen activity-options-fullscreen=Rect(0, 0 - 0, 0) non-freeform-display display-area=DefaultTaskDisplayArea@72262064 maximized-bounds
2025-11-28 17:38:07.214  1198-1747  ActivityTaskManager     system_server                        D  scheduleTopResumedActivityChanged, onTop=false r=ActivityRecord{25f917f u0 com.yourname.smartrecorder/.MainActivity} t22755} caller=com.android.server.wm.ActivityTaskSupervisor.updateTopResumedActivityIfNeeded:2510 com.android.server.wm.TaskFragment.setResumedActivity:493 com.android.server.wm.TaskFragment.onActivityStateChanged:790 com.android.server.wm.ActivityRecord.setState:6428 com.android.server.wm.TaskFragment.startPausing:1880 com.android.server.wm.TaskFragment.startPausing:1817 
2025-11-28 17:38:07.225  1198-1747  WindowManager           system_server                        D  rotationForOrientation, orientationSource=ActivityRecord{25f917f u0 com.yourname.smartrecorder/.MainActivity} t22755}
2025-11-28 17:38:07.229  1198-1747  WindowManager           system_server                        V  Changing focus from Window{e5eb69a u0 com.yourname.smartrecorder/com.yourname.smartrecorder.MainActivity} to null displayId=0 Callers=com.android.server.wm.RootWindowContainer.updateFocusedWindowLocked:595 com.android.server.wm.WindowManagerService.updateFocusedWindowLocked:6810 com.android.server.wm.ActivityTaskManagerService.setResumedActivityUncheckLocked:5766 com.android.server.wm.TaskFragment.onActivityStateChanged:807 
2025-11-28 17:38:07.229  1198-1747  MARsPolicyManager       system_server                        D  onPackageResumedFG pkgName = com.yourname.smartrecorder, userId = 0
2025-11-28 17:38:07.232  1198-1747  WindowManager           system_server                        D  updateSystemBarAttributes: displayId=0, win=Window{e574210 u0 com.google.android.youtube/com.google.android.youtube.app.honeycomb.Shell$HomeActivity}, navColorWin=Window{e5eb69a u0 com.yourname.smartrecorder/com.yourname.smartrecorder.MainActivity}, focusedCanBeNavColorWin=false, behavior=2, appearance=16, statusBarAppearanceRegions=[AppearanceRegion{ bounds=[0,0][1440,3088]}], requestedVisibilities=ITYPE_STATUS_BAR: visible, ITYPE_NAVIGATION_BAR: visible, ITYPE_IME: invisible, ITYPE_CLIMATE_BAR: visible, ITYPE_EXTRA_NAVIGATION_BAR: visible, ITYPE_LOCAL_NAVIGATION_BAR_1: visible, ITYPE_LOCAL_NAVIGATION_BAR_2: visible, from=com.android.server.wm.DisplayPolicy.focusChangedLw:3251 com.android.server.wm.DisplayContent.updateFocusedWindowLocked:4632 com.android.server.wm.RootWindowContainer.updateFocusedWindowLocked:595 
2025-11-28 17:38:07.235  4879-8432  Routine@Co...stenerImpl com.samsung.android.app.routines     I  onPauseComponent: componentName - ComponentInfo{com.yourname.smartrecorder/com.yourname.smartrecorder.MainActivity}
2025-11-28 17:38:07.235  1198-1287  SGM:FgCheckThread       system_server                        D  notePauseComponent(), received pkgName: com.yourname.smartrecorder, userId: 0
2025-11-28 17:38:07.242   858-858   SurfaceFlinger          surfaceflinger                       I  [e5eb69a com.yourname.smartrecorder/com.yourname.smartrecorder.MainActivity#52468] FrameRatePriority: -1
2025-11-28 17:38:07.260  1198-1773  InputDispatcher         system_server                        D  Focus left window (0): e5eb69a com.yourname.smartrecorder/com.yourname.smartrecorder.MainActivity
2025-11-28 17:38:07.261 13882-13882 ViewRootIm...nActivity] com.yourname.smartrecorder           I  MSG_WINDOW_FOCUS_CHANGED 0 0
2025-11-28 17:38:07.367 13882-13903 SmartRecor...Transcript com.yourname.smartrecorder           D  [SmartRecorderApplication] Model download progress: 60%%
2025-11-28 17:38:07.424  1198-1707  Pageboost               system_server                        I  db update :com.yourname.smartrecorder ret 1
2025-11-28 17:38:07.476  1198-1707  Pageboost               system_server                        I  memUsage collected : 160490 23525 7972 for com.yourname.smartrecorder 13882
2025-11-28 17:38:07.511  1198-3876  WindowManager           system_server                        D  updateSystemBarAttributes: displayId=0, win=Window{fab06fa u0 com.google.android.permissioncontroller/com.android.permissioncontroller.permission.ui.GrantPermissionsActivity}, navColorWin=Window{e5eb69a u0 com.yourname.smartrecorder/com.yourname.smartrecorder.MainActivity}, focusedCanBeNavColorWin=false, behavior=1, appearance=16, statusBarAppearanceRegions=[AppearanceRegion{ bounds=[0,0][1440,3088]}], requestedVisibilities=, from=com.android.server.wm.DisplayPolicy.focusChangedLw:3251 com.android.server.wm.DisplayContent.updateFocusedWindowLocked:4632 com.android.server.wm.RootWindowContainer.updateFocusedWindowLocked:595 
2025-11-28 17:38:07.562 13882-13882 InputTransport          com.yourname.smartrecorder           D  Input channel destroyed: 'ClientS', fd=132
2025-11-28 17:38:07.565   858-858   SurfaceFlinger          surfaceflinger                       D  Display 4633128672291735937 HWC layers:
                                                                                                         DEVICE | 0x70f52cddd0 | 0102 | RGBA_8888    |    0.0    0.0 1440.0 3088.0 |    0    0 1440 3088 | com.yourname.smartrecorder/com.yourn[...]rtrecorder.MainActivity$_13882#52469
                                                                                                         DEVICE | 0x70f52f2d90 | 0100 | RGBA_8888    |    8.0    0.0 1448.0  177.0 |    0 2911 1440 3088 | com.google.android.permissioncontrol[...]rantPermissionsActivity$_15143#52500
                                                                                                         CLIENT |              | 0000 |  Unknown  |    0.0    0.0    0.0    0.0 |   38  449  746  863 | Task=22702#46682
                                                                                                         CLIENT |              | 0002 |  Unknown  |    0.0    0.0    0.0    0.0 |   56  467  728  845 | Background for SurfaceView[com.googl[...]oneycomb.Shell$HomeActivity]@0#52213
                                                                                                         CLIENT | 0x70f52d01d0 | 0102 | 0x0000105    |    0.0    0.0 1280.0  720.0 |   56  467  728  845 | SurfaceView[com.google.android.youtu[...]b.Shell$HomeActivity]@0(BLAST)#52212
                                                                                                         CLIENT | 0x70f52e9250 | 0100 | RGBA_8888    |    0.0    0.0  672.0  378.0 |   56  467  728  845 | com.google.android.youtube/com.googl[...]c
2025-11-28 17:38:07.583   858-858   SurfaceFlinger          surfaceflinger                       D  Display 4633128672291735937 HWC layers:
                                                                                                         DEVICE | 0x70f52cddd0 | 0102 | RGBA_8888    |    0.0    0.0 1440.0 3088.0 |    0    0 1440 3088 | com.yourname.smartrecorder/com.yourn[...]rtrecorder.MainActivity$_13882#52469
                                                                                                     SOLID_COLOR |              | 0000 |  Unknown  |    0.0    0.0    0.0    0.0 |    0    0 1440 3088 | Dim Layer for - Task=22755#52505
                                                                                                         DEVICE | 0x70f52da610 | 0100 | RGBA_8888    |    8.0    0.0 1448.0  351.0 |    0 2737 1440 3088 | com.google.android.permissioncontrol[...]rantPermissionsActivity$_15143#52500
                                                                                                         CLIENT |              | 0000 |  Unknown  |    0.0    0.0    0.0    0.0 |   38  449  746  863 | Task=22702#46682
                                                                                                         CLIENT |              | 0002 |  Unknown  |    0.0    0.0    0.0    0.0 |   56  467  728  845 | Background for SurfaceView[com.googl[...]oneycomb.Shell$HomeActivity]@0#52213
                                                                                                         CLIENT | 0x70f52ea210 | 0102 | 0x0000105    |    0.0    0.0 1280.0  720.0 |   56  467  728  845 | SurfaceView[com.google.android.youtu[...]b.Shell$HomeActivity]@0(BLAST)#52212
                                                                                                         CLIENT
2025-11-28 17:38:07.859  4879-4879  Routine@Co...overHelper com.samsung.android.app.routines     I  setLastResumedPackageForCover mLastResumedPackage = com.yourname.smartrecorder
2025-11-28 17:38:07.859  4879-4879  Routine@Co...cleWatcher com.samsung.android.app.routines     I  notifyLifecycleChanged mCurResumedComponent=com.yourname.smartrecorder
2025-11-28 17:38:08.034  1198-2733  FreecessController      system_server                        D  com.yourname.smartrecorder(11015) is important[!isUidIdle]
2025-11-28 17:38:08.069  1198-1287  SGM:GameManager         system_server                        D  identifyForegroundApp. com.yourname.smartrecorder, mCurrentUserId: 0, callerUserId: 0
2025-11-28 17:38:08.069  1198-1287  SGM:PkgDataHelper       system_server                        D  getGamePkgData(). com.yourname.smartrecorder
2025-11-28 17:38:08.265 15143-15143 GrantPermi...sViewModel com....android.permissioncontroller  I  Logged buttons presented and clicked permissionGroupName=android.permission-group.NOTIFICATIONS uid=11015 selectedPrecision=0 package=com.yourname.smartrecorder presentedButtons=9 clickedButton=1 isPermissionRationaleShown=false sessionId=8173682166636351482 targetSdk=36
2025-11-28 17:38:08.271 15143-15143 GrantPermi...sViewModel com....android.permissioncontroller  I  Permission grant result requestId=8173682166636351482 callingUid=11015 callingPackage=com.yourname.smartrecorder permission=android.permission.POST_NOTIFICATIONS isImplicit=false result=4 isPermissionRationaleShown=falseisPackageRestrictedByEnhancedConfirmation=false
2025-11-28 17:38:08.277  1198-1219  MARsPolicyManager       system_server                        D  onPackageResumedFG pkgName = com.yourname.smartrecorder, userId = 0
2025-11-28 17:38:08.278  1198-1219  ActivityTaskManager     system_server                        D  scheduleTopResumedActivityChanged, onTop=true r=ActivityRecord{25f917f u0 com.yourname.smartrecorder/.MainActivity} t22755} caller=com.android.server.wm.ActivityTaskSupervisor.scheduleTopResumedActivityStateIfNeeded:2535 com.android.server.wm.ActivityTaskSupervisor.updateTopResumedActivityIfNeeded:2527 com.android.server.wm.TaskFragment.setResumedActivity:493 com.android.server.wm.TaskFragment.onActivityStateChanged:805 com.android.server.wm.ActivityRecord.setState:6428 com.android.server.wm.TaskFragment.resumeTopActivity:1629 
2025-11-28 17:38:08.279  1198-1219  InputDispatcher         system_server                        D  Focused application(0): ActivityRecord{25f917f u0 com.yourname.smartrecorder/.MainActivity} t22755}
2025-11-28 17:38:08.279  1198-1219  WindowManager           system_server                        V  Changing focus from Window{fab06fa u0 com.google.android.permissioncontroller/com.android.permissioncontroller.permission.ui.GrantPermissionsActivity} to Window{e5eb69a u0 com.yourname.smartrecorder/com.yourname.smartrecorder.MainActivity} displayId=0 Callers=com.android.server.wm.RootWindowContainer.updateFocusedWindowLocked:595 com.android.server.wm.WindowManagerService.updateFocusedWindowLocked:6810 com.android.server.wm.ActivityTaskManagerService.setResumedActivityUncheckLocked:5766 com.android.server.wm.TaskFragment.onActivityStateChanged:807 
2025-11-28 17:38:08.281  1198-1219  WindowManager           system_server                        D  updateSystemBarAttributes: displayId=0, win=Window{e5eb69a u0 com.yourname.smartrecorder/com.yourname.smartrecorder.MainActivity}, navColorWin=Window{fab06fa u0 com.google.android.permissioncontroller/com.android.permissioncontroller.permission.ui.GrantPermissionsActivity}, focusedCanBeNavColorWin=false, behavior=1, appearance=0, statusBarAppearanceRegions=[AppearanceRegion{ bounds=[0,0][1440,3088]}], requestedVisibilities=, from=com.android.server.wm.DisplayPolicy.focusChangedLw:3251 com.android.server.wm.DisplayContent.updateFocusedWindowLocked:4632 com.android.server.wm.RootWindowContainer.updateFocusedWindowLocked:595 
2025-11-28 17:38:08.281  1198-1219  WindowManager           system_server                        D  rotationForOrientation, orientationSource=ActivityRecord{25f917f u0 com.yourname.smartrecorder/.MainActivity} t22755}
2025-11-28 17:38:08.286 13882-13882 SmartRecorder/ViewModel com.yourname.smartrecorder           D  [OnboardingScreen] Notification permission result -> granted: true
2025-11-28 17:38:08.287 13882-13882 SmartRecorder/ViewModel com.yourname.smartrecorder           I  [MAIN] [ViewModel: OnboardingViewModel] enableNotifications -> State: Enabling notifications in SettingsStore (user preference)
2025-11-28 17:38:08.287 13882-13882 SmartRecorder/Database  com.yourname.smartrecorder           D  [BG] [DB: settings] SET -> notifications_enabled=true
2025-11-28 17:38:08.288  1198-1219  ActivityTaskManager     system_server                        D  mStartingWindow and mStartingData is null for token=ActivityRecord{25f917f u0 com.yourname.smartrecorder/.MainActivity} t22755}
2025-11-28 17:38:08.288 13882-13882 ViewRootIm...nActivity] com.yourname.smartrecorder           I  stopped(false) old = false
2025-11-28 17:38:08.289 13882-13882 DecorView               com.yourname.smartrecorder           I  notifyKeepScreenOnChanged: keepScreenOn=false
2025-11-28 17:38:08.289  1198-1219  WindowManager           system_server                        D  updateSystemBarAttributes: displayId=0, win=Window{e5eb69a u0 com.yourname.smartrecorder/com.yourname.smartrecorder.MainActivity}, navColorWin=Window{e5eb69a u0 com.yourname.smartrecorder/com.yourname.smartrecorder.MainActivity}, focusedCanBeNavColorWin=false, behavior=1, appearance=16, statusBarAppearanceRegions=[AppearanceRegion{ bounds=[0,0][1440,3088]}], requestedVisibilities=, from=com.android.server.wm.DisplayPolicy.finishPostLayoutPolicyLw:2531 com.android.server.wm.DisplayContent.applySurfaceChangesTransaction:5713 com.android.server.wm.RootWindowContainer.applySurfaceChangesTransaction:1234 
2025-11-28 17:38:08.291 22947-22947 NavigationBar           com.android.systemui                 D  onSystemBarAttributesChanged() -  displayId:0, appearance:16, packageName: com.yourname.smartrecorder (APPEARANCE_LIGHT_NAVIGATION_BARS ), navbarColorManagedByIme:false
2025-11-28 17:38:08.291 22947-22947 SamsungLig...trolHelper com.android.systemui                 D  updateNavigation(Black button) isLightBar:false, hasLightBarNavigationBarFlag:true, packageName:com.yourname.smartrecorder, DirectReplying:false, NavBarColorManagerdByIme:false, ForceDarkForScrim:false, QsCustomizing:false, PanelHasWhiteBg:true
2025-11-28 17:38:08.292 13882-13882 MSHandlerLifeCycle      com.yourname.smartrecorder           I  removeMultiSplitHandler: no exist. decor=DecorView@b7682e1[MainActivity]
2025-11-28 17:38:08.293   858-858   SurfaceFlinger          surfaceflinger                       I  [e5eb69a com.yourname.smartrecorder/com.yourname.smartrecorder.MainActivity#52468] FrameRatePriority: 1
2025-11-28 17:38:08.304 13882-13882 ViewRootIm...nActivity] com.yourname.smartrecorder           I  performTraversals params={(0,0)(fillxfill) sim={adjust=pan forwardNavigation} layoutInDisplayCutoutMode=always ty=BASE_APPLICATION wanim=0x1030309
                                                                                                      fl=81810100
                                                                                                      pfl=16020040
                                                                                                      vsysui=110
                                                                                                      apr=LIGHT_NAVIGATION_BARS
                                                                                                      bhv=DEFAULT
                                                                                                      fitSides= naviIconColor=0}
2025-11-28 17:38:08.304 13882-13882 ViewRootIm...nActivity] com.yourname.smartrecorder           I  performTraversals mFirst=false windowShouldResize=false viewVisibilityChanged=false mForceNextWindowRelayout=false params={(0,0)(fillxfill) sim={adjust=pan forwardNavigation} layoutInDisplayCutoutMode=always ty=BASE_APPLICATION wanim=0x1030309
                                                                                                      fl=81810100
                                                                                                      pfl=16020040
                                                                                                      vsysui=110
                                                                                                      apr=LIGHT_NAVIGATION_BARS
                                                                                                      bhv=DEFAULT
                                                                                                      fitSides= naviIconColor=0}
2025-11-28 17:38:08.305  1198-1747  WindowManager           system_server                        V  Relayout Window{e5eb69a u0 com.yourname.smartrecorder/com.yourname.smartrecorder.MainActivity}: viewVisibility=0 req=1440x3088 d0
2025-11-28 17:38:08.308 13882-13882 ViewRootIm...nActivity] com.yourname.smartrecorder           I  updateBlastSurfaceIfNeeded mBlastBufferQueue=0x71adc39e30 isSameSurfaceControl=true
2025-11-28 17:38:08.308 13882-13882 BLASTBufferQueue        com.yourname.smartrecorder           I  update, w= 1440 h= 3088 mName = ViewRootImpl@eb901d5[MainActivity] mNativeObject= 0x71adc39e30 sc.mNativeObject= 0x713dc71a60 format= -1 caller= android.view.ViewRootImpl.updateBlastSurfaceIfNeeded:2898 android.view.ViewRootImpl.relayoutWindow:9847 android.view.ViewRootImpl.performTraversals:3884 android.view.ViewRootImpl.doTraversal:3116 android.view.ViewRootImpl$TraversalRunnable.run:10885 android.view.Choreographer$CallbackRecord.run:1301 
2025-11-28 17:38:08.308 13882-13882 ViewRootIm...nActivity] com.yourname.smartrecorder           I  Relayout returned: old=(0,0,1440,3088) new=(0,0,1440,3088) req=(1440,3088)0 dur=3 res=0x0 s={true 0x723dc20640} ch=false seqId=0
2025-11-28 17:38:08.311   858-979   SurfaceFlinger          surfaceflinger                       D  [input] setFocusedWindow: e5eb69a com.yourname.smartrecorder/com.yourname.smartrecorder.MainActivity
2025-11-28 17:38:08.327  1198-1219  InputDispatcher         system_server                        D  Focus entered window (0): e5eb69a com.yourname.smartrecorder/com.yourname.smartrecorder.MainActivity
2025-11-28 17:38:08.358  4533-4533  ActivityUtils           com...ndroid.app.cocktailbarservice  I  HomePackage : com.sec.android.app.launcher, resumePackageName : com.yourname.smartrecorder
2025-11-28 17:38:08.359  1198-1287  GameSDK@LifeCycle       system_server                        I  noteResumeComponent(): package name  : com.yourname.smartrecorder
2025-11-28 17:38:08.360  1198-1287  SGM:GameManager         system_server                        D  identifyGamePackage. com.yourname.smartrecorder, mCurrentUserId: 0, callerUserId: 0, callingMethodInfo: com.android.server.ssrm.SortingMachine.isGame(SortingMachine.java:162)
2025-11-28 17:38:08.360  1198-1287  SGM:PkgDataHelper       system_server                        D  getGamePkgData(). com.yourname.smartrecorder
2025-11-28 17:38:08.361  1198-1287  SGM:FgCheckThread       system_server                        D  noteResumeComponent(), received pkgName: com.yourname.smartrecorder, userId: 0
2025-11-28 17:38:08.361  4879-20563 Routine@Co...stenerImpl com.samsung.android.app.routines     I  onResumeComponent: componentName - ComponentInfo{com.yourname.smartrecorder/com.yourname.smartrecorder.MainActivity}
2025-11-28 17:38:08.362  1198-1539  SGM:FgCheckThread       system_server                        D  onLooperPrepared(), msg: MSG_APP_RESUME, pkgName: com.yourname.smartrecorder, userid: 0
2025-11-28 17:38:08.363  1198-1287  SGM:GameManager         system_server                        D  identifyGamePackage. com.yourname.smartrecorder, mCurrentUserId: 0, callerUserId: 0, callingMethodInfo: com.samsung.android.game.SemGameManager.isGamePackage(SemGameManager.java:104)
2025-11-28 17:38:08.363  1198-1287  SGM:PkgDataHelper       system_server                        D  getGamePkgData(). com.yourname.smartrecorder
2025-11-28 17:38:08.363  1198-1287  SGM:SemGameManager      system_server                        D  isGamePackage(), pkgName=com.yourname.smartrecorder, ret=false
2025-11-28 17:38:08.405 13882-13882 ViewRootIm...nActivity] com.yourname.smartrecorder           I  MSG_WINDOW_FOCUS_CHANGED 1 0
2025-11-28 17:38:08.405 13882-13882 ViewRootIm...nActivity] com.yourname.smartrecorder           I  mThreadedRenderer.initializeIfNeeded()#2 mSurface={isValid=true 0x723dc20640}
2025-11-28 17:38:08.405 13882-13882 InputMethodManager      com.yourname.smartrecorder           D  startInputInner - Id : 0
2025-11-28 17:38:08.405 13882-13882 InputMethodManager      com.yourname.smartrecorder           I  startInputInner - mService.startInputOrWindowGainedFocus
2025-11-28 17:38:08.417   858-858   SurfaceFlinger          surfaceflinger                       D  Display 4633128672291735937 HWC layers:
                                                                                                         DEVICE | 0x70f52e3730 | 0102 | RGBA_8888    |    0.0    0.0 1440.0 3088.0 |    0    0 1440 3088 | com.yourname.smartrecorder/com.yourn[...]rtrecorder.MainActivity$_13882#52469
                                                                                                     SOLID_COLOR |              | 0000 |  Unknown  |    0.0    0.0    0.0    0.0 |    0    0 1440 3088 | Dim Layer for - Task=22755#52505
                                                                                                         CLIENT |              | 0000 |  Unknown  |    0.0    0.0    0.0    0.0 |   38  449  746  863 | Task=22702#46682
                                                                                                         CLIENT |              | 0002 |  Unknown  |    0.0    0.0    0.0    0.0 |   56  467  728  845 | Background for SurfaceView[com.googl[...]oneycomb.Shell$HomeActivity]@0#52213
                                                                                                         CLIENT | 0x70f52e7e10 | 0102 | 0x0000105    |    0.0    0.0 1280.0  720.0 |   56  467  728  845 | SurfaceView[com.google.android.youtu[...]b.Shell$HomeActivity]@0(BLAST)#52212
                                                                                                         CLIENT | 0x70f52e9250 | 0100 | RGBA_8888    |    0.0    0.0  672.0  378.0 |   56  467  728  845 | com.google.android.youtube/com.googl[...]comb.Shell$HomeActivity$_29596#52209
                                                                                                         DEVICE
2025-11-28 17:38:08.431   858-858   SurfaceFlinger          surfaceflinger                       D  Display 4633128672291735937 HWC layers:
                                                                                                         DEVICE | 0x70f52cddd0 | 0102 | RGBA_8888    |    0.0    0.0 1440.0 3088.0 |    0    0 1440 3088 | com.yourname.smartrecorder/com.yourn[...]rtrecorder.MainActivity$_13882#52469
                                                                                                         CLIENT |              | 0000 |  Unknown  |    0.0    0.0    0.0    0.0 |   38  449  746  863 | Task=22702#46682
                                                                                                         CLIENT |              | 0002 |  Unknown  |    0.0    0.0    0.0    0.0 |   56  467  728  845 | Background for SurfaceView[com.googl[...]oneycomb.Shell$HomeActivity]@0#52213
                                                                                                         CLIENT | 0x70f52e3cd0 | 0102 | 0x0000105    |    0.0    0.0 1280.0  720.0 |   56  467  728  845 | SurfaceView[com.google.android.youtu[...]b.Shell$HomeActivity]@0(BLAST)#52212
                                                                                                         CLIENT | 0x70f52e9250 | 0100 | RGBA_8888    |    0.0    0.0  672.0  378.0 |   56  467  728  845 | com.google.android.youtube/com.googl[...]comb.Shell$HomeActivity$_29596#52209
                                                                                                         DEVICE | 0x70f52ed6f0 | 0100 | RGBA_8888    |    0.0    0.0  672.0  378.0 |   56  467  728  845 | PipMenuView#52269
                                                                                                         DEVICE | 0x70f52d5e
2025-11-28 17:38:08.444  1198-7983  SGM:GameManager         system_server                        D  identifyGamePackage. com.yourname.smartrecorder, mCurrentUserId: 0, callerUserId: 0, callingMethodInfo: com.android.server.ssrm.SortingMachine.isGame(SortingMachine.java:162)
2025-11-28 17:38:08.444  1198-7983  SGM:PkgDataHelper       system_server                        D  getGamePkgData(). com.yourname.smartrecorder
2025-11-28 17:38:08.490  1198-1634  SemWifiTra...LayerUtils system_server                        W  getApplicationCategory - IOException com.yourname.smartrecorder
2025-11-28 17:38:08.490  1198-1634  System.err              system_server                        W  java.io.FileNotFoundException: https://play.google.com/store/apps/details?id=com.yourname.smartrecorder&hl=en
2025-11-28 17:38:08.498  1198-2005  MdnieScena...rolService system_server                        D   packageName : com.yourname.smartrecorder    className : com.yourname.smartrecorder.MainActivity
2025-11-28 17:38:08.679  4879-4879  Routine@Co...overHelper com.samsung.android.app.routines     I  setLastResumedPackageForCover mLastResumedPackage = com.yourname.smartrecorder
2025-11-28 17:38:08.679  4879-4879  Routine@Co...cleWatcher com.samsung.android.app.routines     I  notifyLifecycleChanged mCurResumedComponent=com.yourname.smartrecorder
2025-11-28 17:38:08.784 13882-14270 ProfileInstaller        com.yourname.smartrecorder           D  Installing profile for com.yourname.smartrecorder
2025-11-28 17:38:08.910  1198-1287  SGM:GameManager         system_server                        D  identifyForegroundApp. com.yourname.smartrecorder, mCurrentUserId: 0, callerUserId: 0
2025-11-28 17:38:08.910  1198-1287  SGM:PkgDataHelper       system_server                        D  getGamePkgData(). com.yourname.smartrecorder
2025-11-28 17:38:08.946 13882-13903 SmartRecor...Transcript com.yourname.smartrecorder           D  [SmartRecorderApplication] Model download progress: 80%%
2025-11-28 17:38:09.072 13882-13882 ViewRootIm...nActivity] com.yourname.smartrecorder           I  ViewPostIme pointer 0
2025-11-28 17:38:09.106 13882-13882 ViewRootIm...nActivity] com.yourname.smartrecorder           I  ViewPostIme pointer 1
2025-11-28 17:38:09.107 13882-13882 SmartRecorder/ViewModel com.yourname.smartrecorder           I  [MAIN] [ViewModel: OnboardingViewModel] completeOnboarding -> State: Saving onboarding completed state
2025-11-28 17:38:09.107 13882-13882 SmartRecorder/Database  com.yourname.smartrecorder           D  [BG] [DB: settings] SET -> onboarding_completed=true
2025-11-28 17:38:09.225 13882-13882 SmartRecorder/Database  com.yourname.smartrecorder           D  Initializing Room database -> name: smart_recorder_db
2025-11-28 17:38:09.228 13882-13882 SmartRecorder/Database  com.yourname.smartrecorder           D  [BG] [DB: SmartRecorderDatabase] DATABASE_INIT -> duration=3ms
2025-11-28 17:38:09.228 13882-13882 SmartRecorder/Database  com.yourname.smartrecorder           I  [Performance] Database initialization took 3ms
2025-11-28 17:38:09.233 13882-13882 SmartRecor...Transcript com.yourname.smartrecorder           I  [MAIN] [ViewModel: RecordViewModel] checkModelReady -> State: Starting model check (silent)
2025-11-28 17:38:09.235 13882-13882 SmartRecorder/Recording com.yourname.smartrecorder           D  Registered service action receiver
2025-11-28 17:38:09.249 13882-13882 nativeloader            com.yourname.smartrecorder           D  Load /data/app/~~nZsHRIM417VLk4cDjEGSZw==/com.yourname.smartrecorder-s0fspGqZWhYAhwLajEUv2Q==/base.apk!/lib/arm64-v8a/libwhisper.so using class loader ns clns-4 (caller=/data/app/~~nZsHRIM417VLk4cDjEGSZw==/com.yourname.smartrecorder-s0fspGqZWhYAhwLajEUv2Q==/base.apk!classes5.dex): ok
2025-11-28 17:38:09.249 13882-13882 WhisperEngine           com.yourname.smartrecorder           D  Native library loaded
2025-11-28 17:38:09.381 13882-13882 SmartRecor...Transcript com.yourname.smartrecorder           D  [RecordViewModel] Model not ready, waiting for background download...
2025-11-28 17:38:09.572  4879-4879  Routine@Co...overHelper com.samsung.android.app.routines     I  setLastResumedPackageForCover mLastResumedPackage = com.yourname.smartrecorder
2025-11-28 17:38:09.572  4879-4879  Routine@Co...cleWatcher com.samsung.android.app.routines     I  notifyLifecycleChanged mCurResumedComponent=com.yourname.smartrecorder
2025-11-28 17:38:10.040 13882-13882 ViewRootIm...nActivity] com.yourname.smartrecorder           I  ViewPostIme pointer 0
2025-11-28 17:38:10.107 13882-13882 ViewRootIm...nActivity] com.yourname.smartrecorder           I  ViewPostIme pointer 1
2025-11-28 17:38:10.108 13882-13882 SmartRecorder/ViewModel com.yourname.smartrecorder           D  [SmartRecorderApp] User clicked import audio button
2025-11-28 17:38:10.109 13882-13882 SmartRecorder/ViewModel com.yourname.smartrecorder           D  [SmartRecorderApp] Requesting storage permission
2025-11-28 17:38:10.111  1198-1219  ActivityTaskManager     system_server                        D  TaskLaunchParamsModifier:task=Task{83fd54c #22755 type=standard A=11015:com.yourname.smartrecorder U=0 visible=true visibleRequested=true mode=fullscreen translucent=false sz=1} activity=ActivityRecord{6f30d53 u0 com.google.android.permissioncontroller/com.android.permissioncontroller.permission.ui.GrantPermissionsActivity} t-1} display-area-from-source=DefaultTaskDisplayArea@72262064 display-id=0 display-windowing-mode=1 suggested-display-area=DefaultTaskDisplayArea@72262064 inherit-from-source=fullscreen activity-options-fullscreen=Rect(0, 0 - 0, 0) non-freeform-display display-area=DefaultTaskDisplayArea@72262064 maximized-bounds
2025-11-28 17:38:10.114  1198-1219  ActivityTaskManager     system_server                        D  scheduleTopResumedActivityChanged, onTop=false r=ActivityRecord{25f917f u0 com.yourname.smartrecorder/.MainActivity} t22755} caller=com.android.server.wm.ActivityTaskSupervisor.updateTopResumedActivityIfNeeded:2510 com.android.server.wm.TaskFragment.setResumedActivity:493 com.android.server.wm.TaskFragment.onActivityStateChanged:790 com.android.server.wm.ActivityRecord.setState:6428 com.android.server.wm.TaskFragment.startPausing:1880 com.android.server.wm.TaskFragment.startPausing:1817 
2025-11-28 17:38:10.128  1198-1219  WindowManager           system_server                        D  rotationForOrientation, orientationSource=ActivityRecord{25f917f u0 com.yourname.smartrecorder/.MainActivity} t22755}
2025-11-28 17:38:10.132  1198-1219  WindowManager           system_server                        V  Changing focus from Window{e5eb69a u0 com.yourname.smartrecorder/com.yourname.smartrecorder.MainActivity} to null displayId=0 Callers=com.android.server.wm.RootWindowContainer.updateFocusedWindowLocked:595 com.android.server.wm.WindowManagerService.updateFocusedWindowLocked:6810 com.android.server.wm.ActivityTaskManagerService.setResumedActivityUncheckLocked:5766 com.android.server.wm.TaskFragment.onActivityStateChanged:807 
2025-11-28 17:38:10.132  1198-1219  MARsPolicyManager       system_server                        D  onPackageResumedFG pkgName = com.yourname.smartrecorder, userId = 0
2025-11-28 17:38:10.140  1198-1219  WindowManager           system_server                        D  updateSystemBarAttributes: displayId=0, win=Window{e574210 u0 com.google.android.youtube/com.google.android.youtube.app.honeycomb.Shell$HomeActivity}, navColorWin=Window{e5eb69a u0 com.yourname.smartrecorder/com.yourname.smartrecorder.MainActivity}, focusedCanBeNavColorWin=false, behavior=2, appearance=16, statusBarAppearanceRegions=[AppearanceRegion{ bounds=[0,0][1440,3088]}], requestedVisibilities=ITYPE_STATUS_BAR: visible, ITYPE_NAVIGATION_BAR: visible, ITYPE_IME: invisible, ITYPE_CLIMATE_BAR: visible, ITYPE_EXTRA_NAVIGATION_BAR: visible, ITYPE_LOCAL_NAVIGATION_BAR_1: visible, ITYPE_LOCAL_NAVIGATION_BAR_2: visible, from=com.android.server.wm.DisplayPolicy.focusChangedLw:3251 com.android.server.wm.DisplayContent.updateFocusedWindowLocked:4632 com.android.server.wm.RootWindowContainer.updateFocusedWindowLocked:595 
2025-11-28 17:38:10.144  1198-1287  SGM:FgCheckThread       system_server                        D  notePauseComponent(), received pkgName: com.yourname.smartrecorder, userId: 0
2025-11-28 17:38:10.144   858-858   SurfaceFlinger          surfaceflinger                       I  [e5eb69a com.yourname.smartrecorder/com.yourname.smartrecorder.MainActivity#52468] FrameRatePriority: -1
2025-11-28 17:38:10.146  4879-8432  Routine@Co...stenerImpl com.samsung.android.app.routines     I  onPauseComponent: componentName - ComponentInfo{com.yourname.smartrecorder/com.yourname.smartrecorder.MainActivity}
2025-11-28 17:38:10.162  1198-1895  InputDispatcher         system_server                        D  Focus left window (0): e5eb69a com.yourname.smartrecorder/com.yourname.smartrecorder.MainActivity
2025-11-28 17:38:10.168 13882-13882 ViewRootIm...nActivity] com.yourname.smartrecorder           I  MSG_WINDOW_FOCUS_CHANGED 0 0
2025-11-28 17:38:10.225  1198-1901  WindowManager           system_server                        D  updateSystemBarAttributes: displayId=0, win=Window{dbfc080 u0 com.google.android.permissioncontroller/com.android.permissioncontroller.permission.ui.GrantPermissionsActivity}, navColorWin=Window{e5eb69a u0 com.yourname.smartrecorder/com.yourname.smartrecorder.MainActivity}, focusedCanBeNavColorWin=false, behavior=1, appearance=16, statusBarAppearanceRegions=[AppearanceRegion{ bounds=[0,0][1440,3088]}], requestedVisibilities=, from=com.android.server.wm.DisplayPolicy.focusChangedLw:3251 com.android.server.wm.DisplayContent.updateFocusedWindowLocked:4632 com.android.server.wm.RootWindowContainer.updateFocusedWindowLocked:595 
2025-11-28 17:38:10.286 13882-13882 InputTransport          com.yourname.smartrecorder           D  Input channel destroyed: 'ClientS', fd=139
2025-11-28 17:38:10.286   858-858   SurfaceFlinger          surfaceflinger                       D  Display 4633128672291735937 HWC layers:
                                                                                                         DEVICE | 0x70f52cddd0 | 0102 | RGBA_8888    |    0.0    0.0 1440.0 3088.0 |    0    0 1440 3088 | com.yourname.smartrecorder/com.yourn[...]rtrecorder.MainActivity$_13882#52469
                                                                                                         DEVICE | 0x70f52f1ef0 | 0100 | RGBA_8888    |    8.0    0.0 1448.0  177.0 |    0 2911 1440 3088 | com.google.android.permissioncontrol[...]rantPermissionsActivity$_15143#52519
                                                                                                         CLIENT |              | 0000 |  Unknown  |    0.0    0.0    0.0    0.0 |   38  449  746  863 | Task=22702#46682
                                                                                                         CLIENT |              | 0002 |  Unknown  |    0.0    0.0    0.0    0.0 |   56  467  728  845 | Background for SurfaceView[com.googl[...]oneycomb.Shell$HomeActivity]@0#52213
                                                                                                         CLIENT | 0x70f52d01d0 | 0102 | 0x0000105    |    0.0    0.0 1280.0  720.0 |   56  467  728  845 | SurfaceView[com.google.android.youtu[...]b.Shell$HomeActivity]@0(BLAST)#52212
                                                                                                         CLIENT | 0x70f52e9250 | 0100 | RGBA_8888    |    0.0    0.0  672.0  378.0 |   56  467  728  845 | com.google.android.youtube/com.googl[...]c
2025-11-28 17:38:10.304   858-858   SurfaceFlinger          surfaceflinger                       D  Display 4633128672291735937 HWC layers:
                                                                                                         DEVICE | 0x70f52f0870 | 0102 | RGBA_8888    |    0.0    0.0 1440.0 3088.0 |    0    0 1440 3088 | com.yourname.smartrecorder/com.yourn[...]rtrecorder.MainActivity$_13882#52469
                                                                                                     SOLID_COLOR |              | 0000 |  Unknown  |    0.0    0.0    0.0    0.0 |    0    0 1440 3088 | Dim Layer for - Task=22755#52524
                                                                                                         DEVICE | 0x70f52e7f30 | 0100 | RGBA_8888    |    8.0    0.0 1448.0  367.0 |    0 2721 1440 3088 | com.google.android.permissioncontrol[...]rantPermissionsActivity$_15143#52519
                                                                                                         CLIENT |              | 0000 |  Unknown  |    0.0    0.0    0.0    0.0 |   38  449  746  863 | Task=22702#46682
                                                                                                         CLIENT |              | 0002 |  Unknown  |    0.0    0.0    0.0    0.0 |   56  467  728  845 | Background for SurfaceView[com.googl[...]oneycomb.Shell$HomeActivity]@0#52213
                                                                                                         CLIENT | 0x70f52dc8f0 | 0102 | 0x0000105    |    0.0    0.0 1280.0  720.0 |   56  467  728  845 | SurfaceView[com.google.android.youtu[...]b.Shell$HomeActivity]@0(BLAST)#52212
                                                                                                         CLIENT
2025-11-28 17:38:10.666 13882-13903 SmartRecor...Transcript com.yourname.smartrecorder           D  [SmartRecorderApplication] Model download progress: 100%%
2025-11-28 17:38:10.667 13882-13903 SmartRecor...Transcript com.yourname.smartrecorder           D  Model verified successfully -> size: 74MB, path: /data/user/0/com.yourname.smartrecorder/cache/ggml-tiny.en.bin.tmp
2025-11-28 17:38:10.667 13882-13903 SmartRecor...Transcript com.yourname.smartrecorder           D  Copying model to final location: /data/user/0/com.yourname.smartrecorder/files/whisper-models/ggml-tiny.en.bin
2025-11-28 17:38:10.790  1198-1287  SGM:GameManager         system_server                        D  identifyForegroundApp. com.yourname.smartrecorder, mCurrentUserId: 0, callerUserId: 0
2025-11-28 17:38:10.790  1198-1287  SGM:PkgDataHelper       system_server                        D  getGamePkgData(). com.yourname.smartrecorder
2025-11-28 17:38:10.886 13882-13882 SmartRecor...Transcript com.yourname.smartrecorder           D  [RecordViewModel] Model is now ready (found after 3 checks)
2025-11-28 17:38:10.887 13882-13903 SmartRecor...Transcript com.yourname.smartrecorder           D  Model copied and verified successfully -> final path: /data/user/0/com.yourname.smartrecorder/files/whisper-models/ggml-tiny.en.bin, size: 74MB
2025-11-28 17:38:10.903 13882-13903 SmartRecor...Transcript com.yourname.smartrecorder           D  Model downloaded and saved successfully
2025-11-28 17:38:10.904 13882-13903 SmartRecor...Transcript com.yourname.smartrecorder           D  Whisper model downloaded and saved to internal storage: /data/user/0/com.yourname.smartrecorder/files/whisper-models/ggml-tiny.en.bin
2025-11-28 17:38:11.148 15143-15143 GrantPermi...sViewModel com....android.permissioncontroller  I  Logged buttons presented and clicked permissionGroupName=android.permission-group.READ_MEDIA_AURAL uid=11015 selectedPrecision=0 package=com.yourname.smartrecorder presentedButtons=9 clickedButton=1 isPermissionRationaleShown=false sessionId=5993463632177299973 targetSdk=36
2025-11-28 17:38:11.154 15143-15143 GrantPermi...sViewModel com....android.permissioncontroller  I  Permission grant result requestId=5993463632177299973 callingUid=11015 callingPackage=com.yourname.smartrecorder permission=android.permission.READ_MEDIA_AUDIO isImplicit=false result=4 isPermissionRationaleShown=falseisPackageRestrictedByEnhancedConfirmation=false
2025-11-28 17:38:11.157  9078-23266 MediaProvider           com...ndroid.providers.media.module  D  Couldn't get uid for package: com.yourname.smartrecorder
2025-11-28 17:38:11.159  1198-1773  MARsPolicyManager       system_server                        D  onPackageResumedFG pkgName = com.yourname.smartrecorder, userId = 0
2025-11-28 17:38:11.160  1198-1773  ActivityTaskManager     system_server                        D  scheduleTopResumedActivityChanged, onTop=true r=ActivityRecord{25f917f u0 com.yourname.smartrecorder/.MainActivity} t22755} caller=com.android.server.wm.ActivityTaskSupervisor.scheduleTopResumedActivityStateIfNeeded:2535 com.android.server.wm.ActivityTaskSupervisor.updateTopResumedActivityIfNeeded:2527 com.android.server.wm.TaskFragment.setResumedActivity:493 com.android.server.wm.TaskFragment.onActivityStateChanged:805 com.android.server.wm.ActivityRecord.setState:6428 com.android.server.wm.TaskFragment.resumeTopActivity:1629 
2025-11-28 17:38:11.160  1198-1773  InputDispatcher         system_server                        D  Focused application(0): ActivityRecord{25f917f u0 com.yourname.smartrecorder/.MainActivity} t22755}
