2025-11-29 03:44:23.004 22947-22947 FaceWidget...Repository com.android.systemui                 D  [update] key : 0|com.yourname.smartrecorder|2|null|11026, oldKey : 0|com.yourname.smartrecorder|2|null|11026, media : com.yourname.smartrecorder, sourceType : NOTIFICATION
2025-11-29 03:44:23.013 22947-22947 FaceWidget...cViewModel com.android.systemui                 D  onChanged :: PluginFaceWidgetMediaData{packageName='com.yourname.smartrecorder'isActive='true', playbackState=3', metaData=Recording Th11 29, 2025, Smart Recorder, null', (APP ICON, )'}
2025-11-29 03:44:23.029 17647-17658 MediaPlayerNative       com.yourname.smartrecorder           V  message received msg=6, ext1=0, ext2=0
2025-11-29 03:44:23.029 17647-17658 MediaPlayerNative       com.yourname.smartrecorder           V  Received media started message
2025-11-29 03:44:23.244  1198-1901  ApplicationPolicy       system_server                        D  isStatusBarNotificationAllowedAsUser: packageName = com.yourname.smartrecorder,userId = 0
2025-11-29 03:44:23.244  1198-1901  ApplicationPolicy       system_server                        D  isStatusBarNotificationAllowedAsUser: packageName = com.yourname.smartrecorder,userId = 0
2025-11-29 03:44:23.247  4533-4533  Edge.badge              com...ndroid.app.cocktailbarservice  I  updateBadge item = com.yourname.smartrecorder:0 1
2025-11-29 03:44:23.248  2188-2188  Launcher.N...onListener com.sec.android.app.launcher         I  onNotificationPosted : com.yourname.smartrecorder number : 0
2025-11-29 03:44:23.450 22947-22947 MediaDataManager        com.android.systemui                 D  onMediaNotificationAdded() : 0|com.yourname.smartrecorder|2|null|11026
2025-11-29 03:44:23.450 22947-22947 MediaLogger             com.android.systemui                 D  Notification added [0|com.yourname.smartrecorder|2|null|11026]
2025-11-29 03:44:23.450 22947-22947 BubblesManager          com.android.systemui                 D  onEntryUpdated : shouldBubbleUp=false ,key=0|com.yourname.smartrecorder|2|null|11026
2025-11-29 03:44:23.451 22947-22947 Interrupti...teProvider com.android.systemui                 D   no Heads up : edgelighting enabled app. 0|com.yourname.smartrecorder|2|null|11026
2025-11-29 03:44:23.453 22947-22947 MediaLogger             com.android.systemui                 D  Media data loaded key[0|com.yourname.smartrecorder|2|null|11026] oldKey[0|com.yourname.smartrecorder|2|null|11026] title[Reco] isActive[true]
2025-11-29 03:44:23.455 22947-22947 MediaLogger             com.android.systemui                 D  Media player updated [0|com.yourname.smartrecorder|2|null|11026] isPlaying[true]
2025-11-29 03:44:23.465 22947-22947 FaceWidget...lerWrapper com.android.systemui                 D  onMediaDataLoaded, 0|com.yourname.smartrecorder|2|null|11026, 0|com.yourname.smartrecorder|2|null|11026, MediaData(userId=0, initialized=true, app=Smart Recorder, appIcon=Icon(typ=RESOURCE pkg=com.yourname.smartrecorder id=0x01080024), artist=Smart Recorder, song=Recording Th11 29, 2025, artwork=null, actions=[MediaAction(icon=android.graphics.drawable.AnimatedVectorDrawable@e7b0116, action=com.android.systemui.media.MediaDataManager$getStandardAction$2@1b85a97, contentDescription=Tm dng, background=android.graphics.drawable.AnimatedVectorDrawable@ee2c484, rebindId=null)], actionsToShowInCompact=[0], semanticActions=MediaButton(playOrPause=MediaAction(icon=android.graphics.drawable.AnimatedVectorDrawable@e7b0116, action=com.android.systemui.media.MediaDataManager$getStandardAction$2@1b85a97, contentDescription=Tm dng, background=android.graphics.drawable.AnimatedVectorDrawable@ee2c484, rebindId=null), nextOrCustom=null, prevOrCustom=null, custom0=null, custom1=null, reserveNext=false, reservePrev=false), packageName=com.yourname.smartrecorder, token=android.media.session.MediaSession$Token@b009986, clickIntent=PendingIntent{ab3b937: android.os.BinderProxy@9d05c96}, device=MediaDeviceData(enabled=true, icon=0.0,0.0-120.0,120.0
                                                                                                    Loading:0ms
                                                                                                    Element:2
                                                                                                    Segment:0
                                                                                                    Attribute:2, name=in thoi ny, intent=null, id=remote_submix_media_device_id, customMediaDeviceData=SecMediaDeviceDataImpl(deviceType=1)), active=true, resumeAction=null, playbackLocation=0, resumption=false, notificationKey=0|com.yourname.smartrecorder|2|null|11026, hasCheckedForResume=true, isPlaying=true, isClearable=false, lastActive=323887033, instanceId=com.android.internal.logging.InstanceId@56dbb, appUid=11026, customMediaData=SecMediaDataImpl(uid=11026))
2025-11-29 03:44:23.465 22947-22947 FaceWidget...Repository com.android.systemui                 D  [update] key : 0|com.yourname.smartrecorder|2|null|11026, oldKey : 0|com.yourname.smartrecorder|2|null|11026, media : com.yourname.smartrecorder, sourceType : NOTIFICATION
2025-11-29 03:44:23.466 22947-22947 FaceWidget...cViewModel com.android.systemui                 D  onChanged :: PluginFaceWidgetMediaData{packageName='com.yourname.smartrecorder'isActive='true', playbackState=3', metaData=Recording Th11 29, 2025, Smart Recorder, null', (APP ICON, )'}
2025-11-29 03:44:23.575 17647-17647 ViewRootIm...nActivity] com.yourname.smartrecorder           I  ViewPostIme pointer 0
2025-11-29 03:44:23.643 17647-17647 ViewRootIm...nActivity] com.yourname.smartrecorder           I  ViewPostIme pointer 1
2025-11-29 03:44:23.644 17647-17647 SmartRecor...Transcript com.yourname.smartrecorder           D  togglePlayPause called -> recordingId: b69bdd84-4f70-46c1-a844-9ebf1ac3705a, filePath: /data/user/0/com.yourname.smartrecorder/files/recordings/recording_008.3gp
2025-11-29 03:44:23.644 17647-17647 SmartRecor...Transcript com.yourname.smartrecorder           D  File check -> exists: true, size: 48967 bytes, canRead: true
2025-11-29 03:44:23.644 17647-17647 SmartRecor...Transcript com.yourname.smartrecorder           I  [MAIN] Pausing playback -> position: 2000 ms
2025-11-29 03:44:23.646 17647-17647 SmartRecorder/Service   com.yourname.smartrecorder           I  [CRIT] Pause playback service requested
2025-11-29 03:44:23.648 17647-17647 SmartRecorder/Service   com.yourname.smartrecorder           I  [CRIT] [Service: PlaybackForegroundService] onStartCommand -> action=com.yourname.smartrecorder.PAUSE_PLAYBACK, flags=0, startId=4
2025-11-29 03:44:23.648 17647-17647 SmartRecorder/Service   com.yourname.smartrecorder           I  [CRIT] Pause playback requested from notification
2025-11-29 03:44:23.648 17647-17647 SmartRecorder/Service   com.yourname.smartrecorder           I  [CRIT] Playback paused in foreground service
2025-11-29 03:44:23.649 17647-17647 SmartRecorder/ViewModel com.yourname.smartrecorder           D  [PlaybackSessionRepository] pause
2025-11-29 03:44:23.649 17647-17647 SmartRecorder/Audio     com.yourname.smartrecorder           I  [MAIN] Pausing audio playback
2025-11-29 03:44:23.649 17647-17647 MediaPlayer-JNI         com.yourname.smartrecorder           V  pause
2025-11-29 03:44:23.649 17647-17647 MediaPlayerNative       com.yourname.smartrecorder           V  pause
2025-11-29 03:44:23.650 17647-17658 MediaPlayerNative       com.yourname.smartrecorder           V  message received msg=7, ext1=0, ext2=0
2025-11-29 03:44:23.650 17647-17658 MediaPlayerNative       com.yourname.smartrecorder           V  message received msg=211, ext1=0, ext2=0
2025-11-29 03:44:23.650 17647-17647 MediaPlayerNative       com.yourname.smartrecorder           V  getDuration_l
2025-11-29 03:44:23.651 17647-17647 MediaPlayer-JNI         com.yourname.smartrecorder           V  getDuration: 26780 (msec)
2025-11-29 03:44:23.651 17647-17647 MediaPlayerNative       com.yourname.smartrecorder           V  getDuration_l
2025-11-29 03:44:23.651 17647-17647 MediaPlayer-JNI         com.yourname.smartrecorder           V  getDuration: 26780 (msec)
2025-11-29 03:44:23.651 17647-17647 SmartRecorder/Audio     com.yourname.smartrecorder           I  [MAIN] Audio paused successfully -> position: 2411 ms (9,00%)
2025-11-29 03:44:23.651 17647-17647 SmartRecorder/Service   com.yourname.smartrecorder           D  AudioPlayer paused successfully
2025-11-29 03:44:23.653 22947-22947 MediaLogger             com.android.systemui                 D  Media data loaded key[0|com.yourname.smartrecorder|2|null|11026] oldKey[0|com.yourname.smartrecorder|2|null|11026] title[Reco] isActive[true]
2025-11-29 03:44:23.655 22947-22947 MediaLogger             com.android.systemui                 D  Media player updated [0|com.yourname.smartrecorder|2|null|11026] isPlaying[false]
2025-11-29 03:44:23.666 22947-22947 FaceWidget...lerWrapper com.android.systemui                 D  onMediaDataLoaded, 0|com.yourname.smartrecorder|2|null|11026, 0|com.yourname.smartrecorder|2|null|11026, MediaData(userId=0, initialized=true, app=Smart Recorder, appIcon=Icon(typ=RESOURCE pkg=com.yourname.smartrecorder id=0x01080024), artist=Smart Recorder, song=Recording Th11 29, 2025, artwork=null, actions=[MediaAction(icon=android.graphics.drawable.AnimatedVectorDrawable@31b2a7d, action=com.android.systemui.media.MediaDataManager$getStandardAction$1@3315d72, contentDescription=Pht, background=android.graphics.drawable.AnimatedVectorDrawable@ea9b5c3, rebindId=null)], actionsToShowInCompact=[0], semanticActions=MediaButton(playOrPause=MediaAction(icon=android.graphics.drawable.AnimatedVectorDrawable@31b2a7d, action=com.android.systemui.media.MediaDataManager$getStandardAction$1@3315d72, contentDescription=Pht, background=android.graphics.drawable.AnimatedVectorDrawable@ea9b5c3, rebindId=null), nextOrCustom=null, prevOrCustom=null, custom0=null, custom1=null, reserveNext=false, reservePrev=false), packageName=com.yourname.smartrecorder, token=android.media.session.MediaSession$Token@b009986, clickIntent=PendingIntent{ab3b937: android.os.BinderProxy@9d05c96}, device=MediaDeviceData(enabled=true, icon=0.0,0.0-120.0,120.0
                                                                                                    Loading:0ms
                                                                                                    Element:2
                                                                                                    Segment:0
                                                                                                    Attribute:2, name=in thoi ny, intent=null, id=remote_submix_media_device_id, customMediaDeviceData=SecMediaDeviceDataImpl(deviceType=1)), active=true, resumeAction=null, playbackLocation=0, resumption=false, notificationKey=0|com.yourname.smartrecorder|2|null|11026, hasCheckedForResume=true, isPlaying=false, isClearable=false, lastActive=323887033, instanceId=com.android.internal.logging.InstanceId@56dbb, appUid=11026, customMediaData=SecMediaDataImpl(uid=11026))
2025-11-29 03:44:23.667 22947-22947 FaceWidget...Repository com.android.systemui                 D  [update] key : 0|com.yourname.smartrecorder|2|null|11026, oldKey : 0|com.yourname.smartrecorder|2|null|11026, media : com.yourname.smartrecorder, sourceType : NOTIFICATION
2025-11-29 03:44:23.667 22947-22947 FaceWidget...cViewModel com.android.systemui                 D  onChanged :: PluginFaceWidgetMediaData{packageName='com.yourname.smartrecorder'isActive='true', playbackState=2', metaData=Recording Th11 29, 2025, Smart Recorder, null', (APP ICON, )'}
2025-11-29 03:44:23.976 17647-17647 ViewRootIm...nActivity] com.yourname.smartrecorder           I  ViewPostIme pointer 0
2025-11-29 03:44:24.042 17647-17647 ViewRootIm...nActivity] com.yourname.smartrecorder           I  ViewPostIme pointer 1
2025-11-29 03:44:24.815 17647-17647 ViewRootIm...nActivity] com.yourname.smartrecorder           I  ViewPostIme pointer 0
2025-11-29 03:44:24.826 17647-17647 SmartRecor...Transcript com.yourname.smartrecorder           I  [MAIN] [Lifecycle: TranscriptViewModel] onCleared
2025-11-29 03:44:24.826 17647-17647 SmartRecor...Transcript com.yourname.smartrecorder           W  [RARE] ViewModel cleared while playback active -> Context: position=2000ms
2025-11-29 03:44:24.902  1198-1198  SGM:GameManager         system_server                        D  identifyGamePackage. com.yourname.smartrecorder, mCurrentUserId: 0, callerUserId: 0, callingMethodInfo: com.android.server.ssrm.fgapps.GameAppUtils.isGame(GameAppUtils.java:84)
2025-11-29 03:44:24.902  1198-1198  SGM:PkgDataHelper       system_server                        D  getGamePkgData(). com.yourname.smartrecorder
2025-11-29 03:44:24.903  1198-1198  SGM:GameManager         system_server                        D  identifyGamePackage. com.yourname.smartrecorder, mCurrentUserId: 0, callerUserId: 0, callingMethodInfo: com.android.server.ssrm.fgapps.GameAppUtils.isGame(GameAppUtils.java:84)
2025-11-29 03:44:24.903  1198-1198  SGM:PkgDataHelper       system_server                        D  getGamePkgData(). com.yourname.smartrecorder
2025-11-29 03:44:24.905 17647-17647 ViewRootIm...nActivity] com.yourname.smartrecorder           I  ViewPostIme pointer 1
2025-11-29 03:44:25.128 17647-17647 Compatibil...geReporter com.yourname.smartrecorder           D  Compat change id reported: 171228096; UID 11026; state: ENABLED
2025-11-29 03:44:25.143 17647-17647 ViewRootIm...nActivity] com.yourname.smartrecorder           I  ViewPostIme pointer 0
2025-11-29 03:44:25.603  1198-1198  SGM:GameManager         system_server                        D  identifyGamePackage. com.yourname.smartrecorder, mCurrentUserId: 0, callerUserId: 0, callingMethodInfo: com.android.server.ssrm.fgapps.GameAppUtils.isGame(GameAppUtils.java:84)
2025-11-29 03:44:25.603  1198-1198  SGM:PkgDataHelper       system_server                        D  getGamePkgData(). com.yourname.smartrecorder
2025-11-29 03:44:25.603 17647-17647 ViewRootIm...nActivity] com.yourname.smartrecorder           I  ViewPostIme pointer 1
2025-11-29 03:44:25.604  1198-1198  SGM:GameManager         system_server                        D  identifyGamePackage. com.yourname.smartrecorder, mCurrentUserId: 0, callerUserId: 0, callingMethodInfo: com.android.server.ssrm.fgapps.GameAppUtils.isGame(GameAppUtils.java:84)
2025-11-29 03:44:25.604  1198-1198  SGM:PkgDataHelper       system_server                        D  getGamePkgData(). com.yourname.smartrecorder
2025-11-29 03:44:27.274 17647-17647 ViewRootIm...nActivity] com.yourname.smartrecorder           I  ViewPostIme pointer 0
2025-11-29 03:44:27.338 17647-17647 ViewRootIm...nActivity] com.yourname.smartrecorder           I  ViewPostIme pointer 1
2025-11-29 03:44:27.339 17647-17647 SmartRecorder/ViewModel com.yourname.smartrecorder           D  [RecordingCard] User clicked transcript button -> recordingId: 3d447d69-1c46-492d-844f-f8e8c8d63e9b
2025-11-29 03:44:27.456 17647-17647 SmartRecorder/ViewModel com.yourname.smartrecorder           D  [TranscriptScreen] Screen loaded -> recordingId: 3d447d69-1c46-492d-844f-f8e8c8d63e9b
2025-11-29 03:44:27.456 17647-17647 SmartRecor...Transcript com.yourname.smartrecorder           I  [MAIN] [ViewModel: TranscriptViewModel] loadRecording -> State: recordingId=3d447d69-1c46-492d-844f-f8e8c8d63e9b
2025-11-29 03:44:27.456 17647-17647 SmartRecor...Transcript com.yourname.smartrecorder           D  Loading recording details -> recordingId: 3d447d69-1c46-492d-844f-f8e8c8d63e9b
2025-11-29 03:44:27.456 17647-17647 SmartRecorder/UseCase   com.yourname.smartrecorder           I  [MAIN] [UseCase: GetRecordingDetailUseCase] Starting (recordingId=3d447d69-1c46-492d-844f-f8e8c8d63e9b)
2025-11-29 03:44:27.456 17647-17647 SmartRecor...Repository com.yourname.smartrecorder           D  [BG] [DB: recordings] SELECT -> id=3d447d69-1c46-492d-844f-f8e8c8d63e9b
2025-11-29 03:44:27.457 17647-17647 SmartRecorder/ViewModel com.yourname.smartrecorder           D  [TranscriptScreen] User switched tab -> tab: TRANSCRIPT
2025-11-29 03:44:27.458 17647-17647 SmartRecorder/ViewModel com.yourname.smartrecorder           D  [TranscriptTabContent] State -> segmentsCount: 0, isGenerating: false, isLoading: false, searchQuery: 
2025-11-29 03:44:27.471 17647-17647 SmartRecor...Repository com.yourname.smartrecorder           D  [BG] [DB: recordings] SELECT_COMPLETE -> id=3d447d69-1c46-492d-844f-f8e8c8d63e9b, found=true
2025-11-29 03:44:27.471 17647-17647 SmartRecorder/UseCase   com.yourname.smartrecorder           I  [MAIN] [UseCase: GetRecordingDetailUseCase] Completed (recordingId=3d447d69-1c46-492d-844f-f8e8c8d63e9b, found=true, duration=15ms)
2025-11-29 03:44:27.471 17647-17647 SmartRecor...Transcript com.yourname.smartrecorder           D  Recording loaded -> id: 3d447d69-1c46-492d-844f-f8e8c8d63e9b, title: Recording Th11 28, 2025, duration: 10471 ms
2025-11-29 03:44:27.471 17647-17647 SmartRecor...Transcript com.yourname.smartrecorder           D  Audio file check -> path: /data/user/0/com.yourname.smartrecorder/files/recordings/recording_001.3gp, exists: true, size: 17431 bytes, canRead: true
2025-11-29 03:44:27.472 17647-17647 SmartRecorder/UseCase   com.yourname.smartrecorder           I  [MAIN] [UseCase: GetTranscriptUseCase] Invoked (recordingId=3d447d69-1c46-492d-844f-f8e8c8d63e9b)
2025-11-29 03:44:27.472 17647-17647 SmartRecor...Repository com.yourname.smartrecorder           D  [Flow: getTranscriptSegments] Subscribed -> recordingId=3d447d69-1c46-492d-844f-f8e8c8d63e9b
2025-11-29 03:44:27.472 17647-17647 SmartRecor...Repository com.yourname.smartrecorder           D  [Flow: getNotesByRecordingId] Subscribed -> recordingId=3d447d69-1c46-492d-844f-f8e8c8d63e9b
2025-11-29 03:44:27.472 17647-17647 SmartRecorder/UseCase   com.yourname.smartrecorder           I  [MAIN] [UseCase: GetBookmarksUseCase] Invoked (recordingId=3d447d69-1c46-492d-844f-f8e8c8d63e9b)
2025-11-29 03:44:27.472 17647-17647 SmartRecor...Repository com.yourname.smartrecorder           D  [Flow: getBookmarksByRecordingId] Subscribed -> recordingId=3d447d69-1c46-492d-844f-f8e8c8d63e9b
2025-11-29 03:44:27.491 17647-17647 SmartRecorder/ViewModel com.yourname.smartrecorder           D  [TranscriptTabContent] State -> segmentsCount: 0, isGenerating: false, isLoading: true, searchQuery: 
2025-11-29 03:44:27.500 17647-17647 SmartRecor...Repository com.yourname.smartrecorder           D  [Flow: getTranscriptSegments] Emitted -> recordingId=3d447d69-1c46-492d-844f-f8e8c8d63e9b, count=0
2025-11-29 03:44:27.500 17647-17647 SmartRecorder/UseCase   com.yourname.smartrecorder           I  [MAIN] [UseCase: GetTranscriptUseCase] Emitted (recordingId=3d447d69-1c46-492d-844f-f8e8c8d63e9b, count=0)
2025-11-29 03:44:27.500 17647-17647 SmartRecor...Transcript com.yourname.smartrecorder           D  Transcript segments received -> count: 0, recordingId: 3d447d69-1c46-492d-844f-f8e8c8d63e9b
2025-11-29 03:44:27.501 17647-17647 SmartRecor...Transcript com.yourname.smartrecorder           D  Segments updated in UI -> count: 0
2025-11-29 03:44:27.501 17647-17647 SmartRecor...Repository com.yourname.smartrecorder           D  [Flow: getBookmarksByRecordingId] Emitted -> recordingId=3d447d69-1c46-492d-844f-f8e8c8d63e9b, count=0
2025-11-29 03:44:27.501 17647-17647 SmartRecorder/UseCase   com.yourname.smartrecorder           I  [MAIN] [UseCase: GetBookmarksUseCase] Emitted (recordingId=3d447d69-1c46-492d-844f-f8e8c8d63e9b, count=0)
2025-11-29 03:44:27.501 17647-17647 SmartRecor...Transcript com.yourname.smartrecorder           D  Bookmarks loaded: 0
2025-11-29 03:44:27.501 17647-17647 SmartRecor...Repository com.yourname.smartrecorder           D  [Flow: getNotesByRecordingId] Emitted -> recordingId=3d447d69-1c46-492d-844f-f8e8c8d63e9b, count=0
2025-11-29 03:44:27.501 17647-17647 SmartRecor...Transcript com.yourname.smartrecorder           D  Notes loaded -> count: 0
2025-11-29 03:44:27.501 17647-17647 SmartRecor...Transcript com.yourname.smartrecorder           I  [MAIN] [ViewModel: TranscriptViewModel] loadRecording completed -> State: duration=45ms, segments=0, notes=0
2025-11-29 03:44:27.528 17647-17647 SmartRecorder/ViewModel com.yourname.smartrecorder           D  [TranscriptTabContent] State -> segmentsCount: 0, isGenerating: false, isLoading: false, searchQuery: 
2025-11-29 03:44:28.181 17647-17647 ViewRootIm...nActivity] com.yourname.smartrecorder           I  ViewPostIme pointer 0
2025-11-29 03:44:28.223 17647-17647 ViewRootIm...nActivity] com.yourname.smartrecorder           I  ViewPostIme pointer 1
2025-11-29 03:44:28.224 17647-17647 SmartRecor...Transcript com.yourname.smartrecorder           D  togglePlayPause called -> recordingId: 3d447d69-1c46-492d-844f-f8e8c8d63e9b, filePath: /data/user/0/com.yourname.smartrecorder/files/recordings/recording_001.3gp
2025-11-29 03:44:28.224 17647-17647 SmartRecor...Transcript com.yourname.smartrecorder           D  File check -> exists: true, size: 17431 bytes, canRead: true
2025-11-29 03:44:28.225 17647-17647 SmartRecor...Transcript com.yourname.smartrecorder           W  Cannot resume - different recording is paused
2025-11-29 03:44:30.085 17647-17647 ViewRootIm...nActivity] com.yourname.smartrecorder           I  ViewPostIme pointer 0
2025-11-29 03:44:30.158 17647-17647 ViewRootIm...nActivity] com.yourname.smartrecorder           I  ViewPostIme pointer 1
2025-11-29 03:44:30.159 17647-17647 SmartRecor...Transcript com.yourname.smartrecorder           D  togglePlayPause called -> recordingId: 3d447d69-1c46-492d-844f-f8e8c8d63e9b, filePath: /data/user/0/com.yourname.smartrecorder/files/recordings/recording_001.3gp
2025-11-29 03:44:30.159 17647-17647 SmartRecor...Transcript com.yourname.smartrecorder           D  File check -> exists: true, size: 17431 bytes, canRead: true
2025-11-29 03:44:30.159 17647-17647 SmartRecor...Transcript com.yourname.smartrecorder           W  Cannot resume - different recording is paused
2025-11-29 03:44:30.500 17647-17647 ViewRootIm...nActivity] com.yourname.smartrecorder           I  ViewPostIme pointer 0
2025-11-29 03:44:30.525 17647-17647 ViewRootIm...nActivity] com.yourname.smartrecorder           I  ViewPostIme pointer 1
2025-11-29 03:44:30.526 17647-17647 SmartRecor...Transcript com.yourname.smartrecorder           D  togglePlayPause called -> recordingId: 3d447d69-1c46-492d-844f-f8e8c8d63e9b, filePath: /data/user/0/com.yourname.smartrecorder/files/recordings/recording_001.3gp
2025-11-29 03:44:30.526 17647-17647 SmartRecor...Transcript com.yourname.smartrecorder           D  File check -> exists: true, size: 17431 bytes, canRead: true
2025-11-29 03:44:30.526 17647-17647 SmartRecor...Transcript com.yourname.smartrecorder           W  Cannot resume - different recording is paused
2025-11-29 03:44:30.650 17647-17647 ViewRootIm...nActivity] com.yourname.smartrecorder           I  ViewPostIme pointer 0
2025-11-29 03:44:30.651  1198-1198  SGM:GameManager         system_server                        D  identifyGamePackage. com.yourname.smartrecorder, mCurrentUserId: 0, callerUserId: 0, callingMethodInfo: com.android.server.ssrm.fgapps.GameAppUtils.isGame(GameAppUtils.java:84)
2025-11-29 03:44:30.651  1198-1198  SGM:PkgDataHelper       system_server                        D  getGamePkgData(). com.yourname.smartrecorder
2025-11-29 03:44:30.652  1198-1198  SGM:GameManager         system_server                        D  identifyGamePackage. com.yourname.smartrecorder, mCurrentUserId: 0, callerUserId: 0, callingMethodInfo: com.android.server.ssrm.fgapps.GameAppUtils.isGame(GameAppUtils.java:84)
2025-11-29 03:44:30.652  1198-1198  SGM:PkgDataHelper       system_server                        D  getGamePkgData(). com.yourname.smartrecorder
2025-11-29 03:44:30.733 17647-17647 ViewRootIm...nActivity] com.yourname.smartrecorder           I  ViewPostIme pointer 1
2025-11-29 03:44:30.735 17647-17647 SmartRecor...Transcript com.yourname.smartrecorder           D  togglePlayPause called -> recordingId: 3d447d69-1c46-492d-844f-f8e8c8d63e9b, filePath: /data/user/0/com.yourname.smartrecorder/files/recordings/recording_001.3gp
2025-11-29 03:44:30.735  1198-1198  SGM:GameManager         system_server                        D  identifyGamePackage. com.yourname.smartrecorder, mCurrentUserId: 0, callerUserId: 0, callingMethodInfo: com.android.server.ssrm.fgapps.GameAppUtils.isGame(GameAppUtils.java:84)
2025-11-29 03:44:30.735  1198-1198  SGM:PkgDataHelper       system_server                        D  getGamePkgData(). com.yourname.smartrecorder
2025-11-29 03:44:30.735 17647-17647 SmartRecor...Transcript com.yourname.smartrecorder           D  File check -> exists: true, size: 17431 bytes, canRead: true
2025-11-29 03:44:30.735 17647-17647 SmartRecor...Transcript com.yourname.smartrecorder           W  Cannot resume - different recording is paused
2025-11-29 03:44:30.735  1198-1198  SGM:GameManager         system_server                        D  identifyGamePackage. com.yourname.smartrecorder, mCurrentUserId: 0, callerUserId: 0, callingMethodInfo: com.android.server.ssrm.fgapps.GameAppUtils.isGame(GameAppUtils.java:84)
2025-11-29 03:44:30.735  1198-1198  SGM:PkgDataHelper       system_server                        D  getGamePkgData(). com.yourname.smartrecorder
2025-11-29 03:44:30.825 17647-17647 ViewRootIm...nActivity] com.yourname.smartrecorder           I  ViewPostIme pointer 0
2025-11-29 03:44:30.892 17647-17647 ViewRootIm...nActivity] com.yourname.smartrecorder           I  ViewPostIme pointer 1
2025-11-29 03:44:30.893 17647-17647 SmartRecor...Transcript com.yourname.smartrecorder           D  togglePlayPause called -> recordingId: 3d447d69-1c46-492d-844f-f8e8c8d63e9b, filePath: /data/user/0/com.yourname.smartrecorder/files/recordings/recording_001.3gp
2025-11-29 03:44:30.893 17647-17647 SmartRecor...Transcript com.yourname.smartrecorder           D  File check -> exists: true, size: 17431 bytes, canRead: true
2025-11-29 03:44:30.893 17647-17647 SmartRecor...Transcript com.yourname.smartrecorder           W  Cannot resume - different recording is paused
2025-11-29 03:44:31.226 17647-17647 ViewRootIm...nActivity] com.yourname.smartrecorder           I  ViewPostIme pointer 0
2025-11-29 03:44:31.303 17647-17647 ViewRootIm...nActivity] com.yourname.smartrecorder           I  ViewPostIme pointer 1
2025-11-29 03:44:31.488 17647-17655 MediaPlayer-JNI         com.yourname.smartrecorder           V  native_finalize
2025-11-29 03:44:31.488 17647-17655 MediaPlayer-JNI         com.yourname.smartrecorder           W  MediaPlayer finalized without being released
2025-11-29 03:44:31.488 17647-17655 MediaPlayer-JNI         com.yourname.smartrecorder           V  release
2025-11-29 03:44:31.488 17647-17655 MediaPlayerNative       com.yourname.smartrecorder           V  setListener
2025-11-29 03:44:31.488 17647-17655 MediaPlayerNative       com.yourname.smartrecorder           V  disconnect
2025-11-29 03:44:31.488   997-29348 MediaPlayerService      mediaserver                          V  disconnect(621) from AttributionSource AttributionSourceState{pid: 17647, uid: 11026, packageName: com.yourname.smartrecorder, attributionTag: (null), token: {no toString() implemented}, renouncedPermissions: [], next: []}
2025-11-29 03:44:31.497 17647-17655 MediaPlayerNative       com.yourname.smartrecorder           V  destructor
2025-11-29 03:44:31.497 17647-17655 MediaPlayerNative       com.yourname.smartrecorder           V  disconnect
2025-11-29 03:44:31.497   997-29345 MediaPlayerService      mediaserver                          V  Client(621) destructor AttributionSource = AttributionSourceState{pid: 17647, uid: 11026, packageName: com.yourname.smartrecorder, attributionTag: (null), token: {no toString() implemented}, renouncedPermissions: [], next: []}
2025-11-29 03:44:31.499   997-29345 MediaPlayerService      mediaserver                          V  disconnect(621) from AttributionSource AttributionSourceState{pid: 17647, uid: 11026, packageName: com.yourname.smartrecorder, attributionTag: (null), token: {no toString() implemented}, renouncedPermissions: [], next: []}
2025-11-29 03:44:32.067 17647-17647 ViewRootIm...nActivity] com.yourname.smartrecorder           I  ViewPostIme pointer 0
2025-11-29 03:44:32.077 17647-17647 SmartRecor...Transcript com.yourname.smartrecorder           I  [MAIN] [Lifecycle: TranscriptViewModel] onCleared
2025-11-29 03:44:32.077 17647-17647 SmartRecor...Transcript com.yourname.smartrecorder           W  [RARE] ViewModel cleared while playback active -> Context: position=2000ms
2025-11-29 03:44:33.497 17647-17647 ViewRootIm...nActivity] com.yourname.smartrecorder           I  ViewPostIme pointer 1
2025-11-29 03:44:33.497  1198-1198  SGM:GameManager         system_server                        D  identifyGamePackage. com.yourname.smartrecorder, mCurrentUserId: 0, callerUserId: 0, callingMethodInfo: com.android.server.ssrm.fgapps.GameAppUtils.isGame(GameAppUtils.java:84)
2025-11-29 03:44:33.497  1198-1198  SGM:PkgDataHelper       system_server                        D  getGamePkgData(). com.yourname.smartrecorder
2025-11-29 03:44:33.499  1198-1198  SGM:GameManager         system_server                        D  identifyGamePackage. com.yourname.smartrecorder, mCurrentUserId: 0, callerUserId: 0, callingMethodInfo: com.android.server.ssrm.fgapps.GameAppUtils.isGame(GameAppUtils.java:84)
2025-11-29 03:44:33.499  1198-1198  SGM:PkgDataHelper       system_server                        D  getGamePkgData(). com.yourname.smartrecorder
2025-11-29 03:44:34.164 17647-17647 ViewRootIm...nActivity] com.yourname.smartrecorder           I  ViewPostIme pointer 0
2025-11-29 03:44:34.197 17647-17647 ViewRootIm...nActivity] com.yourname.smartrecorder           I  ViewPostIme pointer 1
2025-11-29 03:44:34.198 17647-17647 SmartRecorder/ViewModel com.yourname.smartrecorder           D  [RecordingCard] User clicked transcript button -> recordingId: e9df5f4e-e5e9-4291-a35c-0c51e40006d7
2025-11-29 03:44:34.307 17647-17647 SmartRecorder/ViewModel com.yourname.smartrecorder           D  [TranscriptScreen] Screen loaded -> recordingId: e9df5f4e-e5e9-4291-a35c-0c51e40006d7
2025-11-29 03:44:34.307 17647-17647 SmartRecor...Transcript com.yourname.smartrecorder           I  [MAIN] [ViewModel: TranscriptViewModel] loadRecording -> State: recordingId=e9df5f4e-e5e9-4291-a35c-0c51e40006d7
2025-11-29 03:44:34.307 17647-17647 SmartRecor...Transcript com.yourname.smartrecorder           D  Loading recording details -> recordingId: e9df5f4e-e5e9-4291-a35c-0c51e40006d7
2025-11-29 03:44:34.308 17647-17647 SmartRecorder/UseCase   com.yourname.smartrecorder           I  [MAIN] [UseCase: GetRecordingDetailUseCase] Starting (recordingId=e9df5f4e-e5e9-4291-a35c-0c51e40006d7)
2025-11-29 03:44:34.308 17647-17647 SmartRecor...Repository com.yourname.smartrecorder           D  [BG] [DB: recordings] SELECT -> id=e9df5f4e-e5e9-4291-a35c-0c51e40006d7
2025-11-29 03:44:34.308 17647-17647 SmartRecorder/ViewModel com.yourname.smartrecorder           D  [TranscriptScreen] User switched tab -> tab: TRANSCRIPT
2025-11-29 03:44:34.309 17647-17647 SmartRecorder/ViewModel com.yourname.smartrecorder           D  [TranscriptTabContent] State -> segmentsCount: 0, isGenerating: false, isLoading: false, searchQuery: 
2025-11-29 03:44:34.320 17647-17647 SmartRecor...Repository com.yourname.smartrecorder           D  [BG] [DB: recordings] SELECT_COMPLETE -> id=e9df5f4e-e5e9-4291-a35c-0c51e40006d7, found=true
2025-11-29 03:44:34.320 17647-17647 SmartRecorder/UseCase   com.yourname.smartrecorder           I  [MAIN] [UseCase: GetRecordingDetailUseCase] Completed (recordingId=e9df5f4e-e5e9-4291-a35c-0c51e40006d7, found=true, duration=13ms)
2025-11-29 03:44:34.323 17647-17647 SmartRecor...Transcript com.yourname.smartrecorder           D  Recording loaded -> id: e9df5f4e-e5e9-4291-a35c-0c51e40006d7, title: Recording Th11 28, 2025, duration: 5381 ms
2025-11-29 03:44:34.323 17647-17647 SmartRecor...Transcript com.yourname.smartrecorder           D  Audio file check -> path: /data/user/0/com.yourname.smartrecorder/files/recordings/recording_002.3gp, exists: true, size: 9271 bytes, canRead: true
2025-11-29 03:44:34.323 17647-17647 SmartRecorder/UseCase   com.yourname.smartrecorder           I  [MAIN] [UseCase: GetTranscriptUseCase] Invoked (recordingId=e9df5f4e-e5e9-4291-a35c-0c51e40006d7)
2025-11-29 03:44:34.323 17647-17647 SmartRecor...Repository com.yourname.smartrecorder           D  [Flow: getTranscriptSegments] Subscribed -> recordingId=e9df5f4e-e5e9-4291-a35c-0c51e40006d7
2025-11-29 03:44:34.323 17647-17647 SmartRecor...Repository com.yourname.smartrecorder           D  [Flow: getNotesByRecordingId] Subscribed -> recordingId=e9df5f4e-e5e9-4291-a35c-0c51e40006d7
2025-11-29 03:44:34.324 17647-17647 SmartRecorder/UseCase   com.yourname.smartrecorder           I  [MAIN] [UseCase: GetBookmarksUseCase] Invoked (recordingId=e9df5f4e-e5e9-4291-a35c-0c51e40006d7)
2025-11-29 03:44:34.324 17647-17647 SmartRecor...Repository com.yourname.smartrecorder           D  [Flow: getBookmarksByRecordingId] Subscribed -> recordingId=e9df5f4e-e5e9-4291-a35c-0c51e40006d7
2025-11-29 03:44:34.341 17647-17647 SmartRecorder/ViewModel com.yourname.smartrecorder           D  [TranscriptTabContent] State -> segmentsCount: 0, isGenerating: false, isLoading: true, searchQuery: 
2025-11-29 03:44:34.348 17647-17647 SmartRecor...Repository com.yourname.smartrecorder           D  [Flow: getTranscriptSegments] Emitted -> recordingId=e9df5f4e-e5e9-4291-a35c-0c51e40006d7, count=0
2025-11-29 03:44:34.348 17647-17647 SmartRecorder/UseCase   com.yourname.smartrecorder           I  [MAIN] [UseCase: GetTranscriptUseCase] Emitted (recordingId=e9df5f4e-e5e9-4291-a35c-0c51e40006d7, count=0)
2025-11-29 03:44:34.348 17647-17647 SmartRecor...Transcript com.yourname.smartrecorder           D  Transcript segments received -> count: 0, recordingId: e9df5f4e-e5e9-4291-a35c-0c51e40006d7
2025-11-29 03:44:34.349 17647-17647 SmartRecor...Transcript com.yourname.smartrecorder           D  Segments updated in UI -> count: 0
2025-11-29 03:44:34.350 17647-17647 SmartRecor...Repository com.yourname.smartrecorder           D  [Flow: getBookmarksByRecordingId] Emitted -> recordingId=e9df5f4e-e5e9-4291-a35c-0c51e40006d7, count=0
2025-11-29 03:44:34.350 17647-17647 SmartRecorder/UseCase   com.yourname.smartrecorder           I  [MAIN] [UseCase: GetBookmarksUseCase] Emitted (recordingId=e9df5f4e-e5e9-4291-a35c-0c51e40006d7, count=0)
2025-11-29 03:44:34.350 17647-17647 SmartRecor...Transcript com.yourname.smartrecorder           D  Bookmarks loaded: 0
2025-11-29 03:44:34.350 17647-17647 SmartRecor...Repository com.yourname.smartrecorder           D  [Flow: getNotesByRecordingId] Emitted -> recordingId=e9df5f4e-e5e9-4291-a35c-0c51e40006d7, count=0
2025-11-29 03:44:34.350 17647-17647 SmartRecor...Transcript com.yourname.smartrecorder           D  Notes loaded -> count: 0
2025-11-29 03:44:34.350 17647-17647 SmartRecor...Transcript com.yourname.smartrecorder           I  [MAIN] [ViewModel: TranscriptViewModel] loadRecording completed -> State: duration=43ms, segments=0, notes=0
2025-11-29 03:44:34.369 17647-17647 SmartRecorder/ViewModel com.yourname.smartrecorder           D  [TranscriptTabContent] State -> segmentsCount: 0, isGenerating: false, isLoading: false, searchQuery: 
2025-11-29 03:44:35.014 17647-17647 ViewRootIm...nActivity] com.yourname.smartrecorder           I  ViewPostIme pointer 0
2025-11-29 03:44:35.080 17647-17647 ViewRootIm...nActivity] com.yourname.smartrecorder           I  ViewPostIme pointer 1
2025-11-29 03:44:35.081 17647-17647 SmartRecor...Transcript com.yourname.smartrecorder           D  togglePlayPause called -> recordingId: e9df5f4e-e5e9-4291-a35c-0c51e40006d7, filePath: /data/user/0/com.yourname.smartrecorder/files/recordings/recording_002.3gp
2025-11-29 03:44:35.081 17647-17647 SmartRecor...Transcript com.yourname.smartrecorder           D  File check -> exists: true, size: 9271 bytes, canRead: true
2025-11-29 03:44:35.081 17647-17647 SmartRecor...Transcript com.yourname.smartrecorder           W  Cannot resume - different recording is paused
2025-11-29 03:44:35.556 17647-17647 ViewRootIm...nActivity] com.yourname.smartrecorder           I  ViewPostIme pointer 0
2025-11-29 03:44:35.622 17647-17647 ViewRootIm...nActivity] com.yourname.smartrecorder           I  ViewPostIme pointer 1
2025-11-29 03:44:35.623 17647-17647 SmartRecor...Transcript com.yourname.smartrecorder           D  togglePlayPause called -> recordingId: e9df5f4e-e5e9-4291-a35c-0c51e40006d7, filePath: /data/user/0/com.yourname.smartrecorder/files/recordings/recording_002.3gp
2025-11-29 03:44:35.623 17647-17647 SmartRecor...Transcript com.yourname.smartrecorder           D  File check -> exists: true, size: 9271 bytes, canRead: true
2025-11-29 03:44:35.623 17647-17647 SmartRecor...Transcript com.yourname.smartrecorder           W  Cannot resume - different recording is paused
2025-11-29 03:44:35.731 17647-17647 ViewRootIm...nActivity] com.yourname.smartrecorder           I  ViewPostIme pointer 0
2025-11-29 03:44:35.732  1198-1198  SGM:GameManager         system_server                        D  identifyGamePackage. com.yourname.smartrecorder, mCurrentUserId: 0, callerUserId: 0, callingMethodInfo: com.android.server.ssrm.fgapps.GameAppUtils.isGame(GameAppUtils.java:84)
2025-11-29 03:44:35.732  1198-1198  SGM:PkgDataHelper       system_server                        D  getGamePkgData(). com.yourname.smartrecorder
2025-11-29 03:44:35.733  1198-1198  SGM:GameManager         system_server                        D  identifyGamePackage. com.yourname.smartrecorder, mCurrentUserId: 0, callerUserId: 0, callingMethodInfo: com.android.server.ssrm.fgapps.GameAppUtils.isGame(GameAppUtils.java:84)
2025-11-29 03:44:35.733  1198-1198  SGM:PkgDataHelper       system_server                        D  getGamePkgData(). com.yourname.smartrecorder
2025-11-29 03:44:35.790 17647-17647 ViewRootIm...nActivity] com.yourname.smartrecorder           I  ViewPostIme pointer 1
2025-11-29 03:44:35.791  1198-1198  SGM:GameManager         system_server                        D  identifyGamePackage. com.yourname.smartrecorder, mCurrentUserId: 0, callerUserId: 0, callingMethodInfo: com.android.server.ssrm.fgapps.GameAppUtils.isGame(GameAppUtils.java:84)
2025-11-29 03:44:35.791  1198-1198  SGM:PkgDataHelper       system_server                        D  getGamePkgData(). com.yourname.smartrecorder
2025-11-29 03:44:35.791 17647-17647 SmartRecor...Transcript com.yourname.smartrecorder           D  togglePlayPause called -> recordingId: e9df5f4e-e5e9-4291-a35c-0c51e40006d7, filePath: /data/user/0/com.yourname.smartrecorder/files/recordings/recording_002.3gp
2025-11-29 03:44:35.791 17647-17647 SmartRecor...Transcript com.yourname.smartrecorder           D  File check -> exists: true, size: 9271 bytes, canRead: true
2025-11-29 03:44:35.791 17647-17647 SmartRecor...Transcript com.yourname.smartrecorder           W  Cannot resume - different recording is paused
2025-11-29 03:44:35.791  1198-1198  SGM:GameManager         system_server                        D  identifyGamePackage. com.yourname.smartrecorder, mCurrentUserId: 0, callerUserId: 0, callingMethodInfo: com.android.server.ssrm.fgapps.GameAppUtils.isGame(GameAppUtils.java:84)
2025-11-29 03:44:35.791  1198-1198  SGM:PkgDataHelper       system_server                        D  getGamePkgData(). com.yourname.smartrecorder
2025-11-29 03:44:36.007 17647-17647 ViewRootIm...nActivity] com.yourname.smartrecorder           I  ViewPostIme pointer 0
2025-11-29 03:44:36.091 17647-17647 ViewRootIm...nActivity] com.yourname.smartrecorder           I  ViewPostIme pointer 1
2025-11-29 03:44:36.859 17647-17647 SmartRecor...Transcript com.yourname.smartrecorder           I  [MAIN] [Lifecycle: TranscriptViewModel] onCleared
2025-11-29 03:44:36.859 17647-17647 SmartRecor...Transcript com.yourname.smartrecorder           W  [RARE] ViewModel cleared while playback active -> Context: position=2000ms
2025-11-29 03:44:36.867 17647-17647 ViewRootIm...nActivity] com.yourname.smartrecorder           I  ViewPostIme pointer 0
2025-11-29 03:44:37.225  1198-1198  SGM:GameManager         system_server                        D  identifyGamePackage. com.yourname.smartrecorder, mCurrentUserId: 0, callerUserId: 0, callingMethodInfo: com.android.server.ssrm.fgapps.GameAppUtils.isGame(GameAppUtils.java:84)
2025-11-29 03:44:37.225  1198-1198  SGM:PkgDataHelper       system_server                        D  getGamePkgData(). com.yourname.smartrecorder
2025-11-29 03:44:37.226  1198-1198  SGM:GameManager         system_server                        D  identifyGamePackage. com.yourname.smartrecorder, mCurrentUserId: 0, callerUserId: 0, callingMethodInfo: com.android.server.ssrm.fgapps.GameAppUtils.isGame(GameAppUtils.java:84)
2025-11-29 03:44:37.226  1198-1198  SGM:PkgDataHelper       system_server                        D  getGamePkgData(). com.yourname.smartrecorder
2025-11-29 03:44:37.236 17647-17647 ViewRootIm...nActivity] com.yourname.smartrecorder           I  ViewPostIme pointer 1
2025-11-29 03:44:37.482 17647-17647 ViewRootIm...nActivity] com.yourname.smartrecorder           I  ViewPostIme pointer 0
2025-11-29 03:44:37.532 17647-17647 ViewRootIm...nActivity] com.yourname.smartrecorder           I  ViewPostIme pointer 1
2025-11-29 03:44:37.533 17647-17647 SmartRecorder/ViewModel com.yourname.smartrecorder           D  [RecordingCard] User clicked transcript button -> recordingId: c3ea4599-640a-4d04-9ba1-77840014a5c6
2025-11-29 03:44:37.636 17647-17647 SmartRecorder/ViewModel com.yourname.smartrecorder           D  [TranscriptScreen] Screen loaded -> recordingId: c3ea4599-640a-4d04-9ba1-77840014a5c6
2025-11-29 03:44:37.636 17647-17647 SmartRecor...Transcript com.yourname.smartrecorder           I  [MAIN] [ViewModel: TranscriptViewModel] loadRecording -> State: recordingId=c3ea4599-640a-4d04-9ba1-77840014a5c6
2025-11-29 03:44:37.636 17647-17647 SmartRecor...Transcript com.yourname.smartrecorder           D  Loading recording details -> recordingId: c3ea4599-640a-4d04-9ba1-77840014a5c6
2025-11-29 03:44:37.636 17647-17647 SmartRecorder/UseCase   com.yourname.smartrecorder           I  [MAIN] [UseCase: GetRecordingDetailUseCase] Starting (recordingId=c3ea4599-640a-4d04-9ba1-77840014a5c6)
2025-11-29 03:44:37.636 17647-17647 SmartRecor...Repository com.yourname.smartrecorder           D  [BG] [DB: recordings] SELECT -> id=c3ea4599-640a-4d04-9ba1-77840014a5c6
2025-11-29 03:44:37.636 17647-17647 SmartRecorder/ViewModel com.yourname.smartrecorder           D  [TranscriptScreen] User switched tab -> tab: TRANSCRIPT
2025-11-29 03:44:37.637 17647-17647 SmartRecorder/ViewModel com.yourname.smartrecorder           D  [TranscriptTabContent] State -> segmentsCount: 0, isGenerating: false, isLoading: false, searchQuery: 
2025-11-29 03:44:37.648 17647-17647 SmartRecor...Repository com.yourname.smartrecorder           D  [BG] [DB: recordings] SELECT_COMPLETE -> id=c3ea4599-640a-4d04-9ba1-77840014a5c6, found=true
2025-11-29 03:44:37.648 17647-17647 SmartRecorder/UseCase   com.yourname.smartrecorder           I  [MAIN] [UseCase: GetRecordingDetailUseCase] Completed (recordingId=c3ea4599-640a-4d04-9ba1-77840014a5c6, found=true, duration=12ms)
2025-11-29 03:44:37.650 17647-17647 SmartRecor...Transcript com.yourname.smartrecorder           D  Recording loaded -> id: c3ea4599-640a-4d04-9ba1-77840014a5c6, title: Recording Th11 28, 2025, duration: 5321 ms
2025-11-29 03:44:37.650 17647-17647 SmartRecor...Transcript com.yourname.smartrecorder           D  Audio file check -> path: /data/user/0/com.yourname.smartrecorder/files/recordings/recording_003.3gp, exists: true, size: 9143 bytes, canRead: true
2025-11-29 03:44:37.650 17647-17647 SmartRecorder/UseCase   com.yourname.smartrecorder           I  [MAIN] [UseCase: GetTranscriptUseCase] Invoked (recordingId=c3ea4599-640a-4d04-9ba1-77840014a5c6)
2025-11-29 03:44:37.650 17647-17647 SmartRecor...Repository com.yourname.smartrecorder           D  [Flow: getTranscriptSegments] Subscribed -> recordingId=c3ea4599-640a-4d04-9ba1-77840014a5c6
2025-11-29 03:44:37.650 17647-17647 SmartRecor...Repository com.yourname.smartrecorder           D  [Flow: getNotesByRecordingId] Subscribed -> recordingId=c3ea4599-640a-4d04-9ba1-77840014a5c6
2025-11-29 03:44:37.651 17647-17647 SmartRecorder/UseCase   com.yourname.smartrecorder           I  [MAIN] [UseCase: GetBookmarksUseCase] Invoked (recordingId=c3ea4599-640a-4d04-9ba1-77840014a5c6)
2025-11-29 03:44:37.651 17647-17647 SmartRecor...Repository com.yourname.smartrecorder           D  [Flow: getBookmarksByRecordingId] Subscribed -> recordingId=c3ea4599-640a-4d04-9ba1-77840014a5c6
2025-11-29 03:44:37.666 17647-17647 SmartRecorder/ViewModel com.yourname.smartrecorder           D  [TranscriptTabContent] State -> segmentsCount: 0, isGenerating: false, isLoading: true, searchQuery: 
2025-11-29 03:44:37.675 17647-17647 SmartRecor...Repository com.yourname.smartrecorder           D  [Flow: getTranscriptSegments] Emitted -> recordingId=c3ea4599-640a-4d04-9ba1-77840014a5c6, count=0
2025-11-29 03:44:37.676 17647-17647 SmartRecorder/UseCase   com.yourname.smartrecorder           I  [MAIN] [UseCase: GetTranscriptUseCase] Emitted (recordingId=c3ea4599-640a-4d04-9ba1-77840014a5c6, count=0)
2025-11-29 03:44:37.676 17647-17647 SmartRecor...Transcript com.yourname.smartrecorder           D  Transcript segments received -> count: 0, recordingId: c3ea4599-640a-4d04-9ba1-77840014a5c6
2025-11-29 03:44:37.676 17647-17647 SmartRecor...Transcript com.yourname.smartrecorder           D  Segments updated in UI -> count: 0
2025-11-29 03:44:37.676 17647-17647 SmartRecor...Repository com.yourname.smartrecorder           D  [Flow: getNotesByRecordingId] Emitted -> recordingId=c3ea4599-640a-4d04-9ba1-77840014a5c6, count=0
2025-11-29 03:44:37.676 17647-17647 SmartRecor...Transcript com.yourname.smartrecorder           D  Notes loaded -> count: 0
2025-11-29 03:44:37.676 17647-17647 SmartRecor...Transcript com.yourname.smartrecorder           I  [MAIN] [ViewModel: TranscriptViewModel] loadRecording completed -> State: duration=40ms, segments=0, notes=0
2025-11-29 03:44:37.676 17647-17647 SmartRecor...Repository com.yourname.smartrecorder           D  [Flow: getBookmarksByRecordingId] Emitted -> recordingId=c3ea4599-640a-4d04-9ba1-77840014a5c6, count=0
2025-11-29 03:44:37.676 17647-17647 SmartRecorder/UseCase   com.yourname.smartrecorder           I  [MAIN] [UseCase: GetBookmarksUseCase] Emitted (recordingId=c3ea4599-640a-4d04-9ba1-77840014a5c6, count=0)
2025-11-29 03:44:37.676 17647-17647 SmartRecor...Transcript com.yourname.smartrecorder           D  Bookmarks loaded: 0
2025-11-29 03:44:37.703 17647-17647 SmartRecorder/ViewModel com.yourname.smartrecorder           D  [TranscriptTabContent] State -> segmentsCount: 0, isGenerating: false, isLoading: false, searchQuery: 
2025-11-29 03:44:38.296 17647-17647 ViewRootIm...nActivity] com.yourname.smartrecorder           I  ViewPostIme pointer 0
2025-11-29 03:44:38.334 17647-17647 ViewRootIm...nActivity] com.yourname.smartrecorder           I  ViewPostIme pointer 1
2025-11-29 03:44:38.334 17647-17647 SmartRecor...Transcript com.yourname.smartrecorder           D  togglePlayPause called -> recordingId: c3ea4599-640a-4d04-9ba1-77840014a5c6, filePath: /data/user/0/com.yourname.smartrecorder/files/recordings/recording_003.3gp
2025-11-29 03:44:38.334 17647-17647 SmartRecor...Transcript com.yourname.smartrecorder           D  File check -> exists: true, size: 9143 bytes, canRead: true
2025-11-29 03:44:38.335 17647-17647 SmartRecor...Transcript com.yourname.smartrecorder           W  Cannot resume - different recording is paused
2025-11-29 03:44:39.000 17647-17647 ViewRootIm...nActivity] com.yourname.smartrecorder           I  ViewPostIme pointer 0
2025-11-29 03:44:39.033 17647-17647 ViewRootIm...nActivity] com.yourname.smartrecorder           I  ViewPostIme pointer 1
2025-11-29 03:44:39.034 17647-17647 SmartRecor...Transcript com.yourname.smartrecorder           D  togglePlayPause called -> recordingId: c3ea4599-640a-4d04-9ba1-77840014a5c6, filePath: /data/user/0/com.yourname.smartrecorder/files/recordings/recording_003.3gp
2025-11-29 03:44:39.034 17647-17647 SmartRecor...Transcript com.yourname.smartrecorder           D  File check -> exists: true, size: 9143 bytes, canRead: true
2025-11-29 03:44:39.035 17647-17647 SmartRecor...Transcript com.yourname.smartrecorder           W  Cannot resume - different recording is paused
2025-11-29 03:44:39.158 17647-17647 ViewRootIm...nActivity] com.yourname.smartrecorder           I  ViewPostIme pointer 0
2025-11-29 03:44:39.159  1198-1198  SGM:GameManager         system_server                        D  identifyGamePackage. com.yourname.smartrecorder, mCurrentUserId: 0, callerUserId: 0, callingMethodInfo: com.android.server.ssrm.fgapps.GameAppUtils.isGame(GameAppUtils.java:84)
2025-11-29 03:44:39.159  1198-1198  SGM:PkgDataHelper       system_server                        D  getGamePkgData(). com.yourname.smartrecorder
2025-11-29 03:44:39.159  1198-1198  SGM:GameManager         system_server                        D  identifyGamePackage. com.yourname.smartrecorder, mCurrentUserId: 0, callerUserId: 0, callingMethodInfo: com.android.server.ssrm.fgapps.GameAppUtils.isGame(GameAppUtils.java:84)
2025-11-29 03:44:39.159  1198-1198  SGM:PkgDataHelper       system_server                        D  getGamePkgData(). com.yourname.smartrecorder
2025-11-29 03:44:39.200 17647-17647 ViewRootIm...nActivity] com.yourname.smartrecorder           I  ViewPostIme pointer 1
2025-11-29 03:44:39.201 17647-17647 SmartRecor...Transcript com.yourname.smartrecorder           D  togglePlayPause called -> recordingId: c3ea4599-640a-4d04-9ba1-77840014a5c6, filePath: /data/user/0/com.yourname.smartrecorder/files/recordings/recording_003.3gp
