                                                                                                         CLIENT | 0x70f52da190 | 0100 | RGBA_8888    |    0.0    0.0  673.0  378.0 |  711  150 1384  528 | com.google.android.youtube/com.googl[...]comb.Shell$HomeActivity$_29596#41535
                                                                                                         DEVICE
2025-11-28 00:47:34.414   858-858   SurfaceFlinger          surfaceflinger                       D  Display 4633128672291735937 HWC layers:
                                                                                                         DEVICE | 0x70f52f0630 | 0102 | RGBA_8888    |    0.0    0.0 1440.0 3088.0 |    0    0 1440 3088 | com.yourname.smartrecorder/com.yourn[...]artrecorder.MainActivity$_7711#43519
                                                                                                         CLIENT |              | 0000 |  Unknown  |    0.0    0.0    0.0    0.0 |  693  132 1402  546 | Task=22605#37284
                                                                                                         CLIENT |              | 0002 |  Unknown  |    0.0    0.0    0.0    0.0 |  711  150 1384  528 | Background for SurfaceView[com.googl[...]oneycomb.Shell$HomeActivity]@0#41541
                                                                                                         CLIENT | 0x70f52afe90 | 0102 | 0x0000105    |    0.0    0.0  854.0  480.0 |  711  150 1384  528 | SurfaceView[com.google.android.youtu[...]b.Shell$HomeActivity]@0(BLAST)#41540
                                                                                                         CLIENT | 0x70f52da190 | 0100 | RGBA_8888    |    0.0    0.0  673.0  378.0 |  711  150 1384  528 | com.google.android.youtube/com.googl[...]comb.Shell$HomeActivity$_29596#41535
                                                                                                         DEVICE | 0x70f52ea8d0 | 0100 | RGBA_8888    |    0.0    0.0 1440.0   90.0 |    0    0 1440   90 | StatusBar$_22947#4630
                                                                                                         DEVICE | 0x70f5
2025-11-28 00:47:34.464  1198-2005  MdnieScena...rolService system_server                        D   packageName : com.yourname.smartrecorder    className : com.yourname.smartrecorder.MainActivity
2025-11-28 00:47:34.516  1198-1634  SemWifiTra...LayerUtils system_server                        W  getApplicationCategory - IOException com.yourname.smartrecorder
2025-11-28 00:47:34.516  1198-1634  System.err              system_server                        W  java.io.FileNotFoundException: https://play.google.com/store/apps/details?id=com.yourname.smartrecorder&hl=en
2025-11-28 00:47:34.564  4879-4879  Routine@Co...overHelper com.samsung.android.app.routines     I  setLastResumedPackageForCover mLastResumedPackage = com.yourname.smartrecorder
2025-11-28 00:47:34.564  4879-4879  Routine@Co...cleWatcher com.samsung.android.app.routines     I  notifyLifecycleChanged mCurResumedComponent=com.yourname.smartrecorder
2025-11-28 00:47:34.804  1198-1287  SGM:GameManager         system_server                        D  identifyForegroundApp. com.yourname.smartrecorder, mCurrentUserId: 0, callerUserId: 0
2025-11-28 00:47:34.804  1198-1287  SGM:PkgDataHelper       system_server                        D  getGamePkgData(). com.yourname.smartrecorder
2025-11-28 00:47:34.856  7711-7711  ViewRootIm...nActivity] com.yourname.smartrecorder           I  ViewPostIme pointer 0
2025-11-28 00:47:34.914  7711-7711  ViewRootIm...nActivity] com.yourname.smartrecorder           I  ViewPostIme pointer 1
2025-11-28 00:47:34.915  7711-7711  SmartRecorder/ViewModel com.yourname.smartrecorder           D  [OnboardingScreen] Page 3 (Notification) Next clicked -> hasPermission: false
2025-11-28 00:47:34.915  7711-7711  SmartRecorder/ViewModel com.yourname.smartrecorder           D  [OnboardingScreen] Requesting notification permission dialog
2025-11-28 00:47:34.917  1198-1850  ActivityTaskManager     system_server                        D  TaskLaunchParamsModifier:task=Task{1adb36b #22668 type=standard A=11005:com.yourname.smartrecorder U=0 visible=true visibleRequested=true mode=fullscreen translucent=false sz=1} activity=ActivityRecord{ff672e0 u0 com.google.android.permissioncontroller/com.android.permissioncontroller.permission.ui.GrantPermissionsActivity} t-1} display-area-from-source=DefaultTaskDisplayArea@72262064 display-id=0 display-windowing-mode=1 suggested-display-area=DefaultTaskDisplayArea@72262064 inherit-from-source=fullscreen activity-options-fullscreen=Rect(0, 0 - 0, 0) non-freeform-display display-area=DefaultTaskDisplayArea@72262064 maximized-bounds
2025-11-28 00:47:34.920  1198-1850  ActivityTaskManager     system_server                        D  scheduleTopResumedActivityChanged, onTop=false r=ActivityRecord{6fff5e5 u0 com.yourname.smartrecorder/.MainActivity} t22668} caller=com.android.server.wm.ActivityTaskSupervisor.updateTopResumedActivityIfNeeded:2510 com.android.server.wm.TaskFragment.setResumedActivity:493 com.android.server.wm.TaskFragment.onActivityStateChanged:790 com.android.server.wm.ActivityRecord.setState:6428 com.android.server.wm.TaskFragment.startPausing:1880 com.android.server.wm.TaskFragment.startPausing:1817 
2025-11-28 00:47:34.926  1198-1850  WindowManager           system_server                        D  rotationForOrientation, orientationSource=ActivityRecord{6fff5e5 u0 com.yourname.smartrecorder/.MainActivity} t22668}
2025-11-28 00:47:34.929  1198-1850  WindowManager           system_server                        V  Changing focus from Window{658edce u0 com.yourname.smartrecorder/com.yourname.smartrecorder.MainActivity} to null displayId=0 Callers=com.android.server.wm.RootWindowContainer.updateFocusedWindowLocked:595 com.android.server.wm.WindowManagerService.updateFocusedWindowLocked:6810 com.android.server.wm.ActivityTaskManagerService.setResumedActivityUncheckLocked:5766 com.android.server.wm.TaskFragment.onActivityStateChanged:807 
2025-11-28 00:47:34.929  1198-1850  MARsPolicyManager       system_server                        D  onPackageResumedFG pkgName = com.yourname.smartrecorder, userId = 0
2025-11-28 00:47:34.932  1198-1850  WindowManager           system_server                        D  updateSystemBarAttributes: displayId=0, win=Window{e574210 u0 com.google.android.youtube/com.google.android.youtube.app.honeycomb.Shell$HomeActivity}, navColorWin=Window{658edce u0 com.yourname.smartrecorder/com.yourname.smartrecorder.MainActivity}, focusedCanBeNavColorWin=false, behavior=2, appearance=16, statusBarAppearanceRegions=[AppearanceRegion{ bounds=[0,0][1440,3088]}], requestedVisibilities=ITYPE_STATUS_BAR: visible, ITYPE_NAVIGATION_BAR: visible, ITYPE_CLIMATE_BAR: visible, ITYPE_EXTRA_NAVIGATION_BAR: visible, ITYPE_LOCAL_NAVIGATION_BAR_1: visible, ITYPE_LOCAL_NAVIGATION_BAR_2: visible, from=com.android.server.wm.DisplayPolicy.focusChangedLw:3251 com.android.server.wm.DisplayContent.updateFocusedWindowLocked:4632 com.android.server.wm.RootWindowContainer.updateFocusedWindowLocked:595 
2025-11-28 00:47:34.935  1198-1287  SGM:FgCheckThread       system_server                        D  notePauseComponent(), received pkgName: com.yourname.smartrecorder, userId: 0
2025-11-28 00:47:34.935  4879-12410 Routine@Co...stenerImpl com.samsung.android.app.routines     I  onPauseComponent: componentName - ComponentInfo{com.yourname.smartrecorder/com.yourname.smartrecorder.MainActivity}
2025-11-28 00:47:34.943   858-858   SurfaceFlinger          surfaceflinger                       I  [658edce com.yourname.smartrecorder/com.yourname.smartrecorder.MainActivity#43518] FrameRatePriority: -1
2025-11-28 00:47:34.961  1198-4174  InputDispatcher         system_server                        D  Focus left window (0): 658edce com.yourname.smartrecorder/com.yourname.smartrecorder.MainActivity
2025-11-28 00:47:34.962  7711-7711  ViewRootIm...nActivity] com.yourname.smartrecorder           I  MSG_WINDOW_FOCUS_CHANGED 0 0
2025-11-28 00:47:34.979  1198-1895  WindowManager           system_server                        D  updateSystemBarAttributes: displayId=0, win=Window{2294e6e u0 com.google.android.permissioncontroller/com.android.permissioncontroller.permission.ui.GrantPermissionsActivity}, navColorWin=Window{658edce u0 com.yourname.smartrecorder/com.yourname.smartrecorder.MainActivity}, focusedCanBeNavColorWin=false, behavior=1, appearance=16, statusBarAppearanceRegions=[AppearanceRegion{ bounds=[0,0][1440,3088]}], requestedVisibilities=, from=com.android.server.wm.DisplayPolicy.focusChangedLw:3251 com.android.server.wm.DisplayContent.updateFocusedWindowLocked:4632 com.android.server.wm.RootWindowContainer.updateFocusedWindowLocked:595 
2025-11-28 00:47:35.031   858-858   SurfaceFlinger          surfaceflinger                       D  Display 4633128672291735937 HWC layers:
                                                                                                         DEVICE | 0x70f52dacd0 | 0102 | RGBA_8888    |    0.0    0.0 1440.0 3088.0 |    0    0 1440 3088 | com.yourname.smartrecorder/com.yourn[...]artrecorder.MainActivity$_7711#43519
                                                                                                         DEVICE | 0x70f52e2ad0 | 0100 | RGBA_8888    |    8.0    0.0 1448.0  177.0 |    0 2911 1440 3088 | com.google.android.permissioncontrol[...]GrantPermissionsActivity$_4309#43547
                                                                                                         CLIENT |              | 0000 |  Unknown  |    0.0    0.0    0.0    0.0 |  693  132 1402  546 | Task=22605#37284
                                                                                                         CLIENT |              | 0002 |  Unknown  |    0.0    0.0    0.0    0.0 |  711  150 1384  528 | Background for SurfaceView[com.googl[...]oneycomb.Shell$HomeActivity]@0#41541
                                                                                                         CLIENT | 0x70f52afe90 | 0102 | 0x0000105    |    0.0    0.0  854.0  480.0 |  711  150 1384  528 | SurfaceView[com.google.android.youtu[...]b.Shell$HomeActivity]@0(BLAST)#41540
                                                                                                         CLIENT | 0x70f52da190 | 0100 | RGBA_8888    |    0.0    0.0  673.0  378.0 |  711  150 1384  528 | com.google.android.youtube/com.googl[...]c
2025-11-28 00:47:35.032  7711-7711  InputTransport          com.yourname.smartrecorder           D  Input channel destroyed: 'ClientS', fd=132
2025-11-28 00:47:35.048   858-858   SurfaceFlinger          surfaceflinger                       D  Display 4633128672291735937 HWC layers:
                                                                                                         DEVICE | 0x70f52d2a50 | 0102 | RGBA_8888    |    0.0    0.0 1440.0 3088.0 |    0    0 1440 3088 | com.yourname.smartrecorder/com.yourn[...]artrecorder.MainActivity$_7711#43519
                                                                                                     SOLID_COLOR |              | 0000 |  Unknown  |    0.0    0.0    0.0    0.0 |    0    0 1440 3088 | Dim Layer for - Task=22668#43552
                                                                                                         DEVICE | 0x70f52ec4f0 | 0100 | RGBA_8888    |    8.0    0.0 1448.0  336.0 |    0 2752 1440 3088 | com.google.android.permissioncontrol[...]GrantPermissionsActivity$_4309#43547
                                                                                                         CLIENT |              | 0000 |  Unknown  |    0.0    0.0    0.0    0.0 |  693  132 1402  546 | Task=22605#37284
                                                                                                         CLIENT |              | 0002 |  Unknown  |    0.0    0.0    0.0    0.0 |  711  150 1384  528 | Background for SurfaceView[com.googl[...]oneycomb.Shell$HomeActivity]@0#41541
                                                                                                         CLIENT | 0x70f52afe90 | 0102 | 0x0000105    |    0.0    0.0  854.0  480.0 |  711  150 1384  528 | SurfaceView[com.google.android.youtu[...]b.Shell$HomeActivity]@0(BLAST)#41540
                                                                                                         CLIENT
2025-11-28 00:47:35.477  7711-7818  SmartRecor...Transcript com.yourname.smartrecorder           D  [SmartRecorderApplication] Model download progress: 40%%
2025-11-28 00:47:35.537  4879-4879  Routine@Co...overHelper com.samsung.android.app.routines     I  setLastResumedPackageForCover mLastResumedPackage = com.yourname.smartrecorder
2025-11-28 00:47:35.537  4879-4879  Routine@Co...cleWatcher com.samsung.android.app.routines     I  notifyLifecycleChanged mCurResumedComponent=com.yourname.smartrecorder
2025-11-28 00:47:35.538  1198-1287  SGM:GameManager         system_server                        D  identifyForegroundApp. com.yourname.smartrecorder, mCurrentUserId: 0, callerUserId: 0
2025-11-28 00:47:35.538  1198-1287  SGM:PkgDataHelper       system_server                        D  getGamePkgData(). com.yourname.smartrecorder
2025-11-28 00:47:35.712  4309-4309  GrantPermi...sViewModel com....android.permissioncontroller  I  Logged buttons presented and clicked permissionGroupName=android.permission-group.NOTIFICATIONS uid=11005 selectedPrecision=0 package=com.yourname.smartrecorder presentedButtons=9 clickedButton=1 isPermissionRationaleShown=false sessionId=-6282340319337067543 targetSdk=36
2025-11-28 00:47:35.717  4309-4309  GrantPermi...sViewModel com....android.permissioncontroller  I  Permission grant result requestId=-6282340319337067543 callingUid=11005 callingPackage=com.yourname.smartrecorder permission=android.permission.POST_NOTIFICATIONS isImplicit=false result=4 isPermissionRationaleShown=falseisPackageRestrictedByEnhancedConfirmation=false
2025-11-28 00:47:35.721  1198-1895  MARsPolicyManager       system_server                        D  onPackageResumedFG pkgName = com.yourname.smartrecorder, userId = 0
2025-11-28 00:47:35.722  1198-1895  ActivityTaskManager     system_server                        D  scheduleTopResumedActivityChanged, onTop=true r=ActivityRecord{6fff5e5 u0 com.yourname.smartrecorder/.MainActivity} t22668} caller=com.android.server.wm.ActivityTaskSupervisor.scheduleTopResumedActivityStateIfNeeded:2535 com.android.server.wm.ActivityTaskSupervisor.updateTopResumedActivityIfNeeded:2527 com.android.server.wm.TaskFragment.setResumedActivity:493 com.android.server.wm.TaskFragment.onActivityStateChanged:805 com.android.server.wm.ActivityRecord.setState:6428 com.android.server.wm.TaskFragment.resumeTopActivity:1629 
2025-11-28 00:47:35.722  1198-1895  InputDispatcher         system_server                        D  Focused application(0): ActivityRecord{6fff5e5 u0 com.yourname.smartrecorder/.MainActivity} t22668}
2025-11-28 00:47:35.723  1198-1895  WindowManager           system_server                        V  Changing focus from Window{2294e6e u0 com.google.android.permissioncontroller/com.android.permissioncontroller.permission.ui.GrantPermissionsActivity} to Window{658edce u0 com.yourname.smartrecorder/com.yourname.smartrecorder.MainActivity} displayId=0 Callers=com.android.server.wm.RootWindowContainer.updateFocusedWindowLocked:595 com.android.server.wm.WindowManagerService.updateFocusedWindowLocked:6810 com.android.server.wm.ActivityTaskManagerService.setResumedActivityUncheckLocked:5766 com.android.server.wm.TaskFragment.onActivityStateChanged:807 
2025-11-28 00:47:35.727  1198-1895  WindowManager           system_server                        D  updateSystemBarAttributes: displayId=0, win=Window{658edce u0 com.yourname.smartrecorder/com.yourname.smartrecorder.MainActivity}, navColorWin=Window{2294e6e u0 com.google.android.permissioncontroller/com.android.permissioncontroller.permission.ui.GrantPermissionsActivity}, focusedCanBeNavColorWin=false, behavior=1, appearance=0, statusBarAppearanceRegions=[AppearanceRegion{ bounds=[0,0][1440,3088]}], requestedVisibilities=, from=com.android.server.wm.DisplayPolicy.focusChangedLw:3251 com.android.server.wm.DisplayContent.updateFocusedWindowLocked:4632 com.android.server.wm.RootWindowContainer.updateFocusedWindowLocked:595 
2025-11-28 00:47:35.727  1198-1895  WindowManager           system_server                        D  rotationForOrientation, orientationSource=ActivityRecord{6fff5e5 u0 com.yourname.smartrecorder/.MainActivity} t22668}
2025-11-28 00:47:35.733  7711-7711  SmartRecorder/ViewModel com.yourname.smartrecorder           D  [OnboardingScreen] Notification permission result -> granted: true
2025-11-28 00:47:35.733  7711-7711  SmartRecorder/ViewModel com.yourname.smartrecorder           I  [MAIN] [ViewModel: OnboardingViewModel] enableNotifications -> State: Enabling notifications in SettingsStore (user preference)
2025-11-28 00:47:35.733  7711-7711  SmartRecorder/Database  com.yourname.smartrecorder           D  [BG] [DB: settings] SET -> notifications_enabled=true
2025-11-28 00:47:35.735  7711-7711  ViewRootIm...nActivity] com.yourname.smartrecorder           I  stopped(false) old = false
2025-11-28 00:47:35.735  7711-7711  DecorView               com.yourname.smartrecorder           I  notifyKeepScreenOnChanged: keepScreenOn=false
2025-11-28 00:47:35.738  1198-1895  ActivityTaskManager     system_server                        D  mStartingWindow and mStartingData is null for token=ActivityRecord{6fff5e5 u0 com.yourname.smartrecorder/.MainActivity} t22668}
2025-11-28 00:47:35.740 22947-22947 NavigationBar           com.android.systemui                 D  onSystemBarAttributesChanged() -  displayId:0, appearance:16, packageName: com.yourname.smartrecorder (APPEARANCE_LIGHT_NAVIGATION_BARS ), navbarColorManagedByIme:false
2025-11-28 00:47:35.740  1198-1895  WindowManager           system_server                        D  updateSystemBarAttributes: displayId=0, win=Window{658edce u0 com.yourname.smartrecorder/com.yourname.smartrecorder.MainActivity}, navColorWin=Window{658edce u0 com.yourname.smartrecorder/com.yourname.smartrecorder.MainActivity}, focusedCanBeNavColorWin=false, behavior=1, appearance=16, statusBarAppearanceRegions=[AppearanceRegion{ bounds=[0,0][1440,3088]}], requestedVisibilities=, from=com.android.server.wm.DisplayPolicy.finishPostLayoutPolicyLw:2531 com.android.server.wm.DisplayContent.applySurfaceChangesTransaction:5713 com.android.server.wm.RootWindowContainer.applySurfaceChangesTransaction:1234 
2025-11-28 00:47:35.740 22947-22947 SamsungLig...trolHelper com.android.systemui                 D  updateNavigation(Black button) isLightBar:false, hasLightBarNavigationBarFlag:true, packageName:com.yourname.smartrecorder, DirectReplying:false, NavBarColorManagerdByIme:false, ForceDarkForScrim:false, QsCustomizing:false, PanelHasWhiteBg:true
2025-11-28 00:47:35.744  7711-7711  MSHandlerLifeCycle      com.yourname.smartrecorder           I  removeMultiSplitHandler: no exist. decor=DecorView@ef6d448[MainActivity]
2025-11-28 00:47:35.744   858-858   SurfaceFlinger          surfaceflinger                       I  [658edce com.yourname.smartrecorder/com.yourname.smartrecorder.MainActivity#43518] FrameRatePriority: 1
2025-11-28 00:47:35.747   858-979   SurfaceFlinger          surfaceflinger                       D  [input] setFocusedWindow: 658edce com.yourname.smartrecorder/com.yourname.smartrecorder.MainActivity
2025-11-28 00:47:35.748  7711-7711  ViewRootIm...nActivity] com.yourname.smartrecorder           I  performTraversals params={(0,0)(fillxfill) sim={adjust=pan forwardNavigation} layoutInDisplayCutoutMode=always ty=BASE_APPLICATION wanim=0x1030309
                                                                                                      fl=81810100
                                                                                                      pfl=16020040
                                                                                                      vsysui=110
                                                                                                      apr=LIGHT_NAVIGATION_BARS
                                                                                                      bhv=DEFAULT
                                                                                                      fitSides= naviIconColor=0}
2025-11-28 00:47:35.749  7711-7711  ViewRootIm...nActivity] com.yourname.smartrecorder           I  performTraversals mFirst=false windowShouldResize=false viewVisibilityChanged=false mForceNextWindowRelayout=false params={(0,0)(fillxfill) sim={adjust=pan forwardNavigation} layoutInDisplayCutoutMode=always ty=BASE_APPLICATION wanim=0x1030309
                                                                                                      fl=81810100
                                                                                                      pfl=16020040
                                                                                                      vsysui=110
                                                                                                      apr=LIGHT_NAVIGATION_BARS
                                                                                                      bhv=DEFAULT
                                                                                                      fitSides= naviIconColor=0}
2025-11-28 00:47:35.749  1198-5906  WindowManager           system_server                        V  Relayout Window{658edce u0 com.yourname.smartrecorder/com.yourname.smartrecorder.MainActivity}: viewVisibility=0 req=1440x3088 d0
2025-11-28 00:47:35.749  1198-4344  InputDispatcher         system_server                        D  Focus entered window (0): 658edce com.yourname.smartrecorder/com.yourname.smartrecorder.MainActivity
2025-11-28 00:47:35.754  7711-7711  ViewRootIm...nActivity] com.yourname.smartrecorder           I  updateBlastSurfaceIfNeeded mBlastBufferQueue=0x71adc36910 isSameSurfaceControl=true
2025-11-28 00:47:35.754  7711-7711  BLASTBufferQueue        com.yourname.smartrecorder           I  update, w= 1440 h= 3088 mName = ViewRootImpl@eb901d5[MainActivity] mNativeObject= 0x71adc36910 sc.mNativeObject= 0x713dc6fee0 format= -1 caller= android.view.ViewRootImpl.updateBlastSurfaceIfNeeded:2898 android.view.ViewRootImpl.relayoutWindow:9847 android.view.ViewRootImpl.performTraversals:3884 android.view.ViewRootImpl.doTraversal:3116 android.view.ViewRootImpl$TraversalRunnable.run:10885 android.view.Choreographer$CallbackRecord.run:1301 
2025-11-28 00:47:35.754  7711-7711  ViewRootIm...nActivity] com.yourname.smartrecorder           I  Relayout returned: old=(0,0,1440,3088) new=(0,0,1440,3088) req=(1440,3088)0 dur=5 res=0x0 s={true 0x723dc5e210} ch=false seqId=0
2025-11-28 00:47:35.756  7711-7711  ViewRootIm...nActivity] com.yourname.smartrecorder           I  MSG_WINDOW_FOCUS_CHANGED 1 0
2025-11-28 00:47:35.756  7711-7711  ViewRootIm...nActivity] com.yourname.smartrecorder           I  mThreadedRenderer.initializeIfNeeded()#2 mSurface={isValid=true 0x723dc5e210}
2025-11-28 00:47:35.756  7711-7711  InputMethodManager      com.yourname.smartrecorder           D  startInputInner - Id : 0
2025-11-28 00:47:35.756  7711-7711  InputMethodManager      com.yourname.smartrecorder           I  startInputInner - mService.startInputOrWindowGainedFocus
2025-11-28 00:47:35.767  1198-1287  GameSDK@LifeCycle       system_server                        I  noteResumeComponent(): package name  : com.yourname.smartrecorder
2025-11-28 00:47:35.768  4533-4533  ActivityUtils           com...ndroid.app.cocktailbarservice  I  HomePackage : com.sec.android.app.launcher, resumePackageName : com.yourname.smartrecorder
2025-11-28 00:47:35.768  1198-1287  SGM:GameManager         system_server                        D  identifyGamePackage. com.yourname.smartrecorder, mCurrentUserId: 0, callerUserId: 0, callingMethodInfo: com.android.server.ssrm.SortingMachine.isGame(SortingMachine.java:162)
2025-11-28 00:47:35.768  1198-1287  SGM:PkgDataHelper       system_server                        D  getGamePkgData(). com.yourname.smartrecorder
2025-11-28 00:47:35.768  1198-1287  SGM:FgCheckThread       system_server                        D  noteResumeComponent(), received pkgName: com.yourname.smartrecorder, userId: 0
2025-11-28 00:47:35.768  4879-12410 Routine@Co...stenerImpl com.samsung.android.app.routines     I  onResumeComponent: componentName - ComponentInfo{com.yourname.smartrecorder/com.yourname.smartrecorder.MainActivity}
2025-11-28 00:47:35.768  1198-1539  SGM:FgCheckThread       system_server                        D  onLooperPrepared(), msg: MSG_APP_RESUME, pkgName: com.yourname.smartrecorder, userid: 0
2025-11-28 00:47:35.769  1198-1287  SGM:GameManager         system_server                        D  identifyGamePackage. com.yourname.smartrecorder, mCurrentUserId: 0, callerUserId: 0, callingMethodInfo: com.samsung.android.game.SemGameManager.isGamePackage(SemGameManager.java:104)
2025-11-28 00:47:35.769  1198-1287  SGM:PkgDataHelper       system_server                        D  getGamePkgData(). com.yourname.smartrecorder
2025-11-28 00:47:35.769  1198-1287  SGM:SemGameManager      system_server                        D  isGamePackage(), pkgName=com.yourname.smartrecorder, ret=false
2025-11-28 00:47:35.847  1198-1707  Pageboost               system_server                        I  db update :com.yourname.smartrecorder ret 1
2025-11-28 00:47:35.849   858-858   SurfaceFlinger          surfaceflinger                       D  Display 4633128672291735937 HWC layers:
                                                                                                         DEVICE | 0x70f52dacd0 | 0102 | RGBA_8888    |    0.0    0.0 1440.0 3088.0 |    0    0 1440 3088 | com.yourname.smartrecorder/com.yourn[...]artrecorder.MainActivity$_7711#43519
                                                                                                     SOLID_COLOR |              | 0000 |  Unknown  |    0.0    0.0    0.0    0.0 |    0    0 1440 3088 | Dim Layer for - Task=22668#43552
                                                                                                         CLIENT |              | 0000 |  Unknown  |    0.0    0.0    0.0    0.0 |  693  132 1402  546 | Task=22605#37284
                                                                                                         CLIENT |              | 0002 |  Unknown  |    0.0    0.0    0.0    0.0 |  711  150 1384  528 | Background for SurfaceView[com.googl[...]oneycomb.Shell$HomeActivity]@0#41541
                                                                                                         CLIENT | 0x70f52afe90 | 0102 | 0x0000105    |    0.0    0.0  854.0  480.0 |  711  150 1384  528 | SurfaceView[com.google.android.youtu[...]b.Shell$HomeActivity]@0(BLAST)#41540
                                                                                                         CLIENT | 0x70f52da190 | 0100 | RGBA_8888    |    0.0    0.0  673.0  378.0 |  711  150 1384  528 | com.google.android.youtube/com.googl[...]comb.Shell$HomeActivity$_29596#41535
                                                                                                         DEVICE
2025-11-28 00:47:35.864   858-858   SurfaceFlinger          surfaceflinger                       D  Display 4633128672291735937 HWC layers:
                                                                                                         DEVICE | 0x70f52d2a50 | 0102 | RGBA_8888    |    0.0    0.0 1440.0 3088.0 |    0    0 1440 3088 | com.yourname.smartrecorder/com.yourn[...]artrecorder.MainActivity$_7711#43519
                                                                                                         CLIENT |              | 0000 |  Unknown  |    0.0    0.0    0.0    0.0 |  693  132 1402  546 | Task=22605#37284
                                                                                                         CLIENT |              | 0002 |  Unknown  |    0.0    0.0    0.0    0.0 |  711  150 1384  528 | Background for SurfaceView[com.googl[...]oneycomb.Shell$HomeActivity]@0#41541
                                                                                                         CLIENT | 0x70f52afe90 | 0102 | 0x0000105    |    0.0    0.0  854.0  480.0 |  711  150 1384  528 | SurfaceView[com.google.android.youtu[...]b.Shell$HomeActivity]@0(BLAST)#41540
                                                                                                         CLIENT | 0x70f52da190 | 0100 | RGBA_8888    |    0.0    0.0  673.0  378.0 |  711  150 1384  528 | com.google.android.youtube/com.googl[...]comb.Shell$HomeActivity$_29596#41535
                                                                                                         DEVICE | 0x70f52ea8d0 | 0100 | RGBA_8888    |    0.0    0.0 1440.0   90.0 |    0    0 1440   90 | StatusBar$_22947#4630
                                                                                                         DEVICE | 0x70f5
2025-11-28 00:47:35.900  1198-1707  Pageboost               system_server                        I  memUsage collected : 163270 23525 10004 for com.yourname.smartrecorder 7711
2025-11-28 00:47:35.901  1198-2005  MdnieScena...rolService system_server                        D   packageName : com.yourname.smartrecorder    className : com.yourname.smartrecorder.MainActivity
2025-11-28 00:47:36.032  1198-1634  SemWifiTra...LayerUtils system_server                        W  getApplicationCategory - IOException com.yourname.smartrecorder
2025-11-28 00:47:36.032  1198-1634  System.err              system_server                        W  java.io.FileNotFoundException: https://play.google.com/store/apps/details?id=com.yourname.smartrecorder&hl=en
2025-11-28 00:47:36.144  4879-4879  Routine@Co...overHelper com.samsung.android.app.routines     I  setLastResumedPackageForCover mLastResumedPackage = com.yourname.smartrecorder
2025-11-28 00:47:36.144  4879-4879  Routine@Co...cleWatcher com.samsung.android.app.routines     I  notifyLifecycleChanged mCurResumedComponent=com.yourname.smartrecorder
2025-11-28 00:47:36.259  1198-1287  SGM:GameManager         system_server                        D  identifyForegroundApp. com.yourname.smartrecorder, mCurrentUserId: 0, callerUserId: 0
2025-11-28 00:47:36.260  1198-1287  SGM:PkgDataHelper       system_server                        D  getGamePkgData(). com.yourname.smartrecorder
2025-11-28 00:47:36.283  7711-7711  ViewRootIm...nActivity] com.yourname.smartrecorder           I  ViewPostIme pointer 0
2025-11-28 00:47:36.342  7711-7711  ViewRootIm...nActivity] com.yourname.smartrecorder           I  ViewPostIme pointer 1
2025-11-28 00:47:36.343  7711-7711  SmartRecorder/ViewModel com.yourname.smartrecorder           I  [MAIN] [ViewModel: OnboardingViewModel] completeOnboarding -> State: Saving onboarding completed state
2025-11-28 00:47:36.343  7711-7711  SmartRecorder/Database  com.yourname.smartrecorder           D  [BG] [DB: settings] SET -> onboarding_completed=true
2025-11-28 00:47:36.450  7711-7711  SmartRecorder/Database  com.yourname.smartrecorder           D  Initializing Room database -> name: smart_recorder_db
2025-11-28 00:47:36.453  7711-7711  SmartRecorder/Database  com.yourname.smartrecorder           D  [BG] [DB: SmartRecorderDatabase] DATABASE_INIT -> duration=3ms
2025-11-28 00:47:36.453  7711-7711  SmartRecorder/Database  com.yourname.smartrecorder           I  [Performance] Database initialization took 3ms
2025-11-28 00:47:36.457  7711-7711  SmartRecor...Transcript com.yourname.smartrecorder           I  [MAIN] [ViewModel: RecordViewModel] checkModelReady -> State: Starting model check (silent)
2025-11-28 00:47:36.459  7711-7711  SmartRecorder/Recording com.yourname.smartrecorder           D  Registered service action receiver
2025-11-28 00:47:36.471  7711-7711  nativeloader            com.yourname.smartrecorder           D  Load /data/app/~~OGgE_1hp8cnjCT2PpxC9Dw==/com.yourname.smartrecorder-RkMusG-mXiJkKUGItNZT9w==/base.apk!/lib/arm64-v8a/libwhisper.so using class loader ns clns-4 (caller=/data/app/~~OGgE_1hp8cnjCT2PpxC9Dw==/com.yourname.smartrecorder-RkMusG-mXiJkKUGItNZT9w==/base.apk!classes5.dex): ok
2025-11-28 00:47:36.471  7711-7711  WhisperEngine           com.yourname.smartrecorder           D  Native library loaded
2025-11-28 00:47:36.583  7711-7711  SmartRecor...Transcript com.yourname.smartrecorder           D  [RecordViewModel] Model not ready, waiting for background download...
2025-11-28 00:47:36.727  7711-8295  ProfileInstaller        com.yourname.smartrecorder           D  Installing profile for com.yourname.smartrecorder
2025-11-28 00:47:36.894  1198-7983  SGM:GameManager         system_server                        D  identifyGamePackage. com.yourname.smartrecorder, mCurrentUserId: 0, callerUserId: 0, callingMethodInfo: com.android.server.ssrm.SortingMachine.isGame(SortingMachine.java:162)
2025-11-28 00:47:36.894  1198-7983  SGM:PkgDataHelper       system_server                        D  getGamePkgData(). com.yourname.smartrecorder
2025-11-28 00:47:36.971  4879-4879  Routine@Co...overHelper com.samsung.android.app.routines     I  setLastResumedPackageForCover mLastResumedPackage = com.yourname.smartrecorder
2025-11-28 00:47:36.971  4879-4879  Routine@Co...cleWatcher com.samsung.android.app.routines     I  notifyLifecycleChanged mCurResumedComponent=com.yourname.smartrecorder
2025-11-28 00:47:37.176  7711-7818  SmartRecor...Transcript com.yourname.smartrecorder           D  [SmartRecorderApplication] Model download progress: 60%%
2025-11-28 00:47:38.589  7711-7711  SmartRecor...Transcript com.yourname.smartrecorder           D  [RecordViewModel] Model still not ready after waiting, downloading as fallback...
2025-11-28 00:47:38.590  7711-7817  SmartRecor...Transcript com.yourname.smartrecorder           D  Another process is downloading model, waiting...
2025-11-28 00:47:38.810  7711-7818  SmartRecor...Transcript com.yourname.smartrecorder           D  [SmartRecorderApplication] Model download progress: 80%%
2025-11-28 00:47:40.325  1198-7983  SGM:GameManager         system_server                        D  identifyGamePackage. com.yourname.smartrecorder, mCurrentUserId: 0, callerUserId: 0, callingMethodInfo: com.android.server.ssrm.SortingMachine.isGame(SortingMachine.java:162)
2025-11-28 00:47:40.325  1198-7983  SGM:PkgDataHelper       system_server                        D  getGamePkgData(). com.yourname.smartrecorder
2025-11-28 00:47:40.602  7711-7818  SmartRecor...Transcript com.yourname.smartrecorder           D  [SmartRecorderApplication] Model download progress: 100%%
2025-11-28 00:47:40.602  7711-7818  SmartRecor...Transcript com.yourname.smartrecorder           D  Model verified successfully -> size: 74MB, path: /data/user/0/com.yourname.smartrecorder/cache/ggml-tiny.en.bin.tmp
2025-11-28 00:47:40.603  7711-7818  SmartRecor...Transcript com.yourname.smartrecorder           D  Copying model to final location: /data/user/0/com.yourname.smartrecorder/files/whisper-models/ggml-tiny.en.bin
2025-11-28 00:47:40.620  7711-7711  ViewRootIm...nActivity] com.yourname.smartrecorder           I  ViewPostIme pointer 0
2025-11-28 00:47:40.662  7711-7711  ViewRootIm...nActivity] com.yourname.smartrecorder           I  ViewPostIme pointer 1
2025-11-28 00:47:40.662  7711-7711  SmartRecorder/ViewModel com.yourname.smartrecorder           D  [SmartRecorderApp] User clicked import audio button
2025-11-28 00:47:40.663  7711-7711  SmartRecorder/ViewModel com.yourname.smartrecorder           D  [SmartRecorderApp] Requesting storage permission
2025-11-28 00:47:40.666  1198-4174  ActivityTaskManager     system_server                        D  TaskLaunchParamsModifier:task=Task{1adb36b #22668 type=standard A=11005:com.yourname.smartrecorder U=0 visible=true visibleRequested=true mode=fullscreen translucent=false sz=1} activity=ActivityRecord{9d074b1 u0 com.google.android.permissioncontroller/com.android.permissioncontroller.permission.ui.GrantPermissionsActivity} t-1} display-area-from-source=DefaultTaskDisplayArea@72262064 display-id=0 display-windowing-mode=1 suggested-display-area=DefaultTaskDisplayArea@72262064 inherit-from-source=fullscreen activity-options-fullscreen=Rect(0, 0 - 0, 0) non-freeform-display display-area=DefaultTaskDisplayArea@72262064 maximized-bounds
2025-11-28 00:47:40.671  1198-4174  ActivityTaskManager     system_server                        D  scheduleTopResumedActivityChanged, onTop=false r=ActivityRecord{6fff5e5 u0 com.yourname.smartrecorder/.MainActivity} t22668} caller=com.android.server.wm.ActivityTaskSupervisor.updateTopResumedActivityIfNeeded:2510 com.android.server.wm.TaskFragment.setResumedActivity:493 com.android.server.wm.TaskFragment.onActivityStateChanged:790 com.android.server.wm.ActivityRecord.setState:6428 com.android.server.wm.TaskFragment.startPausing:1880 com.android.server.wm.TaskFragment.startPausing:1817 
2025-11-28 00:47:40.685  1198-4174  WindowManager           system_server                        D  rotationForOrientation, orientationSource=ActivityRecord{6fff5e5 u0 com.yourname.smartrecorder/.MainActivity} t22668}
2025-11-28 00:47:40.690  1198-4174  WindowManager           system_server                        V  Changing focus from Window{658edce u0 com.yourname.smartrecorder/com.yourname.smartrecorder.MainActivity} to null displayId=0 Callers=com.android.server.wm.RootWindowContainer.updateFocusedWindowLocked:595 com.android.server.wm.WindowManagerService.updateFocusedWindowLocked:6810 com.android.server.wm.ActivityTaskManagerService.setResumedActivityUncheckLocked:5766 com.android.server.wm.TaskFragment.onActivityStateChanged:807 
2025-11-28 00:47:40.690  1198-4174  MARsPolicyManager       system_server                        D  onPackageResumedFG pkgName = com.yourname.smartrecorder, userId = 0
2025-11-28 00:47:40.693  1198-4174  WindowManager           system_server                        D  updateSystemBarAttributes: displayId=0, win=Window{e574210 u0 com.google.android.youtube/com.google.android.youtube.app.honeycomb.Shell$HomeActivity}, navColorWin=Window{658edce u0 com.yourname.smartrecorder/com.yourname.smartrecorder.MainActivity}, focusedCanBeNavColorWin=false, behavior=2, appearance=16, statusBarAppearanceRegions=[AppearanceRegion{ bounds=[0,0][1440,3088]}], requestedVisibilities=ITYPE_STATUS_BAR: visible, ITYPE_NAVIGATION_BAR: visible, ITYPE_CLIMATE_BAR: visible, ITYPE_EXTRA_NAVIGATION_BAR: visible, ITYPE_LOCAL_NAVIGATION_BAR_1: visible, ITYPE_LOCAL_NAVIGATION_BAR_2: visible, from=com.android.server.wm.DisplayPolicy.focusChangedLw:3251 com.android.server.wm.DisplayContent.updateFocusedWindowLocked:4632 com.android.server.wm.RootWindowContainer.updateFocusedWindowLocked:595 
2025-11-28 00:47:40.697  1198-1287  SGM:FgCheckThread       system_server                        D  notePauseComponent(), received pkgName: com.yourname.smartrecorder, userId: 0
2025-11-28 00:47:40.697  4879-20379 Routine@Co...stenerImpl com.samsung.android.app.routines     I  onPauseComponent: componentName - ComponentInfo{com.yourname.smartrecorder/com.yourname.smartrecorder.MainActivity}
2025-11-28 00:47:40.699   858-858   SurfaceFlinger          surfaceflinger                       I  [658edce com.yourname.smartrecorder/com.yourname.smartrecorder.MainActivity#43518] FrameRatePriority: -1
2025-11-28 00:47:40.720  1198-4479  InputDispatcher         system_server                        D  Focus left window (0): 658edce com.yourname.smartrecorder/com.yourname.smartrecorder.MainActivity
2025-11-28 00:47:40.726  7711-7711  ViewRootIm...nActivity] com.yourname.smartrecorder           I  MSG_WINDOW_FOCUS_CHANGED 0 0
2025-11-28 00:47:40.753  1198-4344  WindowManager           system_server                        D  updateSystemBarAttributes: displayId=0, win=Window{4ac158a u0 com.google.android.permissioncontroller/com.android.permissioncontroller.permission.ui.GrantPermissionsActivity}, navColorWin=Window{658edce u0 com.yourname.smartrecorder/com.yourname.smartrecorder.MainActivity}, focusedCanBeNavColorWin=false, behavior=1, appearance=16, statusBarAppearanceRegions=[AppearanceRegion{ bounds=[0,0][1440,3088]}], requestedVisibilities=, from=com.android.server.wm.DisplayPolicy.focusChangedLw:3251 com.android.server.wm.DisplayContent.updateFocusedWindowLocked:4632 com.android.server.wm.RootWindowContainer.updateFocusedWindowLocked:595 
2025-11-28 00:47:40.825  7711-7711  InputTransport          com.yourname.smartrecorder           D  Input channel destroyed: 'ClientS', fd=130
2025-11-28 00:47:40.827  7711-7818  SmartRecor...Transcript com.yourname.smartrecorder           D  Model copied and verified successfully -> final path: /data/user/0/com.yourname.smartrecorder/files/whisper-models/ggml-tiny.en.bin, size: 74MB
2025-11-28 00:47:40.850  7711-7729  e.smartrecorder         com.yourname.smartrecorder           I  Background concurrent copying GC freed 18MB AllocSpace bytes, 3(124KB) LOS objects, 49% free, 6196KB/12MB, paused 78us,2.114ms total 127.238ms
2025-11-28 00:47:40.855   858-858   SurfaceFlinger          surfaceflinger                       D  Display 4633128672291735937 HWC layers:
                                                                                                         DEVICE | 0x70f52d2a50 | 0102 | RGBA_8888    |    0.0    0.0 1440.0 3088.0 |    0    0 1440 3088 | com.yourname.smartrecorder/com.yourn[...]artrecorder.MainActivity$_7711#43519
                                                                                                     SOLID_COLOR |              | 0000 |  Unknown  |    0.0    0.0    0.0    0.0 |    0    0 1440 3088 | Dim Layer for - Task=22668#43571
                                                                                                         DEVICE | 0x70f52f3450 | 0100 | RGBA_8888    |    8.0    0.0 1448.0  367.0 |    0 2721 1440 3088 | com.google.android.permissioncontrol[...]GrantPermissionsActivity$_4309#43566
                                                                                                         CLIENT |              | 0000 |  Unknown  |    0.0    0.0    0.0    0.0 |  693  132 1402  546 | Task=22605#37284
                                                                                                         CLIENT |              | 0002 |  Unknown  |    0.0    0.0    0.0    0.0 |  711  150 1384  528 | Background for SurfaceView[com.googl[...]oneycomb.Shell$HomeActivity]@0#41541
                                                                                                         CLIENT | 0x70f52afe90 | 0102 | 0x0000105    |    0.0    0.0  854.0  480.0 |  711  150 1384  528 | SurfaceView[com.google.android.youtu[...]b.Shell$HomeActivity]@0(BLAST)#41540
                                                                                                         CLIENT
2025-11-28 00:47:40.858  7711-7818  SmartRecor...Transcript com.yourname.smartrecorder           D  Model downloaded and saved successfully
2025-11-28 00:47:40.858  7711-7818  SmartRecor...Transcript com.yourname.smartrecorder           D  Whisper model downloaded and saved to internal storage: /data/user/0/com.yourname.smartrecorder/files/whisper-models/ggml-tiny.en.bin
2025-11-28 00:47:41.324  1198-1287  SGM:GameManager         system_server                        D  identifyForegroundApp. com.yourname.smartrecorder, mCurrentUserId: 0, callerUserId: 0
2025-11-28 00:47:41.324  1198-1287  SGM:PkgDataHelper       system_server                        D  getGamePkgData(). com.yourname.smartrecorder
2025-11-28 00:47:41.567  4309-4309  GrantPermi...sViewModel com....android.permissioncontroller  I  Logged buttons presented and clicked permissionGroupName=android.permission-group.READ_MEDIA_AURAL uid=11005 selectedPrecision=0 package=com.yourname.smartrecorder presentedButtons=9 clickedButton=1 isPermissionRationaleShown=false sessionId=-3626620276280010300 targetSdk=36
2025-11-28 00:47:41.571  9078-23266 MediaProvider           com...ndroid.providers.media.module  D  Couldn't get uid for package: com.yourname.smartrecorder
2025-11-28 00:47:41.572  9078-23266 MediaProvider           com...ndroid.providers.media.module  D  Couldn't get uid for package: com.yourname.smartrecorder
2025-11-28 00:47:41.572  4309-4309  GrantPermi...sViewModel com....android.permissioncontroller  I  Permission grant result requestId=-3626620276280010300 callingUid=11005 callingPackage=com.yourname.smartrecorder permission=android.permission.READ_MEDIA_AUDIO isImplicit=false result=4 isPermissionRationaleShown=falseisPackageRestrictedByEnhancedConfirmation=false
2025-11-28 00:47:41.576  1198-5906  MARsPolicyManager       system_server                        D  onPackageResumedFG pkgName = com.yourname.smartrecorder, userId = 0
2025-11-28 00:47:41.576  1198-5906  ActivityTaskManager     system_server                        D  scheduleTopResumedActivityChanged, onTop=true r=ActivityRecord{6fff5e5 u0 com.yourname.smartrecorder/.MainActivity} t22668} caller=com.android.server.wm.ActivityTaskSupervisor.scheduleTopResumedActivityStateIfNeeded:2535 com.android.server.wm.ActivityTaskSupervisor.updateTopResumedActivityIfNeeded:2527 com.android.server.wm.TaskFragment.setResumedActivity:493 com.android.server.wm.TaskFragment.onActivityStateChanged:805 com.android.server.wm.ActivityRecord.setState:6428 com.android.server.wm.TaskFragment.resumeTopActivity:1629 
2025-11-28 00:47:41.576  1198-5906  InputDispatcher         system_server                        D  Focused application(0): ActivityRecord{6fff5e5 u0 com.yourname.smartrecorder/.MainActivity} t22668}
2025-11-28 00:47:41.577  1198-5906  WindowManager           system_server                        V  Changing focus from Window{4ac158a u0 com.google.android.permissioncontroller/com.android.permissioncontroller.permission.ui.GrantPermissionsActivity} to Window{658edce u0 com.yourname.smartrecorder/com.yourname.smartrecorder.MainActivity} displayId=0 Callers=com.android.server.wm.RootWindowContainer.updateFocusedWindowLocked:595 com.android.server.wm.WindowManagerService.updateFocusedWindowLocked:6810 com.android.server.wm.ActivityTaskManagerService.setResumedActivityUncheckLocked:5766 com.android.server.wm.TaskFragment.onActivityStateChanged:807 
2025-11-28 00:47:41.579  1198-5906  WindowManager           system_server                        D  updateSystemBarAttributes: displayId=0, win=Window{658edce u0 com.yourname.smartrecorder/com.yourname.smartrecorder.MainActivity}, navColorWin=Window{4ac158a u0 com.google.android.permissioncontroller/com.android.permissioncontroller.permission.ui.GrantPermissionsActivity}, focusedCanBeNavColorWin=false, behavior=1, appearance=0, statusBarAppearanceRegions=[AppearanceRegion{ bounds=[0,0][1440,3088]}], requestedVisibilities=, from=com.android.server.wm.DisplayPolicy.focusChangedLw:3251 com.android.server.wm.DisplayContent.updateFocusedWindowLocked:4632 com.android.server.wm.RootWindowContainer.updateFocusedWindowLocked:595 
2025-11-28 00:47:41.579  1198-5906  WindowManager           system_server                        D  rotationForOrientation, orientationSource=ActivityRecord{6fff5e5 u0 com.yourname.smartrecorder/.MainActivity} t22668}
2025-11-28 00:47:41.581  7711-7711  SmartRecorder/ViewModel com.yourname.smartrecorder           D  [SmartRecorderApp] Storage permission result -> granted: true
2025-11-28 00:47:41.583   858-858   SurfaceFlinger          surfaceflinger                       I  [658edce com.yourname.smartrecorder/com.yourname.smartrecorder.MainActivity#43518] FrameRatePriority: 1
2025-11-28 00:47:41.584  1198-5906  ActivityTaskManager     system_server                        D  mStartingWindow and mStartingData is null for token=ActivityRecord{6fff5e5 u0 com.yourname.smartrecorder/.MainActivity} t22668}
2025-11-28 00:47:41.585  1198-5906  WindowManager           system_server                        D  updateSystemBarAttributes: displayId=0, win=Window{658edce u0 com.yourname.smartrecorder/com.yourname.smartrecorder.MainActivity}, navColorWin=Window{658edce u0 com.yourname.smartrecorder/com.yourname.smartrecorder.MainActivity}, focusedCanBeNavColorWin=false, behavior=1, appearance=16, statusBarAppearanceRegions=[AppearanceRegion{ bounds=[0,0][1440,3088]}], requestedVisibilities=, from=com.android.server.wm.DisplayPolicy.finishPostLayoutPolicyLw:2531 com.android.server.wm.DisplayContent.applySurfaceChangesTransaction:5713 com.android.server.wm.RootWindowContainer.applySurfaceChangesTransaction:1234 
2025-11-28 00:47:41.585 22947-22947 NavigationBar           com.android.systemui                 D  onSystemBarAttributesChanged() -  displayId:0, appearance:16, packageName: com.yourname.smartrecorder (APPEARANCE_LIGHT_NAVIGATION_BARS ), navbarColorManagedByIme:false
2025-11-28 00:47:41.585 22947-22947 SamsungLig...trolHelper com.android.systemui                 D  updateNavigation(Black button) isLightBar:false, hasLightBarNavigationBarFlag:true, packageName:com.yourname.smartrecorder, DirectReplying:false, NavBarColorManagerdByIme:false, ForceDarkForScrim:false, QsCustomizing:false, PanelHasWhiteBg:true
2025-11-28 00:47:41.589  1198-1895  AppsFilter              system_server                        I  interaction: PackageSetting{f5f14ba com.yourname.smartrecorder/11005} -> PackageSetting{24b6ea9 com.google.android.documentsui/10063} BLOCKED
