2025-11-26 15:22:39.501  1198-3876  ActivityManager         system_server                        I  Force stopping com.yourname.smartrecorder appid=10909 user=0: from pid 22195
2025-11-26 15:22:39.507  1198-3876  ActivityManager         system_server                        I  Force stopping com.yourname.smartrecorder appid=10909 user=95: from pid 22195
2025-11-26 15:22:39.512  1198-3876  ActivityManager         system_server                        W  Invalid packageName: com.yourname.smartrecorder
2025-11-26 15:22:39.517  1706-1706  CarrierSvcBindHelper    com.android.phone                    D  onHandleForceStop: [com.yourname.smartrecorder]
2025-11-26 15:22:39.524  1706-1706  CarrierSvcBindHelper    com.android.phone                    D  onHandleForceStop: [com.yourname.smartrecorder]
2025-11-26 15:22:40.837  1198-1375  PackageManager          system_server                        I  START INSTALL PACKAGE: observer{135508521}
                                                                                                              stagedDir{/data/app/vmdl1203364948.tmp}
                                                                                                              stagedCid{null}
                                                                                                              pkg{com.yourname.smartrecorder}
                                                                                                              Request from{null}
2025-11-26 15:22:40.867  1198-1294  ActivityManager         system_server                        I  Force stopping com.yourname.smartrecorder appid=10909 user=-1: installPackageLI
2025-11-26 15:22:40.872  1198-1376  PackageManager          system_server                        I  Update package com.yourname.smartrecorder code path from /data/app/~~P-znPXta17lm1Gaz-ChROg==/com.yourname.smartrecorder-AaNziLZ8YAaPlKjPC6uUyQ== to /data/app/~~8DnFdD7GBIg1ja8wFCxvww==/com.yourname.smartrecorder-OdpV3d9xiZjR5AOD1zhODQ==; Retain data and using new
2025-11-26 15:22:40.876  1198-1376  AppsFilter              system_server                        I  interaction: PackageSetting{3e17d04 com.marketsnap.app/10910} -> PackageSetting{43e7d61 com.yourname.smartrecorder/10909} BLOCKED
2025-11-26 15:22:40.876  1198-1376  AppsFilter              system_server                        I  interaction: PackageSetting{f5f8125 com.app.numerology/10906} -> PackageSetting{43e7d61 com.yourname.smartrecorder/10909} BLOCKED
2025-11-26 15:22:40.876  1198-1376  AppsFilter              system_server                        I  interaction: PackageSetting{3e17d04 com.marketsnap.app/10910} -> PackageSetting{43e7d61 com.yourname.smartrecorder/10909} BLOCKED
2025-11-26 15:22:40.876  1198-1376  AppsFilter              system_server                        I  interaction: PackageSetting{f5f8125 com.app.numerology/10906} -> PackageSetting{43e7d61 com.yourname.smartrecorder/10909} BLOCKED
2025-11-26 15:22:40.876  1198-1376  AppsFilter              system_server                        I  interaction: PackageSetting{3e17d04 com.marketsnap.app/10910} -> PackageSetting{43e7d61 com.yourname.smartrecorder/10909} BLOCKED
2025-11-26 15:22:40.876  1198-1376  AppsFilter              system_server                        I  interaction: PackageSetting{f5f8125 com.app.numerology/10906} -> PackageSetting{43e7d61 com.yourname.smartrecorder/10909} BLOCKED
2025-11-26 15:22:40.876  1198-1376  AppsFilter              system_server                        I  interaction: PackageSetting{3e17d04 com.marketsnap.app/10910} -> PackageSetting{a9a1262 com.yourname.smartrecorder/10909} BLOCKED
2025-11-26 15:22:40.876  1198-1376  AppsFilter              system_server                        I  interaction: PackageSetting{f5f8125 com.app.numerology/10906} -> PackageSetting{a9a1262 com.yourname.smartrecorder/10909} BLOCKED
2025-11-26 15:22:40.877  1198-1376  AppsFilter              system_server                        I  interaction: PackageSetting{3e17d04 com.marketsnap.app/10910} -> PackageSetting{a9a1262 com.yourname.smartrecorder/10909} BLOCKED
2025-11-26 15:22:40.877  1198-1376  AppsFilter              system_server                        I  interaction: PackageSetting{f5f8125 com.app.numerology/10906} -> PackageSetting{a9a1262 com.yourname.smartrecorder/10909} BLOCKED
2025-11-26 15:22:40.877  1198-1376  AppsFilter              system_server                        I  interaction: PackageSetting{3e17d04 com.marketsnap.app/10910} -> PackageSetting{a9a1262 com.yourname.smartrecorder/10909} BLOCKED
2025-11-26 15:22:40.877  1198-1376  AppsFilter              system_server                        I  interaction: PackageSetting{f5f8125 com.app.numerology/10906} -> PackageSetting{a9a1262 com.yourname.smartrecorder/10909} BLOCKED
2025-11-26 15:22:40.905  1198-1376  ApplicationPolicy       system_server                        D  getApplicationStateEnabled : pkg = com.yourname.smartrecorder userId : 0
2025-11-26 15:22:41.464  1198-1376  AppsFilter              system_server                        I  interaction: PackageSetting{3e17d04 com.marketsnap.app/10910} -> PackageSetting{a9a1262 com.yourname.smartrecorder/10909} BLOCKED
2025-11-26 15:22:41.464  1198-1376  AppsFilter              system_server                        I  interaction: PackageSetting{f5f8125 com.app.numerology/10906} -> PackageSetting{a9a1262 com.yourname.smartrecorder/10909} BLOCKED
2025-11-26 15:22:41.464  1198-1376  AppsFilter              system_server                        I  interaction: PackageSetting{3e17d04 com.marketsnap.app/10910} -> PackageSetting{a9a1262 com.yourname.smartrecorder/10909} BLOCKED
2025-11-26 15:22:41.464  1198-1376  AppsFilter              system_server                        I  interaction: PackageSetting{f5f8125 com.app.numerology/10906} -> PackageSetting{a9a1262 com.yourname.smartrecorder/10909} BLOCKED
2025-11-26 15:22:41.473  1198-1376  ActivityManager         system_server                        I  Force stopping com.yourname.smartrecorder appid=10909 user=95: pkg removed
2025-11-26 15:22:41.480  1198-1293  SGM:GameManager         system_server                        I  PkgUpdateReceiver, onPackageRemoved : com.yourname.smartrecorder userHandle : UserHandle{95} userID : 95
2025-11-26 15:22:41.480  1198-1540  SGM:GosNotifyThread     system_server                        D  notifyPackageChangedToGos(), before send intent to GOS. type:15, changeType: 1, pkgName:com.yourname.smartrecorder, userHandleId:95
2025-11-26 15:22:41.480  1198-1293  MetaDataCollector       system_server                        D  onReceive: done pkgName=com.yourname.smartrecorder
2025-11-26 15:22:41.481  1198-1446  OverlayManager          system_server                        D  reconcileSettingsForPackage pkgName=com.yourname.smartrecorder userId=95
2025-11-26 15:22:41.481  1198-1446  OverlayManager          system_server                        I  updateOverlaysForTarget() called with: targetPackage = [com.yourname.smartrecorder], userId = [95], flags = [2], skipUpdateState = [false]
2025-11-26 15:22:41.483  1198-1376  ActivityManager         system_server                        I  Force stopping com.yourname.smartrecorder appid=10909 user=0: pkg removed
2025-11-26 15:22:41.484 21536-21536 SCS@AiSearch user 0     com.samsung.android.scs              I  (PackageBroadcastReceiver) packageName: com.yourname.smartrecorder
2025-11-26 15:22:41.484 21536-21536 SCS@AiSearch user 0     com.samsung.android.scs              I  (PackageBroadcastReceiver) Packages changed: [com.yourname.smartrecorder]
2025-11-26 15:22:41.502  1198-1446  OverlayManager          system_server                        D  reconcileSettingsForPackage pkgName=com.yourname.smartrecorder userId=0
2025-11-26 15:22:41.502  1198-1446  OverlayManager          system_server                        I  updateOverlaysForTarget() called with: targetPackage = [com.yourname.smartrecorder], userId = [0], flags = [2], skipUpdateState = [false]
2025-11-26 15:22:41.504  4089-4089  MediaProvider           com...ndroid.providers.media.module  W  WorkProfileOwnerApps cache miss for package com.yourname.smartrecorder
2025-11-26 15:22:41.517 14719-14719 SpayFw_Pac...teReceiver com.samsung.android.spayfw           I  PackageName : com.yourname.smartrecorder
2025-11-26 15:22:41.521 22947-22947 FaceWidget...cViewModel com.android.systemui                 D  onPackageRemoved() pkg = com.yourname.smartrecorder, r = true
2025-11-26 15:22:41.521 22947-22947 FaceWidget...dataParser com.android.systemui                 D  removePackage() key = com.yourname.smartrecorder
2025-11-26 15:22:41.526  2712-2779  PackageInfoManager_FLP  com.sec.location.nsflp2              I  action : ACTION_PACKAGE_REMOVED, packageName = com.yourname.smartrecorder
2025-11-26 15:22:41.534 21536-21536 SCS@AiSearch user 0     com.samsung.android.scs              I  (PackageBroadcastReceiver) packageName: com.yourname.smartrecorder
2025-11-26 15:22:41.539 21536-21536 SCS@AiSearch user 0     com.samsung.android.scs              I  (PackageBroadcastReceiver) Packages changed: [com.yourname.smartrecorder]
2025-11-26 15:22:41.548  1706-1706  VvmPkgInstalledRcvr     com.android.phone                    I  packageName: com.yourname.smartrecorder, systemDialer: com.samsung.android.dialer
2025-11-26 15:22:41.552  1706-1706  VvmPkgInstalledRcvr     com.android.phone                    I   NOT contains : com.yourname.smartrecorder
2025-11-26 15:22:41.565  1706-1706  VvmPkgInstalledRcvr     com.android.phone                    I   NOT contains : com.yourname.smartrecorder
2025-11-26 15:22:41.570  1198-1293  SGM:GameManager         system_server                        I  PkgUpdateReceiver, onPackageRemoved : com.yourname.smartrecorder userHandle : UserHandle{0} userID : 0
2025-11-26 15:22:41.576  1198-1540  SGM:GosNotifyThread     system_server                        D  notifyPackageChangedToGos(), before send intent to GOS. type:15, changeType: 1, pkgName:com.yourname.smartrecorder, userHandleId:0
2025-11-26 15:22:41.576  1198-1293  MetaDataCollector       system_server                        D  onReceive: done pkgName=com.yourname.smartrecorder
2025-11-26 15:22:41.577  1198-1198  DomainFilter            system_server                        I  packageRemoved() - packageName: com.yourname.smartrecorder uid: 95
2025-11-26 15:22:41.581  4879-4879  Routine@Co...gedHandler com.samsung.android.app.routines     I  Should not remove data true com.yourname.smartrecorder
2025-11-26 15:22:41.586  1198-1293  LauncherAppsService     system_server                        D  Calling onPackageRemoved: com.yourname.smartrecorder, EXTRA_REPLACING: true
2025-11-26 15:22:41.586  1198-1293  LauncherAppsService     system_server                        D  Calling onPackageRemoved: com.yourname.smartrecorder, EXTRA_REPLACING: true
2025-11-26 15:22:41.605  1198-1446  OverlayManager          system_server                        D  reconcileSettingsForPackage pkgName=com.yourname.smartrecorder userId=0
2025-11-26 15:22:41.605  1198-1446  OverlayManager          system_server                        I  updateOverlaysForTarget() called with: targetPackage = [com.yourname.smartrecorder], userId = [0], flags = [0], skipUpdateState = [false]
2025-11-26 15:22:41.605  1198-1446  SWT_ThemeManager        system_server                        I  com.yourname.smartrecorder doesn't have metadata
2025-11-26 15:22:41.610  1198-1647  SdkSandboxManager       system_server                        I  No SDKs used. Skipping SDK data reconcilation for CallingInfo{mUid=10909, mPackageName='com.yourname.smartrecorder, mAppProcessToken='null'}
2025-11-26 15:22:41.615 29350-29350 Finsky                  com.android.vending                  I  [2] AIM: AppInfoCacheUpdater -> invalidating apps: [com.yourname.smartrecorder]
2025-11-26 15:22:41.626  2712-2779  PackageInfoManager_FLP  com.sec.location.nsflp2              I  action : ACTION_PACKAGE_ADDED, packageName = com.yourname.smartrecorder
2025-11-26 15:22:41.629 29350-29397 Finsky                  com.android.vending                  I  [7692] AIM: AppInfoManager-Perf > OnDeviceAppInfo > cacheHitCount=0, cacheMissCount=1. Missed  in cache (limit 10) : [com.yourname.smartrecorder]
2025-11-26 15:22:41.630 22947-23121 PluginInstanceManager   com.android.systemui                 D  queryPkg com.yourname.smartrecorder com.android.systemui.action.PLUGIN_QS_FACTORY
2025-11-26 15:22:41.630 22947-23121 PluginInstanceManager   com.android.systemui                 D  queryPkg com.yourname.smartrecorder com.android.systemui.action.PEOPLE_HUB_PERSON_EXTRACTOR
2025-11-26 15:22:41.630 22947-23121 PluginInstanceManager   com.android.systemui                 D  queryPkg com.yourname.smartrecorder com.android.systemui.action.PLUGIN_GLOBAL_ACTIONS
2025-11-26 15:22:41.630 22947-23121 PluginInstanceManager   com.android.systemui                 D  queryPkg com.yourname.smartrecorder com.android.systemui.action.PLUGIN_NOTIFICATION_MENU_ROW
2025-11-26 15:22:41.630 22947-23121 PluginInstanceManager   com.android.systemui                 D  queryPkg com.yourname.smartrecorder com.android.systemui.action.PLUGIN_QS
2025-11-26 15:22:41.631 22947-23121 PluginInstanceManager   com.android.systemui                 D  queryPkg com.yourname.smartrecorder com.android.systemui.action.PLUGIN_CLOCK
2025-11-26 15:22:41.631 22947-23121 PluginInstanceManager   com.android.systemui                 D  queryPkg com.yourname.smartrecorder com.android.systemui.action.PLUGIN_NOTIFICATION_MENU_ROW
2025-11-26 15:22:41.631 22947-23121 PluginInstanceManager   com.android.systemui                 D  queryPkg com.yourname.smartrecorder com.android.systemui.action.PLUGIN_LOCKSCREEN_RIGHT_BUTTON
2025-11-26 15:22:41.631 22947-23121 PluginInstanceManager   com.android.systemui                 D  queryPkg com.yourname.smartrecorder com.android.systemui.action.PLUGIN_LOCKSCREEN_RIGHT_BUTTON
2025-11-26 15:22:41.631 22947-23121 PluginInstanceManager   com.android.systemui                 D  queryPkg com.yourname.smartrecorder com.android.systemui.action.PLUGIN_LOCKSCREEN_LEFT_BUTTON
2025-11-26 15:22:41.631  4158-4158  [AirCmd]_R...ionManager com...ng.android.service.aircommand  I  onPackageChangeDetected : com.yourname.smartrecorder
2025-11-26 15:22:41.631 22947-23121 PluginInstanceManager   com.android.systemui                 D  queryPkg com.yourname.smartrecorder com.android.systemui.action.PLUGIN_LOCKSCREEN_LEFT_BUTTON
2025-11-26 15:22:41.631 22947-23121 PluginInstanceManager   com.android.systemui                 D  queryPkg com.yourname.smartrecorder com.android.systemui.action.PLUGIN_NOTIFICATION_ASSISTANT
2025-11-26 15:22:41.631 22947-23121 PluginInstanceManager   com.android.systemui                 D  queryPkg com.yourname.smartrecorder com.android.systemui.action.PLUGIN_OVERLAY
2025-11-26 15:22:41.631 22947-23121 PluginInstanceManager   com.android.systemui                 D  queryPkg com.yourname.smartrecorder com.android.systemui.action.PLUGIN_CLOCK
2025-11-26 15:22:41.631 22947-23121 PluginInstanceManager   com.android.systemui                 D  queryPkg com.yourname.smartrecorder com.samsung.systemui.action.PLUGIN_FACE_WIDGET
2025-11-26 15:22:41.631 22947-23121 PluginInstanceManager   com.android.systemui                 D  queryPkg com.yourname.smartrecorder com.android.systemui.action.PLUGIN_SENSOR_MANAGER
2025-11-26 15:22:41.631 22947-23121 PluginInstanceManager   com.android.systemui                 D  queryPkg com.yourname.smartrecorder com.android.systemui.action.PLUGIN_NOTIFICATION_MENU_ROW
2025-11-26 15:22:41.631 22947-23121 PluginInstanceManager   com.android.systemui                 D  queryPkg com.yourname.smartrecorder com.android.systemui.action.PLUGIN_TOAST
2025-11-26 15:22:41.631 22947-23121 PluginInstanceManager   com.android.systemui                 D  queryPkg com.yourname.smartrecorder com.android.systemui.action.PLUGIN_VOLUME
2025-11-26 15:22:41.634 21536-21536 SCS@AiSearch user 0     com.samsung.android.scs              I  (PackageBroadcastReceiver) packageName: com.yourname.smartrecorder
2025-11-26 15:22:41.634 21536-21536 SCS@AiSearch user 0     com.samsung.android.scs              I  (PackageBroadcastReceiver) Packages changed: [com.yourname.smartrecorder]
2025-11-26 15:22:41.645 22947-22947 FaceWidget...dataParser com.android.systemui                 D  updatePackage() com.yourname.smartrecorder true
2025-11-26 15:22:41.648  1198-1198  SdpManagerImpl.receiver system_server                        D  On android.intent.action.PACKAGE_REMOVED : DATA = package:com.yourname.smartrecorder, UID = 10909, UserId = 0, Is replacing? true
2025-11-26 15:22:41.648  1198-1198  DomainFilter            system_server                        I  packageRemoved() - packageName: com.yourname.smartrecorder uid: 0
2025-11-26 15:22:41.650 22947-22947 FaceWidget...dataParser com.android.systemui                 D  removePackage() key = com.yourname.smartrecorder
2025-11-26 15:22:41.668  1706-1706  CarrierSvcBindHelper    com.android.phone                    D  onPackageUpdateFinished: com.yourname.smartrecorder
2025-11-26 15:22:41.668  1706-1706  CarrierSvcBindHelper    com.android.phone                    D  onPackageModified: com.yourname.smartrecorder
2025-11-26 15:22:41.677  1706-1706  VvmPkgInstalledRcvr     com.android.phone                    I  packageName: com.yourname.smartrecorder, systemDialer: com.samsung.android.dialer
2025-11-26 15:22:41.710  1198-1198  Telecom                 system_server                        I  CarModeTracker: Package com.yourname.smartrecorder is not tracked.: SSH.oR@NYs
2025-11-26 15:22:41.711  1198-1707  Pageboost               system_server                        I  remove app @ runtime : com.yourname.smartrecorder
2025-11-26 15:22:41.712  1198-1446  OverlayManager          system_server                        D  reconcileSettingsForPackage pkgName=com.yourname.smartrecorder userId=95
2025-11-26 15:22:41.712  1198-1446  OverlayManager          system_server                        I  updateOverlaysForTarget() called with: targetPackage = [com.yourname.smartrecorder], userId = [95], flags = [0], skipUpdateState = [false]
2025-11-26 15:22:41.712  1198-1446  SWT_ThemeManager        system_server                        I  com.yourname.smartrecorder doesn't have metadata
2025-11-26 15:22:41.722 21536-21536 SCS@AiSearch user 0     com.samsung.android.scs              I  (PackageBroadcastReceiver) packageName: com.yourname.smartrecorder
2025-11-26 15:22:41.722 21536-21536 SCS@AiSearch user 0     com.samsung.android.scs              I  (PackageBroadcastReceiver) Packages changed: [com.yourname.smartrecorder]
2025-11-26 15:22:41.723  1198-1647  SdkSandboxManager       system_server                        I  No SDKs used. Skipping SDK data reconcilation for CallingInfo{mUid=9510909, mPackageName='com.yourname.smartrecorder, mAppProcessToken='null'}
2025-11-26 15:22:41.724  1198-1647  SdkSandboxManager       system_server                        I  No SDKs used. Skipping SDK data reconcilation for CallingInfo{mUid=10909, mPackageName='com.yourname.smartrecorder, mAppProcessToken='null'}
2025-11-26 15:22:41.745  1706-1706  VvmPkgInstalledRcvr     com.android.phone                    I   NOT contains : com.yourname.smartrecorder
2025-11-26 15:22:41.748  4879-4879  Routine@Co...LoaderImpl com.samsung.android.app.routines     I  collectInBackground - packageName:com.yourname.smartrecorder
2025-11-26 15:22:41.748  4879-4879  Routine@Co...yncBacklog com.samsung.android.app.routines     I  add: null + com.yourname.smartrecorder
2025-11-26 15:22:41.751 22947-23121 PluginInstanceManager   com.android.systemui                 D  queryPkg com.yourname.smartrecorder com.android.systemui.action.PLUGIN_QS_FACTORY
2025-11-26 15:22:41.751 22947-23121 PluginInstanceManager   com.android.systemui                 D  queryPkg com.yourname.smartrecorder com.android.systemui.action.PEOPLE_HUB_PERSON_EXTRACTOR
2025-11-26 15:22:41.751 22947-23121 PluginInstanceManager   com.android.systemui                 D  queryPkg com.yourname.smartrecorder com.android.systemui.action.PLUGIN_GLOBAL_ACTIONS
2025-11-26 15:22:41.751 22947-23121 PluginInstanceManager   com.android.systemui                 D  queryPkg com.yourname.smartrecorder com.android.systemui.action.PLUGIN_NOTIFICATION_MENU_ROW
2025-11-26 15:22:41.751 22947-23121 PluginInstanceManager   com.android.systemui                 D  queryPkg com.yourname.smartrecorder com.android.systemui.action.PLUGIN_QS
2025-11-26 15:22:41.751 22947-23121 PluginInstanceManager   com.android.systemui                 D  queryPkg com.yourname.smartrecorder com.android.systemui.action.PLUGIN_CLOCK
2025-11-26 15:22:41.751 22947-23121 PluginInstanceManager   com.android.systemui                 D  queryPkg com.yourname.smartrecorder com.android.systemui.action.PLUGIN_NOTIFICATION_MENU_ROW
2025-11-26 15:22:41.751 22947-23121 PluginInstanceManager   com.android.systemui                 D  queryPkg com.yourname.smartrecorder com.android.systemui.action.PLUGIN_LOCKSCREEN_RIGHT_BUTTON
2025-11-26 15:22:41.751 22947-23121 PluginInstanceManager   com.android.systemui                 D  queryPkg com.yourname.smartrecorder com.android.systemui.action.PLUGIN_LOCKSCREEN_RIGHT_BUTTON
2025-11-26 15:22:41.751 22947-23121 PluginInstanceManager   com.android.systemui                 D  queryPkg com.yourname.smartrecorder com.android.systemui.action.PLUGIN_LOCKSCREEN_LEFT_BUTTON
2025-11-26 15:22:41.751 22947-23121 PluginInstanceManager   com.android.systemui                 D  queryPkg com.yourname.smartrecorder com.android.systemui.action.PLUGIN_LOCKSCREEN_LEFT_BUTTON
2025-11-26 15:22:41.751 22947-23121 PluginInstanceManager   com.android.systemui                 D  queryPkg com.yourname.smartrecorder com.android.systemui.action.PLUGIN_NOTIFICATION_ASSISTANT
2025-11-26 15:22:41.751 22947-23121 PluginInstanceManager   com.android.systemui                 D  queryPkg com.yourname.smartrecorder com.android.systemui.action.PLUGIN_OVERLAY
2025-11-26 15:22:41.751 22947-23121 PluginInstanceManager   com.android.systemui                 D  queryPkg com.yourname.smartrecorder com.android.systemui.action.PLUGIN_CLOCK
2025-11-26 15:22:41.751 22947-23121 PluginInstanceManager   com.android.systemui                 D  queryPkg com.yourname.smartrecorder com.samsung.systemui.action.PLUGIN_FACE_WIDGET
2025-11-26 15:22:41.751 22947-23121 PluginInstanceManager   com.android.systemui                 D  queryPkg com.yourname.smartrecorder com.android.systemui.action.PLUGIN_SENSOR_MANAGER
2025-11-26 15:22:41.751 22947-23121 PluginInstanceManager   com.android.systemui                 D  queryPkg com.yourname.smartrecorder com.android.systemui.action.PLUGIN_NOTIFICATION_MENU_ROW
2025-11-26 15:22:41.751 22947-23121 PluginInstanceManager   com.android.systemui                 D  queryPkg com.yourname.smartrecorder com.android.systemui.action.PLUGIN_TOAST
2025-11-26 15:22:41.751 22947-23121 PluginInstanceManager   com.android.systemui                 D  queryPkg com.yourname.smartrecorder com.android.systemui.action.PLUGIN_VOLUME
2025-11-26 15:22:41.755  1198-1198  SGM:GameManager         system_server                        D  identifyGamePackage. com.yourname.smartrecorder, mCurrentUserId: 0, callerUserId: 0, callingMethodInfo: com.samsung.android.game.SemGameManager.isGamePackage(SemGameManager.java:104)
2025-11-26 15:22:41.755  1198-1198  SGM:PkgDataHelper       system_server                        D  getGamePkgData(). com.yourname.smartrecorder
2025-11-26 15:22:41.755  1198-1198  SGM:SemGameManager      system_server                        D  isGamePackage(), pkgName=com.yourname.smartrecorder, ret=false
2025-11-26 15:22:41.755  1198-1198  AppWidgetServiceImpl    system_server                        I  Received broadcast: android.intent.action.PACKAGE_ADDED, Updates all providers with com.yourname.smartrecorder, userId: 0
2025-11-26 15:22:41.756  1198-1198  DomainFilter            system_server                        I  packageAdded() - packageName: com.yourname.smartrecorder, uid: 0
2025-11-26 15:22:41.757  1198-1198  DualDARComnService      system_server                        D  reConnectAgentsByPkgName:: package: com.yourname.smartrecorder
2025-11-26 15:22:41.761  1706-1706  VvmPkgInstalledRcvr     com.android.phone                    I   NOT contains : com.yourname.smartrecorder
2025-11-26 15:22:41.761  1706-1706  ImsResolver             com.android.phone                    D  maybeAddedImsService, packageName: com.yourname.smartrecorder
2025-11-26 15:22:41.765  1706-1706  CarrierSvcBindHelper    com.android.phone                    D  onPackageUpdateFinished: com.yourname.smartrecorder
2025-11-26 15:22:41.766  1706-1706  CarrierSvcBindHelper    com.android.phone                    D  onPackageModified: com.yourname.smartrecorder
2025-11-26 15:22:41.766  1706-1706  ImsResolver             com.android.phone                    D  maybeAddedImsService, packageName: com.yourname.smartrecorder
2025-11-26 15:22:41.785  1198-1634  SGM:GameManager         system_server                        D  identifyGamePackage. com.yourname.smartrecorder, mCurrentUserId: 0, callerUserId: 0, callingMethodInfo: com.samsung.android.game.SemGameManager.isGamePackage(SemGameManager.java:104)
2025-11-26 15:22:41.785  1198-1634  SGM:PkgDataHelper       system_server                        D  getGamePkgData(). com.yourname.smartrecorder
2025-11-26 15:22:41.785  1198-1634  SGM:SemGameManager      system_server                        D  isGamePackage(), pkgName=com.yourname.smartrecorder, ret=false
2025-11-26 15:22:41.792 29350-29350 Finsky                  com.android.vending                  I  [2] AIM: AppInfoCacheUpdater -> invalidating apps: [com.yourname.smartrecorder]
2025-11-26 15:22:41.795 29350-29383 Finsky                  com.android.vending                  I  [7680] AIM: AppInfoManager-Perf > OnDeviceAppInfo > cacheHitCount=0, cacheMissCount=1. Missed  in cache (limit 10) : [com.yourname.smartrecorder]
2025-11-26 15:22:41.803  1198-1198  Telecom:Sa...stReceiver system_server                        I  action : android.intent.action.PACKAGE_ADDED / packageName : com.yourname.smartrecorder
2025-11-26 15:22:41.818 26823-22276 SQLiteLog               com.google.android.gms               W  (28) double-quoted string literal: "com.yourname.smartrecorder"
2025-11-26 15:22:41.826  1198-1707  SGM:GameManager         system_server                        D  identifyGamePackage. com.yourname.smartrecorder, mCurrentUserId: 0, callerUserId: 0, callingMethodInfo: com.samsung.android.game.SemGameManager.isGamePackage(SemGameManager.java:104)
2025-11-26 15:22:41.826  1198-1707  SGM:PkgDataHelper       system_server                        D  getGamePkgData(). com.yourname.smartrecorder
2025-11-26 15:22:41.826  1198-1707  SGM:SemGameManager      system_server                        D  isGamePackage(), pkgName=com.yourname.smartrecorder, ret=false
2025-11-26 15:22:41.826  1198-1707  Pageboost               system_server                        I  appinfo : com.yourname.smartrecorder 0 0 0 0
2025-11-26 15:22:41.829  1198-1707  SGM:GameManager         system_server                        D  identifyGamePackage. com.yourname.smartrecorder, mCurrentUserId: 0, callerUserId: 0, callingMethodInfo: com.samsung.android.game.SemGameManager.isGamePackage(SemGameManager.java:104)
2025-11-26 15:22:41.829  1198-1707  SGM:PkgDataHelper       system_server                        D  getGamePkgData(). com.yourname.smartrecorder
2025-11-26 15:22:41.829  1198-1707  SGM:SemGameManager      system_server                        D  isGamePackage(), pkgName=com.yourname.smartrecorder, ret=false
2025-11-26 15:22:41.829  1198-1707  Pageboost               system_server                        I  Reset this app info : com.yourname.smartrecorder 
2025-11-26 15:22:41.839  1198-1707  Pageboost               system_server                        I  add app to global @ runtime: com.yourname.smartrecorder
2025-11-26 15:22:41.852 26784-22286 ProximityAuth           com.google.android.gms.persistent    I  [RecentAppsMediator] Package added: (user=UserHandle{0}) com.yourname.smartrecorder
2025-11-26 15:22:41.861  1198-1647  SdkSandboxManager       system_server                        I  No SDKs used. Skipping SDK data reconcilation for CallingInfo{mUid=9510909, mPackageName='com.yourname.smartrecorder, mAppProcessToken='null'}
2025-11-26 15:22:41.871  1198-1198  SGM:GameManager         system_server                        D  identifyGamePackage. com.yourname.smartrecorder, mCurrentUserId: 0, callerUserId: 0, callingMethodInfo: com.samsung.android.game.SemGameManager.isGamePackage(SemGameManager.java:104)
2025-11-26 15:22:41.871  1198-1198  SGM:PkgDataHelper       system_server                        D  getGamePkgData(). com.yourname.smartrecorder
2025-11-26 15:22:41.871  1198-1198  SGM:SemGameManager      system_server                        D  isGamePackage(), pkgName=com.yourname.smartrecorder, ret=false
2025-11-26 15:22:41.871  1198-1198  AppWidgetServiceImpl    system_server                        I  Received broadcast: android.intent.action.PACKAGE_ADDED, Updates all providers with com.yourname.smartrecorder, userId: 95
2025-11-26 15:22:41.872  1198-1198  DomainFilter            system_server                        I  packageAdded() - packageName: com.yourname.smartrecorder, uid: 95
2025-11-26 15:22:41.872  1198-1198  DualDARComnService      system_server                        D  reConnectAgentsByPkgName:: package: com.yourname.smartrecorder
2025-11-26 15:22:41.882  1198-1198  Telecom:Sa...stReceiver system_server                        I  action : android.intent.action.PACKAGE_ADDED / packageName : com.yourname.smartrecorder
2025-11-26 15:22:41.893  1198-1198  DomainFilter            system_server                        I  packageReplaced() - packageName: com.yourname.smartrecorder oldUid: 10909 newUid:10909
2025-11-26 15:22:41.897  1198-1198  AlarmManager            system_server                        W  Package com.yourname.smartrecorder, uid 10909 lost permission to set exact alarms!
2025-11-26 15:22:41.902  1198-1198  ApplicationPolicy       system_server                        D  No updatable permission to DENY found for com.yourname.smartrecorder(0)
2025-11-26 15:22:41.903  1198-1198  ApplicationPolicy       system_server                        D  No updatable permission to GRANT found for com.yourname.smartrecorder(0)
2025-11-26 15:22:41.909  1198-1198  DomainFilter            system_server                        I  packageReplaced() - packageName: com.yourname.smartrecorder oldUid: 9510909 newUid:9510909
2025-11-26 15:22:41.910  1198-1363  VerityUtils             system_server                        E  Failed to measure fs-verity, errno 25: /data/app/~~8DnFdD7GBIg1ja8wFCxvww==/com.yourname.smartrecorder-OdpV3d9xiZjR5AOD1zhODQ==/base.apk
2025-11-26 15:22:41.914  1198-1198  AlarmManager            system_server                        W  Package com.yourname.smartrecorder, uid 9510909 lost permission to set exact alarms!
2025-11-26 15:22:41.935  4879-4879  Routine@Co...LoaderImpl com.samsung.android.app.routines     I  collectInBackground - packageName:com.yourname.smartrecorder
2025-11-26 15:22:41.936  4879-4879  Routine@Co...yncBacklog com.samsung.android.app.routines     I  add: com.yourname.smartrecorder + com.yourname.smartrecorder
2025-11-26 15:22:41.951  1198-1363  VerityUtils             system_server                        E  Failed to measure fs-verity, errno 25: /data/app/~~8DnFdD7GBIg1ja8wFCxvww==/com.yourname.smartrecorder-OdpV3d9xiZjR5AOD1zhODQ==/base.apk
2025-11-26 15:22:41.951  4879-4879  Routine@Co...JobService com.samsung.android.app.routines     I  onStartJob: collectPackageInBG - com.yourname.smartrecorder
2025-11-26 15:22:41.953  4879-4879  Routine@Co...JobService com.samsung.android.app.routines     I  packageName : com.yourname.smartrecorder, forced : true
2025-11-26 15:22:41.957  4879-4879  Routine@Co...JobService com.samsung.android.app.routines     I  onStartJob: collectPackageInBG - com.yourname.smartrecorder
2025-11-26 15:22:41.957 17044-22320 SQLiteLog               com.google.android.gms               W  (28) double-quoted string literal: "com.yourname.smartrecorder"
2025-11-26 15:22:41.958  4879-18272 Routine@Co...oadManager com.samsung.android.app.routines     I  collect: com.yourname.smartrecorder
2025-11-26 15:22:41.958  4879-18272 Routine@Co...oadManager com.samsung.android.app.routines     I  collectWithCollectors - com.yourname.smartrecorder
2025-11-26 15:22:41.959  4879-4879  Routine@Co...JobService com.samsung.android.app.routines     I  packageName : com.yourname.smartrecorder, forced : true
2025-11-26 15:22:41.962  4879-4879  Routine@Co...JobService com.samsung.android.app.routines     I  onStopJob: collectPackageInBG - com.yourname.smartrecorder
2025-11-26 15:22:41.969 25538-22280 ProximityAuth           com.google.android.gms.persistent    I  [RecentAppsMediator] Package added: (user=UserHandle{95}) com.yourname.smartrecorder
2025-11-26 15:22:42.019  4879-4879  Routine@Co...JobService com.samsung.android.app.routines     I  metadataLoadingFinished: collectPackageInBG - com.yourname.smartrecorder
2025-11-26 15:22:42.114  1198-4342  ActivityManager         system_server                        I  Force stopping com.yourname.smartrecorder appid=10909 user=0: from pid 22382
2025-11-26 15:22:42.146  1198-4342  ActivityManager         system_server                        I  Force stopping com.yourname.smartrecorder appid=10909 user=95: from pid 22382
2025-11-26 15:22:42.147  1198-1634  SemWifiTra...LayerUtils system_server                        W  getApplicationCategory - IOException com.yourname.smartrecorder
2025-11-26 15:22:42.148  1198-1634  System.err              system_server                        W  java.io.FileNotFoundException: https://play.google.com/store/apps/details?id=com.yourname.smartrecorder&hl=en
2025-11-26 15:22:42.150  1198-4342  ActivityManager         system_server                        W  Invalid packageName: com.yourname.smartrecorder
2025-11-26 15:22:42.173  1706-1706  CarrierSvcBindHelper    com.android.phone                    D  onHandleForceStop: [com.yourname.smartrecorder]
2025-11-26 15:22:42.197  1198-1634  SGM:GameManager         system_server                        D  identifyGamePackage. com.yourname.smartrecorder, mCurrentUserId: 0, callerUserId: 0, callingMethodInfo: com.samsung.android.game.SemGameManager.isGamePackage(SemGameManager.java:104)
2025-11-26 15:22:42.197  1198-1634  SGM:PkgDataHelper       system_server                        D  getGamePkgData(). com.yourname.smartrecorder
2025-11-26 15:22:42.197  1198-1634  SGM:SemGameManager      system_server                        D  isGamePackage(), pkgName=com.yourname.smartrecorder, ret=false
2025-11-26 15:22:42.230  1706-1706  CarrierSvcBindHelper    com.android.phone                    D  onHandleForceStop: [com.yourname.smartrecorder]
2025-11-26 15:22:42.249  1198-1363  VerityUtils             system_server                        E  Failed to measure fs-verity, errno 25: /data/app/~~8DnFdD7GBIg1ja8wFCxvww==/com.yourname.smartrecorder-OdpV3d9xiZjR5AOD1zhODQ==/base.apk
2025-11-26 15:22:42.364  1198-3312  Pageboost               system_server                        I  onAppLaunch : com.yourname.smartrecorder
2025-11-26 15:22:42.364  1198-1287  ChimeraSys...ntListener system_server                        I  appLaunchIntent package name is: com.yourname.smartrecorder
2025-11-26 15:22:42.364  1198-3312  ActivityTaskManager     system_server                        I  START u0 {act=android.intent.action.MAIN cat=[android.intent.category.LAUNCHER] flg=0x10000000 cmp=com.yourname.smartrecorder/.MainActivity} from uid 2000
2025-11-26 15:22:42.364  1198-1707  Pageboost               system_server                        I  Record App IO : com.yourname.smartrecorder pid 0
2025-11-26 15:22:42.373  1198-3312  ActivityTaskManager     system_server                        D  TaskLaunchParamsModifier:task=null activity=ActivityRecord{1cb5453 u0 com.yourname.smartrecorder/.MainActivity} display-id=0 display-windowing-mode=1 suggested-display-area=DefaultTaskDisplayArea@72262064
2025-11-26 15:22:42.373  1198-3312  [secipm]                system_server                        D  mSecIpmManager Preload com.yourname.smartrecorder dex files
2025-11-26 15:22:42.373  1198-3312  ActivityTaskManager     system_server                        D  TaskLaunchParamsModifier:task=null activity=ActivityRecord{1cb5453 u0 com.yourname.smartrecorder/.MainActivity} t-1} display-id=0 display-windowing-mode=1 suggested-display-area=DefaultTaskDisplayArea@72262064 non-freeform-display display-area=DefaultTaskDisplayArea@72262064 maximized-bounds
2025-11-26 15:22:42.377 22232-22402 GOS:GameServiceReceiver com.samsung.android.game.gos         I   PkgInstallStarted for com.yourname.smartrecorder UserID : 0
2025-11-26 15:22:42.377  1198-3312  ActivityTaskManager     system_server                        D  TaskLaunchParamsModifier:task=Task{6b8d423 #22361 type=standard A=10909:com.yourname.smartrecorder U=0 visible=false visibleRequested=false mode=fullscreen translucent=true sz=0} activity=ActivityRecord{1cb5453 u0 com.yourname.smartrecorder/.MainActivity} t-1} display-from-task=0 display-id=0 display-windowing-mode=1 suggested-display-area=DefaultTaskDisplayArea@72262064 non-freeform-display display-area=DefaultTaskDisplayArea@72262064 maximized-bounds
2025-11-26 15:22:42.379   858-886   SurfaceFlinger          surfaceflinger                       I  id=14219 createSurf flag=80004, ActivityRecord{1cb5453 u0 com.yourname.smartrecorder/.MainActivity} t22361}#14219
2025-11-26 15:22:42.380  1198-1363  VerityUtils             system_server                        E  Failed to measure fs-verity, errno 25: /data/app/~~8DnFdD7GBIg1ja8wFCxvww==/com.yourname.smartrecorder-OdpV3d9xiZjR5AOD1zhODQ==/base.apk
2025-11-26 15:22:42.386  1198-3312  WindowManager           system_server                        V  Added starting ActivityRecord{1cb5453 u0 com.yourname.smartrecorder/.MainActivity} t22361}: startingWindow=null startingView=com.android.server.wm.StartingSurfaceController$StartingSurface@f35498a
2025-11-26 15:22:42.430   858-886   SurfaceFlinger          surfaceflinger                       I  id=14220 createSurf flag=80004, f8379ab Splash Screen com.yourname.smartrecorder#14220
2025-11-26 15:22:42.431  1198-1747  WindowManager           system_server                        V  addWindow: ActivityRecord{1cb5453 u0 com.yourname.smartrecorder/.MainActivity} t22361} startingWindow=Window{f8379ab u0 Splash Screen com.yourname.smartrecorder}
2025-11-26 15:22:42.433 22947-22995 InsetsController        com.android.systemui                 D  onStateChanged: InsetsState: {mDisplayFrame=Rect(0, 0 - 1440, 3088), mDisplayCutout=DisplayCutout{insets=Rect(0, 89 - 0, 0) waterfall=Insets{left=0, top=0, right=0, bottom=0} boundingRect={Bounds=[Rect(0, 0 - 0, 0), Rect(685, 0 - 755, 89), Rect(0, 0 - 0, 0), Rect(0, 0 - 0, 0)]} cutoutPathParserInfo={CutoutPathParserInfo{displayWidth=1440 displayHeight=3088 physicalDisplayWidth=1440 physicalDisplayHeight=3088 density={3.5} cutoutSpec={M 0,0 H -10 V 25.42857142857143 H 10 V 0 H 0 Z @dp} rotation={0} scale={1.0} physicalPixelDisplaySizeRatio={1.0}}}}, mRoundedCorners=RoundedCorners{[RoundedCorner{position=TopLeft, radius=112, center=Point(112, 112)}, RoundedCorner{position=TopRight, radius=112, center=Point(1328, 112)}, RoundedCorner{position=BottomRight, radius=112, center=Point(1328, 2976)}, RoundedCorner{position=BottomLeft, radius=112, center=Point(112, 2976)}]}  mRoundedCornerFrame=Rect(0, 0 - 1440, 3088), mPrivacyIndicatorBounds=PrivacyIndicatorBounds {static bounds=Rect(1286, 0 - 1440, 90) rotation=0}, mSources= { InsetsSource: {mType=ITYPE_STATUS_BAR, mFrame=[0,0][1440,90], mVisible=true, mInsetsRoundedCornerFrame=false}, InsetsSource: {mType=ITYPE_NAVIGATION_BAR, mFrame=[0,2920][1440,3088], mVisible=true, mInsetsRoundedCornerFrame=false}, InsetsSource: {mType=ITYPE_LEFT_GESTURES, mFrame=[0,0][0,3088], mVisible=true, mInsetsRoundedCornerFrame=false}, InsetsSource: {mType=ITYPE_RIGHT_GESTURES, mFrame=[1440,0][1440,3088], mVisible=true, mInsetsRoundedCornerFrame=false}, InsetsSource: {mType=ITYPE_TOP_MANDATORY_GESTURES, mFrame=[0,0][1440,131], mVisible=true, mInsetsRoundedCornerFrame=false}, InsetsSource: {mType=ITYPE_BOTTOM_MANDATORY_GESTURES, mFrame=[0,2920][1440,3088], mVisible=true, mInsetsRoundedCornerFrame=false}, InsetsSource: {mType=ITYPE_LEFT_DISPLAY_CUTOUT, mFrame=[0,0][-100000,3088], mVisible=true, mInsetsRoundedCornerFrame=false}, InsetsSource: {mType=ITYPE_TOP_DISPLAY_CUTOUT, mFrame=[0,0][1440,89], mVisible=true, mInsetsRoundedCornerFrame=false}, InsetsSource: {mType=ITYPE_RIGHT_DISPLAY_CUTOUT, mFrame=[100000,0][1440,3088], mVisible=true, mInsetsRoundedCornerFrame=false}, InsetsSource: {mType=ITYPE_BOTTOM_DISPLAY_CUTOUT, mFrame=[0,100000][1440,3088], mVisible=true, mInsetsRoundedCornerFrame=false}, InsetsSource: {mType=ITYPE_TOP_TAPPABLE_ELEMENT, mFrame=[0,0][1440,90], mVisible=true, mInsetsRoundedCornerFrame=false}, InsetsSource: {mType=ITYPE_BOTTOM_TAPPABLE_ELEMENT, mFrame=[0,2920][1440,3088], mVisible=true, mInsetsRoundedCornerFrame=false} } host=Splash Screen com.yourname.smartrecorder from=android.view.ViewRootImpl.setView:1732
2025-11-26 15:22:42.438  1198-1901  MARsPolicyManager       system_server                        D  onPackageResumedFG pkgName = com.yourname.smartrecorder, userId = 0
2025-11-26 15:22:42.444  1198-1901  WindowManagerServiceExt system_server                        D  notifyOccludeChangeNotice: cn=ComponentInfo{com.yourname.smartrecorder/com.yourname.smartrecorder.MainActivity} occludesParent=true inMultiWindow=false styleFloating=false caller=com.android.server.wm.WindowManagerServiceExt.updateOccludeTargetIfNeeded:1402 com.android.server.wm.DisplayContent.ensureActivitiesVisible:7532 com.android.server.wm.RootWindowContainer.ensureActivitiesVisible:2248 com.android.server.wm.RootWindowContainer.ensureActivitiesVisible:2229 com.android.server.wm.TaskFragment.completePause:2076 
2025-11-26 15:22:42.448  1198-4344  WindowManager           system_server                        V  Relayout Window{f8379ab u0 Splash Screen com.yourname.smartrecorder}: viewVisibility=0 req=1440x3088 d0
2025-11-26 15:22:42.449   858-886   SurfaceFlinger          surfaceflinger                       I  id=14221 createSurf flag=40004, Splash Screen com.yourname.smartrecorder$_22947#14221
2025-11-26 15:22:42.450  1198-4344  WindowManager           system_server                        D  makeSurface duration=2 name=Splash Screen com.yourname.smartrecorder$_22947
2025-11-26 15:22:42.458  1198-2582  CoreBackPreview         system_server                        D  Window{f8379ab u0 Splash Screen com.yourname.smartrecorder}: Setting back callback OnBackInvokedCallbackInfo{mCallback=android.window.IOnBackInvokedCallback$Stub$Proxy@31119d6, mPriority=0}
2025-11-26 15:22:42.458 22947-22995 InsetsController        com.android.systemui                 D  onStateChanged: InsetsState: {mDisplayFrame=Rect(0, 0 - 1440, 3088), mDisplayCutout=DisplayCutout{insets=Rect(0, 89 - 0, 0) waterfall=Insets{left=0, top=0, right=0, bottom=0} boundingRect={Bounds=[Rect(0, 0 - 0, 0), Rect(685, 0 - 755, 89), Rect(0, 0 - 0, 0), Rect(0, 0 - 0, 0)]} cutoutPathParserInfo={CutoutPathParserInfo{displayWidth=1440 displayHeight=3088 physicalDisplayWidth=1440 physicalDisplayHeight=3088 density={3.5} cutoutSpec={M 0,0 H -10 V 25.42857142857143 H 10 V 0 H 0 Z @dp} rotation={0} scale={1.0} physicalPixelDisplaySizeRatio={1.0}}}}, mRoundedCorners=RoundedCorners{[RoundedCorner{position=TopLeft, radius=112, center=Point(112, 112)}, RoundedCorner{position=TopRight, radius=112, center=Point(1328, 112)}, RoundedCorner{position=BottomRight, radius=112, center=Point(1328, 2976)}, RoundedCorner{position=BottomLeft, radius=112, center=Point(112, 2976)}]}  mRoundedCornerFrame=Rect(0, 0 - 1440, 3088), mPrivacyIndicatorBounds=PrivacyIndicatorBounds {static bounds=Rect(1286, 0 - 1440, 90) rotation=0}, mSources= { InsetsSource: {mType=ITYPE_STATUS_BAR, mFrame=[0,0][1440,90], mVisible=true, mInsetsRoundedCornerFrame=false}, InsetsSource: {mType=ITYPE_NAVIGATION_BAR, mFrame=[0,2920][1440,3088], mVisible=true, mInsetsRoundedCornerFrame=false}, InsetsSource: {mType=ITYPE_LEFT_GESTURES, mFrame=[0,0][0,3088], mVisible=true, mInsetsRoundedCornerFrame=false}, InsetsSource: {mType=ITYPE_RIGHT_GESTURES, mFrame=[1440,0][1440,3088], mVisible=true, mInsetsRoundedCornerFrame=false}, InsetsSource: {mType=ITYPE_TOP_MANDATORY_GESTURES, mFrame=[0,0][1440,131], mVisible=true, mInsetsRoundedCornerFrame=false}, InsetsSource: {mType=ITYPE_BOTTOM_MANDATORY_GESTURES, mFrame=[0,2920][1440,3088], mVisible=true, mInsetsRoundedCornerFrame=false}, InsetsSource: {mType=ITYPE_LEFT_DISPLAY_CUTOUT, mFrame=[0,0][-100000,3088], mVisible=true, mInsetsRoundedCornerFrame=false}, InsetsSource: {mType=ITYPE_TOP_DISPLAY_CUTOUT, mFrame=[0,0][1440,89], mVisible=true, mInsetsRoundedCornerFrame=false}, InsetsSource: {mType=ITYPE_RIGHT_DISPLAY_CUTOUT, mFrame=[100000,0][1440,3088], mVisible=true, mInsetsRoundedCornerFrame=false}, InsetsSource: {mType=ITYPE_BOTTOM_DISPLAY_CUTOUT, mFrame=[0,100000][1440,3088], mVisible=true, mInsetsRoundedCornerFrame=false}, InsetsSource: {mType=ITYPE_TOP_TAPPABLE_ELEMENT, mFrame=[0,0][1440,90], mVisible=true, mInsetsRoundedCornerFrame=false}, InsetsSource: {mType=ITYPE_BOTTOM_TAPPABLE_ELEMENT, mFrame=[0,2920][1440,3088], mVisible=true, mInsetsRoundedCornerFrame=false}, InsetsSource: {mType=ITYPE_IME, mFrame=[0,0][0,0], mVisibleFrame=[0,1886][1440,3088], mVisible=false, mInsetsRoundedCornerFrame=false} } host=Splash Screen com.yourname.smartrecorder from=android.view.ViewRootImpl.relayoutWindow:9802
2025-11-26 15:22:42.475  1198-1293  SGM:GameManager         system_server                        I  PkgUpdateReceiver, onPackageAdded : com.yourname.smartrecorder userHandle : UserHandle{0} userId : 0
2025-11-26 15:22:42.479  1198-1540  SGM:GosNotifyThread     system_server                        D  notifyPackageChangedToGos(), before send intent to GOS. type:15, changeType: 0, pkgName:com.yourname.smartrecorder, userHandleId:0
2025-11-26 15:22:42.495  1198-1909  WindowManager           system_server                        D  finishDrawingWindow: Window{f8379ab u0 Splash Screen com.yourname.smartrecorder} mDrawState=DRAW_PENDING seqId=0
2025-11-26 15:22:42.495  1198-1909  WindowManager           system_server                        V  Finishing drawing window Window{f8379ab u0 Splash Screen com.yourname.smartrecorder}: mDrawState=DRAW_PENDING
2025-11-26 15:22:42.495  1198-1909  WindowManager           system_server                        V  Draw state now committed in Window{f8379ab u0 Splash Screen com.yourname.smartrecorder}
2025-11-26 15:22:42.497  1198-1288  WindowManager           system_server                        D  performShow logReadyForDisplay win=Window{f8379ab u0 Splash Screen com.yourname.smartrecorder} mToken.waitingToShow:true isTransitionSet:true
2025-11-26 15:22:42.527  1198-1288  WindowManager           system_server                        V  performShowLocked: mDrawState=HAS_DRAWN in Window{f8379ab u0 Splash Screen com.yourname.smartrecorder}
2025-11-26 15:22:42.545   858-886   SurfaceFlinger          surfaceflinger                       I  id=14226 createSurf flag=80000, a4628d ActivityRecordInputSink com.yourname.smartrecorder/.MainActivity#14226
2025-11-26 15:22:42.550   858-858   Layer                   surfaceflinger                       I  Layer [Splash Screen com.yourname.smartrecorder$_22947#14221] hidden!! flag(0)
2025-11-26 15:22:42.582  1198-1634  SemWifiTra...LayerUtils system_server                        W  getApplicationCategory - IOException com.yourname.smartrecorder
2025-11-26 15:22:42.582  1198-1634  System.err              system_server                        W  java.io.FileNotFoundException: https://play.google.com/store/apps/details?id=com.yourname.smartrecorder&hl=en
2025-11-26 15:22:42.613 22232-22466 GOS:GameIntentService   com.samsung.android.game.gos         I  onPackageChanged(). extras: Bundle[{changeType=2, userId=0, type=15, packageName=com.yourname.smartrecorder}]
2025-11-26 15:22:42.613 22232-22466 GOS:GameIntentService   com.samsung.android.game.gos         I  onPackageChanged(). changeType(INSTALL_STARTED), pkgName(com.yourname.smartrecorder), UserHandle(0), userId(0), Installed(true)
2025-11-26 15:22:42.631  1198-1295  ActivityManager         system_server                        I  Start proc 22484:com.yourname.smartrecorder/u0a909 for next-top-activity {com.yourname.smartrecorder/com.yourname.smartrecorder.MainActivity}
2025-11-26 15:22:42.633   858-858   SurfaceFlinger          surfaceflinger                       D  Display 4633128672291735937 HWC layers:
                                                                                                         CLIENT | 0x70f52a0050 | 0102 | RGBA_8888    |    0.0    0.0    0.0    0.0 |    0 3079 1440 3088 | bbq-wrapper#14232
                                                                                                         CLIENT | 0x70f52d8b10 | 0100 | 0x32315659   |    0.0 1147.0  720.0 1280.0 |   42    0  954  169 | bbq-wrapper#14207
                                                                                                         DEVICE | 0x70f52c84f0 | 0100 | 0x32315659   |    0.0    0.0 1080.0 1080.0 |    0  880 1440 2320 | bbq-wrapper#14217
                                                                                                         DEVICE | 0x70f52e97f0 | 0100 | RGBA_8888    |    0.0    9.0 1440.0 3088.0 |    0    0 1440 3079 | com.facebook.katana/com.facebook.katana.LoginActivity$_6083#14164
