                                                                                                    Segment:0
                                                                                                    Attribute:2, name=in thoi ny, intent=null, id=remote_submix_media_device_id, customMediaDeviceData=SecMediaDeviceDataImpl(deviceType=1)), active=true, resumeAction=null, playbackLocation=0, resumption=false, notificationKey=0|com.yourname.smartrecorder|2|null|11040, hasCheckedForResume=true, isPlaying=true, isClearable=false, lastActive=326508938, instanceId=com.android.internal.logging.InstanceId@17fb7, appUid=11040, customMediaData=SecMediaDataImpl(uid=11040))
2025-11-29 04:28:05.381 22947-22947 FaceWidget...Repository com.android.systemui                 D  [update] key : 0|com.yourname.smartrecorder|2|null|11040, oldKey : 0|com.yourname.smartrecorder|2|null|11040, media : com.yourname.smartrecorder, sourceType : NOTIFICATION
2025-11-29 04:28:05.391 22947-22947 FaceWidget...cViewModel com.android.systemui                 D  onChanged :: PluginFaceWidgetMediaData{packageName='com.yourname.smartrecorder'isActive='true', playbackState=3', metaData=Recording Th11 29, 2025, Smart Recorder, null', (APP ICON, )'}
2025-11-29 04:28:05.461 14064-14064 BWU@AudioP...rolManager com.samsung.android.bixby.wakeup     I  Ph_com.yourname.smartrecorder is now playing [main] 
2025-11-29 04:28:05.494 14064-19106 BWU@AudioP...rolManager com.samsung.android.bixby.wakeup     I  Ph_com.yourname.smartrecorder is now playing [Timer-13] 
2025-11-29 04:28:05.509 14064-19106 BWU@AudioP...rolManager com.samsung.android.bixby.wakeup     I  Ph_com.yourname.smartrecorder is now playing [Timer-13] 
2025-11-29 04:28:05.518  1198-3876  WindowManager           system_server                        V  Setting visibility of Window{3c910bf u0 com.yourname.smartrecorder/com.yourname.smartrecorder.MainActivity}: false, caller=com.android.server.wm.WindowContainer.sendAppVisibilityToClients:1246 com.android.server.wm.WindowToken.setClientVisible:431 com.android.server.wm.ActivityRecord.setClientVisible:7713 com.android.server.wm.ActivityRecord.onAnimationFinished:8612 com.android.server.wm.WindowContainer.doAnimationFinished:3483 
2025-11-29 04:28:05.518 18960-18960 ViewRootIm...nActivity] com.yourname.smartrecorder           I  handleAppVisibility mAppVisible = true visible = false
2025-11-29 04:28:05.519  1198-3876  WindowManager           system_server                        D  	container=Task{483de0e #22870 type=standard A=11040:com.yourname.smartrecorder U=0 visible=false visibleRequested=false mode=fullscreen translucent=true sz=1}
2025-11-29 04:28:05.530   858-858   Layer                   surfaceflinger                       I  Layer [com.yourname.smartrecorder/com.yourname.smartrecorder.MainActivity$_18960#63605] hidden!! flag(1)
2025-11-29 04:28:05.537 18960-18987 OpenGLRenderer          com.yourname.smartrecorder           D  setSurface called with nullptr
2025-11-29 04:28:05.537 18960-18987 OpenGLRenderer          com.yourname.smartrecorder           D  setSurface() destroyed EGLSurface
2025-11-29 04:28:05.537 18960-18987 OpenGLRenderer          com.yourname.smartrecorder           D  destroyEglSurface
2025-11-29 04:28:05.538 18960-18960 ViewRootIm...nActivity] com.yourname.smartrecorder           I  performTraversals mFirst=false windowShouldResize=false viewVisibilityChanged=true mForceNextWindowRelayout=false params=null
2025-11-29 04:28:05.538  1198-3876  WindowManager           system_server                        V  Relayout Window{3c910bf u0 com.yourname.smartrecorder/com.yourname.smartrecorder.MainActivity}: viewVisibility=8 req=1440x3088 d0
2025-11-29 04:28:05.545 18960-18960 ViewRootIm...nActivity] com.yourname.smartrecorder           I  Relayout returned: old=(0,0,1440,3088) new=(0,0,1440,3088) req=(1440,3088)8 dur=5 res=0x2 s={false 0x0} ch=true seqId=0
2025-11-29 04:28:05.548 18960-18960 ViewRootIm...nActivity] com.yourname.smartrecorder           I  stopped(true) old = false
2025-11-29 04:28:05.548  1198-5812  CoreBackPreview         system_server                        D  Window{3c910bf u0 com.yourname.smartrecorder/com.yourname.smartrecorder.MainActivity}: Setting back callback OnBackInvokedCallbackInfo{mCallback=android.window.IOnBackInvokedCallback$Stub$Proxy@5c6ef34, mPriority=-1}
2025-11-29 04:28:05.549 18960-18960 ViewRootIm...nActivity] com.yourname.smartrecorder           I  WindowStopped on com.yourname.smartrecorder/com.yourname.smartrecorder.MainActivity set to true
2025-11-29 04:28:05.552 18960-18960 MSHandlerLifeCycle      com.yourname.smartrecorder           I  removeMultiSplitHandler: no exist. decor=DecorView@6951ec7[MainActivity]
2025-11-29 04:28:05.566  1198-5812  WindowManager           system_server                        E  win=Window{3c910bf u0 com.yourname.smartrecorder/com.yourname.smartrecorder.MainActivity} destroySurfaces: appStopped=true cleanupOnResume=false win.mWindowRemovalAllowed=false win.mRemoveOnExit=false win.mViewVisibility=8 caller=com.android.server.wm.ActivityRecord.destroySurfaces:6561 com.android.server.wm.ActivityRecord.destroySurfaces:6542 com.android.server.wm.ActivityRecord.notifyAppStopped:6606 com.android.server.wm.ActivityRecord.activityStopped:7194 com.android.server.wm.ActivityClientController.activityStopped:269 android.app.IActivityClientController$Stub.onTransact:613 com.android.server.wm.ActivityClientController.onTransact:147 
2025-11-29 04:28:05.567  4879-27030 Routine@Co...stenerImpl com.samsung.android.app.routines     I  onStopComponent: componentName - ComponentInfo{com.yourname.smartrecorder/com.yourname.smartrecorder.MainActivity}
2025-11-29 04:28:05.567  1198-5812  WindowManager           system_server                        I  Destroying surface Surface(name=com.yourname.smartrecorder/com.yourname.smartrecorder.MainActivity$_18960)/@0x8cde15d called by com.android.server.wm.WindowStateAnimator.destroySurface:947 com.android.server.wm.WindowStateAnimator.destroySurfaceLocked:537 com.android.server.wm.WindowState.destroySurfaceUnchecked:4326 com.android.server.wm.WindowState.destroySurface:4300 com.android.server.wm.ActivityRecord.destroySurfaces:6561 com.android.server.wm.ActivityRecord.destroySurfaces:6542 com.android.server.wm.ActivityRecord.notifyAppStopped:6606 com.android.server.wm.ActivityRecord.activityStopped:7194 
2025-11-29 04:28:05.569  1198-5812  ActivityTaskManager     system_server                        D  mStartingWindow and mStartingData is null for token=ActivityRecord{d731c09 u0 com.yourname.smartrecorder/.MainActivity} t22870}
2025-11-29 04:28:05.580   858-858   Layer                   surfaceflinger                       I  id=63605 removeFromCurrentState com.yourname.smartrecorder/com.yourname.smartrecorder.MainActivity$_18960#63605 (146)
2025-11-29 04:28:05.580   858-858   SurfaceFlinger          surfaceflinger                       I  id=63605 Removed com.yourname.smartrecorder/com.yourname.smartrecorder.MainActivity$_18960#63605 (146)
2025-11-29 04:28:05.580   858-858   Layer                   surfaceflinger                       I  id=63605 Destroyed com.yourname.smartrecorder/com.yourname.smartrecorder.MainActivity$_18960#63605
2025-11-29 04:28:06.064  1198-1897  ApplicationPolicy       system_server                        D  isStatusBarNotificationAllowedAsUser: packageName = com.yourname.smartrecorder,userId = 0
2025-11-29 04:28:06.064  1198-1897  ApplicationPolicy       system_server                        D  isStatusBarNotificationAllowedAsUser: packageName = com.yourname.smartrecorder,userId = 0
2025-11-29 04:28:06.071  4533-4533  Edge.badge              com...ndroid.app.cocktailbarservice  I  updateBadge item = com.yourname.smartrecorder:0 1
2025-11-29 04:28:06.074  2188-2188  Launcher.N...onListener com.sec.android.app.launcher         I  onNotificationPosted : com.yourname.smartrecorder number : 0
2025-11-29 04:28:06.319 22947-22947 MediaDataManager        com.android.systemui                 D  onMediaNotificationAdded() : 0|com.yourname.smartrecorder|2|null|11040
2025-11-29 04:28:06.319 22947-22947 MediaLogger             com.android.systemui                 D  Notification added [0|com.yourname.smartrecorder|2|null|11040]
2025-11-29 04:28:06.319 22947-22947 BubblesManager          com.android.systemui                 D  onEntryUpdated : shouldBubbleUp=false ,key=0|com.yourname.smartrecorder|2|null|11040
2025-11-29 04:28:06.320 22947-22947 Interrupti...teProvider com.android.systemui                 D   no Heads up : edgelighting enabled app. 0|com.yourname.smartrecorder|2|null|11040
2025-11-29 04:28:06.351 22947-22947 MediaLogger             com.android.systemui                 D  Media data loaded key[0|com.yourname.smartrecorder|2|null|11040] oldKey[0|com.yourname.smartrecorder|2|null|11040] title[Reco] isActive[true]
2025-11-29 04:28:06.355 22947-22947 MediaLogger             com.android.systemui                 D  Media player updated [0|com.yourname.smartrecorder|2|null|11040] isPlaying[true]
2025-11-29 04:28:06.370 22947-22947 FaceWidget...lerWrapper com.android.systemui                 D  onMediaDataLoaded, 0|com.yourname.smartrecorder|2|null|11040, 0|com.yourname.smartrecorder|2|null|11040, MediaData(userId=0, initialized=true, app=Smart Recorder, appIcon=Icon(typ=RESOURCE pkg=com.yourname.smartrecorder id=0x01080024), artist=Smart Recorder, song=Recording Th11 29, 2025, artwork=null, actions=[MediaAction(icon=android.graphics.drawable.AnimatedVectorDrawable@c43507f, action=com.android.systemui.media.MediaDataManager$getStandardAction$2@c6a284c, contentDescription=Tm dng, background=android.graphics.drawable.AnimatedVectorDrawable@8428095, rebindId=null)], actionsToShowInCompact=[0], semanticActions=MediaButton(playOrPause=MediaAction(icon=android.graphics.drawable.AnimatedVectorDrawable@c43507f, action=com.android.systemui.media.MediaDataManager$getStandardAction$2@c6a284c, contentDescription=Tm dng, background=android.graphics.drawable.AnimatedVectorDrawable@8428095, rebindId=null), nextOrCustom=null, prevOrCustom=null, custom0=null, custom1=null, reserveNext=false, reservePrev=false), packageName=com.yourname.smartrecorder, token=android.media.session.MediaSession$Token@ad9d9b7, clickIntent=PendingIntent{9548b5d: android.os.BinderProxy@377c65}, device=MediaDeviceData(enabled=true, icon=0.0,0.0-120.0,120.0
                                                                                                    Loading:0ms
                                                                                                    Element:2
                                                                                                    Segment:0
                                                                                                    Attribute:2, name=in thoi ny, intent=null, id=remote_submix_media_device_id, customMediaDeviceData=SecMediaDeviceDataImpl(deviceType=1)), active=true, resumeAction=null, playbackLocation=0, resumption=false, notificationKey=0|com.yourname.smartrecorder|2|null|11040, hasCheckedForResume=true, isPlaying=true, isClearable=false, lastActive=326509904, instanceId=com.android.internal.logging.InstanceId@17fb7, appUid=11040, customMediaData=SecMediaDataImpl(uid=11040))
2025-11-29 04:28:06.371 22947-22947 FaceWidget...Repository com.android.systemui                 D  [update] key : 0|com.yourname.smartrecorder|2|null|11040, oldKey : 0|com.yourname.smartrecorder|2|null|11040, media : com.yourname.smartrecorder, sourceType : NOTIFICATION
2025-11-29 04:28:06.379 22947-22947 FaceWidget...cViewModel com.android.systemui                 D  onChanged :: PluginFaceWidgetMediaData{packageName='com.yourname.smartrecorder'isActive='true', playbackState=3', metaData=Recording Th11 29, 2025, Smart Recorder, null', (APP ICON, )'}
2025-11-29 04:28:06.446  4879-4879  Routine@Co...overHelper com.samsung.android.app.routines     I  setLastResumedPackageForCover mLastResumedPackage = com.yourname.smartrecorder
2025-11-29 04:28:06.446  4879-4879  Routine@Co...cleWatcher com.samsung.android.app.routines     I  notifyLifecycleChanged mCurResumedComponent=com.yourname.smartrecorder
2025-11-29 04:28:06.770  4879-4879  Routine@Co...overHelper com.samsung.android.app.routines     I  setLastResumedPackageForCover mLastResumedPackage = com.yourname.smartrecorder
2025-11-29 04:28:06.770  4879-4879  Routine@Co...cleWatcher com.samsung.android.app.routines     I  notifyLifecycleChanged mCurResumedComponent=com.yourname.smartrecorder
2025-11-29 04:28:07.069  1198-3876  ApplicationPolicy       system_server                        D  isStatusBarNotificationAllowedAsUser: packageName = com.yourname.smartrecorder,userId = 0
2025-11-29 04:28:07.069  1198-3876  ApplicationPolicy       system_server                        D  isStatusBarNotificationAllowedAsUser: packageName = com.yourname.smartrecorder,userId = 0
2025-11-29 04:28:07.074  4533-4533  Edge.badge              com...ndroid.app.cocktailbarservice  I  updateBadge item = com.yourname.smartrecorder:0 1
2025-11-29 04:28:07.075  2188-2188  Launcher.N...onListener com.sec.android.app.launcher         I  onNotificationPosted : com.yourname.smartrecorder number : 0
2025-11-29 04:28:07.122 22947-22947 SystemUIAnalytics       com.android.systemui                 D  sendEventLog , , type, 1, app, com.yourname.smartrecorder
2025-11-29 04:28:07.122 22947-22947 MediaLogger             com.android.systemui                 D  Media action clicked [0|com.yourname.smartrecorder|2|null|11040][2131429413][Tm dng]
2025-11-29 04:28:07.124  1198-1903  MediaSessionService     system_server                        I  tempAllowlistTargetPkgIfPossible callingPackage:com.android.systemui targetPackage:com.yourname.smartrecorder reason:MediaSessionRecord:pause [WIU] [FGS]
2025-11-29 04:28:07.125 18960-18960 SmartRecorder/Service   com.yourname.smartrecorder           D  MediaSession onPause called
2025-11-29 04:28:07.125 18960-18960 SmartRecorder/Service   com.yourname.smartrecorder           I  [CRIT] Playback paused in foreground service
2025-11-29 04:28:07.127 18960-18960 SmartRecorder/ViewModel com.yourname.smartrecorder           D  [PlaybackSessionRepository] pause
2025-11-29 04:28:07.127 18960-18960 SmartRecorder/Audio     com.yourname.smartrecorder           I  [MAIN] Pausing audio playback
2025-11-29 04:28:07.128 18960-18960 MediaPlayer-JNI         com.yourname.smartrecorder           V  pause
2025-11-29 04:28:07.128 18960-18960 MediaPlayerNative       com.yourname.smartrecorder           V  pause
2025-11-29 04:28:07.128 18960-19062 MediaPlayerNative       com.yourname.smartrecorder           V  message received msg=7, ext1=0, ext2=0
2025-11-29 04:28:07.129 18960-18960 MediaPlayerNative       com.yourname.smartrecorder           V  getDuration_l
2025-11-29 04:28:07.129 18960-18960 MediaPlayer-JNI         com.yourname.smartrecorder           V  getDuration: 4360 (msec)
2025-11-29 04:28:07.129 18960-18960 MediaPlayerNative       com.yourname.smartrecorder           V  getDuration_l
2025-11-29 04:28:07.130 18960-18960 MediaPlayer-JNI         com.yourname.smartrecorder           V  getDuration: 4360 (msec)
2025-11-29 04:28:07.130 18960-18960 SmartRecorder/Audio     com.yourname.smartrecorder           I  [MAIN] Audio paused successfully -> position: 4093 ms (93,88%)
2025-11-29 04:28:07.130 18960-19062 MediaPlayerNative       com.yourname.smartrecorder           V  message received msg=211, ext1=0, ext2=0
2025-11-29 04:28:07.130 18960-18960 SmartRecorder/Service   com.yourname.smartrecorder           D  AudioPlayer paused successfully
2025-11-29 04:28:07.132 22947-22947 MediaLogger             com.android.systemui                 D  Media data loaded key[0|com.yourname.smartrecorder|2|null|11040] oldKey[0|com.yourname.smartrecorder|2|null|11040] title[Reco] isActive[true]
2025-11-29 04:28:07.135 22947-22947 MediaLogger             com.android.systemui                 D  Media player updated [0|com.yourname.smartrecorder|2|null|11040] isPlaying[false]
2025-11-29 04:28:07.145 22947-22947 FaceWidget...lerWrapper com.android.systemui                 D  onMediaDataLoaded, 0|com.yourname.smartrecorder|2|null|11040, 0|com.yourname.smartrecorder|2|null|11040, MediaData(userId=0, initialized=true, app=Smart Recorder, appIcon=Icon(typ=RESOURCE pkg=com.yourname.smartrecorder id=0x01080024), artist=Smart Recorder, song=Recording Th11 29, 2025, artwork=null, actions=[MediaAction(icon=android.graphics.drawable.AnimatedVectorDrawable@bc06a95, action=com.android.systemui.media.MediaDataManager$getStandardAction$1@5a4f7aa, contentDescription=Pht, background=android.graphics.drawable.AnimatedVectorDrawable@22f6f9b, rebindId=null)], actionsToShowInCompact=[0], semanticActions=MediaButton(playOrPause=MediaAction(icon=android.graphics.drawable.AnimatedVectorDrawable@bc06a95, action=com.android.systemui.media.MediaDataManager$getStandardAction$1@5a4f7aa, contentDescription=Pht, background=android.graphics.drawable.AnimatedVectorDrawable@22f6f9b, rebindId=null), nextOrCustom=null, prevOrCustom=null, custom0=null, custom1=null, reserveNext=false, reservePrev=false), packageName=com.yourname.smartrecorder, token=android.media.session.MediaSession$Token@ad9d9b7, clickIntent=PendingIntent{9548b5d: android.os.BinderProxy@377c65}, device=MediaDeviceData(enabled=true, icon=0.0,0.0-120.0,120.0
                                                                                                    Loading:0ms
                                                                                                    Element:2
                                                                                                    Segment:0
                                                                                                    Attribute:2, name=in thoi ny, intent=null, id=remote_submix_media_device_id, customMediaDeviceData=SecMediaDeviceDataImpl(deviceType=1)), active=true, resumeAction=null, playbackLocation=0, resumption=false, notificationKey=0|com.yourname.smartrecorder|2|null|11040, hasCheckedForResume=true, isPlaying=false, isClearable=false, lastActive=326509904, instanceId=com.android.internal.logging.InstanceId@17fb7, appUid=11040, customMediaData=SecMediaDataImpl(uid=11040))
2025-11-29 04:28:07.145 22947-22947 FaceWidget...Repository com.android.systemui                 D  [update] key : 0|com.yourname.smartrecorder|2|null|11040, oldKey : 0|com.yourname.smartrecorder|2|null|11040, media : com.yourname.smartrecorder, sourceType : NOTIFICATION
2025-11-29 04:28:07.153 22947-22947 FaceWidget...cViewModel com.android.systemui                 D  onChanged :: PluginFaceWidgetMediaData{packageName='com.yourname.smartrecorder'isActive='true', playbackState=2', metaData=Recording Th11 29, 2025, Smart Recorder, null', (APP ICON, )'}
2025-11-29 04:28:07.278 22947-22947 MediaDataManager        com.android.systemui                 D  onMediaNotificationAdded() : 0|com.yourname.smartrecorder|2|null|11040
2025-11-29 04:28:07.278 22947-22947 MediaLogger             com.android.systemui                 D  Notification added [0|com.yourname.smartrecorder|2|null|11040]
2025-11-29 04:28:07.278 22947-22947 BubblesManager          com.android.systemui                 D  onEntryUpdated : shouldBubbleUp=false ,key=0|com.yourname.smartrecorder|2|null|11040
2025-11-29 04:28:07.278 22947-22947 Interrupti...teProvider com.android.systemui                 D   no Heads up : edgelighting enabled app. 0|com.yourname.smartrecorder|2|null|11040
2025-11-29 04:28:07.281 22947-22947 MediaLogger             com.android.systemui                 D  Media data loaded key[0|com.yourname.smartrecorder|2|null|11040] oldKey[0|com.yourname.smartrecorder|2|null|11040] title[Reco] isActive[true]
2025-11-29 04:28:07.283 22947-22947 MediaLogger             com.android.systemui                 D  Media player updated [0|com.yourname.smartrecorder|2|null|11040] isPlaying[false]
2025-11-29 04:28:07.296 22947-22947 FaceWidget...lerWrapper com.android.systemui                 D  onMediaDataLoaded, 0|com.yourname.smartrecorder|2|null|11040, 0|com.yourname.smartrecorder|2|null|11040, MediaData(userId=0, initialized=true, app=Smart Recorder, appIcon=Icon(typ=RESOURCE pkg=com.yourname.smartrecorder id=0x01080024), artist=Smart Recorder, song=Recording Th11 29, 2025, artwork=null, actions=[MediaAction(icon=android.graphics.drawable.AnimatedVectorDrawable@817d4e9, action=com.android.systemui.media.MediaDataManager$getStandardAction$1@a3ad56e, contentDescription=Pht, background=android.graphics.drawable.AnimatedVectorDrawable@928940f, rebindId=null)], actionsToShowInCompact=[0], semanticActions=MediaButton(playOrPause=MediaAction(icon=android.graphics.drawable.AnimatedVectorDrawable@817d4e9, action=com.android.systemui.media.MediaDataManager$getStandardAction$1@a3ad56e, contentDescription=Pht, background=android.graphics.drawable.AnimatedVectorDrawable@928940f, rebindId=null), nextOrCustom=null, prevOrCustom=null, custom0=null, custom1=null, reserveNext=false, reservePrev=false), packageName=com.yourname.smartrecorder, token=android.media.session.MediaSession$Token@ad9d9b7, clickIntent=PendingIntent{73a4e8e: android.os.BinderProxy@377c65}, device=MediaDeviceData(enabled=true, icon=0.0,0.0-120.0,120.0
                                                                                                    Loading:0ms
                                                                                                    Element:2
                                                                                                    Segment:0
                                                                                                    Attribute:2, name=in thoi ny, intent=null, id=remote_submix_media_device_id, customMediaDeviceData=SecMediaDeviceDataImpl(deviceType=1)), active=true, resumeAction=null, playbackLocation=0, resumption=false, notificationKey=0|com.yourname.smartrecorder|2|null|11040, hasCheckedForResume=true, isPlaying=false, isClearable=false, lastActive=326510860, instanceId=com.android.internal.logging.InstanceId@17fb7, appUid=11040, customMediaData=SecMediaDataImpl(uid=11040))
2025-11-29 04:28:07.296 22947-22947 FaceWidget...Repository com.android.systemui                 D  [update] key : 0|com.yourname.smartrecorder|2|null|11040, oldKey : 0|com.yourname.smartrecorder|2|null|11040, media : com.yourname.smartrecorder, sourceType : NOTIFICATION
2025-11-29 04:28:07.307 22947-22947 FaceWidget...cViewModel com.android.systemui                 D  onChanged :: PluginFaceWidgetMediaData{packageName='com.yourname.smartrecorder'isActive='true', playbackState=2', metaData=Recording Th11 29, 2025, Smart Recorder, null', (APP ICON, )'}
2025-11-29 04:28:07.912 22947-22947 SystemUIAnalytics       com.android.systemui                 D  sendEventLog , , type, 1, app, com.yourname.smartrecorder
2025-11-29 04:28:07.912 22947-22947 MediaLogger             com.android.systemui                 D  Media action clicked [0|com.yourname.smartrecorder|2|null|11040][2131429413][Pht]
2025-11-29 04:28:07.913  1198-1903  MediaSessionService     system_server                        I  tempAllowlistTargetPkgIfPossible callingPackage:com.android.systemui targetPackage:com.yourname.smartrecorder reason:MediaSessionRecord:play [WIU] [FGS]
2025-11-29 04:28:07.914 18960-18960 SmartRecorder/Service   com.yourname.smartrecorder           D  MediaSession onPlay called
2025-11-29 04:28:07.914 18960-18960 SmartRecorder/Service   com.yourname.smartrecorder           I  [CRIT] Playback resumed in foreground service
2025-11-29 04:28:07.915 18960-18960 SmartRecorder/ViewModel com.yourname.smartrecorder           D  [PlaybackSessionRepository] resume
2025-11-29 04:28:07.919  1198-1897  ApplicationPolicy       system_server                        D  isStatusBarNotificationAllowedAsUser: packageName = com.yourname.smartrecorder,userId = 0
2025-11-29 04:28:07.919  1198-1897  ApplicationPolicy       system_server                        D  isStatusBarNotificationAllowedAsUser: packageName = com.yourname.smartrecorder,userId = 0
2025-11-29 04:28:07.920 18960-18960 SmartRecorder/Audio     com.yourname.smartrecorder           I  [MAIN] Resuming audio playback
2025-11-29 04:28:07.920 18960-18960 MediaPlayer-JNI         com.yourname.smartrecorder           V  start
2025-11-29 04:28:07.920 18960-18960 MediaPlayerNative       com.yourname.smartrecorder           V  start
2025-11-29 04:28:07.921 18960-18960 SmartRecorder/Audio     com.yourname.smartrecorder           I  [MAIN] Audio resumed successfully -> position: 4093 ms
2025-11-29 04:28:07.921 18960-18960 SmartRecorder/Service   com.yourname.smartrecorder           D  AudioPlayer resumed successfully
2025-11-29 04:28:07.921 22947-22947 MediaLogger             com.android.systemui                 D  Media data loaded key[0|com.yourname.smartrecorder|2|null|11040] oldKey[0|com.yourname.smartrecorder|2|null|11040] title[Reco] isActive[true]
2025-11-29 04:28:07.923 22947-22947 MediaLogger             com.android.systemui                 D  Media player updated [0|com.yourname.smartrecorder|2|null|11040] isPlaying[true]
2025-11-29 04:28:07.928 18960-18979 MediaPlayerNative       com.yourname.smartrecorder           V  message received msg=211, ext1=0, ext2=0
2025-11-29 04:28:07.928 14064-14097 BWU@AudioP...rolManager com.samsung.android.bixby.wakeup     I  Ph_com.yourname.smartrecorder is now playing [VF-T-L] 
2025-11-29 04:28:07.930 18960-18979 MediaPlayerNative       com.yourname.smartrecorder           V  message received msg=10000, ext1=21, ext2=3
2025-11-29 04:28:07.932 22947-22947 FaceWidget...lerWrapper com.android.systemui                 D  onMediaDataLoaded, 0|com.yourname.smartrecorder|2|null|11040, 0|com.yourname.smartrecorder|2|null|11040, MediaData(userId=0, initialized=true, app=Smart Recorder, appIcon=Icon(typ=RESOURCE pkg=com.yourname.smartrecorder id=0x01080024), artist=Smart Recorder, song=Recording Th11 29, 2025, artwork=null, actions=[MediaAction(icon=android.graphics.drawable.AnimatedVectorDrawable@9280168, action=com.android.systemui.media.MediaDataManager$getStandardAction$2@4e67981, contentDescription=Tm dng, background=android.graphics.drawable.AnimatedVectorDrawable@9ed3a26, rebindId=null)], actionsToShowInCompact=[0], semanticActions=MediaButton(playOrPause=MediaAction(icon=android.graphics.drawable.AnimatedVectorDrawable@9280168, action=com.android.systemui.media.MediaDataManager$getStandardAction$2@4e67981, contentDescription=Tm dng, background=android.graphics.drawable.AnimatedVectorDrawable@9ed3a26, rebindId=null), nextOrCustom=null, prevOrCustom=null, custom0=null, custom1=null, reserveNext=false, reservePrev=false), packageName=com.yourname.smartrecorder, token=android.media.session.MediaSession$Token@ad9d9b7, clickIntent=PendingIntent{73a4e8e: android.os.BinderProxy@377c65}, device=MediaDeviceData(enabled=true, icon=0.0,0.0-120.0,120.0
                                                                                                    Loading:0ms
                                                                                                    Element:2
                                                                                                    Segment:0
                                                                                                    Attribute:2, name=in thoi ny, intent=null, id=remote_submix_media_device_id, customMediaDeviceData=SecMediaDeviceDataImpl(deviceType=1)), active=true, resumeAction=null, playbackLocation=0, resumption=false, notificationKey=0|com.yourname.smartrecorder|2|null|11040, hasCheckedForResume=true, isPlaying=true, isClearable=false, lastActive=326510860, instanceId=com.android.internal.logging.InstanceId@17fb7, appUid=11040, customMediaData=SecMediaDataImpl(uid=11040))
2025-11-29 04:28:07.933 22947-22947 FaceWidget...Repository com.android.systemui                 D  [update] key : 0|com.yourname.smartrecorder|2|null|11040, oldKey : 0|com.yourname.smartrecorder|2|null|11040, media : com.yourname.smartrecorder, sourceType : NOTIFICATION
2025-11-29 04:28:07.934  4533-4533  Edge.badge              com...ndroid.app.cocktailbarservice  I  updateBadge item = com.yourname.smartrecorder:0 1
2025-11-29 04:28:07.934  2188-2188  Launcher.N...onListener com.sec.android.app.launcher         I  onNotificationPosted : com.yourname.smartrecorder number : 0
2025-11-29 04:28:07.938 22947-22947 FaceWidget...cViewModel com.android.systemui                 D  onChanged :: PluginFaceWidgetMediaData{packageName='com.yourname.smartrecorder'isActive='true', playbackState=3', metaData=Recording Th11 29, 2025, Smart Recorder, null', (APP ICON, )'}
2025-11-29 04:28:07.954 14064-14097 BWU@AudioP...rolManager com.samsung.android.bixby.wakeup     I  Ph_com.yourname.smartrecorder is now playing [VF-T-L] 
2025-11-29 04:28:08.155 22947-22947 MediaDataManager        com.android.systemui                 D  onMediaNotificationAdded() : 0|com.yourname.smartrecorder|2|null|11040
2025-11-29 04:28:08.156 22947-22947 MediaLogger             com.android.systemui                 D  Notification added [0|com.yourname.smartrecorder|2|null|11040]
2025-11-29 04:28:08.156 22947-22947 BubblesManager          com.android.systemui                 D  onEntryUpdated : shouldBubbleUp=false ,key=0|com.yourname.smartrecorder|2|null|11040
2025-11-29 04:28:08.157 22947-22947 Interrupti...teProvider com.android.systemui                 D   no Heads up : edgelighting enabled app. 0|com.yourname.smartrecorder|2|null|11040
2025-11-29 04:28:08.159 22947-22947 MediaLogger             com.android.systemui                 D  Media data loaded key[0|com.yourname.smartrecorder|2|null|11040] oldKey[0|com.yourname.smartrecorder|2|null|11040] title[Reco] isActive[true]
2025-11-29 04:28:08.161 22947-22947 MediaLogger             com.android.systemui                 D  Media player updated [0|com.yourname.smartrecorder|2|null|11040] isPlaying[true]
2025-11-29 04:28:08.174 22947-22947 FaceWidget...lerWrapper com.android.systemui                 D  onMediaDataLoaded, 0|com.yourname.smartrecorder|2|null|11040, 0|com.yourname.smartrecorder|2|null|11040, MediaData(userId=0, initialized=true, app=Smart Recorder, appIcon=Icon(typ=RESOURCE pkg=com.yourname.smartrecorder id=0x01080024), artist=Smart Recorder, song=Recording Th11 29, 2025, artwork=null, actions=[MediaAction(icon=android.graphics.drawable.AnimatedVectorDrawable@e270c64, action=com.android.systemui.media.MediaDataManager$getStandardAction$2@5beeecd, contentDescription=Tm dng, background=android.graphics.drawable.AnimatedVectorDrawable@e9c5382, rebindId=null)], actionsToShowInCompact=[0], semanticActions=MediaButton(playOrPause=MediaAction(icon=android.graphics.drawable.AnimatedVectorDrawable@e270c64, action=com.android.systemui.media.MediaDataManager$getStandardAction$2@5beeecd, contentDescription=Tm dng, background=android.graphics.drawable.AnimatedVectorDrawable@e9c5382, rebindId=null), nextOrCustom=null, prevOrCustom=null, custom0=null, custom1=null, reserveNext=false, reservePrev=false), packageName=com.yourname.smartrecorder, token=android.media.session.MediaSession$Token@ad9d9b7, clickIntent=PendingIntent{fd38e6d: android.os.BinderProxy@377c65}, device=MediaDeviceData(enabled=true, icon=0.0,0.0-120.0,120.0
                                                                                                    Loading:0ms
                                                                                                    Element:2
                                                                                                    Segment:0
                                                                                                    Attribute:2, name=in thoi ny, intent=null, id=remote_submix_media_device_id, customMediaDeviceData=SecMediaDeviceDataImpl(deviceType=1)), active=true, resumeAction=null, playbackLocation=0, resumption=false, notificationKey=0|com.yourname.smartrecorder|2|null|11040, hasCheckedForResume=true, isPlaying=true, isClearable=false, lastActive=326511739, instanceId=com.android.internal.logging.InstanceId@17fb7, appUid=11040, customMediaData=SecMediaDataImpl(uid=11040))
2025-11-29 04:28:08.174 22947-22947 FaceWidget...Repository com.android.systemui                 D  [update] key : 0|com.yourname.smartrecorder|2|null|11040, oldKey : 0|com.yourname.smartrecorder|2|null|11040, media : com.yourname.smartrecorder, sourceType : NOTIFICATION
2025-11-29 04:28:08.185 22947-22947 FaceWidget...cViewModel com.android.systemui                 D  onChanged :: PluginFaceWidgetMediaData{packageName='com.yourname.smartrecorder'isActive='true', playbackState=3', metaData=Recording Th11 29, 2025, Smart Recorder, null', (APP ICON, )'}
2025-11-29 04:28:08.234 18960-18979 MediaPlayerNative       com.yourname.smartrecorder           V  message received msg=2, ext1=0, ext2=0
2025-11-29 04:28:08.234 18960-18979 MediaPlayerNative       com.yourname.smartrecorder           V  playback complete
2025-11-29 04:28:08.234 18960-18979 MediaPlayerNative       com.yourname.smartrecorder           V  message received msg=211, ext1=0, ext2=0
2025-11-29 04:28:08.236 18960-18960 MediaPlayer-JNI         com.yourname.smartrecorder           V  isLooping
2025-11-29 04:28:08.236 18960-18960 MediaPlayerNative       com.yourname.smartrecorder           V  isLooping
2025-11-29 04:28:08.236 18960-18960 SmartRecorder/Audio     com.yourname.smartrecorder           I  [MAIN] Playback completed -> file: /data/user/0/com.yourname.smartrecorder/files/recordings/recording_006.3gp, looping: false
2025-11-29 04:28:08.237 18960-18960 MediaPlayer-JNI         com.yourname.smartrecorder           V  isLooping
2025-11-29 04:28:08.237 18960-18960 MediaPlayerNative       com.yourname.smartrecorder           V  isLooping
2025-11-29 04:28:08.237 18960-18960 SmartRecor...Transcript com.yourname.smartrecorder           I  [MAIN] Playback completed, looping: false
2025-11-29 04:28:08.240 22947-22963 SecFgsMana...rollerImpl com.android.systemui                 D  onForegroundStateChanged: dialogShown:false, isForeground:false, packageName:com.yourname.smartrecorder , token:android.os.BinderProxy@2d42dc4, userId:0
2025-11-29 04:28:08.240  1198-1198  EdgeLightingManager     system_server                        D  hideForNotification : packageName = com.yourname.smartrecorder
2025-11-29 04:28:08.240  1198-1198  EdgeLighti...ationGroup system_server                        D  remove : sbn : StatusBarNotification(pkg=com.yourname.smartrecorder user=UserHandle{0} id=2 tag=null key=0|com.yourname.smartrecorder|2|null|11040: Notification(channel=playback_channel shortcut=null contentView=null vibrate=null sound=null defaults=0x0 flags=0x6a color=0x00000000 category=transport groupKey=silent actions=2 vis=PUBLIC semFlags=0x0 semPriority=0 semMissedCount=0))
2025-11-29 04:28:08.246 18960-18960 SmartRecorder/Service   com.yourname.smartrecorder           I  [CRIT] Playback foreground service stopped
2025-11-29 04:28:08.247 18960-18960 SmartRecorder/Service   com.yourname.smartrecorder           I  [CRIT] [Service: PlaybackForegroundService] onDestroy
2025-11-29 04:28:08.247 18960-18960 SmartRecorder/Service   com.yourname.smartrecorder           W  [RARE] Service destroyed while playing -> Context: title=Recording Th11 29, 2025, position=4028
2025-11-29 04:28:08.247 18960-18960 SmartRecorder/ViewModel com.yourname.smartrecorder           D  [PlaybackSessionRepository] setIdle
2025-11-29 04:28:08.252  1198-1198  NotificationReminder    system_server                        D  removeFromNotiList record com.yourname.smartrecorder
2025-11-29 04:28:08.260 22947-22947 MediaLogger             com.android.systemui                 D  Notification removed [0|com.yourname.smartrecorder|2|null|11040]
2025-11-29 04:28:08.261 22947-22947 MediaLogger             com.android.systemui                 D  Media data removed [0|com.yourname.smartrecorder|2|null|11040]
2025-11-29 04:28:08.262 22947-22947 MediaLogger             com.android.systemui                 D  Media player removed [0|com.yourname.smartrecorder|2|null|11040]
2025-11-29 04:28:08.266 22947-22947 FaceWidget...lerWrapper com.android.systemui                 D  onMediaDataRemoved, 0|com.yourname.smartrecorder|2|null|11040
2025-11-29 04:28:08.267 22947-22947 FaceWidget...Repository com.android.systemui                 D  [remove] key : 0|com.yourname.smartrecorder|2|null|11040, sourceType : NOTIFICATION
