2025-11-27 04:19:20.760  7901-7946  SmartRecorder/UseCase   com.yourname.smartrecorder           D  Found 17 sentences
2025-11-27 04:19:20.761  7901-7946  SmartRecorder/UseCase   com.yourname.smartrecorder           D  No summary cues found, using first 3 sentences
2025-11-27 04:19:20.762  7901-7946  SmartRecorder/UseCase   com.yourname.smartrecorder           I  [MAIN] [UseCase: GenerateSummaryUseCase] Completed (summaryLength=87, sentences=3, duration=3ms)
2025-11-27 04:19:20.762  7901-7946  SmartRecorder/UseCase   com.yourname.smartrecorder           I  [Performance] GenerateSummaryUseCase took 3ms (textLength=699, summaryLength=87)
2025-11-27 04:19:20.762  7901-7946  SmartRecor...Transcript com.yourname.smartrecorder           I  [Performance] GenerateSummary took 3ms
2025-11-27 04:19:20.762  7901-7946  SmartRecorder/UseCase   com.yourname.smartrecorder           I  [MAIN] [UseCase: ExtractKeywordsUseCase] Starting (textLength=699, topN=10)
2025-11-27 04:19:20.764  7901-7946  SmartRecorder/UseCase   com.yourname.smartrecorder           I  [MAIN] [UseCase: ExtractKeywordsUseCase] Completed (keywords=10, duration=2ms)
2025-11-27 04:19:20.764  7901-7946  SmartRecorder/UseCase   com.yourname.smartrecorder           I  [Performance] ExtractKeywordsUseCase took 2ms (textLength=699, keywords=10)
2025-11-27 04:19:20.764  7901-7946  SmartRecor...Transcript com.yourname.smartrecorder           I  [Performance] ExtractKeywords took 2ms (count=10)
2025-11-27 04:19:20.764  7901-7946  SmartRecor...Transcript com.yourname.smartrecorder           D  Questions detected: 1
2025-11-27 04:19:20.866  7901-7901  SmartRecor...Repository com.yourname.smartrecorder           D  [Flow: getNotesByRecordingId] Emitted -> recordingId=b10c3b84-42bb-4c43-bfe5-b08ba638867f, count=0
2025-11-27 04:19:20.867  7901-7901  SmartRecor...Transcript com.yourname.smartrecorder           D  Notes loaded -> count: 0
2025-11-27 04:19:20.867  7901-7901  SmartRecor...Transcript com.yourname.smartrecorder           I  [MAIN] [ViewModel: TranscriptViewModel] loadRecording completed -> State: duration=167ms, segments=16, notes=0
2025-11-27 04:19:20.867  7901-7901  SmartRecorder/ViewModel com.yourname.smartrecorder           D  [TranscriptTabContent] State -> segmentsCount: 16, isGenerating: false, isLoading: false, searchQuery: 
2025-11-27 04:19:20.868  7901-7901  SmartRecor...Repository com.yourname.smartrecorder           D  [Flow: getBookmarksByRecordingId] Emitted -> recordingId=b10c3b84-42bb-4c43-bfe5-b08ba638867f, count=0
2025-11-27 04:19:20.868  7901-7901  SmartRecorder/UseCase   com.yourname.smartrecorder           I  [MAIN] [UseCase: GetBookmarksUseCase] Emitted (recordingId=b10c3b84-42bb-4c43-bfe5-b08ba638867f, count=0)
2025-11-27 04:19:20.868  7901-7901  SmartRecor...Transcript com.yourname.smartrecorder           D  Bookmarks loaded: 0
2025-11-27 04:19:32.682  1198-1219  SGM:GameManager         system_server                        D  identifyForegroundApp. com.yourname.smartrecorder, mCurrentUserId: 0, callerUserId: 0
2025-11-27 04:19:32.682  1198-1219  SGM:PkgDataHelper       system_server                        D  getGamePkgData(). com.yourname.smartrecorder
2025-11-27 04:19:32.683  1198-1219  SGM:GameManager         system_server                        D  identifyForegroundApp. com.yourname.smartrecorder, mCurrentUserId: 0, callerUserId: 150
2025-11-27 04:19:32.683  1198-1219  SGM:PkgDataHelper       system_server                        D  getGamePkgData(). com.yourname.smartrecorder
2025-11-27 04:19:33.020  7901-7901  ViewRootIm...nActivity] com.yourname.smartrecorder           I  ViewPostIme pointer 0
2025-11-27 04:19:33.090  7901-7901  e.smartrecorder         com.yourname.smartrecorder           I  hiddenapi: Accessing hidden method Landroid/view/ViewTreeObserver;->dispatchOnScrollChanged()V (runtime_flags=0, domain=platform, api=unsupported) from Landroidx/compose/ui/platform/AndroidComposeView$Companion; (domain=app) using reflection: allowed
2025-11-27 04:19:33.184  1198-1198  SGM:GameManager         system_server                        D  identifyGamePackage. com.yourname.smartrecorder, mCurrentUserId: 0, callerUserId: 0, callingMethodInfo: com.android.server.ssrm.fgapps.GameAppUtils.isGame(GameAppUtils.java:84)
2025-11-27 04:19:33.184  1198-1198  SGM:PkgDataHelper       system_server                        D  getGamePkgData(). com.yourname.smartrecorder
2025-11-27 04:19:33.186  1198-1198  SGM:GameManager         system_server                        D  identifyGamePackage. com.yourname.smartrecorder, mCurrentUserId: 0, callerUserId: 0, callingMethodInfo: com.android.server.ssrm.fgapps.GameAppUtils.isGame(GameAppUtils.java:84)
2025-11-27 04:19:33.186  1198-1198  SGM:PkgDataHelper       system_server                        D  getGamePkgData(). com.yourname.smartrecorder
2025-11-27 04:19:33.188  7901-7901  ViewRootIm...nActivity] com.yourname.smartrecorder           I  ViewPostIme pointer 1
2025-11-27 04:19:33.216  7901-7901  ViewRootIm...nActivity] com.yourname.smartrecorder           I  ViewPostIme pointer 0
2025-11-27 04:19:33.343  1198-7983  SGM:GameManager         system_server                        D  identifyGamePackage. com.yourname.smartrecorder, mCurrentUserId: 0, callerUserId: 0, callingMethodInfo: com.android.server.ssrm.SortingMachine.isGame(SortingMachine.java:162)
2025-11-27 04:19:33.343  1198-7983  SGM:PkgDataHelper       system_server                        D  getGamePkgData(). com.yourname.smartrecorder
2025-11-27 04:19:33.559  7901-7901  Compatibil...geReporter com.yourname.smartrecorder           D  Compat change id reported: 171228096; UID 10945; state: ENABLED
2025-11-27 04:19:33.561  1198-1198  SGM:GameManager         system_server                        D  identifyGamePackage. com.yourname.smartrecorder, mCurrentUserId: 0, callerUserId: 0, callingMethodInfo: com.android.server.ssrm.fgapps.GameAppUtils.isGame(GameAppUtils.java:84)
2025-11-27 04:19:33.561  1198-1198  SGM:PkgDataHelper       system_server                        D  getGamePkgData(). com.yourname.smartrecorder
2025-11-27 04:19:33.562  1198-1198  SGM:GameManager         system_server                        D  identifyGamePackage. com.yourname.smartrecorder, mCurrentUserId: 0, callerUserId: 0, callingMethodInfo: com.android.server.ssrm.fgapps.GameAppUtils.isGame(GameAppUtils.java:84)
2025-11-27 04:19:33.562  1198-1198  SGM:PkgDataHelper       system_server                        D  getGamePkgData(). com.yourname.smartrecorder
2025-11-27 04:19:33.564  7901-7901  ViewRootIm...nActivity] com.yourname.smartrecorder           I  ViewPostIme pointer 1
2025-11-27 04:19:34.769  7901-7901  ViewRootIm...nActivity] com.yourname.smartrecorder           I  ViewPostIme pointer 0
2025-11-27 04:19:34.818  7901-7901  ViewRootIm...nActivity] com.yourname.smartrecorder           I  ViewPostIme pointer 1
2025-11-27 04:19:34.820  7901-7901  SmartRecor...Transcript com.yourname.smartrecorder           I  [MAIN] User seeking to position: 3440 ms (6,44%)
2025-11-27 04:19:34.820  7901-7901  SmartRecorder/Audio     com.yourname.smartrecorder           D  Seeking to position: 3440 ms
2025-11-27 04:19:34.820  7901-7901  SmartRecorder/Audio     com.yourname.smartrecorder           D  Seek completed -> position: 3440 ms
2025-11-27 04:19:34.820  7901-7901  SmartRecor...Transcript com.yourname.smartrecorder           D  [BG] Seek completed -> position: 3440 ms
2025-11-27 04:19:36.310  7901-7901  ViewRootIm...nActivity] com.yourname.smartrecorder           I  ViewPostIme pointer 0
2025-11-27 04:19:36.345  7901-7901  ViewRootIm...nActivity] com.yourname.smartrecorder           I  ViewPostIme pointer 1
2025-11-27 04:19:36.347  7901-7901  SmartRecor...Transcript com.yourname.smartrecorder           I  [MAIN] Starting/resuming playback -> file: /data/user/0/com.yourname.smartrecorder/files/recordings/imported_b10c3b84-42bb-4c43-bfe5-b08ba638867f.m4a, size: 902596 bytes
2025-11-27 04:19:36.351  7901-7901  SmartRecorder/Service   com.yourname.smartrecorder           I  [CRIT] Playback foreground service started
2025-11-27 04:19:36.352  7901-7901  SmartRecorder/Audio     com.yourname.smartrecorder           I  [MAIN] Playing audio -> file: /data/user/0/com.yourname.smartrecorder/files/recordings/imported_b10c3b84-42bb-4c43-bfe5-b08ba638867f.m4a, size: 902596 bytes, exists: true
2025-11-27 04:19:36.352  7901-7901  SmartRecorder/Audio     com.yourname.smartrecorder           D  [BG] Creating MediaPlayer instance
2025-11-27 04:19:36.352  7901-7901  MediaPlayer-JNI         com.yourname.smartrecorder           V  native_setup
2025-11-27 04:19:36.352  7901-7901  MediaPlayerNative       com.yourname.smartrecorder           V  constructor
2025-11-27 04:19:36.355  7901-7901  MediaPlayerNative       com.yourname.smartrecorder           V  setListener
2025-11-27 04:19:36.357  7901-7901  SmartRecorder/Audio     com.yourname.smartrecorder           D  [BG] Setting data source -> path: /data/user/0/com.yourname.smartrecorder/files/recordings/imported_b10c3b84-42bb-4c43-bfe5-b08ba638867f.m4a
2025-11-27 04:19:36.359  7901-7901  MediaPlayer-JNI         com.yourname.smartrecorder           V  setDataSourceFD: fd 91
2025-11-27 04:19:36.359  7901-7901  MediaPlayerNative       com.yourname.smartrecorder           V  setDataSource(91, 0, 576460752303423487)
2025-11-27 04:19:36.360   997-14088 MediaPlayerService      mediaserver                          V  Create new client(138) from AttributionSourceState{pid: 7901, uid: 10945, packageName: com.yourname.smartrecorder, attributionTag: (null), token: {no toString() implemented}, renouncedPermissions: [], next: []}, 
2025-11-27 04:19:36.370  7901-7901  SmartRecorder/Audio     com.yourname.smartrecorder           D  [BG] Preparing MediaPlayer
2025-11-27 04:19:36.370  7901-7901  MediaPlayerNative       com.yourname.smartrecorder           V  setVideoSurfaceTexture
2025-11-27 04:19:36.370  7901-7901  MediaPlayerNative       com.yourname.smartrecorder           V  prepare
2025-11-27 04:19:36.380  7901-10075 MediaPlayerNative       com.yourname.smartrecorder           V  message received msg=200, ext1=10973, ext2=0
2025-11-27 04:19:36.380  7901-10075 MediaPlayerNative       com.yourname.smartrecorder           W  info/warning (10973, 0)
2025-11-27 04:19:36.383  7901-10075 MediaPlayerNative       com.yourname.smartrecorder           V  message received msg=1, ext1=0, ext2=0
2025-11-27 04:19:36.383  7901-10075 MediaPlayerNative       com.yourname.smartrecorder           V  MediaPlayer::notify() prepared
2025-11-27 04:19:36.383  7901-10075 MediaPlayerNative       com.yourname.smartrecorder           V  signal application thread
2025-11-27 04:19:36.383  7901-7901  MediaPlayerNative       com.yourname.smartrecorder           V  prepare complete - status=0
2025-11-27 04:19:36.386  7901-7901  MediaPlayerNative       com.yourname.smartrecorder           V  invoke 76
2025-11-27 04:19:36.389  7901-7901  MediaPlayerNative       com.yourname.smartrecorder           V  getDuration_l
2025-11-27 04:19:36.389  7901-7901  MediaPlayer-JNI         com.yourname.smartrecorder           V  getDuration: 53381 (msec)
2025-11-27 04:19:36.390  7901-7901  SmartRecorder/Audio     com.yourname.smartrecorder           I  [MAIN] MediaPlayer prepared -> duration: 53381 ms (0,89 minutes)
2025-11-27 04:19:36.390  7901-7901  MediaPlayer-JNI         com.yourname.smartrecorder           V  setLooping: 0
2025-11-27 04:19:36.390  7901-7901  MediaPlayerNative       com.yourname.smartrecorder           V  MediaPlayer::setLooping
2025-11-27 04:19:36.390  7901-7901  MediaPlayer-JNI         com.yourname.smartrecorder           V  isLooping
2025-11-27 04:19:36.390  7901-7901  MediaPlayerNative       com.yourname.smartrecorder           V  isLooping
2025-11-27 04:19:36.390  7901-7901  MediaPlayer-JNI         com.yourname.smartrecorder           V  setLooping: 0
2025-11-27 04:19:36.390  7901-7901  MediaPlayerNative       com.yourname.smartrecorder           V  MediaPlayer::setLooping
2025-11-27 04:19:36.390  7901-7901  MediaPlayer-JNI         com.yourname.smartrecorder           V  isLooping
2025-11-27 04:19:36.390  7901-7901  MediaPlayerNative       com.yourname.smartrecorder           V  isLooping
2025-11-27 04:19:36.390  7901-7901  SmartRecorder/Audio     com.yourname.smartrecorder           D  [BG] Looping set to: false
2025-11-27 04:19:36.390  7901-7901  SmartRecorder/Audio     com.yourname.smartrecorder           D  [BG] Starting MediaPlayer
2025-11-27 04:19:36.391  7901-7901  MediaPlayer-JNI         com.yourname.smartrecorder           V  start
2025-11-27 04:19:36.391  7901-7901  MediaPlayerNative       com.yourname.smartrecorder           V  start
2025-11-27 04:19:36.392  7901-7901  SmartRecorder/Audio     com.yourname.smartrecorder           I  [MAIN] Audio playback started successfully -> file: /data/user/0/com.yourname.smartrecorder/files/recordings/imported_b10c3b84-42bb-4c43-bfe5-b08ba638867f.m4a, setupTime: 40ms
2025-11-27 04:19:36.392  7901-7901  SmartRecorder/Audio     com.yourname.smartrecorder           D  Setting looping: false
2025-11-27 04:19:36.392  7901-7901  MediaPlayer-JNI         com.yourname.smartrecorder           V  setLooping: 0
2025-11-27 04:19:36.392  7901-7901  MediaPlayerNative       com.yourname.smartrecorder           V  MediaPlayer::setLooping
2025-11-27 04:19:36.392  7901-7901  SmartRecor...Transcript com.yourname.smartrecorder           I  [MAIN] Started new playback -> duration: 53380 ms, looping: false
2025-11-27 04:19:36.397  7901-7901  SmartRecorder/Service   com.yourname.smartrecorder           I  [CRIT] [Service: PlaybackForegroundService] onCreate
2025-11-27 04:19:36.397 23524-23569 BWU@AudioP...rolManager com.samsung.android.bixby.wakeup     I  Ph_com.yourname.smartrecorder is now playing [VF-T-L] 
2025-11-27 04:19:36.398  7901-7901  SmartRecorder/Service   com.yourname.smartrecorder           I  [CRIT] [Service: PlaybackForegroundService] onStartCommand -> action=null, flags=0, startId=1
2025-11-27 04:19:36.398  7901-7901  SmartRecorder/Service   com.yourname.smartrecorder           I  [CRIT] Playback started in foreground service
2025-11-27 04:19:36.399  7901-7901  Compatibil...geReporter com.yourname.smartrecorder           D  Compat change id reported: 160794467; UID 10945; state: ENABLED
2025-11-27 04:19:36.399 22947-22947 BubblesManager          com.android.systemui                 D  onNotificationChannelModified : pkg=com.yourname.smartrecorder ,modificationType:1
2025-11-27 04:19:36.404 22947-22961 SecFgsMana...rollerImpl com.android.systemui                 D  onForegroundStateChanged: dialogShown:false, isForeground:true, packageName:com.yourname.smartrecorder , token:android.os.BinderProxy@39bd9e9, userId:0
2025-11-27 04:19:36.404  1198-1294  ApplicationPolicy       system_server                        D  isStatusBarNotificationAllowedAsUser: packageName = com.yourname.smartrecorder,userId = 0
2025-11-27 04:19:36.405  1198-1294  ApplicationPolicy       system_server                        D  isStatusBarNotificationAllowedAsUser: packageName = com.yourname.smartrecorder,userId = 0
2025-11-27 04:19:36.405  1198-1294  NotificationService     system_server                        E  Suppressing notification from package com.yourname.smartrecorder by user request.
2025-11-27 04:19:36.405 22947-22961 SecFgsMana...rollerImpl com.android.systemui                 D  updateUiControl[com.yourname.smartrecorder]: -1
2025-11-27 04:19:36.418  7901-10063 BufferPoolAccessor2.0   com.yourname.smartrecorder           D  bufferpool2 0x719dc8e228 : 0(0 size) total buffers - 0(0 size) used buffers - 1/6 (recycle/alloc) - 5/2301 (fetch/transfer)
2025-11-27 04:19:36.418  7901-10063 BufferPoolAccessor2.0   com.yourname.smartrecorder           D  Destruction - bufferpool2 0x719dc8e228 cached: 0/0M, 0/0% in use; allocs: 6, 17% recycled; transfers: 2301, 100% unfetched
2025-11-27 04:19:36.424  7901-7901  MediaPlayerNative       com.yourname.smartrecorder           V  invoke 76
2025-11-27 04:19:36.479  7901-10075 MediaPlayerNative       com.yourname.smartrecorder           V  message received msg=10000, ext1=21, ext2=3
2025-11-27 04:19:36.480  7901-10075 MediaPlayerNative       com.yourname.smartrecorder           V  message received msg=6, ext1=0, ext2=0
2025-11-27 04:19:36.480  7901-10075 MediaPlayerNative       com.yourname.smartrecorder           V  Received media started message
2025-11-27 04:19:36.492 23524-23569 BWU@AudioP...rolManager com.samsung.android.bixby.wakeup     I  Ph_com.yourname.smartrecorder is now playing [VF-T-L] 
2025-11-27 04:19:36.496  7901-7901  SmartRecorder/Service   com.yourname.smartrecorder           I  [CRIT] [Service: PlaybackForegroundService] onStartCommand -> action=null, flags=0, startId=2
2025-11-27 04:19:36.498  1198-1219  ApplicationPolicy       system_server                        D  isStatusBarNotificationAllowedAsUser: packageName = com.yourname.smartrecorder,userId = 0
2025-11-27 04:19:36.498  1198-1219  ApplicationPolicy       system_server                        D  isStatusBarNotificationAllowedAsUser: packageName = com.yourname.smartrecorder,userId = 0
2025-11-27 04:19:36.498  1198-1219  NotificationService     system_server                        E  Suppressing notification from package com.yourname.smartrecorder by user request.
2025-11-27 04:19:36.596  7901-10075 MediaPlayerNative       com.yourname.smartrecorder           V  message received msg=211, ext1=0, ext2=0
2025-11-27 04:19:36.599  7901-7901  SmartRecorder/Service   com.yourname.smartrecorder           I  [CRIT] [Service: PlaybackForegroundService] onStartCommand -> action=null, flags=0, startId=3
2025-11-27 04:19:36.602  1198-3312  ApplicationPolicy       system_server                        D  isStatusBarNotificationAllowedAsUser: packageName = com.yourname.smartrecorder,userId = 0
2025-11-27 04:19:36.602  1198-3312  ApplicationPolicy       system_server                        D  isStatusBarNotificationAllowedAsUser: packageName = com.yourname.smartrecorder,userId = 0
2025-11-27 04:19:36.602  1198-3312  NotificationService     system_server                        E  Suppressing notification from package com.yourname.smartrecorder by user request.
2025-11-27 04:19:36.701  7901-7901  SmartRecorder/Service   com.yourname.smartrecorder           I  [CRIT] [Service: PlaybackForegroundService] onStartCommand -> action=null, flags=0, startId=4
2025-11-27 04:19:36.704  1198-1895  ApplicationPolicy       system_server                        D  isStatusBarNotificationAllowedAsUser: packageName = com.yourname.smartrecorder,userId = 0
2025-11-27 04:19:36.704  1198-1895  ApplicationPolicy       system_server                        D  isStatusBarNotificationAllowedAsUser: packageName = com.yourname.smartrecorder,userId = 0
2025-11-27 04:19:36.704  1198-1895  NotificationService     system_server                        E  Suppressing notification from package com.yourname.smartrecorder by user request.
2025-11-27 04:19:36.717  7901-10075 MediaPlayerNative       com.yourname.smartrecorder           V  message received msg=211, ext1=0, ext2=0
2025-11-27 04:19:36.717  7901-10075 MediaPlayerNative       com.yourname.smartrecorder           V  message received msg=211, ext1=0, ext2=0
2025-11-27 04:19:36.717  7901-10075 MediaPlayerNative       com.yourname.smartrecorder           V  message received msg=211, ext1=0, ext2=0
2025-11-27 04:19:36.822  7901-7901  SmartRecorder/Service   com.yourname.smartrecorder           I  [CRIT] [Service: PlaybackForegroundService] onStartCommand -> action=null, flags=0, startId=5
2025-11-27 04:19:36.824  1198-1895  ApplicationPolicy       system_server                        D  isStatusBarNotificationAllowedAsUser: packageName = com.yourname.smartrecorder,userId = 0
2025-11-27 04:19:36.825  1198-1895  ApplicationPolicy       system_server                        D  isStatusBarNotificationAllowedAsUser: packageName = com.yourname.smartrecorder,userId = 0
2025-11-27 04:19:36.825  1198-1895  NotificationService     system_server                        E  Suppressing notification from package com.yourname.smartrecorder by user request.
2025-11-27 04:19:37.102  7901-7901  ViewRootIm...nActivity] com.yourname.smartrecorder           I  ViewPostIme pointer 0
2025-11-27 04:19:37.152  7901-7901  ViewRootIm...nActivity] com.yourname.smartrecorder           I  ViewPostIme pointer 1
2025-11-27 04:19:37.505 23524-23524 BWU@AudioP...rolManager com.samsung.android.bixby.wakeup     I  Ph_com.yourname.smartrecorder is now playing [main] 
2025-11-27 04:19:37.512 23524-10808 BWU@AudioP...rolManager com.samsung.android.bixby.wakeup     I  Ph_com.yourname.smartrecorder is now playing [Timer-9] 
2025-11-27 04:19:37.516 23524-10808 BWU@AudioP...rolManager com.samsung.android.bixby.wakeup     I  Ph_com.yourname.smartrecorder is now playing [Timer-9] 
2025-11-27 04:19:37.668  7901-7901  ViewRootIm...nActivity] com.yourname.smartrecorder           I  ViewPostIme pointer 0
2025-11-27 04:19:37.744  7901-7901  ViewRootIm...nActivity] com.yourname.smartrecorder           I  ViewPostIme pointer 1
2025-11-27 04:19:37.746  7901-7901  SmartRecor...Transcript com.yourname.smartrecorder           I  [MAIN] User seeking to position: 0 ms (0,00%)
2025-11-27 04:19:37.746  7901-7901  SmartRecorder/Audio     com.yourname.smartrecorder           D  Seeking to position: 0 ms
2025-11-27 04:19:37.746  7901-7901  MediaPlayer-JNI         com.yourname.smartrecorder           V  seekTo: 0(msec), mode=0
2025-11-27 04:19:37.746  7901-7901  MediaPlayerNative       com.yourname.smartrecorder           V  seekTo (0, 0)
2025-11-27 04:19:37.746  7901-10075 MediaPlayerNative       com.yourname.smartrecorder           V  message received msg=7, ext1=0, ext2=0
2025-11-27 04:19:37.747  7901-7901  SmartRecorder/Audio     com.yourname.smartrecorder           D  Seek completed -> position: 0 ms
2025-11-27 04:19:37.747  7901-10075 MediaPlayerNative       com.yourname.smartrecorder           V  message received msg=211, ext1=0, ext2=0
2025-11-27 04:19:37.749  7901-7901  SmartRecor...Transcript com.yourname.smartrecorder           D  [BG] Seek completed -> position: 0 ms
2025-11-27 04:19:37.770  7901-7901  SmartRecorder/Service   com.yourname.smartrecorder           I  [CRIT] [Service: PlaybackForegroundService] onStartCommand -> action=null, flags=0, startId=6
2025-11-27 04:19:37.772  1198-1897  ApplicationPolicy       system_server                        D  isStatusBarNotificationAllowedAsUser: packageName = com.yourname.smartrecorder,userId = 0
2025-11-27 04:19:37.772  1198-1897  ApplicationPolicy       system_server                        D  isStatusBarNotificationAllowedAsUser: packageName = com.yourname.smartrecorder,userId = 0
2025-11-27 04:19:37.772  1198-1897  NotificationService     system_server                        E  Suppressing notification from package com.yourname.smartrecorder by user request.
2025-11-27 04:19:37.775  7901-7901  MediaPlayerNative       com.yourname.smartrecorder           V  Using cached seek position: 0
2025-11-27 04:19:37.801  7901-10075 MediaPlayerNative       com.yourname.smartrecorder           V  message received msg=4, ext1=0, ext2=0
2025-11-27 04:19:37.801  7901-10075 MediaPlayerNative       com.yourname.smartrecorder           V  Received seek complete
2025-11-27 04:19:37.801  7901-10075 MediaPlayerNative       com.yourname.smartrecorder           V  All seeks complete - return to regularly scheduled program
2025-11-27 04:19:37.809  7901-10075 MediaPlayerNative       com.yourname.smartrecorder           V  message received msg=6, ext1=0, ext2=0
2025-11-27 04:19:37.809  7901-10075 MediaPlayerNative       com.yourname.smartrecorder           V  Received media started message
2025-11-27 04:19:37.815  7901-7901  SmartRecorder/Service   com.yourname.smartrecorder           I  [CRIT] [Service: PlaybackForegroundService] onStartCommand -> action=null, flags=0, startId=7
2025-11-27 04:19:37.817  1198-1903  ApplicationPolicy       system_server                        D  isStatusBarNotificationAllowedAsUser: packageName = com.yourname.smartrecorder,userId = 0
2025-11-27 04:19:37.817  1198-1903  ApplicationPolicy       system_server                        D  isStatusBarNotificationAllowedAsUser: packageName = com.yourname.smartrecorder,userId = 0
2025-11-27 04:19:37.817  1198-1903  NotificationService     system_server                        E  Suppressing notification from package com.yourname.smartrecorder by user request.
2025-11-27 04:19:37.915  7901-10075 MediaPlayerNative       com.yourname.smartrecorder           V  message received msg=211, ext1=0, ext2=0
2025-11-27 04:19:37.917  7901-7901  SmartRecorder/Service   com.yourname.smartrecorder           I  [CRIT] [Service: PlaybackForegroundService] onStartCommand -> action=null, flags=0, startId=8
2025-11-27 04:19:37.920  1198-1897  ApplicationPolicy       system_server                        D  isStatusBarNotificationAllowedAsUser: packageName = com.yourname.smartrecorder,userId = 0
2025-11-27 04:19:37.920  1198-1897  ApplicationPolicy       system_server                        D  isStatusBarNotificationAllowedAsUser: packageName = com.yourname.smartrecorder,userId = 0
2025-11-27 04:19:37.920  1198-1897  NotificationService     system_server                        E  Suppressing notification from package com.yourname.smartrecorder by user request.
2025-11-27 04:19:38.000  7901-10075 MediaPlayerNative       com.yourname.smartrecorder           V  message received msg=211, ext1=0, ext2=0
2025-11-27 04:19:38.000  7901-10075 MediaPlayerNative       com.yourname.smartrecorder           V  message received msg=211, ext1=0, ext2=0
2025-11-27 04:19:38.000  7901-10075 MediaPlayerNative       com.yourname.smartrecorder           V  message received msg=211, ext1=0, ext2=0
2025-11-27 04:19:38.041  7901-7901  SmartRecorder/Service   com.yourname.smartrecorder           I  [CRIT] [Service: PlaybackForegroundService] onStartCommand -> action=null, flags=0, startId=9
2025-11-27 04:19:38.043  1198-1903  ApplicationPolicy       system_server                        D  isStatusBarNotificationAllowedAsUser: packageName = com.yourname.smartrecorder,userId = 0
2025-11-27 04:19:38.044  1198-1903  ApplicationPolicy       system_server                        D  isStatusBarNotificationAllowedAsUser: packageName = com.yourname.smartrecorder,userId = 0
2025-11-27 04:19:38.044  1198-1903  NotificationService     system_server                        E  Suppressing notification from package com.yourname.smartrecorder by user request.
2025-11-27 04:19:38.328  7901-7901  ViewRootIm...nActivity] com.yourname.smartrecorder           I  ViewPostIme pointer 0
2025-11-27 04:19:38.387  7901-7901  ViewRootIm...nActivity] com.yourname.smartrecorder           I  ViewPostIme pointer 1
2025-11-27 04:19:38.388  7901-7901  SmartRecor...Transcript com.yourname.smartrecorder           I  [MAIN] User seeking to position: 5840 ms (10,94%)
2025-11-27 04:19:38.388  7901-7901  SmartRecorder/Audio     com.yourname.smartrecorder           D  Seeking to position: 5840 ms
2025-11-27 04:19:38.388  7901-7901  MediaPlayer-JNI         com.yourname.smartrecorder           V  seekTo: 5840(msec), mode=0
2025-11-27 04:19:38.389  7901-7901  MediaPlayerNative       com.yourname.smartrecorder           V  seekTo (5840, 0)
2025-11-27 04:19:38.389  7901-7901  SmartRecorder/Audio     com.yourname.smartrecorder           D  Seek completed -> position: 5840 ms
2025-11-27 04:19:38.389  7901-10075 MediaPlayerNative       com.yourname.smartrecorder           V  message received msg=7, ext1=0, ext2=0
2025-11-27 04:19:38.389  7901-10075 MediaPlayerNative       com.yourname.smartrecorder           V  message received msg=211, ext1=0, ext2=0
2025-11-27 04:19:38.391  7901-7901  SmartRecor...Transcript com.yourname.smartrecorder           D  [BG] Seek completed -> position: 5840 ms
2025-11-27 04:19:38.417  7901-7901  SmartRecorder/Service   com.yourname.smartrecorder           I  [CRIT] [Service: PlaybackForegroundService] onStartCommand -> action=null, flags=0, startId=10
2025-11-27 04:19:38.419  1198-1903  ApplicationPolicy       system_server                        D  isStatusBarNotificationAllowedAsUser: packageName = com.yourname.smartrecorder,userId = 0
2025-11-27 04:19:38.419  1198-1903  ApplicationPolicy       system_server                        D  isStatusBarNotificationAllowedAsUser: packageName = com.yourname.smartrecorder,userId = 0
2025-11-27 04:19:38.419  1198-1903  NotificationService     system_server                        E  Suppressing notification from package com.yourname.smartrecorder by user request.
2025-11-27 04:19:38.420  7901-7901  MediaPlayerNative       com.yourname.smartrecorder           V  Using cached seek position: 5840
2025-11-27 04:19:38.422  7901-7901  MediaPlayerNative       com.yourname.smartrecorder           V  Using cached seek position: 5840
2025-11-27 04:19:38.443  7901-10075 MediaPlayerNative       com.yourname.smartrecorder           V  message received msg=4, ext1=0, ext2=0
2025-11-27 04:19:38.443  7901-10075 MediaPlayerNative       com.yourname.smartrecorder           V  Received seek complete
2025-11-27 04:19:38.443  7901-10075 MediaPlayerNative       com.yourname.smartrecorder           V  All seeks complete - return to regularly scheduled program
2025-11-27 04:19:38.451  7901-10075 MediaPlayerNative       com.yourname.smartrecorder           V  message received msg=6, ext1=0, ext2=0
2025-11-27 04:19:38.451  7901-10075 MediaPlayerNative       com.yourname.smartrecorder           V  Received media started message
2025-11-27 04:19:38.457  7901-10075 MediaPlayerNative       com.yourname.smartrecorder           V  message received msg=211, ext1=0, ext2=0
2025-11-27 04:19:38.617  7901-10075 MediaPlayerNative       com.yourname.smartrecorder           V  message received msg=211, ext1=0, ext2=0
2025-11-27 04:19:38.617  7901-10075 MediaPlayerNative       com.yourname.smartrecorder           V  message received msg=211, ext1=0, ext2=0
2025-11-27 04:19:38.617  7901-10075 MediaPlayerNative       com.yourname.smartrecorder           V  message received msg=211, ext1=0, ext2=0
2025-11-27 04:19:38.828  7901-7901  SmartRecorder/Service   com.yourname.smartrecorder           I  [CRIT] [Service: PlaybackForegroundService] onStartCommand -> action=null, flags=0, startId=11
2025-11-27 04:19:38.830  1198-1903  ApplicationPolicy       system_server                        D  isStatusBarNotificationAllowedAsUser: packageName = com.yourname.smartrecorder,userId = 0
2025-11-27 04:19:38.830  1198-1903  ApplicationPolicy       system_server                        D  isStatusBarNotificationAllowedAsUser: packageName = com.yourname.smartrecorder,userId = 0
2025-11-27 04:19:38.831  1198-1903  NotificationService     system_server                        E  Suppressing notification from package com.yourname.smartrecorder by user request.
2025-11-27 04:19:39.837  7901-7901  SmartRecorder/Service   com.yourname.smartrecorder           I  [CRIT] [Service: PlaybackForegroundService] onStartCommand -> action=null, flags=0, startId=12
2025-11-27 04:19:39.839  1198-1903  ApplicationPolicy       system_server                        D  isStatusBarNotificationAllowedAsUser: packageName = com.yourname.smartrecorder,userId = 0
2025-11-27 04:19:39.839  1198-1903  ApplicationPolicy       system_server                        D  isStatusBarNotificationAllowedAsUser: packageName = com.yourname.smartrecorder,userId = 0
2025-11-27 04:19:39.839  1198-1903  NotificationService     system_server                        E  Suppressing notification from package com.yourname.smartrecorder by user request.
2025-11-27 04:19:40.848  7901-7901  SmartRecorder/Service   com.yourname.smartrecorder           I  [CRIT] [Service: PlaybackForegroundService] onStartCommand -> action=null, flags=0, startId=13
2025-11-27 04:19:40.850  1198-1903  ApplicationPolicy       system_server                        D  isStatusBarNotificationAllowedAsUser: packageName = com.yourname.smartrecorder,userId = 0
2025-11-27 04:19:40.850  1198-1903  ApplicationPolicy       system_server                        D  isStatusBarNotificationAllowedAsUser: packageName = com.yourname.smartrecorder,userId = 0
2025-11-27 04:19:40.851  1198-1903  NotificationService     system_server                        E  Suppressing notification from package com.yourname.smartrecorder by user request.
2025-11-27 04:19:41.419  7901-10062 BufferPoolAccessor2.0   com.yourname.smartrecorder           D  evictor expired: 1, evicted: 0
2025-11-27 04:19:41.760  7901-7901  SmartRecorder/Service   com.yourname.smartrecorder           I  [CRIT] [Service: PlaybackForegroundService] onStartCommand -> action=null, flags=0, startId=14
2025-11-27 04:19:41.763  1198-1903  ApplicationPolicy       system_server                        D  isStatusBarNotificationAllowedAsUser: packageName = com.yourname.smartrecorder,userId = 0
2025-11-27 04:19:41.763  1198-1903  ApplicationPolicy       system_server                        D  isStatusBarNotificationAllowedAsUser: packageName = com.yourname.smartrecorder,userId = 0
2025-11-27 04:19:41.763  1198-1903  NotificationService     system_server                        E  Suppressing notification from package com.yourname.smartrecorder by user request.
2025-11-27 04:19:42.769  7901-7901  SmartRecorder/Service   com.yourname.smartrecorder           I  [CRIT] [Service: PlaybackForegroundService] onStartCommand -> action=null, flags=0, startId=15
2025-11-27 04:19:42.771  1198-1897  ApplicationPolicy       system_server                        D  isStatusBarNotificationAllowedAsUser: packageName = com.yourname.smartrecorder,userId = 0
2025-11-27 04:19:42.772  1198-1897  ApplicationPolicy       system_server                        D  isStatusBarNotificationAllowedAsUser: packageName = com.yourname.smartrecorder,userId = 0
2025-11-27 04:19:42.772  1198-1897  NotificationService     system_server                        E  Suppressing notification from package com.yourname.smartrecorder by user request.
2025-11-27 04:19:43.779  7901-7901  SmartRecorder/Service   com.yourname.smartrecorder           I  [CRIT] [Service: PlaybackForegroundService] onStartCommand -> action=null, flags=0, startId=16
2025-11-27 04:19:43.781  1198-1903  ApplicationPolicy       system_server                        D  isStatusBarNotificationAllowedAsUser: packageName = com.yourname.smartrecorder,userId = 0
2025-11-27 04:19:43.781  1198-1903  ApplicationPolicy       system_server                        D  isStatusBarNotificationAllowedAsUser: packageName = com.yourname.smartrecorder,userId = 0
2025-11-27 04:19:43.781  1198-1903  NotificationService     system_server                        E  Suppressing notification from package com.yourname.smartrecorder by user request.
2025-11-27 04:19:44.790  7901-7901  SmartRecorder/Service   com.yourname.smartrecorder           I  [CRIT] [Service: PlaybackForegroundService] onStartCommand -> action=null, flags=0, startId=17
2025-11-27 04:19:44.792  1198-1903  ApplicationPolicy       system_server                        D  isStatusBarNotificationAllowedAsUser: packageName = com.yourname.smartrecorder,userId = 0
2025-11-27 04:19:44.792  1198-1903  ApplicationPolicy       system_server                        D  isStatusBarNotificationAllowedAsUser: packageName = com.yourname.smartrecorder,userId = 0
2025-11-27 04:19:44.792  1198-1903  NotificationService     system_server                        E  Suppressing notification from package com.yourname.smartrecorder by user request.
2025-11-27 04:19:45.797  7901-7901  SmartRecorder/Service   com.yourname.smartrecorder           I  [CRIT] [Service: PlaybackForegroundService] onStartCommand -> action=null, flags=0, startId=18
2025-11-27 04:19:45.799  1198-1902  ApplicationPolicy       system_server                        D  isStatusBarNotificationAllowedAsUser: packageName = com.yourname.smartrecorder,userId = 0
2025-11-27 04:19:45.799  1198-1902  ApplicationPolicy       system_server                        D  isStatusBarNotificationAllowedAsUser: packageName = com.yourname.smartrecorder,userId = 0
2025-11-27 04:19:45.799  1198-1902  NotificationService     system_server                        E  Suppressing notification from package com.yourname.smartrecorder by user request.
2025-11-27 04:19:46.805  7901-7901  SmartRecorder/Service   com.yourname.smartrecorder           I  [CRIT] [Service: PlaybackForegroundService] onStartCommand -> action=null, flags=0, startId=19
2025-11-27 04:19:46.807  1198-1902  ApplicationPolicy       system_server                        D  isStatusBarNotificationAllowedAsUser: packageName = com.yourname.smartrecorder,userId = 0
2025-11-27 04:19:46.808  1198-1902  ApplicationPolicy       system_server                        D  isStatusBarNotificationAllowedAsUser: packageName = com.yourname.smartrecorder,userId = 0
2025-11-27 04:19:46.808  1198-1902  NotificationService     system_server                        E  Suppressing notification from package com.yourname.smartrecorder by user request.
2025-11-27 04:19:47.810  7901-7901  SmartRecorder/Service   com.yourname.smartrecorder           I  [CRIT] [Service: PlaybackForegroundService] onStartCommand -> action=null, flags=0, startId=20
2025-11-27 04:19:47.812  1198-1902  ApplicationPolicy       system_server                        D  isStatusBarNotificationAllowedAsUser: packageName = com.yourname.smartrecorder,userId = 0
2025-11-27 04:19:47.812  1198-1902  ApplicationPolicy       system_server                        D  isStatusBarNotificationAllowedAsUser: packageName = com.yourname.smartrecorder,userId = 0
2025-11-27 04:19:47.812  1198-1902  NotificationService     system_server                        E  Suppressing notification from package com.yourname.smartrecorder by user request.
2025-11-27 04:19:48.820  7901-7901  SmartRecorder/Service   com.yourname.smartrecorder           I  [CRIT] [Service: PlaybackForegroundService] onStartCommand -> action=null, flags=0, startId=21
2025-11-27 04:19:48.822  1198-1218  ApplicationPolicy       system_server                        D  isStatusBarNotificationAllowedAsUser: packageName = com.yourname.smartrecorder,userId = 0
2025-11-27 04:19:48.822  1198-1218  ApplicationPolicy       system_server                        D  isStatusBarNotificationAllowedAsUser: packageName = com.yourname.smartrecorder,userId = 0
2025-11-27 04:19:48.822  1198-1218  NotificationService     system_server                        E  Suppressing notification from package com.yourname.smartrecorder by user request.
2025-11-27 04:19:49.830  7901-7901  SmartRecorder/Service   com.yourname.smartrecorder           I  [CRIT] [Service: PlaybackForegroundService] onStartCommand -> action=null, flags=0, startId=22
2025-11-27 04:19:49.834  1198-1218  ApplicationPolicy       system_server                        D  isStatusBarNotificationAllowedAsUser: packageName = com.yourname.smartrecorder,userId = 0
2025-11-27 04:19:49.834  1198-1218  ApplicationPolicy       system_server                        D  isStatusBarNotificationAllowedAsUser: packageName = com.yourname.smartrecorder,userId = 0
2025-11-27 04:19:49.835  1198-1218  NotificationService     system_server                        E  Suppressing notification from package com.yourname.smartrecorder by user request.
2025-11-27 04:19:50.840  7901-7901  SmartRecorder/Service   com.yourname.smartrecorder           I  [CRIT] [Service: PlaybackForegroundService] onStartCommand -> action=null, flags=0, startId=23
2025-11-27 04:19:50.843  1198-1218  ApplicationPolicy       system_server                        D  isStatusBarNotificationAllowedAsUser: packageName = com.yourname.smartrecorder,userId = 0
2025-11-27 04:19:50.843  1198-1218  ApplicationPolicy       system_server                        D  isStatusBarNotificationAllowedAsUser: packageName = com.yourname.smartrecorder,userId = 0
2025-11-27 04:19:50.843  1198-1218  NotificationService     system_server                        E  Suppressing notification from package com.yourname.smartrecorder by user request.
2025-11-27 04:19:51.850  7901-7901  SmartRecorder/Service   com.yourname.smartrecorder           I  [CRIT] [Service: PlaybackForegroundService] onStartCommand -> action=null, flags=0, startId=24
2025-11-27 04:19:51.852  1198-1218  ApplicationPolicy       system_server                        D  isStatusBarNotificationAllowedAsUser: packageName = com.yourname.smartrecorder,userId = 0
2025-11-27 04:19:51.852  1198-1218  ApplicationPolicy       system_server                        D  isStatusBarNotificationAllowedAsUser: packageName = com.yourname.smartrecorder,userId = 0
2025-11-27 04:19:51.853  1198-1218  NotificationService     system_server                        E  Suppressing notification from package com.yourname.smartrecorder by user request.
2025-11-27 04:19:52.761  7901-7901  SmartRecorder/Service   com.yourname.smartrecorder           I  [CRIT] [Service: PlaybackForegroundService] onStartCommand -> action=null, flags=0, startId=25
2025-11-27 04:19:52.763  1198-1218  ApplicationPolicy       system_server                        D  isStatusBarNotificationAllowedAsUser: packageName = com.yourname.smartrecorder,userId = 0
2025-11-27 04:19:52.763  1198-1218  ApplicationPolicy       system_server                        D  isStatusBarNotificationAllowedAsUser: packageName = com.yourname.smartrecorder,userId = 0
2025-11-27 04:19:52.764  1198-1218  NotificationService     system_server                        E  Suppressing notification from package com.yourname.smartrecorder by user request.
2025-11-27 04:19:53.773  7901-7901  SmartRecorder/Service   com.yourname.smartrecorder           I  [CRIT] [Service: PlaybackForegroundService] onStartCommand -> action=null, flags=0, startId=26
2025-11-27 04:19:53.775  1198-1218  ApplicationPolicy       system_server                        D  isStatusBarNotificationAllowedAsUser: packageName = com.yourname.smartrecorder,userId = 0
2025-11-27 04:19:53.776  1198-1218  ApplicationPolicy       system_server                        D  isStatusBarNotificationAllowedAsUser: packageName = com.yourname.smartrecorder,userId = 0
2025-11-27 04:19:53.776  1198-1218  NotificationService     system_server                        E  Suppressing notification from package com.yourname.smartrecorder by user request.
2025-11-27 04:19:54.785  7901-7901  SmartRecorder/Service   com.yourname.smartrecorder           I  [CRIT] [Service: PlaybackForegroundService] onStartCommand -> action=null, flags=0, startId=27
2025-11-27 04:19:54.787  1198-1218  ApplicationPolicy       system_server                        D  isStatusBarNotificationAllowedAsUser: packageName = com.yourname.smartrecorder,userId = 0
2025-11-27 04:19:54.787  1198-1218  ApplicationPolicy       system_server                        D  isStatusBarNotificationAllowedAsUser: packageName = com.yourname.smartrecorder,userId = 0
2025-11-27 04:19:54.787  1198-1218  NotificationService     system_server                        E  Suppressing notification from package com.yourname.smartrecorder by user request.
2025-11-27 04:19:55.792  7901-7901  SmartRecorder/Service   com.yourname.smartrecorder           I  [CRIT] [Service: PlaybackForegroundService] onStartCommand -> action=null, flags=0, startId=28
2025-11-27 04:19:55.794  1198-1218  ApplicationPolicy       system_server                        D  isStatusBarNotificationAllowedAsUser: packageName = com.yourname.smartrecorder,userId = 0
2025-11-27 04:19:55.794  1198-1218  ApplicationPolicy       system_server                        D  isStatusBarNotificationAllowedAsUser: packageName = com.yourname.smartrecorder,userId = 0
2025-11-27 04:19:55.794  1198-1218  NotificationService     system_server                        E  Suppressing notification from package com.yourname.smartrecorder by user request.
2025-11-27 04:19:56.802  7901-7901  SmartRecorder/Service   com.yourname.smartrecorder           I  [CRIT] [Service: PlaybackForegroundService] onStartCommand -> action=null, flags=0, startId=29
2025-11-27 04:19:56.804  1198-1218  ApplicationPolicy       system_server                        D  isStatusBarNotificationAllowedAsUser: packageName = com.yourname.smartrecorder,userId = 0
2025-11-27 04:19:56.804  1198-1218  ApplicationPolicy       system_server                        D  isStatusBarNotificationAllowedAsUser: packageName = com.yourname.smartrecorder,userId = 0
2025-11-27 04:19:56.804  1198-1218  NotificationService     system_server                        E  Suppressing notification from package com.yourname.smartrecorder by user request.
2025-11-27 04:19:57.806  7901-7901  SmartRecorder/Service   com.yourname.smartrecorder           I  [CRIT] [Service: PlaybackForegroundService] onStartCommand -> action=null, flags=0, startId=30
2025-11-27 04:19:57.808  1198-1218  ApplicationPolicy       system_server                        D  isStatusBarNotificationAllowedAsUser: packageName = com.yourname.smartrecorder,userId = 0
2025-11-27 04:19:57.808  1198-1218  ApplicationPolicy       system_server                        D  isStatusBarNotificationAllowedAsUser: packageName = com.yourname.smartrecorder,userId = 0
2025-11-27 04:19:57.808  1198-1218  NotificationService     system_server                        E  Suppressing notification from package com.yourname.smartrecorder by user request.
2025-11-27 04:19:58.817  7901-7901  SmartRecorder/Service   com.yourname.smartrecorder           I  [CRIT] [Service: PlaybackForegroundService] onStartCommand -> action=null, flags=0, startId=31
2025-11-27 04:19:58.819  1198-1218  ApplicationPolicy       system_server                        D  isStatusBarNotificationAllowedAsUser: packageName = com.yourname.smartrecorder,userId = 0
2025-11-27 04:19:58.819  1198-1218  ApplicationPolicy       system_server                        D  isStatusBarNotificationAllowedAsUser: packageName = com.yourname.smartrecorder,userId = 0
2025-11-27 04:19:58.819  1198-1218  NotificationService     system_server                        E  Suppressing notification from package com.yourname.smartrecorder by user request.
2025-11-27 04:19:59.825  7901-7901  SmartRecorder/Service   com.yourname.smartrecorder           I  [CRIT] [Service: PlaybackForegroundService] onStartCommand -> action=null, flags=0, startId=32
2025-11-27 04:19:59.827  1198-1218  ApplicationPolicy       system_server                        D  isStatusBarNotificationAllowedAsUser: packageName = com.yourname.smartrecorder,userId = 0
2025-11-27 04:19:59.827  1198-1218  ApplicationPolicy       system_server                        D  isStatusBarNotificationAllowedAsUser: packageName = com.yourname.smartrecorder,userId = 0
2025-11-27 04:19:59.827  1198-1218  NotificationService     system_server                        E  Suppressing notification from package com.yourname.smartrecorder by user request.
2025-11-27 04:20:00.832  7901-7901  SmartRecorder/Service   com.yourname.smartrecorder           I  [CRIT] [Service: PlaybackForegroundService] onStartCommand -> action=null, flags=0, startId=33
2025-11-27 04:20:00.834  1198-1218  ApplicationPolicy       system_server                        D  isStatusBarNotificationAllowedAsUser: packageName = com.yourname.smartrecorder,userId = 0
2025-11-27 04:20:00.834  1198-1218  ApplicationPolicy       system_server                        D  isStatusBarNotificationAllowedAsUser: packageName = com.yourname.smartrecorder,userId = 0
2025-11-27 04:20:00.834  1198-1218  NotificationService     system_server                        E  Suppressing notification from package com.yourname.smartrecorder by user request.
2025-11-27 04:20:01.843  7901-7901  SmartRecorder/Service   com.yourname.smartrecorder           I  [CRIT] [Service: PlaybackForegroundService] onStartCommand -> action=null, flags=0, startId=34
2025-11-27 04:20:01.845  1198-1218  ApplicationPolicy       system_server                        D  isStatusBarNotificationAllowedAsUser: packageName = com.yourname.smartrecorder,userId = 0
2025-11-27 04:20:01.845  1198-1218  ApplicationPolicy       system_server                        D  isStatusBarNotificationAllowedAsUser: packageName = com.yourname.smartrecorder,userId = 0
2025-11-27 04:20:01.845  1198-1218  NotificationService     system_server                        E  Suppressing notification from package com.yourname.smartrecorder by user request.
2025-11-27 04:20:03.772  7901-7901  SmartRecorder/Service   com.yourname.smartrecorder           I  [CRIT] [Service: PlaybackForegroundService] onStartCommand -> action=null, flags=0, startId=35
2025-11-27 04:20:03.774  1198-1218  ApplicationPolicy       system_server                        D  isStatusBarNotificationAllowedAsUser: packageName = com.yourname.smartrecorder,userId = 0
2025-11-27 04:20:03.774  1198-1218  ApplicationPolicy       system_server                        D  isStatusBarNotificationAllowedAsUser: packageName = com.yourname.smartrecorder,userId = 0
2025-11-27 04:20:03.775  1198-1218  NotificationService     system_server                        E  Suppressing notification from package com.yourname.smartrecorder by user request.
2025-11-27 04:20:04.773  7901-7901  SmartRecorder/Service   com.yourname.smartrecorder           I  [CRIT] [Service: PlaybackForegroundService] onStartCommand -> action=null, flags=0, startId=36
2025-11-27 04:20:04.775  1198-1218  ApplicationPolicy       system_server                        D  isStatusBarNotificationAllowedAsUser: packageName = com.yourname.smartrecorder,userId = 0
2025-11-27 04:20:04.776  1198-1218  ApplicationPolicy       system_server                        D  isStatusBarNotificationAllowedAsUser: packageName = com.yourname.smartrecorder,userId = 0
