                                                                                                      fitTypes=STATUS_BARS NAVIGATION_BARS CAPTION_BAR
                                                                                                     dimAmount=0.6 naviIconColor=0
                                                                                                      sfl=100000}
2025-11-27 04:16:26.843  8145-8145  ViewRootIm...nActivity] com.app.numerology                   I  performTraversals mFirst=true windowShouldResize=true viewVisibilityChanged=false mForceNextWindowRelayout=false params={(0,0)(fillxwrap) gr=CENTER sim={adjust=pan forwardNavigation} ty=APPLICATION fmt=TRANSPARENT wanim=0x103030a surfaceInsets=Rect(140, 140 - 140, 140)
                                                                                                      fl=1800002
                                                                                                      pfl=42000000
                                                                                                      bhv=DEFAULT
                                                                                                      fitTypes=STATUS_BARS NAVIGATION_BARS CAPTION_BAR
                                                                                                     dimAmount=0.6 naviIconColor=0
                                                                                                      sfl=100000}
2025-11-27 04:16:26.843  1198-4180  WindowManager           system_server                        V  Relayout Window{38d1a2a u0 com.app.numerology/com.app.numerology.MainActivity}: viewVisibility=0 req=1440x2830 d0
2025-11-27 04:16:26.844   858-884   SurfaceFlinger          surfaceflinger                       I  id=25473 createSurf flag=40004, com.app.numerology/com.app.numerology.MainActivity$_8145#25473
2025-11-27 04:16:26.844  1198-4180  WindowManager           system_server                        D  makeSurface duration=1 name=com.app.numerology/com.app.numerology.MainActivity$_8145
2025-11-27 04:16:26.849  8145-8145  ViewRootIm...nActivity] com.app.numerology                   I  updateBlastSurfaceIfNeeded mBlastBufferQueue=null isSameSurfaceControl=false
2025-11-27 04:16:26.850  8145-8145  BLASTBufferQueue        com.app.numerology                   I  new BLASTBufferQueue, mName= ViewRootImpl@4562a7f[MainActivity] mNativeObject= 0x71adc443d0 sc.mNativeObject= 0x713dc96d10 caller= android.view.ViewRootImpl.updateBlastSurfaceIfNeeded:2909 android.view.ViewRootImpl.relayoutWindow:9847 android.view.ViewRootImpl.performTraversals:3884 android.view.ViewRootImpl.doTraversal:3116 android.view.ViewRootImpl$TraversalRunnable.run:10885 android.view.Choreographer$CallbackRecord.run:1301 android.view.Choreographer$CallbackRecord.run:1309 android.view.Choreographer.doCallbacks:923 android.view.Choreographer.doFrame:852 android.view.Choreographer$FrameDisplayEventReceiver.run:1283 
2025-11-27 04:16:26.850  8145-8145  BLASTBufferQueue        com.app.numerology                   I  update, w= 1720 h= 3110 mName = ViewRootImpl@4562a7f[MainActivity] mNativeObject= 0x71adc443d0 sc.mNativeObject= 0x713dc96d10 format= -2 caller= android.graphics.BLASTBufferQueue.<init>:84 android.view.ViewRootImpl.updateBlastSurfaceIfNeeded:2909 android.view.ViewRootImpl.relayoutWindow:9847 android.view.ViewRootImpl.performTraversals:3884 android.view.ViewRootImpl.doTraversal:3116 android.view.ViewRootImpl$TraversalRunnable.run:10885 
2025-11-27 04:16:26.850  8145-8145  ViewRootIm...nActivity] com.app.numerology                   I  Relayout returned: old=(0,90,1440,2920) new=(0,90,1440,2920) req=(1440,2830)0 dur=6 res=0x3 s={true 0x723dcd3380} ch=true seqId=0
2025-11-27 04:16:26.851  8145-8145  ViewRootIm...nActivity] com.app.numerology                   I  mThreadedRenderer.initialize() mSurface={isValid=true 0x723dcd3380} hwInitialized=true
2025-11-27 04:16:26.851  8145-8174  OpenGLRenderer          com.app.numerology                   D  eglCreateWindowSurface
2025-11-27 04:16:26.857  8145-8145  ViewRootIm...nActivity] com.app.numerology                   I  reportNextDraw android.view.ViewRootImpl.performTraversals:4438 android.view.ViewRootImpl.doTraversal:3116 android.view.ViewRootImpl$TraversalRunnable.run:10885 android.view.Choreographer$CallbackRecord.run:1301 android.view.Choreographer$CallbackRecord.run:1309 
2025-11-27 04:16:26.857  8145-8145  ViewRootIm...nActivity] com.app.numerology                   I  Setup new sync id=0
2025-11-27 04:16:26.857  8145-8145  ViewRootIm...nActivity] com.app.numerology                   I  Setting syncFrameCallback
2025-11-27 04:16:26.857  8145-8145  ViewRootIm...nActivity] com.app.numerology                   I  registerCallbacksForSync syncBuffer=false
2025-11-27 04:16:26.862  8145-8197  ViewRootIm...nActivity] com.app.numerology                   I  Received frameDrawingCallback syncResult=0 frameNum=1.
2025-11-27 04:16:26.862  8145-8197  ViewRootIm...nActivity] com.app.numerology                   I  Setting up sync and frameCommitCallback
2025-11-27 04:16:26.869  8145-8174  BLASTBufferQueue        com.app.numerology                   I  [ViewRootImpl@4562a7f[MainActivity]#1](f:0,a:0) onFrameAvailable the first frame is available
2025-11-27 04:16:26.870  8145-8174  ViewRootIm...nActivity] com.app.numerology                   I  Received frameCommittedCallback lastAttemptedDrawFrameNum=1 didProduceBuffer=true
2025-11-27 04:16:26.870  8145-8174  OpenGLRenderer          com.app.numerology                   D  CFMS:: SetUp Pid : 8145    Tid : 8174
2025-11-27 04:16:26.871  8145-8174  Parcel                  com.app.numerology                   W  Expecting binder but got null!
2025-11-27 04:16:26.871  8145-8145  ViewRootIm...nActivity] com.app.numerology                   I  onSyncComplete
2025-11-27 04:16:26.871  8145-8145  ViewRootIm...nActivity] com.app.numerology                   I  setupSync seqId=0 mSyncId=0 fn=1 caller=android.view.ViewRootImpl$$ExternalSyntheticLambda11.accept:6 android.window.SurfaceSyncer.lambda$setupSync$1$android-window-SurfaceSyncer:128 android.window.SurfaceSyncer$$ExternalSyntheticLambda1.accept:8 android.window.SurfaceSyncer$SyncSet.checkIfSyncIsComplete:382 android.window.SurfaceSyncer$SyncSet.markSyncReady:359 android.window.SurfaceSyncer.markSyncReady:151 android.view.ViewRootImpl.performTraversals:4503 
2025-11-27 04:16:26.873  8145-8145  ViewRootIm...nActivity] com.app.numerology                   I  reportDrawFinished seqId=0 mSyncId=-1 fn=1 mSurfaceChangedTransaction=0x716dc4c510
2025-11-27 04:16:26.873  1198-4180  WindowManager           system_server                        D  finishDrawingWindow: Window{38d1a2a u0 com.app.numerology/com.app.numerology.MainActivity} mDrawState=DRAW_PENDING seqId=0
2025-11-27 04:16:26.877   858-979   SurfaceFlinger          surfaceflinger                       D  [input] setFocusedWindow: 38d1a2a com.app.numerology/com.app.numerology.MainActivity
2025-11-27 04:16:26.878  1198-1903  InputDispatcher         system_server                        D  Focus request (0): 38d1a2a com.app.numerology/com.app.numerology.MainActivity but waiting because NO_WINDOW
2025-11-27 04:16:26.878  1198-1903  InputDispatcher         system_server                        D  Focus left window (0): ce843ea com.app.numerology/com.app.numerology.MainActivity
2025-11-27 04:16:26.880  1198-1288  WindowManager           system_server                        I  Reparenting to leash, surface=Surface(name=38d1a2a com.app.numerology/com.app.numerology.MainActivity)/@0xcce100, leashParent=Surface(name=ActivityRecord{c18b4f u0 com.app.numerology/.MainActivity} t22495})/@0x2c28e13
2025-11-27 04:16:26.880   858-884   SurfaceFlinger          surfaceflinger                       I  id=25474 createSurf flag=24004, Surface(name=38d1a2a com.app.numerology/com.app.numerology.MainActivity)/@0xcce100 - animation-leash of window_animation#25474
2025-11-27 04:16:26.881  1198-1288  WindowManager           system_server                        D  makeSurface duration=1 leash=Surface(name=Surface(name=38d1a2a com.app.numerology/com.app.numerology.MainActivity)/@0xcce100 - animation-leash of window_animation)/@0x9c9fd39
2025-11-27 04:16:26.881  1198-1288  WindowManager           system_server                        V  performShowLocked: mDrawState=HAS_DRAWN in Window{38d1a2a u0 com.app.numerology/com.app.numerology.MainActivity}
2025-11-27 04:16:26.886  8145-8145  DecorView               com.app.numerology                   I  notifyKeepScreenOnChanged: keepScreenOn=false
2025-11-27 04:16:26.886  8145-8145  DecorView               com.app.numerology                   I  notifyKeepScreenOnChanged: keepScreenOn=false
2025-11-27 04:16:26.888  1198-1288  ActivityTaskManager     system_server                        D  mStartingWindow and mStartingData is null for token=ActivityRecord{c18b4f u0 com.app.numerology/.MainActivity} t22495}
2025-11-27 04:16:26.891  8145-8145  ViewRootIm...nActivity] com.app.numerology                   I  performTraversals params={(0,0)(fillxwrap) gr=CENTER sim={adjust=pan} ty=APPLICATION fmt=TRANSPARENT wanim=0x103030a surfaceInsets=Rect(140, 140 - 140, 140)
                                                                                                      fl=1800002
                                                                                                      pfl=2000000
                                                                                                      bhv=DEFAULT
                                                                                                      fitTypes=STATUS_BARS NAVIGATION_BARS CAPTION_BAR
                                                                                                     dimAmount=0.6 naviIconColor=0
                                                                                                      sfl=100000}
2025-11-27 04:16:26.891  8145-8145  ViewRootIm...nActivity] com.app.numerology                   I  performTraversals mFirst=false windowShouldResize=false viewVisibilityChanged=false mForceNextWindowRelayout=false params={(0,0)(fillxwrap) gr=CENTER sim={adjust=pan} ty=APPLICATION fmt=TRANSPARENT wanim=0x103030a surfaceInsets=Rect(140, 140 - 140, 140)
                                                                                                      fl=1800002
                                                                                                      pfl=42000000
                                                                                                      bhv=DEFAULT
                                                                                                      fitTypes=STATUS_BARS NAVIGATION_BARS CAPTION_BAR
                                                                                                     dimAmount=0.6 naviIconColor=0
                                                                                                      sfl=100000}
2025-11-27 04:16:26.892   858-858   Layer                   surfaceflinger                       I  Layer [com.app.numerology/com.app.numerology.MainActivity$_8145#25473] hidden!! flag(0)
2025-11-27 04:16:26.894 22947-22947 SamsungLig...trolHelper com.android.systemui                 D  onStatusBarAppearanceChanged() -  sbModeChanged:false, statusBarMode:MODE_TRANSPARENT, barState:SHADE, isKeyguardShowing:false, navbarColorManagedByIme:false, stackAppearancesChanged:true, (AppearanceRegion{ bounds=[0,0][1440,3088]}, ), packageName:com.app.numerology
2025-11-27 04:16:26.895 22947-22947 NavigationBar           com.android.systemui                 D  onSystemBarAttributesChanged() -  displayId:0, appearance:0, packageName: com.app.numerology, navbarColorManagedByIme:false
2025-11-27 04:16:26.895 22947-22947 SamsungLig...trolHelper com.android.systemui                 D  updateNavigation(White button) isLightBar:false, hasLightBarNavigationBarFlag:false, packageName:com.app.numerology, DirectReplying:false, NavBarColorManagerdByIme:false, ForceDarkForScrim:false, QsCustomizing:false, PanelHasWhiteBg:true
2025-11-27 04:16:26.895 22947-22947 SamsungLig...trolHelper com.android.systemui                 D  updateStatus(WHITE icon) NumStacks:1, StatusBarMode:MODE_TRANSPARENT, lightBarBounds:[], StatusBarState:SHADE, packageName:com.app.numerology, isWhiteKeyguardStatusBarBySettings:true
2025-11-27 04:16:26.895  1198-1288  WindowManager           system_server                        D  updateSystemBarAttributes: displayId=0, win=Window{38d1a2a u0 com.app.numerology/com.app.numerology.MainActivity}, navColorWin=Window{38d1a2a u0 com.app.numerology/com.app.numerology.MainActivity}, focusedCanBeNavColorWin=false, behavior=1, appearance=0, statusBarAppearanceRegions=[AppearanceRegion{ bounds=[0,0][1440,3088]}], requestedVisibilities=, from=com.android.server.wm.DisplayPolicy.finishPostLayoutPolicyLw:2531 com.android.server.wm.DisplayContent.applySurfaceChangesTransaction:5713 com.android.server.wm.RootWindowContainer.applySurfaceChangesTransaction:1234 
2025-11-27 04:16:26.897  1198-4479  WindowManager           system_server                        V  Relayout Window{38d1a2a u0 com.app.numerology/com.app.numerology.MainActivity}: viewVisibility=0 req=1440x2830 d0
2025-11-27 04:16:26.902  8145-8145  ViewRootIm...nActivity] com.app.numerology                   I  updateBlastSurfaceIfNeeded mBlastBufferQueue=0x71adc443d0 isSameSurfaceControl=true
2025-11-27 04:16:26.903  8145-8145  BLASTBufferQueue        com.app.numerology                   I  update, w= 1720 h= 3110 mName = ViewRootImpl@4562a7f[MainActivity] mNativeObject= 0x71adc443d0 sc.mNativeObject= 0x713dc97810 format= -2 caller= android.view.ViewRootImpl.updateBlastSurfaceIfNeeded:2898 android.view.ViewRootImpl.relayoutWindow:9847 android.view.ViewRootImpl.performTraversals:3884 android.view.ViewRootImpl.doTraversal:3116 android.view.ViewRootImpl$TraversalRunnable.run:10885 android.view.Choreographer$CallbackRecord.run:1301 
2025-11-27 04:16:26.903  8145-8145  ViewRootIm...nActivity] com.app.numerology                   I  Relayout returned: old=(0,90,1440,2920) new=(0,90,1440,2920) req=(1440,2830)0 dur=11 res=0x0 s={true 0x723dcd3380} ch=false seqId=0
2025-11-27 04:16:26.905  8145-8145  ViewRootIm...nActivity] com.app.numerology                   I  MSG_WINDOW_FOCUS_CHANGED 0 0
2025-11-27 04:16:26.927  1198-4180  InputDispatcher         system_server                        D  Focus entered window (0): 38d1a2a com.app.numerology/com.app.numerology.MainActivity
2025-11-27 04:16:26.932   858-858   SurfaceFlinger          surfaceflinger                       D  Display 4633128672291735937 HWC layers:
                                                                                                         DEVICE | 0x70f52a8870 | 0102 | RGBA_8888    |    0.0    0.0 1440.0 3088.0 |    0    0 1440 3088 | com.app.numerology/com.app.numerology.MainActivity$_8145#25448
                                                                                                     SOLID_COLOR |              | 0000 |  Unknown  |    0.0    0.0    0.0    0.0 |    0    0 1440 3088 | Dim Layer for - Task=22495#25475
                                                                                                         DEVICE | 0x70f52d41f0 | 0100 | RGBA_8888    |  140.0    0.0 1580.0 3074.0 |    0   14 1440 3088 | com.app.numerology/com.app.numerology.MainActivity$_8145#25473
                                                                                                         DEVICE | 0x70f52ceeb0 | 0100 | RGBA_8888    |    0.0    0.0 1440.0 3088.0 |    0    0 1440 3088 | Bubbles!$_22947#25255
                                                                                                         DEVICE | 0x70f52a03b0 | 0100 | RGBA_8888    |    0.0    0.0 1440.0   90.0 |    0    0 1440   90 | StatusBar$_22947#4630
                                                                                                         DEVICE | 0x70f52d52d0 | 0100 | RGBA_8888    |    0.0    0.0   67.0  708.0 | 1373  391 1440 1099 | com.samsung.android.app.cocktailbars[...]rvice.CocktailBarService$_4533#25417
                                                                                                         DEVICE | 0x70f52de870 | 0100 | RGBA_8888    |    0.0    0.0 1440.0  168.0 |    0 
2025-11-27 04:16:26.937  8145-8321  .app.numerology         com.app.numerology                   E  Attempt to load writable dex file: /data/user/0/com.app.numerology/app_pccache/5/092940B270D6635C3081F004DD99A26CC95EADE3/pcam.jar
2025-11-27 04:16:26.953  8145-8145  ViewRootIm...nActivity] com.app.numerology                   I  MSG_WINDOW_FOCUS_CHANGED 1 0
2025-11-27 04:16:26.953  8145-8145  ViewRootIm...nActivity] com.app.numerology                   I  mThreadedRenderer.initializeIfNeeded()#2 mSurface={isValid=true 0x723dcd3380}
2025-11-27 04:16:26.954  8145-8145  InputMethodManager      com.app.numerology                   D  startInputInner - Id : 0
2025-11-27 04:16:26.954  8145-8145  InputMethodManager      com.app.numerology                   I  startInputInner - mService.startInputOrWindowGainedFocus
2025-11-27 04:16:26.957  8145-8321  nativeloader            com.app.numerology                   D  Configuring clns-16 for other apk . target_sdk_version=36, uses_libraries=ALL, library_path=, permitted_path=/data:/mnt/expand
2025-11-27 04:16:26.957  8145-8321  nativeloader            com.app.numerology                   D  Extending system_exposed_libraries: libhumantracking.arcsoft.so:libPortraitDistortionCorrection.arcsoft.so:libPortraitDistortionCorrectionCali.arcsoft.so:libface_landmark.arcsoft.so:libFacialStickerEngine.arcsoft.so:libveengine.arcsoft.so:lib_pet_detection.arcsoft.so:liballinfocus.arcsoft.so:libhigh_res.arcsoft.so:libimage_enhancement.arcsoft.so:libsuperresolution.arcsoft.so:libFacialAttributeDetection.arcsoft.so:libFacialAttributeDetection.arcsoft.so:libobjectcapture_jni.arcsoft.so:libobjectcapture.arcsoft.so:libobjectcapture_jni.arcsoft.so:libBeauty_v4.camera.samsung.so:libexifa.camera.samsung.so:libjpega.camera.samsung.so:libOpenCv.camera.samsung.so:libVideoClassifier.camera.samsung.so:libtensorflowLite.dynamic_viewing.camera.samsung.so:libImageScreener.camera.samsung.so:libMyFilter.camera.samsung.so:libtflite2.myfilters.camera.samsung.so:libHIDTSnapJNI.camera.samsung.so:libSmartScan.camera.samsung.so:libRectify.camera.samsung.so:libDocRectifyWrapper.camera.samsung.so:libUltraWideDistortionCorrection.came
2025-11-27 04:16:26.959  8145-8321  nativeloader            com.app.numerology                   D  Load /data/user/0/com.app.numerology/app_pccache/5/092940B270D6635C3081F004DD99A26CC95EADE3/pcam.jar!/libdDD0924D80470.so using isolated ns clns-16 (caller=/data/user/0/com.app.numerology/app_pccache/5/092940B270D6635C3081F004DD99A26CC95EADE3/pcam.jar): ok
2025-11-27 04:16:26.961   737-737   audit                   auditd                               E  type=1400 audit(1764188186.954:75034): avc:  granted  { execute } for  pid=8145 comm="pool-9-thread-2" path="/data/data/com.app.numerology/app_pccache/5/092940B270D6635C3081F004DD99A26CC95EADE3/pcam.jar" dev="sda32" ino=2353136 scontext=u:r:untrusted_app:s0:c179,c259,c512,c768 tcontext=u:object_r:app_data_file:s0:c179,c259,c512,c768 tclass=file SEPF_SM-N986B_12_0001 audit_filtered
2025-11-27 04:16:26.961   737-737   audit                   auditd                               E  type=1327 audit(1764188186.954:75034): proctitle="com.app.numerology"
2025-11-27 04:16:26.986  8145-8377  ServiceBindIntentUtils  com.app.numerology                   W  Dynamic lookup for intent failed for action: com.google.android.gms.ads.service.START
2025-11-27 04:16:26.997  8145-8145  cr_CombinedPProvider    com.app.numerology                   I  #registerProvider() provider:WV.hk@4994087 isPolicyCacheEnabled:false policyProvidersSize:0
2025-11-27 04:16:27.001  8145-8145  cr_PolicyProvider       com.app.numerology                   I  #setManagerAndSource() 0
2025-11-27 04:16:27.020  8145-8145  cr_CombinedPProvider    com.app.numerology                   I  #linkNativeInternal() 1
2025-11-27 04:16:27.020  8145-8145  Compatibil...geReporter com.app.numerology                   D  Compat change id reported: 183155436; UID 10947; state: ENABLED
2025-11-27 04:16:27.021  8145-8145  cr_AppResProvider       com.app.numerology                   I  #getApplicationRestrictionsFromUserManager() Bundle[EMPTY_PARCEL]
2025-11-27 04:16:27.021  8145-8145  cr_PolicyProvider       com.app.numerology                   I  #notifySettingsAvailable() 0
2025-11-27 04:16:27.021  8145-8145  cr_CombinedPProvider    com.app.numerology                   I  #onSettingsAvailable() 0
2025-11-27 04:16:27.021  8145-8145  cr_CombinedPProvider    com.app.numerology                   I  #flushPolicies()
2025-11-27 04:16:27.027  1198-1295  ActivityManager         system_server                        I  Start proc 8380:com.google.android.webview:sandboxed_process0:org.chromium.content.app.SandboxedProcessService0:0/u0i553 for  {com.app.numerology/org.chromium.content.app.SandboxedProcessService0:0}
2025-11-27 04:16:27.028  1198-1295  DynamicHid...ectManager system_server                        I  check webview name : com.google.android.webview:sandboxed_process0:org.chromium.content.app.SandboxedProcessService0:0check hostingname webview : {com.app.numerology/org.chromium.content.app.SandboxedProcessService0:0}
2025-11-27 04:16:27.062  8145-8145  chromium                com.app.numerology                   W  [WARNING:android_webview/browser/network_service/net_helpers.cc:143] HTTP Cache size is: 20971520
2025-11-27 04:16:27.065  1198-4479  ActivityManager         system_server                        I  DSS OFF for com.app.numerology
2025-11-27 04:16:27.067  1198-4479  DexController           system_server                        D  init process display: set packageProcessId, displayId=0, same_package_proc=ProcessRecord{c36c55 8145:com.app.numerology/u0a947}, app=ProcessRecord{9996f48 8380:com.google.android.webview:sandboxed_process0:org.chromium.content.app.SandboxedProcessService0:0/u0a947i553}
2025-11-27 04:16:27.081  8145-8145  Compatibil...geReporter com.app.numerology                   D  Compat change id reported: 214741472; UID 10947; state: ENABLED
2025-11-27 04:16:27.085  8145-8145  Compatibil...geReporter com.app.numerology                   D  Compat change id reported: 171228096; UID 10947; state: ENABLED
2025-11-27 04:16:27.091  8145-8145  ConnectivityManager     com.app.numerology                   D  StackLog: [android.net.ConnectivityManager.sendRequestForNetwork(ConnectivityManager.java:4736)] [android.net.ConnectivityManager.registerDefaultNetworkCallbackForUid(ConnectivityManager.java:5461)] [android.net.ConnectivityManager.registerDefaultNetworkCallback(ConnectivityManager.java:5428)] [WV.im1.e(chromium-TrichromeWebViewGoogle6432.aab-stable-744417133:37)] [WV.im1.a(chromium-TrichromeWebViewGoogle6432.aab-stable-744417133:1)] [org.chromium.android_webview.AwContentsLifecycleNotifier.onFirstWebViewCreated(chromium-TrichromeWebViewGoogle6432.aab-stable-744417133:19)] [J.N.JJ(Native Method)] [org.chromium.android_webview.AwContents.<init>(chromium-TrichromeWebViewGoogle6432.aab-stable-744417133:599)] [com.android.webview.chromium.s.run(chromium-TrichromeWebViewGoogle6432.aab-stable-744417133:225)] [WV.g23.run(chromium-TrichromeWebViewGoogle6432.aab-stable-744417133:13)] [org.chromium.base.task.PostTask.d(chromium-TrichromeWebViewGoogle6432.aab-stable-744417133:18)] [WV.h23.a(chromium-TrichromeWebViewGoogle6432.aab-stable-744417133:18)] [com.android.webview.chromium.WebViewChromiumFactoryProvider.a(chromium-TrichromeWebViewGoogle6432.aab-stable-744417133:3)] [com.android.webview.chromium.WebViewChromium.init(chromium-TrichromeWebViewGoogle6432.aab-stable-744417133:275)] [android.webkit.WebView.<init>(WebView.java:448)] [android.webkit.WebView.<init>(WebView.java:368)] [android.webkit.WebView.<init>(WebView.java:350)] [android.webkit.WebView.<init>(WebView.java:337)] [android.webkit.WebView.<init>(WebView.java:327)] [com.google.android.gms.ads.internal.webview.ai.<init>(:com.google.android.gms.policy_ads_fdr_dynamite@253405702@253405700017.794833465.794833465:1)] [com.google.android.gms.ads.internal.webview.u.co(:com.google.android.gms.policy_ads_fdr_dynamite@253405702@253405700017.794833465.794833465:59)] [com.google.android.gms.ads.internal.webview.w.a(:com.google.android.gms.policy_ads_fdr_dynamite@253405702@253405700017.794833465.794833465:65)] [com.google.android.gms.ads.internal.js.k.<init>(:com.google.android.gms.policy_ads_fdr_dynamite@253405702@253405700017.794833465.794833465:36)] [com.google.android.gms.ads.internal.js.r.run(:com.google.android.gms.policy_ads_fdr_dynamite@253405702@253405700017.794833465.794833465:24)]
2025-11-27 04:16:27.093  1198-4178  ConnectivityService     system_server                        D  requestNetwork for uid/pid:10947/8145 activeRequest: null callbackRequest: 16964 [NetworkRequest [ REQUEST id=16965, [ Capabilities: INTERNET&NOT_RESTRICTED&TRUSTED&NOT_VCN_MANAGED Uid: 10947 RequestorUid: 10947 RequestorPkg: com.app.numerology UnderlyingNetworks: Null] ]] callback flags: 0 order: 2147483647 isUidTracked: false declaredMethods: AVAIL|LOST|NC|LP
2025-11-27 04:16:27.093  1198-1567  ConnectivityService     system_server                        D     accepting network in place of null for NetworkRequest [ REQUEST id=16965, [ Capabilities: INTERNET&NOT_RESTRICTED&TRUSTED&NOT_VCN_MANAGED Uid: 10947 RequestorUid: 10947 RequestorPkg: com.app.numerology UnderlyingNetworks: Null] ]
2025-11-27 04:16:27.094  8145-8145  ConnectivityManager     com.app.numerology                   D  StackLog: [android.net.ConnectivityManager.sendRequestForNetwork(ConnectivityManager.java:4736)] [android.net.ConnectivityManager.sendRequestForNetwork(ConnectivityManager.java:4904)] [android.net.ConnectivityManager.registerNetworkCallback(ConnectivityManager.java:5321)] [WV.im1.e(chromium-TrichromeWebViewGoogle6432.aab-stable-744417133:86)] [WV.im1.a(chromium-TrichromeWebViewGoogle6432.aab-stable-744417133:1)] [org.chromium.android_webview.AwContentsLifecycleNotifier.onFirstWebViewCreated(chromium-TrichromeWebViewGoogle6432.aab-stable-744417133:19)] [J.N.JJ(Native Method)] [org.chromium.android_webview.AwContents.<init>(chromium-TrichromeWebViewGoogle6432.aab-stable-744417133:599)] [com.android.webview.chromium.s.run(chromium-TrichromeWebViewGoogle6432.aab-stable-744417133:225)] [WV.g23.run(chromium-TrichromeWebViewGoogle6432.aab-stable-744417133:13)] [org.chromium.base.task.PostTask.d(chromium-TrichromeWebViewGoogle6432.aab-stable-744417133:18)] [WV.h23.a(chromium-TrichromeWebViewGoogle6432.aab-stable-744417133:18)] [com.android.webview.chromium.WebViewChromiumFactoryProvider.a(chromium-TrichromeWebViewGoogle6432.aab-stable-744417133:3)] [com.android.webview.chromium.WebViewChromium.init(chromium-TrichromeWebViewGoogle6432.aab-stable-744417133:275)] [android.webkit.WebView.<init>(WebView.java:448)] [android.webkit.WebView.<init>(WebView.java:368)] [android.webkit.WebView.<init>(WebView.java:350)] [android.webkit.WebView.<init>(WebView.java:337)] [android.webkit.WebView.<init>(WebView.java:327)] [com.google.android.gms.ads.internal.webview.ai.<init>(:com.google.android.gms.policy_ads_fdr_dynamite@253405702@253405700017.794833465.794833465:1)] [com.google.android.gms.ads.internal.webview.u.co(:com.google.android.gms.policy_ads_fdr_dynamite@253405702@253405700017.794833465.794833465:59)] [com.google.android.gms.ads.internal.webview.w.a(:com.google.android.gms.policy_ads_fdr_dynamite@253405702@253405700017.794833465.794833465:65)] [com.google.android.gms.ads.internal.js.k.<init>(:com.google.android.gms.policy_ads_fdr_dynamite@253405702@253405700017.794833465.794833465:36)] [com.google.android.gms.ads.internal.js.r.run(:com.google.android.gms.policy_ads_fdr_dynamite@253405702@253405700017.794833465.794833465:24)]
2025-11-27 04:16:27.096  1198-1557  WifiNetworkFactory      system_server                        D  got request NetworkRequest [ REQUEST id=16965, [ Capabilities: INTERNET&NOT_RESTRICTED&TRUSTED&NOT_VCN_MANAGED Uid: 10947 RequestorUid: 10947 RequestorPkg: com.app.numerology UnderlyingNetworks: Null] ]
2025-11-27 04:16:27.096  1198-1557  UntrustedW...orkFactory system_server                        D  got request NetworkRequest [ REQUEST id=16965, [ Capabilities: INTERNET&NOT_RESTRICTED&TRUSTED&NOT_VCN_MANAGED Uid: 10947 RequestorUid: 10947 RequestorPkg: com.app.numerology UnderlyingNetworks: Null] ]
2025-11-27 04:16:27.096  1198-1557  OemPaidWif...orkFactory system_server                        D  got request NetworkRequest [ REQUEST id=16965, [ Capabilities: INTERNET&NOT_RESTRICTED&TRUSTED&NOT_VCN_MANAGED Uid: 10947 RequestorUid: 10947 RequestorPkg: com.app.numerology UnderlyingNetworks: Null] ]
2025-11-27 04:16:27.097  1198-1557  MultiInter...orkFactory system_server                        D  got request NetworkRequest [ REQUEST id=16965, [ Capabilities: INTERNET&NOT_RESTRICTED&TRUSTED&NOT_VCN_MANAGED Uid: 10947 RequestorUid: 10947 RequestorPkg: com.app.numerology UnderlyingNetworks: Null] ]
2025-11-27 04:16:27.127  1198-1288  WindowManager           system_server                        I  Reparenting to original parent: Surface(name=ActivityRecord{c18b4f u0 com.app.numerology/.MainActivity} t22495})/@0x2c28e13, destroy=true, surface=Surface(name=38d1a2a com.app.numerology/com.app.numerology.MainActivity)/@0xcce100
2025-11-27 04:16:27.135  8145-8417  CameraManagerGlobal     com.app.numerology                   I  Connecting to camera service
2025-11-27 04:16:27.141  8145-8417  VendorTagDescriptor     com.app.numerology                   D  addVendorDescriptor: vendor tag id 14172875900359437128 added
2025-11-27 04:16:27.142  8145-8391  cr_media                com.app.numerology                   W  BLUETOOTH_CONNECT permission is missing.
2025-11-27 04:16:27.142   858-858   Layer                   surfaceflinger                       I  id=25474 removeFromCurrentState Surface(name=38d1a2a com.app.numerology/com.app.numerology.MainActivity)/@0xcce100 - animation-leash of window_animation#25474 (124)
2025-11-27 04:16:27.142   858-858   SurfaceFlinger          surfaceflinger                       I  id=25474 Removed Surface(name=38d1a2a com.app.numerology/com.app.numerology.MainActivity)/@0xcce100 - animation-leash of window_animation#25474 (124)
2025-11-27 04:16:27.143   858-858   Layer                   surfaceflinger                       I  id=25474 Destroyed Surface(name=38d1a2a com.app.numerology/com.app.numerology.MainActivity)/@0xcce100 - animation-leash of window_animation#25474
2025-11-27 04:16:27.143  8145-8391  cr_media                com.app.numerology                   W  getBluetoothAdapter() requires BLUETOOTH permission
2025-11-27 04:16:27.143  8145-8391  cr_media                com.app.numerology                   W  registerBluetoothIntentsIfNeeded: Requires BLUETOOTH permission
2025-11-27 04:16:27.144  8145-8417  CameraManager           com.app.numerology                   I  registerAvailabilityCallback: Is device callback = false
2025-11-27 04:16:27.144  8145-8417  CameraManagerGlobal     com.app.numerology                   I  postSingleUpdate device: camera id 0 status STATUS_PRESENT
2025-11-27 04:16:27.144  8145-8417  CameraManagerGlobal     com.app.numerology                   I  postSingleUpdate device: camera id 1 status STATUS_PRESENT
2025-11-27 04:16:27.145  8145-8417  CameraManagerGlobal     com.app.numerology                   I  postSingleUpdate device: camera id 2 status STATUS_PRESENT
2025-11-27 04:16:27.145  8145-8417  CameraManagerGlobal     com.app.numerology                   I  postSingleUpdate device: camera id 3 status STATUS_PRESENT
2025-11-27 04:16:27.146  8145-8160  CameraManagerGlobal     com.app.numerology                   I  Camera 0 facing CAMERA_FACING_BACK state now CAMERA_STATE_CLOSED for client com.vnpay.bidv API Level 1User Id 0
2025-11-27 04:16:27.147  8145-8160  CameraManagerGlobal     com.app.numerology                   I  Camera 1 facing CAMERA_FACING_FRONT state now CAMERA_STATE_CLOSED for client com.zing.zalo API Level 1User Id 0
2025-11-27 04:16:27.147  8145-8158  CameraManagerGlobal     com.app.numerology                   I  Camera 2 facing CAMERA_FACING_BACK state now CAMERA_STATE_CLOSED for client com.zing.zalo API Level 1User Id 0
2025-11-27 04:16:27.147  8145-8158  CameraManagerGlobal     com.app.numerology                   I  Camera 20 facing CAMERA_FACING_BACK state now CAMERA_STATE_CLOSED for client com.sec.android.app.camera API Level 2User Id 0
2025-11-27 04:16:27.147  8145-8158  CameraManagerGlobal     com.app.numerology                   I  Camera 21 facing CAMERA_FACING_BACK state now CAMERA_STATE_CLOSED for client android.system API Level 2User Id 0
2025-11-27 04:16:27.147  8145-8158  CameraManagerGlobal     com.app.numerology                   I  Camera 23 facing CAMERA_FACING_BACK state now CAMERA_STATE_CLOSED for client android.system API Level 2User Id 0
2025-11-27 04:16:27.147  8145-8158  CameraManagerGlobal     com.app.numerology                   I  Camera 3 facing CAMERA_FACING_FRONT state now CAMERA_STATE_CLOSED for client com.zing.zalo API Level 1User Id 0
2025-11-27 04:16:27.147  8145-8158  CameraManagerGlobal     com.app.numerology                   I  Camera 4 facing CAMERA_FACING_FRONT state now CAMERA_STATE_CLOSED for client client.pid<1053> API Level 2User Id 0
2025-11-27 04:16:27.148  8145-8158  CameraManagerGlobal     com.app.numerology                   I  Camera 50 facing CAMERA_FACING_BACK state now CAMERA_STATE_CLOSED for client android.system API Level 2User Id 0
2025-11-27 04:16:27.148  8145-8158  CameraManagerGlobal     com.app.numerology                   I  Camera 52 facing CAMERA_FACING_BACK state now CAMERA_STATE_CLOSED for client android.system API Level 2User Id 0
2025-11-27 04:16:27.152  8145-8420  vulkan                  com.app.numerology                   D  searching for layers in '/data/app/~~UxPWNwi2GPKYXw2zUK8uFw==/com.app.numerology-1FLmdG8Gw_KuUO4_60DOWw==/lib/arm64'
2025-11-27 04:16:27.153  8145-8420  vulkan                  com.app.numerology                   D  searching for layers in '/data/app/~~UxPWNwi2GPKYXw2zUK8uFw==/com.app.numerology-1FLmdG8Gw_KuUO4_60DOWw==/base.apk!/lib/arm64-v8a'
2025-11-27 04:16:27.290  8145-8408  AudioCapabilities       com.app.numerology                   W  Unsupported mime audio/x-ape
2025-11-27 04:16:27.292  8145-8408  AudioCapabilities       com.app.numerology                   W  Unsupported mime audio/x-ima
2025-11-27 04:16:27.294  8145-8408  AudioCapabilities       com.app.numerology                   W  Unsupported mime audio/mpeg-L1
2025-11-27 04:16:27.294  8145-8408  AudioCapabilities       com.app.numerology                   W  Unsupported mime audio/mpeg-L2
2025-11-27 04:16:27.296  8145-8408  VideoCapabilities       com.app.numerology                   W  Unsupported mime video/mp43
2025-11-27 04:16:27.297  8145-8408  VideoCapabilities       com.app.numerology                   W  Unsupported mime video/wvc1
2025-11-27 04:16:27.298  8145-8408  VideoCapabilities       com.app.numerology                   W  Unsupported mime video/x-ms-wmv
2025-11-27 04:16:27.298  8145-8408  AudioCapabilities       com.app.numerology                   W  Unsupported mime audio/x-ms-wma
2025-11-27 04:16:27.301  8145-8408  VideoCapabilities       com.app.numerology                   W  Unsupported mime video/x-ms-wmv7
2025-11-27 04:16:27.302  8145-8408  VideoCapabilities       com.app.numerology                   W  Unsupported mime video/x-ms-wmv8
2025-11-27 04:16:27.390  8145-8145  AdBanner                com.app.numerology                   E  Banner ad failed to load: Received error HTTP response code: 403 (code: 3)
2025-11-27 04:16:27.390  8145-8145  Ads                     com.app.numerology                   I  Ad failed to load : 3
2025-11-27 04:16:27.464  1198-1287  SGM:GameManager         system_server                        D  identifyForegroundApp. com.app.numerology, mCurrentUserId: 0, callerUserId: 0
2025-11-27 04:16:27.464  1198-1287  SGM:PkgDataHelper       system_server                        D  getGamePkgData(). com.app.numerology
2025-11-27 04:16:27.552  8145-8145  Ads                     com.app.numerology                   I  JS: The jsLoaded GMSG has been sent (https://googleads.g.doubleclick.net/mads/static/sdk/native/sdk-core-v40.html:1011)
2025-11-27 04:16:27.552  8145-8145  chromium                com.app.numerology                   I  [INFO:CONSOLE:1011] "The jsLoaded GMSG has been sent", source: https://googleads.g.doubleclick.net/mads/static/sdk/native/sdk-core-v40.html (1011)
2025-11-27 04:16:27.661  8145-8452  ProfileInstaller        com.app.numerology                   D  Installing profile for com.app.numerology
2025-11-27 04:16:27.754  8145-8145  ViewRootIm...nActivity] com.app.numerology                   I  ViewPostIme pointer 0
2025-11-27 04:16:27.807  1198-1376  AppsFilter              system_server                        I  interaction: PackageSetting{a3f1f37 com.example.realtalkenglishwithAI/10912} -> PackageSetting{56b5a77 com.app.numerology/10947} BLOCKED
2025-11-27 04:16:27.807  1198-1376  AppsFilter              system_server                        I  interaction: PackageSetting{450551c com.marketsnap.app/10921} -> PackageSetting{56b5a77 com.app.numerology/10947} BLOCKED
2025-11-27 04:16:27.807  1198-1376  AppsFilter              system_server                        I  interaction: PackageSetting{7a2d004 com.yourname.smartrecorder/10945} -> PackageSetting{56b5a77 com.app.numerology/10947} BLOCKED
2025-11-27 04:16:27.810  1198-1284  CompanionD...gerService system_server                        I  onPackageModified() u0/com.app.numerology
2025-11-27 04:16:27.810  1198-1198  AppWidgetServiceImpl    system_server                        I  Received broadcast: android.intent.action.PACKAGE_CHANGED, Updates all providers with com.app.numerology, userId: 0
2025-11-27 04:16:27.811  1198-1198  DualDARComnService      system_server                        D  reConnectAgentsByPkgName:: package: com.app.numerology
2025-11-27 04:16:27.817 22947-23121 PluginInstanceManager   com.android.systemui                 D  queryPkg com.app.numerology com.android.systemui.action.PLUGIN_QS_FACTORY
2025-11-27 04:16:27.817 22947-23121 PluginInstanceManager   com.android.systemui                 D  queryPkg com.app.numerology com.android.systemui.action.PEOPLE_HUB_PERSON_EXTRACTOR
2025-11-27 04:16:27.817 22947-23121 PluginInstanceManager   com.android.systemui                 D  queryPkg com.app.numerology com.android.systemui.action.PLUGIN_GLOBAL_ACTIONS
2025-11-27 04:16:27.817 22947-23121 PluginInstanceManager   com.android.systemui                 D  queryPkg com.app.numerology com.android.systemui.action.PLUGIN_QS
2025-11-27 04:16:27.817 22947-23121 PluginInstanceManager   com.android.systemui                 D  queryPkg com.app.numerology com.android.systemui.action.PLUGIN_CLOCK
2025-11-27 04:16:27.817 22947-23121 PluginInstanceManager   com.android.systemui                 D  queryPkg com.app.numerology com.android.systemui.action.PLUGIN_NOTIFICATION_MENU_ROW
2025-11-27 04:16:27.817 22947-23121 PluginInstanceManager   com.android.systemui                 D  queryPkg com.app.numerology com.android.systemui.action.PLUGIN_LOCKSCREEN_RIGHT_BUTTON
2025-11-27 04:16:27.817 22947-23121 PluginInstanceManager   com.android.systemui                 D  queryPkg com.app.numerology com.android.systemui.action.PLUGIN_LOCKSCREEN_RIGHT_BUTTON
2025-11-27 04:16:27.817 22947-23121 PluginInstanceManager   com.android.systemui                 D  queryPkg com.app.numerology com.android.systemui.action.PLUGIN_LOCKSCREEN_LEFT_BUTTON
2025-11-27 04:16:27.817 22947-23121 PluginInstanceManager   com.android.systemui                 D  queryPkg com.app.numerology com.android.systemui.action.PLUGIN_LOCKSCREEN_LEFT_BUTTON
2025-11-27 04:16:27.817 22947-23121 PluginInstanceManager   com.android.systemui                 D  queryPkg com.app.numerology com.android.systemui.action.PLUGIN_NOTIFICATION_ASSISTANT
2025-11-27 04:16:27.817 22947-23121 PluginInstanceManager   com.android.systemui                 D  queryPkg com.app.numerology com.android.systemui.action.PLUGIN_OVERLAY
2025-11-27 04:16:27.817 22947-23121 PluginInstanceManager   com.android.systemui                 D  queryPkg com.app.numerology com.android.systemui.action.PLUGIN_CLOCK
2025-11-27 04:16:27.817  1198-1446  OverlayManager          system_server                        D  reconcileSettingsForPackage pkgName=com.app.numerology userId=0
2025-11-27 04:16:27.817 22947-23121 PluginInstanceManager   com.android.systemui                 D  queryPkg com.app.numerology com.samsung.systemui.action.PLUGIN_FACE_WIDGET
2025-11-27 04:16:27.817  1198-1446  OverlayManager          system_server                        I  updateOverlaysForTarget() called with: targetPackage = [com.app.numerology], userId = [0], flags = [0], skipUpdateState = [true]
2025-11-27 04:16:27.817 22947-23121 PluginInstanceManager   com.android.systemui                 D  queryPkg com.app.numerology com.android.systemui.action.PLUGIN_SENSOR_MANAGER
2025-11-27 04:16:27.817 22947-23121 PluginInstanceManager   com.android.systemui                 D  queryPkg com.app.numerology com.android.systemui.action.PLUGIN_TOAST
2025-11-27 04:16:27.817 22947-23121 PluginInstanceManager   com.android.systemui                 D  queryPkg com.app.numerology com.android.systemui.action.PLUGIN_VOLUME
2025-11-27 04:16:27.819  1706-1706  CarrierSvcBindHelper    com.android.phone                    D  onPackageModified: com.app.numerology
2025-11-27 04:16:27.819 22947-22947 FaceWidget...dataParser com.android.systemui                 D  updatePackage() com.app.numerology false
2025-11-27 04:16:27.819 22947-22947 FaceWidget...dataParser com.android.systemui                 D  removePackage() key = com.app.numerology
2025-11-27 04:16:27.823  1706-1706  ImsResolver             com.android.phone                    D  maybeAddedImsService, packageName: com.app.numerology
2025-11-27 04:16:27.826  8145-8145  ViewRootIm...nActivity] com.app.numerology                   I  ViewPostIme pointer 1
2025-11-27 04:16:27.827  5381-6629  DWBh                    com.samsung.android.forest           I  onPackageAdded Already Exist : com.app.numerology
2025-11-27 04:16:27.834  1198-4180  CoreBackPreview         system_server                        D  Window{38d1a2a u0 com.app.numerology/com.app.numerology.MainActivity}: Setting back callback null
2025-11-27 04:16:27.841  8145-8145  MSHandlerLifeCycle      com.app.numerology                   I  removeMultiSplitHandler: no exist. decor=DecorView@5e7bbfd[MainActivity]
2025-11-27 04:16:27.841  8145-8174  OpenGLRenderer          com.app.numerology                   D  setSurface called with nullptr
2025-11-27 04:16:27.841  8145-8174  OpenGLRenderer          com.app.numerology                   D  setSurface() destroyed EGLSurface
2025-11-27 04:16:27.841  8145-8174  OpenGLRenderer          com.app.numerology                   D  destroyEglSurface
2025-11-27 04:16:27.843  8145-8174  OpenGLRenderer          com.app.numerology                   D  endAllActiveAnimators on 0x71cdcf26e0 (UnprojectedRipple) with handle 0x70ddcd09d0
2025-11-27 04:16:27.843  8145-8145  ViewRootIm...nActivity] com.app.numerology                   I  dispatchDetachedFromWindow
2025-11-27 04:16:27.844  1198-1903  InputManager-JNI        system_server                        W  Input channel object '38d1a2a com.app.numerology/com.app.numerology.MainActivity (client)' was disposed without first being removed with the input manager!
2025-11-27 04:16:27.844  1198-1903  WindowManager           system_server                        V  Remove Window{38d1a2a u0 com.app.numerology/com.app.numerology.MainActivity}: mSurfaceController=Surface(name=com.app.numerology/com.app.numerology.MainActivity$_8145)/@0x2c03b0 mAnimatingExit=false mRemoveOnExit=false mHasSurface=true surfaceShowing=true animating=false app-animation=false mWillReplaceWindow=false mDisplayFrozen=false callers=com.android.server.wm.WindowState.removeIfPossible:3047 com.android.server.wm.WindowManagerService.removeWindow:2289 com.android.server.wm.Session.remove:236 android.view.IWindowSession$Stub.onTransact:743 com.android.server.wm.Session.onTransact:188 android.os.Binder.execTransactInternal:1316 
2025-11-27 04:16:27.844  1198-1903  WindowManager           system_server                        I  Reparenting to leash, surface=Surface(name=38d1a2a com.app.numerology/com.app.numerology.MainActivity)/@0xcce100, leashParent=Surface(name=ActivityRecord{c18b4f u0 com.app.numerology/.MainActivity} t22495})/@0x2c28e13
2025-11-27 04:16:27.845   858-1167  SurfaceFlinger          surfaceflinger                       I  id=25478 createSurf flag=24000, Surface(name=38d1a2a com.app.numerology/com.app.numerology.MainActivity)/@0xcce100 - animation-leash of window_animation#25478
2025-11-27 04:16:27.846  1198-1903  WindowManager           system_server                        D  makeSurface duration=1 leash=Surface(name=Surface(name=38d1a2a com.app.numerology/com.app.numerology.MainActivity)/@0xcce100 - animation-leash of window_animation)/@0x8f098c8
2025-11-27 04:16:27.847  1198-1903  WindowManager           system_server                        V  removeIfPossible 2, Window{38d1a2a u0 com.app.numerology/com.app.numerology.MainActivity}: mAnimatingExit=true caller=com.android.server.wm.WindowState.removeIfPossible:3047 com.android.server.wm.WindowManagerService.removeWindow:2289 com.android.server.wm.Session.remove:236 android.view.IWindowSession$Stub.onTransact:743 com.android.server.wm.Session.onTransact:188 
2025-11-27 04:16:27.847  1198-1903  WindowManager           system_server                        V  Changing focus from Window{38d1a2a u0 com.app.numerology/com.app.numerology.MainActivity EXITING} to Window{ce843ea u0 com.app.numerology/com.app.numerology.MainActivity} displayId=0 Callers=com.android.server.wm.RootWindowContainer.updateFocusedWindowLocked:595 com.android.server.wm.WindowManagerService.updateFocusedWindowLocked:6810 com.android.server.wm.WindowState.setupWindowForRemoveOnExit:3258 com.android.server.wm.WindowState.removeIfPossible:3226 
2025-11-27 04:16:27.847  1198-1903  MARsPolicyManager       system_server                        D  onPackageResumedFG pkgName = com.app.numerology, userId = 0
2025-11-27 04:16:27.850  1198-1903  WindowManager           system_server                        D  updateSystemBarAttributes: displayId=0, win=Window{ce843ea u0 com.app.numerology/com.app.numerology.MainActivity}, navColorWin=Window{38d1a2a u0 com.app.numerology/com.app.numerology.MainActivity EXITING}, focusedCanBeNavColorWin=false, behavior=1, appearance=8, statusBarAppearanceRegions=[AppearanceRegion{ bounds=[0,0][1440,3088]}], requestedVisibilities=, from=com.android.server.wm.DisplayPolicy.focusChangedLw:3251 com.android.server.wm.DisplayContent.updateFocusedWindowLocked:4632 com.android.server.wm.RootWindowContainer.updateFocusedWindowLocked:595 
2025-11-27 04:16:27.851 22947-22947 NavigationBar           com.android.systemui                 D  onSystemBarAttributesChanged() -  displayId:0, appearance:8, packageName: com.app.numerology (APPEARANCE_LIGHT_STATUS_BARS ), navbarColorManagedByIme:false
2025-11-27 04:16:27.851 22947-22947 NavigationBar           com.android.systemui                 D  onSystemBarAttributesChanged() -  displayId:0, appearance:24, packageName: com.app.numerology (APPEARANCE_LIGHT_STATUS_BARS APPEARANCE_LIGHT_NAVIGATION_BARS ), navbarColorManagedByIme:false
2025-11-27 04:16:27.851  1198-1903  WindowManager           system_server                        D  updateSystemBarAttributes: displayId=0, win=Window{ce843ea u0 com.app.numerology/com.app.numerology.MainActivity}, navColorWin=Window{ce843ea u0 com.app.numerology/com.app.numerology.MainActivity}, focusedCanBeNavColorWin=false, behavior=1, appearance=24, statusBarAppearanceRegions=[AppearanceRegion{ bounds=[0,0][1440,3088]}], requestedVisibilities=, from=com.android.server.wm.DisplayPolicy.finishPostLayoutPolicyLw:2531 com.android.server.wm.DisplayContent.applySurfaceChangesTransaction:5713 com.android.server.wm.RootWindowContainer.applySurfaceChangesTransaction:1234 
2025-11-27 04:16:27.852 22947-22947 SamsungLig...trolHelper com.android.systemui                 D  updateNavigation(Black button) isLightBar:false, hasLightBarNavigationBarFlag:true, packageName:com.app.numerology, DirectReplying:false, NavBarColorManagerdByIme:false, ForceDarkForScrim:false, QsCustomizing:false, PanelHasWhiteBg:true
2025-11-27 04:16:27.855  8145-8145  InputTransport          com.app.numerology                   D  Input channel destroyed: '38d1a2a', fd=154
2025-11-27 04:16:27.855  1198-1288  WindowManager           system_server                        D  updateSystemBarAttributes: displayId=0, win=Window{ce843ea u0 com.app.numerology/com.app.numerology.MainActivity}, navColorWin=Window{ce843ea u0 com.app.numerology/com.app.numerology.MainActivity}, focusedCanBeNavColorWin=false, behavior=1, appearance=24, statusBarAppearanceRegions=[AppearanceRegion{LIGHT_STATUS_BARS bounds=[0,0][1440,3088]}], requestedVisibilities=, from=com.android.server.wm.DisplayPolicy.finishPostLayoutPolicyLw:2531 com.android.server.wm.DisplayContent.applySurfaceChangesTransaction:5713 com.android.server.wm.RootWindowContainer.applySurfaceChangesTransaction:1234 
