2025-11-29 04:27:49.461 18960-18960 ViewRootIm...nActivity] com.yourname.smartrecorder           I  ViewPostIme pointer 0
2025-11-29 04:27:49.502 18960-18960 ViewRootIm...nActivity] com.yourname.smartrecorder           I  ViewPostIme pointer 1
2025-11-29 04:27:49.503 18960-18960 SmartRecorder/ViewModel com.yourname.smartrecorder           D  [SmartRecorderApp] User clicked start record button
2025-11-29 04:27:49.504 18960-18960 SmartRecorder/Recording com.yourname.smartrecorder           I  [MAIN] [ViewModel: RecordViewModel] onStartClick
2025-11-29 04:27:49.505 18960-18960 SmartRecorder/Recording com.yourname.smartrecorder           D  Getting recordings directory
2025-11-29 04:27:49.505 18960-18960 SmartRecorder/Recording com.yourname.smartrecorder           D  Starting recording -> outputDir: /data/user/0/com.yourname.smartrecorder/files/recordings
2025-11-29 04:27:49.506 18960-18960 SmartRecorder/UseCase   com.yourname.smartrecorder           I  [MAIN] [UseCase: StartRecordingUseCase] Starting (recordingId=98a033f9-7bfe-490e-884f-505e012e0972, outputDir=/data/user/0/com.yourname.smartrecorder/files/recordings)
2025-11-29 04:27:49.506 18960-18960 SmartRecorder/Audio     com.yourname.smartrecorder           D  Starting recording -> file: /data/user/0/com.yourname.smartrecorder/files/recordings/recording_006.3gp
2025-11-29 04:27:49.506 18960-18985 SmartRecorder/Audio     com.yourname.smartrecorder           D  Output directory prepared: /data/user/0/com.yourname.smartrecorder/files/recordings
2025-11-29 04:27:49.506 18960-18985 MediaRecorder           com.yourname.smartrecorder           D  Constructor MediaRecorder
2025-11-29 04:27:49.507 18960-18985 MediaRecorderJNI        com.yourname.smartrecorder           I  setup
2025-11-29 04:27:49.510   997-29348 MediaPlayerService      mediaserver                          V  Create new media recorder client from pid AttributionSourceState{pid: 18960, uid: 11040, packageName: com.yourname.smartrecorder, attributionTag: (null), token: {no toString() implemented}, renouncedPermissions: [], next: []}
2025-11-29 04:27:49.511 18960-18985 MediaRecorderJNI        com.yourname.smartrecorder           I  setAudioSource(1)
2025-11-29 04:27:49.518 18960-18985 MediaRecorderJNI        com.yourname.smartrecorder           I  setAudioEncoder(1)
2025-11-29 04:27:49.518 18960-18985 MediaRecorderJNI        com.yourname.smartrecorder           I  setParameter(), params: audio-param-sampling-rate=16000
2025-11-29 04:27:49.519 18960-18985 MediaRecorderJNI        com.yourname.smartrecorder           I  setParameter(), params: audio-param-number-of-channels=1
2025-11-29 04:27:49.519 18960-18985 SmartRecorder/Audio     com.yourname.smartrecorder           D  MediaRecorder configured -> format: THREE_GPP, encoder: AMR_NB, sampleRate: 16000, channels: 1
2025-11-29 04:27:49.521 18960-18985 MediaRecorderJNI        com.yourname.smartrecorder           I  setOutputFile
2025-11-29 04:27:49.522 18960-18985 MediaRecorderJNI        com.yourname.smartrecorder           I  prepare
2025-11-29 04:27:49.524 18960-18985 MediaRecorder           com.yourname.smartrecorder           I  prepare elapsed time : 4 ms
2025-11-29 04:27:49.525 18960-18985 MediaRecorderJNI        com.yourname.smartrecorder           I  start
2025-11-29 04:27:49.589  1198-3876  AudioServi...ityMonitor system_server                        V  updateSoundAppPolicy packageName = com.yourname.smartrecorder
2025-11-29 04:27:49.589 18960-18985 SmartRecorder/Audio     com.yourname.smartrecorder           I  Recording started successfully -> file: /data/user/0/com.yourname.smartrecorder/files/recordings/recording_006.3gp, setupTime: 82ms
2025-11-29 04:27:49.590 18960-18960 SmartRecorder/UseCase   com.yourname.smartrecorder           I  [MAIN] [UseCase: StartRecordingUseCase] Completed (recordingId=98a033f9-7bfe-490e-884f-505e012e0972, duration=85ms, fileName=recording_006.3gp)
2025-11-29 04:27:49.590 18960-18960 SmartRecorder/UseCase   com.yourname.smartrecorder           I  [Performance] StartRecordingUseCase took 85ms
2025-11-29 04:27:49.590 18960-18960 SmartRecorder/Recording com.yourname.smartrecorder           I  [MAIN] [ViewModel: RecordViewModel] Recording started -> State: recordingId=98a033f9-7bfe-490e-884f-505e012e0972
2025-11-29 04:27:49.592  1198-3876  SGM:GameManager         system_server                        D  identifyGamePackage. com.yourname.smartrecorder, mCurrentUserId: 0, callerUserId: 0, callingMethodInfo: com.samsung.android.game.SemGameManager.isGamePackage(SemGameManager.java:104)
2025-11-29 04:27:49.592  1198-3876  SGM:PkgDataHelper       system_server                        D  getGamePkgData(). com.yourname.smartrecorder
2025-11-29 04:27:49.592  1198-3876  SGM:SemGameManager      system_server                        D  isGamePackage(), pkgName=com.yourname.smartrecorder, ret=false
2025-11-29 04:27:49.594 14064-14097 WakeupMult...ordManager com.samsung.android.bixby.wakeup     I  Ph_[WakeupAudioRecordingConfiguration, com.yourname.smartrecorder, 1] [VF-T-L] 
2025-11-29 04:27:49.594 18960-18960 SmartRecorder/Service   com.yourname.smartrecorder           I  [CRIT] Recording foreground service started
2025-11-29 04:27:49.595 18960-18960 SmartRecorder/Service   com.yourname.smartrecorder           I  [CRIT] [Service: RecordingForegroundService] onCreate
2025-11-29 04:27:49.597 14064-14097 BWU@Wakeup...ordManager com.samsung.android.bixby.wakeup     I  Ph_com.yourname.smartrecorder is allowed? false [VF-T-L] 
2025-11-29 04:27:49.601 22947-22947 BubblesManager          com.android.systemui                 D  onNotificationChannelModified : pkg=com.yourname.smartrecorder ,modificationType:3
2025-11-29 04:27:49.602 18960-18960 SmartRecorder/Service   com.yourname.smartrecorder           I  [CRIT] [Service: RecordingForegroundService] onStartCommand -> action=null, flags=0, startId=1
2025-11-29 04:27:49.602 18960-18960 SmartRecorder/Service   com.yourname.smartrecorder           I  [CRIT] Recording started in foreground service
2025-11-29 04:27:49.603 18960-18960 SmartRecorder/ViewModel com.yourname.smartrecorder           D  [RecordingSessionRepository] setActive
2025-11-29 04:27:49.611 22947-23120 SecFgsMana...rollerImpl com.android.systemui                 D  onForegroundStateChanged: dialogShown:false, isForeground:true, packageName:com.yourname.smartrecorder , token:android.os.BinderProxy@85e706e, userId:0
2025-11-29 04:27:49.611  1198-1294  ApplicationPolicy       system_server                        D  isStatusBarNotificationAllowedAsUser: packageName = com.yourname.smartrecorder,userId = 0
2025-11-29 04:27:49.611 22947-23120 SecFgsMana...rollerImpl com.android.systemui                 D  updateUiControl[com.yourname.smartrecorder]: -1
2025-11-29 04:27:49.611  1198-1294  ApplicationPolicy       system_server                        D  isStatusBarNotificationAllowedAsUser: packageName = com.yourname.smartrecorder,userId = 0
2025-11-29 04:27:49.612 18960-18960 SmartRecorder/Service   com.yourname.smartrecorder           D  [BG] Recording state saved
2025-11-29 04:27:49.615 22947-22947 BubblesManager          com.android.systemui                 D  onNotificationChannelModified : pkg=com.yourname.smartrecorder ,modificationType:1
2025-11-29 04:27:49.815  1198-1198  NotificationReminder    system_server                        D  addNotificationRecord record com.yourname.smartrecorder
2025-11-29 04:27:49.816  4533-4533  Edge.badge              com...ndroid.app.cocktailbarservice  I  updateBadge item = com.yourname.smartrecorder:0 1
2025-11-29 04:27:49.820  2188-2188  Launcher.N...onListener com.sec.android.app.launcher         I  onNotificationPosted : com.yourname.smartrecorder number : 0
2025-11-29 04:27:50.019 22947-22947 Interrupti...teProvider com.android.systemui                 D   no Heads up : edgelighting enabled app. 0|com.yourname.smartrecorder|1|null|11040
2025-11-29 04:27:50.207  1198-1707  Pageboost               system_server                        I  Prefetch Hit! : com.yourname.smartrecorder
2025-11-29 04:27:50.631  1198-1909  ApplicationPolicy       system_server                        D  isStatusBarNotificationAllowedAsUser: packageName = com.yourname.smartrecorder,userId = 0
2025-11-29 04:27:50.631  1198-1909  ApplicationPolicy       system_server                        D  isStatusBarNotificationAllowedAsUser: packageName = com.yourname.smartrecorder,userId = 0
2025-11-29 04:27:50.838  4533-4533  Edge.badge              com...ndroid.app.cocktailbarservice  I  updateBadge item = com.yourname.smartrecorder:0 1
2025-11-29 04:27:50.839  2188-2188  Launcher.N...onListener com.sec.android.app.launcher         I  onNotificationPosted : com.yourname.smartrecorder number : 0
2025-11-29 04:27:51.042 22947-22947 BubblesManager          com.android.systemui                 D  onEntryUpdated : shouldBubbleUp=false ,key=0|com.yourname.smartrecorder|1|null|11040
2025-11-29 04:27:51.042 22947-22947 Interrupti...teProvider com.android.systemui                 D   no Heads up : edgelighting enabled app. 0|com.yourname.smartrecorder|1|null|11040
2025-11-29 04:27:51.192  1198-1285  ActivityTaskManager     system_server                        D  scheduleTopResumedActivityChanged, onTop=false r=ActivityRecord{d731c09 u0 com.yourname.smartrecorder/.MainActivity} t22870} caller=com.android.server.wm.ActivityTaskSupervisor.updateTopResumedActivityIfNeeded:2510 com.android.server.wm.TaskDisplayArea.positionChildTaskAt:602 com.android.server.wm.TaskDisplayArea.positionChildAt:537 com.android.server.wm.WindowContainer.positionChildAt:970 com.android.server.wm.Task.positionChildAt:3354 com.android.server.wm.Task.moveToFrontInner:6053 
2025-11-29 04:27:51.194  1198-1285  WindowManager           system_server                        V  Changing focus from Window{3c910bf u0 com.yourname.smartrecorder/com.yourname.smartrecorder.MainActivity} to null displayId=0 Callers=com.android.server.wm.RootWindowContainer.updateFocusedWindowLocked:595 com.android.server.wm.WindowManagerService.updateFocusedWindowLocked:6810 com.android.server.wm.ActivityTaskManagerService.setResumedActivityUncheckLocked:5766 com.android.server.wm.ActivityRecord.moveFocusableActivityToTop:3890 
2025-11-29 04:27:51.194  1198-1285  MARsPolicyManager       system_server                        D  onPackageResumedFG pkgName = com.yourname.smartrecorder, userId = 0
2025-11-29 04:27:51.214   858-858   SurfaceFlinger          surfaceflinger                       I  [3c910bf com.yourname.smartrecorder/com.yourname.smartrecorder.MainActivity#63571] FrameRatePriority: -1
2025-11-29 04:27:51.214  1198-1287  SGM:FgCheckThread       system_server                        D  notePauseComponent(), received pkgName: com.yourname.smartrecorder, userId: 0
2025-11-29 04:27:51.214  4879-27030 Routine@Co...stenerImpl com.samsung.android.app.routines     I  onPauseComponent: componentName - ComponentInfo{com.yourname.smartrecorder/com.yourname.smartrecorder.MainActivity}
2025-11-29 04:27:51.215  1198-1897  InputDispatcher         system_server                        D  Focus left window (0): 3c910bf com.yourname.smartrecorder/com.yourname.smartrecorder.MainActivity
2025-11-29 04:27:51.228 18960-18960 ViewRootIm...nActivity] com.yourname.smartrecorder           I  MSG_WINDOW_FOCUS_CHANGED 0 0
2025-11-29 04:27:51.235  1198-1897  WindowManager           system_server                        D  updateSystemBarAttributes: displayId=0, win=Window{1d9342e u0 com.sec.android.app.launcher/com.sec.android.app.launcher.activities.LauncherActivity}, navColorWin=Window{3c910bf u0 com.yourname.smartrecorder/com.yourname.smartrecorder.MainActivity}, focusedCanBeNavColorWin=false, behavior=2, appearance=24, statusBarAppearanceRegions=[AppearanceRegion{ bounds=[0,0][1440,3088]}], requestedVisibilities=ITYPE_STATUS_BAR: visible, ITYPE_NAVIGATION_BAR: visible, ITYPE_IME: invisible, ITYPE_CLIMATE_BAR: visible, ITYPE_EXTRA_NAVIGATION_BAR: visible, ITYPE_LOCAL_NAVIGATION_BAR_1: visible, ITYPE_LOCAL_NAVIGATION_BAR_2: visible, from=com.android.server.wm.DisplayPolicy.focusChangedLw:3251 com.android.server.wm.DisplayContent.updateFocusedWindowLocked:4632 com.android.server.wm.RootWindowContainer.updateFocusedWindowLocked:595 
2025-11-29 04:27:51.250  1198-1288  WindowManager           system_server                        D  createAnimationAdapter(): container=Task{483de0e #22870 type=standard A=11040:com.yourname.smartrecorder U=0 visible=false visibleRequested=false mode=fullscreen translucent=true sz=1}
2025-11-29 04:27:51.253  1198-1288  WindowManager           system_server                        D  	Add container=Task{483de0e #22870 type=standard A=11040:com.yourname.smartrecorder U=0 visible=false visibleRequested=false mode=fullscreen translucent=true sz=1}
2025-11-29 04:27:51.267  1198-1288  WindowManager           system_server                        I  container=Task{b391b2f #1 type=home ?? U=0 visible=true visibleRequested=true mode=fullscreen translucent=false sz=1}
                                                                                                    Target:
                                                                                                      mode=0 taskId=22180 isTranslucent=false clipRect=[0,0][0,0] contentInsets=[0,90][0,168] prefixOrderIndex=42 position=[0,0] sourceContainerBounds=[0,0][1440,3088] screenSpaceBounds=[0,0][1440,3088] localBounds=[0,0][1440,3088]
                                                                                                      windowConfiguration={ mBounds=Rect(0, 0 - 1440, 3088) mAppBounds=Rect(0, 89 - 1440, 2920) mMaxBounds=Rect(0, 0 - 1440, 3088) mDisplayRotation=ROTATION_0 mWindowingMode=fullscreen mDisplayWindowingMode=fullscreen mActivityType=home mAlwaysOnTop=undefined mRotation=ROTATION_0 mPopOver=undefined mStageConfig=undefined mFreeformTaskPinningState=unpinned mFreeformStashState=undefined mDexTaskDockingState=undefined}
                                                                                                      leash=Surface(name=Surface(name=Task=1)/@0xc1b1a94 - animation-leash of app_transition)/@0x554f527
                                                                                                      taskInfo=TaskInfo{userId=0 taskId=22180 displayId=0 isRunning=true baseIntent=Intent { act=android.intent.action.MAIN cat=[android.intent.category.HOME] flg=0x10000100 cmp=com.sec.android.app.launcher/.activities.LauncherActivity } baseActivity=ComponentInfo{com.sec.android.app.launcher/com.sec.android.app.launcher.activities.LauncherActivity} topActivity=ComponentInfo{com.sec.android.app.launcher/com.android.launcher3.uioverrides.QuickstepLauncher} origActivity=ComponentInfo{com.sec.android.app.launcher/com.sec.android.app.launcher.activities.LauncherActivity} realActivity=ComponentInfo{com.sec.android.app.launcher/com.android.launcher3.uioverrides.QuickstepLauncher} numActivities=1 lastActiveTime=326494800 supportsSplitScreenMultiWindow=true supportsMultiWindow=true resizeMode=2 isResizeable=true minWidth=-1 minHeight=-1 defaultMinSize=220 token=WCT{RemoteToken{5f6ad46 Task{ca12623 #22180 type=home A=10139:com.sec.android.app.launcher.activities.LauncherActivity U=0 rootTaskId=1 visible=true visibleRequested=true mode=fullscreen translucent=false sz=1}}} topActivityType=2 pictureInPictureParams=null shouldDockBigOverlays=false launchIntoPipHostTaskId=0 displayCutoutSafeInsets=null topActivityInfo=ActivityInfo{cf74b07 com.sec.android.app.launcher.activities.LauncherActivity} launchCookies=[] positionInParent=Point(0, 0) parentTaskId=-1 isFocused=true isVisible=true isSleeping=false topActivityInSizeCompat=false topActivityEligibleForLetterboxEducation= false locusId=LocusId[17_chars] displayAreaFeatureId=1 cameraCompatControlState=hidden originallySupportedSplitScreen=true hasWallpaper=true isTopTransparentActivity=true topActivityInFixedAspectRatio=false topActivityInDisplayCompat=false topActivityInBoundsCompat=false topActivityBounds=null}
                                                                                                      allowEnterPip=true
                                                                                                      windowType=-1  hasAnimatingParent=false  backgroundColor=0container=Task{483de0e #22870 type=standard A=11040:com.yourname.smartrecorder U=0 visible=false visibleRequested=false mode=fullscreen translucent=true sz=1}
                                                                                                    Target:
                                                                                                      mode=1 taskId=22870 isTranslucent=false clipRect=[0,0][0,0] contentInsets=[0,90][0,168] prefixOrderIndex=38 position=[0,0] sourceContainerBounds=[0,0][1440,3088] screenSpaceBounds=[0,0][1440,3088] localBounds=[0,0][1440,3088]
                                                                                                      windowConfiguration={ mBounds=Rect(0, 0 - 1440, 3088) mAppBounds=Rect(0, 89 - 1440, 2920) mMaxBounds=Rect(0, 0 - 1440, 3088) mDisplayRotation=ROTATION_0 mWindowingMode=fullscreen mDisplayWindowingMode=fullscreen mActivityType=standard mAlwaysOnTop=undefined mRotation=ROTATION_0 mPopOver=undefined mStageConfig=undefined mFreeformTaskPinningState=unpinned mFreeformStashState=undefined mDexTaskDockingState=undefined}
                                                                                                      leash=Surface(name=Surface(name=Task=22870)/@0x7cd48ce - animation-leash of app_transition)/@0x5b1ad28
2025-11-29 04:27:51.267  1198-1288  WindowManager           system_server                        I    taskInfo=TaskInfo{userId=0 taskId=22870 displayId=0 isRunning=true baseIntent=Intent { act=android.intent.action.MAIN cat=[android.intent.category.LAUNCHER] flg=0x10200000 cmp=com.yourname.smartrecorder/.MainActivity } baseActivity=ComponentInfo{com.yourname.smartrecorder/com.yourname.smartrecorder.MainActivity} topActivity=ComponentInfo{com.yourname.smartrecorder/com.yourname.smartrecorder.MainActivity} origActivity=null realActivity=ComponentInfo{com.yourname.smartrecorder/com.yourname.smartrecorder.MainActivity} numActivities=1 lastActiveTime=326494791 supportsSplitScreenMultiWindow=true supportsMultiWindow=true resizeMode=1 isResizeable=true minWidth=-1 minHeight=-1 defaultMinSize=220 token=WCT{RemoteToken{cd5a3a6 Task{483de0e #22870 type=standard A=11040:com.yourname.smartrecorder U=0 visible=false visibleRequested=false mode=fullscreen translucent=true sz=1}}} topActivityType=1 pictureInPictureParams=null shouldDockBigOverlays=false launchIntoPipHostTaskId=0 displayCutoutSafeInsets=Rect(0, 89 - 0, 0) topActivityInfo=ActivityInfo{73771e7 com.yourname.smartrecorder.MainActivity} launchCookies=[android.os.BinderProxy@6fa1194] positionInParent=Point(0, 0) parentTaskId=-1 isFocused=false isVisible=false isSleeping=false topActivityInSizeCompat=false topActivityEligibleForLetterboxEducation= false locusId=null displayAreaFeatureId=1 cameraCompatControlState=hidden originallySupportedSplitScreen=true hasWallpaper=false isTopTransparentActivity=false topActivityInFixedAspectRatio=false topActivityInDisplayCompat=false topActivityInBoundsCompat=false topActivityBounds=null}
                                                                                                      allowEnterPip=true
                                                                                                      windowType=-1  hasAnimatingParent=false  backgroundColor=0
2025-11-29 04:27:51.305   858-858   SurfaceFlinger          surfaceflinger                       D  Display 4633128672291735937 HWC layers:
                                                                                                         DEVICE | 0x70f52e0910 | 0100 | RGBx_8888    |  165.0   97.0 1154.0 2219.0 |    0    0 1440 3088 | Wallpaper BBQ wrapper#4633
                                                                                                         DEVICE | 0x70f52d8570 | 0100 | RGBA_8888    |    0.0    0.0 1440.0 3088.0 |    0    0 1440 3088 | com.sec.android.app.launcher/com.sec[...]ivities.LauncherActivity$_2188#63578
                                                                                                         CLIENT | 0x70f52ef790 | 0102 | RGBA_8888    |    0.0    0.0 1440.0 3088.0 |   53  113 1387 2975 | com.yourname.smartrecorder/com.yourn[...]rtrecorder.MainActivity$_18960#63572
                                                                                                         DEVICE | 0x70f52f2130 | 0100 | RGBA_8888    |    0.0    0.0 1440.0   90.0 |    0    0 1440   90 | StatusBar$_22947#4630
                                                                                                         DEVICE | 0x70f52d8b10 | 0100 | RGBA_8888    |    0.0    0.0   67.0  708.0 | 1373  391 1440 1099 | com.samsung.android.app.cocktailbars[...]rvice.CocktailBarService$_4533#63553
                                                                                                         DEVICE | 0x70f52d6710 | 0100 | RGBA_8888    |    0.0    0.0 1440.0  168.0 |    0 2920 1440 3088 | NavigationBar0$_22947#4625
2025-11-29 04:27:51.317 18960-18960 InputTransport          com.yourname.smartrecorder           D  Input channel destroyed: 'ClientS', fd=128
2025-11-29 04:27:51.386   858-1169  SurfaceFlinger          surfaceflinger                       I  id=63575 Removed Surface(name=3c910bf com.yourname.smartrecorder/com.yourname.smartrecorder.MainActivity)/@0x5e1e7bc - animation-leash of starting_reveal#63575 (149)
2025-11-29 04:27:51.397   858-858   Layer                   surfaceflinger                       I  id=63575 Destroyed Surface(name=3c910bf com.yourname.smartrecorder/com.yourname.smartrecorder.MainActivity)/@0x5e1e7bc - animation-leash of starting_reveal#63575
2025-11-29 04:27:51.500  1198-4203  WindowManager           system_server                        V  Setting visibility of Window{3c910bf u0 com.yourname.smartrecorder/com.yourname.smartrecorder.MainActivity}: false, caller=com.android.server.wm.WindowContainer.sendAppVisibilityToClients:1246 com.android.server.wm.WindowToken.setClientVisible:431 com.android.server.wm.ActivityRecord.setClientVisible:7713 com.android.server.wm.ActivityRecord.onAnimationFinished:8612 com.android.server.wm.WindowContainer.doAnimationFinished:3483 
2025-11-29 04:27:51.500  1198-4203  WindowManager           system_server                        D  	container=Task{483de0e #22870 type=standard A=11040:com.yourname.smartrecorder U=0 visible=false visibleRequested=false mode=fullscreen translucent=true sz=1}
2025-11-29 04:27:51.502 18960-18960 ViewRootIm...nActivity] com.yourname.smartrecorder           I  handleAppVisibility mAppVisible = true visible = false
2025-11-29 04:27:51.514   858-858   Layer                   surfaceflinger                       I  Layer [com.yourname.smartrecorder/com.yourname.smartrecorder.MainActivity$_18960#63572] hidden!! flag(1)
2025-11-29 04:27:51.522 18960-18987 OpenGLRenderer          com.yourname.smartrecorder           D  setSurface called with nullptr
2025-11-29 04:27:51.522 18960-18987 OpenGLRenderer          com.yourname.smartrecorder           D  setSurface() destroyed EGLSurface
2025-11-29 04:27:51.522 18960-18987 OpenGLRenderer          com.yourname.smartrecorder           D  destroyEglSurface
2025-11-29 04:27:51.525 18960-18960 ViewRootIm...nActivity] com.yourname.smartrecorder           I  performTraversals mFirst=false windowShouldResize=false viewVisibilityChanged=true mForceNextWindowRelayout=false params=null
2025-11-29 04:27:51.526  1198-4203  WindowManager           system_server                        V  Relayout Window{3c910bf u0 com.yourname.smartrecorder/com.yourname.smartrecorder.MainActivity}: viewVisibility=8 req=1440x3088 d0
2025-11-29 04:27:51.529 18960-18960 ViewRootIm...nActivity] com.yourname.smartrecorder           I  Relayout returned: old=(0,0,1440,3088) new=(0,0,1440,3088) req=(1440,3088)8 dur=4 res=0x2 s={false 0x0} ch=true seqId=0
2025-11-29 04:27:51.530 18960-18960 ViewRootIm...nActivity] com.yourname.smartrecorder           I  stopped(true) old = false
2025-11-29 04:27:51.530 18960-18960 ViewRootIm...nActivity] com.yourname.smartrecorder           I  WindowStopped on com.yourname.smartrecorder/com.yourname.smartrecorder.MainActivity set to true
2025-11-29 04:27:51.533 18960-18960 MSHandlerLifeCycle      com.yourname.smartrecorder           I  removeMultiSplitHandler: no exist. decor=DecorView@6951ec7[MainActivity]
2025-11-29 04:27:51.536  1198-4203  WindowManager           system_server                        E  win=Window{3c910bf u0 com.yourname.smartrecorder/com.yourname.smartrecorder.MainActivity} destroySurfaces: appStopped=true cleanupOnResume=false win.mWindowRemovalAllowed=false win.mRemoveOnExit=false win.mViewVisibility=8 caller=com.android.server.wm.ActivityRecord.destroySurfaces:6561 com.android.server.wm.ActivityRecord.destroySurfaces:6542 com.android.server.wm.ActivityRecord.notifyAppStopped:6606 com.android.server.wm.ActivityRecord.activityStopped:7194 com.android.server.wm.ActivityClientController.activityStopped:269 android.app.IActivityClientController$Stub.onTransact:613 com.android.server.wm.ActivityClientController.onTransact:147 
2025-11-29 04:27:51.536  1198-4203  WindowManager           system_server                        I  Destroying surface Surface(name=com.yourname.smartrecorder/com.yourname.smartrecorder.MainActivity$_18960)/@0x9433b7a called by com.android.server.wm.WindowStateAnimator.destroySurface:947 com.android.server.wm.WindowStateAnimator.destroySurfaceLocked:537 com.android.server.wm.WindowState.destroySurfaceUnchecked:4326 com.android.server.wm.WindowState.destroySurface:4300 com.android.server.wm.ActivityRecord.destroySurfaces:6561 com.android.server.wm.ActivityRecord.destroySurfaces:6542 com.android.server.wm.ActivityRecord.notifyAppStopped:6606 com.android.server.wm.ActivityRecord.activityStopped:7194 
2025-11-29 04:27:51.536  1198-4203  ActivityTaskManager     system_server                        D  mStartingWindow and mStartingData is null for token=ActivityRecord{d731c09 u0 com.yourname.smartrecorder/.MainActivity} t22870}
2025-11-29 04:27:51.537  4879-20158 Routine@Co...stenerImpl com.samsung.android.app.routines     I  onStopComponent: componentName - ComponentInfo{com.yourname.smartrecorder/com.yourname.smartrecorder.MainActivity}
2025-11-29 04:27:51.547   858-858   Layer                   surfaceflinger                       I  id=63572 removeFromCurrentState com.yourname.smartrecorder/com.yourname.smartrecorder.MainActivity$_18960#63572 (146)
2025-11-29 04:27:51.547   858-858   SurfaceFlinger          surfaceflinger                       I  id=63572 Removed com.yourname.smartrecorder/com.yourname.smartrecorder.MainActivity$_18960#63572 (146)
2025-11-29 04:27:51.548   858-858   Layer                   surfaceflinger                       I  id=63572 Destroyed com.yourname.smartrecorder/com.yourname.smartrecorder.MainActivity$_18960#63572
2025-11-29 04:27:51.608  1198-1901  ApplicationPolicy       system_server                        D  isStatusBarNotificationAllowedAsUser: packageName = com.yourname.smartrecorder,userId = 0
2025-11-29 04:27:51.609  1198-1901  ApplicationPolicy       system_server                        D  isStatusBarNotificationAllowedAsUser: packageName = com.yourname.smartrecorder,userId = 0
2025-11-29 04:27:51.812  2188-2188  Launcher.N...onListener com.sec.android.app.launcher         I  onNotificationPosted : com.yourname.smartrecorder number : 0
2025-11-29 04:27:51.812  4533-4533  Edge.badge              com...ndroid.app.cocktailbarservice  I  updateBadge item = com.yourname.smartrecorder:0 1
2025-11-29 04:27:52.038 22947-22947 BubblesManager          com.android.systemui                 D  onEntryUpdated : shouldBubbleUp=false ,key=0|com.yourname.smartrecorder|1|null|11040
2025-11-29 04:27:52.039 22947-22947 Interrupti...teProvider com.android.systemui                 D   no Heads up : edgelighting enabled app. 0|com.yourname.smartrecorder|1|null|11040
2025-11-29 04:27:52.266 18960-19044 ProfileInstaller        com.yourname.smartrecorder           D  Installing profile for com.yourname.smartrecorder
2025-11-29 04:27:52.419  4879-4879  Routine@Co...overHelper com.samsung.android.app.routines     I  setLastResumedPackageForCover mLastResumedPackage = com.yourname.smartrecorder
2025-11-29 04:27:52.419  4879-4879  Routine@Co...cleWatcher com.samsung.android.app.routines     I  notifyLifecycleChanged mCurResumedComponent=com.yourname.smartrecorder
2025-11-29 04:27:52.634  1198-1904  ApplicationPolicy       system_server                        D  isStatusBarNotificationAllowedAsUser: packageName = com.yourname.smartrecorder,userId = 0
2025-11-29 04:27:52.634  1198-1904  ApplicationPolicy       system_server                        D  isStatusBarNotificationAllowedAsUser: packageName = com.yourname.smartrecorder,userId = 0
2025-11-29 04:27:52.742  4879-4879  Routine@Co...overHelper com.samsung.android.app.routines     I  setLastResumedPackageForCover mLastResumedPackage = com.yourname.smartrecorder
2025-11-29 04:27:52.742  4879-4879  Routine@Co...cleWatcher com.samsung.android.app.routines     I  notifyLifecycleChanged mCurResumedComponent=com.yourname.smartrecorder
2025-11-29 04:27:52.839  2188-2188  Launcher.N...onListener com.sec.android.app.launcher         I  onNotificationPosted : com.yourname.smartrecorder number : 0
2025-11-29 04:27:52.839  4533-4533  Edge.badge              com...ndroid.app.cocktailbarservice  I  updateBadge item = com.yourname.smartrecorder:0 1
2025-11-29 04:27:53.041 22947-22947 BubblesManager          com.android.systemui                 D  onEntryUpdated : shouldBubbleUp=false ,key=0|com.yourname.smartrecorder|1|null|11040
2025-11-29 04:27:53.042 22947-22947 Interrupti...teProvider com.android.systemui                 D   no Heads up : edgelighting enabled app. 0|com.yourname.smartrecorder|1|null|11040
2025-11-29 04:27:53.308 22947-22947 SystemUIAnalytics       com.android.systemui                 D  sendEventLog , , type, single, app, com.yourname.smartrecorder
2025-11-29 04:27:53.610  1198-1897  ApplicationPolicy       system_server                        D  isStatusBarNotificationAllowedAsUser: packageName = com.yourname.smartrecorder,userId = 0
2025-11-29 04:27:53.611  1198-1897  ApplicationPolicy       system_server                        D  isStatusBarNotificationAllowedAsUser: packageName = com.yourname.smartrecorder,userId = 0
2025-11-29 04:27:53.814  4533-4533  Edge.badge              com...ndroid.app.cocktailbarservice  I  updateBadge item = com.yourname.smartrecorder:0 1
2025-11-29 04:27:53.815  2188-2188  Launcher.N...onListener com.sec.android.app.launcher         I  onNotificationPosted : com.yourname.smartrecorder number : 0
2025-11-29 04:27:54.016 22947-22947 BubblesManager          com.android.systemui                 D  onEntryUpdated : shouldBubbleUp=false ,key=0|com.yourname.smartrecorder|1|null|11040
2025-11-29 04:27:54.016 22947-22947 Interrupti...teProvider com.android.systemui                 D   no Heads up : edgelighting enabled app. 0|com.yourname.smartrecorder|1|null|11040
2025-11-29 04:27:54.025 22947-22947 SystemUIAnalytics       com.android.systemui                 D  sendEventLog , , app, com.yourname.smartrecorder
2025-11-29 04:27:54.028  1198-4203  ActivityManager         system_server                        D  Received SERVICE intent 0xca46801 Key{startService pkg=com.yourname.smartrecorder intent=act=com.yourname.smartrecorder.STOP_RECORDING cmp=com.yourname.smartrecorder/.core.service.RecordingForegroundService flags=0x4000000 u=0} requestCode=3 from uid 10043
2025-11-29 04:27:54.029 18960-18960 SmartRecorder/Service   com.yourname.smartrecorder           I  [CRIT] [Service: RecordingForegroundService] onStartCommand -> action=com.yourname.smartrecorder.STOP_RECORDING, flags=0, startId=2
2025-11-29 04:27:54.029 18960-18960 SmartRecorder/Service   com.yourname.smartrecorder           I  [CRIT] Stop recording requested from notification
2025-11-29 04:27:54.029 18960-18960 SmartRecorder/Service   com.yourname.smartrecorder           I  [CRIT] Recording stopped in foreground service
2025-11-29 04:27:54.030 18960-18960 SmartRecorder/Service   com.yourname.smartrecorder           D  [BG] Recording state cleared
2025-11-29 04:27:54.031 18960-18960 SmartRecorder/Service   com.yourname.smartrecorder           D  Sent broadcast: com.yourname.smartrecorder.BROADCAST_STOP
2025-11-29 04:27:54.032 22947-22963 SecFgsMana...rollerImpl com.android.systemui                 D  onForegroundStateChanged: dialogShown:false, isForeground:false, packageName:com.yourname.smartrecorder , token:android.os.BinderProxy@85e706e, userId:0
2025-11-29 04:27:54.035  1198-1198  EdgeLightingManager     system_server                        D  hideForNotification : packageName = com.yourname.smartrecorder
2025-11-29 04:27:54.035  1198-1198  EdgeLighti...ationGroup system_server                        D  remove : sbn : StatusBarNotification(pkg=com.yourname.smartrecorder user=UserHandle{0} id=1 tag=null key=0|com.yourname.smartrecorder|1|null|11040: Notification(channel=recording_channel shortcut=null contentView=null vibrate=null sound=null defaults=0x0 flags=0x68 color=0x00000000 category=service groupKey=silent actions=2 vis=PUBLIC semFlags=0x0 semPriority=0 semMissedCount=0))
2025-11-29 04:27:54.042  1198-1198  NotificationReminder    system_server                        D  removeFromNotiList record com.yourname.smartrecorder
2025-11-29 04:27:54.045 18960-18960 SmartRecorder/Recording com.yourname.smartrecorder           I  [CRIT] Stop from notification received
2025-11-29 04:27:54.045 18960-18960 SmartRecorder/Recording com.yourname.smartrecorder           I  [MAIN] [ViewModel: RecordViewModel] onStopClick
2025-11-29 04:27:54.046 18960-18960 SmartRecorder/Recording com.yourname.smartrecorder           D  Stopping recording -> recordingId: 98a033f9-7bfe-490e-884f-505e012e0972, duration: 4444 ms
2025-11-29 04:27:54.047 18960-18960 SmartRecorder/Service   com.yourname.smartrecorder           I  [CRIT] Recording foreground service stopped
2025-11-29 04:27:54.047 18960-18960 SmartRecorder/Service   com.yourname.smartrecorder           D  [BG] Auto-save stopped
2025-11-29 04:27:54.047 18960-18960 SmartRecorder/UseCase   com.yourname.smartrecorder           I  [MAIN] [UseCase: StopRecordingAndSaveUseCase] Starting (recordingId=98a033f9-7bfe-490e-884f-505e012e0972, durationMs=4444)
2025-11-29 04:27:54.048 18960-18985 SmartRecorder/Audio     com.yourname.smartrecorder           D  Stopping recording
2025-11-29 04:27:54.048 18960-18985 SmartRecorder/Audio     com.yourname.smartrecorder           D  File size before stop: 6984 bytes
2025-11-29 04:27:54.049 18960-18985 MediaRecorderJNI        com.yourname.smartrecorder           I  stop
2025-11-29 04:27:54.056 18960-18960 SmartRecorder/Service   com.yourname.smartrecorder           I  [CRIT] [Service: RecordingForegroundService] onDestroy
2025-11-29 04:27:54.112  1198-1909  AudioServi...ityMonitor system_server                        V  updateSoundAppPolicy packageName = com.yourname.smartrecorder
2025-11-29 04:27:54.112  1198-1909  SGM:GameManager         system_server                        D  identifyGamePackage. com.yourname.smartrecorder, mCurrentUserId: 0, callerUserId: 0, callingMethodInfo: com.samsung.android.game.SemGameManager.isGamePackage(SemGameManager.java:104)
2025-11-29 04:27:54.112  1198-1909  SGM:PkgDataHelper       system_server                        D  getGamePkgData(). com.yourname.smartrecorder
2025-11-29 04:27:54.112  1198-1909  SGM:SemGameManager      system_server                        D  isGamePackage(), pkgName=com.yourname.smartrecorder, ret=false
2025-11-29 04:27:54.119 14064-14097 BWU@Wakeup...ordManager com.samsung.android.bixby.wakeup     I  Ph_com.yourname.smartrecorder is allowed? false [VF-T-L] 
2025-11-29 04:27:54.121 18960-18985 SmartRecorder/Audio     com.yourname.smartrecorder           D  MediaRecorder.stop() called successfully
2025-11-29 04:27:54.121 18960-18985 MediaRecorderJNI        com.yourname.smartrecorder           I  native_reset
2025-11-29 04:27:54.121 18960-18985 SmartRecorder/Audio     com.yourname.smartrecorder           D  MediaRecorder.reset() called successfully
2025-11-29 04:27:54.121 18960-18985 MediaRecorderJNI        com.yourname.smartrecorder           I  release
2025-11-29 04:27:54.128 18960-18985 SmartRecorder/Audio     com.yourname.smartrecorder           D  MediaRecorder released
2025-11-29 04:27:54.229 18960-18985 SmartRecorder/Audio     com.yourname.smartrecorder           D  File size after stop: 7735 bytes (before: 6984)
2025-11-29 04:27:54.230 18960-18985 SmartRecorder/Audio     com.yourname.smartrecorder           I  Recording stopped successfully -> file: /data/user/0/com.yourname.smartrecorder/files/recordings/recording_006.3gp, size: 7735 bytes, stopTime: 181ms
2025-11-29 04:27:54.230 18960-18960 SmartRecorder/UseCase   com.yourname.smartrecorder           D  Audio file saved -> size: 7735 bytes, path: /data/user/0/com.yourname.smartrecorder/files/recordings/recording_006.3gp
2025-11-29 04:27:54.235 18960-18960 SmartRecorder/UseCase   com.yourname.smartrecorder           D  Generated auto title: Recording Th11 29, 2025
2025-11-29 04:27:54.236 18960-18960 SmartRecorder/UseCase   com.yourname.smartrecorder           D  Saving recording to database -> id: 98a033f9-7bfe-490e-884f-505e012e0972, title: Recording Th11 29, 2025, duration: 4444 ms
2025-11-29 04:27:54.236 18960-18960 SmartRecor...Repository com.yourname.smartrecorder           D  [BG] [DB: recordings] INSERT -> id=98a033f9-7bfe-490e-884f-505e012e0972, title=Recording Th11 29, 2025, duration=4444ms
2025-11-29 04:27:54.275 18960-18960 SmartRecor...Repository com.yourname.smartrecorder           D  [BG] [DB: recordings] INSERT_COMPLETE -> id=98a033f9-7bfe-490e-884f-505e012e0972, duration=39ms
2025-11-29 04:27:54.275 18960-18960 SmartRecorder/UseCase   com.yourname.smartrecorder           I  [MAIN] [UseCase: StopRecordingAndSaveUseCase] Completed (recordingId=98a033f9-7bfe-490e-884f-505e012e0972, duration=228ms)
2025-11-29 04:27:54.276 18960-18960 SmartRecorder/UseCase   com.yourname.smartrecorder           I  [Performance] StopRecordingAndSaveUseCase took 228ms (fileSize=7735bytes, durationMs=4444ms)
2025-11-29 04:27:54.276 18960-18960 SmartRecorder/ViewModel com.yourname.smartrecorder           D  [RecordingSessionRepository] setIdle
2025-11-29 04:27:54.278 18960-18960 SmartRecorder/Recording com.yourname.smartrecorder           I  [MAIN] [ViewModel: RecordViewModel] Recording saved -> State: recordingId=98a033f9-7bfe-490e-884f-505e012e0972, title=Recording Th11 29, 2025, duration=4444ms
2025-11-29 04:27:54.278 18960-18960 SmartRecorder/Recording com.yourname.smartrecorder           D  Navigation triggered -> transcriptId: 98a033f9-7bfe-490e-884f-505e012e0972
2025-11-29 04:27:54.343 18960-18960 SmartRecorder/ViewModel com.yourname.smartrecorder           D  [SmartRecorderApp] Navigating to transcript -> recordingId: 98a033f9-7bfe-490e-884f-505e012e0972
2025-11-29 04:27:54.538 18960-18960 SmartRecorder/ViewModel com.yourname.smartrecorder           D  [TranscriptScreen] Screen loaded -> recordingId: 98a033f9-7bfe-490e-884f-505e012e0972
2025-11-29 04:27:54.538 18960-18960 SmartRecor...Transcript com.yourname.smartrecorder           I  [MAIN] [ViewModel: TranscriptViewModel] loadRecording -> State: recordingId=98a033f9-7bfe-490e-884f-505e012e0972
2025-11-29 04:27:54.540 18960-18960 SmartRecor...Transcript com.yourname.smartrecorder           D  Loading recording details -> recordingId: 98a033f9-7bfe-490e-884f-505e012e0972
2025-11-29 04:27:54.541 18960-18960 SmartRecorder/UseCase   com.yourname.smartrecorder           I  [MAIN] [UseCase: GetRecordingDetailUseCase] Starting (recordingId=98a033f9-7bfe-490e-884f-505e012e0972)
2025-11-29 04:27:54.541 18960-18960 SmartRecor...Repository com.yourname.smartrecorder           D  [BG] [DB: recordings] SELECT -> id=98a033f9-7bfe-490e-884f-505e012e0972
2025-11-29 04:27:54.542 18960-18960 SmartRecorder/ViewModel com.yourname.smartrecorder           D  [TranscriptScreen] User switched tab -> tab: TRANSCRIPT
2025-11-29 04:27:54.558 18960-18960 SmartRecor...Repository com.yourname.smartrecorder           D  [BG] [DB: recordings] SELECT_COMPLETE -> id=98a033f9-7bfe-490e-884f-505e012e0972, found=true
2025-11-29 04:27:54.559 18960-18960 SmartRecorder/UseCase   com.yourname.smartrecorder           I  [MAIN] [UseCase: GetRecordingDetailUseCase] Completed (recordingId=98a033f9-7bfe-490e-884f-505e012e0972, found=true, duration=18ms)
2025-11-29 04:27:54.559 18960-18960 SmartRecor...Transcript com.yourname.smartrecorder           D  Recording loaded -> id: 98a033f9-7bfe-490e-884f-505e012e0972, title: Recording Th11 29, 2025, duration: 4444 ms
2025-11-29 04:27:54.559 18960-18960 SmartRecor...Transcript com.yourname.smartrecorder           D  Audio file check -> path: /data/user/0/com.yourname.smartrecorder/files/recordings/recording_006.3gp, exists: true, size: 7735 bytes, canRead: true
2025-11-29 04:27:54.560 18960-18960 SmartRecorder/UseCase   com.yourname.smartrecorder           I  [MAIN] [UseCase: GetTranscriptUseCase] Invoked (recordingId=98a033f9-7bfe-490e-884f-505e012e0972)
2025-11-29 04:27:54.561 18960-18960 SmartRecor...Repository com.yourname.smartrecorder           D  [Flow: getTranscriptSegments] Subscribed -> recordingId=98a033f9-7bfe-490e-884f-505e012e0972
2025-11-29 04:27:54.567 18960-18960 SmartRecor...Repository com.yourname.smartrecorder           D  [Flow: getNotesByRecordingId] Subscribed -> recordingId=98a033f9-7bfe-490e-884f-505e012e0972
2025-11-29 04:27:54.570 18960-18960 SmartRecorder/UseCase   com.yourname.smartrecorder           I  [MAIN] [UseCase: GetBookmarksUseCase] Invoked (recordingId=98a033f9-7bfe-490e-884f-505e012e0972)
2025-11-29 04:27:54.570 18960-18960 SmartRecor...Repository com.yourname.smartrecorder           D  [Flow: getBookmarksByRecordingId] Subscribed -> recordingId=98a033f9-7bfe-490e-884f-505e012e0972
2025-11-29 04:27:54.587 18960-18960 SmartRecor...Repository com.yourname.smartrecorder           D  [Flow: getTranscriptSegments] Emitted -> recordingId=98a033f9-7bfe-490e-884f-505e012e0972, count=0
2025-11-29 04:27:54.588 18960-18960 SmartRecorder/UseCase   com.yourname.smartrecorder           I  [MAIN] [UseCase: GetTranscriptUseCase] Emitted (recordingId=98a033f9-7bfe-490e-884f-505e012e0972, count=0)
2025-11-29 04:27:54.588 18960-18960 SmartRecor...Transcript com.yourname.smartrecorder           D  Transcript segments received -> count: 0, recordingId: 98a033f9-7bfe-490e-884f-505e012e0972
2025-11-29 04:27:54.590 18960-18960 SmartRecor...Transcript com.yourname.smartrecorder           D  Segments updated in UI -> count: 0
2025-11-29 04:27:54.591 18960-18960 SmartRecor...Repository com.yourname.smartrecorder           D  [Flow: getNotesByRecordingId] Emitted -> recordingId=98a033f9-7bfe-490e-884f-505e012e0972, count=0
2025-11-29 04:27:54.591 18960-18960 SmartRecor...Transcript com.yourname.smartrecorder           D  Notes loaded -> count: 0
2025-11-29 04:27:54.591 18960-18960 SmartRecor...Transcript com.yourname.smartrecorder           I  [MAIN] [ViewModel: TranscriptViewModel] loadRecording completed -> State: duration=53ms, segments=0, notes=0
2025-11-29 04:27:54.592 18960-18960 SmartRecor...Repository com.yourname.smartrecorder           D  [Flow: getBookmarksByRecordingId] Emitted -> recordingId=98a033f9-7bfe-490e-884f-505e012e0972, count=0
2025-11-29 04:27:54.592 18960-18960 SmartRecorder/UseCase   com.yourname.smartrecorder           I  [MAIN] [UseCase: GetBookmarksUseCase] Emitted (recordingId=98a033f9-7bfe-490e-884f-505e012e0972, count=0)
2025-11-29 04:27:54.592 18960-18960 SmartRecor...Transcript com.yourname.smartrecorder           D  Bookmarks loaded: 0
2025-11-29 04:27:55.793  2188-2188  ApplyLoadP...rationImpl com.sec.android.app.launcher         I  load [
                                                                                                    taskId = 22780, ComponentInfo{com.xiaomi.smarthome/com.xiaomi.smarthome.SmartHomeMainActivity}
                                                                                                    taskId = 22805, ComponentInfo{com.marketsnap.app/com.marketsnap.app.MainActivity}
                                                                                                    taskId = 22809, ComponentInfo{com.facebook.orca/com.facebook.orca.auth.StartScreenActivity}
                                                                                                    taskId = 22759, ComponentInfo{com.android.chrome/org.chromium.chrome.browser.ChromeTabbedActivity}
                                                                                                    taskId = 22826, ComponentInfo{com.google.android.youtube/com.google.android.apps.youtube.app.watchwhile.InternalMainActivity}
                                                                                                    taskId = 22853, ComponentInfo{com.android.vending/com.google.android.finsky.activities.MainActivity}
                                                                                                    taskId = 22775, ComponentInfo{com.zing.zalo/com.zing.zalo.ui.SplashActivity}
                                                                                                    taskId = 22808, ComponentInfo{com.facebook.orca/com.facebook.orca.auth.StartScreenActivity}
                                                                                                    taskId = 22867, ComponentInfo{com.superkent.NumerologyInsights/com.app.numerology.MainActivity}
                                                                                                    taskId = 22870, ComponentInfo{com.yourname.smartrecorder/com.yourname.smartrecorder.MainActivity} ]
2025-11-29 04:27:55.794  2188-2465  SuggestedItemsFacade    com.sec.android.app.launcher         I  filteredItem : com.yourname.smartrecorder/com.yourname.smartrecorder.MainActivity#0
2025-11-29 04:27:55.802  2188-11851 AppIconSolution         com.sec.android.app.launcher         I  getThemeIconWithBG called with public API, pkg = com.yourname.smartrecorder, mode = 48
2025-11-29 04:27:55.802  2188-11851 AppIconSolution         com.sec.android.app.launcher         I  return adaptive icon for com.yourname.smartrecorder, isNight = false
2025-11-29 04:27:55.804  2188-11851 LauncherActivityInfo    com.sec.android.app.launcher         I  packageName: com.yourname.smartrecorder, useThemeIcon: false, height: 252, width: 252, density: 560
2025-11-29 04:27:56.579  1198-1897  Pageboost               system_server                        I  moveTaskToFront : 11040:com.yourname.smartrecorder
2025-11-29 04:27:56.580  1198-1287  ChimeraSys...ntListener system_server                        I  appLaunchIntent package name is: com.yourname.smartrecorder
2025-11-29 04:27:56.580  1198-1897  InputDispatcher         system_server                        D  Focused application(0): ActivityRecord{d731c09 u0 com.yourname.smartrecorder/.MainActivity} t22870}
2025-11-29 04:27:56.581  1198-1897  SGM:FgCheckThread       system_server                        D    sendRunningComponentFocus(), pkgName: com.yourname.smartrecorder, userId: 0
2025-11-29 04:27:56.581  1198-1539  SGM:FgCheckThread       system_server                        D  onLooperPrepared(), msg: MSG_TASK_FOCUSED, pkgName: com.yourname.smartrecorder, userId: 0
2025-11-29 04:27:56.581  1198-1539  SGM:FgCheckThread       system_server                        D    handleTaskFocused(), pkgName: com.yourname.smartrecorder, userID:0 mResumedPkgMap does not containsKey.
2025-11-29 04:27:56.582  1198-1897  WindowManager           system_server                        V  Added starting ActivityRecord{d731c09 u0 com.yourname.smartrecorder/.MainActivity} t22870}: startingWindow=null startingView=com.android.server.wm.StartingSurfaceController$StartingSurface@539fbf
2025-11-29 04:27:56.587  1198-1897  WindowManager           system_server                        V  addWindow: ActivityRecord{d731c09 u0 com.yourname.smartrecorder/.MainActivity} t22870} startingWindow=Window{91f81d5 u0 SnapshotStartingWindow for taskId=22870}
2025-11-29 04:27:56.588  1198-1904  MARsPolicyManager       system_server                        D  onPackageResumedFG pkgName = com.yourname.smartrecorder, userId = 0
2025-11-29 04:27:56.589  1198-1904  WindowManager           system_server                        V  Setting visibility of Window{3c910bf u0 com.yourname.smartrecorder/com.yourname.smartrecorder.MainActivity}: true, caller=com.android.server.wm.WindowContainer.sendAppVisibilityToClients:1246 com.android.server.wm.WindowToken.setClientVisible:431 com.android.server.wm.ActivityRecord.setClientVisible:7713 com.android.server.wm.ActivityRecord.setVisibility:6113 com.android.server.wm.ActivityRecord.setVisibility:6006 
2025-11-29 04:27:56.589  1198-1904  ActivityTaskManager     system_server                        D  scheduleTopResumedActivityChanged, onTop=true r=ActivityRecord{d731c09 u0 com.yourname.smartrecorder/.MainActivity} t22870} caller=com.android.server.wm.ActivityTaskSupervisor.scheduleTopResumedActivityStateIfNeeded:2535 com.android.server.wm.ActivityTaskSupervisor.updateTopResumedActivityIfNeeded:2527 com.android.server.wm.TaskFragment.setResumedActivity:493 com.android.server.wm.TaskFragment.onActivityStateChanged:805 com.android.server.wm.ActivityRecord.setState:6428 com.android.server.wm.TaskFragment.resumeTopActivity:1629 
