2025-11-27 02:12:36.209 22947-23121 PluginInstanceManager   com.android.systemui                 D  queryPkg com.yourname.smartrecorder com.android.systemui.action.PLUGIN_LOCKSCREEN_LEFT_BUTTON
2025-11-27 02:12:36.209 22947-23121 PluginInstanceManager   com.android.systemui                 D  queryPkg com.yourname.smartrecorder com.android.systemui.action.PLUGIN_NOTIFICATION_ASSISTANT
2025-11-27 02:12:36.209 22947-23121 PluginInstanceManager   com.android.systemui                 D  queryPkg com.yourname.smartrecorder com.android.systemui.action.PLUGIN_OVERLAY
2025-11-27 02:12:36.209 22947-23121 PluginInstanceManager   com.android.systemui                 D  queryPkg com.yourname.smartrecorder com.android.systemui.action.PLUGIN_CLOCK
2025-11-27 02:12:36.209 22947-23121 PluginInstanceManager   com.android.systemui                 D  queryPkg com.yourname.smartrecorder com.samsung.systemui.action.PLUGIN_FACE_WIDGET
2025-11-27 02:12:36.209 22947-23121 PluginInstanceManager   com.android.systemui                 D  queryPkg com.yourname.smartrecorder com.android.systemui.action.PLUGIN_SENSOR_MANAGER
2025-11-27 02:12:36.209  1706-1706  VvmPkgInstalledRcvr     com.android.phone                    I   NOT contains : com.yourname.smartrecorder
2025-11-27 02:12:36.209 22947-23121 PluginInstanceManager   com.android.systemui                 D  queryPkg com.yourname.smartrecorder com.android.systemui.action.PLUGIN_NOTIFICATION_MENU_ROW
2025-11-27 02:12:36.209 22947-23121 PluginInstanceManager   com.android.systemui                 D  queryPkg com.yourname.smartrecorder com.android.systemui.action.PLUGIN_TOAST
2025-11-27 02:12:36.209 22947-23121 PluginInstanceManager   com.android.systemui                 D  queryPkg com.yourname.smartrecorder com.android.systemui.action.PLUGIN_VOLUME
2025-11-27 02:12:36.213 26784-8931  ProximityAuth           com.google.android.gms.persistent    I  [RecentAppsMediator] Package added: (user=UserHandle{0}) com.yourname.smartrecorder
2025-11-27 02:12:36.217  1706-1706  VvmPkgInstalledRcvr     com.android.phone                    I   NOT contains : com.yourname.smartrecorder
2025-11-27 02:12:36.219  1706-1706  CarrierSvcBindHelper    com.android.phone                    D  onPackageUpdateFinished: com.yourname.smartrecorder
2025-11-27 02:12:36.220  1706-1706  CarrierSvcBindHelper    com.android.phone                    D  onPackageModified: com.yourname.smartrecorder
2025-11-27 02:12:36.235  1198-1363  VerityUtils             system_server                        E  Failed to measure fs-verity, errno 25: /data/app/~~LPPe51t0NU81R7VL5jvuxg==/com.yourname.smartrecorder-l5AKKN05vWaNJ59WexboSA==/base.apk
2025-11-27 02:12:36.249  4879-4879  Routine@Co...gedHandler com.samsung.android.app.routines     I  Should not remove data true com.yourname.smartrecorder
2025-11-27 02:12:36.253  4398-4398  AccountReloadObserver   com.samsung.android.dialer           I  [D] received action: android.intent.action.PACKAGE_ADDED, dat: package:com.yourname.smartrecorder
2025-11-27 02:12:36.256  1706-1706  ImsResolver             com.android.phone                    D  maybeAddedImsService, packageName: com.yourname.smartrecorder
2025-11-27 02:12:36.256  1706-1706  ImsResolver             com.android.phone                    D  maybeAddedImsService, packageName: com.yourname.smartrecorder
2025-11-27 02:12:36.287 32412-32412 Finsky:background       pid-32412                            I  [2] IQ: onPackageRemoved com.yourname.smartrecorder, replacing=true, uninstallingFromPlay=false
2025-11-27 02:12:36.289  1198-1198  SGM:GameManager         system_server                        D  identifyGamePackage. com.yourname.smartrecorder, mCurrentUserId: 0, callerUserId: 0, callingMethodInfo: com.samsung.android.game.SemGameManager.isGamePackage(SemGameManager.java:104)
2025-11-27 02:12:36.289  1198-1198  SGM:PkgDataHelper       system_server                        D  getGamePkgData(). com.yourname.smartrecorder
2025-11-27 02:12:36.289  1198-1198  SGM:SemGameManager      system_server                        D  isGamePackage(), pkgName=com.yourname.smartrecorder, ret=false
2025-11-27 02:12:36.290  4879-4879  Routine@Co...LoaderImpl com.samsung.android.app.routines     I  collectInBackground - packageName:com.yourname.smartrecorder
2025-11-27 02:12:36.291  4879-4879  Routine@Co...yncBacklog com.samsung.android.app.routines     I  add: null + com.yourname.smartrecorder
2025-11-27 02:12:36.298  1198-1198  AppWidgetServiceImpl    system_server                        I  Received broadcast: android.intent.action.PACKAGE_ADDED, Updates all providers with com.yourname.smartrecorder, userId: 0
2025-11-27 02:12:36.298  1198-1198  DomainFilter            system_server                        I  packageAdded() - packageName: com.yourname.smartrecorder, uid: 0
2025-11-27 02:12:36.299  1198-1198  DualDARComnService      system_server                        D  reConnectAgentsByPkgName:: package: com.yourname.smartrecorder
2025-11-27 02:12:36.300  1198-1198  Telecom:Sa...stReceiver system_server                        I  action : android.intent.action.PACKAGE_ADDED / packageName : com.yourname.smartrecorder
2025-11-27 02:12:36.304  1198-1634  SGM:GameManager         system_server                        D  identifyGamePackage. com.yourname.smartrecorder, mCurrentUserId: 0, callerUserId: 0, callingMethodInfo: com.samsung.android.game.SemGameManager.isGamePackage(SemGameManager.java:104)
2025-11-27 02:12:36.304  1198-1634  SGM:PkgDataHelper       system_server                        D  getGamePkgData(). com.yourname.smartrecorder
2025-11-27 02:12:36.304  1198-1634  SGM:SemGameManager      system_server                        D  isGamePackage(), pkgName=com.yourname.smartrecorder, ret=false
2025-11-27 02:12:36.314  2787-6617  DWBh                    pid-2787                             I  onPackageAdded Already Exist : com.yourname.smartrecorder
2025-11-27 02:12:36.315 22947-23121 PluginInstanceManager   com.android.systemui                 D  queryPkg com.yourname.smartrecorder com.android.systemui.action.PLUGIN_QS_FACTORY
2025-11-27 02:12:36.315 22947-23121 PluginInstanceManager   com.android.systemui                 D  queryPkg com.yourname.smartrecorder com.android.systemui.action.PEOPLE_HUB_PERSON_EXTRACTOR
2025-11-27 02:12:36.315 22947-23121 PluginInstanceManager   com.android.systemui                 D  queryPkg com.yourname.smartrecorder com.android.systemui.action.PLUGIN_GLOBAL_ACTIONS
2025-11-27 02:12:36.315 22947-23121 PluginInstanceManager   com.android.systemui                 D  queryPkg com.yourname.smartrecorder com.android.systemui.action.PLUGIN_QS
2025-11-27 02:12:36.316 22947-23121 PluginInstanceManager   com.android.systemui                 D  queryPkg com.yourname.smartrecorder com.android.systemui.action.PLUGIN_AOD
2025-11-27 02:12:36.316 22947-23121 PluginInstanceManager   com.android.systemui                 D  queryPkg com.yourname.smartrecorder com.android.systemui.action.PLUGIN_CLOCK
2025-11-27 02:12:36.316 22947-23121 PluginInstanceManager   com.android.systemui                 D  queryPkg com.yourname.smartrecorder com.android.systemui.action.PLUGIN_LOCKSCREEN_RIGHT_BUTTON
2025-11-27 02:12:36.316 22947-23121 PluginInstanceManager   com.android.systemui                 D  queryPkg com.yourname.smartrecorder com.android.systemui.action.PLUGIN_LOCKSCREEN_RIGHT_BUTTON
2025-11-27 02:12:36.316 22947-23121 PluginInstanceManager   com.android.systemui                 D  queryPkg com.yourname.smartrecorder com.android.systemui.action.PLUGIN_LOCKSCREEN_LEFT_BUTTON
2025-11-27 02:12:36.316 22947-23121 PluginInstanceManager   com.android.systemui                 D  queryPkg com.yourname.smartrecorder com.android.systemui.action.PLUGIN_LOCKSCREEN_LEFT_BUTTON
2025-11-27 02:12:36.316 22947-23121 PluginInstanceManager   com.android.systemui                 D  queryPkg com.yourname.smartrecorder com.android.systemui.action.PLUGIN_NOTIFICATION_ASSISTANT
2025-11-27 02:12:36.316 22947-23121 PluginInstanceManager   com.android.systemui                 D  queryPkg com.yourname.smartrecorder com.android.systemui.action.PLUGIN_OVERLAY
2025-11-27 02:12:36.316 22947-23121 PluginInstanceManager   com.android.systemui                 D  queryPkg com.yourname.smartrecorder com.android.systemui.action.PLUGIN_CLOCK
2025-11-27 02:12:36.316 22947-23121 PluginInstanceManager   com.android.systemui                 D  queryPkg com.yourname.smartrecorder com.samsung.systemui.action.PLUGIN_FACE_WIDGET
2025-11-27 02:12:36.316 22947-23121 PluginInstanceManager   com.android.systemui                 D  queryPkg com.yourname.smartrecorder com.android.systemui.action.PLUGIN_SENSOR_MANAGER
2025-11-27 02:12:36.316 22947-23121 PluginInstanceManager   com.android.systemui                 D  queryPkg com.yourname.smartrecorder com.android.systemui.action.PLUGIN_NOTIFICATION_MENU_ROW
2025-11-27 02:12:36.316 22947-23121 PluginInstanceManager   com.android.systemui                 D  queryPkg com.yourname.smartrecorder com.android.systemui.action.PLUGIN_TOAST
2025-11-27 02:12:36.316 22947-23121 PluginInstanceManager   com.android.systemui                 D  queryPkg com.yourname.smartrecorder com.android.systemui.action.PLUGIN_VOLUME
2025-11-27 02:12:36.329  1198-1198  SGM:GameManager         system_server                        D  identifyGamePackage. com.yourname.smartrecorder, mCurrentUserId: 0, callerUserId: 0, callingMethodInfo: com.samsung.android.game.SemGameManager.isGamePackage(SemGameManager.java:104)
2025-11-27 02:12:36.329  1198-1198  SGM:PkgDataHelper       system_server                        D  getGamePkgData(). com.yourname.smartrecorder
2025-11-27 02:12:36.329  1198-1198  SGM:SemGameManager      system_server                        D  isGamePackage(), pkgName=com.yourname.smartrecorder, ret=false
2025-11-27 02:12:36.334  1198-1198  AppWidgetServiceImpl    system_server                        I  Received broadcast: android.intent.action.PACKAGE_ADDED, Updates all providers with com.yourname.smartrecorder, userId: 95
2025-11-27 02:12:36.334  1198-1198  DomainFilter            system_server                        I  packageAdded() - packageName: com.yourname.smartrecorder, uid: 95
2025-11-27 02:12:36.334  1198-1198  DualDARComnService      system_server                        D  reConnectAgentsByPkgName:: package: com.yourname.smartrecorder
2025-11-27 02:12:36.335  1198-1198  Telecom:Sa...stReceiver system_server                        I  action : android.intent.action.PACKAGE_ADDED / packageName : com.yourname.smartrecorder
2025-11-27 02:12:36.338  4879-4879  Routine@Co...LoaderImpl com.samsung.android.app.routines     I  collectInBackground - packageName:com.yourname.smartrecorder
2025-11-27 02:12:36.338  1198-1198  DomainFilter            system_server                        I  packageReplaced() - packageName: com.yourname.smartrecorder oldUid: 10934 newUid:10934
2025-11-27 02:12:36.339  4879-4879  Routine@Co...yncBacklog com.samsung.android.app.routines     I  add: com.yourname.smartrecorder + com.yourname.smartrecorder
2025-11-27 02:12:36.343  1198-1198  DomainFilter            system_server                        I  packageReplaced() - packageName: com.yourname.smartrecorder oldUid: 9510934 newUid:9510934
2025-11-27 02:12:36.345  1198-1198  AlarmManager            system_server                        W  Package com.yourname.smartrecorder, uid 10934 lost permission to set exact alarms!
2025-11-27 02:12:36.349  1198-1198  ApplicationPolicy       system_server                        D  No updatable permission to DENY found for com.yourname.smartrecorder(0)
2025-11-27 02:12:36.361 31461-8946  SQLiteLog               com.google.android.gms               W  (28) double-quoted string literal: "com.yourname.smartrecorder"
2025-11-27 02:12:36.363  1198-1707  SGM:GameManager         system_server                        D  identifyGamePackage. com.yourname.smartrecorder, mCurrentUserId: 0, callerUserId: 0, callingMethodInfo: com.samsung.android.game.SemGameManager.isGamePackage(SemGameManager.java:104)
2025-11-27 02:12:36.363  1198-1707  SGM:PkgDataHelper       system_server                        D  getGamePkgData(). com.yourname.smartrecorder
2025-11-27 02:12:36.363  1198-1707  SGM:SemGameManager      system_server                        D  isGamePackage(), pkgName=com.yourname.smartrecorder, ret=false
2025-11-27 02:12:36.363  1198-1707  Pageboost               system_server                        I  appinfo : com.yourname.smartrecorder 0 0 0 0
2025-11-27 02:12:36.365  1198-1198  ApplicationPolicy       system_server                        D  No updatable permission to GRANT found for com.yourname.smartrecorder(0)
2025-11-27 02:12:36.367  1198-1198  AlarmManager            system_server                        W  Package com.yourname.smartrecorder, uid 9510934 lost permission to set exact alarms!
2025-11-27 02:12:36.371  1198-1363  VerityUtils             system_server                        E  Failed to measure fs-verity, errno 25: /data/app/~~LPPe51t0NU81R7VL5jvuxg==/com.yourname.smartrecorder-l5AKKN05vWaNJ59WexboSA==/base.apk
2025-11-27 02:12:36.380 32227-32227 Finsky                  com.android.vending                  I  [2] AIM: AppInfoCacheUpdater -> invalidating apps: [com.yourname.smartrecorder]
2025-11-27 02:12:36.381 32227-32299 Finsky                  com.android.vending                  I  [11301] AIM: AppInfoManager-Perf > OnDeviceAppInfo > cacheHitCount=0, cacheMissCount=1. Missed  in cache (limit 10) : [com.yourname.smartrecorder]
2025-11-27 02:12:36.461  1198-1707  SGM:GameManager         system_server                        D  identifyGamePackage. com.yourname.smartrecorder, mCurrentUserId: 0, callerUserId: 0, callingMethodInfo: com.samsung.android.game.SemGameManager.isGamePackage(SemGameManager.java:104)
2025-11-27 02:12:36.461  1198-1707  SGM:PkgDataHelper       system_server                        D  getGamePkgData(). com.yourname.smartrecorder
2025-11-27 02:12:36.461  1198-1707  SGM:SemGameManager      system_server                        D  isGamePackage(), pkgName=com.yourname.smartrecorder, ret=false
2025-11-27 02:12:36.461  1198-1707  Pageboost               system_server                        I  Reset this app info : com.yourname.smartrecorder 
2025-11-27 02:12:36.496  4879-4879  Routine@Co...JobService com.samsung.android.app.routines     I  onStartJob: collectPackageInBG - com.yourname.smartrecorder
2025-11-27 02:12:36.498  4879-4879  Routine@Co...JobService com.samsung.android.app.routines     I  packageName : com.yourname.smartrecorder, forced : true
2025-11-27 02:12:36.500  4879-18272 Routine@Co...oadManager com.samsung.android.app.routines     I  collect: com.yourname.smartrecorder
2025-11-27 02:12:36.500  4879-18272 Routine@Co...oadManager com.samsung.android.app.routines     I  collectWithCollectors - com.yourname.smartrecorder
2025-11-27 02:12:36.501 22947-22947 FaceWidget...cViewModel com.android.systemui                 D  onPackageRemoved() pkg = com.yourname.smartrecorder, r = true
2025-11-27 02:12:36.501 22947-22947 FaceWidget...dataParser com.android.systemui                 D  removePackage() key = com.yourname.smartrecorder
2025-11-27 02:12:36.501 22947-22947 FaceWidget...dataParser com.android.systemui                 D  updatePackage() com.yourname.smartrecorder true
2025-11-27 02:12:36.502 22947-22947 FaceWidget...dataParser com.android.systemui                 D  removePackage() key = com.yourname.smartrecorder
2025-11-27 02:12:36.507  1198-1634  SGM:GameManager         system_server                        D  identifyGamePackage. com.yourname.smartrecorder, mCurrentUserId: 0, callerUserId: 0, callingMethodInfo: com.samsung.android.game.SemGameManager.isGamePackage(SemGameManager.java:104)
2025-11-27 02:12:36.507  1198-1634  SGM:PkgDataHelper       system_server                        D  getGamePkgData(). com.yourname.smartrecorder
2025-11-27 02:12:36.507  1198-1634  SGM:SemGameManager      system_server                        D  isGamePackage(), pkgName=com.yourname.smartrecorder, ret=false
2025-11-27 02:12:36.536  1198-1707  Pageboost               system_server                        I  add app to global @ runtime: com.yourname.smartrecorder
2025-11-27 02:12:36.540 32227-32227 Finsky                  com.android.vending                  I  [2] AIM: AppInfoCacheUpdater -> invalidating apps: [com.yourname.smartrecorder]
2025-11-27 02:12:36.566  4879-4879  Routine@Co...JobService com.samsung.android.app.routines     I  metadataLoadingFinished: collectPackageInBG - com.yourname.smartrecorder
2025-11-27 02:12:36.567 32227-32299 Finsky                  com.android.vending                  I  [11301] AIM: AppInfoManager-Perf > OnDeviceAppInfo > cacheHitCount=0, cacheMissCount=1. Missed  in cache (limit 10) : [com.yourname.smartrecorder]
2025-11-27 02:12:36.652  1198-1634  SemWifiTra...LayerUtils system_server                        W  getApplicationCategory - IOException com.yourname.smartrecorder
2025-11-27 02:12:36.652  1198-1634  System.err              system_server                        W  java.io.FileNotFoundException: https://play.google.com/store/apps/details?id=com.yourname.smartrecorder&hl=en
2025-11-27 02:12:36.681  1198-1293  SGM:GameManager         system_server                        I  PkgUpdateReceiver, onPackageAdded : com.yourname.smartrecorder userHandle : UserHandle{0} userId : 0
2025-11-27 02:12:36.681  1198-1540  SGM:GosNotifyThread     system_server                        D  notifyPackageChangedToGos(), before send intent to GOS. type:15, changeType: 0, pkgName:com.yourname.smartrecorder, userHandleId:0
2025-11-27 02:12:36.846 30862-9029  ProximityAuth           com.google.android.gms.persistent    I  [RecentAppsMediator] Package added: (user=UserHandle{95}) com.yourname.smartrecorder
2025-11-27 02:12:36.900  1198-1363  VerityUtils             system_server                        E  Failed to measure fs-verity, errno 25: /data/app/~~LPPe51t0NU81R7VL5jvuxg==/com.yourname.smartrecorder-l5AKKN05vWaNJ59WexboSA==/base.apk
2025-11-27 02:12:36.983 31366-8998  SQLiteLog               pid-31366                            W  (28) double-quoted string literal: "com.yourname.smartrecorder"
2025-11-27 02:12:37.136  1198-1363  VerityUtils             system_server                        E  Failed to measure fs-verity, errno 25: /data/app/~~LPPe51t0NU81R7VL5jvuxg==/com.yourname.smartrecorder-l5AKKN05vWaNJ59WexboSA==/base.apk
2025-11-27 02:12:37.137  8889-9035  GOS:GameServiceReceiver pid-8889                             I   PkgInstallStarted for com.yourname.smartrecorder UserID : 0
2025-11-27 02:12:37.147  8889-9082  GOS:GameIntentService   pid-8889                             I  onHandleIntent. GameIntentService. type: 15, pkgName: com.yourname.smartrecorder
2025-11-27 02:12:37.428  1198-1293  Enterprise...gerService system_server                        D  onPackageUpdateFinished - packageName: com.yourname.smartrecorder, uid: 10934
2025-11-27 02:12:37.429  1198-1293  MetaDataCollector       system_server                        D  onReceive: done pkgName=com.yourname.smartrecorder
2025-11-27 02:12:37.430  2188-2188  Launcher.Model          com.sec.android.app.launcher         I  package changed received : com.yourname.smartrecorder
2025-11-27 02:12:37.431 14462-14767 SAMSUNGWALLET           com.samsung.android.spay             I  [Hint_SimpleHintProcessMonitor] package changed : com.yourname.smartrecorder , execute : true
2025-11-27 02:12:37.439  2188-2465  PackageUpdatedTask      com.sec.android.app.launcher         I  mAllAppsList.updatePackage com.yourname.smartrecorder
2025-11-27 02:12:37.467  1198-1293  SGM:GameManager         system_server                        I  PkgUpdateReceiver, onPackageAdded : com.yourname.smartrecorder userHandle : UserHandle{95} userId : 95
2025-11-27 02:12:37.468  1198-1540  SGM:GosNotifyThread     system_server                        D  notifyPackageChangedToGos(), before send intent to GOS. type:15, changeType: 0, pkgName:com.yourname.smartrecorder, userHandleId:95
2025-11-27 02:12:37.486  1198-1293  Enterprise...gerService system_server                        D  onPackageUpdateFinished - packageName: com.yourname.smartrecorder, uid: 9510934
2025-11-27 02:12:37.487  1198-1293  MetaDataCollector       system_server                        D  onReceive: done pkgName=com.yourname.smartrecorder
2025-11-27 02:12:37.490 14462-14767 SAMSUNGWALLET           com.samsung.android.spay             I  [Hint_SimpleHintProcessMonitor] package changed : com.yourname.smartrecorder , execute : false
2025-11-27 02:12:37.492  1198-1293  SGM:GameManager         system_server                        I  PkgUpdateReceiver, onPackageReplaced : com.yourname.smartrecorder userID : UserHandle{0}
2025-11-27 02:12:37.492  1198-1293  MetaDataCollector       system_server                        D  onReceive: done pkgName=com.yourname.smartrecorder
2025-11-27 02:12:37.493  1198-1540  SGM:GosNotifyThread     system_server                        D  notifyPackageChangedToGos(), before send intent to GOS. type:15, changeType: 8, pkgName:com.yourname.smartrecorder, userHandleId:0
2025-11-27 02:12:37.493  1198-1293  SGM:GameManager         system_server                        I  PkgUpdateReceiver, onPackageReplaced : com.yourname.smartrecorder userID : UserHandle{95}
2025-11-27 02:12:37.493  1198-1293  MetaDataCollector       system_server                        D  onReceive: done pkgName=com.yourname.smartrecorder
2025-11-27 02:12:37.498  1198-1540  SGM:GosNotifyThread     system_server                        D  notifyPackageChangedToGos(), before send intent to GOS. type:15, changeType: 8, pkgName:com.yourname.smartrecorder, userHandleId:95
2025-11-27 02:12:37.519  2188-2188  Launcher.Model          com.sec.android.app.launcher         I  package changed received : com.yourname.smartrecorder
2025-11-27 02:12:37.564  2188-2465  AppIconSolution         com.sec.android.app.launcher         I  getThemeIconWithBG called with public API, pkg = com.yourname.smartrecorder, mode = 48
2025-11-27 02:12:37.565  2188-2465  AppIconSolution         com.sec.android.app.launcher         I  return adaptive icon for com.yourname.smartrecorder, isNight = false
2025-11-27 02:12:37.578  2188-2465  LauncherActivityInfo    com.sec.android.app.launcher         I  packageName: com.yourname.smartrecorder, useThemeIcon: false, height: 252, width: 252, density: 640
2025-11-27 02:12:37.738  2188-2465  HsAllAppsList           com.sec.android.app.launcher         I  set ComponentInfo{com.yourname.smartrecorder/com.yourname.smartrecorder.MainActivity} app progress level to 100
2025-11-27 02:12:37.874  8889-9082  GOS:GameIntentService   pid-8889                             I  onPackageChanged(). extras: Bundle[{changeType=0, userId=0, pkgName=com.yourname.smartrecorder, type=15, packageName=com.yourname.smartrecorder}]
2025-11-27 02:12:37.874  8889-9082  GOS:GameIntentService   pid-8889                             I  onPackageChanged(). changeType(INSTALLED), pkgName(com.yourname.smartrecorder), UserHandle(0), userId(0), Installed(true)
2025-11-27 02:12:37.877  8889-9082  GOS:GameIntentService   pid-8889                             I  onPkgInstalled(), appInfoCategory: -1, packageName: com.yourname.smartrecorder
2025-11-27 02:12:37.908  2188-2465  AppIconSolution         com.sec.android.app.launcher         I  return adaptive icon for com.yourname.smartrecorder, isNight = false
2025-11-27 02:12:37.950  2188-2465  PackageUpdatedTask      com.sec.android.app.launcher         I  modified, appInfo : AppInfo(id=1670 type=APP hidden=0 container=all_apps screen=4 rank=10 rankOfList=-1 user=UserHandle{0} title=Smart Recorder componentName=ComponentInfo{com.yourname.smartrecorder/com.yourname.smartrecorder.MainActivity} screenType=0 runtimeStatusFlags=384 status=0)
2025-11-27 02:12:38.009  8889-9082  GOS:GameIntentService   pid-8889                             I  onPackageChanged(). extras: Bundle[{changeType=2, userId=0, type=15, packageName=com.yourname.smartrecorder}]
2025-11-27 02:12:38.009  8889-9082  GOS:GameIntentService   pid-8889                             I  onPackageChanged(). changeType(INSTALL_STARTED), pkgName(com.yourname.smartrecorder), UserHandle(0), userId(0), Installed(true)
2025-11-27 02:12:38.029  8889-9082  GOS:GameIntentService   pid-8889                             I  onHandleIntent. GameIntentService. type: 15, pkgName: com.yourname.smartrecorder
2025-11-27 02:12:38.030  8889-9082  GOS:GameIntentService   pid-8889                             I  onPackageChanged(). extras: Bundle[{changeType=8, userId=0, pkgName=com.yourname.smartrecorder, type=15, packageName=com.yourname.smartrecorder}]
2025-11-27 02:12:38.030  8889-9082  GOS:GameIntentService   pid-8889                             I  onPackageChanged(). changeType(REPLACED), pkgName(com.yourname.smartrecorder), UserHandle(0), userId(0), Installed(true)
2025-11-27 02:12:38.092  2188-2465  PackageUpdatedTask      com.sec.android.app.launcher         I  mAllAppsList.updatePackage com.yourname.smartrecorder
2025-11-27 02:12:38.115  2188-2465  AppIconSolution         com.sec.android.app.launcher         I  getThemeIconWithBG called with public API, pkg = com.yourname.smartrecorder, mode = 48
2025-11-27 02:12:38.117  2188-2465  AppIconSolution         com.sec.android.app.launcher         I  return adaptive icon for com.yourname.smartrecorder, isNight = false
2025-11-27 02:12:38.141  2188-2465  LauncherActivityInfo    com.sec.android.app.launcher         I  packageName: com.yourname.smartrecorder, useThemeIcon: false, height: 252, width: 252, density: 640
2025-11-27 02:12:38.195  2188-2465  HsAllAppsList           com.sec.android.app.launcher         I  set ComponentInfo{com.yourname.smartrecorder/com.yourname.smartrecorder.MainActivity} app progress level to 100
2025-11-27 02:12:38.201  9196-9196  FILP/Packa...ntReceiver pid-9196                             I  pkgName : com.yourname.smartrecorder
2025-11-27 02:12:38.203  2188-2465  AppIconSolution         com.sec.android.app.launcher         I  return adaptive icon for com.yourname.smartrecorder, isNight = false
2025-11-27 02:12:38.246  2188-2465  PackageUpdatedTask      com.sec.android.app.launcher         I  modified, appInfo : AppInfo(id=1671 type=APP hidden=0 container=all_apps screen=4 rank=11 rankOfList=-1 user=UserHandle{95} title=Smart Recorder componentName=ComponentInfo{com.yourname.smartrecorder/com.yourname.smartrecorder.MainActivity} screenType=0 runtimeStatusFlags=128 status=0)
2025-11-27 02:12:38.249  9196-9229  FILP/b                  pid-9196                             I  removeFromFS : com.yourname.smartrecorder, cursor size : 0
2025-11-27 02:12:38.250  9196-9229  FILP/b                  pid-9196                             I  Delete DB result : com.yourname.smartrecorder, 0
2025-11-27 02:12:38.259  9196-9196  FILP/Packa...ntReceiver pid-9196                             I  pkgName : com.yourname.smartrecorder
2025-11-27 02:12:38.337  2188-2465  SuggestedItemsFacade    com.sec.android.app.launcher         I  DPS items : Smart Recorder, ComponentInfo{com.yourname.smartrecorder/com.yourname.smartrecorder.MainActivity}
2025-11-27 02:12:38.361  2787-2787  DWBk                    pid-2787                             I  onPackageAdded : com.yourname.smartrecorder
2025-11-27 02:12:39.328  1198-1284  CompanionD...gerService system_server                        I  onPackageModified() u0/com.yourname.smartrecorder
2025-11-27 02:12:39.328  1198-1284  CompanionD...gerService system_server                        I  onPackageModified() u95/com.yourname.smartrecorder
2025-11-27 02:13:29.476  2188-2465  AppInfo                 com.sec.android.app.launcher         I  set ComponentInfo{com.yourname.smartrecorder/com.yourname.smartrecorder.MainActivity} app progress level to 100
2025-11-27 02:13:29.573  2188-2465  SuggestedItemsFacade    com.sec.android.app.launcher         I  DPS items : Smart Recorder, ComponentInfo{com.yourname.smartrecorder/com.yourname.smartrecorder.MainActivity}
2025-11-27 02:13:31.431  1198-1376  AppsFilter              system_server                        I  interaction: PackageSetting{13120ba com.yourname.smartrecorder/10934} -> PackageSetting{4e4de5 com.facebook.appmanager/10217} BLOCKED
2025-11-27 02:13:31.873  1198-1704  Pageboost               system_server                        I  start alp : com.yourname.smartrecorder
2025-11-27 02:13:31.873  1198-1707  Pageboost               system_server                        I  alp for : com.yourname.smartrecorder , 0
2025-11-27 02:13:31.874  1198-1287  ChimeraSys...ntListener system_server                        I  appLaunchIntent package name is: com.yourname.smartrecorder
2025-11-27 02:13:31.881 22947-22996 ShellStartingWindow     com.android.systemui                 D  preload Icon com.yourname.smartrecorder
2025-11-27 02:13:31.889  1198-1295  ActivityManager         system_server                        I  Start proc 10068:com.yourname.smartrecorder/u0a934 for activelaunch {com.yourname.smartrecorder/com.yourname.smartrecorder.MainActivity}
2025-11-27 02:13:31.911  1198-1287  ChimeraSys...ntListener system_server                        I  appLaunchIntent package name is: com.yourname.smartrecorder
2025-11-27 02:13:31.911  1198-1850  Pageboost               system_server                        I  onAppLaunch : com.yourname.smartrecorder
2025-11-27 02:13:31.911  1198-1707  Pageboost               system_server                        I  Record App IO : com.yourname.smartrecorder pid 10068
2025-11-27 02:13:31.912  1198-1850  ActivityTaskManager     system_server                        I  START u0 {act=android.intent.action.MAIN cat=[android.intent.category.LAUNCHER] flg=0x10200000 cmp=com.yourname.smartrecorder/.MainActivity bnds=[724,1324][1052,1806]} from uid 10139
2025-11-27 02:13:31.923  1198-1850  ActivityTaskManager     system_server                        D  TaskLaunchParamsModifier:task=null activity=ActivityRecord{ae11382 u0 com.yourname.smartrecorder/.MainActivity} display-from-option=0 display-id=0 display-windowing-mode=1 suggested-display-area=DefaultTaskDisplayArea@72262064
2025-11-27 02:13:31.924  1198-1850  [secipm]                system_server                        D  mSecIpmManager Preload com.yourname.smartrecorder dex files
2025-11-27 02:13:31.924  1198-1850  ActivityTaskManager     system_server                        D  TaskLaunchParamsModifier:task=null activity=ActivityRecord{ae11382 u0 com.yourname.smartrecorder/.MainActivity} t-1} display-from-option=0 display-id=0 display-windowing-mode=1 suggested-display-area=DefaultTaskDisplayArea@72262064 inherit-from-source=fullscreen activity-options-fullscreen=Rect(0, 0 - 0, 0) non-freeform-display display-area=DefaultTaskDisplayArea@72262064 maximized-bounds
2025-11-27 02:13:31.926  1198-1850  ActivityTaskManager     system_server                        D  TaskLaunchParamsModifier:task=Task{e531a93 #22473 type=standard A=10934:com.yourname.smartrecorder U=0 visible=false visibleRequested=false mode=fullscreen translucent=true sz=0} activity=ActivityRecord{ae11382 u0 com.yourname.smartrecorder/.MainActivity} t-1} display-from-option=0 display-id=0 display-windowing-mode=1 suggested-display-area=DefaultTaskDisplayArea@72262064 inherit-from-source=fullscreen activity-options-fullscreen=Rect(0, 0 - 0, 0) non-freeform-display display-area=DefaultTaskDisplayArea@72262064 maximized-bounds
2025-11-27 02:13:31.927   858-1168  SurfaceFlinger          surfaceflinger                       I  id=23694 createSurf flag=80004, ActivityRecord{ae11382 u0 com.yourname.smartrecorder/.MainActivity} t22473}#23694
2025-11-27 02:13:31.929  1198-1850  WindowManager           system_server                        V  Added starting ActivityRecord{ae11382 u0 com.yourname.smartrecorder/.MainActivity} t22473}: startingWindow=null startingView=com.android.server.wm.StartingSurfaceController$StartingSurface@429aa01
2025-11-27 02:13:31.941   858-1168  SurfaceFlinger          surfaceflinger                       I  id=23695 createSurf flag=80004, 93ea42c Splash Screen com.yourname.smartrecorder#23695
2025-11-27 02:13:31.942  1198-1850  WindowManager           system_server                        V  addWindow: ActivityRecord{ae11382 u0 com.yourname.smartrecorder/.MainActivity} t22473} startingWindow=Window{93ea42c u0 Splash Screen com.yourname.smartrecorder}
2025-11-27 02:13:31.942 22947-22995 InsetsController        com.android.systemui                 D  onStateChanged: InsetsState: {mDisplayFrame=Rect(0, 0 - 1440, 3088), mDisplayCutout=DisplayCutout{insets=Rect(0, 89 - 0, 0) waterfall=Insets{left=0, top=0, right=0, bottom=0} boundingRect={Bounds=[Rect(0, 0 - 0, 0), Rect(685, 0 - 755, 89), Rect(0, 0 - 0, 0), Rect(0, 0 - 0, 0)]} cutoutPathParserInfo={CutoutPathParserInfo{displayWidth=1440 displayHeight=3088 physicalDisplayWidth=1440 physicalDisplayHeight=3088 density={3.5} cutoutSpec={M 0,0 H -10 V 25.42857142857143 H 10 V 0 H 0 Z @dp} rotation={0} scale={1.0} physicalPixelDisplaySizeRatio={1.0}}}}, mRoundedCorners=RoundedCorners{[RoundedCorner{position=TopLeft, radius=112, center=Point(112, 112)}, RoundedCorner{position=TopRight, radius=112, center=Point(1328, 112)}, RoundedCorner{position=BottomRight, radius=112, center=Point(1328, 2976)}, RoundedCorner{position=BottomLeft, radius=112, center=Point(112, 2976)}]}  mRoundedCornerFrame=Rect(0, 0 - 1440, 3088), mPrivacyIndicatorBounds=PrivacyIndicatorBounds {static bounds=Rect(1286, 0 - 1440, 90) rotation=0}, mSources= { InsetsSource: {mType=ITYPE_STATUS_BAR, mFrame=[0,0][1440,90], mVisible=true, mInsetsRoundedCornerFrame=false}, InsetsSource: {mType=ITYPE_NAVIGATION_BAR, mFrame=[0,2920][1440,3088], mVisible=true, mInsetsRoundedCornerFrame=false}, InsetsSource: {mType=ITYPE_LEFT_GESTURES, mFrame=[0,0][0,3088], mVisible=true, mInsetsRoundedCornerFrame=false}, InsetsSource: {mType=ITYPE_RIGHT_GESTURES, mFrame=[1440,0][1440,3088], mVisible=true, mInsetsRoundedCornerFrame=false}, InsetsSource: {mType=ITYPE_TOP_MANDATORY_GESTURES, mFrame=[0,0][1440,131], mVisible=true, mInsetsRoundedCornerFrame=false}, InsetsSource: {mType=ITYPE_BOTTOM_MANDATORY_GESTURES, mFrame=[0,2920][1440,3088], mVisible=true, mInsetsRoundedCornerFrame=false}, InsetsSource: {mType=ITYPE_LEFT_DISPLAY_CUTOUT, mFrame=[0,0][-100000,3088], mVisible=true, mInsetsRoundedCornerFrame=false}, InsetsSource: {mType=ITYPE_TOP_DISPLAY_CUTOUT, mFrame=[0,0][1440,89], mVisible=true, mInsetsRoundedCornerFrame=false}, InsetsSource: {mType=ITYPE_RIGHT_DISPLAY_CUTOUT, mFrame=[100000,0][1440,3088], mVisible=true, mInsetsRoundedCornerFrame=false}, InsetsSource: {mType=ITYPE_BOTTOM_DISPLAY_CUTOUT, mFrame=[0,100000][1440,3088], mVisible=true, mInsetsRoundedCornerFrame=false}, InsetsSource: {mType=ITYPE_TOP_TAPPABLE_ELEMENT, mFrame=[0,0][1440,90], mVisible=true, mInsetsRoundedCornerFrame=false}, InsetsSource: {mType=ITYPE_BOTTOM_TAPPABLE_ELEMENT, mFrame=[0,2920][1440,3088], mVisible=true, mInsetsRoundedCornerFrame=false} } host=Splash Screen com.yourname.smartrecorder from=android.view.ViewRootImpl.setView:1732
2025-11-27 02:13:31.943  1198-4178  CoreBackPreview         system_server                        D  Window{93ea42c u0 Splash Screen com.yourname.smartrecorder}: Setting back callback OnBackInvokedCallbackInfo{mCallback=android.window.IOnBackInvokedCallback$Stub$Proxy@a5a8afb, mPriority=0}
2025-11-27 02:13:31.943  1198-4203  MARsPolicyManager       system_server                        D  onPackageResumedFG pkgName = com.yourname.smartrecorder, userId = 0
2025-11-27 02:13:31.944  1198-4203  WindowManagerServiceExt system_server                        D  notifyOccludeChangeNotice: cn=ComponentInfo{com.yourname.smartrecorder/com.yourname.smartrecorder.MainActivity} occludesParent=true inMultiWindow=false styleFloating=false caller=com.android.server.wm.WindowManagerServiceExt.updateOccludeTargetIfNeeded:1402 com.android.server.wm.DisplayContent.ensureActivitiesVisible:7532 com.android.server.wm.RootWindowContainer.ensureActivitiesVisible:2248 com.android.server.wm.RootWindowContainer.ensureActivitiesVisible:2229 com.android.server.wm.TaskFragment.completePause:2076 
2025-11-27 02:13:31.945  1198-1907  ActivityManager         system_server                        I  DSS OFF for com.yourname.smartrecorder
2025-11-27 02:13:31.946  1198-1907  DexController           system_server                        I  getTaskHasActivityIsWaitingToRun: r=ActivityRecord{ae11382 u0 com.yourname.smartrecorder/.MainActivity} t22473}, app=ProcessRecord{f9e2d74 10068:com.yourname.smartrecorder/u0a934}
2025-11-27 02:13:31.947  1198-1907  WindowManager           system_server                        D  rotationForOrientation, orientationSource=ActivityRecord{ae11382 u0 com.yourname.smartrecorder/.MainActivity} t22473}
2025-11-27 02:13:31.949  1198-1907  SGM:PkgDataHelper       system_server                        D  notifyAppCreate(), pkgName: com.yourname.smartrecorder, userId: 0, sendRet: true
2025-11-27 02:13:31.949  1198-1907  ActivityTaskManager     system_server                        D  scheduleTopResumedActivityChanged, onTop=true r=ActivityRecord{ae11382 u0 com.yourname.smartrecorder/.MainActivity} t22473} caller=com.android.server.wm.ActivityTaskSupervisor.scheduleTopResumedActivityStateIfNeeded:2535 com.android.server.wm.ActivityTaskSupervisor.updateTopResumedActivityIfNeeded:2527 com.android.server.wm.TaskFragment.setResumedActivity:493 com.android.server.wm.TaskFragment.onActivityStateChanged:805 com.android.server.wm.ActivityRecord.setState:6428 com.android.server.wm.Task.minimalResumeActivityLocked:6155 
2025-11-27 02:13:31.949  1198-1907  InputDispatcher         system_server                        D  Focused application(0): ActivityRecord{ae11382 u0 com.yourname.smartrecorder/.MainActivity} t22473}
2025-11-27 02:13:31.950  1198-1539  SGM:FgCheckThread       system_server                        D  onLooperPrepared(), msg: MSG_APP_CREATE, pkgName: com.yourname.smartrecorder, userId: 0
2025-11-27 02:13:31.950  1198-1907  SGM:FgCheckThread       system_server                        D    sendRunningComponentFocus(), pkgName: com.yourname.smartrecorder, userId: 0
2025-11-27 02:13:31.951  1198-1539  SGM:FgCheckThread       system_server                        D  onLooperPrepared(), msg: MSG_TASK_FOCUSED, pkgName: com.yourname.smartrecorder, userId: 0
2025-11-27 02:13:31.956  1198-1539  SGM:FgCheckThread       system_server                        D    handleTaskFocused(), pkgName: com.yourname.smartrecorder, userID:0
2025-11-27 02:13:31.958  1198-4178  WindowManager           system_server                        V  Relayout Window{93ea42c u0 Splash Screen com.yourname.smartrecorder}: viewVisibility=0 req=1440x3088 d0
2025-11-27 02:13:31.958   858-1168  SurfaceFlinger          surfaceflinger                       I  id=23696 createSurf flag=40004, Splash Screen com.yourname.smartrecorder$_22947#23696
2025-11-27 02:13:31.959  1198-4178  WindowManager           system_server                        D  makeSurface duration=1 name=Splash Screen com.yourname.smartrecorder$_22947
2025-11-27 02:13:31.965  1198-1539  SGM:FgCheckThread       system_server                        D    handleResume(). pkgName: com.yourname.smartrecorder, userId: 0, isTunableApp: null
2025-11-27 02:13:31.965  1198-1539  SGM:FgCheckThread       system_server                        D  notifyFocusInOut(). of pkg: com.yourname.smartrecorder, type: 4, isTunableApp: false, userId: 0
2025-11-27 02:13:31.967 22947-22995 InsetsController        com.android.systemui                 D  onStateChanged: InsetsState: {mDisplayFrame=Rect(0, 0 - 1440, 3088), mDisplayCutout=DisplayCutout{insets=Rect(0, 89 - 0, 0) waterfall=Insets{left=0, top=0, right=0, bottom=0} boundingRect={Bounds=[Rect(0, 0 - 0, 0), Rect(685, 0 - 755, 89), Rect(0, 0 - 0, 0), Rect(0, 0 - 0, 0)]} cutoutPathParserInfo={CutoutPathParserInfo{displayWidth=1440 displayHeight=3088 physicalDisplayWidth=1440 physicalDisplayHeight=3088 density={3.5} cutoutSpec={M 0,0 H -10 V 25.42857142857143 H 10 V 0 H 0 Z @dp} rotation={0} scale={1.0} physicalPixelDisplaySizeRatio={1.0}}}}, mRoundedCorners=RoundedCorners{[RoundedCorner{position=TopLeft, radius=112, center=Point(112, 112)}, RoundedCorner{position=TopRight, radius=112, center=Point(1328, 112)}, RoundedCorner{position=BottomRight, radius=112, center=Point(1328, 2976)}, RoundedCorner{position=BottomLeft, radius=112, center=Point(112, 2976)}]}  mRoundedCornerFrame=Rect(0, 0 - 1440, 3088), mPrivacyIndicatorBounds=PrivacyIndicatorBounds {static bounds=Rect(1286, 0 - 1440, 90) rotation=0}, mSources= { InsetsSource: {mType=ITYPE_STATUS_BAR, mFrame=[0,0][1440,90], mVisible=true, mInsetsRoundedCornerFrame=false}, InsetsSource: {mType=ITYPE_NAVIGATION_BAR, mFrame=[0,2920][1440,3088], mVisible=true, mInsetsRoundedCornerFrame=false}, InsetsSource: {mType=ITYPE_LEFT_GESTURES, mFrame=[0,0][0,3088], mVisible=true, mInsetsRoundedCornerFrame=false}, InsetsSource: {mType=ITYPE_RIGHT_GESTURES, mFrame=[1440,0][1440,3088], mVisible=true, mInsetsRoundedCornerFrame=false}, InsetsSource: {mType=ITYPE_TOP_MANDATORY_GESTURES, mFrame=[0,0][1440,131], mVisible=true, mInsetsRoundedCornerFrame=false}, InsetsSource: {mType=ITYPE_BOTTOM_MANDATORY_GESTURES, mFrame=[0,2920][1440,3088], mVisible=true, mInsetsRoundedCornerFrame=false}, InsetsSource: {mType=ITYPE_LEFT_DISPLAY_CUTOUT, mFrame=[0,0][-100000,3088], mVisible=true, mInsetsRoundedCornerFrame=false}, InsetsSource: {mType=ITYPE_TOP_DISPLAY_CUTOUT, mFrame=[0,0][1440,89], mVisible=true, mInsetsRoundedCornerFrame=false}, InsetsSource: {mType=ITYPE_RIGHT_DISPLAY_CUTOUT, mFrame=[100000,0][1440,3088], mVisible=true, mInsetsRoundedCornerFrame=false}, InsetsSource: {mType=ITYPE_BOTTOM_DISPLAY_CUTOUT, mFrame=[0,100000][1440,3088], mVisible=true, mInsetsRoundedCornerFrame=false}, InsetsSource: {mType=ITYPE_TOP_TAPPABLE_ELEMENT, mFrame=[0,0][1440,90], mVisible=true, mInsetsRoundedCornerFrame=false}, InsetsSource: {mType=ITYPE_BOTTOM_TAPPABLE_ELEMENT, mFrame=[0,2920][1440,3088], mVisible=true, mInsetsRoundedCornerFrame=false}, InsetsSource: {mType=ITYPE_IME, mFrame=[0,0][0,0], mVisibleFrame=[0,1886][1440,3088], mVisible=false, mInsetsRoundedCornerFrame=false} } host=Splash Screen com.yourname.smartrecorder from=android.view.ViewRootImpl.relayoutWindow:9802
2025-11-27 02:13:31.979  1198-1850  WindowManager           system_server                        D  finishDrawingWindow: Window{93ea42c u0 Splash Screen com.yourname.smartrecorder} mDrawState=DRAW_PENDING seqId=0
2025-11-27 02:13:31.979  1198-1850  WindowManager           system_server                        V  Finishing drawing window Window{93ea42c u0 Splash Screen com.yourname.smartrecorder}: mDrawState=DRAW_PENDING
2025-11-27 02:13:31.979  1198-1850  WindowManager           system_server                        V  Draw state now committed in Window{93ea42c u0 Splash Screen com.yourname.smartrecorder}
2025-11-27 02:13:31.980  1198-1288  WindowManager           system_server                        D  performShow logReadyForDisplay win=Window{93ea42c u0 Splash Screen com.yourname.smartrecorder} mToken.waitingToShow:true isTransitionSet:true
2025-11-27 02:13:31.991  1198-1850  SGM:GameManager         system_server                        D  identifyForegroundApp. com.yourname.smartrecorder, mCurrentUserId: 0, callerUserId: 0
2025-11-27 02:13:31.991  1198-1850  SGM:PkgDataHelper       system_server                        D  getGamePkgData(). com.yourname.smartrecorder
2025-11-27 02:13:31.993  1198-1288  WindowManager           system_server                        D  createAnimationAdapter(): container=Task{e531a93 #22473 type=standard A=10934:com.yourname.smartrecorder U=0 visible=true visibleRequested=true mode=fullscreen translucent=false sz=1}
2025-11-27 02:13:31.993  1198-1288  WindowManager           system_server                        V  performShowLocked: mDrawState=HAS_DRAWN in Window{93ea42c u0 Splash Screen com.yourname.smartrecorder}
2025-11-27 02:13:31.994  1198-1288  WindowManager           system_server                        D  	Add container=Task{e531a93 #22473 type=standard A=10934:com.yourname.smartrecorder U=0 visible=true visibleRequested=true mode=fullscreen translucent=false sz=1}
2025-11-27 02:13:31.995   858-1167  SurfaceFlinger          surfaceflinger                       I  id=23700 createSurf flag=80000, 91eaecd ActivityRecordInputSink com.yourname.smartrecorder/.MainActivity#23700
2025-11-27 02:13:31.997  1198-1288  WindowManager           system_server                        I  container=Task{e531a93 #22473 type=standard A=10934:com.yourname.smartrecorder U=0 visible=true visibleRequested=true mode=fullscreen translucent=false sz=1}
                                                                                                    Target:
                                                                                                      mode=0 taskId=22473 isTranslucent=false clipRect=[0,0][0,0] contentInsets=[0,90][0,168] prefixOrderIndex=38 position=[0,0] sourceContainerBounds=[0,0][1440,3088] screenSpaceBounds=[0,0][1440,3088] localBounds=[0,0][1440,3088]
                                                                                                      windowConfiguration={ mBounds=Rect(0, 0 - 1440, 3088) mAppBounds=Rect(0, 89 - 1440, 2920) mMaxBounds=Rect(0, 0 - 1440, 3088) mDisplayRotation=ROTATION_0 mWindowingMode=fullscreen mDisplayWindowingMode=fullscreen mActivityType=standard mAlwaysOnTop=undefined mRotation=ROTATION_0 mPopOver=undefined mStageConfig=undefined mFreeformTaskPinningState=unpinned mFreeformStashState=undefined mDexTaskDockingState=undefined}
                                                                                                      leash=Surface(name=Surface(name=Task=22473)/@0x115a5f9 - animation-leash of app_transition)/@0x65fb93e
                                                                                                      taskInfo=TaskInfo{userId=0 taskId=22473 displayId=0 isRunning=true baseIntent=Intent { act=android.intent.action.MAIN cat=[android.intent.category.LAUNCHER] flg=0x10200000 cmp=com.yourname.smartrecorder/.MainActivity } baseActivity=ComponentInfo{com.yourname.smartrecorder/com.yourname.smartrecorder.MainActivity} topActivity=ComponentInfo{com.yourname.smartrecorder/com.yourname.smartrecorder.MainActivity} origActivity=null realActivity=ComponentInfo{com.yourname.smartrecorder/com.yourname.smartrecorder.MainActivity} numActivities=1 lastActiveTime=145633642 supportsSplitScreenMultiWindow=true supportsMultiWindow=true resizeMode=1 isResizeable=true minWidth=-1 minHeight=-1 defaultMinSize=220 token=WCT{RemoteToken{801a8b5 Task{e531a93 #22473 type=standard A=10934:com.yourname.smartrecorder U=0 visible=true visibleRequested=true mode=fullscreen translucent=false sz=1}}} topActivityType=1 pictureInPictureParams=null shouldDockBigOverlays=false launchIntoPipHostTaskId=0 displayCutoutSafeInsets=Rect(0, 89 - 0, 0) topActivityInfo=ActivityInfo{b1a2b4a com.yourname.smartrecorder.MainActivity} launchCookies=[android.os.BinderProxy@8912abb] positionInParent=Point(0, 0) parentTaskId=-1 isFocused=true isVisible=true isSleeping=false topActivityInSizeCompat=false topActivityEligibleForLetterboxEducation= false locusId=null displayAreaFeatureId=1 cameraCompatControlState=hidden originallySupportedSplitScreen=true hasWallpaper=false isTopTransparentActivity=false topActivityInFixedAspectRatio=false topActivityInDisplayCompat=false topActivityInBoundsCompat=false topActivityBounds=null}
                                                                                                      allowEnterPip=true
                                                                                                      windowType=-1  hasAnimatingParent=false  backgroundColor=0container=Task{b391b2f #1 type=home ?? U=0 visible=false visibleRequested=false mode=fullscreen translucent=true sz=1}
                                                                                                    Target:
                                                                                                      mode=1 taskId=22180 isTranslucent=false clipRect=[0,0][0,0] contentInsets=[0,90][0,168] prefixOrderIndex=34 position=[0,0] sourceContainerBounds=[0,0][1440,3088] screenSpaceBounds=[0,0][1440,3088] localBounds=[0,0][1440,3088]
                                                                                                      windowConfiguration={ mBounds=Rect(0, 0 - 1440, 3088) mAppBounds=Rect(0, 89 - 1440, 2920) mMaxBounds=Rect(0, 0 - 1440, 3088) mDisplayRotation=ROTATION_0 mWindowingMode=fullscreen mDisplayWindowingMode=fullscreen mActivityType=home mAlwaysOnTop=undefined mRotation=ROTATION_0 mPopOver=undefined mStageConfig=undefined mFreeformTaskPinningState=unpinned mFreeformStashState=undefined mDexTaskDockingState=undefined}
                                                                                                      leash=Surface(name=Surface(name=Task=1)/@0xc1b1a94 - animation-leash of app_transition)/@0x84eb4c0
2025-11-27 02:13:32.011  1198-4203  SGM:GameManager         system_server                        D  identifyForegroundApp. com.yourname.smartrecorder, mCurrentUserId: 0, callerUserId: 150
2025-11-27 02:13:32.011  1198-4203  SGM:PkgDataHelper       system_server                        D  getGamePkgData(). com.yourname.smartrecorder
2025-11-27 02:13:32.039   858-858   SurfaceFlinger          surfaceflinger                       D  Display 4633128672291735937 HWC layers:
                                                                                                         CLIENT | 0x70f52da4f0 | 0100 | RGBx_8888    |  120.0    0.0 1200.0 2316.0 |    0    0 1440 3088 | Wallpaper BBQ wrapper#4633
