2025-11-26 23:31:38.502  1198-1707  SGM:GameManager         system_server                        D  identifyGamePackage. com.yourname.smartrecorder, mCurrentUserId: 0, callerUserId: 0, callingMethodInfo: com.samsung.android.game.SemGameManager.isGamePackage(SemGameManager.java:104)
2025-11-26 23:31:38.502  1198-1707  SGM:PkgDataHelper       system_server                        D  getGamePkgData(). com.yourname.smartrecorder
2025-11-26 23:31:38.502  1198-1707  SGM:SemGameManager      system_server                        D  isGamePackage(), pkgName=com.yourname.smartrecorder, ret=false
2025-11-26 23:31:38.502  1198-1707  Pageboost               system_server                        I  Reset this app info : com.yourname.smartrecorder 
2025-11-26 23:31:38.548  1198-1707  Pageboost               system_server                        I  add app to global @ runtime: com.yourname.smartrecorder
2025-11-26 23:31:38.566 26784-26031 ProximityAuth           com.google.android.gms.persistent    I  [RecentAppsMediator] Package added: (user=UserHandle{0}) com.yourname.smartrecorder
2025-11-26 23:31:38.619 18880-18880 Finsky                  com.android.vending                  I  [2] AIM: AppInfoCacheUpdater -> invalidating apps: [com.yourname.smartrecorder]
2025-11-26 23:31:38.619  1198-1634  SemWifiTra...LayerUtils system_server                        W  getApplicationCategory - IOException com.yourname.smartrecorder
2025-11-26 23:31:38.619  1198-1634  System.err              system_server                        W  java.io.FileNotFoundException: https://play.google.com/store/apps/details?id=com.yourname.smartrecorder&hl=en
2025-11-26 23:31:38.623 18880-19024 Finsky                  com.android.vending                  I  [10203] AIM: AppInfoManager-Perf > OnDeviceAppInfo > cacheHitCount=0, cacheMissCount=1. Missed  in cache (limit 10) : [com.yourname.smartrecorder]
2025-11-26 23:31:38.623 18880-19024 Finsky                  com.android.vending                  I  [10203] AIM: AppInfoManager-Perf > OnDeviceAppInfo > cacheHitCount=0, cacheMissCount=1. Missed  in cache (limit 10) : [com.yourname.smartrecorder]
2025-11-26 23:31:38.702  4879-4879  Routine@Co...JobService com.samsung.android.app.routines     I  onStartJob: collectPackageInBG - com.yourname.smartrecorder
2025-11-26 23:31:38.706  4879-4879  Routine@Co...JobService com.samsung.android.app.routines     I  packageName : com.yourname.smartrecorder, forced : true
2025-11-26 23:31:38.732  4879-18272 Routine@Co...oadManager com.samsung.android.app.routines     I  collect: com.yourname.smartrecorder
2025-11-26 23:31:38.732  4879-18272 Routine@Co...oadManager com.samsung.android.app.routines     I  collectWithCollectors - com.yourname.smartrecorder
2025-11-26 23:31:38.805 10819-26057 ProximityAuth           com.google.android.gms.persistent    I  [RecentAppsMediator] Package added: (user=UserHandle{95}) com.yourname.smartrecorder
2025-11-26 23:31:38.988  4879-4879  Routine@Co...JobService com.samsung.android.app.routines     I  metadataLoadingFinished: collectPackageInBG - com.yourname.smartrecorder
2025-11-26 23:31:39.024  1198-1293  SGM:GameManager         system_server                        I  PkgUpdateReceiver, onPackageAdded : com.yourname.smartrecorder userHandle : UserHandle{0} userId : 0
2025-11-26 23:31:39.027  1198-1540  SGM:GosNotifyThread     system_server                        D  notifyPackageChangedToGos(), before send intent to GOS. type:15, changeType: 0, pkgName:com.yourname.smartrecorder, userHandleId:0
2025-11-26 23:31:39.147  1198-1363  VerityUtils             system_server                        E  Failed to measure fs-verity, errno 25: /data/app/~~bRlahDWD2jGKbVZdD94KPg==/com.yourname.smartrecorder-kCybhN7z_apjh5HvTepDWA==/base.apk
2025-11-26 23:31:39.166  1198-1293  LauncherAppsService     system_server                        D  Calling onPackageAdded: com.yourname.smartrecorder, uid: 10928
2025-11-26 23:31:39.166  1198-1293  LauncherAppsService     system_server                        D  Calling onPackageAdded: com.yourname.smartrecorder, listener: com.samsung.android.app.cocktailbarservice(UserHandle{0}, 4533)
2025-11-26 23:31:39.166  1198-1293  LauncherAppsService     system_server                        D  Calling onPackageAdded: com.yourname.smartrecorder, listener: com.google.android.as(UserHandle{0}, 4110)
2025-11-26 23:31:39.166  1198-1293  LauncherAppsService     system_server                        D  Calling onPackageAdded: com.yourname.smartrecorder, listener: com.sec.android.app.launcher(UserHandle{0}, 2188)
2025-11-26 23:31:39.166  1198-1293  LauncherAppsService     system_server                        D  Calling onPackageAdded: com.yourname.smartrecorder, listener: com.android.systemui(UserHandle{0}, 22947)
2025-11-26 23:31:39.166  1198-1293  LauncherAppsService     system_server                        D  Calling onPackageAdded: com.yourname.smartrecorder, listener: android(UserHandle{0}, 1198)
2025-11-26 23:31:39.166  4110-13146 LauncherApps            com.google.android.as                D  onPackageAdded 0,com.yourname.smartrecorder
2025-11-26 23:31:39.166  1198-1293  LauncherApps            system_server                        D  onPackageAdded 0,com.yourname.smartrecorder
2025-11-26 23:31:39.166  1198-1293  LauncherAppsService     system_server                        D  Calling onPackageAdded: com.yourname.smartrecorder, listener: com.samsung.android.spay(UserHandle{0}, 14462)
2025-11-26 23:31:39.167  1198-1293  MetaDataCollector       system_server                        D  onReceive: done pkgName=com.yourname.smartrecorder
2025-11-26 23:31:39.167 22947-22999 LauncherApps            com.android.systemui                 D  onPackageAdded 0,com.yourname.smartrecorder
2025-11-26 23:31:39.169 14462-14767 SAMSUNGWALLET           com.samsung.android.spay             I  [Hint_SimpleHintProcessMonitor] package added : com.yourname.smartrecorder , execute : true
2025-11-26 23:31:39.170  2188-2465  PackageUpdatedTask      com.sec.android.app.launcher         I  mAllAppsList.addPackage com.yourname.smartrecorder
2025-11-26 23:31:39.189  1198-1293  SGM:GameManager         system_server                        I  PkgUpdateReceiver, onPackageAdded : com.yourname.smartrecorder userHandle : UserHandle{95} userId : 95
2025-11-26 23:31:39.189  1198-1540  SGM:GosNotifyThread     system_server                        D  notifyPackageChangedToGos(), before send intent to GOS. type:15, changeType: 0, pkgName:com.yourname.smartrecorder, userHandleId:95
2025-11-26 23:31:39.208  1198-1293  LauncherAppsService     system_server                        D  Calling onPackageAdded: com.yourname.smartrecorder, uid: 9510928
2025-11-26 23:31:39.208  1198-1293  LauncherAppsService     system_server                        D  Calling onPackageAdded: com.yourname.smartrecorder, listener: com.samsung.android.app.cocktailbarservice(UserHandle{0}, 4533)
2025-11-26 23:31:39.208  1198-1293  LauncherAppsService     system_server                        D  Calling onPackageAdded: com.yourname.smartrecorder, listener: com.google.android.as(UserHandle{0}, 4110)
2025-11-26 23:31:39.208  1198-1293  LauncherAppsService     system_server                        D  Calling onPackageAdded: com.yourname.smartrecorder, listener: com.sec.android.app.launcher(UserHandle{0}, 2188)
2025-11-26 23:31:39.208  1198-1293  LauncherAppsService     system_server                        D  Calling onPackageAdded: com.yourname.smartrecorder, listener: com.android.systemui(UserHandle{0}, 22947)
2025-11-26 23:31:39.209  1198-1293  LauncherAppsService     system_server                        D  Calling onPackageAdded: com.yourname.smartrecorder, listener: android(UserHandle{0}, 1198)
2025-11-26 23:31:39.209  4110-13146 LauncherApps            com.google.android.as                D  onPackageAdded 95,com.yourname.smartrecorder
2025-11-26 23:31:39.209  1198-1293  LauncherApps            system_server                        D  onPackageAdded 95,com.yourname.smartrecorder
2025-11-26 23:31:39.209  1198-1293  LauncherAppsService     system_server                        D  Calling onPackageAdded: com.yourname.smartrecorder, listener: com.samsung.android.spay(UserHandle{0}, 14462)
2025-11-26 23:31:39.209  1198-1293  MetaDataCollector       system_server                        D  onReceive: done pkgName=com.yourname.smartrecorder
2025-11-26 23:31:39.209 22947-22999 LauncherApps            com.android.systemui                 D  onPackageAdded 95,com.yourname.smartrecorder
2025-11-26 23:31:39.210 14462-14767 SAMSUNGWALLET           com.samsung.android.spay             I  [Hint_SimpleHintProcessMonitor] package added : com.yourname.smartrecorder , execute : false
2025-11-26 23:31:39.273  1198-1363  VerityUtils             system_server                        E  Failed to measure fs-verity, errno 25: /data/app/~~bRlahDWD2jGKbVZdD94KPg==/com.yourname.smartrecorder-kCybhN7z_apjh5HvTepDWA==/base.apk
2025-11-26 23:31:39.309  2188-2465  AppIconSolution         com.sec.android.app.launcher         I  getThemeIconWithBG called with public API, pkg = com.yourname.smartrecorder, mode = 48
2025-11-26 23:31:39.311  2188-2465  AppIconSolution         com.sec.android.app.launcher         I  return adaptive icon for com.yourname.smartrecorder, isNight = true
2025-11-26 23:31:39.320  2188-2465  LauncherActivityInfo    com.sec.android.app.launcher         I  packageName: com.yourname.smartrecorder, useThemeIcon: false, height: 252, width: 252, density: 640
2025-11-26 23:31:39.355  2188-2465  AppInfo                 com.sec.android.app.launcher         I  set ComponentInfo{com.yourname.smartrecorder/com.yourname.smartrecorder.MainActivity} app progress level to 100
2025-11-26 23:31:39.356  2188-2465  PackageUpdatedTask      com.sec.android.app.launcher         I  added, appInfo : AppInfo(id=1658 type=APP hidden=0 container=all_apps screen=-1 rank=0 rankOfList=-1 user=UserHandle{0} title=Smart Recorder componentName=ComponentInfo{com.yourname.smartrecorder/com.yourname.smartrecorder.MainActivity} screenType=0 runtimeStatusFlags=384 status=0)
2025-11-26 23:31:39.598  2188-2465  PackageUpdatedTask      com.sec.android.app.launcher         I  mAllAppsList.addPackage com.yourname.smartrecorder
2025-11-26 23:31:39.610  2188-2465  AppIconSolution         com.sec.android.app.launcher         I  getThemeIconWithBG called with public API, pkg = com.yourname.smartrecorder, mode = 48
2025-11-26 23:31:39.611  2188-2465  AppIconSolution         com.sec.android.app.launcher         I  return adaptive icon for com.yourname.smartrecorder, isNight = true
2025-11-26 23:31:39.638  2188-2465  LauncherActivityInfo    com.sec.android.app.launcher         I  packageName: com.yourname.smartrecorder, useThemeIcon: false, height: 252, width: 252, density: 640
2025-11-26 23:31:39.961  2188-2465  AppInfo                 com.sec.android.app.launcher         I  set ComponentInfo{com.yourname.smartrecorder/com.yourname.smartrecorder.MainActivity} app progress level to 100
2025-11-26 23:31:39.962  2188-2465  PackageUpdatedTask      com.sec.android.app.launcher         I  added, appInfo : AppInfo(id=1659 type=APP hidden=0 container=all_apps screen=-1 rank=0 rankOfList=-1 user=UserHandle{95} title=Smart Recorder componentName=ComponentInfo{com.yourname.smartrecorder/com.yourname.smartrecorder.MainActivity} screenType=0 runtimeStatusFlags=128 status=0)
2025-11-26 23:31:40.011 25997-26086 GOS:GameServiceReceiver com.samsung.android.game.gos         I   PkgInstallStarted for com.yourname.smartrecorder UserID : 0
2025-11-26 23:31:40.055  2188-2465  AppIconSolution         com.sec.android.app.launcher         I  return adaptive icon for com.yourname.smartrecorder, isNight = true
2025-11-26 23:31:40.076 25997-26135 GOS:GameIntentService   com.samsung.android.game.gos         I  onHandleIntent. GameIntentService. type: 15, pkgName: com.yourname.smartrecorder
2025-11-26 23:31:40.107  2188-2465  AppInfo                 com.sec.android.app.launcher         I  set ComponentInfo{com.yourname.smartrecorder/com.yourname.smartrecorder.MainActivity} app progress level to 100
2025-11-26 23:31:40.288  2188-2465  SuggestedItemsFacade    com.sec.android.app.launcher         I  DPS items : Smart Recorder, ComponentInfo{com.yourname.smartrecorder/com.yourname.smartrecorder.MainActivity}
2025-11-26 23:31:40.292  2188-2465  SuggestedItemsFacade    com.sec.android.app.launcher         I  DPS items : Smart Recorder, ComponentInfo{com.yourname.smartrecorder/com.yourname.smartrecorder.MainActivity}
2025-11-26 23:31:40.474 25997-26135 GOS:GameIntentService   com.samsung.android.game.gos         I  onPackageChanged(). extras: Bundle[{changeType=0, userId=0, pkgName=com.yourname.smartrecorder, type=15, packageName=com.yourname.smartrecorder}]
2025-11-26 23:31:40.474 25997-26135 GOS:GameIntentService   com.samsung.android.game.gos         I  onPackageChanged(). changeType(INSTALLED), pkgName(com.yourname.smartrecorder), UserHandle(0), userId(0), Installed(true)
2025-11-26 23:31:40.476 25997-26135 GOS:GameIntentService   com.samsung.android.game.gos         I  onPkgInstalled(), appInfoCategory: -1, packageName: com.yourname.smartrecorder
2025-11-26 23:31:40.514 25997-26135 GOS:GameIntentService   com.samsung.android.game.gos         I  onPackageChanged(). extras: Bundle[{changeType=2, userId=0, type=15, packageName=com.yourname.smartrecorder}]
2025-11-26 23:31:40.514 25997-26135 GOS:GameIntentService   com.samsung.android.game.gos         I  onPackageChanged(). changeType(INSTALL_STARTED), pkgName(com.yourname.smartrecorder), UserHandle(0), userId(0), Installed(true)
2025-11-26 23:31:40.615 25885-25885 FILP/Packa...ntReceiver com...droid.provider.filterprovider  I  pkgName : com.yourname.smartrecorder
2025-11-26 23:31:40.758 25767-25787 DWBh                    com.samsung.android.forest           I  onPackageAdded Already Exist : com.yourname.smartrecorder
2025-11-26 23:31:40.804  2188-2465  GameLauncherManagerImp  com.sec.android.app.launcher         I  com.yourname.smartrecorder does not contain game list
2025-11-26 23:31:40.804  2188-2465  GameLauncherManagerImp  com.sec.android.app.launcher         I  com.yourname.smartrecorder does not contain game list
2025-11-26 23:31:40.970 25767-25767 DWBk                    com.samsung.android.forest           I  onPackageAdded : com.yourname.smartrecorder
2025-11-26 23:31:41.399 25699-26178 f                       com.samsung.android.scs              I  Category not present in BloomFilter, Checking in Manifest:- com.yourname.smartrecorder
2025-11-26 23:31:41.401 25699-26178 f                       com.samsung.android.scs              I  Category not found in BF and Manifest for pkg :- com.yourname.smartrecorder
2025-11-26 23:31:41.956  1198-1198  AppsFilter              system_server                        I  interaction: PackageSetting{a3f1f37 com.example.realtalkenglishwithAI/10912} -> PackageSetting{e978850 com.yourname.smartrecorder/10928} BLOCKED
2025-11-26 23:31:41.957  1198-1198  AppsFilter              system_server                        I  interaction: PackageSetting{2a5730a com.marketsnap.app/10921} -> PackageSetting{e978850 com.yourname.smartrecorder/10928} BLOCKED
2025-11-26 23:31:41.958  1198-1198  AppsFilter              system_server                        I  interaction: PackageSetting{b296cb9 com.app.numerology/10925} -> PackageSetting{e978850 com.yourname.smartrecorder/10928} BLOCKED
2025-11-26 23:31:41.973  1198-1284  CompanionD...gerService system_server                        I  onPackageModified() u0/com.yourname.smartrecorder
2025-11-26 23:31:41.980  1198-1198  AppWidgetServiceImpl    system_server                        I  Received broadcast: android.intent.action.PACKAGE_CHANGED, Updates all providers with com.yourname.smartrecorder, userId: 0
2025-11-26 23:31:41.981  1198-1198  DualDARComnService      system_server                        D  reConnectAgentsByPkgName:: package: com.yourname.smartrecorder
2025-11-26 23:31:41.983 25699-25699 SCS@AiSearch user 0     com.samsung.android.scs              I  (PackageBroadcastReceiver) packageName: com.yourname.smartrecorder
2025-11-26 23:31:41.983 25699-25699 SCS@AiSearch user 0     com.samsung.android.scs              I  (PackageBroadcastReceiver) Packages changed: [com.yourname.smartrecorder]
2025-11-26 23:31:41.984  1706-1706  CarrierSvcBindHelper    com.android.phone                    D  onPackageModified: com.yourname.smartrecorder
2025-11-26 23:31:41.987  1198-4109  BackupTransportManager  system_server                        W  Package com.yourname.smartrecorder enabled setting: 0
2025-11-26 23:31:41.987  1706-1706  ImsResolver             com.android.phone                    D  maybeAddedImsService, packageName: com.yourname.smartrecorder
2025-11-26 23:31:41.987  1198-1198  ApplicationPolicy       system_server                        D  No updatable permission to DENY found for com.yourname.smartrecorder(0)
2025-11-26 23:31:41.989  1198-1198  ApplicationPolicy       system_server                        D  No updatable permission to GRANT found for com.yourname.smartrecorder(0)
2025-11-26 23:31:41.995 22947-23121 PluginInstanceManager   com.android.systemui                 D  queryPkg com.yourname.smartrecorder com.android.systemui.action.PLUGIN_QS_FACTORY
2025-11-26 23:31:41.996 22947-23121 PluginInstanceManager   com.android.systemui                 D  queryPkg com.yourname.smartrecorder com.android.systemui.action.PEOPLE_HUB_PERSON_EXTRACTOR
2025-11-26 23:31:41.996 22947-23121 PluginInstanceManager   com.android.systemui                 D  queryPkg com.yourname.smartrecorder com.android.systemui.action.PLUGIN_GLOBAL_ACTIONS
2025-11-26 23:31:41.996 22947-23121 PluginInstanceManager   com.android.systemui                 D  queryPkg com.yourname.smartrecorder com.android.systemui.action.PLUGIN_AOD
2025-11-26 23:31:41.996 22947-23121 PluginInstanceManager   com.android.systemui                 D  queryPkg com.yourname.smartrecorder com.android.systemui.action.PLUGIN_QS
2025-11-26 23:31:41.996 22947-23121 PluginInstanceManager   com.android.systemui                 D  queryPkg com.yourname.smartrecorder com.android.systemui.action.PLUGIN_CLOCK
2025-11-26 23:31:41.996 22947-23121 PluginInstanceManager   com.android.systemui                 D  queryPkg com.yourname.smartrecorder com.android.systemui.action.PLUGIN_LOCKSCREEN_RIGHT_BUTTON
2025-11-26 23:31:41.996 22947-23121 PluginInstanceManager   com.android.systemui                 D  queryPkg com.yourname.smartrecorder com.android.systemui.action.PLUGIN_LOCKSCREEN_RIGHT_BUTTON
2025-11-26 23:31:41.996 22947-23121 PluginInstanceManager   com.android.systemui                 D  queryPkg com.yourname.smartrecorder com.android.systemui.action.PLUGIN_LOCKSCREEN_LEFT_BUTTON
2025-11-26 23:31:41.996 22947-23121 PluginInstanceManager   com.android.systemui                 D  queryPkg com.yourname.smartrecorder com.android.systemui.action.PLUGIN_LOCKSCREEN_LEFT_BUTTON
2025-11-26 23:31:41.996 22947-23121 PluginInstanceManager   com.android.systemui                 D  queryPkg com.yourname.smartrecorder com.android.systemui.action.PLUGIN_NOTIFICATION_ASSISTANT
2025-11-26 23:31:41.996 22947-23121 PluginInstanceManager   com.android.systemui                 D  queryPkg com.yourname.smartrecorder com.android.systemui.action.PLUGIN_OVERLAY
2025-11-26 23:31:41.996 22947-23121 PluginInstanceManager   com.android.systemui                 D  queryPkg com.yourname.smartrecorder com.android.systemui.action.PLUGIN_CLOCK
2025-11-26 23:31:41.996 22947-23121 PluginInstanceManager   com.android.systemui                 D  queryPkg com.yourname.smartrecorder com.samsung.systemui.action.PLUGIN_FACE_WIDGET
2025-11-26 23:31:41.996 22947-23121 PluginInstanceManager   com.android.systemui                 D  queryPkg com.yourname.smartrecorder com.android.systemui.action.PLUGIN_SENSOR_MANAGER
2025-11-26 23:31:41.996 22947-23121 PluginInstanceManager   com.android.systemui                 D  queryPkg com.yourname.smartrecorder com.android.systemui.action.PLUGIN_NOTIFICATION_MENU_ROW
2025-11-26 23:31:41.996 22947-23121 PluginInstanceManager   com.android.systemui                 D  queryPkg com.yourname.smartrecorder com.android.systemui.action.PLUGIN_TOAST
2025-11-26 23:31:41.996 22947-23121 PluginInstanceManager   com.android.systemui                 D  queryPkg com.yourname.smartrecorder com.android.systemui.action.PLUGIN_VOLUME
2025-11-26 23:31:42.020 18880-18880 Finsky                  com.android.vending                  I  [2] AIM: AppInfoCacheUpdater -> invalidating apps: [com.yourname.smartrecorder]
2025-11-26 23:31:42.020 18880-19001 Finsky                  com.android.vending                  I  [10195] AIM: AppInfoManager-Perf > OnDeviceAppInfo > cacheHitCount=0, cacheMissCount=1. Missed  in cache (limit 10) : [com.yourname.smartrecorder]
2025-11-26 23:31:42.094 22947-22947 FaceWidget...dataParser com.android.systemui                 D  updatePackage() com.yourname.smartrecorder false
2025-11-26 23:31:42.096 22947-22947 FaceWidget...dataParser com.android.systemui                 D  removePackage() key = com.yourname.smartrecorder
2025-11-26 23:31:42.100 25767-25787 DWBh                    com.samsung.android.forest           I  onPackageAdded Already Exist : com.yourname.smartrecorder
2025-11-26 23:31:42.266 25767-25767 DWBk                    com.samsung.android.forest           I  onPackageAdded : com.yourname.smartrecorder
2025-11-26 23:31:42.304 25699-26178 f                       com.samsung.android.scs              I  Category not present in BloomFilter, Checking in Manifest:- com.yourname.smartrecorder
2025-11-26 23:31:42.305 25699-26178 f                       com.samsung.android.scs              I  Category not found in BF and Manifest for pkg :- com.yourname.smartrecorder
2025-11-26 23:31:42.333 25699-26178 SCS@AiSearch user 0     com.samsung.android.scs              I  (IndexManager) [UPDATE] index=com.samsung.android.apps, size=2, documents=[com.yourname.smartrecorder@95@com.yourname.smartrecorder.MainActivity, com.yourname.smartrecorder@0@com.yourname.smartrecorder.MainActivity]
2025-11-26 23:31:42.494  2188-2188  Launcher.Model          com.sec.android.app.launcher         I  package changed received : com.yourname.smartrecorder
2025-11-26 23:31:42.494  2188-2465  PackageUpdatedTask      com.sec.android.app.launcher         I  mAllAppsList.updatePackage com.yourname.smartrecorder
2025-11-26 23:31:42.495 14462-14767 SAMSUNGWALLET           com.samsung.android.spay             I  [Hint_SimpleHintProcessMonitor] package changed : com.yourname.smartrecorder , execute : true
2025-11-26 23:31:42.546  2188-2465  AppIconSolution         com.sec.android.app.launcher         I  getThemeIconWithBG called with public API, pkg = com.yourname.smartrecorder, mode = 48
2025-11-26 23:31:42.549  2188-2465  AppIconSolution         com.sec.android.app.launcher         I  return adaptive icon for com.yourname.smartrecorder, isNight = true
2025-11-26 23:31:42.549  2188-2465  LauncherActivityInfo    com.sec.android.app.launcher         I  packageName: com.yourname.smartrecorder, useThemeIcon: false, height: 252, width: 252, density: 640
2025-11-26 23:31:42.583  2188-2465  HsAllAppsList           com.sec.android.app.launcher         I  set ComponentInfo{com.yourname.smartrecorder/com.yourname.smartrecorder.MainActivity} app progress level to 100
2025-11-26 23:31:42.597  2188-2465  AppIconSolution         com.sec.android.app.launcher         I  return adaptive icon for com.yourname.smartrecorder, isNight = true
2025-11-26 23:31:42.637  2188-2465  PackageUpdatedTask      com.sec.android.app.launcher         I  modified, appInfo : AppInfo(id=1658 type=APP hidden=0 container=all_apps screen=4 rank=10 rankOfList=-1 user=UserHandle{0} title=Smart Recorder componentName=ComponentInfo{com.yourname.smartrecorder/com.yourname.smartrecorder.MainActivity} screenType=0 runtimeStatusFlags=384 status=0)
2025-11-26 23:31:46.864  1198-1287  ChimeraSys...ntListener system_server                        I  appLaunchIntent package name is: com.yourname.smartrecorder
2025-11-26 23:31:46.866  1198-1773  ActivityTaskManager     system_server                        I  START u0 {flg=0x10000000 cmp=com.yourname.smartrecorder/.MainActivity} from uid 2000
2025-11-26 23:31:46.872  1198-1773  ActivityTaskManager     system_server                        D  TaskLaunchParamsModifier:task=null activity=ActivityRecord{7ab0a59 u0 com.yourname.smartrecorder/.MainActivity} display-id=0 display-windowing-mode=1 suggested-display-area=DefaultTaskDisplayArea@72262064
2025-11-26 23:31:46.873  1198-1773  [secipm]                system_server                        D  mSecIpmManager Preload com.yourname.smartrecorder dex files
2025-11-26 23:31:46.873  1198-1773  ActivityTaskManager     system_server                        D  TaskLaunchParamsModifier:task=null activity=ActivityRecord{7ab0a59 u0 com.yourname.smartrecorder/.MainActivity} t-1} display-id=0 display-windowing-mode=1 suggested-display-area=DefaultTaskDisplayArea@72262064 non-freeform-display display-area=DefaultTaskDisplayArea@72262064 maximized-bounds
2025-11-26 23:31:46.874  1198-1773  ActivityTaskManager     system_server                        D  TaskLaunchParamsModifier:task=Task{ad0b61e #22450 type=standard A=10928:com.yourname.smartrecorder U=0 visible=false visibleRequested=false mode=fullscreen translucent=true sz=0} activity=ActivityRecord{7ab0a59 u0 com.yourname.smartrecorder/.MainActivity} t-1} display-from-task=0 display-id=0 display-windowing-mode=1 suggested-display-area=DefaultTaskDisplayArea@72262064 non-freeform-display display-area=DefaultTaskDisplayArea@72262064 maximized-bounds
2025-11-26 23:31:46.875   858-1167  SurfaceFlinger          surfaceflinger                       I  id=21028 createSurf flag=80004, ActivityRecord{7ab0a59 u0 com.yourname.smartrecorder/.MainActivity} t22450}#21028
2025-11-26 23:31:46.876  1198-1773  WindowManager           system_server                        V  Added starting ActivityRecord{7ab0a59 u0 com.yourname.smartrecorder/.MainActivity} t22450}: startingWindow=null startingView=com.android.server.wm.StartingSurfaceController$StartingSurface@14e162a
2025-11-26 23:31:46.876  1198-1773  MARsPolicyManager       system_server                        D  onPackageResumedFG pkgName = com.yourname.smartrecorder, userId = 0
2025-11-26 23:31:46.892  1198-1295  ActivityManager         system_server                        I  Start proc 26334:com.yourname.smartrecorder/u0a928 for top-activity {com.yourname.smartrecorder/com.yourname.smartrecorder.MainActivity}
2025-11-26 23:31:46.892   858-1167  SurfaceFlinger          surfaceflinger                       I  id=21029 createSurf flag=80004, a1bb8e8 Splash Screen com.yourname.smartrecorder#21029
2025-11-26 23:31:46.893  1198-1773  WindowManager           system_server                        V  addWindow: ActivityRecord{7ab0a59 u0 com.yourname.smartrecorder/.MainActivity} t22450} startingWindow=Window{a1bb8e8 u0 Splash Screen com.yourname.smartrecorder}
2025-11-26 23:31:46.894 22947-22995 InsetsController        com.android.systemui                 D  onStateChanged: InsetsState: {mDisplayFrame=Rect(0, 0 - 1440, 3088), mDisplayCutout=DisplayCutout{insets=Rect(0, 89 - 0, 0) waterfall=Insets{left=0, top=0, right=0, bottom=0} boundingRect={Bounds=[Rect(0, 0 - 0, 0), Rect(685, 0 - 755, 89), Rect(0, 0 - 0, 0), Rect(0, 0 - 0, 0)]} cutoutPathParserInfo={CutoutPathParserInfo{displayWidth=1440 displayHeight=3088 physicalDisplayWidth=1440 physicalDisplayHeight=3088 density={3.5} cutoutSpec={M 0,0 H -10 V 25.42857142857143 H 10 V 0 H 0 Z @dp} rotation={0} scale={1.0} physicalPixelDisplaySizeRatio={1.0}}}}, mRoundedCorners=RoundedCorners{[RoundedCorner{position=TopLeft, radius=112, center=Point(112, 112)}, RoundedCorner{position=TopRight, radius=112, center=Point(1328, 112)}, RoundedCorner{position=BottomRight, radius=112, center=Point(1328, 2976)}, RoundedCorner{position=BottomLeft, radius=112, center=Point(112, 2976)}]}  mRoundedCornerFrame=Rect(0, 0 - 1440, 3088), mPrivacyIndicatorBounds=PrivacyIndicatorBounds {static bounds=Rect(1286, 0 - 1440, 90) rotation=0}, mSources= { InsetsSource: {mType=ITYPE_STATUS_BAR, mFrame=[0,0][1440,90], mVisible=true, mInsetsRoundedCornerFrame=false}, InsetsSource: {mType=ITYPE_NAVIGATION_BAR, mFrame=[0,2920][1440,3088], mVisible=false, mInsetsRoundedCornerFrame=false}, InsetsSource: {mType=ITYPE_LEFT_GESTURES, mFrame=[0,0][0,3088], mVisible=true, mInsetsRoundedCornerFrame=false}, InsetsSource: {mType=ITYPE_RIGHT_GESTURES, mFrame=[1440,0][1440,3088], mVisible=true, mInsetsRoundedCornerFrame=false}, InsetsSource: {mType=ITYPE_TOP_MANDATORY_GESTURES, mFrame=[0,0][1440,131], mVisible=true, mInsetsRoundedCornerFrame=false}, InsetsSource: {mType=ITYPE_BOTTOM_MANDATORY_GESTURES, mFrame=[0,2920][1440,3088], mVisible=true, mInsetsRoundedCornerFrame=false}, InsetsSource: {mType=ITYPE_LEFT_DISPLAY_CUTOUT, mFrame=[0,0][-100000,3088], mVisible=true, mInsetsRoundedCornerFrame=false}, InsetsSource: {mType=ITYPE_TOP_DISPLAY_CUTOUT, mFrame=[0,0][1440,89], mVisible=true, mInsetsRoundedCornerFrame=false}, InsetsSource: {mType=ITYPE_RIGHT_DISPLAY_CUTOUT, mFrame=[100000,0][1440,3088], mVisible=true, mInsetsRoundedCornerFrame=false}, InsetsSource: {mType=ITYPE_BOTTOM_DISPLAY_CUTOUT, mFrame=[0,100000][1440,3088], mVisible=true, mInsetsRoundedCornerFrame=false}, InsetsSource: {mType=ITYPE_TOP_TAPPABLE_ELEMENT, mFrame=[0,0][1440,90], mVisible=true, mInsetsRoundedCornerFrame=false}, InsetsSource: {mType=ITYPE_BOTTOM_TAPPABLE_ELEMENT, mFrame=[0,2920][1440,3088], mVisible=true, mInsetsRoundedCornerFrame=false}, InsetsSource: {mType=ITYPE_IME, mFrame=[0,0][0,0], mVisibleFrame=[0,1886][1440,3088], mVisible=false, mInsetsRoundedCornerFrame=false} } host=Splash Screen com.yourname.smartrecorder from=android.view.ViewRootImpl.setView:1732
2025-11-26 23:31:46.896  1198-1773  CoreBackPreview         system_server                        D  Window{a1bb8e8 u0 Splash Screen com.yourname.smartrecorder}: Setting back callback OnBackInvokedCallbackInfo{mCallback=android.window.IOnBackInvokedCallback$Stub$Proxy@1b043e7, mPriority=0}
2025-11-26 23:31:46.913  1198-1773  WindowManager           system_server                        V  Relayout Window{a1bb8e8 u0 Splash Screen com.yourname.smartrecorder}: viewVisibility=0 req=1440x3088 d0
2025-11-26 23:31:46.914   858-1167  SurfaceFlinger          surfaceflinger                       I  id=21030 createSurf flag=40004, Splash Screen com.yourname.smartrecorder$_22947#21030
2025-11-26 23:31:46.914  1198-1773  WindowManager           system_server                        D  makeSurface duration=1 name=Splash Screen com.yourname.smartrecorder$_22947
2025-11-26 23:31:46.933  1198-4178  WindowManager           system_server                        D  finishDrawingWindow: Window{a1bb8e8 u0 Splash Screen com.yourname.smartrecorder} mDrawState=DRAW_PENDING seqId=0
2025-11-26 23:31:46.933  1198-4178  WindowManager           system_server                        V  Finishing drawing window Window{a1bb8e8 u0 Splash Screen com.yourname.smartrecorder}: mDrawState=DRAW_PENDING
2025-11-26 23:31:46.933  1198-4178  WindowManager           system_server                        V  Draw state now committed in Window{a1bb8e8 u0 Splash Screen com.yourname.smartrecorder}
2025-11-26 23:31:46.937  1198-4178  ActivityManager         system_server                        I  DSS OFF for com.yourname.smartrecorder
2025-11-26 23:31:46.939  1198-4178  DexController           system_server                        I  getTaskHasActivityIsWaitingToRun: r=ActivityRecord{7ab0a59 u0 com.yourname.smartrecorder/.MainActivity} t22450}, app=ProcessRecord{77c6c1b 26334:com.yourname.smartrecorder/u0a928}
2025-11-26 23:31:46.944  1198-4178  SGM:PkgDataHelper       system_server                        D  notifyAppCreate(), pkgName: com.yourname.smartrecorder, userId: 0, sendRet: true
2025-11-26 23:31:46.944  1198-1539  SGM:FgCheckThread       system_server                        D  onLooperPrepared(), msg: MSG_APP_CREATE, pkgName: com.yourname.smartrecorder, userId: 0
2025-11-26 23:31:46.944  1198-4178  ActivityTaskManager     system_server                        D  scheduleTopResumedActivityChanged, onTop=true r=ActivityRecord{7ab0a59 u0 com.yourname.smartrecorder/.MainActivity} t22450} caller=com.android.server.wm.ActivityTaskSupervisor.scheduleTopResumedActivityStateIfNeeded:2535 com.android.server.wm.ActivityTaskSupervisor.updateTopResumedActivityIfNeeded:2527 com.android.server.wm.TaskFragment.setResumedActivity:493 com.android.server.wm.TaskFragment.onActivityStateChanged:805 com.android.server.wm.ActivityRecord.setState:6428 com.android.server.wm.Task.minimalResumeActivityLocked:6155 
2025-11-26 23:31:46.944  1198-4178  InputDispatcher         system_server                        D  Focused application(0): ActivityRecord{7ab0a59 u0 com.yourname.smartrecorder/.MainActivity} t22450}
2025-11-26 23:31:46.945  1198-4178  SGM:FgCheckThread       system_server                        D    sendRunningComponentFocus(), pkgName: com.yourname.smartrecorder, userId: 0
2025-11-26 23:31:46.945  1198-1539  SGM:FgCheckThread       system_server                        D  onLooperPrepared(), msg: MSG_TASK_FOCUSED, pkgName: com.yourname.smartrecorder, userId: 0
2025-11-26 23:31:46.945  1198-1539  SGM:FgCheckThread       system_server                        D    handleTaskFocused(), pkgName: com.yourname.smartrecorder, userID:0
2025-11-26 23:31:46.945  1198-4178  ActivityTaskManager     system_server                        D  scheduleTopResumedActivityChanged, onTop=false r=ActivityRecord{7ab0a59 u0 com.yourname.smartrecorder/.MainActivity} t22450} caller=com.android.server.wm.ActivityTaskSupervisor.updateTopResumedActivityIfNeeded:2510 com.android.server.wm.TaskFragment.setResumedActivity:493 com.android.server.wm.TaskFragment.onActivityStateChanged:790 com.android.server.wm.ActivityRecord.setState:6428 com.android.server.wm.TaskFragment.startPausing:1880 com.android.server.wm.TaskFragment.startPausing:1817 
2025-11-26 23:31:47.002  1198-1287  GameSDK@LifeCycle       system_server                        I  noteResumeComponent(): package name  : com.yourname.smartrecorder
2025-11-26 23:31:47.003  1198-1287  SGM:GameManager         system_server                        D  identifyGamePackage. com.yourname.smartrecorder, mCurrentUserId: 0, callerUserId: 0, callingMethodInfo: com.android.server.ssrm.SortingMachine.isGame(SortingMachine.java:162)
2025-11-26 23:31:47.003  1198-1287  SGM:PkgDataHelper       system_server                        D  getGamePkgData(). com.yourname.smartrecorder
2025-11-26 23:31:47.003  4533-4533  ActivityUtils           com...ndroid.app.cocktailbarservice  I  HomePackage : com.sec.android.app.launcher, resumePackageName : com.yourname.smartrecorder
2025-11-26 23:31:47.004  1198-1287  SGM:FgCheckThread       system_server                        D  noteResumeComponent(), received pkgName: com.yourname.smartrecorder, userId: 0
2025-11-26 23:31:47.004  4879-2505  Routine@Co...stenerImpl com.samsung.android.app.routines     I  onResumeComponent: componentName - ComponentInfo{com.yourname.smartrecorder/com.yourname.smartrecorder.MainActivity}
2025-11-26 23:31:47.004  1198-1539  SGM:FgCheckThread       system_server                        D  onLooperPrepared(), msg: MSG_APP_RESUME, pkgName: com.yourname.smartrecorder, userid: 0
2025-11-26 23:31:47.005  1198-1287  SGM:GameManager         system_server                        D  identifyGamePackage. com.yourname.smartrecorder, mCurrentUserId: 0, callerUserId: 0, callingMethodInfo: com.samsung.android.game.SemGameManager.isGamePackage(SemGameManager.java:104)
2025-11-26 23:31:47.005  1198-1287  SGM:PkgDataHelper       system_server                        D  getGamePkgData(). com.yourname.smartrecorder
2025-11-26 23:31:47.005  1198-1287  SGM:SemGameManager      system_server                        D  isGamePackage(), pkgName=com.yourname.smartrecorder, ret=false
2025-11-26 23:31:47.139  1198-2005  MdnieScena...rolService system_server                        D   packageName : com.yourname.smartrecorder    className : com.yourname.smartrecorder.MainActivity
2025-11-26 23:31:47.143  1198-1634  SemWifiTra...LayerUtils system_server                        W  getApplicationCategory - IOException com.yourname.smartrecorder
2025-11-26 23:31:47.143  1198-1634  System.err              system_server                        W  java.io.FileNotFoundException: https://play.google.com/store/apps/details?id=com.yourname.smartrecorder&hl=en
2025-11-26 23:31:47.342 26334-26334 nativeloader            pid-26334                            D  Configuring clns-4 for other apk /data/app/~~bRlahDWD2jGKbVZdD94KPg==/com.yourname.smartrecorder-kCybhN7z_apjh5HvTepDWA==/base.apk. target_sdk_version=36, uses_libraries=, library_path=/data/app/~~bRlahDWD2jGKbVZdD94KPg==/com.yourname.smartrecorder-kCybhN7z_apjh5HvTepDWA==/lib/arm64:/data/app/~~bRlahDWD2jGKbVZdD94KPg==/com.yourname.smartrecorder-kCybhN7z_apjh5HvTepDWA==/base.apk!/lib/arm64-v8a, permitted_path=/data:/mnt/expand:/data/user/0/com.yourname.smartrecorder
2025-11-26 23:31:47.353 26334-26334 GraphicsEnvironment     pid-26334                            V  ANGLE Developer option for 'com.yourname.smartrecorder' set to: 'default'
2025-11-26 23:31:47.353 26334-26334 GraphicsEnvironment     pid-26334                            V  ANGLE GameManagerService for com.yourname.smartrecorder: false
2025-11-26 23:31:47.446  1198-1287  ActivityTaskManager     system_server                        W  Activity top resumed state loss timeout for ActivityRecord{7ab0a59 u0 com.yourname.smartrecorder/.MainActivity} t22450}
2025-11-26 23:31:47.446  1198-1287  ActivityTaskManager     system_server                        W  Activity pause timeout for ActivityRecord{7ab0a59 u0 com.yourname.smartrecorder/.MainActivity} t22450}
2025-11-26 23:31:47.447  1198-1287  SGM:FgCheckThread       system_server                        D  notePauseComponent(), received pkgName: com.yourname.smartrecorder, userId: 0
2025-11-26 23:31:47.448  4879-14050 Routine@Co...stenerImpl com.samsung.android.app.routines     I  onPauseComponent: componentName - ComponentInfo{com.yourname.smartrecorder/com.yourname.smartrecorder.MainActivity}
---------------------------- PROCESS STARTED (26334) for package com.yourname.smartrecorder ----------------------------
2025-11-26 23:31:47.459 26334-26490 OpenGLRenderer          com.yourname.smartrecorder           D  RenderThread::setGrContext()
2025-11-26 23:31:47.467 26334-26334 DecorView               com.yourname.smartrecorder           I  [INFO] isPopOver=false config=true
2025-11-26 23:31:47.467 26334-26334 DecorView               com.yourname.smartrecorder           I  updateCaptionType: isFloating=false isApplication=true hasWindowDecorCaption=false this=DecorView@58211d7[]
2025-11-26 23:31:47.467 26334-26334 DecorView               com.yourname.smartrecorder           D  setCaptionType = 0, this = DecorView@58211d7[]
2025-11-26 23:31:47.469 26334-26334 DecorView               com.yourname.smartrecorder           I  getCurrentDensityDpi: from real metrics. densityDpi=560 msg=resources_loaded
2025-11-26 23:31:47.469 26334-26334 DecorView               com.yourname.smartrecorder           I  setWindowBackground: isPopOver=false color=fffafafa d=android.graphics.drawable.ColorDrawable@cfebdad
2025-11-26 23:31:47.484 26334-26334 MSHandlerLifeCycle      com.yourname.smartrecorder           I  check: return. pkg=com.yourname.smartrecorder parent=null callers=com.android.internal.policy.DecorView.setVisibility:4412 android.app.ActivityThread.handleResumeActivity:5476 android.app.servertransaction.ResumeActivityItem.execute:54 android.app.servertransaction.ActivityTransactionItem.execute:45 android.app.servertransaction.TransactionExecutor.executeLifecycleState:176 
2025-11-26 23:31:47.484 26334-26334 MSHandlerLifeCycle      com.yourname.smartrecorder           I  removeMultiSplitHandler: no exist. decor=DecorView@58211d7[]
2025-11-26 23:31:47.490 26334-26490 NativeCust...ncyManager com.yourname.smartrecorder           D  [NativeCFMS] BpCustomFrequencyManager::BpCustomFrequencyManager()
2025-11-26 23:31:47.494 26334-26334 DecorView               com.yourname.smartrecorder           I  notifyKeepScreenOnChanged: keepScreenOn=false
2025-11-26 23:31:47.496   858-884   SurfaceFlinger          surfaceflinger                       I  id=21031 createSurf flag=80004, 591b3bb com.yourname.smartrecorder/com.yourname.smartrecorder.MainActivity#21031
2025-11-26 23:31:47.498 26334-26334 InsetsController        com.yourname.smartrecorder           D  onStateChanged: InsetsState: {mDisplayFrame=Rect(0, 0 - 1440, 3088), mDisplayCutout=DisplayCutout{insets=Rect(0, 89 - 0, 0) waterfall=Insets{left=0, top=0, right=0, bottom=0} boundingRect={Bounds=[Rect(0, 0 - 0, 0), Rect(685, 0 - 755, 89), Rect(0, 0 - 0, 0), Rect(0, 0 - 0, 0)]} cutoutPathParserInfo={CutoutPathParserInfo{displayWidth=1440 displayHeight=3088 physicalDisplayWidth=1440 physicalDisplayHeight=3088 density={3.5} cutoutSpec={M 0,0 H -10 V 25.42857142857143 H 10 V 0 H 0 Z @dp} rotation={0} scale={1.0} physicalPixelDisplaySizeRatio={1.0}}}}, mRoundedCorners=RoundedCorners{[RoundedCorner{position=TopLeft, radius=112, center=Point(112, 112)}, RoundedCorner{position=TopRight, radius=112, center=Point(1328, 112)}, RoundedCorner{position=BottomRight, radius=112, center=Point(1328, 2976)}, RoundedCorner{position=BottomLeft, radius=112, center=Point(112, 2976)}]}  mRoundedCornerFrame=Rect(0, 0 - 1440, 3088), mPrivacyIndicatorBounds=PrivacyIndicatorBounds {static bounds=Rect(1286, 0 - 1440, 90) rotation=0}, mSources= { InsetsSource: {mType=ITYPE_STATUS_BAR, mFrame=[0,0][1440,90], mVisible=true, mInsetsRoundedCornerFrame=false}, InsetsSource: {mType=ITYPE_NAVIGATION_BAR, mFrame=[0,2920][1440,3088], mVisible=false, mInsetsRoundedCornerFrame=false}, InsetsSource: {mType=ITYPE_LEFT_GESTURES, mFrame=[0,0][0,3088], mVisible=true, mInsetsRoundedCornerFrame=false}, InsetsSource: {mType=ITYPE_RIGHT_GESTURES, mFrame=[1440,0][1440,3088], mVisible=true, mInsetsRoundedCornerFrame=false}, InsetsSource: {mType=ITYPE_TOP_MANDATORY_GESTURES, mFrame=[0,0][1440,131], mVisible=true, mInsetsRoundedCornerFrame=false}, InsetsSource: {mType=ITYPE_BOTTOM_MANDATORY_GESTURES, mFrame=[0,2920][1440,3088], mVisible=true, mInsetsRoundedCornerFrame=false}, InsetsSource: {mType=ITYPE_LEFT_DISPLAY_CUTOUT, mFrame=[0,0][-100000,3088], mVisible=true, mInsetsRoundedCornerFrame=false}, InsetsSource: {mType=ITYPE_TOP_DISPLAY_CUTOUT, mFrame=[0,0][1440,89], mVisible=true, mInsetsRoundedCornerFrame=false}, InsetsSource: {mType=ITYPE_RIGHT_DISPLAY_CUTOUT, mFrame=[100000,0][1440,3088], mVisible=true, mInsetsRoundedCornerFrame=false}, InsetsSource: {mType=ITYPE_BOTTOM_DISPLAY_CUTOUT, mFrame=[0,100000][1440,3088], mVisible=true, mInsetsRoundedCornerFrame=false}, InsetsSource: {mType=ITYPE_TOP_TAPPABLE_ELEMENT, mFrame=[0,0][1440,90], mVisible=true, mInsetsRoundedCornerFrame=false}, InsetsSource: {mType=ITYPE_BOTTOM_TAPPABLE_ELEMENT, mFrame=[0,2920][1440,3088], mVisible=true, mInsetsRoundedCornerFrame=false}, InsetsSource: {mType=ITYPE_IME, mFrame=[0,0][0,0], mVisibleFrame=[0,1886][1440,3088], mVisible=false, mInsetsRoundedCornerFrame=false} } host=com.yourname.smartrecorder/com.yourname.smartrecorder.MainActivity from=android.view.ViewRootImpl.setView:1732
2025-11-26 23:31:47.500  1198-1903  CoreBackPreview         system_server                        D  Window{591b3bb u0 com.yourname.smartrecorder/com.yourname.smartrecorder.MainActivity}: Setting back callback OnBackInvokedCallbackInfo{mCallback=android.window.IOnBackInvokedCallback$Stub$Proxy@5134c31, mPriority=0}
2025-11-26 23:31:47.500 26334-26334 ViewRootIm...nActivity] com.yourname.smartrecorder           I  setView = com.android.internal.policy.DecorView@58211d7 TM=true
2025-11-26 23:31:47.501 26334-26334 MSHandlerLifeCycle      com.yourname.smartrecorder           I  removeMultiSplitHandler: no exist. decor=DecorView@58211d7[MainActivity]
2025-11-26 23:31:47.536 26334-26484 SmartRecor...Transcript com.yourname.smartrecorder           D  First launch - downloading Whisper model to internal storage...
2025-11-26 23:31:47.548 26334-26484 SmartRecor...Transcript com.yourname.smartrecorder           D  Acquired download lock, starting download...
2025-11-26 23:31:47.549 26334-26484 SmartRecor...Transcript com.yourname.smartrecorder           D  Downloading from URL 1/3
2025-11-26 23:31:47.619 26334-26334 e.smartrecorder         com.yourname.smartrecorder           I  hiddenapi: Accessing hidden method Landroid/os/SystemProperties;->addChangeCallback(Ljava/lang/Runnable;)V (runtime_flags=0, domain=platform, api=unsupported) from Landroidx/compose/ui/platform/AndroidComposeView$Companion; (domain=app) using reflection: allowed
2025-11-26 23:31:47.823 26334-26342 e.smartrecorder         com.yourname.smartrecorder           I  Compiler allocated 6178KB to compile void android.view.ViewRootImpl.performTraversals()
2025-11-26 23:31:47.859 26334-26334 SmartRecorder/Database  com.yourname.smartrecorder           D  Initializing Room database -> name: smart_recorder_db
2025-11-26 23:31:47.869 26334-26334 SmartRecorder/Database  com.yourname.smartrecorder           D  [BG] [DB: SmartRecorderDatabase] DATABASE_INIT -> duration=9ms
2025-11-26 23:31:47.869 26334-26334 SmartRecorder/Database  com.yourname.smartrecorder           I  [Performance] Database initialization took 9ms
2025-11-26 23:31:47.871 26334-26334 SmartRecor...Transcript com.yourname.smartrecorder           I  [MAIN] [ViewModel: RecordViewModel] checkModelReady -> State: Starting model check (silent)
2025-11-26 23:31:47.943 26334-26334 nativeloader            com.yourname.smartrecorder           D  Load /data/app/~~bRlahDWD2jGKbVZdD94KPg==/com.yourname.smartrecorder-kCybhN7z_apjh5HvTepDWA==/base.apk!/lib/arm64-v8a/libwhisper.so using class loader ns clns-4 (caller=/data/app/~~bRlahDWD2jGKbVZdD94KPg==/com.yourname.smartrecorder-kCybhN7z_apjh5HvTepDWA==/base.apk!classes5.dex): ok
2025-11-26 23:31:47.943 26334-26334 WhisperEngine           com.yourname.smartrecorder           D  Native library loaded
2025-11-26 23:31:48.218  4879-4879  Routine@Co...overHelper com.samsung.android.app.routines     I  setLastResumedPackageForCover mLastResumedPackage = com.yourname.smartrecorder
2025-11-26 23:31:48.219  4879-4879  Routine@Co...cleWatcher com.samsung.android.app.routines     I  notifyLifecycleChanged mCurResumedComponent=com.yourname.smartrecorder
2025-11-26 23:31:48.369 26334-26484 SmartRecor...Transcript com.yourname.smartrecorder           D  [SmartRecorderApplication] Model download progress: 0%%
2025-11-26 23:31:48.440 26334-26334 DecorView               com.yourname.smartrecorder           I  notifyKeepScreenOnChanged: keepScreenOn=false
2025-11-26 23:31:48.447 26334-26334 ViewRootIm...nActivity] com.yourname.smartrecorder           I  performTraversals params={(0,0)(fillxfill) sim={adjust=pan forwardNavigation} layoutInDisplayCutoutMode=always ty=BASE_APPLICATION wanim=0x1030309
                                                                                                      fl=81810100
                                                                                                      pfl=16020040
                                                                                                      vsysui=2100
                                                                                                      apr=LIGHT_STATUS_BARS
                                                                                                      bhv=DEFAULT
                                                                                                      fitSides= naviIconColor=0}
2025-11-26 23:31:48.451 26334-26334 ViewRootIm...nActivity] com.yourname.smartrecorder           I  performTraversals mFirst=true windowShouldResize=true viewVisibilityChanged=false mForceNextWindowRelayout=false params={(0,0)(fillxfill) sim={adjust=pan forwardNavigation} layoutInDisplayCutoutMode=always ty=BASE_APPLICATION wanim=0x1030309
                                                                                                      fl=81810100
                                                                                                      pfl=16020040
                                                                                                      vsysui=2100
                                                                                                      apr=LIGHT_STATUS_BARS
                                                                                                      bhv=DEFAULT
                                                                                                      fitSides= naviIconColor=0}
2025-11-26 23:31:48.453  1198-1514  WindowManager           system_server                        V  Relayout Window{591b3bb u0 com.yourname.smartrecorder/com.yourname.smartrecorder.MainActivity}: viewVisibility=0 req=1440x3088 d0
2025-11-26 23:31:48.454   858-884   SurfaceFlinger          surfaceflinger                       I  id=21032 createSurf flag=40004, com.yourname.smartrecorder/com.yourname.smartrecorder.MainActivity$_26334#21032
2025-11-26 23:31:48.455  1198-1514  WindowManager           system_server                        D  makeSurface duration=2 name=com.yourname.smartrecorder/com.yourname.smartrecorder.MainActivity$_26334
2025-11-26 23:31:48.471 26334-26334 ViewRootIm...nActivity] com.yourname.smartrecorder           I  updateBlastSurfaceIfNeeded mBlastBufferQueue=null isSameSurfaceControl=false
