                                                                                                      bhv=DEFAULT
                                                                                                      fitSides= naviIconColor=0}
2025-11-28 16:17:08.757 30856-30856 ViewRootIm...nActivity] com.yourname.smartrecorder           I  performTraversals mFirst=false windowShouldResize=false viewVisibilityChanged=false mForceNextWindowRelayout=false params={(0,0)(fillxfill) sim={adjust=pan forwardNavigation} layoutInDisplayCutoutMode=always ty=BASE_APPLICATION wanim=0x1030309
                                                                                                      fl=81810100
                                                                                                      pfl=16020040
                                                                                                      vsysui=110
                                                                                                      apr=LIGHT_NAVIGATION_BARS
                                                                                                      bhv=DEFAULT
                                                                                                      fitSides= naviIconColor=0}
2025-11-28 16:17:08.757  1198-2582  WindowManager           system_server                        V  Relayout Window{3f937f2 u0 com.yourname.smartrecorder/com.yourname.smartrecorder.MainActivity}: viewVisibility=0 req=1440x3088 d0
2025-11-28 16:17:08.759   858-979   SurfaceFlinger          surfaceflinger                       D  [input] setFocusedWindow: 3f937f2 com.yourname.smartrecorder/com.yourname.smartrecorder.MainActivity
2025-11-28 16:17:08.761 30856-30856 ViewRootIm...nActivity] com.yourname.smartrecorder           I  updateBlastSurfaceIfNeeded mBlastBufferQueue=0x71adc30510 isSameSurfaceControl=true
2025-11-28 16:17:08.761 30856-30856 BLASTBufferQueue        com.yourname.smartrecorder           I  update, w= 1440 h= 3088 mName = ViewRootImpl@eb901d5[MainActivity] mNativeObject= 0x71adc30510 sc.mNativeObject= 0x713dc7a6a0 format= -1 caller= android.view.ViewRootImpl.updateBlastSurfaceIfNeeded:2898 android.view.ViewRootImpl.relayoutWindow:9847 android.view.ViewRootImpl.performTraversals:3884 android.view.ViewRootImpl.doTraversal:3116 android.view.ViewRootImpl$TraversalRunnable.run:10885 android.view.Choreographer$CallbackRecord.run:1301 
2025-11-28 16:17:08.761 30856-30856 ViewRootIm...nActivity] com.yourname.smartrecorder           I  Relayout returned: old=(0,0,1440,3088) new=(0,0,1440,3088) req=(1440,3088)0 dur=4 res=0x0 s={true 0x723dc37cf0} ch=false seqId=0
2025-11-28 16:17:08.763  1198-4335  InputDispatcher         system_server                        D  Focus entered window (0): 3f937f2 com.yourname.smartrecorder/com.yourname.smartrecorder.MainActivity
2025-11-28 16:17:08.764 30856-30856 ViewRootIm...nActivity] com.yourname.smartrecorder           I  MSG_WINDOW_FOCUS_CHANGED 1 0
2025-11-28 16:17:08.764 30856-30856 ViewRootIm...nActivity] com.yourname.smartrecorder           I  mThreadedRenderer.initializeIfNeeded()#2 mSurface={isValid=true 0x723dc37cf0}
2025-11-28 16:17:08.764 30856-30856 InputMethodManager      com.yourname.smartrecorder           D  startInputInner - Id : 0
2025-11-28 16:17:08.764 30856-30856 InputMethodManager      com.yourname.smartrecorder           I  startInputInner - mService.startInputOrWindowGainedFocus
2025-11-28 16:17:08.788  1198-1287  GameSDK@LifeCycle       system_server                        I  noteResumeComponent(): package name  : com.yourname.smartrecorder
2025-11-28 16:17:08.789  1198-1287  SGM:GameManager         system_server                        D  identifyGamePackage. com.yourname.smartrecorder, mCurrentUserId: 0, callerUserId: 0, callingMethodInfo: com.android.server.ssrm.SortingMachine.isGame(SortingMachine.java:162)
2025-11-28 16:17:08.789  1198-1287  SGM:PkgDataHelper       system_server                        D  getGamePkgData(). com.yourname.smartrecorder
2025-11-28 16:17:08.789  4879-8430  Routine@Co...stenerImpl com.samsung.android.app.routines     I  onResumeComponent: componentName - ComponentInfo{com.yourname.smartrecorder/com.yourname.smartrecorder.MainActivity}
2025-11-28 16:17:08.791  1198-1287  SGM:FgCheckThread       system_server                        D  noteResumeComponent(), received pkgName: com.yourname.smartrecorder, userId: 0
2025-11-28 16:17:08.791  1198-1539  SGM:FgCheckThread       system_server                        D  onLooperPrepared(), msg: MSG_APP_RESUME, pkgName: com.yourname.smartrecorder, userid: 0
2025-11-28 16:17:08.791  4533-4533  ActivityUtils           com...ndroid.app.cocktailbarservice  I  HomePackage : com.sec.android.app.launcher, resumePackageName : com.yourname.smartrecorder
2025-11-28 16:17:08.792  1198-1287  SGM:GameManager         system_server                        D  identifyGamePackage. com.yourname.smartrecorder, mCurrentUserId: 0, callerUserId: 0, callingMethodInfo: com.samsung.android.game.SemGameManager.isGamePackage(SemGameManager.java:104)
2025-11-28 16:17:08.792  1198-1287  SGM:PkgDataHelper       system_server                        D  getGamePkgData(). com.yourname.smartrecorder
2025-11-28 16:17:08.792  1198-1287  SGM:SemGameManager      system_server                        D  isGamePackage(), pkgName=com.yourname.smartrecorder, ret=false
2025-11-28 16:17:08.859   858-858   SurfaceFlinger          surfaceflinger                       D  Display 4633128672291735937 HWC layers:
                                                                                                         DEVICE | 0x70f52f0f30 | 0102 | RGBA_8888    |    0.0    0.0 1440.0 3088.0 |    0    0 1440 3088 | com.yourname.smartrecorder/com.yourn[...]rtrecorder.MainActivity$_30856#51210
                                                                                                         CLIENT |              | 0000 |  Unknown  |    0.0    0.0    0.0    0.0 |  694  128 1402  542 | Task=22702#46682
                                                                                                         CLIENT |              | 0002 |  Unknown  |    0.0    0.0    0.0    0.0 |  712  146 1384  524 | Background for SurfaceView[com.googl[...]oneycomb.Shell$HomeActivity]@0#51179
                                                                                                         CLIENT | 0x70f52f01b0 | 0102 | 0x0000105    |    0.0    0.0 1280.0  720.0 |  712  146 1384  524 | SurfaceView[com.google.android.youtu[...]b.Shell$HomeActivity]@0(BLAST)#51178
                                                                                                         CLIENT | 0x70f52e7e10 | 0100 | RGBA_8888    |    0.0    0.0  672.0  378.0 |  712  146 1384  524 | com.google.android.youtube/com.googl[...]comb.Shell$HomeActivity$_29596#51175
                                                                                                         DEVICE | 0x70f52ced90 | 0100 | RGBA_8888    |    0.0    0.0 1440.0   90.0 |    0    0 1440   90 | StatusBar$_22947#4630
                                                                                                         DEVICE | 0x70f5
2025-11-28 16:17:08.932  1198-2005  MdnieScena...rolService system_server                        D   packageName : com.yourname.smartrecorder    className : com.yourname.smartrecorder.MainActivity
2025-11-28 16:17:08.965  1198-1634  SemWifiTra...LayerUtils system_server                        W  getApplicationCategory - IOException com.yourname.smartrecorder
2025-11-28 16:17:08.965  1198-1634  System.err              system_server                        W  java.io.FileNotFoundException: https://play.google.com/store/apps/details?id=com.yourname.smartrecorder&hl=en
2025-11-28 16:17:09.036  4879-4879  Routine@Co...overHelper com.samsung.android.app.routines     I  setLastResumedPackageForCover mLastResumedPackage = com.yourname.smartrecorder
2025-11-28 16:17:09.037  4879-4879  Routine@Co...cleWatcher com.samsung.android.app.routines     I  notifyLifecycleChanged mCurResumedComponent=com.yourname.smartrecorder
2025-11-28 16:17:09.209 30856-30856 ViewRootIm...nActivity] com.yourname.smartrecorder           I  ViewPostIme pointer 0
2025-11-28 16:17:09.228 30856-30856 ViewRootIm...nActivity] com.yourname.smartrecorder           I  ViewPostIme pointer 1
2025-11-28 16:17:09.229 30856-30856 SmartRecorder/ViewModel com.yourname.smartrecorder           D  [OnboardingScreen] Page 3 (Notification) Next clicked -> hasPermission: false
2025-11-28 16:17:09.229 30856-30856 SmartRecorder/ViewModel com.yourname.smartrecorder           D  [OnboardingScreen] Requesting notification permission dialog
2025-11-28 16:17:09.231  1198-1901  ActivityTaskManager     system_server                        D  TaskLaunchParamsModifier:task=Task{387eb5b #22743 type=standard A=11009:com.yourname.smartrecorder U=0 visible=true visibleRequested=true mode=fullscreen translucent=false sz=1} activity=ActivityRecord{cdd20c6 u0 com.google.android.permissioncontroller/com.android.permissioncontroller.permission.ui.GrantPermissionsActivity} t-1} display-area-from-source=DefaultTaskDisplayArea@72262064 display-id=0 display-windowing-mode=1 suggested-display-area=DefaultTaskDisplayArea@72262064 inherit-from-source=fullscreen activity-options-fullscreen=Rect(0, 0 - 0, 0) non-freeform-display display-area=DefaultTaskDisplayArea@72262064 maximized-bounds
2025-11-28 16:17:09.234  1198-1901  ActivityTaskManager     system_server                        D  scheduleTopResumedActivityChanged, onTop=false r=ActivityRecord{4e70a6a u0 com.yourname.smartrecorder/.MainActivity} t22743} caller=com.android.server.wm.ActivityTaskSupervisor.updateTopResumedActivityIfNeeded:2510 com.android.server.wm.TaskFragment.setResumedActivity:493 com.android.server.wm.TaskFragment.onActivityStateChanged:790 com.android.server.wm.ActivityRecord.setState:6428 com.android.server.wm.TaskFragment.startPausing:1880 com.android.server.wm.TaskFragment.startPausing:1817 
2025-11-28 16:17:09.244  1198-1901  WindowManager           system_server                        D  rotationForOrientation, orientationSource=ActivityRecord{4e70a6a u0 com.yourname.smartrecorder/.MainActivity} t22743}
2025-11-28 16:17:09.248  1198-1901  WindowManager           system_server                        V  Changing focus from Window{3f937f2 u0 com.yourname.smartrecorder/com.yourname.smartrecorder.MainActivity} to null displayId=0 Callers=com.android.server.wm.RootWindowContainer.updateFocusedWindowLocked:595 com.android.server.wm.WindowManagerService.updateFocusedWindowLocked:6810 com.android.server.wm.ActivityTaskManagerService.setResumedActivityUncheckLocked:5766 com.android.server.wm.TaskFragment.onActivityStateChanged:807 
2025-11-28 16:17:09.248  1198-1901  MARsPolicyManager       system_server                        D  onPackageResumedFG pkgName = com.yourname.smartrecorder, userId = 0
2025-11-28 16:17:09.250  1198-1901  WindowManager           system_server                        D  updateSystemBarAttributes: displayId=0, win=Window{e574210 u0 com.google.android.youtube/com.google.android.youtube.app.honeycomb.Shell$HomeActivity}, navColorWin=Window{3f937f2 u0 com.yourname.smartrecorder/com.yourname.smartrecorder.MainActivity}, focusedCanBeNavColorWin=false, behavior=2, appearance=16, statusBarAppearanceRegions=[AppearanceRegion{ bounds=[0,0][1440,3088]}], requestedVisibilities=ITYPE_STATUS_BAR: visible, ITYPE_NAVIGATION_BAR: visible, ITYPE_IME: invisible, ITYPE_CLIMATE_BAR: visible, ITYPE_EXTRA_NAVIGATION_BAR: visible, ITYPE_LOCAL_NAVIGATION_BAR_1: visible, ITYPE_LOCAL_NAVIGATION_BAR_2: visible, from=com.android.server.wm.DisplayPolicy.focusChangedLw:3251 com.android.server.wm.DisplayContent.updateFocusedWindowLocked:4632 com.android.server.wm.RootWindowContainer.updateFocusedWindowLocked:595 
2025-11-28 16:17:09.253  1198-1287  SGM:FgCheckThread       system_server                        D  notePauseComponent(), received pkgName: com.yourname.smartrecorder, userId: 0
2025-11-28 16:17:09.253  4879-8430  Routine@Co...stenerImpl com.samsung.android.app.routines     I  onPauseComponent: componentName - ComponentInfo{com.yourname.smartrecorder/com.yourname.smartrecorder.MainActivity}
2025-11-28 16:17:09.256   858-858   SurfaceFlinger          surfaceflinger                       I  [3f937f2 com.yourname.smartrecorder/com.yourname.smartrecorder.MainActivity#51209] FrameRatePriority: -1
2025-11-28 16:17:09.275  1198-5812  InputDispatcher         system_server                        D  Focus left window (0): 3f937f2 com.yourname.smartrecorder/com.yourname.smartrecorder.MainActivity
2025-11-28 16:17:09.276 30856-30856 ViewRootIm...nActivity] com.yourname.smartrecorder           I  MSG_WINDOW_FOCUS_CHANGED 0 0
2025-11-28 16:17:09.301  1198-4344  WindowManager           system_server                        D  updateSystemBarAttributes: displayId=0, win=Window{727925a u0 com.google.android.permissioncontroller/com.android.permissioncontroller.permission.ui.GrantPermissionsActivity}, navColorWin=Window{3f937f2 u0 com.yourname.smartrecorder/com.yourname.smartrecorder.MainActivity}, focusedCanBeNavColorWin=false, behavior=1, appearance=16, statusBarAppearanceRegions=[AppearanceRegion{ bounds=[0,0][1440,3088]}], requestedVisibilities=, from=com.android.server.wm.DisplayPolicy.focusChangedLw:3251 com.android.server.wm.DisplayContent.updateFocusedWindowLocked:4632 com.android.server.wm.RootWindowContainer.updateFocusedWindowLocked:595 
2025-11-28 16:17:09.344 30856-30856 InputTransport          com.yourname.smartrecorder           D  Input channel destroyed: 'ClientS', fd=128
2025-11-28 16:17:09.344   858-858   SurfaceFlinger          surfaceflinger                       D  Display 4633128672291735937 HWC layers:
                                                                                                         DEVICE | 0x70f52cd4d0 | 0102 | RGBA_8888    |    0.0    0.0 1440.0 3088.0 |    0    0 1440 3088 | com.yourname.smartrecorder/com.yourn[...]rtrecorder.MainActivity$_30856#51210
                                                                                                         DEVICE | 0x70f52d0e30 | 0100 | RGBA_8888    |    8.0    0.0 1448.0 1005.0 |    0 1924 1440 2929 | com.google.android.permissioncontrol[...]rantPermissionsActivity$_12631#51237
                                                                                                         CLIENT |              | 0000 |  Unknown  |    0.0    0.0    0.0    0.0 |  694  128 1402  542 | Task=22702#46682
                                                                                                         CLIENT |              | 0002 |  Unknown  |    0.0    0.0    0.0    0.0 |  712  146 1384  524 | Background for SurfaceView[com.googl[...]oneycomb.Shell$HomeActivity]@0#51179
                                                                                                         CLIENT | 0x70f52f01b0 | 0102 | 0x0000105    |    0.0    0.0 1280.0  720.0 |  712  146 1384  524 | SurfaceView[com.google.android.youtu[...]b.Shell$HomeActivity]@0(BLAST)#51178
                                                                                                         CLIENT | 0x70f52e7e10 | 0100 | RGBA_8888    |    0.0    0.0  672.0  378.0 |  712  146 1384  524 | com.google.android.youtube/com.googl[...]c
2025-11-28 16:17:09.377   858-858   SurfaceFlinger          surfaceflinger                       D  Display 4633128672291735937 HWC layers:
                                                                                                         DEVICE | 0x70f529e430 | 0102 | RGBA_8888    |    0.0    0.0 1440.0 3088.0 |    0    0 1440 3088 | com.yourname.smartrecorder/com.yourn[...]rtrecorder.MainActivity$_30856#51210
                                                                                                     SOLID_COLOR |              | 0000 |  Unknown  |    0.0    0.0    0.0    0.0 |    0    0 1440 3088 | Dim Layer for - Task=22743#51241
                                                                                                         DEVICE | 0x70f52d0e30 | 0100 | RGBA_8888    |    8.0    0.0 1448.0 1005.0 |    0 1924 1440 2929 | com.google.android.permissioncontrol[...]rantPermissionsActivity$_12631#51237
                                                                                                         CLIENT |              | 0000 |  Unknown  |    0.0    0.0    0.0    0.0 |  694  128 1402  542 | Task=22702#46682
                                                                                                         CLIENT |              | 0002 |  Unknown  |    0.0    0.0    0.0    0.0 |  712  146 1384  524 | Background for SurfaceView[com.googl[...]oneycomb.Shell$HomeActivity]@0#51179
                                                                                                         CLIENT | 0x70f52f01b0 | 0102 | 0x0000105    |    0.0    0.0 1280.0  720.0 |  712  146 1384  524 | SurfaceView[com.google.android.youtu[...]b.Shell$HomeActivity]@0(BLAST)#51178
                                                                                                         CLIENT
2025-11-28 16:17:09.460 12631-12631 GrantPermi...sViewModel com....android.permissioncontroller  I  Logged buttons presented and clicked permissionGroupName=android.permission-group.NOTIFICATIONS uid=11009 selectedPrecision=0 package=com.yourname.smartrecorder presentedButtons=9 clickedButton=8 isPermissionRationaleShown=false sessionId=8921551712322167919 targetSdk=36
2025-11-28 16:17:09.461 12631-12631 GrantPermi...sViewModel com....android.permissioncontroller  I  Permission grant result requestId=8921551712322167919 callingUid=11009 callingPackage=com.yourname.smartrecorder permission=android.permission.POST_NOTIFICATIONS isImplicit=false result=6 isPermissionRationaleShown=falseisPackageRestrictedByEnhancedConfirmation=false
2025-11-28 16:17:09.466  1198-4343  MARsPolicyManager       system_server                        D  onPackageResumedFG pkgName = com.yourname.smartrecorder, userId = 0
2025-11-28 16:17:09.467  1198-4343  ActivityTaskManager     system_server                        D  scheduleTopResumedActivityChanged, onTop=true r=ActivityRecord{4e70a6a u0 com.yourname.smartrecorder/.MainActivity} t22743} caller=com.android.server.wm.ActivityTaskSupervisor.scheduleTopResumedActivityStateIfNeeded:2535 com.android.server.wm.ActivityTaskSupervisor.updateTopResumedActivityIfNeeded:2527 com.android.server.wm.TaskFragment.setResumedActivity:493 com.android.server.wm.TaskFragment.onActivityStateChanged:805 com.android.server.wm.ActivityRecord.setState:6428 com.android.server.wm.TaskFragment.resumeTopActivity:1629 
2025-11-28 16:17:09.467  1198-4343  InputDispatcher         system_server                        D  Focused application(0): ActivityRecord{4e70a6a u0 com.yourname.smartrecorder/.MainActivity} t22743}
2025-11-28 16:17:09.468  1198-4343  WindowManager           system_server                        V  Changing focus from Window{727925a u0 com.google.android.permissioncontroller/com.android.permissioncontroller.permission.ui.GrantPermissionsActivity} to Window{3f937f2 u0 com.yourname.smartrecorder/com.yourname.smartrecorder.MainActivity} displayId=0 Callers=com.android.server.wm.RootWindowContainer.updateFocusedWindowLocked:595 com.android.server.wm.WindowManagerService.updateFocusedWindowLocked:6810 com.android.server.wm.ActivityTaskManagerService.setResumedActivityUncheckLocked:5766 com.android.server.wm.TaskFragment.onActivityStateChanged:807 
2025-11-28 16:17:09.470  1198-4343  WindowManager           system_server                        D  updateSystemBarAttributes: displayId=0, win=Window{3f937f2 u0 com.yourname.smartrecorder/com.yourname.smartrecorder.MainActivity}, navColorWin=Window{727925a u0 com.google.android.permissioncontroller/com.android.permissioncontroller.permission.ui.GrantPermissionsActivity}, focusedCanBeNavColorWin=false, behavior=1, appearance=0, statusBarAppearanceRegions=[AppearanceRegion{ bounds=[0,0][1440,3088]}], requestedVisibilities=, from=com.android.server.wm.DisplayPolicy.focusChangedLw:3251 com.android.server.wm.DisplayContent.updateFocusedWindowLocked:4632 com.android.server.wm.RootWindowContainer.updateFocusedWindowLocked:595 
2025-11-28 16:17:09.471  1198-4343  WindowManager           system_server                        D  rotationForOrientation, orientationSource=ActivityRecord{4e70a6a u0 com.yourname.smartrecorder/.MainActivity} t22743}
2025-11-28 16:17:09.476 30856-30856 SmartRecorder/ViewModel com.yourname.smartrecorder           D  [OnboardingScreen] Notification permission result -> granted: false
2025-11-28 16:17:09.479  1198-4343  ActivityTaskManager     system_server                        D  mStartingWindow and mStartingData is null for token=ActivityRecord{4e70a6a u0 com.yourname.smartrecorder/.MainActivity} t22743}
2025-11-28 16:17:09.481  1198-4343  WindowManager           system_server                        D  updateSystemBarAttributes: displayId=0, win=Window{3f937f2 u0 com.yourname.smartrecorder/com.yourname.smartrecorder.MainActivity}, navColorWin=Window{3f937f2 u0 com.yourname.smartrecorder/com.yourname.smartrecorder.MainActivity}, focusedCanBeNavColorWin=false, behavior=1, appearance=16, statusBarAppearanceRegions=[AppearanceRegion{ bounds=[0,0][1440,3088]}], requestedVisibilities=, from=com.android.server.wm.DisplayPolicy.finishPostLayoutPolicyLw:2531 com.android.server.wm.DisplayContent.applySurfaceChangesTransaction:5713 com.android.server.wm.RootWindowContainer.applySurfaceChangesTransaction:1234 
2025-11-28 16:17:09.481 22947-22947 NavigationBar           com.android.systemui                 D  onSystemBarAttributesChanged() -  displayId:0, appearance:16, packageName: com.yourname.smartrecorder (APPEARANCE_LIGHT_NAVIGATION_BARS ), navbarColorManagedByIme:false
2025-11-28 16:17:09.481 22947-22947 SamsungLig...trolHelper com.android.systemui                 D  updateNavigation(Black button) isLightBar:false, hasLightBarNavigationBarFlag:true, packageName:com.yourname.smartrecorder, DirectReplying:false, NavBarColorManagerdByIme:false, ForceDarkForScrim:false, QsCustomizing:false, PanelHasWhiteBg:true
2025-11-28 16:17:09.481 30856-30856 SmartRecorder/ViewModel com.yourname.smartrecorder           D  [OnboardingScreen] Permission denied - shouldShowRationale: true, dialogShown: false
2025-11-28 16:17:09.481 30856-30856 SmartRecorder/ViewModel com.yourname.smartrecorder           D  [OnboardingScreen] Dialog was shown, user denied - navigating to next page
2025-11-28 16:17:09.482 30856-30856 ViewRootIm...nActivity] com.yourname.smartrecorder           I  stopped(false) old = false
2025-11-28 16:17:09.483 30856-30856 DecorView               com.yourname.smartrecorder           I  notifyKeepScreenOnChanged: keepScreenOn=false
2025-11-28 16:17:09.485 30856-30856 MSHandlerLifeCycle      com.yourname.smartrecorder           I  removeMultiSplitHandler: no exist. decor=DecorView@b7682e1[MainActivity]
2025-11-28 16:17:09.490   858-858   SurfaceFlinger          surfaceflinger                       I  [3f937f2 com.yourname.smartrecorder/com.yourname.smartrecorder.MainActivity#51209] FrameRatePriority: 1
2025-11-28 16:17:09.492 30856-30856 ViewRootIm...nActivity] com.yourname.smartrecorder           I  performTraversals params={(0,0)(fillxfill) sim={adjust=pan forwardNavigation} layoutInDisplayCutoutMode=always ty=BASE_APPLICATION wanim=0x1030309
                                                                                                      fl=81810100
                                                                                                      pfl=16020040
                                                                                                      vsysui=110
                                                                                                      apr=LIGHT_NAVIGATION_BARS
                                                                                                      bhv=DEFAULT
                                                                                                      fitSides= naviIconColor=0}
2025-11-28 16:17:09.492   858-979   SurfaceFlinger          surfaceflinger                       D  [input] setFocusedWindow: 3f937f2 com.yourname.smartrecorder/com.yourname.smartrecorder.MainActivity
2025-11-28 16:17:09.492  1198-4343  InputDispatcher         system_server                        D  Focus entered window (0): 3f937f2 com.yourname.smartrecorder/com.yourname.smartrecorder.MainActivity
2025-11-28 16:17:09.492 30856-30856 ViewRootIm...nActivity] com.yourname.smartrecorder           I  performTraversals mFirst=false windowShouldResize=false viewVisibilityChanged=false mForceNextWindowRelayout=false params={(0,0)(fillxfill) sim={adjust=pan forwardNavigation} layoutInDisplayCutoutMode=always ty=BASE_APPLICATION wanim=0x1030309
                                                                                                      fl=81810100
                                                                                                      pfl=16020040
                                                                                                      vsysui=110
                                                                                                      apr=LIGHT_NAVIGATION_BARS
                                                                                                      bhv=DEFAULT
                                                                                                      fitSides= naviIconColor=0}
2025-11-28 16:17:09.493  1198-4180  WindowManager           system_server                        V  Relayout Window{3f937f2 u0 com.yourname.smartrecorder/com.yourname.smartrecorder.MainActivity}: viewVisibility=0 req=1440x3088 d0
2025-11-28 16:17:09.498 30856-30856 ViewRootIm...nActivity] com.yourname.smartrecorder           I  updateBlastSurfaceIfNeeded mBlastBufferQueue=0x71adc30510 isSameSurfaceControl=true
2025-11-28 16:17:09.498 30856-30856 BLASTBufferQueue        com.yourname.smartrecorder           I  update, w= 1440 h= 3088 mName = ViewRootImpl@eb901d5[MainActivity] mNativeObject= 0x71adc30510 sc.mNativeObject= 0x713dc738a0 format= -1 caller= android.view.ViewRootImpl.updateBlastSurfaceIfNeeded:2898 android.view.ViewRootImpl.relayoutWindow:9847 android.view.ViewRootImpl.performTraversals:3884 android.view.ViewRootImpl.doTraversal:3116 android.view.ViewRootImpl$TraversalRunnable.run:10885 android.view.Choreographer$CallbackRecord.run:1301 
2025-11-28 16:17:09.498 30856-30856 ViewRootIm...nActivity] com.yourname.smartrecorder           I  Relayout returned: old=(0,0,1440,3088) new=(0,0,1440,3088) req=(1440,3088)0 dur=6 res=0x0 s={true 0x723dc37cf0} ch=false seqId=0
2025-11-28 16:17:09.499 30856-30856 ViewRootIm...nActivity] com.yourname.smartrecorder           I  MSG_WINDOW_FOCUS_CHANGED 1 0
2025-11-28 16:17:09.499 30856-30856 ViewRootIm...nActivity] com.yourname.smartrecorder           I  mThreadedRenderer.initializeIfNeeded()#2 mSurface={isValid=true 0x723dc37cf0}
2025-11-28 16:17:09.499 30856-30856 InputMethodManager      com.yourname.smartrecorder           D  startInputInner - Id : 0
2025-11-28 16:17:09.499 30856-30856 InputMethodManager      com.yourname.smartrecorder           I  startInputInner - mService.startInputOrWindowGainedFocus
2025-11-28 16:17:09.551  4533-4533  ActivityUtils           com...ndroid.app.cocktailbarservice  I  HomePackage : com.sec.android.app.launcher, resumePackageName : com.yourname.smartrecorder
2025-11-28 16:17:09.552  1198-1287  GameSDK@LifeCycle       system_server                        I  noteResumeComponent(): package name  : com.yourname.smartrecorder
2025-11-28 16:17:09.577  1198-1287  SGM:GameManager         system_server                        D  identifyGamePackage. com.yourname.smartrecorder, mCurrentUserId: 0, callerUserId: 0, callingMethodInfo: com.android.server.ssrm.SortingMachine.isGame(SortingMachine.java:162)
2025-11-28 16:17:09.577  1198-1287  SGM:PkgDataHelper       system_server                        D  getGamePkgData(). com.yourname.smartrecorder
2025-11-28 16:17:09.577  4879-2505  Routine@Co...stenerImpl com.samsung.android.app.routines     I  onResumeComponent: componentName - ComponentInfo{com.yourname.smartrecorder/com.yourname.smartrecorder.MainActivity}
2025-11-28 16:17:09.578  1198-1287  SGM:FgCheckThread       system_server                        D  noteResumeComponent(), received pkgName: com.yourname.smartrecorder, userId: 0
2025-11-28 16:17:09.578  1198-1539  SGM:FgCheckThread       system_server                        D  onLooperPrepared(), msg: MSG_APP_RESUME, pkgName: com.yourname.smartrecorder, userid: 0
2025-11-28 16:17:09.581  1198-1287  SGM:GameManager         system_server                        D  identifyGamePackage. com.yourname.smartrecorder, mCurrentUserId: 0, callerUserId: 0, callingMethodInfo: com.samsung.android.game.SemGameManager.isGamePackage(SemGameManager.java:104)
2025-11-28 16:17:09.581  1198-1287  SGM:PkgDataHelper       system_server                        D  getGamePkgData(). com.yourname.smartrecorder
2025-11-28 16:17:09.581  1198-1287  SGM:SemGameManager      system_server                        D  isGamePackage(), pkgName=com.yourname.smartrecorder, ret=false
2025-11-28 16:17:09.611   858-858   SurfaceFlinger          surfaceflinger                       D  Display 4633128672291735937 HWC layers:
                                                                                                         DEVICE | 0x70f52f0f30 | 0102 | RGBA_8888    |    0.0    0.0 1440.0 3088.0 |    0    0 1440 3088 | com.yourname.smartrecorder/com.yourn[...]rtrecorder.MainActivity$_30856#51210
                                                                                                     SOLID_COLOR |              | 0000 |  Unknown  |    0.0    0.0    0.0    0.0 |    0    0 1440 3088 | Dim Layer for - Task=22743#51241
                                                                                                         CLIENT |              | 0000 |  Unknown  |    0.0    0.0    0.0    0.0 |  694  128 1402  542 | Task=22702#46682
                                                                                                         CLIENT |              | 0002 |  Unknown  |    0.0    0.0    0.0    0.0 |  712  146 1384  524 | Background for SurfaceView[com.googl[...]oneycomb.Shell$HomeActivity]@0#51179
                                                                                                         CLIENT | 0x70f52f01b0 | 0102 | 0x0000105    |    0.0    0.0 1280.0  720.0 |  712  146 1384  524 | SurfaceView[com.google.android.youtu[...]b.Shell$HomeActivity]@0(BLAST)#51178
                                                                                                         CLIENT | 0x70f52e7e10 | 0100 | RGBA_8888    |    0.0    0.0  672.0  378.0 |  712  146 1384  524 | com.google.android.youtube/com.googl[...]comb.Shell$HomeActivity$_29596#51175
                                                                                                         DEVICE
2025-11-28 16:17:09.626   858-858   SurfaceFlinger          surfaceflinger                       D  Display 4633128672291735937 HWC layers:
                                                                                                         DEVICE | 0x70f52cd4d0 | 0102 | RGBA_8888    |    0.0    0.0 1440.0 3088.0 |    0    0 1440 3088 | com.yourname.smartrecorder/com.yourn[...]rtrecorder.MainActivity$_30856#51210
                                                                                                         CLIENT |              | 0000 |  Unknown  |    0.0    0.0    0.0    0.0 |  694  128 1402  542 | Task=22702#46682
                                                                                                         CLIENT |              | 0002 |  Unknown  |    0.0    0.0    0.0    0.0 |  712  146 1384  524 | Background for SurfaceView[com.googl[...]oneycomb.Shell$HomeActivity]@0#51179
                                                                                                         CLIENT | 0x70f52f01b0 | 0102 | 0x0000105    |    0.0    0.0 1280.0  720.0 |  712  146 1384  524 | SurfaceView[com.google.android.youtu[...]b.Shell$HomeActivity]@0(BLAST)#51178
                                                                                                         CLIENT | 0x70f52e7e10 | 0100 | RGBA_8888    |    0.0    0.0  672.0  378.0 |  712  146 1384  524 | com.google.android.youtube/com.googl[...]comb.Shell$HomeActivity$_29596#51175
                                                                                                         DEVICE | 0x70f52ced90 | 0100 | RGBA_8888    |    0.0    0.0 1440.0   90.0 |    0    0 1440   90 | StatusBar$_22947#4630
                                                                                                         DEVICE | 0x70f5
2025-11-28 16:17:09.666  1198-1634  SemWifiTra...LayerUtils system_server                        W  getApplicationCategory - IOException com.yourname.smartrecorder
2025-11-28 16:17:09.666  1198-1634  System.err              system_server                        W  java.io.FileNotFoundException: https://play.google.com/store/apps/details?id=com.yourname.smartrecorder&hl=en
2025-11-28 16:17:09.715  1198-2005  MdnieScena...rolService system_server                        D   packageName : com.yourname.smartrecorder    className : com.yourname.smartrecorder.MainActivity
2025-11-28 16:17:09.727 30856-30878 SmartRecor...Transcript com.yourname.smartrecorder           D  [SmartRecorderApplication] Model download progress: 40%%
2025-11-28 16:17:09.891  2188-2188  Launcher.Model          com.sec.android.app.launcher         I  package changed received : com.yourname.smartrecorder
2025-11-28 16:17:09.892 14462-14767 SAMSUNGWALLET           com.samsung.android.spay             I  [Hint_SimpleHintProcessMonitor] package changed : com.yourname.smartrecorder , execute : true
2025-11-28 16:17:09.895  2188-2465  PackageUpdatedTask      com.sec.android.app.launcher         I  mAllAppsList.updatePackage com.yourname.smartrecorder
2025-11-28 16:17:09.934  2188-2465  AppIconSolution         com.sec.android.app.launcher         I  getThemeIconWithBG called with public API, pkg = com.yourname.smartrecorder, mode = 48
2025-11-28 16:17:09.935  2188-2465  AppIconSolution         com.sec.android.app.launcher         I  return adaptive icon for com.yourname.smartrecorder, isNight = false
2025-11-28 16:17:09.937  2188-2465  LauncherActivityInfo    com.sec.android.app.launcher         I  packageName: com.yourname.smartrecorder, useThemeIcon: false, height: 252, width: 252, density: 640
2025-11-28 16:17:09.959  2188-2465  HsAllAppsList           com.sec.android.app.launcher         I  set ComponentInfo{com.yourname.smartrecorder/com.yourname.smartrecorder.MainActivity} app progress level to 100
2025-11-28 16:17:09.961  2188-2465  AppIconSolution         com.sec.android.app.launcher         I  return adaptive icon for com.yourname.smartrecorder, isNight = false
2025-11-28 16:17:09.982  2188-2465  PackageUpdatedTask      com.sec.android.app.launcher         I  modified, appInfo : AppInfo(id=1828 type=APP hidden=0 container=all_apps screen=4 rank=6 rankOfList=-1 user=UserHandle{0} title=Smart Recorder componentName=ComponentInfo{com.yourname.smartrecorder/com.yourname.smartrecorder.MainActivity} screenType=0 runtimeStatusFlags=384 status=0)
2025-11-28 16:17:10.005  1198-1287  SGM:GameManager         system_server                        D  identifyForegroundApp. com.yourname.smartrecorder, mCurrentUserId: 0, callerUserId: 0
2025-11-28 16:17:10.005  1198-1287  SGM:PkgDataHelper       system_server                        D  getGamePkgData(). com.yourname.smartrecorder
2025-11-28 16:17:10.018  4879-4879  Routine@Co...overHelper com.samsung.android.app.routines     I  setLastResumedPackageForCover mLastResumedPackage = com.yourname.smartrecorder
2025-11-28 16:17:10.018  4879-4879  Routine@Co...cleWatcher com.samsung.android.app.routines     I  notifyLifecycleChanged mCurResumedComponent=com.yourname.smartrecorder
2025-11-28 16:17:10.471  4879-4879  Routine@Co...overHelper com.samsung.android.app.routines     I  setLastResumedPackageForCover mLastResumedPackage = com.yourname.smartrecorder
2025-11-28 16:17:10.471  4879-4879  Routine@Co...cleWatcher com.samsung.android.app.routines     I  notifyLifecycleChanged mCurResumedComponent=com.yourname.smartrecorder
2025-11-28 16:17:10.487 30856-30856 ViewRootIm...nActivity] com.yourname.smartrecorder           I  ViewPostIme pointer 0
2025-11-28 16:17:10.571 30856-30856 ViewRootIm...nActivity] com.yourname.smartrecorder           I  ViewPostIme pointer 1
2025-11-28 16:17:10.573 30856-30856 SmartRecorder/ViewModel com.yourname.smartrecorder           I  [MAIN] [ViewModel: OnboardingViewModel] completeOnboarding -> State: Saving onboarding completed state
2025-11-28 16:17:10.573 30856-30856 SmartRecorder/Database  com.yourname.smartrecorder           D  [BG] [DB: settings] SET -> onboarding_completed=true
2025-11-28 16:17:10.719  1198-1707  Pageboost               system_server                        I  db update :com.yourname.smartrecorder ret 1
2025-11-28 16:17:10.723 30856-30856 SmartRecorder/Database  com.yourname.smartrecorder           D  Initializing Room database -> name: smart_recorder_db
2025-11-28 16:17:10.726 30856-30856 SmartRecorder/Database  com.yourname.smartrecorder           D  [BG] [DB: SmartRecorderDatabase] DATABASE_INIT -> duration=3ms
2025-11-28 16:17:10.726 30856-30856 SmartRecorder/Database  com.yourname.smartrecorder           I  [Performance] Database initialization took 3ms
2025-11-28 16:17:10.731 30856-30856 SmartRecor...Transcript com.yourname.smartrecorder           I  [MAIN] [ViewModel: RecordViewModel] checkModelReady -> State: Starting model check (silent)
2025-11-28 16:17:10.734 30856-30856 SmartRecorder/Recording com.yourname.smartrecorder           D  Registered service action receiver
2025-11-28 16:17:10.778 30856-30856 nativeloader            com.yourname.smartrecorder           D  Load /data/app/~~Yl82_fqejaZSD4ay2D5vQA==/com.yourname.smartrecorder-_egiLUNedAhw621-q6NcQQ==/base.apk!/lib/arm64-v8a/libwhisper.so using class loader ns clns-4 (caller=/data/app/~~Yl82_fqejaZSD4ay2D5vQA==/com.yourname.smartrecorder-_egiLUNedAhw621-q6NcQQ==/base.apk!classes5.dex): ok
2025-11-28 16:17:10.778 30856-30856 WhisperEngine           com.yourname.smartrecorder           D  Native library loaded
2025-11-28 16:17:10.781  4879-4879  Routine@Co...overHelper com.samsung.android.app.routines     I  setLastResumedPackageForCover mLastResumedPackage = com.yourname.smartrecorder
2025-11-28 16:17:10.781  4879-4879  Routine@Co...cleWatcher com.samsung.android.app.routines     I  notifyLifecycleChanged mCurResumedComponent=com.yourname.smartrecorder
2025-11-28 16:17:10.815  1198-1707  Pageboost               system_server                        I  memUsage collected : 161954 23525 7420 for com.yourname.smartrecorder 30856
2025-11-28 16:17:10.918 30856-30856 SmartRecor...Transcript com.yourname.smartrecorder           D  [RecordViewModel] Model not ready, waiting for background download...
2025-11-28 16:17:11.031 30856-30878 SmartRecor...Transcript com.yourname.smartrecorder           D  [SmartRecorderApplication] Model download progress: 60%%
2025-11-28 16:17:11.443 30856-31555 ProfileInstaller        com.yourname.smartrecorder           D  Installing profile for com.yourname.smartrecorder
2025-11-28 16:17:11.720  1198-7983  SGM:GameManager         system_server                        D  identifyGamePackage. com.yourname.smartrecorder, mCurrentUserId: 0, callerUserId: 0, callingMethodInfo: com.android.server.ssrm.SortingMachine.isGame(SortingMachine.java:162)
2025-11-28 16:17:11.720  1198-7983  SGM:PkgDataHelper       system_server                        D  getGamePkgData(). com.yourname.smartrecorder
2025-11-28 16:17:12.631 30856-30878 SmartRecor...Transcript com.yourname.smartrecorder           D  [SmartRecorderApplication] Model download progress: 80%%
2025-11-28 16:17:12.925 30856-30856 SmartRecor...Transcript com.yourname.smartrecorder           D  [RecordViewModel] Model still not ready after waiting, downloading as fallback...
2025-11-28 16:17:12.927 30856-30894 SmartRecor...Transcript com.yourname.smartrecorder           D  Another process is downloading model, waiting...
2025-11-28 16:17:13.880 30856-30878 SmartRecor...Transcript com.yourname.smartrecorder           D  [SmartRecorderApplication] Model download progress: 100%%
2025-11-28 16:17:13.880 30856-30878 SmartRecor...Transcript com.yourname.smartrecorder           D  Model verified successfully -> size: 74MB, path: /data/user/0/com.yourname.smartrecorder/cache/ggml-tiny.en.bin.tmp
2025-11-28 16:17:13.880 30856-30878 SmartRecor...Transcript com.yourname.smartrecorder           D  Copying model to final location: /data/user/0/com.yourname.smartrecorder/files/whisper-models/ggml-tiny.en.bin
2025-11-28 16:17:13.928 30856-30894 SmartRecor...Transcript com.yourname.smartrecorder           W  Model file size invalid -> size: 16097280 bytes (15MB), expected: 74711040-82575360 bytes (71-78MB)
2025-11-28 16:17:14.095 30856-30878 SmartRecor...Transcript com.yourname.smartrecorder           D  Model copied and verified successfully -> final path: /data/user/0/com.yourname.smartrecorder/files/whisper-models/ggml-tiny.en.bin, size: 74MB
2025-11-28 16:17:14.114 30856-30878 SmartRecor...Transcript com.yourname.smartrecorder           D  Model downloaded and saved successfully
2025-11-28 16:17:14.114 30856-30878 SmartRecor...Transcript com.yourname.smartrecorder           D  Whisper model downloaded and saved to internal storage: /data/user/0/com.yourname.smartrecorder/files/whisper-models/ggml-tiny.en.bin
2025-11-28 16:17:14.790  1198-7983  SGM:GameManager         system_server                        D  identifyGamePackage. com.yourname.smartrecorder, mCurrentUserId: 0, callerUserId: 0, callingMethodInfo: com.android.server.ssrm.SortingMachine.isGame(SortingMachine.java:162)
2025-11-28 16:17:14.790  1198-7983  SGM:PkgDataHelper       system_server                        D  getGamePkgData(). com.yourname.smartrecorder
2025-11-28 16:17:14.929 30856-30894 SmartRecor...Transcript com.yourname.smartrecorder           D  Model was downloaded by another process, skipping download -> path: /data/user/0/com.yourname.smartrecorder/files/whisper-models/ggml-tiny.en.bin
2025-11-28 16:17:14.930 30856-30894 SmartRecor...Transcript com.yourname.smartrecorder           D  [RecordViewModel] Model download progress: 100%%
2025-11-28 16:17:14.932 30856-30856 SmartRecor...Transcript com.yourname.smartrecorder           D  [RecordViewModel] Model downloaded and verified successfully
2025-11-28 16:17:15.485 30856-30856 ViewRootIm...nActivity] com.yourname.smartrecorder           I  ViewPostIme pointer 0
2025-11-28 16:17:15.543 30856-30856 ViewRootIm...nActivity] com.yourname.smartrecorder           I  ViewPostIme pointer 1
2025-11-28 16:17:15.544 30856-30856 SmartRecorder/ViewModel com.yourname.smartrecorder           D  [SmartRecorderApp] User clicked import audio button
2025-11-28 16:17:15.545 30856-30856 SmartRecorder/ViewModel com.yourname.smartrecorder           D  [SmartRecorderApp] Requesting storage permission
2025-11-28 16:17:15.547  1198-1904  ActivityTaskManager     system_server                        D  TaskLaunchParamsModifier:task=Task{387eb5b #22743 type=standard A=11009:com.yourname.smartrecorder U=0 visible=true visibleRequested=true mode=fullscreen translucent=false sz=1} activity=ActivityRecord{3320813 u0 com.google.android.permissioncontroller/com.android.permissioncontroller.permission.ui.GrantPermissionsActivity} t-1} display-area-from-source=DefaultTaskDisplayArea@72262064 display-id=0 display-windowing-mode=1 suggested-display-area=DefaultTaskDisplayArea@72262064 inherit-from-source=fullscreen activity-options-fullscreen=Rect(0, 0 - 0, 0) non-freeform-display display-area=DefaultTaskDisplayArea@72262064 maximized-bounds
2025-11-28 16:17:15.551  1198-1904  ActivityTaskManager     system_server                        D  scheduleTopResumedActivityChanged, onTop=false r=ActivityRecord{4e70a6a u0 com.yourname.smartrecorder/.MainActivity} t22743} caller=com.android.server.wm.ActivityTaskSupervisor.updateTopResumedActivityIfNeeded:2510 com.android.server.wm.TaskFragment.setResumedActivity:493 com.android.server.wm.TaskFragment.onActivityStateChanged:790 com.android.server.wm.ActivityRecord.setState:6428 com.android.server.wm.TaskFragment.startPausing:1880 com.android.server.wm.TaskFragment.startPausing:1817 
2025-11-28 16:17:15.563  1198-1904  WindowManager           system_server                        D  rotationForOrientation, orientationSource=ActivityRecord{4e70a6a u0 com.yourname.smartrecorder/.MainActivity} t22743}
2025-11-28 16:17:15.567  1198-1904  WindowManager           system_server                        V  Changing focus from Window{3f937f2 u0 com.yourname.smartrecorder/com.yourname.smartrecorder.MainActivity} to null displayId=0 Callers=com.android.server.wm.RootWindowContainer.updateFocusedWindowLocked:595 com.android.server.wm.WindowManagerService.updateFocusedWindowLocked:6810 com.android.server.wm.ActivityTaskManagerService.setResumedActivityUncheckLocked:5766 com.android.server.wm.TaskFragment.onActivityStateChanged:807 
2025-11-28 16:17:15.567  1198-1904  MARsPolicyManager       system_server                        D  onPackageResumedFG pkgName = com.yourname.smartrecorder, userId = 0
2025-11-28 16:17:15.576  1198-1904  WindowManager           system_server                        D  updateSystemBarAttributes: displayId=0, win=Window{e574210 u0 com.google.android.youtube/com.google.android.youtube.app.honeycomb.Shell$HomeActivity}, navColorWin=Window{3f937f2 u0 com.yourname.smartrecorder/com.yourname.smartrecorder.MainActivity}, focusedCanBeNavColorWin=false, behavior=2, appearance=16, statusBarAppearanceRegions=[AppearanceRegion{ bounds=[0,0][1440,3088]}], requestedVisibilities=ITYPE_STATUS_BAR: visible, ITYPE_NAVIGATION_BAR: visible, ITYPE_IME: invisible, ITYPE_CLIMATE_BAR: visible, ITYPE_EXTRA_NAVIGATION_BAR: visible, ITYPE_LOCAL_NAVIGATION_BAR_1: visible, ITYPE_LOCAL_NAVIGATION_BAR_2: visible, from=com.android.server.wm.DisplayPolicy.focusChangedLw:3251 com.android.server.wm.DisplayContent.updateFocusedWindowLocked:4632 com.android.server.wm.RootWindowContainer.updateFocusedWindowLocked:595 
2025-11-28 16:17:15.579  1198-7983  SGM:GameManager         system_server                        D  identifyGamePackage. com.yourname.smartrecorder, mCurrentUserId: 0, callerUserId: 0, callingMethodInfo: com.android.server.ssrm.SortingMachine.isGame(SortingMachine.java:162)
2025-11-28 16:17:15.579  1198-7983  SGM:PkgDataHelper       system_server                        D  getGamePkgData(). com.yourname.smartrecorder
2025-11-28 16:17:15.586  1198-1287  SGM:FgCheckThread       system_server                        D  notePauseComponent(), received pkgName: com.yourname.smartrecorder, userId: 0
2025-11-28 16:17:15.586  4879-8430  Routine@Co...stenerImpl com.samsung.android.app.routines     I  onPauseComponent: componentName - ComponentInfo{com.yourname.smartrecorder/com.yourname.smartrecorder.MainActivity}
2025-11-28 16:17:15.596   858-858   SurfaceFlinger          surfaceflinger                       I  [3f937f2 com.yourname.smartrecorder/com.yourname.smartrecorder.MainActivity#51209] FrameRatePriority: -1
2025-11-28 16:17:15.617  1198-4343  InputDispatcher         system_server                        D  Focus left window (0): 3f937f2 com.yourname.smartrecorder/com.yourname.smartrecorder.MainActivity
2025-11-28 16:17:15.621 30856-30856 ViewRootIm...nActivity] com.yourname.smartrecorder           I  MSG_WINDOW_FOCUS_CHANGED 0 0
2025-11-28 16:17:15.623  1198-1901  WindowManager           system_server                        D  updateSystemBarAttributes: displayId=0, win=Window{7329e47 u0 com.google.android.permissioncontroller/com.android.permissioncontroller.permission.ui.GrantPermissionsActivity}, navColorWin=Window{3f937f2 u0 com.yourname.smartrecorder/com.yourname.smartrecorder.MainActivity}, focusedCanBeNavColorWin=false, behavior=1, appearance=16, statusBarAppearanceRegions=[AppearanceRegion{ bounds=[0,0][1440,3088]}], requestedVisibilities=, from=com.android.server.wm.DisplayPolicy.focusChangedLw:3251 com.android.server.wm.DisplayContent.updateFocusedWindowLocked:4632 com.android.server.wm.RootWindowContainer.updateFocusedWindowLocked:595 
2025-11-28 16:17:15.669   858-858   SurfaceFlinger          surfaceflinger                       D  Display 4633128672291735937 HWC layers:
                                                                                                         DEVICE | 0x70f52f0f30 | 0102 | RGBA_8888    |    0.0    0.0 1440.0 3088.0 |    0    0 1440 3088 | com.yourname.smartrecorder/com.yourn[...]rtrecorder.MainActivity$_30856#51210
                                                                                                         DEVICE | 0x70f52eb890 | 0100 | RGBA_8888    |    8.0    0.0 1448.0  177.0 |    0 2911 1440 3088 | com.google.android.permissioncontrol[...]rantPermissionsActivity$_12631#51255
                                                                                                         CLIENT |              | 0000 |  Unknown  |    0.0    0.0    0.0    0.0 |  694  128 1402  542 | Task=22702#46682
