2025-11-27 04:20:04.776  1198-1218  NotificationService     system_server                        E  Suppressing notification from package com.yourname.smartrecorder by user request.
2025-11-27 04:20:05.783  7901-7901  SmartRecorder/Service   com.yourname.smartrecorder           I  [CRIT] [Service: PlaybackForegroundService] onStartCommand -> action=null, flags=0, startId=37
2025-11-27 04:20:05.785  1198-1218  ApplicationPolicy       system_server                        D  isStatusBarNotificationAllowedAsUser: packageName = com.yourname.smartrecorder,userId = 0
2025-11-27 04:20:05.786  1198-1218  ApplicationPolicy       system_server                        D  isStatusBarNotificationAllowedAsUser: packageName = com.yourname.smartrecorder,userId = 0
2025-11-27 04:20:05.786  1198-1218  NotificationService     system_server                        E  Suppressing notification from package com.yourname.smartrecorder by user request.
2025-11-27 04:20:06.794  7901-7901  SmartRecorder/Service   com.yourname.smartrecorder           I  [CRIT] [Service: PlaybackForegroundService] onStartCommand -> action=null, flags=0, startId=38
2025-11-27 04:20:06.796  1198-1218  ApplicationPolicy       system_server                        D  isStatusBarNotificationAllowedAsUser: packageName = com.yourname.smartrecorder,userId = 0
2025-11-27 04:20:06.796  1198-1218  ApplicationPolicy       system_server                        D  isStatusBarNotificationAllowedAsUser: packageName = com.yourname.smartrecorder,userId = 0
2025-11-27 04:20:06.796  1198-1218  NotificationService     system_server                        E  Suppressing notification from package com.yourname.smartrecorder by user request.
2025-11-27 04:20:07.804  7901-7901  SmartRecorder/Service   com.yourname.smartrecorder           I  [CRIT] [Service: PlaybackForegroundService] onStartCommand -> action=null, flags=0, startId=39
2025-11-27 04:20:07.806  1198-1218  ApplicationPolicy       system_server                        D  isStatusBarNotificationAllowedAsUser: packageName = com.yourname.smartrecorder,userId = 0
2025-11-27 04:20:07.807  1198-1218  ApplicationPolicy       system_server                        D  isStatusBarNotificationAllowedAsUser: packageName = com.yourname.smartrecorder,userId = 0
2025-11-27 04:20:07.807  1198-1218  NotificationService     system_server                        E  Suppressing notification from package com.yourname.smartrecorder by user request.
2025-11-27 04:20:08.808  7901-7901  SmartRecorder/Service   com.yourname.smartrecorder           I  [CRIT] [Service: PlaybackForegroundService] onStartCommand -> action=null, flags=0, startId=40
2025-11-27 04:20:08.810  1198-1902  ApplicationPolicy       system_server                        D  isStatusBarNotificationAllowedAsUser: packageName = com.yourname.smartrecorder,userId = 0
2025-11-27 04:20:08.810  1198-1902  ApplicationPolicy       system_server                        D  isStatusBarNotificationAllowedAsUser: packageName = com.yourname.smartrecorder,userId = 0
2025-11-27 04:20:08.810  1198-1902  NotificationService     system_server                        E  Suppressing notification from package com.yourname.smartrecorder by user request.
2025-11-27 04:20:09.816  7901-7901  SmartRecorder/Service   com.yourname.smartrecorder           I  [CRIT] [Service: PlaybackForegroundService] onStartCommand -> action=null, flags=0, startId=41
2025-11-27 04:20:09.820  1198-1902  ApplicationPolicy       system_server                        D  isStatusBarNotificationAllowedAsUser: packageName = com.yourname.smartrecorder,userId = 0
2025-11-27 04:20:09.820  1198-1902  ApplicationPolicy       system_server                        D  isStatusBarNotificationAllowedAsUser: packageName = com.yourname.smartrecorder,userId = 0
2025-11-27 04:20:09.821  1198-1902  NotificationService     system_server                        E  Suppressing notification from package com.yourname.smartrecorder by user request.
2025-11-27 04:20:10.822  7901-7901  SmartRecorder/Service   com.yourname.smartrecorder           I  [CRIT] [Service: PlaybackForegroundService] onStartCommand -> action=null, flags=0, startId=42
2025-11-27 04:20:10.824  1198-1902  ApplicationPolicy       system_server                        D  isStatusBarNotificationAllowedAsUser: packageName = com.yourname.smartrecorder,userId = 0
2025-11-27 04:20:10.825  1198-1902  ApplicationPolicy       system_server                        D  isStatusBarNotificationAllowedAsUser: packageName = com.yourname.smartrecorder,userId = 0
2025-11-27 04:20:10.825  1198-1902  NotificationService     system_server                        E  Suppressing notification from package com.yourname.smartrecorder by user request.
2025-11-27 04:20:11.833  7901-7901  SmartRecorder/Service   com.yourname.smartrecorder           I  [CRIT] [Service: PlaybackForegroundService] onStartCommand -> action=null, flags=0, startId=43
2025-11-27 04:20:11.835  1198-1902  ApplicationPolicy       system_server                        D  isStatusBarNotificationAllowedAsUser: packageName = com.yourname.smartrecorder,userId = 0
2025-11-27 04:20:11.835  1198-1902  ApplicationPolicy       system_server                        D  isStatusBarNotificationAllowedAsUser: packageName = com.yourname.smartrecorder,userId = 0
2025-11-27 04:20:11.835  1198-1902  NotificationService     system_server                        E  Suppressing notification from package com.yourname.smartrecorder by user request.
2025-11-27 04:20:12.844  7901-7901  SmartRecorder/Service   com.yourname.smartrecorder           I  [CRIT] [Service: PlaybackForegroundService] onStartCommand -> action=null, flags=0, startId=44
2025-11-27 04:20:12.846  1198-1218  ApplicationPolicy       system_server                        D  isStatusBarNotificationAllowedAsUser: packageName = com.yourname.smartrecorder,userId = 0
2025-11-27 04:20:12.846  1198-1218  ApplicationPolicy       system_server                        D  isStatusBarNotificationAllowedAsUser: packageName = com.yourname.smartrecorder,userId = 0
2025-11-27 04:20:12.846  1198-1218  NotificationService     system_server                        E  Suppressing notification from package com.yourname.smartrecorder by user request.
2025-11-27 04:20:13.754  7901-7901  SmartRecorder/Service   com.yourname.smartrecorder           I  [CRIT] [Service: PlaybackForegroundService] onStartCommand -> action=null, flags=0, startId=45
2025-11-27 04:20:13.756  1198-1902  ApplicationPolicy       system_server                        D  isStatusBarNotificationAllowedAsUser: packageName = com.yourname.smartrecorder,userId = 0
2025-11-27 04:20:13.756  1198-1902  ApplicationPolicy       system_server                        D  isStatusBarNotificationAllowedAsUser: packageName = com.yourname.smartrecorder,userId = 0
2025-11-27 04:20:13.757  1198-1902  NotificationService     system_server                        E  Suppressing notification from package com.yourname.smartrecorder by user request.
2025-11-27 04:20:14.776  7901-7901  SmartRecorder/Service   com.yourname.smartrecorder           I  [CRIT] [Service: PlaybackForegroundService] onStartCommand -> action=null, flags=0, startId=46
2025-11-27 04:20:14.778  1198-1218  ApplicationPolicy       system_server                        D  isStatusBarNotificationAllowedAsUser: packageName = com.yourname.smartrecorder,userId = 0
2025-11-27 04:20:14.778  1198-1218  ApplicationPolicy       system_server                        D  isStatusBarNotificationAllowedAsUser: packageName = com.yourname.smartrecorder,userId = 0
2025-11-27 04:20:14.778  1198-1218  NotificationService     system_server                        E  Suppressing notification from package com.yourname.smartrecorder by user request.
2025-11-27 04:20:15.777  7901-7901  SmartRecorder/Service   com.yourname.smartrecorder           I  [CRIT] [Service: PlaybackForegroundService] onStartCommand -> action=null, flags=0, startId=47
2025-11-27 04:20:15.779  1198-1218  ApplicationPolicy       system_server                        D  isStatusBarNotificationAllowedAsUser: packageName = com.yourname.smartrecorder,userId = 0
2025-11-27 04:20:15.780  1198-1218  ApplicationPolicy       system_server                        D  isStatusBarNotificationAllowedAsUser: packageName = com.yourname.smartrecorder,userId = 0
2025-11-27 04:20:15.780  1198-1218  NotificationService     system_server                        E  Suppressing notification from package com.yourname.smartrecorder by user request.
2025-11-27 04:20:16.782  7901-7901  SmartRecorder/Service   com.yourname.smartrecorder           I  [CRIT] [Service: PlaybackForegroundService] onStartCommand -> action=null, flags=0, startId=48
2025-11-27 04:20:16.785  1198-1902  ApplicationPolicy       system_server                        D  isStatusBarNotificationAllowedAsUser: packageName = com.yourname.smartrecorder,userId = 0
2025-11-27 04:20:16.785  1198-1902  ApplicationPolicy       system_server                        D  isStatusBarNotificationAllowedAsUser: packageName = com.yourname.smartrecorder,userId = 0
2025-11-27 04:20:16.785  1198-1902  NotificationService     system_server                        E  Suppressing notification from package com.yourname.smartrecorder by user request.
2025-11-27 04:20:17.788  7901-7901  SmartRecorder/Service   com.yourname.smartrecorder           I  [CRIT] [Service: PlaybackForegroundService] onStartCommand -> action=null, flags=0, startId=49
2025-11-27 04:20:17.790  1198-1902  ApplicationPolicy       system_server                        D  isStatusBarNotificationAllowedAsUser: packageName = com.yourname.smartrecorder,userId = 0
2025-11-27 04:20:17.790  1198-1902  ApplicationPolicy       system_server                        D  isStatusBarNotificationAllowedAsUser: packageName = com.yourname.smartrecorder,userId = 0
2025-11-27 04:20:17.790  1198-1902  NotificationService     system_server                        E  Suppressing notification from package com.yourname.smartrecorder by user request.
2025-11-27 04:20:18.080  7901-7901  ViewRootIm...nActivity] com.yourname.smartrecorder           I  ViewPostIme pointer 0
2025-11-27 04:20:18.655  7901-7901  ViewRootIm...nActivity] com.yourname.smartrecorder           I  ViewPostIme pointer 1
2025-11-27 04:20:18.795  7901-7901  SmartRecorder/Service   com.yourname.smartrecorder           I  [CRIT] [Service: PlaybackForegroundService] onStartCommand -> action=null, flags=0, startId=50
2025-11-27 04:20:18.797  1198-1902  ApplicationPolicy       system_server                        D  isStatusBarNotificationAllowedAsUser: packageName = com.yourname.smartrecorder,userId = 0
2025-11-27 04:20:18.797  1198-1902  ApplicationPolicy       system_server                        D  isStatusBarNotificationAllowedAsUser: packageName = com.yourname.smartrecorder,userId = 0
2025-11-27 04:20:18.798  1198-1902  NotificationService     system_server                        E  Suppressing notification from package com.yourname.smartrecorder by user request.
2025-11-27 04:20:18.907  7901-7901  ViewRootIm...nActivity] com.yourname.smartrecorder           I  ViewPostIme pointer 0
2025-11-27 04:20:19.006  1198-1198  SGM:GameManager         system_server                        D  identifyGamePackage. com.yourname.smartrecorder, mCurrentUserId: 0, callerUserId: 0, callingMethodInfo: com.android.server.ssrm.fgapps.GameAppUtils.isGame(GameAppUtils.java:84)
2025-11-27 04:20:19.006  1198-1198  SGM:PkgDataHelper       system_server                        D  getGamePkgData(). com.yourname.smartrecorder
2025-11-27 04:20:19.007  1198-1198  SGM:GameManager         system_server                        D  identifyGamePackage. com.yourname.smartrecorder, mCurrentUserId: 0, callerUserId: 0, callingMethodInfo: com.android.server.ssrm.fgapps.GameAppUtils.isGame(GameAppUtils.java:84)
2025-11-27 04:20:19.007  1198-1198  SGM:PkgDataHelper       system_server                        D  getGamePkgData(). com.yourname.smartrecorder
2025-11-27 04:20:19.017  7901-7901  ViewRootIm...nActivity] com.yourname.smartrecorder           I  ViewPostIme pointer 1
2025-11-27 04:20:19.207  7901-7901  ViewRootIm...nActivity] com.yourname.smartrecorder           I  ViewPostIme pointer 0
2025-11-27 04:20:19.447  1198-1198  SGM:GameManager         system_server                        D  identifyGamePackage. com.yourname.smartrecorder, mCurrentUserId: 0, callerUserId: 0, callingMethodInfo: com.android.server.ssrm.fgapps.GameAppUtils.isGame(GameAppUtils.java:84)
2025-11-27 04:20:19.447  1198-1198  SGM:PkgDataHelper       system_server                        D  getGamePkgData(). com.yourname.smartrecorder
2025-11-27 04:20:19.447  7901-7901  ViewRootIm...nActivity] com.yourname.smartrecorder           I  ViewPostIme pointer 1
2025-11-27 04:20:19.448  1198-1198  SGM:GameManager         system_server                        D  identifyGamePackage. com.yourname.smartrecorder, mCurrentUserId: 0, callerUserId: 0, callingMethodInfo: com.android.server.ssrm.fgapps.GameAppUtils.isGame(GameAppUtils.java:84)
2025-11-27 04:20:19.448  1198-1198  SGM:PkgDataHelper       system_server                        D  getGamePkgData(). com.yourname.smartrecorder
2025-11-27 04:20:19.803  7901-7901  SmartRecorder/Service   com.yourname.smartrecorder           I  [CRIT] [Service: PlaybackForegroundService] onStartCommand -> action=null, flags=0, startId=51
2025-11-27 04:20:19.805  1198-1902  ApplicationPolicy       system_server                        D  isStatusBarNotificationAllowedAsUser: packageName = com.yourname.smartrecorder,userId = 0
2025-11-27 04:20:19.805  1198-1902  ApplicationPolicy       system_server                        D  isStatusBarNotificationAllowedAsUser: packageName = com.yourname.smartrecorder,userId = 0
2025-11-27 04:20:19.805  1198-1902  NotificationService     system_server                        E  Suppressing notification from package com.yourname.smartrecorder by user request.
2025-11-27 04:20:19.839  7901-7901  ViewRootIm...nActivity] com.yourname.smartrecorder           I  ViewPostIme pointer 0
2025-11-27 04:20:20.257  7901-7901  ViewRootIm...nActivity] com.yourname.smartrecorder           I  ViewPostIme pointer 1
2025-11-27 04:20:20.258  1198-1198  SGM:GameManager         system_server                        D  identifyGamePackage. com.yourname.smartrecorder, mCurrentUserId: 0, callerUserId: 0, callingMethodInfo: com.android.server.ssrm.fgapps.GameAppUtils.isGame(GameAppUtils.java:84)
2025-11-27 04:20:20.258  1198-1198  SGM:PkgDataHelper       system_server                        D  getGamePkgData(). com.yourname.smartrecorder
2025-11-27 04:20:20.259  1198-1198  SGM:GameManager         system_server                        D  identifyGamePackage. com.yourname.smartrecorder, mCurrentUserId: 0, callerUserId: 0, callingMethodInfo: com.android.server.ssrm.fgapps.GameAppUtils.isGame(GameAppUtils.java:84)
2025-11-27 04:20:20.259  1198-1198  SGM:PkgDataHelper       system_server                        D  getGamePkgData(). com.yourname.smartrecorder
2025-11-27 04:20:20.572  7901-7901  ViewRootIm...nActivity] com.yourname.smartrecorder           I  ViewPostIme pointer 0
2025-11-27 04:20:20.831  7901-7901  SmartRecorder/Service   com.yourname.smartrecorder           I  [CRIT] [Service: PlaybackForegroundService] onStartCommand -> action=null, flags=0, startId=52
2025-11-27 04:20:20.833  1198-4184  ApplicationPolicy       system_server                        D  isStatusBarNotificationAllowedAsUser: packageName = com.yourname.smartrecorder,userId = 0
2025-11-27 04:20:20.833  1198-4184  ApplicationPolicy       system_server                        D  isStatusBarNotificationAllowedAsUser: packageName = com.yourname.smartrecorder,userId = 0
2025-11-27 04:20:20.833  1198-4184  NotificationService     system_server                        E  Suppressing notification from package com.yourname.smartrecorder by user request.
2025-11-27 04:20:21.073  1198-1198  SGM:GameManager         system_server                        D  identifyGamePackage. com.yourname.smartrecorder, mCurrentUserId: 0, callerUserId: 0, callingMethodInfo: com.android.server.ssrm.fgapps.GameAppUtils.isGame(GameAppUtils.java:84)
2025-11-27 04:20:21.073  1198-1198  SGM:PkgDataHelper       system_server                        D  getGamePkgData(). com.yourname.smartrecorder
2025-11-27 04:20:21.074  1198-1198  SGM:GameManager         system_server                        D  identifyGamePackage. com.yourname.smartrecorder, mCurrentUserId: 0, callerUserId: 0, callingMethodInfo: com.android.server.ssrm.fgapps.GameAppUtils.isGame(GameAppUtils.java:84)
2025-11-27 04:20:21.074  1198-1198  SGM:PkgDataHelper       system_server                        D  getGamePkgData(). com.yourname.smartrecorder
2025-11-27 04:20:21.074  7901-7901  ViewRootIm...nActivity] com.yourname.smartrecorder           I  ViewPostIme pointer 1
2025-11-27 04:20:21.827  7901-7901  SmartRecorder/Service   com.yourname.smartrecorder           I  [CRIT] [Service: PlaybackForegroundService] onStartCommand -> action=null, flags=0, startId=53
2025-11-27 04:20:21.830  1198-4184  ApplicationPolicy       system_server                        D  isStatusBarNotificationAllowedAsUser: packageName = com.yourname.smartrecorder,userId = 0
2025-11-27 04:20:21.830  1198-4184  ApplicationPolicy       system_server                        D  isStatusBarNotificationAllowedAsUser: packageName = com.yourname.smartrecorder,userId = 0
2025-11-27 04:20:21.830  1198-4184  NotificationService     system_server                        E  Suppressing notification from package com.yourname.smartrecorder by user request.
2025-11-27 04:20:22.826  7901-7901  SmartRecorder/Service   com.yourname.smartrecorder           I  [CRIT] [Service: PlaybackForegroundService] onStartCommand -> action=null, flags=0, startId=54
2025-11-27 04:20:22.828  1198-4184  ApplicationPolicy       system_server                        D  isStatusBarNotificationAllowedAsUser: packageName = com.yourname.smartrecorder,userId = 0
2025-11-27 04:20:22.828  1198-4184  ApplicationPolicy       system_server                        D  isStatusBarNotificationAllowedAsUser: packageName = com.yourname.smartrecorder,userId = 0
2025-11-27 04:20:22.829  1198-4184  NotificationService     system_server                        E  Suppressing notification from package com.yourname.smartrecorder by user request.
2025-11-27 04:20:23.839  7901-7901  SmartRecorder/Service   com.yourname.smartrecorder           I  [CRIT] [Service: PlaybackForegroundService] onStartCommand -> action=null, flags=0, startId=55
2025-11-27 04:20:23.841  1198-4184  ApplicationPolicy       system_server                        D  isStatusBarNotificationAllowedAsUser: packageName = com.yourname.smartrecorder,userId = 0
2025-11-27 04:20:23.841  1198-4184  ApplicationPolicy       system_server                        D  isStatusBarNotificationAllowedAsUser: packageName = com.yourname.smartrecorder,userId = 0
2025-11-27 04:20:23.841  1198-4184  NotificationService     system_server                        E  Suppressing notification from package com.yourname.smartrecorder by user request.
2025-11-27 04:20:24.750  7901-7901  SmartRecorder/Service   com.yourname.smartrecorder           I  [CRIT] [Service: PlaybackForegroundService] onStartCommand -> action=null, flags=0, startId=56
2025-11-27 04:20:24.752  1198-4184  ApplicationPolicy       system_server                        D  isStatusBarNotificationAllowedAsUser: packageName = com.yourname.smartrecorder,userId = 0
2025-11-27 04:20:24.753  1198-4184  ApplicationPolicy       system_server                        D  isStatusBarNotificationAllowedAsUser: packageName = com.yourname.smartrecorder,userId = 0
2025-11-27 04:20:24.753  1198-4184  NotificationService     system_server                        E  Suppressing notification from package com.yourname.smartrecorder by user request.
2025-11-27 04:20:25.118  7901-7901  ViewRootIm...nActivity] com.yourname.smartrecorder           I  ViewPostIme pointer 0
2025-11-27 04:20:25.159  7901-7901  ViewRootIm...nActivity] com.yourname.smartrecorder           I  ViewPostIme pointer 1
2025-11-27 04:20:25.763  7901-7901  SmartRecorder/Service   com.yourname.smartrecorder           I  [CRIT] [Service: PlaybackForegroundService] onStartCommand -> action=null, flags=0, startId=57
2025-11-27 04:20:25.765  1198-4184  ApplicationPolicy       system_server                        D  isStatusBarNotificationAllowedAsUser: packageName = com.yourname.smartrecorder,userId = 0
2025-11-27 04:20:25.765  1198-4184  ApplicationPolicy       system_server                        D  isStatusBarNotificationAllowedAsUser: packageName = com.yourname.smartrecorder,userId = 0
2025-11-27 04:20:25.766  1198-4184  NotificationService     system_server                        E  Suppressing notification from package com.yourname.smartrecorder by user request.
2025-11-27 04:20:25.951  7901-7901  SmartRecor...Transcript com.yourname.smartrecorder           I  [MAIN] [Lifecycle: TranscriptViewModel] onCleared
2025-11-27 04:20:25.951  7901-7901  SmartRecor...Transcript com.yourname.smartrecorder           W  [RARE] ViewModel cleared while playback active -> Context: position=53115ms
2025-11-27 04:20:25.952  7901-7901  SmartRecorder/Audio     com.yourname.smartrecorder           D  Stopping audio playback
2025-11-27 04:20:25.952  7901-7901  MediaPlayer-JNI         com.yourname.smartrecorder           V  stop
2025-11-27 04:20:25.952  7901-7901  MediaPlayerNative       com.yourname.smartrecorder           V  stop
2025-11-27 04:20:25.952  7901-10075 MediaPlayerNative       com.yourname.smartrecorder           V  message received msg=8, ext1=0, ext2=0
2025-11-27 04:20:25.952  7901-7901  MediaPlayer             com.yourname.smartrecorder           V  resetDrmState:  mDrmInfo=null mDrmProvisioningThread=null mPrepareDrmInProgress=false mActiveDrmScheme=false
2025-11-27 04:20:25.952  7901-10075 MediaPlayerNative       com.yourname.smartrecorder           V  message received msg=211, ext1=0, ext2=0
2025-11-27 04:20:25.952  7901-7901  MediaPlayer             com.yourname.smartrecorder           V  cleanDrmObj: mDrmObj=null mDrmSessionId=null
2025-11-27 04:20:25.952  7901-7901  MediaPlayer-JNI         com.yourname.smartrecorder           V  release
2025-11-27 04:20:25.952  7901-7901  MediaPlayerNative       com.yourname.smartrecorder           V  setListener
2025-11-27 04:20:25.953  7901-7901  MediaPlayerNative       com.yourname.smartrecorder           V  disconnect
2025-11-27 04:20:25.953   997-14088 MediaPlayerService      mediaserver                          V  disconnect(138) from AttributionSource AttributionSourceState{pid: 7901, uid: 10945, packageName: com.yourname.smartrecorder, attributionTag: (null), token: {no toString() implemented}, renouncedPermissions: [], next: []}
2025-11-27 04:20:25.962  7901-7901  MediaPlayerNative       com.yourname.smartrecorder           V  destructor
2025-11-27 04:20:25.962   997-14088 MediaPlayerService      mediaserver                          V  Client(138) destructor AttributionSource = AttributionSourceState{pid: 7901, uid: 10945, packageName: com.yourname.smartrecorder, attributionTag: (null), token: {no toString() implemented}, renouncedPermissions: [], next: []}
2025-11-27 04:20:25.962  7901-7901  MediaPlayerNative       com.yourname.smartrecorder           V  disconnect
2025-11-27 04:20:25.962  7901-7901  SmartRecorder/Audio     com.yourname.smartrecorder           D  Audio stopped and released -> file: /data/user/0/com.yourname.smartrecorder/files/recordings/imported_b10c3b84-42bb-4c43-bfe5-b08ba638867f.m4a
2025-11-27 04:20:25.962   997-14088 MediaPlayerService      mediaserver                          V  disconnect(138) from AttributionSource AttributionSourceState{pid: 7901, uid: 10945, packageName: com.yourname.smartrecorder, attributionTag: (null), token: {no toString() implemented}, renouncedPermissions: [], next: []}
2025-11-27 04:20:25.964 22947-29123 SecFgsMana...rollerImpl com.android.systemui                 D  onForegroundStateChanged: dialogShown:false, isForeground:false, packageName:com.yourname.smartrecorder , token:android.os.BinderProxy@39bd9e9, userId:0
2025-11-27 04:20:25.967  7901-7901  SmartRecorder/Service   com.yourname.smartrecorder           I  [CRIT] Playback foreground service stopped
2025-11-27 04:20:25.967  7901-7901  SmartRecor...Transcript com.yourname.smartrecorder           I  [MAIN] Playback stopped during cleanup
2025-11-27 04:20:25.977  7901-7901  MediaPlayer             com.yourname.smartrecorder           W  mediaplayer went away with unhandled events
2025-11-27 04:20:25.977  7901-7901  MediaPlayer             com.yourname.smartrecorder           W  mediaplayer went away with unhandled events
2025-11-27 04:20:25.977  7901-7901  SmartRecorder/Service   com.yourname.smartrecorder           I  [CRIT] [Service: PlaybackForegroundService] onDestroy
2025-11-27 04:20:25.977  7901-7901  SmartRecorder/Service   com.yourname.smartrecorder           W  [RARE] Service destroyed while playing -> Context: title=Thoại 016, position=53013
2025-11-27 04:20:28.110  7901-7901  ViewRootIm...nActivity] com.yourname.smartrecorder           I  ViewPostIme pointer 0
2025-11-27 04:20:28.177  7901-7901  ViewRootIm...nActivity] com.yourname.smartrecorder           I  ViewPostIme pointer 1
2025-11-27 04:20:28.178  7901-7901  SmartRecorder/ViewModel com.yourname.smartrecorder           D  [SmartRecorderApp] User clicked realtime STT button
2025-11-27 04:20:28.178  7901-7901  SmartRecorder/Realtime  com.yourname.smartrecorder           I  [MAIN] [ViewModel: RecordViewModel] onLiveTranscribeClick
2025-11-27 04:20:28.178  7901-7901  SmartRecorder/Realtime  com.yourname.smartrecorder           D  Starting live transcribe mode
2025-11-27 04:20:28.179  7901-7901  SmartRecorder/UseCase   com.yourname.smartrecorder           I  [MAIN] [UseCase: RealtimeTranscriptUseCase] Start requested
2025-11-27 04:20:28.180  1198-4185  AppsFilter              system_server                        I  interaction: PackageSetting{7a2d004 com.yourname.smartrecorder/10945} -> PackageSetting{c95f861 com.google.android.as/10230} BLOCKED
2025-11-27 04:20:28.181  7901-7901  SmartRecorder/Realtime  com.yourname.smartrecorder           D  SpeechRecognizer created successfully
2025-11-27 04:20:28.181  7901-7901  SmartRecorder/Realtime  com.yourname.smartrecorder           D  ASR ready: true
2025-11-27 04:20:28.181  7901-7901  SmartRecorder/Realtime  com.yourname.smartrecorder           D  startListening: User initiated start.
2025-11-27 04:20:28.183  1198-4185  AppsFilter              system_server                        I  interaction: PackageSetting{7a2d004 com.yourname.smartrecorder/10945} -> PackageSetting{c95f861 com.google.android.as/10230} BLOCKED
2025-11-27 04:20:28.184  7901-7901  SmartRecorder/Realtime  com.yourname.smartrecorder           D  ASR state changed: LISTENING
2025-11-27 04:20:28.184  7901-7901  SmartRecorder/Realtime  com.yourname.smartrecorder           D  Muting streams with strategy: DEFAULT
2025-11-27 04:20:28.184  1198-4185  AS.AudioService         system_server                        D  adjustStreamVolume() stream=5, dir=-100, flags=0, caller=com.yourname.smartrecorder
2025-11-27 04:20:28.195  7901-7901  SmartRecorder/Realtime  com.yourname.smartrecorder           D  Network available: true, Prefer offline: false
2025-11-27 04:20:28.196  7901-7901  SmartRecorder/Realtime  com.yourname.smartrecorder           D  Intent configured with preferOffline=false (network available: true)
2025-11-27 04:20:28.231 29778-29778 RecognitionServiceInten com.google.android.tts               I  Trigger application overridden to com.yourname.smartrecorder
2025-11-27 04:20:28.236 29778-29778 RecognitionServiceImpl  com.google.android.tts               I  RecognitionService#logStartListening: callingApp: com.yourname.smartrecorder, locale: en-US
2025-11-27 04:20:28.248 29778-10929 BaseS3HeaderProducer    com.google.android.tts               I  [RS][S3] triggerApplicationId: com.yourname.smartrecorder
2025-11-27 04:20:28.291  7901-7901  SmartRecorder/Realtime  com.yourname.smartrecorder           D  onReadyForSpeech
2025-11-27 04:20:28.291  7901-7901  SmartRecorder/Realtime  com.yourname.smartrecorder           D  ASR state changed: LISTENING
2025-11-27 04:20:29.449  7901-7901  SmartRecorder/Realtime  com.yourname.smartrecorder           D  onBeginningOfSpeech
2025-11-27 04:20:30.340   858-858   SurfaceFlinger          surfaceflinger                       D  Display 4633128672291735937 HWC layers:
                                                                                                         DEVICE | 0x70f52d8210 | 0102 | RGBA_8888    |    0.0    0.0 1440.0 3088.0 |    0    0 1440 3088 | com.yourname.smartrecorder/com.yourn[...]artrecorder.MainActivity$_7901#25627
                                                                                                         DEVICE | 0x70f52df830 | 0100 | RGBA_8888    |    0.0    0.0 1440.0   90.0 |    0    0 1440   90 | StatusBar$_22947#4630
                                                                                                         DEVICE | 0x70f52d52d0 | 0100 | RGBA_8888    |    0.0    0.0   67.0  708.0 | 1373  391 1440 1099 | com.samsung.android.app.cocktailbars[...]rvice.CocktailBarService$_4533#25417
                                                                                                         DEVICE | 0x70f52de870 | 0100 | RGBA_8888    |    0.0    0.0 1440.0  168.0 |    0 2920 1440 3088 | NavigationBar0$_22947#4625
                                                                                                         DEVICE | 0x70f52e8050 | 0140 | RGBA_8888    |    0.0    0.0 1440.0   90.0 |    0    0 1440   90 | ScreenDecorOverlay$_22947#25646
2025-11-27 04:20:30.360  7901-7901  SmartRecorder/Realtime  com.yourname.smartrecorder           D  Partial result: hello
2025-11-27 04:20:30.360  7901-7901  SmartRecorder/Realtime  com.yourname.smartrecorder           D  Received transcript update: PARTIAL:hello
2025-11-27 04:20:31.019  7901-7901  SmartRecorder/Realtime  com.yourname.smartrecorder           D  Partial result: hello my
2025-11-27 04:20:31.019  7901-7901  SmartRecorder/Realtime  com.yourname.smartrecorder           D  Received transcript update: PARTIAL:hello my
2025-11-27 04:20:31.120  7901-7901  SmartRecorder/Realtime  com.yourname.smartrecorder           D  Partial result: hello my name
2025-11-27 04:20:31.120  7901-7901  SmartRecorder/Realtime  com.yourname.smartrecorder           D  Received transcript update: PARTIAL:hello my name
2025-11-27 04:20:31.250  7901-7901  SmartRecorder/Realtime  com.yourname.smartrecorder           D  Partial result: hello my name is
2025-11-27 04:20:31.251  7901-7901  SmartRecorder/Realtime  com.yourname.smartrecorder           D  Received transcript update: PARTIAL:hello my name is
2025-11-27 04:20:32.035  7901-7901  SmartRecorder/Realtime  com.yourname.smartrecorder           D  Partial result: hello my name is son
2025-11-27 04:20:32.035  7901-7901  SmartRecorder/Realtime  com.yourname.smartrecorder           D  Received transcript update: PARTIAL:hello my name is son
2025-11-27 04:20:32.997  7901-7901  SmartRecorder/Realtime  com.yourname.smartrecorder           D  Partial result: hello my name is son I
2025-11-27 04:20:32.997  7901-7901  SmartRecorder/Realtime  com.yourname.smartrecorder           D  Received transcript update: PARTIAL:hello my name is son I
2025-11-27 04:20:33.349  1198-7983  SGM:GameManager         system_server                        D  identifyGamePackage. com.yourname.smartrecorder, mCurrentUserId: 0, callerUserId: 0, callingMethodInfo: com.android.server.ssrm.SortingMachine.isGame(SortingMachine.java:162)
2025-11-27 04:20:33.349  1198-7983  SGM:PkgDataHelper       system_server                        D  getGamePkgData(). com.yourname.smartrecorder
2025-11-27 04:20:33.366  7901-7901  SmartRecorder/Realtime  com.yourname.smartrecorder           D  Partial result: hello my name is son I come
2025-11-27 04:20:33.366  7901-7901  SmartRecorder/Realtime  com.yourname.smartrecorder           D  Received transcript update: PARTIAL:hello my name is son I come
2025-11-27 04:20:33.497  7901-7901  SmartRecorder/Realtime  com.yourname.smartrecorder           D  Partial result: hello my name is son I come from
2025-11-27 04:20:33.497  7901-7901  SmartRecorder/Realtime  com.yourname.smartrecorder           D  Received transcript update: PARTIAL:hello my name is son I come from
2025-11-27 04:20:34.252  7901-7901  SmartRecorder/Realtime  com.yourname.smartrecorder           D  onEndOfSpeech
2025-11-27 04:20:34.261  7901-7901  SmartRecorder/Realtime  com.yourname.smartrecorder           D  Merging partialCache=8 tokens, finalTokens=9 tokens
2025-11-27 04:20:34.261  7901-7901  SmartRecorder/Realtime  com.yourname.smartrecorder           D  Final result: hello my name is son I come from Vietnam
2025-11-27 04:20:34.262  7901-7901  SmartRecorder/Realtime  com.yourname.smartrecorder           D  Received transcript update: FINAL:hello my name is son I come from Vietnam
2025-11-27 04:20:34.263  1198-4185  AppsFilter              system_server                        I  interaction: PackageSetting{7a2d004 com.yourname.smartrecorder/10945} -> PackageSetting{c95f861 com.google.android.as/10230} BLOCKED
2025-11-27 04:20:34.263  7901-7901  SmartRecorder/Realtime  com.yourname.smartrecorder           D  ASR state changed: LISTENING
2025-11-27 04:20:34.264  7901-7901  SmartRecorder/Realtime  com.yourname.smartrecorder           D  Network available: true, Prefer offline: false
2025-11-27 04:20:34.264  7901-7901  SmartRecorder/Realtime  com.yourname.smartrecorder           D  Intent configured with preferOffline=false (network available: true)
2025-11-27 04:20:34.267 29778-29778 RecognitionServiceInten com.google.android.tts               I  Trigger application overridden to com.yourname.smartrecorder
2025-11-27 04:20:34.269 29778-29778 RecognitionServiceImpl  com.google.android.tts               I  RecognitionService#logStartListening: callingApp: com.yourname.smartrecorder, locale: en-US
2025-11-27 04:20:34.278 29778-10925 BaseS3HeaderProducer    com.google.android.tts               I  [RS][S3] triggerApplicationId: com.yourname.smartrecorder
2025-11-27 04:20:34.308   858-858   SurfaceFlinger          surfaceflinger                       D  Display 4633128672291735937 HWC layers:
                                                                                                         DEVICE | 0x70f52edc90 | 0102 | RGBA_8888    |    0.0    0.0 1440.0 3088.0 |    0    0 1440 3088 | com.yourname.smartrecorder/com.yourn[...]artrecorder.MainActivity$_7901#25627
                                                                                                         DEVICE | 0x70f52df830 | 0100 | RGBA_8888    |    0.0    0.0 1440.0   90.0 |    0    0 1440   90 | StatusBar$_22947#4630
                                                                                                         DEVICE | 0x70f52d52d0 | 0100 | RGBA_8888    |    0.0    0.0   67.0  708.0 | 1373  391 1440 1099 | com.samsung.android.app.cocktailbars[...]rvice.CocktailBarService$_4533#25417
                                                                                                         DEVICE | 0x70f52de870 | 0100 | RGBA_8888    |    0.0    0.0 1440.0  168.0 |    0 2920 1440 3088 | NavigationBar0$_22947#4625
2025-11-27 04:20:34.340  7901-7901  SmartRecorder/Realtime  com.yourname.smartrecorder           D  onReadyForSpeech
2025-11-27 04:20:34.340  7901-7901  SmartRecorder/Realtime  com.yourname.smartrecorder           D  ASR state changed: LISTENING
2025-11-27 04:20:34.407   858-858   SurfaceFlinger          surfaceflinger                       D  Display 4633128672291735937 HWC layers:
                                                                                                         DEVICE | 0x70f52edc90 | 0102 | RGBA_8888    |    0.0    0.0 1440.0 3088.0 |    0    0 1440 3088 | com.yourname.smartrecorder/com.yourn[...]artrecorder.MainActivity$_7901#25627
                                                                                                         DEVICE | 0x70f52df830 | 0100 | RGBA_8888    |    0.0    0.0 1440.0   90.0 |    0    0 1440   90 | StatusBar$_22947#4630
                                                                                                         DEVICE | 0x70f52d52d0 | 0100 | RGBA_8888    |    0.0    0.0   67.0  708.0 | 1373  391 1440 1099 | com.samsung.android.app.cocktailbars[...]rvice.CocktailBarService$_4533#25417
                                                                                                         DEVICE | 0x70f52de870 | 0100 | RGBA_8888    |    0.0    0.0 1440.0  168.0 |    0 2920 1440 3088 | NavigationBar0$_22947#4625
                                                                                                         DEVICE | 0x70f52e9010 | 0140 | RGBA_8888    |    0.0    0.0 1440.0   90.0 |    0    0 1440   90 | ScreenDecorOverlay$_22947#25652
2025-11-27 04:20:34.490   858-858   SurfaceFlinger          surfaceflinger                       D  Display 4633128672291735937 HWC layers:
                                                                                                         DEVICE | 0x70f52edc90 | 0102 | RGBA_8888    |    0.0    0.0 1440.0 3088.0 |    0    0 1440 3088 | com.yourname.smartrecorder/com.yourn[...]artrecorder.MainActivity$_7901#25627
                                                                                                         DEVICE | 0x70f52df830 | 0100 | RGBA_8888    |    0.0    0.0 1440.0   90.0 |    0    0 1440   90 | StatusBar$_22947#4630
                                                                                                         DEVICE | 0x70f52d52d0 | 0100 | RGBA_8888    |    0.0    0.0   67.0  708.0 | 1373  391 1440 1099 | com.samsung.android.app.cocktailbars[...]rvice.CocktailBarService$_4533#25417
                                                                                                         DEVICE | 0x70f52de870 | 0100 | RGBA_8888    |    0.0    0.0 1440.0  168.0 |    0 2920 1440 3088 | NavigationBar0$_22947#4625
2025-11-27 04:20:35.988  7901-7901  SmartRecorder/Realtime  com.yourname.smartrecorder           D  onBeginningOfSpeech
2025-11-27 04:20:36.792  7901-7901  SmartRecorder/Realtime  com.yourname.smartrecorder           D  Partial result: so
2025-11-27 04:20:36.792  7901-7901  SmartRecorder/Realtime  com.yourname.smartrecorder           D  Received transcript update: PARTIAL:so
2025-11-27 04:20:37.811  7901-7901  SmartRecorder/Realtime  com.yourname.smartrecorder           D  Partial result: so where
2025-11-27 04:20:37.811  7901-7901  SmartRecorder/Realtime  com.yourname.smartrecorder           D  Received transcript update: PARTIAL:so where
2025-11-27 04:20:38.139  7901-7901  SmartRecorder/Realtime  com.yourname.smartrecorder           D  Partial result: so where are you
2025-11-27 04:20:38.139  7901-7901  SmartRecorder/Realtime  com.yourname.smartrecorder           D  Received transcript update: PARTIAL:so where are you
2025-11-27 04:20:38.320  7901-7901  SmartRecorder/Realtime  com.yourname.smartrecorder           D  Partial result: so where are you going
2025-11-27 04:20:38.320  7901-7901  SmartRecorder/Realtime  com.yourname.smartrecorder           D  Received transcript update: PARTIAL:so where are you going
2025-11-27 04:20:38.750  7901-7901  SmartRecorder/Realtime  com.yourname.smartrecorder           D  onEndOfSpeech
2025-11-27 04:20:38.758  7901-7901  SmartRecorder/Realtime  com.yourname.smartrecorder           D  Merging partialCache=5 tokens, finalTokens=6 tokens
2025-11-27 04:20:38.760  7901-7901  SmartRecorder/Realtime  com.yourname.smartrecorder           D  Final result: so where are you going today
2025-11-27 04:20:38.760  7901-7901  SmartRecorder/Realtime  com.yourname.smartrecorder           D  Received transcript update: FINAL:hello my name is son I come from Vietnam so where are you going today
2025-11-27 04:20:38.762  1198-1218  AppsFilter              system_server                        I  interaction: PackageSetting{7a2d004 com.yourname.smartrecorder/10945} -> PackageSetting{c95f861 com.google.android.as/10230} BLOCKED
2025-11-27 04:20:38.762  7901-7901  SmartRecorder/Realtime  com.yourname.smartrecorder           D  ASR state changed: LISTENING
2025-11-27 04:20:38.763  7901-7901  SmartRecorder/Realtime  com.yourname.smartrecorder           D  Network available: true, Prefer offline: false
2025-11-27 04:20:38.764  7901-7901  SmartRecorder/Realtime  com.yourname.smartrecorder           D  Intent configured with preferOffline=false (network available: true)
2025-11-27 04:20:38.766 29778-29778 RecognitionServiceInten com.google.android.tts               I  Trigger application overridden to com.yourname.smartrecorder
2025-11-27 04:20:38.768 29778-29778 RecognitionServiceImpl  com.google.android.tts               I  RecognitionService#logStartListening: callingApp: com.yourname.smartrecorder, locale: en-US
2025-11-27 04:20:38.787 29778-10925 BaseS3HeaderProducer    com.google.android.tts               I  [RS][S3] triggerApplicationId: com.yourname.smartrecorder
2025-11-27 04:20:38.865  7901-7901  SmartRecorder/Realtime  com.yourname.smartrecorder           D  onReadyForSpeech
2025-11-27 04:20:38.865  7901-7901  SmartRecorder/Realtime  com.yourname.smartrecorder           D  ASR state changed: LISTENING
2025-11-27 04:20:41.244  7901-7901  ViewRootIm...nActivity] com.yourname.smartrecorder           I  ViewPostIme pointer 0
2025-11-27 04:20:41.308  7901-7901  ViewRootIm...nActivity] com.yourname.smartrecorder           I  ViewPostIme pointer 1
2025-11-27 04:20:41.309  7901-7901  SmartRecorder/ViewModel com.yourname.smartrecorder           D  [SmartRecorderApp] User clicked stop record button
2025-11-27 04:20:41.309  7901-7901  SmartRecorder/Recording com.yourname.smartrecorder           I  [MAIN] [ViewModel: RecordViewModel] onStopClick
2025-11-27 04:20:41.309  7901-7901  SmartRecorder/Recording com.yourname.smartrecorder           W  Stop called but no recording in progress
2025-11-27 04:20:43.618  7901-7901  ViewRootIm...nActivity] com.yourname.smartrecorder           I  ViewPostIme pointer 0
2025-11-27 04:20:43.641  7901-7901  ViewRootIm...nActivity] com.yourname.smartrecorder           I  ViewPostIme pointer 1
2025-11-27 04:20:43.641  7901-7901  SmartRecorder/ViewModel com.yourname.smartrecorder           D  [SmartRecorderApp] User clicked pause/resume record button
2025-11-27 04:20:43.641  7901-7901  SmartRecorder/Recording com.yourname.smartrecorder           I  [MAIN] [ViewModel: RecordViewModel] onPauseClick
2025-11-27 04:20:43.643  7901-7946  SmartRecorder/UseCase   com.yourname.smartrecorder           I  [MAIN] [UseCase: PauseRecordingUseCase] Pausing
2025-11-27 04:20:43.643  7901-7946  SmartRecorder/Audio     com.yourname.smartrecorder           D  Pausing recording
2025-11-27 04:20:43.644  7901-7946  SmartRecorder/Audio     com.yourname.smartrecorder           D  Recording paused
2025-11-27 04:20:43.644  7901-7901  SmartRecorder/Recording com.yourname.smartrecorder           D  Recording paused -> recordingId: null
2025-11-27 04:20:43.884  7901-7901  SmartRecorder/Realtime  com.yourname.smartrecorder           E  ASR error: 7, critical: false
2025-11-27 04:20:43.884  7901-7901  SmartRecorder/Realtime  com.yourname.smartrecorder           D  ASR restarting: true
2025-11-27 04:20:43.885  1198-1897  AppsFilter              system_server                        I  interaction: PackageSetting{7a2d004 com.yourname.smartrecorder/10945} -> PackageSetting{c95f861 com.google.android.as/10230} BLOCKED
2025-11-27 04:20:43.886  7901-7901  SmartRecorder/Realtime  com.yourname.smartrecorder           D  ASR state changed: LISTENING
2025-11-27 04:20:43.888  7901-7901  SmartRecorder/Realtime  com.yourname.smartrecorder           D  Network available: true, Prefer offline: false
2025-11-27 04:20:43.889  7901-7901  SmartRecorder/Realtime  com.yourname.smartrecorder           D  Intent configured with preferOffline=false (network available: true)
2025-11-27 04:20:43.893 29778-29778 RecognitionServiceInten com.google.android.tts               I  Trigger application overridden to com.yourname.smartrecorder
2025-11-27 04:20:43.896 29778-29778 RecognitionServiceImpl  com.google.android.tts               I  RecognitionService#logStartListening: callingApp: com.yourname.smartrecorder, locale: en-US
2025-11-27 04:20:43.934 29778-10978 BaseS3HeaderProducer    com.google.android.tts               I  [RS][S3] triggerApplicationId: com.yourname.smartrecorder
2025-11-27 04:20:43.960  7901-7901  SmartRecorder/Realtime  com.yourname.smartrecorder           D  onReadyForSpeech
2025-11-27 04:20:43.961  7901-7901  SmartRecorder/Realtime  com.yourname.smartrecorder           D  ASR state changed: LISTENING
2025-11-27 04:20:44.975  7901-7901  ViewRootIm...nActivity] com.yourname.smartrecorder           I  ViewPostIme pointer 0
2025-11-27 04:20:45.017  7901-7901  ViewRootIm...nActivity] com.yourname.smartrecorder           I  ViewPostIme pointer 1
2025-11-27 04:20:45.042  7901-7901  SmartRecor...Transcript com.yourname.smartrecorder           I  [MAIN] [ViewModel: RecordViewModel] checkModelReady -> State: Starting model check (silent)
2025-11-27 04:20:45.083  7901-7901  SmartRecor...Transcript com.yourname.smartrecorder           D  [RecordViewModel] Model is ready
2025-11-27 04:20:45.376  7901-7901  ViewRootIm...nActivity] com.yourname.smartrecorder           I  ViewPostIme pointer 0
2025-11-27 04:20:45.424  7901-7901  ViewRootIm...nActivity] com.yourname.smartrecorder           I  ViewPostIme pointer 1
2025-11-27 04:20:45.460  7901-7901  SmartRecor...Transcript com.yourname.smartrecorder           I  [MAIN] [ViewModel: RecordViewModel] checkModelReady -> State: Starting model check (silent)
2025-11-27 04:20:45.499  7901-7901  SmartRecor...Transcript com.yourname.smartrecorder           D  [RecordViewModel] Model is ready
2025-11-27 04:20:45.559  7901-7901  ViewRootIm...nActivity] com.yourname.smartrecorder           I  ViewPostIme pointer 0
2025-11-27 04:20:45.560  1198-1198  SGM:GameManager         system_server                        D  identifyGamePackage. com.yourname.smartrecorder, mCurrentUserId: 0, callerUserId: 0, callingMethodInfo: com.android.server.ssrm.fgapps.GameAppUtils.isGame(GameAppUtils.java:84)
2025-11-27 04:20:45.560  1198-1198  SGM:PkgDataHelper       system_server                        D  getGamePkgData(). com.yourname.smartrecorder
2025-11-27 04:20:45.561  1198-1198  SGM:GameManager         system_server                        D  identifyGamePackage. com.yourname.smartrecorder, mCurrentUserId: 0, callerUserId: 0, callingMethodInfo: com.android.server.ssrm.fgapps.GameAppUtils.isGame(GameAppUtils.java:84)
2025-11-27 04:20:45.561  1198-1198  SGM:PkgDataHelper       system_server                        D  getGamePkgData(). com.yourname.smartrecorder
2025-11-27 04:20:45.625  7901-7901  ViewRootIm...nActivity] com.yourname.smartrecorder           I  ViewPostIme pointer 1
2025-11-27 04:20:45.625  1198-1198  SGM:GameManager         system_server                        D  identifyGamePackage. com.yourname.smartrecorder, mCurrentUserId: 0, callerUserId: 0, callingMethodInfo: com.android.server.ssrm.fgapps.GameAppUtils.isGame(GameAppUtils.java:84)
2025-11-27 04:20:45.625  1198-1198  SGM:PkgDataHelper       system_server                        D  getGamePkgData(). com.yourname.smartrecorder
2025-11-27 04:20:45.626  1198-1198  SGM:GameManager         system_server                        D  identifyGamePackage. com.yourname.smartrecorder, mCurrentUserId: 0, callerUserId: 0, callingMethodInfo: com.android.server.ssrm.fgapps.GameAppUtils.isGame(GameAppUtils.java:84)
2025-11-27 04:20:45.626  1198-1198  SGM:PkgDataHelper       system_server                        D  getGamePkgData(). com.yourname.smartrecorder
2025-11-27 04:20:45.664  7901-7901  SmartRecor...Transcript com.yourname.smartrecorder           I  [MAIN] [ViewModel: RecordViewModel] checkModelReady -> State: Starting model check (silent)
2025-11-27 04:20:45.700  7901-7901  SmartRecor...Transcript com.yourname.smartrecorder           D  [RecordViewModel] Model is ready
2025-11-27 04:20:45.725  7901-7901  ViewRootIm...nActivity] com.yourname.smartrecorder           I  ViewPostIme pointer 0
2025-11-27 04:20:45.809  7901-7901  ViewRootIm...nActivity] com.yourname.smartrecorder           I  ViewPostIme pointer 1
2025-11-27 04:20:45.847  7901-7901  SmartRecor...Transcript com.yourname.smartrecorder           I  [MAIN] [ViewModel: RecordViewModel] checkModelReady -> State: Starting model check (silent)
2025-11-27 04:20:45.881  7901-7901  SmartRecor...Transcript com.yourname.smartrecorder           D  [RecordViewModel] Model is ready
2025-11-27 04:20:45.916  7901-7901  ViewRootIm...nActivity] com.yourname.smartrecorder           I  ViewPostIme pointer 0
2025-11-27 04:20:45.917  1198-1198  SGM:GameManager         system_server                        D  identifyGamePackage. com.yourname.smartrecorder, mCurrentUserId: 0, callerUserId: 0, callingMethodInfo: com.android.server.ssrm.fgapps.GameAppUtils.isGame(GameAppUtils.java:84)
2025-11-27 04:20:45.917  1198-1198  SGM:PkgDataHelper       system_server                        D  getGamePkgData(). com.yourname.smartrecorder
2025-11-27 04:20:45.918  1198-1198  SGM:GameManager         system_server                        D  identifyGamePackage. com.yourname.smartrecorder, mCurrentUserId: 0, callerUserId: 0, callingMethodInfo: com.android.server.ssrm.fgapps.GameAppUtils.isGame(GameAppUtils.java:84)
