2025-11-27 04:19:09.864  1198-1287  SGM:FgCheckThread       system_server                        D  noteResumeComponent(), received pkgName: com.yourname.smartrecorder, userId: 0
2025-11-27 04:19:09.864  4879-14050 Routine@Co...stenerImpl com.samsung.android.app.routines     I  onResumeComponent: componentName - ComponentInfo{com.yourname.smartrecorder/com.yourname.smartrecorder.MainActivity}
2025-11-27 04:19:09.864  1198-1539  SGM:FgCheckThread       system_server                        D  onLooperPrepared(), msg: MSG_APP_RESUME, pkgName: com.yourname.smartrecorder, userid: 0
2025-11-27 04:19:09.865  1198-1287  SGM:GameManager         system_server                        D  identifyGamePackage. com.yourname.smartrecorder, mCurrentUserId: 0, callerUserId: 0, callingMethodInfo: com.samsung.android.game.SemGameManager.isGamePackage(SemGameManager.java:104)
2025-11-27 04:19:09.865  1198-1287  SGM:PkgDataHelper       system_server                        D  getGamePkgData(). com.yourname.smartrecorder
2025-11-27 04:19:09.865  1198-1287  SGM:SemGameManager      system_server                        D  isGamePackage(), pkgName=com.yourname.smartrecorder, ret=false
2025-11-27 04:19:09.874  7901-7901  ViewRootIm...nActivity] com.yourname.smartrecorder           I  performTraversals mFirst=false windowShouldResize=false viewVisibilityChanged=true mForceNextWindowRelayout=false params=null
2025-11-27 04:19:09.875  1198-1219  WindowManager           system_server                        V  Relayout Window{704b19d u0 com.yourname.smartrecorder/com.yourname.smartrecorder.MainActivity}: viewVisibility=0 req=1440x3088 d0
2025-11-27 04:19:09.875   858-886   SurfaceFlinger          surfaceflinger                       I  id=25627 createSurf flag=40004, com.yourname.smartrecorder/com.yourname.smartrecorder.MainActivity$_7901#25627
2025-11-27 04:19:09.875  1198-1219  WindowManager           system_server                        D  makeSurface duration=1 name=com.yourname.smartrecorder/com.yourname.smartrecorder.MainActivity$_7901
2025-11-27 04:19:09.877  1198-1219  WindowManager           system_server                        V  Changing focus from null to Window{704b19d u0 com.yourname.smartrecorder/com.yourname.smartrecorder.MainActivity} displayId=0 Callers=com.android.server.wm.RootWindowContainer.updateFocusedWindowLocked:595 com.android.server.wm.WindowManagerService.updateFocusedWindowLocked:6810 com.android.server.wm.WindowManagerService.relayoutWindow:2820 com.android.server.wm.Session.relayout:274 
2025-11-27 04:19:09.877  1198-1219  MARsPolicyManager       system_server                        D  onPackageResumedFG pkgName = com.yourname.smartrecorder, userId = 0
2025-11-27 04:19:09.878  1198-1219  WindowManager           system_server                        D  updateSystemBarAttributes: displayId=0, win=Window{704b19d u0 com.yourname.smartrecorder/com.yourname.smartrecorder.MainActivity}, navColorWin=Window{a6daf09 u0 com.google.android.documentsui/com.android.documentsui.picker.PickActivity}, focusedCanBeNavColorWin=false, behavior=1, appearance=16, statusBarAppearanceRegions=[AppearanceRegion{LIGHT_STATUS_BARS bounds=[0,0][1440,3088]}], requestedVisibilities=, from=com.android.server.wm.DisplayPolicy.focusChangedLw:3251 com.android.server.wm.DisplayContent.updateFocusedWindowLocked:4632 com.android.server.wm.RootWindowContainer.updateFocusedWindowLocked:595 
2025-11-27 04:19:09.879 22947-22947 NavigationBar           com.android.systemui                 D  onSystemBarAttributesChanged() -  displayId:0, appearance:16, packageName: com.yourname.smartrecorder (APPEARANCE_LIGHT_NAVIGATION_BARS ), navbarColorManagedByIme:false
2025-11-27 04:19:09.880  7901-7901  ViewRootIm...nActivity] com.yourname.smartrecorder           I  updateBlastSurfaceIfNeeded mBlastBufferQueue=null isSameSurfaceControl=false
2025-11-27 04:19:09.880  7901-7901  BLASTBufferQueue        com.yourname.smartrecorder           I  new BLASTBufferQueue, mName= ViewRootImpl@bf7eeb[MainActivity] mNativeObject= 0x71adc32770 sc.mNativeObject= 0x713dc6c310 caller= android.view.ViewRootImpl.updateBlastSurfaceIfNeeded:2909 android.view.ViewRootImpl.relayoutWindow:9847 android.view.ViewRootImpl.performTraversals:3884 android.view.ViewRootImpl.doTraversal:3116 android.view.ViewRootImpl$TraversalRunnable.run:10885 android.view.Choreographer$CallbackRecord.run:1301 android.view.Choreographer$CallbackRecord.run:1309 android.view.Choreographer.doCallbacks:923 android.view.Choreographer.doFrame:852 android.view.Choreographer$FrameDisplayEventReceiver.run:1283 
2025-11-27 04:19:09.880  7901-7901  BLASTBufferQueue        com.yourname.smartrecorder           I  update, w= 1440 h= 3088 mName = ViewRootImpl@bf7eeb[MainActivity] mNativeObject= 0x71adc32770 sc.mNativeObject= 0x713dc6c310 format= -1 caller= android.graphics.BLASTBufferQueue.<init>:84 android.view.ViewRootImpl.updateBlastSurfaceIfNeeded:2909 android.view.ViewRootImpl.relayoutWindow:9847 android.view.ViewRootImpl.performTraversals:3884 android.view.ViewRootImpl.doTraversal:3116 android.view.ViewRootImpl$TraversalRunnable.run:10885 
2025-11-27 04:19:09.880  7901-7901  ViewRootIm...nActivity] com.yourname.smartrecorder           I  Relayout returned: old=(0,0,1440,3088) new=(0,0,1440,3088) req=(1440,3088)0 dur=6 res=0x3 s={true 0x723dca2410} ch=true seqId=0
2025-11-27 04:19:09.881  7901-7901  ViewRootIm...nActivity] com.yourname.smartrecorder           I  mThreadedRenderer.initialize() mSurface={isValid=true 0x723dca2410} hwInitialized=true
2025-11-27 04:19:09.881  7901-7947  OpenGLRenderer          com.yourname.smartrecorder           D  eglCreateWindowSurface
2025-11-27 04:19:09.881  7901-7901  ViewRootIm...nActivity] com.yourname.smartrecorder           I  reportNextDraw android.view.ViewRootImpl.performTraversals:4438 android.view.ViewRootImpl.doTraversal:3116 android.view.ViewRootImpl$TraversalRunnable.run:10885 android.view.Choreographer$CallbackRecord.run:1301 android.view.Choreographer$CallbackRecord.run:1309 
2025-11-27 04:19:09.881  7901-7901  ViewRootIm...nActivity] com.yourname.smartrecorder           I  Setup new sync id=2
2025-11-27 04:19:09.881  7901-7901  ViewRootIm...nActivity] com.yourname.smartrecorder           I  Setting syncFrameCallback
2025-11-27 04:19:09.881  7901-7901  ViewRootIm...nActivity] com.yourname.smartrecorder           I  registerCallbacksForSync syncBuffer=false
2025-11-27 04:19:09.882  7901-7946  SmartRecorder/Import    com.yourname.smartrecorder           D  File copied successfully -> bytes: 902596, duration: 35 ms
2025-11-27 04:19:09.883  7901-7946  SmartRecorder/Import    com.yourname.smartrecorder           D  File saved -> size: 902596 bytes, path: /data/user/0/com.yourname.smartrecorder/files/recordings/imported_b10c3b84-42bb-4c43-bfe5-b08ba638867f.m4a
2025-11-27 04:19:09.883  7901-7946  MediaMetadataRetriever  com.yourname.smartrecorder           V  constructor
2025-11-27 04:19:09.890  7901-7946  MediaMetadataRetriever  com.yourname.smartrecorder           V  setDataSource(91, 0, 576460752303423487)
2025-11-27 04:19:09.899  7901-7962  ViewRootIm...nActivity] com.yourname.smartrecorder           I  Received frameDrawingCallback syncResult=0 frameNum=1.
2025-11-27 04:19:09.899  7901-7962  ViewRootIm...nActivity] com.yourname.smartrecorder           I  Setting up sync and frameCommitCallback
2025-11-27 04:19:09.901  7901-7946  MediaMetadataRetriever  com.yourname.smartrecorder           V  setDataSource(fd) return(0)
2025-11-27 04:19:09.901  7901-7946  MediaMetadataRetriever  com.yourname.smartrecorder           V  extractMetadata(9)
2025-11-27 04:19:09.902  7901-7946  MediaMetadataRetriever  com.yourname.smartrecorder           V  destructor
2025-11-27 04:19:09.902  7901-7946  MediaMetadataRetriever  com.yourname.smartrecorder           V  disconnect
2025-11-27 04:19:09.902  7901-7946  SmartRecorder/Import    com.yourname.smartrecorder           D  Audio duration extracted -> 53380 ms
2025-11-27 04:19:09.902  7901-7946  SmartRecorder/Import    com.yourname.smartrecorder           D  Saving recording to database -> id: b10c3b84-42bb-4c43-bfe5-b08ba638867f, title: Thoại 016
2025-11-27 04:19:09.902  7901-7946  SmartRecor...Repository com.yourname.smartrecorder           D  [BG] [DB: recordings] INSERT -> id=b10c3b84-42bb-4c43-bfe5-b08ba638867f, title=Thoại 016, duration=53380ms
2025-11-27 04:19:09.903  7901-7947  BLASTBufferQueue        com.yourname.smartrecorder           I  [ViewRootImpl@bf7eeb[MainActivity]#2](f:0,a:0) onFrameAvailable the first frame is available
2025-11-27 04:19:09.903  7901-7947  ViewRootIm...nActivity] com.yourname.smartrecorder           I  Received frameCommittedCallback lastAttemptedDrawFrameNum=1 didProduceBuffer=true
2025-11-27 04:19:09.904  7901-7901  ViewRootIm...nActivity] com.yourname.smartrecorder           I  onSyncComplete
2025-11-27 04:19:09.904  7901-7901  ViewRootIm...nActivity] com.yourname.smartrecorder           I  setupSync seqId=0 mSyncId=2 fn=1 caller=android.view.ViewRootImpl$$ExternalSyntheticLambda11.accept:6 android.window.SurfaceSyncer.lambda$setupSync$1$android-window-SurfaceSyncer:128 android.window.SurfaceSyncer$$ExternalSyntheticLambda1.accept:8 android.window.SurfaceSyncer$SyncSet.checkIfSyncIsComplete:382 android.window.SurfaceSyncer$SyncSet.markSyncReady:359 android.window.SurfaceSyncer.markSyncReady:151 android.view.ViewRootImpl.performTraversals:4503 
2025-11-27 04:19:09.904  7901-7901  ViewRootIm...nActivity] com.yourname.smartrecorder           I  reportDrawFinished seqId=0 mSyncId=-1 fn=1 mSurfaceChangedTransaction=0x716dc3a510
2025-11-27 04:19:09.904  1198-1219  WindowManager           system_server                        D  finishDrawingWindow: Window{704b19d u0 com.yourname.smartrecorder/com.yourname.smartrecorder.MainActivity} mDrawState=DRAW_PENDING seqId=0
2025-11-27 04:19:09.906   858-858   SurfaceFlinger          surfaceflinger                       I  [704b19d com.yourname.smartrecorder/com.yourname.smartrecorder.MainActivity#25426] FrameRatePriority: 1
2025-11-27 04:19:09.908   858-979   SurfaceFlinger          surfaceflinger                       D  [input] setFocusedWindow: 704b19d com.yourname.smartrecorder/com.yourname.smartrecorder.MainActivity
2025-11-27 04:19:09.908  1198-3312  InputDispatcher         system_server                        D  Focus request (0): 704b19d com.yourname.smartrecorder/com.yourname.smartrecorder.MainActivity but waiting because NOT_VISIBLE
2025-11-27 04:19:09.910  1198-1288  WindowManager           system_server                        I  Reparenting to leash, surface=Surface(name=ActivityRecord{8ee2f19 u0 com.yourname.smartrecorder/.MainActivity} t22494})/@0xad646a4, leashParent=Surface(name=Task=22494)/@0xa79d5ee
2025-11-27 04:19:09.910   858-886   SurfaceFlinger          surfaceflinger                       I  id=25632 createSurf flag=24004, Surface(name=ActivityRecord{8ee2f19 u0 com.yourname.smartrecorder/.MainActivity} t22494})/@0xad646a4 - animation-leash of app_transition#25632
2025-11-27 04:19:09.910  1198-1288  WindowManager           system_server                        D  makeSurface duration=0 leash=Surface(name=Surface(name=ActivityRecord{8ee2f19 u0 com.yourname.smartrecorder/.MainActivity} t22494})/@0xad646a4 - animation-leash of app_transition)/@0x5bf3190
2025-11-27 04:19:09.910   858-1168  SurfaceFlinger          surfaceflinger                       I  id=25633 createSurf flag=80004, Surface(name=ActivityRecord{8ee2f19 u0 com.yourname.smartrecorder/.MainActivity} t22494})/@0xad646a4 - animation-bounds#25633
2025-11-27 04:19:09.910  1198-1288  ActivityTaskManager     system_server                        D  mStartingWindow and mStartingData is null for token=ActivityRecord{8ee2f19 u0 com.yourname.smartrecorder/.MainActivity} t22494}
2025-11-27 04:19:09.910  1198-1288  WindowManager           system_server                        V  performShowLocked: mDrawState=HAS_DRAWN in Window{704b19d u0 com.yourname.smartrecorder/com.yourname.smartrecorder.MainActivity}
2025-11-27 04:19:09.912  1198-1288  WindowManager           system_server                        D  updateSystemBarAttributes: displayId=0, win=Window{704b19d u0 com.yourname.smartrecorder/com.yourname.smartrecorder.MainActivity}, navColorWin=Window{704b19d u0 com.yourname.smartrecorder/com.yourname.smartrecorder.MainActivity}, focusedCanBeNavColorWin=false, behavior=1, appearance=16, statusBarAppearanceRegions=[AppearanceRegion{ bounds=[0,0][1440,3088]}], requestedVisibilities=, from=com.android.server.wm.DisplayPolicy.finishPostLayoutPolicyLw:2531 com.android.server.wm.DisplayContent.applySurfaceChangesTransaction:5713 com.android.server.wm.RootWindowContainer.applySurfaceChangesTransaction:1234 
2025-11-27 04:19:09.913 22947-22947 SamsungLig...trolHelper com.android.systemui                 D  onStatusBarAppearanceChanged() -  sbModeChanged:false, statusBarMode:MODE_TRANSPARENT, barState:SHADE, isKeyguardShowing:false, navbarColorManagedByIme:false, stackAppearancesChanged:true, (AppearanceRegion{ bounds=[0,0][1440,3088]}, ), packageName:com.yourname.smartrecorder
2025-11-27 04:19:09.914  1198-1288  ActivityTaskManager     system_server                        D  mStartingWindow and mStartingData is null for token=ActivityRecord{8ee2f19 u0 com.yourname.smartrecorder/.MainActivity} t22494}
2025-11-27 04:19:09.915 22947-22947 SamsungLig...trolHelper com.android.systemui                 D  updateStatus(WHITE icon) NumStacks:1, StatusBarMode:MODE_TRANSPARENT, lightBarBounds:[], StatusBarState:SHADE, packageName:com.yourname.smartrecorder, isWhiteKeyguardStatusBarBySettings:true
2025-11-27 04:19:09.922   858-858   Layer                   surfaceflinger                       I  Layer [com.yourname.smartrecorder/com.yourname.smartrecorder.MainActivity$_7901#25627] hidden!! flag(0)
2025-11-27 04:19:09.949  7901-7946  SmartRecor...Repository com.yourname.smartrecorder           D  [BG] [DB: recordings] INSERT_COMPLETE -> id=b10c3b84-42bb-4c43-bfe5-b08ba638867f, duration=47ms
2025-11-27 04:19:09.949  7901-7946  SmartRecorder/Import    com.yourname.smartrecorder           I  [MAIN] [UseCase: ImportAudioFileUseCase] Completed (recordingId=b10c3b84-42bb-4c43-bfe5-b08ba638867f, duration=105ms)
2025-11-27 04:19:09.949  7901-7946  SmartRecorder/Import    com.yourname.smartrecorder           I  [Performance] ImportAudioFileUseCase took 105ms (fileSize=902596bytes)
2025-11-27 04:19:09.950  7901-7901  SmartRecorder/Import    com.yourname.smartrecorder           I  [MAIN] [ViewModel: ImportAudioViewModel] Import completed -> State: recordingId=b10c3b84-42bb-4c43-bfe5-b08ba638867f, title=Thoại 016
2025-11-27 04:19:09.950  7901-7901  SmartRecorder/Import    com.yourname.smartrecorder           D  Starting automatic transcription -> recordingId: b10c3b84-42bb-4c43-bfe5-b08ba638867f
2025-11-27 04:19:09.951  7901-7946  SmartRecorder/UseCase   com.yourname.smartrecorder           I  [MAIN] [UseCase: GenerateTranscriptUseCase] Starting (recordingId=b10c3b84-42bb-4c43-bfe5-b08ba638867f, filePath=/data/user/0/com.yourname.smartrecorder/files/recordings/imported_b10c3b84-42bb-4c43-bfe5-b08ba638867f.m4a)
2025-11-27 04:19:09.951  7901-7946  SmartRecor...Transcript com.yourname.smartrecorder           D  Audio file info -> size: 902596 bytes, duration: 53380 ms
2025-11-27 04:19:09.952  7901-7946  SmartRecorder/Import    com.yourname.smartrecorder           D  [ImportAudioViewModel] Transcription progress: 0%%
2025-11-27 04:19:09.952  7901-7946  SmartRecor...Transcript com.yourname.smartrecorder           D  [GenerateTranscriptUseCase] Transcription progress: 0%%
2025-11-27 04:19:09.953  7901-7946  WhisperJNI              com.yourname.smartrecorder           I  Loading model from: /data/user/0/com.yourname.smartrecorder/files/whisper-models/ggml-tiny.en.bin
2025-11-27 04:19:09.957  1198-3312  InputDispatcher         system_server                        D  Focus entered window (0): 704b19d com.yourname.smartrecorder/com.yourname.smartrecorder.MainActivity
2025-11-27 04:19:09.982  7901-7901  ViewRootIm...nActivity] com.yourname.smartrecorder           I  MSG_WINDOW_FOCUS_CHANGED 1 0
2025-11-27 04:19:09.982  7901-7901  ViewRootIm...nActivity] com.yourname.smartrecorder           I  mThreadedRenderer.initializeIfNeeded()#2 mSurface={isValid=true 0x723dca2410}
2025-11-27 04:19:09.982  7901-7901  InputMethodManager      com.yourname.smartrecorder           D  startInputInner - Id : 0
2025-11-27 04:19:09.982  7901-7901  InputMethodManager      com.yourname.smartrecorder           I  startInputInner - mService.startInputOrWindowGainedFocus
2025-11-27 04:19:10.002  1198-2005  MdnieScena...rolService system_server                        D   packageName : com.yourname.smartrecorder    className : com.yourname.smartrecorder.MainActivity
2025-11-27 04:19:10.081   858-858   SurfaceFlinger          surfaceflinger                       D  Display 4633128672291735937 HWC layers:
                                                                                                         CLIENT | 0x70f52e71b0 | 0102 | RGBA_8888    |    0.0    0.0    0.0    0.0 |    0 3066 1440 3088 | bbq-wrapper#25639
                                                                                                         DEVICE | 0x70f52dde50 | 0102 | RGBA_8888    |    0.0   22.0 1440.0 3088.0 |    0    0 1440 3066 | com.yourname.smartrecorder/com.yourn[...]artrecorder.MainActivity$_7901#25627
                                                                                                         DEVICE | 0x70f52dc6b0 | 0100 | RGBA_8888    |    0.0    0.0 1440.0   90.0 |    0    0 1440   90 | StatusBar$_22947#4630
                                                                                                         DEVICE | 0x70f52d52d0 | 0100 | RGBA_8888    |    0.0    0.0   67.0  708.0 | 1373  391 1440 1099 | com.samsung.android.app.cocktailbars[...]rvice.CocktailBarService$_4533#25417
                                                                                                         DEVICE | 0x70f52de870 | 0100 | RGBA_8888    |    0.0    0.0 1440.0  168.0 |    0 2920 1440 3088 | NavigationBar0$_22947#4625
2025-11-27 04:19:10.223  1198-1288  WindowManager           system_server                        I  Reparenting to original parent: Surface(name=Task=22494)/@0xa79d5ee, destroy=true, surface=Surface(name=ActivityRecord{8ee2f19 u0 com.yourname.smartrecorder/.MainActivity} t22494})/@0xad646a4
2025-11-27 04:19:10.225   858-858   SurfaceFlinger          surfaceflinger                       D  Display 4633128672291735937 HWC layers:
                                                                                                         DEVICE | 0x70f52dde50 | 0102 | RGBA_8888    |    0.0    0.0 1440.0 3088.0 |    0    0 1440 3088 | com.yourname.smartrecorder/com.yourn[...]artrecorder.MainActivity$_7901#25627
                                                                                                         DEVICE | 0x70f52dc6b0 | 0100 | RGBA_8888    |    0.0    0.0 1440.0   90.0 |    0    0 1440   90 | StatusBar$_22947#4630
                                                                                                         DEVICE | 0x70f52d52d0 | 0100 | RGBA_8888    |    0.0    0.0   67.0  708.0 | 1373  391 1440 1099 | com.samsung.android.app.cocktailbars[...]rvice.CocktailBarService$_4533#25417
                                                                                                         DEVICE | 0x70f52de870 | 0100 | RGBA_8888    |    0.0    0.0 1440.0  168.0 |    0 2920 1440 3088 | NavigationBar0$_22947#4625
2025-11-27 04:19:10.240   858-858   Layer                   surfaceflinger                       I  id=25632 removeFromCurrentState Surface(name=ActivityRecord{8ee2f19 u0 com.yourname.smartrecorder/.MainActivity} t22494})/@0xad646a4 - animation-leash of app_transition#25632 (122)
2025-11-27 04:19:10.240   858-858   Layer                   surfaceflinger                       I  id=25633 removeFromCurrentState Surface(name=ActivityRecord{8ee2f19 u0 com.yourname.smartrecorder/.MainActivity} t22494})/@0xad646a4 - animation-bounds#25633 (122)
2025-11-27 04:19:10.240   858-858   SurfaceFlinger          surfaceflinger                       I  id=25633 Removed Surface(name=ActivityRecord{8ee2f19 u0 com.yourname.smartrecorder/.MainActivity} t22494})/@0xad646a4 - animation-bounds#25633 (122)
2025-11-27 04:19:10.240   858-858   SurfaceFlinger          surfaceflinger                       I  id=25632 Removed Surface(name=ActivityRecord{8ee2f19 u0 com.yourname.smartrecorder/.MainActivity} t22494})/@0xad646a4 - animation-leash of app_transition#25632 (122)
2025-11-27 04:19:10.241   858-858   Layer                   surfaceflinger                       I  id=25633 Destroyed Surface(name=ActivityRecord{8ee2f19 u0 com.yourname.smartrecorder/.MainActivity} t22494})/@0xad646a4 - animation-bounds#25633
2025-11-27 04:19:10.241   858-858   Layer                   surfaceflinger                       I  id=25632 Destroyed Surface(name=ActivityRecord{8ee2f19 u0 com.yourname.smartrecorder/.MainActivity} t22494})/@0xad646a4 - animation-leash of app_transition#25632
2025-11-27 04:19:10.361  1198-2005  MdnieScena...rolService system_server                        D   packageName : com.yourname.smartrecorder    className : com.yourname.smartrecorder.MainActivity
2025-11-27 04:19:10.457  7901-7946  WhisperJNI              com.yourname.smartrecorder           I  Model loaded successfully
2025-11-27 04:19:10.457  7901-7946  SmartRecor...Transcript com.yourname.smartrecorder           D  Model loaded successfully
2025-11-27 04:19:10.458  7901-7946  NuMediaExtractor        com.yourname.smartrecorder           V  NuMediaExtractor constructor
2025-11-27 04:19:10.465  7901-7946  NuMediaExtractor        com.yourname.smartrecorder           V  selectTrack, track[0]: audio/mp4a-latm
2025-11-27 04:19:10.466  7901-7946  MediaCodecList          com.yourname.smartrecorder           D  codecHandlesFormat: no format, so no extra checks
2025-11-27 04:19:10.467  7901-10059 CCodec                  com.yourname.smartrecorder           I  state->set(ALLOCATING)
2025-11-27 04:19:10.467  7901-10059 CCodec                  com.yourname.smartrecorder           I  allocate(c2.android.aac.decoder)
2025-11-27 04:19:10.469  7901-10059 Codec2Client            com.yourname.smartrecorder           I  Available Codec2 services: "default" "software"
2025-11-27 04:19:10.470  7901-10059 CCodec                  com.yourname.smartrecorder           I  setting up 'default' as default (vendor) store
2025-11-27 04:19:10.476  7901-10059 CCodec                  com.yourname.smartrecorder           I  Created component [c2.android.aac.decoder]
2025-11-27 04:19:10.476  7901-10059 CCodec                  com.yourname.smartrecorder           I  [c2.android.aac.decoder] state->set(ALLOCATED)
2025-11-27 04:19:10.476  7901-10059 CCodecConfig            com.yourname.smartrecorder           D  read media type: audio/mp4a-latm
2025-11-27 04:19:10.478  7901-10059 ReflectedParamUpdater   com.yourname.smartrecorder           D  extent() != 1 for single value type: algo.buffers.max-count.values
2025-11-27 04:19:10.478  7901-10059 ReflectedParamUpdater   com.yourname.smartrecorder           D  extent() != 1 for single value type: output.subscribed-indices.values
2025-11-27 04:19:10.478  7901-10059 ReflectedParamUpdater   com.yourname.smartrecorder           D  extent() != 1 for single value type: input.buffers.allocator-ids.values
2025-11-27 04:19:10.478  7901-10059 ReflectedParamUpdater   com.yourname.smartrecorder           D  extent() != 1 for single value type: output.buffers.allocator-ids.values
2025-11-27 04:19:10.478  7901-10059 ReflectedParamUpdater   com.yourname.smartrecorder           D  extent() != 1 for single value type: algo.buffers.allocator-ids.values
2025-11-27 04:19:10.478  7901-10059 ReflectedParamUpdater   com.yourname.smartrecorder           D  extent() != 1 for single value type: output.buffers.pool-ids.values
2025-11-27 04:19:10.478  7901-10059 ReflectedParamUpdater   com.yourname.smartrecorder           D  extent() != 1 for single value type: algo.buffers.pool-ids.values
2025-11-27 04:19:10.480  7901-10059 CCodecConfig            com.yourname.smartrecorder           I  query failed after returning 20 values (BAD_INDEX)
2025-11-27 04:19:10.480  7901-10059 CCodecConfig            com.yourname.smartrecorder           D  c2 config diff is Dict {
                                                                                                      c2::u32 coded.aac-packaging.value = 0
                                                                                                      c2::u32 coded.bitrate.value = 64000
                                                                                                      c2::u32 coded.pl.level = 0
                                                                                                      c2::u32 coded.pl.profile = 8192
                                                                                                      c2::i32 coding.drc.album-mode.value = 0
                                                                                                      c2::float coding.drc.attenuation-factor.value = 1
                                                                                                      c2::float coding.drc.boost-factor.value = 1
                                                                                                      c2::i32 coding.drc.compression-mode.value = 3
                                                                                                      c2::i32 coding.drc.effect-type.value = 3
                                                                                                      c2::float coding.drc.encoded-level.value = 0.25
                                                                                                      c2::float coding.drc.reference-level.value = -16
                                                                                                      c2::u32 input.buffers.max-size.value = 8192
                                                                                                      c2::u32 input.delay.value = 0
                                                                                                      string input.media-type.value = "audio/mp4a-latm"
                                                                                                      c2::u32 output.delay.value = 2
                                                                                                      c2::float output.drc.output-loudness.value = 0.25
                                                                                                      string output.media-type.value = "audio/raw"
                                                                                                      c2::u32 raw.channel-count.value = 1
                                                                                                      c2::u32 raw.channel-mask.value = 0
                                                                                                      c2::u32 raw.max-channel-count.value = 8
                                                                                                      c2::u32 raw.sample-rate.value = 44100
                                                                                                    }
2025-11-27 04:19:10.481  7901-10059 MediaCodec              com.yourname.smartrecorder           D  flushMediametrics
2025-11-27 04:19:10.483  7901-10059 CCodec                  com.yourname.smartrecorder           D  [c2.android.aac.decoder] buffers are bound to CCodec for this session
2025-11-27 04:19:10.483  7901-10059 CCodec                  com.yourname.smartrecorder           I  appPid(7901) width(0) height(0)
2025-11-27 04:19:10.483  7901-10059 CCodecConfig            com.yourname.smartrecorder           D  no c2 equivalents for isDMCMMExtractor
2025-11-27 04:19:10.483  7901-10059 CCodecConfig            com.yourname.smartrecorder           D  no c2 equivalents for track-id
2025-11-27 04:19:10.483  7901-10059 CCodecConfig            com.yourname.smartrecorder           D  no c2 equivalents for language
2025-11-27 04:19:10.483  7901-10059 CCodecConfig            com.yourname.smartrecorder           D  no c2 equivalents for track-fourcc
2025-11-27 04:19:10.483  7901-10059 CCodecConfig            com.yourname.smartrecorder           D  no c2 equivalents for durationUs
2025-11-27 04:19:10.483  7901-10059 CCodecConfig            com.yourname.smartrecorder           D  no c2 equivalents for bits-per-sample
2025-11-27 04:19:10.483  7901-10059 CCodecConfig            com.yourname.smartrecorder           D  no c2 equivalents for flags
2025-11-27 04:19:10.483  7901-10059 CCodecConfig            com.yourname.smartrecorder           D  c2 config diff is   c2::u32 coded.bitrate.value = 128000
2025-11-27 04:19:10.484  7901-10059 Codec2Client            com.yourname.smartrecorder           W  query -- param skipped: index = 1107298332.
2025-11-27 04:19:10.484  7901-10059 CCodec                  com.yourname.smartrecorder           D  encoding statistics level = 0
2025-11-27 04:19:10.484  7901-10059 CCodec                  com.yourname.smartrecorder           D  setup formats input: AMessage(what = 0x00000000) = {
                                                                                                      int32_t aac-drc-album-mode = 0
                                                                                                      int32_t aac-drc-boost-level = 127
                                                                                                      int32_t aac-drc-cut-level = 127
                                                                                                      int32_t aac-drc-effect-type = 3
                                                                                                      int32_t aac-encoded-target-level = -1
                                                                                                      int32_t aac-max-output-channel_count = 8
                                                                                                      int32_t aac-target-ref-level = 64
                                                                                                      int32_t bitrate = 128000
                                                                                                      int32_t channel-count = 1
                                                                                                      int32_t channel-mask = 0
                                                                                                      int32_t level = 0
                                                                                                      int32_t max-input-size = 524308
                                                                                                      int32_t max-output-channel-count = 8
                                                                                                      string mime = "audio/mp4a-latm"
                                                                                                      int32_t profile = 2
                                                                                                      int32_t sample-rate = 44100
                                                                                                      int64_t durationUs = 53380476
                                                                                                    }
2025-11-27 04:19:10.484  7901-10059 CCodec                  com.yourname.smartrecorder           D  setup formats output: AMessage(what = 0x00000000) = {
                                                                                                      int32_t aac-drc-album-mode = 0
                                                                                                      int32_t aac-drc-boost-level = 127
                                                                                                      int32_t aac-drc-cut-level = 127
                                                                                                      int32_t aac-drc-effect-type = 3
                                                                                                      int32_t aac-drc-output-loudness = -1
                                                                                                      int32_t aac-encoded-target-level = -1
                                                                                                      int32_t aac-max-output-channel_count = 8
                                                                                                      int32_t aac-target-ref-level = 64
                                                                                                      int32_t channel-count = 1
                                                                                                      int32_t channel-mask = 0
                                                                                                      int32_t max-output-channel-count = 8
                                                                                                      string mime = "audio/raw"
                                                                                                      int32_t sample-rate = 44100
                                                                                                      int32_t android._config-pcm-encoding = 2
                                                                                                    }
2025-11-27 04:19:10.484  7901-10059 CCodecConfig            com.yourname.smartrecorder           I  query failed after returning 20 values (BAD_INDEX)
2025-11-27 04:19:10.485  7901-10059 CCodec                  com.yourname.smartrecorder           I  [c2.android.aac.decoder] state->set(STARTING)
2025-11-27 04:19:10.487  1198-1287  SGM:GameManager         system_server                        D  identifyForegroundApp. com.yourname.smartrecorder, mCurrentUserId: 0, callerUserId: 0
2025-11-27 04:19:10.487  1198-1287  SGM:PkgDataHelper       system_server                        D  getGamePkgData(). com.yourname.smartrecorder
2025-11-27 04:19:10.487  7901-10059 Codec2Client            com.yourname.smartrecorder           W  query -- param skipped: index = 1342179345.
2025-11-27 04:19:10.487  7901-10059 Codec2Client            com.yourname.smartrecorder           W  query -- param skipped: index = 2415921170.
2025-11-27 04:19:10.487  7901-10059 Codec2Client            com.yourname.smartrecorder           W  query -- param skipped: index = 1610614798.
2025-11-27 04:19:10.487  7901-10059 C2Store                 com.yourname.smartrecorder           D  Using ION
2025-11-27 04:19:10.488  7901-10059 CCodecBufferChannel     com.yourname.smartrecorder           D  [c2.android.aac.decoder#149] Created input block pool with allocatorID 16 => poolID 17 - OK (0)
2025-11-27 04:19:10.489  7901-10059 CCodecBufferChannel     com.yourname.smartrecorder           I  [c2.android.aac.decoder#149] Created output block pool with allocatorID 16 => poolID 2426 - OK
2025-11-27 04:19:10.489  7901-10059 CCodecBufferChannel     com.yourname.smartrecorder           D  [c2.android.aac.decoder#149] Configured output block pool ids 2426 => OK
2025-11-27 04:19:10.489  7901-10059 CCodec                  com.yourname.smartrecorder           I  [c2.android.aac.decoder] state->set(RUNNING)
2025-11-27 04:19:10.490  7901-10059 CCodecBufferChannel     com.yourname.smartrecorder           I  [c2.android.aac.decoder#149] 4 initial input buffers available
2025-11-27 04:19:10.520  7901-10059 CCodecConfig            com.yourname.smartrecorder           D  c2 config diff is   c2::u32 raw.channel-mask.value = 4
2025-11-27 04:19:10.520  7901-10059 CCodecBuffers           com.yourname.smartrecorder           D  [c2.android.aac.decoder#149:Output[N]] popFromStashAndRegister: at 0us, output format changed to AMessage(what = 0x00000000) = {
                                                                                                      int32_t aac-drc-album-mode = 0
                                                                                                      int32_t aac-drc-boost-level = 127
                                                                                                      int32_t aac-drc-cut-level = 127
                                                                                                      int32_t aac-drc-effect-type = 3
                                                                                                      int32_t aac-drc-output-loudness = -1
                                                                                                      int32_t aac-encoded-target-level = -1
                                                                                                      int32_t aac-max-output-channel_count = 8
                                                                                                      int32_t aac-target-ref-level = 64
                                                                                                      int32_t channel-count = 1
                                                                                                      int32_t channel-mask = 4
                                                                                                      int32_t max-output-channel-count = 8
                                                                                                      string mime = "audio/raw"
                                                                                                      int32_t sample-rate = 44100
                                                                                                      int32_t android._config-pcm-encoding = 2
                                                                                                    }
2025-11-27 04:19:10.711  7901-7946  SmartRecorder/Import    com.yourname.smartrecorder           D  [ImportAudioViewModel] Transcription progress: 20%%
2025-11-27 04:19:10.711  7901-7946  SmartRecor...Transcript com.yourname.smartrecorder           D  [GenerateTranscriptUseCase] Transcription progress: 20%%
2025-11-27 04:19:11.069  4879-4879  Routine@Co...overHelper com.samsung.android.app.routines     I  setLastResumedPackageForCover mLastResumedPackage = com.yourname.smartrecorder
2025-11-27 04:19:11.070  4879-4879  Routine@Co...cleWatcher com.samsung.android.app.routines     I  notifyLifecycleChanged mCurResumedComponent=com.yourname.smartrecorder
2025-11-27 04:19:12.641  7901-10059 CCodec                  com.yourname.smartrecorder           I  [c2.android.aac.decoder] state->set(STOPPING)
2025-11-27 04:19:12.641  7901-10059 CCodecBufferChannel     com.yourname.smartrecorder           D  [c2.android.aac.decoder#149] MediaCodec discarded an unknown buffer
2025-11-27 04:19:12.641  7901-10059 CCodecBufferChannel     com.yourname.smartrecorder           D  [c2.android.aac.decoder#149] MediaCodec discarded an unknown buffer
2025-11-27 04:19:12.641  7901-10059 CCodec                  com.yourname.smartrecorder           I  [c2.android.aac.decoder] state->set(ALLOCATED)
2025-11-27 04:19:12.642  7901-10059 CCodec                  com.yourname.smartrecorder           I  [c2.android.aac.decoder] state->set(RELEASING)
2025-11-27 04:19:12.642  7901-10068 CCodec                  com.yourname.smartrecorder           I  [c2.android.aac.decoder] release(1)
2025-11-27 04:19:12.643  7901-10068 CCodec                  com.yourname.smartrecorder           I  [c2.android.aac.decoder] state->set(RELEASED)
2025-11-27 04:19:12.643  7901-10059 hw-BpHwBinder           com.yourname.smartrecorder           I  onLastStrongRef automatically unlinking death recipients
2025-11-27 04:19:12.650  7901-10059 MediaCodec              com.yourname.smartrecorder           I  Codec shutdown complete
2025-11-27 04:19:12.650  7901-10059 MediaCodec              com.yourname.smartrecorder           D  flushMediametrics
2025-11-27 04:19:12.650  7901-10059 MediaCodec              com.yourname.smartrecorder           D  flushMediametrics
2025-11-27 04:19:12.721  7901-7946  NuMediaExtractor        com.yourname.smartrecorder           V  NuMediaExtractor destructor
2025-11-27 04:19:12.870  7901-7946  SmartRecorder/Import    com.yourname.smartrecorder           D  [ImportAudioViewModel] Transcription progress: 60%%
2025-11-27 04:19:12.870  7901-7946  SmartRecor...Transcript com.yourname.smartrecorder           D  [GenerateTranscriptUseCase] Transcription progress: 60%%
2025-11-27 04:19:15.877  1198-7983  SGM:GameManager         system_server                        D  identifyGamePackage. com.yourname.smartrecorder, mCurrentUserId: 0, callerUserId: 0, callingMethodInfo: com.android.server.ssrm.SortingMachine.isGame(SortingMachine.java:162)
2025-11-27 04:19:15.877  1198-7983  SGM:PkgDataHelper       system_server                        D  getGamePkgData(). com.yourname.smartrecorder
2025-11-27 04:19:17.289  1198-7983  SGM:GameManager         system_server                        D  identifyGamePackage. com.yourname.smartrecorder, mCurrentUserId: 0, callerUserId: 0, callingMethodInfo: com.android.server.ssrm.SortingMachine.isGame(SortingMachine.java:162)
2025-11-27 04:19:17.289  1198-7983  SGM:PkgDataHelper       system_server                        D  getGamePkgData(). com.yourname.smartrecorder
2025-11-27 04:19:18.490  7901-10062 BufferPoolAccessor2.0   com.yourname.smartrecorder           D  bufferpool2 0x719dc8e228 : 0(0 size) total buffers - 0(0 size) used buffers - 1/6 (recycle/alloc) - 5/2301 (fetch/transfer)
2025-11-27 04:19:18.490  7901-10062 BufferPoolAccessor2.0   com.yourname.smartrecorder           D  evictor expired: 1, evicted: 1
2025-11-27 04:19:19.044  1198-3312  SGM:GameManager         system_server                        D  identifyForegroundApp. com.yourname.smartrecorder, mCurrentUserId: 0, callerUserId: 0
2025-11-27 04:19:19.044  1198-3312  SGM:PkgDataHelper       system_server                        D  getGamePkgData(). com.yourname.smartrecorder
2025-11-27 04:19:19.046  1198-3312  SGM:GameManager         system_server                        D  identifyForegroundApp. com.yourname.smartrecorder, mCurrentUserId: 0, callerUserId: 150
2025-11-27 04:19:19.046  1198-3312  SGM:PkgDataHelper       system_server                        D  getGamePkgData(). com.yourname.smartrecorder
2025-11-27 04:19:20.464  7901-7946  SmartRecorder/Import    com.yourname.smartrecorder           D  [ImportAudioViewModel] Transcription progress: 80%%
2025-11-27 04:19:20.464  7901-7946  SmartRecor...Transcript com.yourname.smartrecorder           D  [GenerateTranscriptUseCase] Transcription progress: 80%%
2025-11-27 04:19:20.477  7901-7946  SmartRecorder/Import    com.yourname.smartrecorder           D  [ImportAudioViewModel] Transcription progress: 100%%
2025-11-27 04:19:20.477  7901-7946  SmartRecor...Transcript com.yourname.smartrecorder           D  [GenerateTranscriptUseCase] Transcription progress: 100%%
2025-11-27 04:19:20.477  7901-7946  SmartRecor...Transcript com.yourname.smartrecorder           D  Transcription completed: 16 segments
2025-11-27 04:19:20.479  7901-7946  SmartRecor...Transcript com.yourname.smartrecorder           D  Generated 16 transcript segments with speaker detection
2025-11-27 04:19:20.479  7901-7946  SmartRecor...Transcript com.yourname.smartrecorder           D  Saving transcript segments to database
2025-11-27 04:19:20.479  7901-7946  SmartRecor...Repository com.yourname.smartrecorder           D  [BG] [DB: transcript_segments] INSERT -> recordingId=b10c3b84-42bb-4c43-bfe5-b08ba638867f, count=16
2025-11-27 04:19:20.486  7901-7946  SmartRecor...Repository com.yourname.smartrecorder           D  [BG] [DB: transcript_segments] INSERT_COMPLETE -> recordingId=b10c3b84-42bb-4c43-bfe5-b08ba638867f, count=16, duration=7ms
2025-11-27 04:19:20.486  7901-7946  SmartRecorder/UseCase   com.yourname.smartrecorder           I  [MAIN] [UseCase: GenerateTranscriptUseCase] Completed (recordingId=b10c3b84-42bb-4c43-bfe5-b08ba638867f, segments=16, duration=10535ms)
2025-11-27 04:19:20.486  7901-7946  SmartRecor...Transcript com.yourname.smartrecorder           I  [Performance] GenerateTranscriptUseCase took 10535ms (segments=16, fileSize=902596bytes)
2025-11-27 04:19:20.486  7901-7901  SmartRecorder/Import    com.yourname.smartrecorder           I  [MAIN] [ViewModel: ImportAudioViewModel] Transcription completed -> State: recordingId=b10c3b84-42bb-4c43-bfe5-b08ba638867f
2025-11-27 04:19:20.527  7901-7901  SmartRecorder/ViewModel com.yourname.smartrecorder           D  [SmartRecorderApp] Navigating to imported recording transcript -> recordingId: b10c3b84-42bb-4c43-bfe5-b08ba638867f
2025-11-27 04:19:20.530  7901-7901  SmartRecorder/Import    com.yourname.smartrecorder           D  Import handled - clearing navigation state
2025-11-27 04:19:20.543  7901-7901  OnBackInvokedCallback   com.yourname.smartrecorder           W  OnBackInvokedCallback is not enabled for the application.
                                                                                                    Set 'android:enableOnBackInvokedCallback="true"' in the application manifest.
2025-11-27 04:19:20.700  7901-7901  SmartRecorder/ViewModel com.yourname.smartrecorder           D  [TranscriptScreen] Screen loaded -> recordingId: b10c3b84-42bb-4c43-bfe5-b08ba638867f
2025-11-27 04:19:20.700  7901-7901  SmartRecor...Transcript com.yourname.smartrecorder           I  [MAIN] [ViewModel: TranscriptViewModel] loadRecording -> State: recordingId=b10c3b84-42bb-4c43-bfe5-b08ba638867f
2025-11-27 04:19:20.700  7901-7901  SmartRecor...Transcript com.yourname.smartrecorder           D  Loading recording details -> recordingId: b10c3b84-42bb-4c43-bfe5-b08ba638867f
2025-11-27 04:19:20.700  7901-7901  SmartRecorder/UseCase   com.yourname.smartrecorder           I  [MAIN] [UseCase: GetRecordingDetailUseCase] Starting (recordingId=b10c3b84-42bb-4c43-bfe5-b08ba638867f)
2025-11-27 04:19:20.700  7901-7901  SmartRecor...Repository com.yourname.smartrecorder           D  [BG] [DB: recordings] SELECT -> id=b10c3b84-42bb-4c43-bfe5-b08ba638867f
2025-11-27 04:19:20.701  7901-7901  SmartRecorder/ViewModel com.yourname.smartrecorder           D  [TranscriptScreen] User switched tab -> tab: TRANSCRIPT
2025-11-27 04:19:20.702  7901-7901  SmartRecorder/ViewModel com.yourname.smartrecorder           D  [TranscriptTabContent] State -> segmentsCount: 0, isGenerating: false, isLoading: false, searchQuery: 
2025-11-27 04:19:20.730  7901-7901  SmartRecor...Repository com.yourname.smartrecorder           D  [BG] [DB: recordings] SELECT_COMPLETE -> id=b10c3b84-42bb-4c43-bfe5-b08ba638867f, found=true
2025-11-27 04:19:20.730  7901-7901  SmartRecorder/UseCase   com.yourname.smartrecorder           I  [MAIN] [UseCase: GetRecordingDetailUseCase] Completed (recordingId=b10c3b84-42bb-4c43-bfe5-b08ba638867f, found=true, duration=30ms)
2025-11-27 04:19:20.730  7901-7901  SmartRecor...Transcript com.yourname.smartrecorder           D  Recording loaded -> id: b10c3b84-42bb-4c43-bfe5-b08ba638867f, title: Thoại 016, duration: 53380 ms, file: /data/user/0/com.yourname.smartrecorder/files/recordings/imported_b10c3b84-42bb-4c43-bfe5-b08ba638867f.m4a
2025-11-27 04:19:20.731  7901-7901  SmartRecorder/UseCase   com.yourname.smartrecorder           I  [MAIN] [UseCase: GetTranscriptUseCase] Invoked (recordingId=b10c3b84-42bb-4c43-bfe5-b08ba638867f)
2025-11-27 04:19:20.731  7901-7901  SmartRecor...Repository com.yourname.smartrecorder           D  [Flow: getTranscriptSegments] Subscribed -> recordingId=b10c3b84-42bb-4c43-bfe5-b08ba638867f
2025-11-27 04:19:20.732  7901-7901  SmartRecor...Repository com.yourname.smartrecorder           D  [Flow: getNotesByRecordingId] Subscribed -> recordingId=b10c3b84-42bb-4c43-bfe5-b08ba638867f
2025-11-27 04:19:20.732  7901-7901  SmartRecorder/UseCase   com.yourname.smartrecorder           I  [MAIN] [UseCase: GetBookmarksUseCase] Invoked (recordingId=b10c3b84-42bb-4c43-bfe5-b08ba638867f)
2025-11-27 04:19:20.732  7901-7901  SmartRecor...Repository com.yourname.smartrecorder           D  [Flow: getBookmarksByRecordingId] Subscribed -> recordingId=b10c3b84-42bb-4c43-bfe5-b08ba638867f
2025-11-27 04:19:20.734  7901-7901  SmartRecorder/ViewModel com.yourname.smartrecorder           D  [TranscriptTabContent] State -> segmentsCount: 0, isGenerating: false, isLoading: true, searchQuery: 
2025-11-27 04:19:20.758  7901-7901  SmartRecor...Repository com.yourname.smartrecorder           D  [Flow: getTranscriptSegments] Emitted -> recordingId=b10c3b84-42bb-4c43-bfe5-b08ba638867f, count=16
2025-11-27 04:19:20.758  7901-7901  SmartRecorder/UseCase   com.yourname.smartrecorder           I  [MAIN] [UseCase: GetTranscriptUseCase] Emitted (recordingId=b10c3b84-42bb-4c43-bfe5-b08ba638867f, count=16)
2025-11-27 04:19:20.759  7901-7901  SmartRecor...Transcript com.yourname.smartrecorder           D  Transcript segments received -> count: 16, recordingId: b10c3b84-42bb-4c43-bfe5-b08ba638867f
2025-11-27 04:19:20.759  7901-7901  SmartRecor...Transcript com.yourname.smartrecorder           D  Segments updated in UI -> count: 16
2025-11-27 04:19:20.759  7901-7946  SmartRecorder/UseCase   com.yourname.smartrecorder           I  [MAIN] [UseCase: GenerateSummaryUseCase] Starting (textLength=699)
