                                                                                                         DEVICE | 0x70f52ea210 | 0102 | RGBA_8888    |    0.0    0.0 1440.0 3088.0 |    0    0 1440 3088 | com.app.numerology/com.app.numerology.MainActivity$_8585#25517
                                                                                                         DEVICE | 0x70f52cd4d0 | 0100 | RGBA_8888    |    8.0    0.0 1448.0 1188.0 |    0 1741 1440 2929 | com.google.android.permissioncontrol[...]GrantPermissionsActivity$_5075#25556
                                                                                                         DEVICE | 0x70f52df830 | 0100 | RGBA_8888    |    0.0    0.0 1440.0   90.0 |    0    0 1440   90 | StatusBar$_22947#4630
                                                                                                         DEVICE | 0x70f52d52d0 | 0100 | RGBA_8888    |    0.0    0.0   67.0  708.0 | 1373  391 1440 1099 | com.samsung.android.app.cocktailbars[...]rvice.CocktailBarService$_4533#25417
                                                                                                         DEVICE | 0x70f52de870 | 0100 | RGBA_8888    |    0.0    0.0 1440.0  168.0 |    0 2920 1440 3088 | NavigationBar0$_22947#4625
2025-11-27 04:16:57.837  8585-8585  InputTransport          com.app.numerology                   D  Input channel destroyed: 'ClientS', fd=163
2025-11-27 04:16:57.862   858-858   SurfaceFlinger          surfaceflinger                       D  Display 4633128672291735937 HWC layers:
                                                                                                         DEVICE | 0x70f52edb70 | 0102 | RGBA_8888    |    0.0    0.0 1440.0 3088.0 |    0    0 1440 3088 | com.app.numerology/com.app.numerology.MainActivity$_8585#25517
                                                                                                     SOLID_COLOR |              | 0000 |  Unknown  |    0.0    0.0    0.0    0.0 |    0    0 1440 3088 | Dim Layer for - Task=22495#25560
                                                                                                         DEVICE | 0x70f52cd4d0 | 0100 | RGBA_8888    |    8.0    0.0 1448.0 1188.0 |    0 1741 1440 2929 | com.google.android.permissioncontrol[...]GrantPermissionsActivity$_5075#25556
                                                                                                         DEVICE | 0x70f52dc6b0 | 0100 | RGBA_8888    |    0.0    0.0 1440.0   90.0 |    0    0 1440   90 | StatusBar$_22947#4630
                                                                                                         DEVICE | 0x70f52d52d0 | 0100 | RGBA_8888    |    0.0    0.0   67.0  708.0 | 1373  391 1440 1099 | com.samsung.android.app.cocktailbars[...]rvice.CocktailBarService$_4533#25417
                                                                                                         DEVICE | 0x70f52d88d0 | 0100 | RGBA_8888    |    0.0    0.0 1440.0  168.0 |    0 2920 1440 3088 | NavigationBar0$_22947#4625
2025-11-27 04:16:58.334  1198-1287  SGM:GameManager         system_server                        D  identifyForegroundApp. com.app.numerology, mCurrentUserId: 0, callerUserId: 0
2025-11-27 04:16:58.334  1198-1287  SGM:PkgDataHelper       system_server                        D  getGamePkgData(). com.app.numerology
2025-11-27 04:16:58.645  5075-5075  GrantPermi...sViewModel com....android.permissioncontroller  I  Logged buttons presented and clicked permissionGroupName=android.permission-group.MICROPHONE uid=10947 selectedPrecision=0 package=com.app.numerology presentedButtons=44 clickedButton=4 isPermissionRationaleShown=false sessionId=1004540333354653312 targetSdk=36
2025-11-27 04:16:58.653  1198-1909  MARsPolicyManager       system_server                        D  onPackageResumedFG pkgName = com.app.numerology, userId = 0
2025-11-27 04:16:58.653  1198-1909  ActivityTaskManager     system_server                        D  scheduleTopResumedActivityChanged, onTop=true r=ActivityRecord{c18b4f u0 com.app.numerology/.MainActivity} t22495} caller=com.android.server.wm.ActivityTaskSupervisor.scheduleTopResumedActivityStateIfNeeded:2535 com.android.server.wm.ActivityTaskSupervisor.updateTopResumedActivityIfNeeded:2527 com.android.server.wm.TaskFragment.setResumedActivity:493 com.android.server.wm.TaskFragment.onActivityStateChanged:805 com.android.server.wm.ActivityRecord.setState:6428 com.android.server.wm.TaskFragment.resumeTopActivity:1629 
2025-11-27 04:16:58.654  1198-1909  InputDispatcher         system_server                        D  Focused application(0): ActivityRecord{c18b4f u0 com.app.numerology/.MainActivity} t22495}
2025-11-27 04:16:58.654  1198-1909  WindowManager           system_server                        V  Changing focus from Window{3256d22 u0 com.google.android.permissioncontroller/com.android.permissioncontroller.permission.ui.GrantPermissionsActivity} to Window{ba5404b u0 com.app.numerology/com.app.numerology.MainActivity} displayId=0 Callers=com.android.server.wm.RootWindowContainer.updateFocusedWindowLocked:595 com.android.server.wm.WindowManagerService.updateFocusedWindowLocked:6810 com.android.server.wm.ActivityTaskManagerService.setResumedActivityUncheckLocked:5766 com.android.server.wm.TaskFragment.onActivityStateChanged:807 
2025-11-27 04:16:58.655  1198-1909  WindowManager           system_server                        D  updateSystemBarAttributes: displayId=0, win=Window{ba5404b u0 com.app.numerology/com.app.numerology.MainActivity}, navColorWin=Window{3256d22 u0 com.google.android.permissioncontroller/com.android.permissioncontroller.permission.ui.GrantPermissionsActivity}, focusedCanBeNavColorWin=false, behavior=1, appearance=8, statusBarAppearanceRegions=[AppearanceRegion{ bounds=[0,0][1440,3088]}], requestedVisibilities=, from=com.android.server.wm.DisplayPolicy.focusChangedLw:3251 com.android.server.wm.DisplayContent.updateFocusedWindowLocked:4632 com.android.server.wm.RootWindowContainer.updateFocusedWindowLocked:595 
2025-11-27 04:16:58.655 22947-22947 NavigationBar           com.android.systemui                 D  onSystemBarAttributesChanged() -  displayId:0, appearance:8, packageName: com.app.numerology (APPEARANCE_LIGHT_STATUS_BARS ), navbarColorManagedByIme:false
2025-11-27 04:16:58.656  1198-1909  WindowManager           system_server                        D  rotationForOrientation, orientationSource=ActivityRecord{c18b4f u0 com.app.numerology/.MainActivity} t22495}
2025-11-27 04:16:58.658  8585-8585  ChatViewModel           com.app.numerology                   D  ensureSpeechReady() called, isReady=false
2025-11-27 04:16:58.658  8585-8585  SpeechRecognizerManager com.app.numerology                   D  ensureInitialized() called, recognizer=false, recognitionIntent=false, isReady=false, isInitializing=false
2025-11-27 04:16:58.658  8585-8585  SpeechRecognizerManager com.app.numerology                   D  Not ready or destroyed, reinitializing...
2025-11-27 04:16:58.658  8585-8585  SpeechRecognizerManager com.app.numerology                   D  initialize() called, isInitializing: false
2025-11-27 04:16:58.658  8585-8585  SpeechRecognizerManager com.app.numerology                   D  Starting initialization...
2025-11-27 04:16:58.658  1198-1895  AppsFilter              system_server                        I  interaction: PackageSetting{56b5a77 com.app.numerology/10947} -> PackageSetting{c95f861 com.google.android.as/10230} BLOCKED
2025-11-27 04:16:58.659  8585-8585  SpeechRecognizerManager com.app.numerology                   D  Speech recognition is available, creating recognizer...
2025-11-27 04:16:58.660  8585-8585  SpeechRecognizerManager com.app.numerology                   D  Recognizer created successfully
2025-11-27 04:16:58.660  8585-8585  ChatViewModel           com.app.numerology                   D  ensureSpeechReady() completed, isReady=false
2025-11-27 04:16:58.660   858-858   SurfaceFlinger          surfaceflinger                       I  [ba5404b com.app.numerology/com.app.numerology.MainActivity#25516] FrameRatePriority: 1
2025-11-27 04:16:58.660  8585-8585  ViewRootIm...nActivity] com.app.numerology                   I  stopped(false) old = false
2025-11-27 04:16:58.661  8585-8585  DecorView               com.app.numerology                   I  notifyKeepScreenOnChanged: keepScreenOn=false
2025-11-27 04:16:58.661  1198-1909  ActivityTaskManager     system_server                        D  mStartingWindow and mStartingData is null for token=ActivityRecord{c18b4f u0 com.app.numerology/.MainActivity} t22495}
2025-11-27 04:16:58.665  1198-1909  WindowManager           system_server                        D  updateSystemBarAttributes: displayId=0, win=Window{ba5404b u0 com.app.numerology/com.app.numerology.MainActivity}, navColorWin=Window{ba5404b u0 com.app.numerology/com.app.numerology.MainActivity}, focusedCanBeNavColorWin=false, behavior=1, appearance=24, statusBarAppearanceRegions=[AppearanceRegion{LIGHT_STATUS_BARS bounds=[0,0][1440,3088]}], requestedVisibilities=, from=com.android.server.wm.DisplayPolicy.finishPostLayoutPolicyLw:2531 com.android.server.wm.DisplayContent.applySurfaceChangesTransaction:5713 com.android.server.wm.RootWindowContainer.applySurfaceChangesTransaction:1234 
2025-11-27 04:16:58.668  8585-8585  MSHandlerLifeCycle      com.app.numerology                   I  removeMultiSplitHandler: no exist. decor=DecorView@985997d[MainActivity]
2025-11-27 04:16:58.671  8585-8585  SpeechRecognizerManager com.app.numerology                   D  Loading language settings...
2025-11-27 04:16:58.677 22947-22947 SamsungLig...trolHelper com.android.systemui                 D  onStatusBarAppearanceChanged() -  sbModeChanged:false, statusBarMode:MODE_TRANSPARENT, barState:SHADE, isKeyguardShowing:false, navbarColorManagedByIme:false, stackAppearancesChanged:true, (AppearanceRegion{LIGHT_STATUS_BARS bounds=[0,0][1440,3088]}, ), packageName:com.app.numerology
2025-11-27 04:16:58.677 22947-22947 NavigationBar           com.android.systemui                 D  onSystemBarAttributesChanged() -  displayId:0, appearance:24, packageName: com.app.numerology (APPEARANCE_LIGHT_STATUS_BARS APPEARANCE_LIGHT_NAVIGATION_BARS ), navbarColorManagedByIme:false
2025-11-27 04:16:58.679 22947-22947 SamsungLig...trolHelper com.android.systemui                 D  updateNavigation(Black button) isLightBar:false, hasLightBarNavigationBarFlag:true, packageName:com.app.numerology, DirectReplying:false, NavBarColorManagerdByIme:false, ForceDarkForScrim:false, QsCustomizing:false, PanelHasWhiteBg:true
2025-11-27 04:16:58.679   858-979   SurfaceFlinger          surfaceflinger                       D  [input] setFocusedWindow: ba5404b com.app.numerology/com.app.numerology.MainActivity
2025-11-27 04:16:58.679  1198-4335  InputDispatcher         system_server                        D  Focus entered window (0): ba5404b com.app.numerology/com.app.numerology.MainActivity
2025-11-27 04:16:58.679 22947-22947 SamsungLig...trolHelper com.android.systemui                 D  updateStatus(BLACK icon) NumStacks:1, StatusBarMode:MODE_TRANSPARENT, lightBarBounds:[Rect(0, 0 - 1440, 3088)], StatusBarState:SHADE, packageName:com.app.numerology, isWhiteKeyguardStatusBarBySettings:true
2025-11-27 04:16:58.680  8585-8585  ViewRootIm...nActivity] com.app.numerology                   I  performTraversals params={(0,0)(fillxfill) sim={adjust=resize forwardNavigation} ty=BASE_APPLICATION wanim=0x1030309
                                                                                                      fl=81810100
                                                                                                      pfl=16020040
                                                                                                      vsysui=2110
                                                                                                      apr=LIGHT_STATUS_BARS LIGHT_NAVIGATION_BARS
                                                                                                      bhv=DEFAULT
                                                                                                      fitSides= naviIconColor=0}
2025-11-27 04:16:58.680  8585-8585  ViewRootIm...nActivity] com.app.numerology                   I  performTraversals mFirst=false windowShouldResize=false viewVisibilityChanged=false mForceNextWindowRelayout=false params={(0,0)(fillxfill) sim={adjust=resize forwardNavigation} ty=BASE_APPLICATION wanim=0x1030309
                                                                                                      fl=81810100
                                                                                                      pfl=16020040
                                                                                                      vsysui=2110
                                                                                                      apr=LIGHT_STATUS_BARS LIGHT_NAVIGATION_BARS
                                                                                                      bhv=DEFAULT
                                                                                                      fitSides= naviIconColor=0}
2025-11-27 04:16:58.682  1198-5812  WindowManager           system_server                        V  Relayout Window{ba5404b u0 com.app.numerology/com.app.numerology.MainActivity}: viewVisibility=0 req=1440x3088 d0
2025-11-27 04:16:58.684  8585-8585  ViewRootIm...nActivity] com.app.numerology                   I  updateBlastSurfaceIfNeeded mBlastBufferQueue=0x71adc29ad0 isSameSurfaceControl=true
2025-11-27 04:16:58.684  8585-8585  BLASTBufferQueue        com.app.numerology                   I  update, w= 1440 h= 3088 mName = ViewRootImpl@bb20a22[MainActivity] mNativeObject= 0x71adc29ad0 sc.mNativeObject= 0x713dc46560 format= -1 caller= android.view.ViewRootImpl.updateBlastSurfaceIfNeeded:2898 android.view.ViewRootImpl.relayoutWindow:9847 android.view.ViewRootImpl.performTraversals:3884 android.view.ViewRootImpl.doTraversal:3116 android.view.ViewRootImpl$TraversalRunnable.run:10885 android.view.Choreographer$CallbackRecord.run:1301 
2025-11-27 04:16:58.684  8585-8585  ViewRootIm...nActivity] com.app.numerology                   I  Relayout returned: old=(0,0,1440,3088) new=(0,0,1440,3088) req=(1440,3088)0 dur=4 res=0x0 s={true 0x723dc64840} ch=false seqId=0
2025-11-27 04:16:58.690  8585-8585  SpeechRecognizerManager com.app.numerology                   D  Language: vi-VN
2025-11-27 04:16:58.690  8585-8585  SpeechRecognizerManager com.app.numerology                   D  RecognitionIntent  sn sng vi ngn ng: vi-VN
2025-11-27 04:16:58.696  1198-1287  GameSDK@LifeCycle       system_server                        I  noteResumeComponent(): package name  : com.app.numerology
2025-11-27 04:16:58.696  4533-4533  ActivityUtils           com...ndroid.app.cocktailbarservice  I  HomePackage : com.sec.android.app.launcher, resumePackageName : com.app.numerology
2025-11-27 04:16:58.697  1198-1287  SGM:GameManager         system_server                        D  identifyGamePackage. com.app.numerology, mCurrentUserId: 0, callerUserId: 0, callingMethodInfo: com.android.server.ssrm.SortingMachine.isGame(SortingMachine.java:162)
2025-11-27 04:16:58.697  1198-1287  SGM:PkgDataHelper       system_server                        D  getGamePkgData(). com.app.numerology
2025-11-27 04:16:58.697  1198-1287  SGM:FgCheckThread       system_server                        D  noteResumeComponent(), received pkgName: com.app.numerology, userId: 0
2025-11-27 04:16:58.697  4879-14050 Routine@Co...stenerImpl com.samsung.android.app.routines     I  onResumeComponent: componentName - ComponentInfo{com.app.numerology/com.app.numerology.MainActivity}
2025-11-27 04:16:58.697  1198-1539  SGM:FgCheckThread       system_server                        D  onLooperPrepared(), msg: MSG_APP_RESUME, pkgName: com.app.numerology, userid: 0
2025-11-27 04:16:58.698  1198-1287  SGM:GameManager         system_server                        D  identifyGamePackage. com.app.numerology, mCurrentUserId: 0, callerUserId: 0, callingMethodInfo: com.samsung.android.game.SemGameManager.isGamePackage(SemGameManager.java:104)
2025-11-27 04:16:58.698  1198-1287  SGM:PkgDataHelper       system_server                        D  getGamePkgData(). com.app.numerology
2025-11-27 04:16:58.698  1198-1287  SGM:SemGameManager      system_server                        D  isGamePackage(), pkgName=com.app.numerology, ret=false
2025-11-27 04:16:58.701  8585-8585  ViewRootIm...nActivity] com.app.numerology                   I  MSG_WINDOW_FOCUS_CHANGED 1 0
2025-11-27 04:16:58.701  8585-8585  ViewRootIm...nActivity] com.app.numerology                   I  mThreadedRenderer.initializeIfNeeded()#2 mSurface={isValid=true 0x723dc64840}
2025-11-27 04:16:58.701  8585-8585  InputMethodManager      com.app.numerology                   D  startInputInner - Id : 0
2025-11-27 04:16:58.701  8585-8585  InputMethodManager      com.app.numerology                   I  startInputInner - mService.startInputOrWindowGainedFocus
2025-11-27 04:16:58.781   858-858   SurfaceFlinger          surfaceflinger                       D  Display 4633128672291735937 HWC layers:
                                                                                                         DEVICE | 0x70f52edb70 | 0102 | RGBA_8888    |    0.0    0.0 1440.0 3088.0 |    0    0 1440 3088 | com.app.numerology/com.app.numerology.MainActivity$_8585#25517
                                                                                                     SOLID_COLOR |              | 0000 |  Unknown  |    0.0    0.0    0.0    0.0 |    0    0 1440 3088 | Dim Layer for - Task=22495#25560
                                                                                                         DEVICE | 0x70f52dc6b0 | 0100 | RGBA_8888    |    0.0    0.0 1440.0   90.0 |    0    0 1440   90 | StatusBar$_22947#4630
                                                                                                         DEVICE | 0x70f52d52d0 | 0100 | RGBA_8888    |    0.0    0.0   67.0  708.0 | 1373  391 1440 1099 | com.samsung.android.app.cocktailbars[...]rvice.CocktailBarService$_4533#25417
                                                                                                         DEVICE | 0x70f52d88d0 | 0100 | RGBA_8888    |    0.0    0.0 1440.0  168.0 |    0 2920 1440 3088 | NavigationBar0$_22947#4625
2025-11-27 04:16:58.793  1198-2005  MdnieScena...rolService system_server                        D   packageName : com.app.numerology    className : com.app.numerology.MainActivity
2025-11-27 04:16:58.799   858-858   SurfaceFlinger          surfaceflinger                       D  Display 4633128672291735937 HWC layers:
                                                                                                         DEVICE | 0x70f52edb70 | 0102 | RGBA_8888    |    0.0    0.0 1440.0 3088.0 |    0    0 1440 3088 | com.app.numerology/com.app.numerology.MainActivity$_8585#25517
                                                                                                         DEVICE | 0x70f52a03b0 | 0100 | RGBA_8888    |    0.0    0.0 1440.0   90.0 |    0    0 1440   90 | StatusBar$_22947#4630
                                                                                                         DEVICE | 0x70f52d52d0 | 0100 | RGBA_8888    |    0.0    0.0   67.0  708.0 | 1373  391 1440 1099 | com.samsung.android.app.cocktailbars[...]rvice.CocktailBarService$_4533#25417
                                                                                                         DEVICE | 0x70f52e4270 | 0100 | RGBA_8888    |    0.0    0.0 1440.0  168.0 |    0 2920 1440 3088 | NavigationBar0$_22947#4625
2025-11-27 04:16:58.948  4879-4879  Routine@Co...overHelper com.samsung.android.app.routines     I  setLastResumedPackageForCover mLastResumedPackage = com.app.numerology
2025-11-27 04:16:58.948  4879-4879  Routine@Co...cleWatcher com.samsung.android.app.routines     I  notifyLifecycleChanged mCurResumedComponent=com.app.numerology
2025-11-27 04:16:58.990  8585-8585  ChatViewModel           com.app.numerology                   D  startListening called, isReady=true, isListening=false
2025-11-27 04:16:58.990  8585-8585  SpeechRecognizerManager com.app.numerology                   D  start() called, recognizer=true, isReady=true
2025-11-27 04:16:58.990  8585-8585  SpeechRecognizerManager com.app.numerology                   D  ensureInitialized() called, recognizer=true, recognitionIntent=true, isReady=true, isInitializing=false
2025-11-27 04:16:58.990  8585-8585  SpeechRecognizerManager com.app.numerology                   D  Already initialized and ready, skipping...
2025-11-27 04:16:58.990  8585-8585  SpeechRecognizerManager com.app.numerology                   D  startInternal() called, recognitionIntent=true, recognizer=true
2025-11-27 04:16:58.990  8585-8585  SpeechRecognizerManager com.app.numerology                   D  Starting listening with recognizer and intent...
2025-11-27 04:16:58.995  8585-8585  SpeechRecognizerManager com.app.numerology                   D   bt u nghe ging ni, restartCount reset to 0
2025-11-27 04:16:58.995  8585-8585  ChatViewModel           com.app.numerology                   D  Speech manager started
2025-11-27 04:16:59.007 29778-29778 RecognitionServiceImpl  com.google.android.tts               I  RecognitionService#logStartListening: callingApp: com.app.numerology, locale: vi-VN
2025-11-27 04:16:59.027 29778-9236  BaseS3HeaderProducer    com.google.android.tts               I  [RS][S3] triggerApplicationId: com.app.numerology
2025-11-27 04:16:59.056 29778-29819 ConcurrentSodaManager   com.google.android.tts               I  Initializing SODA for com.app.numerology
2025-11-27 04:16:59.121  8585-8585  SpeechRecognizerManager com.app.numerology                   D  onReadyForSpeech
2025-11-27 04:16:59.205  1198-1287  SGM:GameManager         system_server                        D  identifyForegroundApp. com.app.numerology, mCurrentUserId: 0, callerUserId: 0
2025-11-27 04:16:59.205  1198-1287  SGM:PkgDataHelper       system_server                        D  getGamePkgData(). com.app.numerology
2025-11-27 04:16:59.247  8585-8585  SpeechRecognizerManager com.app.numerology                   V  onRmsChanged: rmsdB=-2.0, normalized=0.4
2025-11-27 04:16:59.564  8585-8585  SpeechRecognizerManager com.app.numerology                   D  onBeginningOfSpeech
2025-11-27 04:16:59.606  8585-8585  SpeechRecognizerManager com.app.numerology                   V  onRmsChanged: rmsdB=-2.0, normalized=0.4
2025-11-27 04:16:59.786  8585-8585  SpeechRecognizerManager com.app.numerology                   V  onRmsChanged: rmsdB=-2.0, normalized=0.4
2025-11-27 04:16:59.806  8585-8585  SpeechRecognizerManager com.app.numerology                   V  onRmsChanged: rmsdB=2.08, normalized=0.604
2025-11-27 04:16:59.903  4879-4879  Routine@Co...overHelper com.samsung.android.app.routines     I  setLastResumedPackageForCover mLastResumedPackage = com.app.numerology
2025-11-27 04:16:59.903  4879-4879  Routine@Co...cleWatcher com.samsung.android.app.routines     I  notifyLifecycleChanged mCurResumedComponent=com.app.numerology
2025-11-27 04:17:00.286  8585-8585  SpeechRecognizerManager com.app.numerology                   V  onRmsChanged: rmsdB=6.04, normalized=0.80200005
2025-11-27 04:17:00.631  8585-8585  SpeechRecognizerManager com.app.numerology                   D  onPartialResults: 
2025-11-27 04:17:00.735  8585-8585  SpeechRecognizerManager com.app.numerology                   D  onPartialResults: 
2025-11-27 04:17:00.767  8585-8585  SpeechRecognizerManager com.app.numerology                   V  onRmsChanged: rmsdB=8.08, normalized=0.904
2025-11-27 04:17:00.938  8585-8585  SpeechRecognizerManager com.app.numerology                   D  onPartialResults: 
2025-11-27 04:17:01.183   858-858   SurfaceFlinger          surfaceflinger                       D  Display 4633128672291735937 HWC layers:
                                                                                                         DEVICE | 0x70f52edb70 | 0102 | RGBA_8888    |    0.0    0.0 1440.0 3088.0 |    0    0 1440 3088 | com.app.numerology/com.app.numerology.MainActivity$_8585#25517
                                                                                                         DEVICE | 0x70f52a03b0 | 0100 | RGBA_8888    |    0.0    0.0 1440.0   90.0 |    0    0 1440   90 | StatusBar$_22947#4630
                                                                                                         DEVICE | 0x70f52d52d0 | 0100 | RGBA_8888    |    0.0    0.0   67.0  708.0 | 1373  391 1440 1099 | com.samsung.android.app.cocktailbars[...]rvice.CocktailBarService$_4533#25417
                                                                                                         DEVICE | 0x70f52d88d0 | 0100 | RGBA_8888    |    0.0    0.0 1440.0  168.0 |    0 2920 1440 3088 | NavigationBar0$_22947#4625
                                                                                                         DEVICE | 0x70f52d65f0 | 0140 | RGBA_8888    |    0.0    0.0 1440.0   90.0 |    0    0 1440   90 | ScreenDecorOverlay$_22947#25575
2025-11-27 04:17:01.282  8585-8585  SpeechRecognizerManager com.app.numerology                   D  onPartialResults: Bi
2025-11-27 04:17:01.283  8585-8585  SpeechRecognizerManager com.app.numerology                   D  Partial transcript updated: Bi
2025-11-27 04:17:01.383  8585-8585  SpeechRecognizerManager com.app.numerology                   D  onPartialResults: Bi Vn
2025-11-27 04:17:01.383  8585-8585  SpeechRecognizerManager com.app.numerology                   D  Partial transcript updated: Bi Vn
2025-11-27 04:17:01.500  8585-8585  SpeechRecognizerManager com.app.numerology                   D  onPartialResults: Bi Vn
2025-11-27 04:17:01.500  8585-8585  SpeechRecognizerManager com.app.numerology                   D  Partial transcript updated: Bi Vn
2025-11-27 04:17:01.586  8585-8585  SpeechRecognizerManager com.app.numerology                   D  onPartialResults: Bi Vn Sn
2025-11-27 04:17:01.586  8585-8585  SpeechRecognizerManager com.app.numerology                   D  Partial transcript updated: Bi Vn Sn
2025-11-27 04:17:01.587  8585-8585  SpeechRecognizerManager com.app.numerology                   D  onPartialResults: Bi Vn Sn
2025-11-27 04:17:01.587  8585-8585  SpeechRecognizerManager com.app.numerology                   D  Partial transcript updated: Bi Vn Sn
2025-11-27 04:17:01.606  8585-8585  SpeechRecognizerManager com.app.numerology                   V  onRmsChanged: rmsdB=6.04, normalized=0.80200005
2025-11-27 04:17:01.762  8585-8585  SpeechRecognizerManager com.app.numerology                   D  onPartialResults: Bi Vn Sn
2025-11-27 04:17:01.762  8585-8585  SpeechRecognizerManager com.app.numerology                   D  Partial transcript updated: Bi Vn Sn
2025-11-27 04:17:01.818  8585-8585  SpeechRecognizerManager com.app.numerology                   D  onPartialResults: Bi Vn Sn mng
2025-11-27 04:17:01.819  8585-8585  SpeechRecognizerManager com.app.numerology                   D  Partial transcript updated: Bi Vn Sn mng
2025-11-27 04:17:01.826  8585-8585  SpeechRecognizerManager com.app.numerology                   V  onRmsChanged: rmsdB=6.16, normalized=0.80799997
2025-11-27 04:17:01.886  8585-8585  SpeechRecognizerManager com.app.numerology                   V  onRmsChanged: rmsdB=6.16, normalized=0.80799997
2025-11-27 04:17:01.958  8585-8585  SpeechRecognizerManager com.app.numerology                   D  onPartialResults: Bi Vn Sn mng 10
2025-11-27 04:17:01.958  8585-8585  SpeechRecognizerManager com.app.numerology                   D  Partial transcript updated: Bi Vn Sn mng 10
2025-11-27 04:17:02.084  8585-8585  SpeechRecognizerManager com.app.numerology                   D  onPartialResults: Bi Vn Sn mng 10 thng
2025-11-27 04:17:02.084  8585-8585  SpeechRecognizerManager com.app.numerology                   D  Partial transcript updated: Bi Vn Sn mng 10 thng
2025-11-27 04:17:02.087  8585-8585  SpeechRecognizerManager com.app.numerology                   V  onRmsChanged: rmsdB=-1.88, normalized=0.406
2025-11-27 04:17:02.109  8585-8585  SpeechRecognizerManager com.app.numerology                   V  onRmsChanged: rmsdB=-2.0, normalized=0.4
2025-11-27 04:17:02.208  8585-8585  SpeechRecognizerManager com.app.numerology                   D  onPartialResults: Bi Vn Sn mng 10 thng 05
2025-11-27 04:17:02.208  8585-8585  SpeechRecognizerManager com.app.numerology                   D  Partial transcript updated: Bi Vn Sn mng 10 thng 05
2025-11-27 04:17:02.278  8585-8585  SpeechRecognizerManager com.app.numerology                   D  onPartialResults: Bi Vn Sn mng 10 thng 05
2025-11-27 04:17:02.279  8585-8585  SpeechRecognizerManager com.app.numerology                   D  Partial transcript updated: Bi Vn Sn mng 10 thng 05
2025-11-27 04:17:02.306  8585-8585  SpeechRecognizerManager com.app.numerology                   V  onRmsChanged: rmsdB=-1.88, normalized=0.406
2025-11-27 04:17:02.327  8585-8585  SpeechRecognizerManager com.app.numerology                   V  onRmsChanged: rmsdB=-2.0, normalized=0.4
2025-11-27 04:17:02.387  8585-8585  SpeechRecognizerManager com.app.numerology                   V  onRmsChanged: rmsdB=-1.88, normalized=0.406
2025-11-27 04:17:02.400  8585-8585  SpeechRecognizerManager com.app.numerology                   D  onPartialResults: Bi Vn Sn mng 10 thng 05 nm
2025-11-27 04:17:02.400  8585-8585  SpeechRecognizerManager com.app.numerology                   D  Partial transcript updated: Bi Vn Sn mng 10 thng 05 nm
2025-11-27 04:17:02.406  8585-8585  SpeechRecognizerManager com.app.numerology                   V  onRmsChanged: rmsdB=-2.0, normalized=0.4
2025-11-27 04:17:02.451  8585-8585  SpeechRecognizerManager com.app.numerology                   V  onRmsChanged: rmsdB=-2.0, normalized=0.4
2025-11-27 04:17:02.546  8585-8585  SpeechRecognizerManager com.app.numerology                   V  onRmsChanged: rmsdB=-2.0, normalized=0.4
2025-11-27 04:17:02.606  8585-8585  SpeechRecognizerManager com.app.numerology                   V  onRmsChanged: rmsdB=-2.0, normalized=0.4
2025-11-27 04:17:02.666  8585-8585  SpeechRecognizerManager com.app.numerology                   V  onRmsChanged: rmsdB=-1.88, normalized=0.406
2025-11-27 04:17:02.687  8585-8585  SpeechRecognizerManager com.app.numerology                   V  onRmsChanged: rmsdB=-2.0, normalized=0.4
2025-11-27 04:17:02.746  8585-8585  SpeechRecognizerManager com.app.numerology                   V  onRmsChanged: rmsdB=-2.0, normalized=0.4
2025-11-27 04:17:02.852  8585-8585  SpeechRecognizerManager com.app.numerology                   D  onPartialResults: Bi Vn Sn mng 10 thng 05 nm 1992
2025-11-27 04:17:02.852  8585-8585  SpeechRecognizerManager com.app.numerology                   D  Partial transcript updated: Bi Vn Sn mng 10 thng 05 nm 1992
2025-11-27 04:17:02.871  8585-8585  SpeechRecognizerManager com.app.numerology                   V  onRmsChanged: rmsdB=-2.0, normalized=0.4
2025-11-27 04:17:02.947  8585-8585  SpeechRecognizerManager com.app.numerology                   V  onRmsChanged: rmsdB=-2.0, normalized=0.4
2025-11-27 04:17:03.006  8585-8585  SpeechRecognizerManager com.app.numerology                   V  onRmsChanged: rmsdB=-2.0, normalized=0.4
2025-11-27 04:17:03.106  8585-8585  SpeechRecognizerManager com.app.numerology                   V  onRmsChanged: rmsdB=-2.0, normalized=0.4
2025-11-27 04:17:03.166  8585-8585  SpeechRecognizerManager com.app.numerology                   V  onRmsChanged: rmsdB=-2.0, normalized=0.4
2025-11-27 04:17:03.187  8585-8585  SpeechRecognizerManager com.app.numerology                   V  onRmsChanged: rmsdB=-1.88, normalized=0.406
2025-11-27 04:17:03.227  8585-8585  SpeechRecognizerManager com.app.numerology                   V  onRmsChanged: rmsdB=-2.0, normalized=0.4
2025-11-27 04:17:03.307  8585-8585  SpeechRecognizerManager com.app.numerology                   V  onRmsChanged: rmsdB=-2.0, normalized=0.4
2025-11-27 04:17:03.327  8585-8585  SpeechRecognizerManager com.app.numerology                   V  onRmsChanged: rmsdB=0.16000009, normalized=0.508
2025-11-27 04:17:03.406  8585-8585  SpeechRecognizerManager com.app.numerology                   V  onRmsChanged: rmsdB=-2.0, normalized=0.4
2025-11-27 04:17:03.606  8585-8585  SpeechRecognizerManager com.app.numerology                   V  onRmsChanged: rmsdB=-2.0, normalized=0.4
2025-11-27 04:17:03.747  8585-8585  SpeechRecognizerManager com.app.numerology                   V  onRmsChanged: rmsdB=0.03999996, normalized=0.502
2025-11-27 04:17:03.926  8585-8585  SpeechRecognizerManager com.app.numerology                   V  onRmsChanged: rmsdB=0.03999996, normalized=0.502
2025-11-27 04:17:04.166  8585-8585  SpeechRecognizerManager com.app.numerology                   V  onRmsChanged: rmsdB=0.03999996, normalized=0.502
2025-11-27 04:17:04.267  8585-8585  SpeechRecognizerManager com.app.numerology                   V  onRmsChanged: rmsdB=0.03999996, normalized=0.502
2025-11-27 04:17:04.346  8585-8585  SpeechRecognizerManager com.app.numerology                   V  onRmsChanged: rmsdB=0.03999996, normalized=0.502
2025-11-27 04:17:04.426  8585-8585  SpeechRecognizerManager com.app.numerology                   V  onRmsChanged: rmsdB=0.16000009, normalized=0.508
2025-11-27 04:17:04.701  1198-7983  SGM:GameManager         system_server                        D  identifyGamePackage. com.app.numerology, mCurrentUserId: 0, callerUserId: 0, callingMethodInfo: com.android.server.ssrm.SortingMachine.isGame(SortingMachine.java:162)
2025-11-27 04:17:04.701  1198-7983  SGM:PkgDataHelper       system_server                        D  getGamePkgData(). com.app.numerology
2025-11-27 04:17:04.707  8585-8585  SpeechRecognizerManager com.app.numerology                   V  onRmsChanged: rmsdB=0.03999996, normalized=0.502
2025-11-27 04:17:04.927  8585-8585  SpeechRecognizerManager com.app.numerology                   V  onRmsChanged: rmsdB=0.03999996, normalized=0.502
2025-11-27 04:17:05.207  8585-8585  SpeechRecognizerManager com.app.numerology                   V  onRmsChanged: rmsdB=6.04, normalized=0.80200005
2025-11-27 04:17:05.707  8585-8585  SpeechRecognizerManager com.app.numerology                   V  onRmsChanged: rmsdB=0.16000009, normalized=0.508
2025-11-27 04:17:05.771  1198-4335  SGM:GameManager         system_server                        D  identifyForegroundApp. com.app.numerology, mCurrentUserId: 0, callerUserId: 0
2025-11-27 04:17:05.771  1198-4335  SGM:PkgDataHelper       system_server                        D  getGamePkgData(). com.app.numerology
2025-11-27 04:17:05.775  1198-4335  SGM:GameManager         system_server                        D  identifyForegroundApp. com.app.numerology, mCurrentUserId: 0, callerUserId: 150
2025-11-27 04:17:05.775  1198-4335  SGM:PkgDataHelper       system_server                        D  getGamePkgData(). com.app.numerology
2025-11-27 04:17:06.007  8585-8585  SpeechRecognizerManager com.app.numerology                   V  onRmsChanged: rmsdB=0.03999996, normalized=0.502
2025-11-27 04:17:06.026  8585-8585  SpeechRecognizerManager com.app.numerology                   V  onRmsChanged: rmsdB=0.16000009, normalized=0.508
2025-11-27 04:17:06.046  8585-8585  SpeechRecognizerManager com.app.numerology                   V  onRmsChanged: rmsdB=0.03999996, normalized=0.502
2025-11-27 04:17:06.223  8585-8585  SpeechRecognizerManager com.app.numerology                   D  onEndOfSpeech
2025-11-27 04:17:06.253  8585-8585  SpeechRecognizerManager com.app.numerology                   V  onRmsChanged: rmsdB=-2.0, normalized=0.4
2025-11-27 04:17:06.253  8585-8585  SpeechRecognizerManager com.app.numerology                   D  onResults: Bi Vn Sn mng 10 thng 05 nm 1992
2025-11-27 04:17:06.253  8585-8585  SpeechRecognizerManager com.app.numerology                   D  Listening stopped after results
2025-11-27 04:17:06.254  8585-8585  SpeechRecognizerManager com.app.numerology                   D  Emitting final result: Bi Vn Sn mng 10 thng 05 nm 1992
2025-11-27 04:17:06.254  8585-8585  ChatViewModel           com.app.numerology                   D  Received final transcript: Bi Vn Sn mng 10 thng 05 nm 1992
2025-11-27 04:17:06.255  8585-8585  SpeechRecognizerManager com.app.numerology                   D  Final result emitted, restartCount reset to 0
2025-11-27 04:17:06.256  8585-8612  ChatViewModel           com.app.numerology                   D  onTranscript called with text: Bi Vn Sn mng 10 thng 05 nm 1992
2025-11-27 04:17:06.259  8585-8612  IntentRouter            com.app.numerology                   D  === EXTRACT NAME AND DOB ===
2025-11-27 04:17:06.259  8585-8612  IntentRouter            com.app.numerology                   D  Input text: 'Bi Vn Sn mng 10 thng 05 nm 1992', locale: vi_VN
2025-11-27 04:17:06.262  8585-8612  NameDateParser          com.app.numerology                   D  === PARSE NAME AND DOB ===
2025-11-27 04:17:06.262  8585-8612  NameDateParser          com.app.numerology                   D  Input text: 'Bi Vn Sn mng 10 thng 05 nm 1992', locale: vi_VN
2025-11-27 04:17:06.262  8585-8612  NameDateParser          com.app.numerology                   D  Normalized text: 'bi vn sn mng 10 thng 05 nm 1992'
2025-11-27 04:17:06.262  8585-8612  NameDateParser          com.app.numerology                   D  Extracting DOB...
2025-11-27 04:17:06.275   858-858   SurfaceFlinger          surfaceflinger                       D  Display 4633128672291735937 HWC layers:
                                                                                                         DEVICE | 0x70f529db30 | 0102 | RGBA_8888    |    0.0    0.0 1440.0 3088.0 |    0    0 1440 3088 | com.app.numerology/com.app.numerology.MainActivity$_8585#25517
                                                                                                         DEVICE | 0x70f52dd8b0 | 0100 | RGBA_8888    |    0.0    0.0 1440.0   90.0 |    0    0 1440   90 | StatusBar$_22947#4630
                                                                                                         DEVICE | 0x70f52d52d0 | 0100 | RGBA_8888    |    0.0    0.0   67.0  708.0 | 1373  391 1440 1099 | com.samsung.android.app.cocktailbars[...]rvice.CocktailBarService$_4533#25417
                                                                                                         DEVICE | 0x70f52d88d0 | 0100 | RGBA_8888    |    0.0    0.0 1440.0  168.0 |    0 2920 1440 3088 | NavigationBar0$_22947#4625
2025-11-27 04:17:06.281  8585-8612  DateFormatter           com.app.numerology                   D  === PARSE VIETNAMESE DATE ===
2025-11-27 04:17:06.281  8585-8612  DateFormatter           com.app.numerology                   D  Input text: 'Bi Vn Sn mng 10 thng 05 nm 1992'
2025-11-27 04:17:06.281  8585-8612  DateFormatter           com.app.numerology                   D  Normalized text: 'bi vn sn mng 10 thng 05 nm 1992'
2025-11-27 04:17:06.281  8585-8612  DateFormatter           com.app.numerology                   D  Extracting year...
2025-11-27 04:17:06.282  8585-8612  DateFormatter           com.app.numerology                   D   Year extracted: 1992
2025-11-27 04:17:06.282  8585-8612  DateFormatter           com.app.numerology                   D  Extracting month...
2025-11-27 04:17:06.282  8585-8612  DateFormatter           com.app.numerology                   D   Month extracted: 5 (from '05')
2025-11-27 04:17:06.282  8585-8612  DateFormatter           com.app.numerology                   D  Extracting day...
2025-11-27 04:17:06.282  8585-8612  DateFormatter           com.app.numerology                   D   Day extracted: 10 (from '10', pattern 0)
2025-11-27 04:17:06.282  8585-8612  DateFormatter           com.app.numerology                   D  Validating date: day=10, month=5, year=1992
2025-11-27 04:17:06.282  8585-8612  DateFormatter           com.app.numerology                   D   Date is valid: 10-5-1992
2025-11-27 04:17:06.282  8585-8612  DateFormatter           com.app.numerology                   D  === PARSE VIETNAMESE DATE SUCCESS ===
2025-11-27 04:17:06.282  8585-8612  NameDateParser          com.app.numerology                   D   DOB extracted: 1992-05-10
2025-11-27 04:17:06.282  8585-8612  NameDateParser          com.app.numerology                   D  Extracting name...
2025-11-27 04:17:06.283  8585-8612  NameDateParser          com.app.numerology                   D  extractNameFromStart: original words=[Bi, Vn, Sn], cleaned='Bi Vn Sn'
2025-11-27 04:17:06.283  8585-8612  NameDateParser          com.app.numerology                   D   Name extracted: fullName=Bi Vn Sn, surname=Bi, middleName=Vn, givenName=Sn
2025-11-27 04:17:06.283  8585-8612  NameDateParser          com.app.numerology                   D  Final result: fullName=Bi Vn Sn, dob=1992-05-10
2025-11-27 04:17:06.283  8585-8612  NameDateParser          com.app.numerology                   D  === PARSE COMPLETE ===
2025-11-27 04:17:06.283  8585-8612  IntentRouter            com.app.numerology                   D  Extracted: fullName=Bi Vn Sn, surname=Bi, middleName=Vn, givenName=Sn, dob=1992-05-10
2025-11-27 04:17:06.283  8585-8612  IntentRouter            com.app.numerology                   D  === EXTRACTION COMPLETE ===
2025-11-27 04:17:06.284  8585-8612  ChatViewModel           com.app.numerology                   D  Auto-calculating from voice input: hasName=true, dob=1992-05-10
2025-11-27 04:17:06.284  8585-8612  ChatViewModel           com.app.numerology                   D  handleFullCalcFromParsed called: fullName=Bi Vn Sn, dob=1992-05-10
2025-11-27 04:17:06.316  8585-8612  ChatViewModel           com.app.numerology                   D  Name and DOB saved to settings: name=Bi Vn Sn, dob=1992-05-10
2025-11-27 04:17:06.320  8585-8612  CalculateNumbers        com.app.numerology                   D  === CALCULATE FROM DOB ===
2025-11-27 04:17:06.320  8585-8612  CalculateNumbers        com.app.numerology                   D  Input: dob=1992-05-10, year=2025, grouped=false
2025-11-27 04:17:06.320  8585-8612  CalculateNumbers        com.app.numerology                   D  Calculating Life Path...
2025-11-27 04:17:06.321  8585-8612  CalculateNumbers        com.app.numerology                   D   Life Path: 9
2025-11-27 04:17:06.321  8585-8612  CalculateNumbers        com.app.numerology                   D  Calculating Birth Day...
2025-11-27 04:17:06.321  8585-8612  CalculateNumbers        com.app.numerology                   D   Birth Day: 1
2025-11-27 04:17:06.321  8585-8612  CalculateNumbers        com.app.numerology                   D  Calculating Personal Year...
2025-11-27 04:17:06.321  8585-8612  CalculateNumbers        com.app.numerology                   D   Personal Year: 6
2025-11-27 04:17:06.321  8585-8612  CalculateNumbers        com.app.numerology                   D  Fetching Life Path explanation from DB...
2025-11-27 04:17:06.323  8585-8612  CalculateNumbers        com.app.numerology                   D   LP Explanation length: 1484
2025-11-27 04:17:06.323  8585-8612  CalculateNumbers        com.app.numerology                   D  Fetching Birth Day explanation from DB...
2025-11-27 04:17:06.325  8585-8612  CalculateNumbers        com.app.numerology                   D   BD Explanation length: 621
2025-11-27 04:17:06.325  8585-8612  CalculateNumbers        com.app.numerology                   D  Fetching Personal Year explanation from DB...
2025-11-27 04:17:06.326  8585-8612  CalculateNumbers        com.app.numerology                   D   PY Explanation length: 899
2025-11-27 04:17:06.326  8585-8612  CalculateNumbers        com.app.numerology                   D  Calculating Karmic Debt...
2025-11-27 04:17:06.326  8585-8612  CalculateNumbers        com.app.numerology                   D   Karmic Debt: []
2025-11-27 04:17:06.326  8585-8612  CalculateNumbers        com.app.numerology                   D  Result: LP=9, BD=1, PY=6, KarmicDebt=[], hasExplanations: LP=true, BD=true, PY=true
2025-11-27 04:17:06.327  8585-8612  CalculateNumbers        com.app.numerology                   D  === CALCULATION COMPLETE ===
2025-11-27 04:17:06.327  8585-8612  CalculateNumbers        com.app.numerology                   D  === CALCULATE FROM NAME ===
2025-11-27 04:17:06.327  8585-8612  CalculateNumbers        com.app.numerology                   D  Input name: 'Bi Vn Sn'
2025-11-27 04:17:06.327  8585-8612  CalculateNumbers        com.app.numerology                   D  Normalizing name...
2025-11-27 04:17:06.327  8585-8612  CalculateNumbers        com.app.numerology                   D   Normalized: 'BUI VAN SON'
2025-11-27 04:17:06.327  8585-8612  CalculateNumbers        com.app.numerology                   D  Calculating Expression Number...
2025-11-27 04:17:06.327  8585-8612  CalculateNumbers        com.app.numerology                   D   Expression: 9
2025-11-27 04:17:06.327  8585-8612  CalculateNumbers        com.app.numerology                   D  Calculating Soul Urge Number...
2025-11-27 04:17:06.328  8585-8612  CalculateNumbers        com.app.numerology                   D   Soul Urge: 1
2025-11-27 04:17:06.328  8585-8612  CalculateNumbers        com.app.numerology                   D  Calculating Personality Number...
2025-11-27 04:17:06.328  8585-8612  CalculateNumbers        com.app.numerology                   D   Personality: 8
2025-11-27 04:17:06.328  8585-8612  CalculateNumbers        com.app.numerology                   D  Calculating Karmic Lessons...
2025-11-27 04:17:06.328  8585-8612  CalculateNumbers        com.app.numerology                   D   Karmic Lessons: [7, 8]
2025-11-27 04:17:06.328  8585-8612  CalculateNumbers        com.app.numerology                   D  Calculating Karmic Debt from Expression...
2025-11-27 04:17:06.329  8585-8612  CalculateNumbers        com.app.numerology                   D   Karmic Debt: []
2025-11-27 04:17:06.329  8585-8612  CalculateNumbers        com.app.numerology                   D  Fetching Expression explanation from DB...
2025-11-27 04:17:06.331  8585-8612  CalculateNumbers        com.app.numerology                   D   Expression Explanation length: 558
2025-11-27 04:17:06.331  8585-8612  CalculateNumbers        com.app.numerology                   D  Fetching Soul Urge explanation from DB...
2025-11-27 04:17:06.333  8585-8612  CalculateNumbers        com.app.numerology                   D   Soul Urge Explanation length: 520
2025-11-27 04:17:06.333  8585-8612  CalculateNumbers        com.app.numerology                   D  Fetching Personality explanation from DB...
2025-11-27 04:17:06.335  8585-8612  CalculateNumbers        com.app.numerology                   D   Personality Explanation length: 313
2025-11-27 04:17:06.335  8585-8612  CalculateNumbers        com.app.numerology                   D  Fetching Karmic Lessons explanations from DB...
2025-11-27 04:17:06.337  8585-8612  CalculateNumbers        com.app.numerology                   D   Karmic Lessons Explanations: 2 found
2025-11-27 04:17:06.337  8585-8612  CalculateNumbers        com.app.numerology                   D  Result: Expression=9, SoulUrge=1, Personality=8, KarmicLessons=2, KarmicDebt=[]
2025-11-27 04:17:06.337  8585-8612  CalculateNumbers        com.app.numerology                   D  === CALCULATION COMPLETE ===
2025-11-27 04:17:06.339  8585-8612  ChatViewModel           com.app.numerology                   D  Full calculation result: LP=9, Expression=9, SoulUrge=1
2025-11-27 04:17:06.364  8585-8612  ChatViewModel           com.app.numerology                   D  Saved NumerologyResult to database
2025-11-27 04:17:06.368  8585-8630  ChatViewModel           com.app.numerology                   D  Creating Phase 2 report...
2025-11-27 04:17:06.368  8585-8611  ChatViewModel           com.app.numerology                   D  Creating InsightReport...
2025-11-27 04:17:06.371  8585-8611  InsightEngine           com.app.numerology                   D  === GENERATING REPORT ===
2025-11-27 04:17:06.372  8585-8611  InsightEngine           com.app.numerology                   D  Focus Area: OVERALL
2025-11-27 04:17:06.372  8585-8611  InsightEngine           com.app.numerology                   D  NumerologyInfo: lifePath=9, birthDay=1, expression=9, soulUrge=1, personality=8, personalYear=6
2025-11-27 04:17:06.375  8585-8585  AppLogger               com.app.numerology                   D   SCREEN DISAPPEAR: chat
2025-11-27 04:17:06.375  8585-8585  AppLogger               com.app.numerology                   D     - Composition count: 0
2025-11-27 04:17:06.375  8585-8585  AppLogger               com.app.numerology                   D     - Lifetime: 8712ms
2025-11-27 04:17:06.375  8585-8585  AppLogger               com.app.numerology                   D     - Active screens: 0
2025-11-27 04:17:06.375  8585-8585  AppLogger               com.app.numerology                   D   SCREEN APPEAR: result/{fullName}/{dob}
2025-11-27 04:17:06.375  8585-8585  AppLogger               com.app.numerology                   D     - Active screens: 1
2025-11-27 04:17:06.375  8585-8611  InsightEngine           com.app.numerology                   D  Collected 6 aspect digits: LIFE_PATH=9 (weight=5), BIRTH_DAY=1 (weight=2), PERSONAL_YEAR=6 (weight=2), EXPRESSION=9 (weight=4), SOUL_URGE=1 (weight=3), PERSONALITY=8 (weight=3)
2025-11-27 04:17:06.375  8585-8585  AppLogger               com.app.numerology                   D     - In navigation stack: true
2025-11-27 04:17:06.375  8585-8585  AppLogger               com.app.numerology                   D     - Timestamp: 1764188226375
