2025-11-28 16:17:06.588 30856-30856 ViewRootIm...nActivity] com.yourname.smartrecorder           I  setupSync seqId=0 mSyncId=0 fn=1 caller=android.view.ViewRootImpl$$ExternalSyntheticLambda11.accept:6 android.window.SurfaceSyncer.lambda$setupSync$1$android-window-SurfaceSyncer:128 android.window.SurfaceSyncer$$ExternalSyntheticLambda1.accept:8 android.window.SurfaceSyncer$SyncSet.checkIfSyncIsComplete:382 android.window.SurfaceSyncer$SyncSet.markSyncReady:359 android.window.SurfaceSyncer.markSyncReady:151 android.view.ViewRootImpl.performTraversals:4503 
2025-11-28 16:17:06.588 30856-30856 ViewRootIm...nActivity] com.yourname.smartrecorder           I  reportDrawFinished seqId=0 mSyncId=-1 fn=1 mSurfaceChangedTransaction=0x716dc33490
2025-11-28 16:17:06.588  1198-1907  WindowManager           system_server                        D  finishDrawingWindow: Window{3f937f2 u0 com.yourname.smartrecorder/com.yourname.smartrecorder.MainActivity} mDrawState=DRAW_PENDING seqId=0
2025-11-28 16:17:06.593  1198-1288  WindowManager           system_server                        V  Finish starting ActivityRecord{4e70a6a u0 com.yourname.smartrecorder/.MainActivity} t22743}: first real window is shown, no animation
2025-11-28 16:17:06.594  1198-1288  WindowManager           system_server                        V  Schedule remove starting ActivityRecord{4e70a6a u0 com.yourname.smartrecorder/.MainActivity} t22743} startingWindow=null startingView=null Callers=com.android.server.wm.ActivityRecord.removeStartingWindow:3246 com.android.server.wm.ActivityRecord.onFirstWindowDrawn:7482 com.android.server.wm.WindowState.performShowLocked:5519 com.android.server.wm.WindowStateAnimator.commitFinishDrawingLocked:352 com.android.server.wm.DisplayContent.lambda$new$8:1189 
2025-11-28 16:17:06.595  1198-1288  WindowManager           system_server                        V  performShowLocked: mDrawState=HAS_DRAWN in Window{3f937f2 u0 com.yourname.smartrecorder/com.yourname.smartrecorder.MainActivity}
2025-11-28 16:17:06.599  1198-1284  PkgPredict...erviceImpl system_server                        I  reportToNAP uid:11009 com.yourname.smartrecorder/com.yourname.smartrecorder.MainActivity thisTime:1044
2025-11-28 16:17:06.602  1198-1907  InputDispatcher         system_server                        D  Focus entered window (0): 3f937f2 com.yourname.smartrecorder/com.yourname.smartrecorder.MainActivity
2025-11-28 16:17:06.607  1198-1288  TaskOrganizerController system_server                        D  applyStartingWindowAnimation, window=Window{3f937f2 u0 com.yourname.smartrecorder/com.yourname.smartrecorder.MainActivity}, caller=com.android.server.wm.TaskOrganizerController.removeStartingWindow:573 com.android.server.wm.StartingSurfaceController$StartingSurface.remove:287 com.android.server.wm.ActivityRecord.lambda$removeStartingWindowAnimation$6:3311 
2025-11-28 16:17:06.607  1198-1288  WindowManager           system_server                        I  Reparenting to leash, surface=Surface(name=3f937f2 com.yourname.smartrecorder/com.yourname.smartrecorder.MainActivity)/@0x5f6411c, leashParent=Surface(name=ActivityRecord{4e70a6a u0 com.yourname.smartrecorder/.MainActivity} t22743})/@0x9587125
2025-11-28 16:17:06.608   858-1169  SurfaceFlinger          surfaceflinger                       I  id=51213 createSurf flag=24000, Surface(name=3f937f2 com.yourname.smartrecorder/com.yourname.smartrecorder.MainActivity)/@0x5f6411c - animation-leash of starting_reveal#51213
2025-11-28 16:17:06.609  1198-1288  WindowManager           system_server                        D  makeSurface duration=2 leash=Surface(name=Surface(name=3f937f2 com.yourname.smartrecorder/com.yourname.smartrecorder.MainActivity)/@0x5f6411c - animation-leash of starting_reveal)/@0x9cc0ab
2025-11-28 16:17:06.610  1198-1288  ActivityTaskManager     system_server                        D  mStartingWindow and mStartingData is null for token=ActivityRecord{4e70a6a u0 com.yourname.smartrecorder/.MainActivity} t22743}
2025-11-28 16:17:06.611   858-858   SurfaceFlinger          surfaceflinger                       D  Display 4633128672291735937 HWC layers:
                                                                                                         DEVICE | 0x70f52d41f0 | 0102 | RGBA_8888    |    0.0    0.0 1440.0 3088.0 |    0    0 1440 3088 | com.yourname.smartrecorder/com.yourn[...]rtrecorder.MainActivity$_30856#51210
                                                                                                         DEVICE | 0x70f52daa90 | 0100 | RGBA_8888    |    0.0    0.0 1440.0 3088.0 |    0    0 1440 3088 | Splash Screen com.yourname.smartrecorder$_22947#51199
                                                                                                         CLIENT |              | 0000 |  Unknown  |    0.0    0.0    0.0    0.0 |  694  128 1402  542 | Task=22702#46682
                                                                                                         CLIENT |              | 0002 |  Unknown  |    0.0    0.0    0.0    0.0 |  712  146 1384  524 | Background for SurfaceView[com.googl[...]oneycomb.Shell$HomeActivity]@0#51179
                                                                                                         CLIENT | 0x70f52f01b0 | 0102 | 0x0000105    |    0.0    0.0 1280.0  720.0 |  712  146 1384  524 | SurfaceView[com.google.android.youtu[...]b.Shell$HomeActivity]@0(BLAST)#51178
                                                                                                         CLIENT | 0x70f52e7e10 | 0100 | RGBA_8888    |    0.0    0.0  672.0  378.0 |  712  146 1384  524 | com.google.android.youtube/com.googl[...]comb.Shell$HomeActivity$_
2025-11-28 16:17:06.611 30856-30856 ViewRootIm...nActivity] com.yourname.smartrecorder           I  MSG_WINDOW_FOCUS_CHANGED 1 0
2025-11-28 16:17:06.612 30856-30856 ViewRootIm...nActivity] com.yourname.smartrecorder           I  mThreadedRenderer.initializeIfNeeded()#2 mSurface={isValid=true 0x723dc37cf0}
2025-11-28 16:17:06.612 30856-30856 InputMethodManager      com.yourname.smartrecorder           D  startInputInner - Id : 0
2025-11-28 16:17:06.612 30856-30856 InputMethodManager      com.yourname.smartrecorder           I  startInputInner - mService.startInputOrWindowGainedFocus
2025-11-28 16:17:06.615  1198-1284  ActivityTaskManager     system_server                        I  Displayed com.yourname.smartrecorder/.MainActivity: +1s44ms
2025-11-28 16:17:06.615  1198-1284  Pageboost               system_server                        I  Launch time gathered : pid 30856 com.yourname.smartrecorder 1044
2025-11-28 16:17:06.624  1198-4180  WindowManager           system_server                        V  Relayout Window{718ebbe u0 Splash Screen com.yourname.smartrecorder}: viewVisibility=0 req=1440x3088 d0
2025-11-28 16:17:06.627 22947-22947 SamsungLig...trolHelper com.android.systemui                 D  onStatusBarAppearanceChanged() -  sbModeChanged:false, statusBarMode:MODE_TRANSPARENT, barState:SHADE, isKeyguardShowing:false, navbarColorManagedByIme:false, stackAppearancesChanged:true, (AppearanceRegion{ bounds=[0,0][1440,3088]}, ), packageName:com.yourname.smartrecorder
2025-11-28 16:17:06.627 22947-22947 NavigationBar           com.android.systemui                 D  onSystemBarAttributesChanged() -  displayId:0, appearance:0, packageName: com.yourname.smartrecorder, navbarColorManagedByIme:false
2025-11-28 16:17:06.627  1198-4180  WindowManager           system_server                        D  updateSystemBarAttributes: displayId=0, win=Window{3f937f2 u0 com.yourname.smartrecorder/com.yourname.smartrecorder.MainActivity}, navColorWin=Window{718ebbe u0 Splash Screen com.yourname.smartrecorder}, focusedCanBeNavColorWin=false, behavior=1, appearance=0, statusBarAppearanceRegions=[AppearanceRegion{ bounds=[0,0][1440,3088]}], requestedVisibilities=, from=com.android.server.wm.DisplayPolicy.finishPostLayoutPolicyLw:2531 com.android.server.wm.DisplayContent.applySurfaceChangesTransaction:5713 com.android.server.wm.RootWindowContainer.applySurfaceChangesTransaction:1234 
2025-11-28 16:17:06.628 22947-22947 SamsungLig...trolHelper com.android.systemui                 D  updateNavigation(White button) isLightBar:false, hasLightBarNavigationBarFlag:false, packageName:com.yourname.smartrecorder, DirectReplying:false, NavBarColorManagerdByIme:false, ForceDarkForScrim:false, QsCustomizing:false, PanelHasWhiteBg:true
2025-11-28 16:17:06.628 22947-22947 SamsungLig...trolHelper com.android.systemui                 D  updateStatus(WHITE icon) NumStacks:1, StatusBarMode:MODE_TRANSPARENT, lightBarBounds:[], StatusBarState:SHADE, packageName:com.yourname.smartrecorder, isWhiteKeyguardStatusBarBySettings:true
2025-11-28 16:17:06.634 22947-22995 InsetsController        com.android.systemui                 D  onStateChanged: InsetsState: {mDisplayFrame=Rect(0, 0 - 1440, 3088), mDisplayCutout=DisplayCutout{insets=Rect(0, 89 - 0, 0) waterfall=Insets{left=0, top=0, right=0, bottom=0} boundingRect={Bounds=[Rect(0, 0 - 0, 0), Rect(685, 0 - 755, 89), Rect(0, 0 - 0, 0), Rect(0, 0 - 0, 0)]} cutoutPathParserInfo={CutoutPathParserInfo{displayWidth=1440 displayHeight=3088 physicalDisplayWidth=1440 physicalDisplayHeight=3088 density={3.5} cutoutSpec={M 0,0 H -10 V 25.42857142857143 H 10 V 0 H 0 Z @dp} rotation={0} scale={1.0} physicalPixelDisplaySizeRatio={1.0}}}}, mRoundedCorners=RoundedCorners{[RoundedCorner{position=TopLeft, radius=112, center=Point(112, 112)}, RoundedCorner{position=TopRight, radius=112, center=Point(1328, 112)}, RoundedCorner{position=BottomRight, radius=112, center=Point(1328, 2976)}, RoundedCorner{position=BottomLeft, radius=112, center=Point(112, 2976)}]}  mRoundedCornerFrame=Rect(0, 0 - 1440, 3088), mPrivacyIndicatorBounds=PrivacyIndicatorBounds {static bounds=Rect(1286, 0 - 1440, 90) rotation=0}, mSources= { InsetsSource: {mType=ITYPE_STATUS_BAR, mFrame=[0,0][1440,90], mVisible=true, mInsetsRoundedCornerFrame=false}, InsetsSource: {mType=ITYPE_NAVIGATION_BAR, mFrame=[0,2920][1440,3088], mVisible=true, mInsetsRoundedCornerFrame=false}, InsetsSource: {mType=ITYPE_LEFT_GESTURES, mFrame=[0,0][0,3088], mVisible=true, mInsetsRoundedCornerFrame=false}, InsetsSource: {mType=ITYPE_RIGHT_GESTURES, mFrame=[1440,0][1440,3088], mVisible=true, mInsetsRoundedCornerFrame=false}, InsetsSource: {mType=ITYPE_TOP_MANDATORY_GESTURES, mFrame=[0,0][1440,131], mVisible=true, mInsetsRoundedCornerFrame=false}, InsetsSource: {mType=ITYPE_BOTTOM_MANDATORY_GESTURES, mFrame=[0,2920][1440,3088], mVisible=true, mInsetsRoundedCornerFrame=false}, InsetsSource: {mType=ITYPE_LEFT_DISPLAY_CUTOUT, mFrame=[0,0][-100000,3088], mVisible=true, mInsetsRoundedCornerFrame=false}, InsetsSource: {mType=ITYPE_TOP_DISPLAY_CUTOUT, mFrame=[0,0][1440,89], mVisible=true, mInsetsRoundedCornerFrame=false}, InsetsSource: {mType=ITYPE_RIGHT_DISPLAY_CUTOUT, mFrame=[100000,0][1440,3088], mVisible=true, mInsetsRoundedCornerFrame=false}, InsetsSource: {mType=ITYPE_BOTTOM_DISPLAY_CUTOUT, mFrame=[0,100000][1440,3088], mVisible=true, mInsetsRoundedCornerFrame=false}, InsetsSource: {mType=ITYPE_TOP_TAPPABLE_ELEMENT, mFrame=[0,0][1440,90], mVisible=true, mInsetsRoundedCornerFrame=false}, InsetsSource: {mType=ITYPE_BOTTOM_TAPPABLE_ELEMENT, mFrame=[0,2920][1440,3088], mVisible=true, mInsetsRoundedCornerFrame=false} } host=Splash Screen com.yourname.smartrecorder from=android.view.ViewRootImpl.relayoutWindow:9802
2025-11-28 16:17:06.663 30856-30862 e.smartrecorder         com.yourname.smartrecorder           I  Compiler allocated 6178KB to compile void android.view.ViewRootImpl.performTraversals()
2025-11-28 16:17:06.671  1198-1907  WindowManager           system_server                        V  Relayout Window{718ebbe u0 Splash Screen com.yourname.smartrecorder}: viewVisibility=8 req=1440x3088 d0
2025-11-28 16:17:06.673  1198-1907  WindowManager           system_server                        D  updateSystemBarAttributes: displayId=0, win=Window{3f937f2 u0 com.yourname.smartrecorder/com.yourname.smartrecorder.MainActivity}, navColorWin=Window{3f937f2 u0 com.yourname.smartrecorder/com.yourname.smartrecorder.MainActivity}, focusedCanBeNavColorWin=false, behavior=1, appearance=16, statusBarAppearanceRegions=[AppearanceRegion{ bounds=[0,0][1440,3088]}], requestedVisibilities=, from=com.android.server.wm.DisplayPolicy.finishPostLayoutPolicyLw:2531 com.android.server.wm.DisplayContent.applySurfaceChangesTransaction:5713 com.android.server.wm.RootWindowContainer.applySurfaceChangesTransaction:1234 
2025-11-28 16:17:06.680 22947-22995 InsetsController        com.android.systemui                 D  onStateChanged: InsetsState: {mDisplayFrame=Rect(0, 0 - 1440, 3088), mDisplayCutout=DisplayCutout{insets=Rect(0, 89 - 0, 0) waterfall=Insets{left=0, top=0, right=0, bottom=0} boundingRect={Bounds=[Rect(0, 0 - 0, 0), Rect(685, 0 - 755, 89), Rect(0, 0 - 0, 0), Rect(0, 0 - 0, 0)]} cutoutPathParserInfo={CutoutPathParserInfo{displayWidth=1440 displayHeight=3088 physicalDisplayWidth=1440 physicalDisplayHeight=3088 density={3.5} cutoutSpec={M 0,0 H -10 V 25.42857142857143 H 10 V 0 H 0 Z @dp} rotation={0} scale={1.0} physicalPixelDisplaySizeRatio={1.0}}}}, mRoundedCorners=RoundedCorners{[RoundedCorner{position=TopLeft, radius=112, center=Point(112, 112)}, RoundedCorner{position=TopRight, radius=112, center=Point(1328, 112)}, RoundedCorner{position=BottomRight, radius=112, center=Point(1328, 2976)}, RoundedCorner{position=BottomLeft, radius=112, center=Point(112, 2976)}]}  mRoundedCornerFrame=Rect(0, 0 - 1440, 3088), mPrivacyIndicatorBounds=PrivacyIndicatorBounds {static bounds=Rect(1286, 0 - 1440, 90) rotation=0}, mSources= { InsetsSource: {mType=ITYPE_STATUS_BAR, mFrame=[0,0][1440,90], mVisible=true, mInsetsRoundedCornerFrame=false}, InsetsSource: {mType=ITYPE_NAVIGATION_BAR, mFrame=[0,2920][1440,3088], mVisible=true, mInsetsRoundedCornerFrame=false}, InsetsSource: {mType=ITYPE_LEFT_GESTURES, mFrame=[0,0][0,3088], mVisible=true, mInsetsRoundedCornerFrame=false}, InsetsSource: {mType=ITYPE_RIGHT_GESTURES, mFrame=[1440,0][1440,3088], mVisible=true, mInsetsRoundedCornerFrame=false}, InsetsSource: {mType=ITYPE_TOP_MANDATORY_GESTURES, mFrame=[0,0][1440,131], mVisible=true, mInsetsRoundedCornerFrame=false}, InsetsSource: {mType=ITYPE_BOTTOM_MANDATORY_GESTURES, mFrame=[0,2920][1440,3088], mVisible=true, mInsetsRoundedCornerFrame=false}, InsetsSource: {mType=ITYPE_LEFT_DISPLAY_CUTOUT, mFrame=[0,0][-100000,3088], mVisible=true, mInsetsRoundedCornerFrame=false}, InsetsSource: {mType=ITYPE_TOP_DISPLAY_CUTOUT, mFrame=[0,0][1440,89], mVisible=true, mInsetsRoundedCornerFrame=false}, InsetsSource: {mType=ITYPE_RIGHT_DISPLAY_CUTOUT, mFrame=[100000,0][1440,3088], mVisible=true, mInsetsRoundedCornerFrame=false}, InsetsSource: {mType=ITYPE_BOTTOM_DISPLAY_CUTOUT, mFrame=[0,100000][1440,3088], mVisible=true, mInsetsRoundedCornerFrame=false}, InsetsSource: {mType=ITYPE_TOP_TAPPABLE_ELEMENT, mFrame=[0,0][1440,90], mVisible=true, mInsetsRoundedCornerFrame=false}, InsetsSource: {mType=ITYPE_BOTTOM_TAPPABLE_ELEMENT, mFrame=[0,2920][1440,3088], mVisible=true, mInsetsRoundedCornerFrame=false}, InsetsSource: {mType=ITYPE_IME, mFrame=[0,0][0,0], mVisibleFrame=[0,1886][1440,3088], mVisible=false, mInsetsRoundedCornerFrame=false} } host=Splash Screen com.yourname.smartrecorder from=android.view.ViewRootImpl.relayoutWindow:9802
2025-11-28 16:17:06.683   858-858   Layer                   surfaceflinger                       I  Layer [Splash Screen com.yourname.smartrecorder$_22947#51199] hidden!! flag(1)
2025-11-28 16:17:06.687   858-858   SurfaceFlinger          surfaceflinger                       D  Display 4633128672291735937 HWC layers:
                                                                                                         DEVICE | 0x70f529e430 | 0102 | RGBA_8888    |    0.0    0.0 1440.0 3088.0 |    0    0 1440 3088 | com.yourname.smartrecorder/com.yourn[...]rtrecorder.MainActivity$_30856#51210
                                                                                                         CLIENT |              | 0000 |  Unknown  |    0.0    0.0    0.0    0.0 |  694  128 1402  542 | Task=22702#46682
                                                                                                         CLIENT |              | 0002 |  Unknown  |    0.0    0.0    0.0    0.0 |  712  146 1384  524 | Background for SurfaceView[com.googl[...]oneycomb.Shell$HomeActivity]@0#51179
                                                                                                         CLIENT | 0x70f52f01b0 | 0102 | 0x0000105    |    0.0    0.0 1280.0  720.0 |  712  146 1384  524 | SurfaceView[com.google.android.youtu[...]b.Shell$HomeActivity]@0(BLAST)#51178
                                                                                                         CLIENT | 0x70f52e7e10 | 0100 | RGBA_8888    |    0.0    0.0  672.0  378.0 |  712  146 1384  524 | com.google.android.youtube/com.googl[...]comb.Shell$HomeActivity$_29596#51175
                                                                                                         DEVICE | 0x70f52a03b0 | 0100 | RGBA_8888    |    0.0    0.0 1440.0   90.0 |    0    0 1440   90 | StatusBar$_22947#4630
                                                                                                         DEVICE | 0x70f5
2025-11-28 16:17:06.692  1198-4180  WindowManager           system_server                        D  Starting window removed Window{718ebbe u0 Splash Screen com.yourname.smartrecorder}
2025-11-28 16:17:06.692  1198-4180  WindowManager           system_server                        I  Cancelling animation restarting=false, leash=Surface(name=Surface(name=3f937f2 com.yourname.smartrecorder/com.yourname.smartrecorder.MainActivity)/@0x5f6411c - animation-leash of starting_reveal)/@0x9cc0ab
2025-11-28 16:17:06.692  1198-4180  WindowManager           system_server                        I  Reparenting to original parent: Surface(name=ActivityRecord{4e70a6a u0 com.yourname.smartrecorder/.MainActivity} t22743})/@0x9587125, destroy=false, surface=Surface(name=3f937f2 com.yourname.smartrecorder/com.yourname.smartrecorder.MainActivity)/@0x5f6411c
2025-11-28 16:17:06.692  1198-4180  InputManager-JNI        system_server                        W  Input channel object '718ebbe Splash Screen com.yourname.smartrecorder (client)' was disposed without first being removed with the input manager!
2025-11-28 16:17:06.692  1198-4180  WindowManager           system_server                        V  Remove Window{718ebbe u0 Splash Screen com.yourname.smartrecorder}: mSurfaceController=Surface(name=Splash Screen com.yourname.smartrecorder$_22947)/@0x12126b2 mAnimatingExit=false mRemoveOnExit=false mHasSurface=true surfaceShowing=false animating=false app-animation=false mWillReplaceWindow=false mDisplayFrozen=false callers=com.android.server.wm.WindowState.removeIfPossible:3047 com.android.server.wm.WindowManagerService.removeWindow:2289 com.android.server.wm.Session.remove:236 android.view.IWindowSession$Stub.onTransact:743 com.android.server.wm.Session.onTransact:188 android.os.Binder.execTransactInternal:1321 
2025-11-28 16:17:06.692  1198-4180  WindowManager           system_server                        I  Destroying surface Surface(name=Splash Screen com.yourname.smartrecorder$_22947)/@0x12126b2 called by com.android.server.wm.WindowStateAnimator.destroySurface:947 com.android.server.wm.WindowStateAnimator.destroySurfaceLocked:537 com.android.server.wm.WindowState.removeImmediately:2975 com.android.server.wm.WindowState.removeIfPossible:3234 com.android.server.wm.WindowState.removeIfPossible:3047 com.android.server.wm.WindowManagerService.removeWindow:2289 com.android.server.wm.Session.remove:236 android.view.IWindowSession$Stub.onTransact:743 
2025-11-28 16:17:06.700   858-858   Layer                   surfaceflinger                       I  id=51198 removeFromCurrentState 718ebbe Splash Screen com.yourname.smartrecorder#51198 (204)
2025-11-28 16:17:06.700   858-858   Layer                   surfaceflinger                       I  id=51199 removeFromCurrentState Splash Screen com.yourname.smartrecorder$_22947#51199 (204)
2025-11-28 16:17:06.700   858-858   Layer                   surfaceflinger                       I  id=51213 removeFromCurrentState Surface(name=3f937f2 com.yourname.smartrecorder/com.yourname.smartrecorder.MainActivity)/@0x5f6411c - animation-leash of starting_reveal#51213 (204)
2025-11-28 16:17:06.700   858-858   Layer                   surfaceflinger                       I  id=51199 removeFromCurrentState Splash Screen com.yourname.smartrecorder$_22947#51199 (204)
2025-11-28 16:17:06.700   858-858   SurfaceFlinger          surfaceflinger                       I  id=51198 Removed 718ebbe Splash Screen com.yourname.smartrecorder#51198 (204)
2025-11-28 16:17:06.700   858-858   SurfaceFlinger          surfaceflinger                       I  id=51199 Removed Splash Screen com.yourname.smartrecorder$_22947#51199 (204)
2025-11-28 16:17:06.700   858-858   Layer                   surfaceflinger                       I  id=51198 Destroyed 718ebbe Splash Screen com.yourname.smartrecorder#51198
2025-11-28 16:17:06.700   858-858   Layer                   surfaceflinger                       I  id=51199 Destroyed Splash Screen com.yourname.smartrecorder$_22947#51199
2025-11-28 16:17:06.722 22947-22947 NavigationBar           com.android.systemui                 D  onSystemBarAttributesChanged() -  displayId:0, appearance:16, packageName: com.yourname.smartrecorder (APPEARANCE_LIGHT_NAVIGATION_BARS ), navbarColorManagedByIme:false
2025-11-28 16:17:06.722 22947-22947 SamsungLig...trolHelper com.android.systemui                 D  updateNavigation(Black button) isLightBar:false, hasLightBarNavigationBarFlag:true, packageName:com.yourname.smartrecorder, DirectReplying:false, NavBarColorManagerdByIme:false, ForceDarkForScrim:false, QsCustomizing:false, PanelHasWhiteBg:true
2025-11-28 16:17:06.808 30856-30856 InputMethodManager      com.yourname.smartrecorder           D  startInputInner - Id : 0
2025-11-28 16:17:06.808 30856-30856 InsetsController        com.yourname.smartrecorder           D  onStateChanged: InsetsState: {mDisplayFrame=Rect(0, 0 - 1440, 3088), mDisplayCutout=DisplayCutout{insets=Rect(0, 89 - 0, 0) waterfall=Insets{left=0, top=0, right=0, bottom=0} boundingRect={Bounds=[Rect(0, 0 - 0, 0), Rect(685, 0 - 755, 89), Rect(0, 0 - 0, 0), Rect(0, 0 - 0, 0)]} cutoutPathParserInfo={CutoutPathParserInfo{displayWidth=1440 displayHeight=3088 physicalDisplayWidth=1440 physicalDisplayHeight=3088 density={3.5} cutoutSpec={M 0,0 H -10 V 25.42857142857143 H 10 V 0 H 0 Z @dp} rotation={0} scale={1.0} physicalPixelDisplaySizeRatio={1.0}}}}, mRoundedCorners=RoundedCorners{[RoundedCorner{position=TopLeft, radius=112, center=Point(112, 112)}, RoundedCorner{position=TopRight, radius=112, center=Point(1328, 112)}, RoundedCorner{position=BottomRight, radius=112, center=Point(1328, 2976)}, RoundedCorner{position=BottomLeft, radius=112, center=Point(112, 2976)}]}  mRoundedCornerFrame=Rect(0, 0 - 1440, 3088), mPrivacyIndicatorBounds=PrivacyIndicatorBounds {static bounds=Rect(1286, 0 - 1440, 90) rotation=0}, mSources= { InsetsSource: {mType=ITYPE_STATUS_BAR, mFrame=[0,0][1440,90], mVisible=true, mInsetsRoundedCornerFrame=false}, InsetsSource: {mType=ITYPE_NAVIGATION_BAR, mFrame=[0,2920][1440,3088], mVisible=true, mInsetsRoundedCornerFrame=false}, InsetsSource: {mType=ITYPE_LEFT_GESTURES, mFrame=[0,0][0,3088], mVisible=true, mInsetsRoundedCornerFrame=false}, InsetsSource: {mType=ITYPE_RIGHT_GESTURES, mFrame=[1440,0][1440,3088], mVisible=true, mInsetsRoundedCornerFrame=false}, InsetsSource: {mType=ITYPE_TOP_MANDATORY_GESTURES, mFrame=[0,0][1440,131], mVisible=true, mInsetsRoundedCornerFrame=false}, InsetsSource: {mType=ITYPE_BOTTOM_MANDATORY_GESTURES, mFrame=[0,2920][1440,3088], mVisible=true, mInsetsRoundedCornerFrame=false}, InsetsSource: {mType=ITYPE_LEFT_DISPLAY_CUTOUT, mFrame=[0,0][-100000,3088], mVisible=true, mInsetsRoundedCornerFrame=false}, InsetsSource: {mType=ITYPE_TOP_DISPLAY_CUTOUT, mFrame=[0,0][1440,89], mVisible=true, mInsetsRoundedCornerFrame=false}, InsetsSource: {mType=ITYPE_RIGHT_DISPLAY_CUTOUT, mFrame=[100000,0][1440,3088], mVisible=true, mInsetsRoundedCornerFrame=false}, InsetsSource: {mType=ITYPE_BOTTOM_DISPLAY_CUTOUT, mFrame=[0,100000][1440,3088], mVisible=true, mInsetsRoundedCornerFrame=false}, InsetsSource: {mType=ITYPE_TOP_TAPPABLE_ELEMENT, mFrame=[0,0][1440,90], mVisible=true, mInsetsRoundedCornerFrame=false}, InsetsSource: {mType=ITYPE_BOTTOM_TAPPABLE_ELEMENT, mFrame=[0,2920][1440,3088], mVisible=true, mInsetsRoundedCornerFrame=false}, InsetsSource: {mType=ITYPE_IME, mFrame=[0,0][0,0], mVisibleFrame=[0,1886][1440,3088], mVisible=false, mInsetsRoundedCornerFrame=false} } host=com.yourname.smartrecorder/com.yourname.smartrecorder.MainActivity from=android.view.ViewRootImpl$ViewRootHandler.handleMessageImpl:6740
2025-11-28 16:17:06.844  1198-2005  MdnieScena...rolService system_server                        D   packageName : com.yourname.smartrecorder    className : com.yourname.smartrecorder.MainActivity
2025-11-28 16:17:06.921  4879-4879  Routine@Co...overHelper com.samsung.android.app.routines     I  setLastResumedPackageForCover mLastResumedPackage = com.yourname.smartrecorder
2025-11-28 16:17:06.922  4879-4879  Routine@Co...cleWatcher com.samsung.android.app.routines     I  notifyLifecycleChanged mCurResumedComponent=com.yourname.smartrecorder
2025-11-28 16:17:06.924 30856-30878 SmartRecor...Transcript com.yourname.smartrecorder           D  [SmartRecorderApplication] Model download progress: 0%%
2025-11-28 16:17:07.165  1198-1287  SGM:GameManager         system_server                        D  identifyForegroundApp. com.yourname.smartrecorder, mCurrentUserId: 0, callerUserId: 0
2025-11-28 16:17:07.165  1198-1287  SGM:PkgDataHelper       system_server                        D  getGamePkgData(). com.yourname.smartrecorder
2025-11-28 16:17:07.204  1198-1376  AppsFilter              system_server                        I  interaction: PackageSetting{bf87b2e com.example.realtalkenglishwithAI/11010} -> PackageSetting{e26a5b com.yourname.smartrecorder/11009} BLOCKED
2025-11-28 16:17:07.209  1198-1284  CompanionD...gerService system_server                        I  onPackageModified() u0/com.yourname.smartrecorder
2025-11-28 16:17:07.211  1198-1198  AppWidgetServiceImpl    system_server                        I  Received broadcast: android.intent.action.PACKAGE_CHANGED, Updates all providers with com.yourname.smartrecorder, userId: 0
2025-11-28 16:17:07.212  1198-1198  DualDARComnService      system_server                        D  reConnectAgentsByPkgName:: package: com.yourname.smartrecorder
2025-11-28 16:17:07.212  1198-1446  OverlayManager          system_server                        D  reconcileSettingsForPackage pkgName=com.yourname.smartrecorder userId=0
2025-11-28 16:17:07.212  1198-1446  OverlayManager          system_server                        I  updateOverlaysForTarget() called with: targetPackage = [com.yourname.smartrecorder], userId = [0], flags = [0], skipUpdateState = [true]
2025-11-28 16:17:07.213 22947-23121 PluginInstanceManager   com.android.systemui                 D  queryPkg com.yourname.smartrecorder com.android.systemui.action.PLUGIN_QS_FACTORY
2025-11-28 16:17:07.213 22947-23121 PluginInstanceManager   com.android.systemui                 D  queryPkg com.yourname.smartrecorder com.android.systemui.action.PEOPLE_HUB_PERSON_EXTRACTOR
2025-11-28 16:17:07.213 22947-23121 PluginInstanceManager   com.android.systemui                 D  queryPkg com.yourname.smartrecorder com.android.systemui.action.PLUGIN_GLOBAL_ACTIONS
2025-11-28 16:17:07.213 22947-23121 PluginInstanceManager   com.android.systemui                 D  queryPkg com.yourname.smartrecorder com.android.systemui.action.PLUGIN_QS
2025-11-28 16:17:07.213 22947-23121 PluginInstanceManager   com.android.systemui                 D  queryPkg com.yourname.smartrecorder com.android.systemui.action.PLUGIN_CLOCK
2025-11-28 16:17:07.213 22947-23121 PluginInstanceManager   com.android.systemui                 D  queryPkg com.yourname.smartrecorder com.android.systemui.action.PLUGIN_LOCKSCREEN_RIGHT_BUTTON
2025-11-28 16:17:07.213 22947-23121 PluginInstanceManager   com.android.systemui                 D  queryPkg com.yourname.smartrecorder com.android.systemui.action.PLUGIN_NOTIFICATION_MENU_ROW
2025-11-28 16:17:07.213 22947-23121 PluginInstanceManager   com.android.systemui                 D  queryPkg com.yourname.smartrecorder com.android.systemui.action.PLUGIN_LOCKSCREEN_RIGHT_BUTTON
2025-11-28 16:17:07.213 22947-23121 PluginInstanceManager   com.android.systemui                 D  queryPkg com.yourname.smartrecorder com.android.systemui.action.PLUGIN_LOCKSCREEN_LEFT_BUTTON
2025-11-28 16:17:07.213 22947-23121 PluginInstanceManager   com.android.systemui                 D  queryPkg com.yourname.smartrecorder com.android.systemui.action.PLUGIN_LOCKSCREEN_LEFT_BUTTON
2025-11-28 16:17:07.213 22947-23121 PluginInstanceManager   com.android.systemui                 D  queryPkg com.yourname.smartrecorder com.android.systemui.action.PLUGIN_NOTIFICATION_ASSISTANT
2025-11-28 16:17:07.213 22947-23121 PluginInstanceManager   com.android.systemui                 D  queryPkg com.yourname.smartrecorder com.android.systemui.action.PLUGIN_OVERLAY
2025-11-28 16:17:07.213 22947-23121 PluginInstanceManager   com.android.systemui                 D  queryPkg com.yourname.smartrecorder com.android.systemui.action.PLUGIN_CLOCK
2025-11-28 16:17:07.213 22947-23121 PluginInstanceManager   com.android.systemui                 D  queryPkg com.yourname.smartrecorder com.samsung.systemui.action.PLUGIN_FACE_WIDGET
2025-11-28 16:17:07.213 22947-23121 PluginInstanceManager   com.android.systemui                 D  queryPkg com.yourname.smartrecorder com.android.systemui.action.PLUGIN_SENSOR_MANAGER
2025-11-28 16:17:07.213 22947-23121 PluginInstanceManager   com.android.systemui                 D  queryPkg com.yourname.smartrecorder com.android.systemui.action.PLUGIN_TOAST
2025-11-28 16:17:07.213 22947-23121 PluginInstanceManager   com.android.systemui                 D  queryPkg com.yourname.smartrecorder com.android.systemui.action.PLUGIN_VOLUME
2025-11-28 16:17:07.215 22947-22947 FaceWidget...dataParser com.android.systemui                 D  updatePackage() com.yourname.smartrecorder false
2025-11-28 16:17:07.215 22947-22947 FaceWidget...dataParser com.android.systemui                 D  removePackage() key = com.yourname.smartrecorder
2025-11-28 16:17:07.218  1706-1706  CarrierSvcBindHelper    com.android.phone                    D  onPackageModified: com.yourname.smartrecorder
2025-11-28 16:17:07.224  1706-1706  ImsResolver             com.android.phone                    D  maybeAddedImsService, packageName: com.yourname.smartrecorder
2025-11-28 16:17:07.224  1198-1198  ApplicationPolicy       system_server                        D  No updatable permission to DENY found for com.yourname.smartrecorder(0)
2025-11-28 16:17:07.227  1198-1198  ApplicationPolicy       system_server                        D  No updatable permission to GRANT found for com.yourname.smartrecorder(0)
2025-11-28 16:17:07.341 30856-30856 ViewRootIm...nActivity] com.yourname.smartrecorder           I  ViewPostIme pointer 0
2025-11-28 16:17:07.377 30856-30856 ViewRootIm...nActivity] com.yourname.smartrecorder           I  ViewPostIme pointer 1
2025-11-28 16:17:07.503  1198-1198  SGM:GameManager         system_server                        D  identifyGamePackage. com.yourname.smartrecorder, mCurrentUserId: 0, callerUserId: 0, callingMethodInfo: com.android.server.ssrm.fgapps.GameAppUtils.isGame(GameAppUtils.java:84)
2025-11-28 16:17:07.503  1198-1198  SGM:PkgDataHelper       system_server                        D  getGamePkgData(). com.yourname.smartrecorder
2025-11-28 16:17:07.508  1198-1198  SGM:GameManager         system_server                        D  identifyGamePackage. com.yourname.smartrecorder, mCurrentUserId: 0, callerUserId: 0, callingMethodInfo: com.android.server.ssrm.fgapps.GameAppUtils.isGame(GameAppUtils.java:84)
2025-11-28 16:17:07.508  1198-1198  SGM:PkgDataHelper       system_server                        D  getGamePkgData(). com.yourname.smartrecorder
2025-11-28 16:17:07.536 30856-30856 ViewRootIm...nActivity] com.yourname.smartrecorder           I  ViewPostIme pointer 0
2025-11-28 16:17:07.553  1198-1198  SGM:GameManager         system_server                        D  identifyGamePackage. com.yourname.smartrecorder, mCurrentUserId: 0, callerUserId: 0, callingMethodInfo: com.android.server.ssrm.fgapps.GameAppUtils.isGame(GameAppUtils.java:84)
2025-11-28 16:17:07.553  1198-1198  SGM:PkgDataHelper       system_server                        D  getGamePkgData(). com.yourname.smartrecorder
2025-11-28 16:17:07.554  1198-1198  SGM:GameManager         system_server                        D  identifyGamePackage. com.yourname.smartrecorder, mCurrentUserId: 0, callerUserId: 0, callingMethodInfo: com.android.server.ssrm.fgapps.GameAppUtils.isGame(GameAppUtils.java:84)
2025-11-28 16:17:07.554  1198-1198  SGM:PkgDataHelper       system_server                        D  getGamePkgData(). com.yourname.smartrecorder
2025-11-28 16:17:07.556 30856-30856 ViewRootIm...nActivity] com.yourname.smartrecorder           I  ViewPostIme pointer 1
2025-11-28 16:17:07.668 30856-30856 ViewRootIm...nActivity] com.yourname.smartrecorder           I  ViewPostIme pointer 0
2025-11-28 16:17:07.743 30856-30856 ViewRootIm...nActivity] com.yourname.smartrecorder           I  ViewPostIme pointer 1
2025-11-28 16:17:07.748 30856-30856 SmartRecorder/ViewModel com.yourname.smartrecorder           D  [OnboardingScreen] Page 2 (Record Audio) Next clicked -> hasPermission: false
2025-11-28 16:17:07.748 30856-30856 SmartRecorder/ViewModel com.yourname.smartrecorder           D  [OnboardingScreen] Requesting record audio permission dialog
2025-11-28 16:17:07.753  1198-1850  ActivityTaskManager     system_server                        D  TaskLaunchParamsModifier:task=Task{387eb5b #22743 type=standard A=11009:com.yourname.smartrecorder U=0 visible=true visibleRequested=true mode=fullscreen translucent=false sz=1} activity=ActivityRecord{adee5f u0 com.google.android.permissioncontroller/com.android.permissioncontroller.permission.ui.GrantPermissionsActivity} t-1} display-area-from-source=DefaultTaskDisplayArea@72262064 display-id=0 display-windowing-mode=1 suggested-display-area=DefaultTaskDisplayArea@72262064 inherit-from-source=fullscreen activity-options-fullscreen=Rect(0, 0 - 0, 0) non-freeform-display display-area=DefaultTaskDisplayArea@72262064 maximized-bounds
2025-11-28 16:17:07.761  1198-1850  ActivityTaskManager     system_server                        D  scheduleTopResumedActivityChanged, onTop=false r=ActivityRecord{4e70a6a u0 com.yourname.smartrecorder/.MainActivity} t22743} caller=com.android.server.wm.ActivityTaskSupervisor.updateTopResumedActivityIfNeeded:2510 com.android.server.wm.TaskFragment.setResumedActivity:493 com.android.server.wm.TaskFragment.onActivityStateChanged:790 com.android.server.wm.ActivityRecord.setState:6428 com.android.server.wm.TaskFragment.startPausing:1880 com.android.server.wm.TaskFragment.startPausing:1817 
2025-11-28 16:17:07.804  1198-1901  WindowManager           system_server                        D  rotationForOrientation, orientationSource=ActivityRecord{4e70a6a u0 com.yourname.smartrecorder/.MainActivity} t22743}
2025-11-28 16:17:07.806  1198-1519  InputDispatcher         system_server                        I  Not sending touch event to 3f937f2 com.yourname.smartrecorder/com.yourname.smartrecorder.MainActivity because it is paused
2025-11-28 16:17:07.808  1198-1901  WindowManager           system_server                        V  Changing focus from Window{3f937f2 u0 com.yourname.smartrecorder/com.yourname.smartrecorder.MainActivity} to null displayId=0 Callers=com.android.server.wm.RootWindowContainer.updateFocusedWindowLocked:595 com.android.server.wm.WindowManagerService.updateFocusedWindowLocked:6810 com.android.server.wm.ActivityTaskManagerService.setResumedActivityUncheckLocked:5766 com.android.server.wm.TaskFragment.onActivityStateChanged:807 
2025-11-28 16:17:07.808  1198-1901  MARsPolicyManager       system_server                        D  onPackageResumedFG pkgName = com.yourname.smartrecorder, userId = 0
2025-11-28 16:17:07.813  1198-1901  WindowManager           system_server                        D  updateSystemBarAttributes: displayId=0, win=Window{e574210 u0 com.google.android.youtube/com.google.android.youtube.app.honeycomb.Shell$HomeActivity}, navColorWin=Window{3f937f2 u0 com.yourname.smartrecorder/com.yourname.smartrecorder.MainActivity}, focusedCanBeNavColorWin=false, behavior=2, appearance=16, statusBarAppearanceRegions=[AppearanceRegion{ bounds=[0,0][1440,3088]}], requestedVisibilities=ITYPE_STATUS_BAR: visible, ITYPE_NAVIGATION_BAR: visible, ITYPE_IME: invisible, ITYPE_CLIMATE_BAR: visible, ITYPE_EXTRA_NAVIGATION_BAR: visible, ITYPE_LOCAL_NAVIGATION_BAR_1: visible, ITYPE_LOCAL_NAVIGATION_BAR_2: visible, from=com.android.server.wm.DisplayPolicy.focusChangedLw:3251 com.android.server.wm.DisplayContent.updateFocusedWindowLocked:4632 com.android.server.wm.RootWindowContainer.updateFocusedWindowLocked:595 
2025-11-28 16:17:07.818  1198-1287  SGM:FgCheckThread       system_server                        D  notePauseComponent(), received pkgName: com.yourname.smartrecorder, userId: 0
2025-11-28 16:17:07.818  4879-8430  Routine@Co...stenerImpl com.samsung.android.app.routines     I  onPauseComponent: componentName - ComponentInfo{com.yourname.smartrecorder/com.yourname.smartrecorder.MainActivity}
2025-11-28 16:17:07.819   858-858   SurfaceFlinger          surfaceflinger                       I  [3f937f2 com.yourname.smartrecorder/com.yourname.smartrecorder.MainActivity#51209] FrameRatePriority: -1
2025-11-28 16:17:07.821  1198-1198  SGM:GameManager         system_server                        D  identifyGamePackage. com.yourname.smartrecorder, mCurrentUserId: 0, callerUserId: 0, callingMethodInfo: com.android.server.ssrm.fgapps.GameAppUtils.isGame(GameAppUtils.java:84)
2025-11-28 16:17:07.821  1198-1198  SGM:PkgDataHelper       system_server                        D  getGamePkgData(). com.yourname.smartrecorder
2025-11-28 16:17:07.824  1198-1198  SGM:GameManager         system_server                        D  identifyGamePackage. com.yourname.smartrecorder, mCurrentUserId: 0, callerUserId: 0, callingMethodInfo: com.android.server.ssrm.fgapps.GameAppUtils.isGame(GameAppUtils.java:84)
2025-11-28 16:17:07.825  1198-1198  SGM:PkgDataHelper       system_server                        D  getGamePkgData(). com.yourname.smartrecorder
2025-11-28 16:17:07.837  1198-4203  InputDispatcher         system_server                        D  Focus left window (0): 3f937f2 com.yourname.smartrecorder/com.yourname.smartrecorder.MainActivity
2025-11-28 16:17:07.854 30856-30856 ViewRootIm...nActivity] com.yourname.smartrecorder           I  MSG_WINDOW_FOCUS_CHANGED 0 0
2025-11-28 16:17:07.863  1198-1850  WindowManager           system_server                        D  updateSystemBarAttributes: displayId=0, win=Window{b6d2058 u0 com.google.android.permissioncontroller/com.android.permissioncontroller.permission.ui.GrantPermissionsActivity}, navColorWin=Window{3f937f2 u0 com.yourname.smartrecorder/com.yourname.smartrecorder.MainActivity}, focusedCanBeNavColorWin=false, behavior=1, appearance=16, statusBarAppearanceRegions=[AppearanceRegion{ bounds=[0,0][1440,3088]}], requestedVisibilities=, from=com.android.server.wm.DisplayPolicy.focusChangedLw:3251 com.android.server.wm.DisplayContent.updateFocusedWindowLocked:4632 com.android.server.wm.RootWindowContainer.updateFocusedWindowLocked:595 
2025-11-28 16:17:07.919  1198-1198  SGM:GameManager         system_server                        D  identifyGamePackage. com.yourname.smartrecorder, mCurrentUserId: 0, callerUserId: 0, callingMethodInfo: com.android.server.ssrm.fgapps.GameAppUtils.isGame(GameAppUtils.java:84)
2025-11-28 16:17:07.919  1198-1198  SGM:PkgDataHelper       system_server                        D  getGamePkgData(). com.yourname.smartrecorder
2025-11-28 16:17:07.926  1198-1198  SGM:GameManager         system_server                        D  identifyGamePackage. com.yourname.smartrecorder, mCurrentUserId: 0, callerUserId: 0, callingMethodInfo: com.android.server.ssrm.fgapps.GameAppUtils.isGame(GameAppUtils.java:84)
2025-11-28 16:17:07.927  1198-1198  SGM:PkgDataHelper       system_server                        D  getGamePkgData(). com.yourname.smartrecorder
2025-11-28 16:17:07.942   858-858   SurfaceFlinger          surfaceflinger                       D  Display 4633128672291735937 HWC layers:
                                                                                                         DEVICE | 0x70f52f0f30 | 0102 | RGBA_8888    |    0.0    0.0 1440.0 3088.0 |    0    0 1440 3088 | com.yourname.smartrecorder/com.yourn[...]rtrecorder.MainActivity$_30856#51210
                                                                                                     SOLID_COLOR |              | 0000 |  Unknown  |    0.0    0.0    0.0    0.0 |    0    0 1440 3088 | Dim Layer for - Task=22743#51223
                                                                                                         DEVICE | 0x70f52e0d90 | 0100 | RGBA_8888    |    8.0    0.0 1448.0 1101.0 |    0 1828 1440 2929 | com.google.android.permissioncontrol[...]rantPermissionsActivity$_12631#51219
                                                                                                         CLIENT |              | 0000 |  Unknown  |    0.0    0.0    0.0    0.0 |  694  128 1402  542 | Task=22702#46682
                                                                                                         CLIENT |              | 0002 |  Unknown  |    0.0    0.0    0.0    0.0 |  712  146 1384  524 | Background for SurfaceView[com.googl[...]oneycomb.Shell$HomeActivity]@0#51179
                                                                                                         CLIENT | 0x70f52f01b0 | 0102 | 0x0000105    |    0.0    0.0 1280.0  720.0 |  712  146 1384  524 | SurfaceView[com.google.android.youtu[...]b.Shell$HomeActivity]@0(BLAST)#51178
                                                                                                         CLIENT
2025-11-28 16:17:07.970 30856-30862 e.smartrecorder         com.yourname.smartrecorder           I  Compiler allocated 4336KB to compile void com.yourname.smartrecorder.ui.onboarding.OnboardingScreenKt.OnboardingScreen(kotlin.jvm.functions.Function0, kotlin.jvm.functions.Function0, kotlin.jvm.functions.Function0, com.yourname.smartrecorder.ui.onboarding.OnboardingViewModel, androidx.compose.runtime.Composer, int, int)
2025-11-28 16:17:07.981 30856-30856 InputTransport          com.yourname.smartrecorder           D  Input channel destroyed: 'ClientS', fd=130
2025-11-28 16:17:08.376 30856-30878 SmartRecor...Transcript com.yourname.smartrecorder           D  [SmartRecorderApplication] Model download progress: 20%%
2025-11-28 16:17:08.525  1198-1287  SGM:GameManager         system_server                        D  identifyForegroundApp. com.yourname.smartrecorder, mCurrentUserId: 0, callerUserId: 0
2025-11-28 16:17:08.525  1198-1287  SGM:PkgDataHelper       system_server                        D  getGamePkgData(). com.yourname.smartrecorder
2025-11-28 16:17:08.724 12631-12631 GrantPermi...sViewModel com....android.permissioncontroller  I  Logged buttons presented and clicked permissionGroupName=android.permission-group.MICROPHONE uid=11009 selectedPrecision=0 package=com.yourname.smartrecorder presentedButtons=44 clickedButton=4 isPermissionRationaleShown=false sessionId=5835439469842086849 targetSdk=36
2025-11-28 16:17:08.731  1198-4174  MARsPolicyManager       system_server                        D  onPackageResumedFG pkgName = com.yourname.smartrecorder, userId = 0
2025-11-28 16:17:08.731  1198-4174  ActivityTaskManager     system_server                        D  scheduleTopResumedActivityChanged, onTop=true r=ActivityRecord{4e70a6a u0 com.yourname.smartrecorder/.MainActivity} t22743} caller=com.android.server.wm.ActivityTaskSupervisor.scheduleTopResumedActivityStateIfNeeded:2535 com.android.server.wm.ActivityTaskSupervisor.updateTopResumedActivityIfNeeded:2527 com.android.server.wm.TaskFragment.setResumedActivity:493 com.android.server.wm.TaskFragment.onActivityStateChanged:805 com.android.server.wm.ActivityRecord.setState:6428 com.android.server.wm.TaskFragment.resumeTopActivity:1629 
2025-11-28 16:17:08.732  1198-4174  InputDispatcher         system_server                        D  Focused application(0): ActivityRecord{4e70a6a u0 com.yourname.smartrecorder/.MainActivity} t22743}
2025-11-28 16:17:08.732  1198-4174  WindowManager           system_server                        V  Changing focus from Window{b6d2058 u0 com.google.android.permissioncontroller/com.android.permissioncontroller.permission.ui.GrantPermissionsActivity} to Window{3f937f2 u0 com.yourname.smartrecorder/com.yourname.smartrecorder.MainActivity} displayId=0 Callers=com.android.server.wm.RootWindowContainer.updateFocusedWindowLocked:595 com.android.server.wm.WindowManagerService.updateFocusedWindowLocked:6810 com.android.server.wm.ActivityTaskManagerService.setResumedActivityUncheckLocked:5766 com.android.server.wm.TaskFragment.onActivityStateChanged:807 
2025-11-28 16:17:08.734  1198-4174  WindowManager           system_server                        D  updateSystemBarAttributes: displayId=0, win=Window{3f937f2 u0 com.yourname.smartrecorder/com.yourname.smartrecorder.MainActivity}, navColorWin=Window{b6d2058 u0 com.google.android.permissioncontroller/com.android.permissioncontroller.permission.ui.GrantPermissionsActivity}, focusedCanBeNavColorWin=false, behavior=1, appearance=0, statusBarAppearanceRegions=[AppearanceRegion{ bounds=[0,0][1440,3088]}], requestedVisibilities=, from=com.android.server.wm.DisplayPolicy.focusChangedLw:3251 com.android.server.wm.DisplayContent.updateFocusedWindowLocked:4632 com.android.server.wm.RootWindowContainer.updateFocusedWindowLocked:595 
2025-11-28 16:17:08.735  1198-4174  WindowManager           system_server                        D  rotationForOrientation, orientationSource=ActivityRecord{4e70a6a u0 com.yourname.smartrecorder/.MainActivity} t22743}
2025-11-28 16:17:08.738 30856-30856 Compatibil...geReporter com.yourname.smartrecorder           D  Compat change id reported: 78294732; UID 11009; state: ENABLED
2025-11-28 16:17:08.738 30856-30856 SmartRecorder/ViewModel com.yourname.smartrecorder           D  [OnboardingScreen] Record audio permission result -> granted: true
2025-11-28 16:17:08.739 30856-30856 ViewRootIm...nActivity] com.yourname.smartrecorder           I  stopped(false) old = false
2025-11-28 16:17:08.739 30856-30856 DecorView               com.yourname.smartrecorder           I  notifyKeepScreenOnChanged: keepScreenOn=false
2025-11-28 16:17:08.742  1198-4174  ActivityTaskManager     system_server                        D  mStartingWindow and mStartingData is null for token=ActivityRecord{4e70a6a u0 com.yourname.smartrecorder/.MainActivity} t22743}
2025-11-28 16:17:08.743  1198-4174  WindowManager           system_server                        D  updateSystemBarAttributes: displayId=0, win=Window{3f937f2 u0 com.yourname.smartrecorder/com.yourname.smartrecorder.MainActivity}, navColorWin=Window{3f937f2 u0 com.yourname.smartrecorder/com.yourname.smartrecorder.MainActivity}, focusedCanBeNavColorWin=false, behavior=1, appearance=16, statusBarAppearanceRegions=[AppearanceRegion{ bounds=[0,0][1440,3088]}], requestedVisibilities=, from=com.android.server.wm.DisplayPolicy.finishPostLayoutPolicyLw:2531 com.android.server.wm.DisplayContent.applySurfaceChangesTransaction:5713 com.android.server.wm.RootWindowContainer.applySurfaceChangesTransaction:1234 
2025-11-28 16:17:08.746 22947-22947 NavigationBar           com.android.systemui                 D  onSystemBarAttributesChanged() -  displayId:0, appearance:16, packageName: com.yourname.smartrecorder (APPEARANCE_LIGHT_NAVIGATION_BARS ), navbarColorManagedByIme:false
2025-11-28 16:17:08.747 22947-22947 SamsungLig...trolHelper com.android.systemui                 D  updateNavigation(Black button) isLightBar:false, hasLightBarNavigationBarFlag:true, packageName:com.yourname.smartrecorder, DirectReplying:false, NavBarColorManagerdByIme:false, ForceDarkForScrim:false, QsCustomizing:false, PanelHasWhiteBg:true
2025-11-28 16:17:08.751 30856-30856 MSHandlerLifeCycle      com.yourname.smartrecorder           I  removeMultiSplitHandler: no exist. decor=DecorView@b7682e1[MainActivity]
2025-11-28 16:17:08.755   858-858   SurfaceFlinger          surfaceflinger                       I  [3f937f2 com.yourname.smartrecorder/com.yourname.smartrecorder.MainActivity#51209] FrameRatePriority: 1
2025-11-28 16:17:08.756 30856-30856 ViewRootIm...nActivity] com.yourname.smartrecorder           I  performTraversals params={(0,0)(fillxfill) sim={adjust=pan forwardNavigation} layoutInDisplayCutoutMode=always ty=BASE_APPLICATION wanim=0x1030309
                                                                                                      fl=81810100
                                                                                                      pfl=16020040
                                                                                                      vsysui=110
                                                                                                      apr=LIGHT_NAVIGATION_BARS
