2025-11-28 17:38:11.160  1198-1773  WindowManager           system_server                        V  Changing focus from Window{dbfc080 u0 com.google.android.permissioncontroller/com.android.permissioncontroller.permission.ui.GrantPermissionsActivity} to Window{e5eb69a u0 com.yourname.smartrecorder/com.yourname.smartrecorder.MainActivity} displayId=0 Callers=com.android.server.wm.RootWindowContainer.updateFocusedWindowLocked:595 com.android.server.wm.WindowManagerService.updateFocusedWindowLocked:6810 com.android.server.wm.ActivityTaskManagerService.setResumedActivityUncheckLocked:5766 com.android.server.wm.TaskFragment.onActivityStateChanged:807 
2025-11-28 17:38:11.162  1198-1773  WindowManager           system_server                        D  updateSystemBarAttributes: displayId=0, win=Window{e5eb69a u0 com.yourname.smartrecorder/com.yourname.smartrecorder.MainActivity}, navColorWin=Window{dbfc080 u0 com.google.android.permissioncontroller/com.android.permissioncontroller.permission.ui.GrantPermissionsActivity}, focusedCanBeNavColorWin=false, behavior=1, appearance=0, statusBarAppearanceRegions=[AppearanceRegion{ bounds=[0,0][1440,3088]}], requestedVisibilities=, from=com.android.server.wm.DisplayPolicy.focusChangedLw:3251 com.android.server.wm.DisplayContent.updateFocusedWindowLocked:4632 com.android.server.wm.RootWindowContainer.updateFocusedWindowLocked:595 
2025-11-28 17:38:11.163  1198-1773  WindowManager           system_server                        D  rotationForOrientation, orientationSource=ActivityRecord{25f917f u0 com.yourname.smartrecorder/.MainActivity} t22755}
2025-11-28 17:38:11.166 13882-13882 SmartRecorder/ViewModel com.yourname.smartrecorder           D  [SmartRecorderApp] Storage permission result -> granted: true
2025-11-28 17:38:11.171  1198-1773  ActivityTaskManager     system_server                        D  mStartingWindow and mStartingData is null for token=ActivityRecord{25f917f u0 com.yourname.smartrecorder/.MainActivity} t22755}
2025-11-28 17:38:11.173  1198-1773  WindowManager           system_server                        D  updateSystemBarAttributes: displayId=0, win=Window{e5eb69a u0 com.yourname.smartrecorder/com.yourname.smartrecorder.MainActivity}, navColorWin=Window{e5eb69a u0 com.yourname.smartrecorder/com.yourname.smartrecorder.MainActivity}, focusedCanBeNavColorWin=false, behavior=1, appearance=16, statusBarAppearanceRegions=[AppearanceRegion{ bounds=[0,0][1440,3088]}], requestedVisibilities=, from=com.android.server.wm.DisplayPolicy.finishPostLayoutPolicyLw:2531 com.android.server.wm.DisplayContent.applySurfaceChangesTransaction:5713 com.android.server.wm.RootWindowContainer.applySurfaceChangesTransaction:1234 
2025-11-28 17:38:11.173 22947-22947 NavigationBar           com.android.systemui                 D  onSystemBarAttributesChanged() -  displayId:0, appearance:16, packageName: com.yourname.smartrecorder (APPEARANCE_LIGHT_NAVIGATION_BARS ), navbarColorManagedByIme:false
2025-11-28 17:38:11.174 22947-22947 SamsungLig...trolHelper com.android.systemui                 D  updateNavigation(Black button) isLightBar:false, hasLightBarNavigationBarFlag:true, packageName:com.yourname.smartrecorder, DirectReplying:false, NavBarColorManagerdByIme:false, ForceDarkForScrim:false, QsCustomizing:false, PanelHasWhiteBg:true
2025-11-28 17:38:11.178  1198-1903  AppsFilter              system_server                        I  interaction: PackageSetting{dbfa657 com.yourname.smartrecorder/11015} -> PackageSetting{24b6ea9 com.google.android.documentsui/10063} BLOCKED
2025-11-28 17:38:11.179   858-858   SurfaceFlinger          surfaceflinger                       I  [e5eb69a com.yourname.smartrecorder/com.yourname.smartrecorder.MainActivity#52468] FrameRatePriority: 1
2025-11-28 17:38:11.183   858-979   SurfaceFlinger          surfaceflinger                       D  [input] setFocusedWindow: e5eb69a com.yourname.smartrecorder/com.yourname.smartrecorder.MainActivity
2025-11-28 17:38:11.183  1198-1903  ActivityTaskManager     system_server                        D  TaskLaunchParamsModifier:task=Task{83fd54c #22755 type=standard A=11015:com.yourname.smartrecorder U=0 visible=true visibleRequested=true mode=fullscreen translucent=false sz=2} activity=ActivityRecord{973f8cd u0 com.google.android.documentsui/com.android.documentsui.picker.PickActivity} t-1} display-area-from-source=DefaultTaskDisplayArea@72262064 display-id=0 display-windowing-mode=1 suggested-display-area=DefaultTaskDisplayArea@72262064 inherit-from-source=fullscreen activity-options-fullscreen=Rect(0, 0 - 0, 0) non-freeform-display display-area=DefaultTaskDisplayArea@72262064 maximized-bounds
2025-11-28 17:38:11.183  1198-1897  InputDispatcher         system_server                        D  Focus entered window (0): e5eb69a com.yourname.smartrecorder/com.yourname.smartrecorder.MainActivity
2025-11-28 17:38:11.192  1198-1903  ActivityTaskManager     system_server                        D  scheduleTopResumedActivityChanged, onTop=false r=ActivityRecord{25f917f u0 com.yourname.smartrecorder/.MainActivity} t22755} caller=com.android.server.wm.ActivityTaskSupervisor.updateTopResumedActivityIfNeeded:2510 com.android.server.wm.TaskFragment.setResumedActivity:493 com.android.server.wm.TaskFragment.onActivityStateChanged:790 com.android.server.wm.ActivityRecord.setState:6428 com.android.server.wm.TaskFragment.startPausing:1880 com.android.server.wm.TaskFragment.startPausing:1817 
2025-11-28 17:38:11.195 13882-13882 ViewRootIm...nActivity] com.yourname.smartrecorder           I  stopped(false) old = false
2025-11-28 17:38:11.196 13882-13882 DecorView               com.yourname.smartrecorder           I  notifyKeepScreenOnChanged: keepScreenOn=false
2025-11-28 17:38:11.196 13882-13882 MSHandlerLifeCycle      com.yourname.smartrecorder           I  removeMultiSplitHandler: no exist. decor=DecorView@b7682e1[MainActivity]
2025-11-28 17:38:11.213 13882-13882 ViewRootIm...nActivity] com.yourname.smartrecorder           I  performTraversals params={(0,0)(fillxfill) sim={adjust=pan forwardNavigation} layoutInDisplayCutoutMode=always ty=BASE_APPLICATION wanim=0x1030309
                                                                                                      fl=81810100
                                                                                                      pfl=16020040
                                                                                                      vsysui=110
                                                                                                      apr=LIGHT_NAVIGATION_BARS
                                                                                                      bhv=DEFAULT
                                                                                                      fitSides= naviIconColor=0}
2025-11-28 17:38:11.214 13882-13882 ViewRootIm...nActivity] com.yourname.smartrecorder           I  performTraversals mFirst=false windowShouldResize=false viewVisibilityChanged=false mForceNextWindowRelayout=false params={(0,0)(fillxfill) sim={adjust=pan forwardNavigation} layoutInDisplayCutoutMode=always ty=BASE_APPLICATION wanim=0x1030309
                                                                                                      fl=81810100
                                                                                                      pfl=16020040
                                                                                                      vsysui=110
                                                                                                      apr=LIGHT_NAVIGATION_BARS
                                                                                                      bhv=DEFAULT
                                                                                                      fitSides= naviIconColor=0}
2025-11-28 17:38:11.219  1198-1773  WindowManager           system_server                        V  Changing focus from Window{e5eb69a u0 com.yourname.smartrecorder/com.yourname.smartrecorder.MainActivity} to null displayId=0 Callers=com.android.server.wm.RootWindowContainer.updateFocusedWindowLocked:595 com.android.server.wm.WindowManagerService.updateFocusedWindowLocked:6810 com.android.server.wm.WindowManagerService.relayoutWindow:2820 com.android.server.wm.Session.relayout:274 
2025-11-28 17:38:11.219  1198-1773  MARsPolicyManager       system_server                        D  onPackageResumedFG pkgName = com.yourname.smartrecorder, userId = 0
2025-11-28 17:38:11.226  4533-4533  ActivityUtils           com...ndroid.app.cocktailbarservice  I  HomePackage : com.sec.android.app.launcher, resumePackageName : com.yourname.smartrecorder
2025-11-28 17:38:11.230  1198-1514  InputDispatcher         system_server                        D  Focus left window (0): e5eb69a com.yourname.smartrecorder/com.yourname.smartrecorder.MainActivity
2025-11-28 17:38:11.231  1198-1773  WindowManager           system_server                        D  updateSystemBarAttributes: displayId=0, win=Window{e574210 u0 com.google.android.youtube/com.google.android.youtube.app.honeycomb.Shell$HomeActivity}, navColorWin=Window{e5eb69a u0 com.yourname.smartrecorder/com.yourname.smartrecorder.MainActivity}, focusedCanBeNavColorWin=false, behavior=2, appearance=16, statusBarAppearanceRegions=[AppearanceRegion{ bounds=[0,0][1440,3088]}], requestedVisibilities=ITYPE_STATUS_BAR: visible, ITYPE_NAVIGATION_BAR: visible, ITYPE_IME: invisible, ITYPE_CLIMATE_BAR: visible, ITYPE_EXTRA_NAVIGATION_BAR: visible, ITYPE_LOCAL_NAVIGATION_BAR_1: visible, ITYPE_LOCAL_NAVIGATION_BAR_2: visible, from=com.android.server.wm.DisplayPolicy.focusChangedLw:3251 com.android.server.wm.DisplayContent.updateFocusedWindowLocked:4632 com.android.server.wm.RootWindowContainer.updateFocusedWindowLocked:595 
2025-11-28 17:38:11.231  1198-1903  WindowManager           system_server                        V  Relayout Window{e5eb69a u0 com.yourname.smartrecorder/com.yourname.smartrecorder.MainActivity}: viewVisibility=0 req=1440x3088 d0
2025-11-28 17:38:11.236 13882-13882 ViewRootIm...nActivity] com.yourname.smartrecorder           I  updateBlastSurfaceIfNeeded mBlastBufferQueue=0x71adc39e30 isSameSurfaceControl=true
2025-11-28 17:38:11.236 13882-13882 BLASTBufferQueue        com.yourname.smartrecorder           I  update, w= 1440 h= 3088 mName = ViewRootImpl@eb901d5[MainActivity] mNativeObject= 0x71adc39e30 sc.mNativeObject= 0x713dc6d180 format= -1 caller= android.view.ViewRootImpl.updateBlastSurfaceIfNeeded:2898 android.view.ViewRootImpl.relayoutWindow:9847 android.view.ViewRootImpl.performTraversals:3884 android.view.ViewRootImpl.doTraversal:3116 android.view.ViewRootImpl$TraversalRunnable.run:10885 android.view.Choreographer$CallbackRecord.run:1301 
2025-11-28 17:38:11.236 13882-13882 ViewRootIm...nActivity] com.yourname.smartrecorder           I  Relayout returned: old=(0,0,1440,3088) new=(0,0,1440,3088) req=(1440,3088)0 dur=22 res=0x0 s={true 0x723dc20640} ch=false seqId=0
2025-11-28 17:38:11.236  1198-1287  GameSDK@LifeCycle       system_server                        I  noteResumeComponent(): package name  : com.yourname.smartrecorder
2025-11-28 17:38:11.237 13882-13882 ViewRootIm...nActivity] com.yourname.smartrecorder           I  MSG_WINDOW_FOCUS_CHANGED 0 0
2025-11-28 17:38:11.237 13882-13882 ViewRootIm...nActivity] com.yourname.smartrecorder           I  MSG_WINDOW_FOCUS_CHANGED 0 0
2025-11-28 17:38:11.237  1198-1287  SGM:GameManager         system_server                        D  identifyGamePackage. com.yourname.smartrecorder, mCurrentUserId: 0, callerUserId: 0, callingMethodInfo: com.android.server.ssrm.SortingMachine.isGame(SortingMachine.java:162)
2025-11-28 17:38:11.237  1198-1287  SGM:PkgDataHelper       system_server                        D  getGamePkgData(). com.yourname.smartrecorder
2025-11-28 17:38:11.237  4879-20563 Routine@Co...stenerImpl com.samsung.android.app.routines     I  onResumeComponent: componentName - ComponentInfo{com.yourname.smartrecorder/com.yourname.smartrecorder.MainActivity}
2025-11-28 17:38:11.238  1198-1287  SGM:FgCheckThread       system_server                        D  noteResumeComponent(), received pkgName: com.yourname.smartrecorder, userId: 0
2025-11-28 17:38:11.238  1198-1539  SGM:FgCheckThread       system_server                        D  onLooperPrepared(), msg: MSG_APP_RESUME, pkgName: com.yourname.smartrecorder, userid: 0
2025-11-28 17:38:11.242  1198-1287  SGM:FgCheckThread       system_server                        D  notePauseComponent(), received pkgName: com.yourname.smartrecorder, userId: 0
2025-11-28 17:38:11.243  4879-8432  Routine@Co...stenerImpl com.samsung.android.app.routines     I  onPauseComponent: componentName - ComponentInfo{com.yourname.smartrecorder/com.yourname.smartrecorder.MainActivity}
2025-11-28 17:38:11.245   858-858   SurfaceFlinger          surfaceflinger                       I  [e5eb69a com.yourname.smartrecorder/com.yourname.smartrecorder.MainActivity#52468] FrameRatePriority: -1
2025-11-28 17:38:11.293  1198-1288  WindowManager           system_server                        I  Reparenting to leash, surface=Surface(name=ActivityRecord{25f917f u0 com.yourname.smartrecorder/.MainActivity} t22755})/@0x7a1fa4a, leashParent=Surface(name=Task=22755)/@0x18de172
2025-11-28 17:38:11.293   858-886   SurfaceFlinger          surfaceflinger                       I  id=52538 createSurf flag=24000, Surface(name=ActivityRecord{25f917f u0 com.yourname.smartrecorder/.MainActivity} t22755})/@0x7a1fa4a - animation-leash of app_transition#52538
2025-11-28 17:38:11.293  1198-1288  WindowManager           system_server                        D  makeSurface duration=0 leash=Surface(name=Surface(name=ActivityRecord{25f917f u0 com.yourname.smartrecorder/.MainActivity} t22755})/@0x7a1fa4a - animation-leash of app_transition)/@0x6f88f84
2025-11-28 17:38:11.294   858-886   SurfaceFlinger          surfaceflinger                       I  id=52539 createSurf flag=80004, Surface(name=ActivityRecord{25f917f u0 com.yourname.smartrecorder/.MainActivity} t22755})/@0x7a1fa4a - animation-bounds#52539
2025-11-28 17:38:11.303   858-858   SurfaceFlinger          surfaceflinger                       D  Display 4633128672291735937 HWC layers:
                                                                                                         DEVICE | 0x70f52e3730 | 0102 | RGBA_8888    |    0.0    0.0 1440.0 3088.0 |    0    0 1440 3088 | com.yourname.smartrecorder/com.yourn[...]rtrecorder.MainActivity$_13882#52469
                                                                                                         CLIENT |              | 0000 |  Unknown  |    0.0    0.0    0.0    0.0 |   38  449  746  863 | Task=22702#46682
                                                                                                         CLIENT |              | 0002 |  Unknown  |    0.0    0.0    0.0    0.0 |   56  467  728  845 | Background for SurfaceView[com.googl[...]oneycomb.Shell$HomeActivity]@0#52213
                                                                                                         CLIENT | 0x70f52dc8f0 | 0102 | 0x0000105    |    0.0    0.0 1280.0  720.0 |   56  467  728  845 | SurfaceView[com.google.android.youtu[...]b.Shell$HomeActivity]@0(BLAST)#52212
                                                                                                         CLIENT | 0x70f52e9250 | 0100 | RGBA_8888    |    0.0    0.0  672.0  378.0 |   56  467  728  845 | com.google.android.youtube/com.googl[...]comb.Shell$HomeActivity$_29596#52209
                                                                                                         DEVICE | 0x70f52ed6f0 | 0100 | RGBA_8888    |    0.0    0.0  672.0  378.0 |   56  467  728  845 | PipMenuView#52269
                                                                                                         DEVICE | 0x70f52d5e
2025-11-28 17:38:11.320   858-858   SurfaceFlinger          surfaceflinger                       D  Display 4633128672291735937 HWC layers:
                                                                                                         DEVICE | 0x70f52e3730 | 0102 | RGBA_8888    |    0.0    0.0 1440.0 3088.0 |    0    0 1440 3088 | com.yourname.smartrecorder/com.yourn[...]rtrecorder.MainActivity$_13882#52469
                                                                                                     SOLID_COLOR |              | 0000 |  Unknown  |    0.0    0.0    0.0    0.0 |    0    0 1440 3088 | Dim Layer for - Task=22755#52524
                                                                                                         CLIENT |              | 0000 |  Unknown  |    0.0    0.0    0.0    0.0 |   38  449  746  863 | Task=22702#46682
                                                                                                         CLIENT |              | 0002 |  Unknown  |    0.0    0.0    0.0    0.0 |   56  467  728  845 | Background for SurfaceView[com.googl[...]oneycomb.Shell$HomeActivity]@0#52213
                                                                                                         CLIENT | 0x70f52e34f0 | 0102 | 0x0000105    |    0.0    0.0 1280.0  720.0 |   56  467  728  845 | SurfaceView[com.google.android.youtu[...]b.Shell$HomeActivity]@0(BLAST)#52212
                                                                                                         CLIENT | 0x70f52e9250 | 0100 | RGBA_8888    |    0.0    0.0  672.0  378.0 |   56  467  728  845 | com.google.android.youtube/com.googl[...]comb.Shell$HomeActivity$_29596#52209
                                                                                                         DEVICE
2025-11-28 17:38:11.386   858-858   SurfaceFlinger          surfaceflinger                       D  Display 4633128672291735937 HWC layers:
                                                                                                         CLIENT | 0x70f52ee6b0 | 0102 | RGBA_8888    |    0.0    0.0    0.0    0.0 |    0 3078 1440 3088 | bbq-wrapper#52548
                                                                                                         CLIENT | 0x70f52e3730 | 0102 | RGBA_8888    |    0.0   10.0 1440.0 3088.0 |    0    0 1440 3078 | com.yourname.smartrecorder/com.yourn[...]rtrecorder.MainActivity$_13882#52469
                                                                                                         CLIENT | 0x70f52da3d0 | 0102 | RGBA_8888    |    0.0    0.0    0.0    0.0 |    0 3079 1440 3088 | bbq-wrapper#52554
                                                                                                         CLIENT |              | 0000 |  Unknown  |    0.0    0.0    0.0    0.0 |    0    0 1440 3088 | Dim Layer for - Task=22755#52524
                                                                                                         CLIENT | 0x70f52a81b0 | 0102 | RGBA_8888    |    0.0    0.0 1440.0    1.0 |    0    0 1440  518 | bbq-wrapper#52551
                                                                                                         CLIENT | 0x70f52e9130 | 0100 | RGBA_8888    |    0.0    0.0 1440.0 2570.0 |    0  518 1440 3088 | Splash Screen com.google.android.documentsui$_22947#52534
                                                                                                         CLIENT |              | 0000 |  Unknown  |    0.0    0.0    0.0    0.0 |   38  449  746  863 | Task=22702#46682
                                                                                                         CLIENT |              |
2025-11-28 17:38:11.388 13882-13882 SmartRecor...Transcript com.yourname.smartrecorder           D  [RecordViewModel] Model is now ready (found after 4 checks)
2025-11-28 17:38:11.402  4879-4879  Routine@Co...overHelper com.samsung.android.app.routines     I  setLastResumedPackageForCover mLastResumedPackage = com.yourname.smartrecorder
2025-11-28 17:38:11.402  4879-4879  Routine@Co...cleWatcher com.samsung.android.app.routines     I  notifyLifecycleChanged mCurResumedComponent=com.yourname.smartrecorder
2025-11-28 17:38:11.403   858-858   SurfaceFlinger          surfaceflinger                       D  Display 4633128672291735937 HWC layers:
                                                                                                         CLIENT | 0x70f52ee6b0 | 0102 | RGBA_8888    |    0.0    0.0    0.0    0.0 |    0 3063 1440 3088 | bbq-wrapper#52548
                                                                                                         CLIENT | 0x70f52e3730 | 0102 | RGBA_8888    |    0.0   25.0 1440.0 3088.0 |    0    0 1440 3063 | com.yourname.smartrecorder/com.yourn[...]rtrecorder.MainActivity$_13882#52469
                                                                                                         CLIENT | 0x70f52da3d0 | 0102 | RGBA_8888    |    0.0    0.0    0.0    0.0 |    0 3065 1440 3088 | bbq-wrapper#52554
                                                                                                         CLIENT | 0x70f52a81b0 | 0102 | RGBA_8888    |    0.0    0.0 1440.0    1.0 |    0    0 1440  429 | bbq-wrapper#52551
                                                                                                         CLIENT |              | 0000 |  Unknown  |    0.0    0.0    0.0    0.0 |    0    0 1440 3088 | DimAnimationLayer for ActivityRecord[...]i.picker.PickActivity} t22755}#52542
                                                                                                         CLIENT | 0x70f52e9130 | 0100 | RGBA_8888    |    0.0    0.0 1440.0 2659.0 |    0  429 1440 3088 | Splash Screen com.google.android.documentsui$_22947#52534
                                                                                                         CLIENT |              | 0000 |  Unknown  |    0.0    0.0    0.0    0.0 |   38  449  746  863 | 
2025-11-28 17:38:11.746  1198-1288  WindowManager           system_server                        I  Reparenting to original parent: Surface(name=Task=22755)/@0x18de172, destroy=true, surface=Surface(name=ActivityRecord{25f917f u0 com.yourname.smartrecorder/.MainActivity} t22755})/@0x7a1fa4a
2025-11-28 17:38:11.748  1198-1288  WindowManager           system_server                        V  Setting visibility of Window{e5eb69a u0 com.yourname.smartrecorder/com.yourname.smartrecorder.MainActivity}: false, caller=com.android.server.wm.WindowContainer.sendAppVisibilityToClients:1246 com.android.server.wm.WindowToken.setClientVisible:431 com.android.server.wm.ActivityRecord.setClientVisible:7713 com.android.server.wm.ActivityRecord.onAnimationFinished:8612 com.android.server.wm.WindowContainer$$ExternalSyntheticLambda4.onAnimationFinished:2 
2025-11-28 17:38:11.749 13882-13882 ViewRootIm...nActivity] com.yourname.smartrecorder           I  handleAppVisibility mAppVisible = true visible = false
2025-11-28 17:38:11.762   858-858   Layer                   surfaceflinger                       I  id=52538 removeFromCurrentState Surface(name=ActivityRecord{25f917f u0 com.yourname.smartrecorder/.MainActivity} t22755})/@0x7a1fa4a - animation-leash of app_transition#52538 (212)
2025-11-28 17:38:11.762   858-858   Layer                   surfaceflinger                       I  id=52539 removeFromCurrentState Surface(name=ActivityRecord{25f917f u0 com.yourname.smartrecorder/.MainActivity} t22755})/@0x7a1fa4a - animation-bounds#52539 (212)
2025-11-28 17:38:11.762   858-858   Layer                   surfaceflinger                       I  Layer [com.yourname.smartrecorder/com.yourname.smartrecorder.MainActivity$_13882#52469] hidden!! flag(1)
2025-11-28 17:38:11.762   858-858   SurfaceFlinger          surfaceflinger                       I  id=52539 Removed Surface(name=ActivityRecord{25f917f u0 com.yourname.smartrecorder/.MainActivity} t22755})/@0x7a1fa4a - animation-bounds#52539 (212)
2025-11-28 17:38:11.762   858-858   SurfaceFlinger          surfaceflinger                       I  id=52538 Removed Surface(name=ActivityRecord{25f917f u0 com.yourname.smartrecorder/.MainActivity} t22755})/@0x7a1fa4a - animation-leash of app_transition#52538 (212)
2025-11-28 17:38:11.762 13882-13905 OpenGLRenderer          com.yourname.smartrecorder           D  setSurface called with nullptr
2025-11-28 17:38:11.762 13882-13905 OpenGLRenderer          com.yourname.smartrecorder           D  setSurface() destroyed EGLSurface
2025-11-28 17:38:11.763 13882-13905 OpenGLRenderer          com.yourname.smartrecorder           D  destroyEglSurface
2025-11-28 17:38:11.763   858-858   Layer                   surfaceflinger                       I  id=52539 Destroyed Surface(name=ActivityRecord{25f917f u0 com.yourname.smartrecorder/.MainActivity} t22755})/@0x7a1fa4a - animation-bounds#52539
2025-11-28 17:38:11.763   858-858   Layer                   surfaceflinger                       I  id=52538 Destroyed Surface(name=ActivityRecord{25f917f u0 com.yourname.smartrecorder/.MainActivity} t22755})/@0x7a1fa4a - animation-leash of app_transition#52538
2025-11-28 17:38:11.766 13882-13882 ViewRootIm...nActivity] com.yourname.smartrecorder           I  performTraversals mFirst=false windowShouldResize=false viewVisibilityChanged=true mForceNextWindowRelayout=false params=null
2025-11-28 17:38:11.769  1198-1903  WindowManager           system_server                        V  Relayout Window{e5eb69a u0 com.yourname.smartrecorder/com.yourname.smartrecorder.MainActivity}: viewVisibility=8 req=1440x3088 d0
2025-11-28 17:38:11.777 13882-13882 ViewRootIm...nActivity] com.yourname.smartrecorder           I  Relayout returned: old=(0,0,1440,3088) new=(0,0,1440,3088) req=(1440,3088)8 dur=9 res=0x2 s={false 0x0} ch=true seqId=0
2025-11-28 17:38:11.781 13882-13882 ViewRootIm...nActivity] com.yourname.smartrecorder           I  stopped(true) old = false
2025-11-28 17:38:11.781 13882-13882 ViewRootIm...nActivity] com.yourname.smartrecorder           I  WindowStopped on com.yourname.smartrecorder/com.yourname.smartrecorder.MainActivity set to true
2025-11-28 17:38:11.786 13882-13882 MSHandlerLifeCycle      com.yourname.smartrecorder           I  removeMultiSplitHandler: no exist. decor=DecorView@b7682e1[MainActivity]
2025-11-28 17:38:11.797  1198-1773  WindowManager           system_server                        E  win=Window{e5eb69a u0 com.yourname.smartrecorder/com.yourname.smartrecorder.MainActivity} destroySurfaces: appStopped=true cleanupOnResume=false win.mWindowRemovalAllowed=false win.mRemoveOnExit=false win.mViewVisibility=8 caller=com.android.server.wm.ActivityRecord.destroySurfaces:6561 com.android.server.wm.ActivityRecord.destroySurfaces:6542 com.android.server.wm.ActivityRecord.notifyAppStopped:6606 com.android.server.wm.ActivityRecord.activityStopped:7194 com.android.server.wm.ActivityClientController.activityStopped:269 android.app.IActivityClientController$Stub.onTransact:613 com.android.server.wm.ActivityClientController.onTransact:147 
2025-11-28 17:38:11.797  1198-1773  WindowManager           system_server                        I  Destroying surface Surface(name=com.yourname.smartrecorder/com.yourname.smartrecorder.MainActivity$_13882)/@0x7e3db85 called by com.android.server.wm.WindowStateAnimator.destroySurface:947 com.android.server.wm.WindowStateAnimator.destroySurfaceLocked:537 com.android.server.wm.WindowState.destroySurfaceUnchecked:4326 com.android.server.wm.WindowState.destroySurface:4300 com.android.server.wm.ActivityRecord.destroySurfaces:6561 com.android.server.wm.ActivityRecord.destroySurfaces:6542 com.android.server.wm.ActivityRecord.notifyAppStopped:6606 com.android.server.wm.ActivityRecord.activityStopped:7194 
2025-11-28 17:38:11.798  4879-8432  Routine@Co...stenerImpl com.samsung.android.app.routines     I  onStopComponent: componentName - ComponentInfo{com.yourname.smartrecorder/com.yourname.smartrecorder.MainActivity}
2025-11-28 17:38:11.798  1198-1773  ActivityTaskManager     system_server                        D  mStartingWindow and mStartingData is null for token=ActivityRecord{25f917f u0 com.yourname.smartrecorder/.MainActivity} t22755}
2025-11-28 17:38:11.812   858-858   Layer                   surfaceflinger                       I  id=52469 removeFromCurrentState com.yourname.smartrecorder/com.yourname.smartrecorder.MainActivity$_13882#52469 (196)
2025-11-28 17:38:11.812   858-858   SurfaceFlinger          surfaceflinger                       I  id=52469 Removed com.yourname.smartrecorder/com.yourname.smartrecorder.MainActivity$_13882#52469 (196)
2025-11-28 17:38:11.812   858-858   Layer                   surfaceflinger                       I  id=52469 Destroyed com.yourname.smartrecorder/com.yourname.smartrecorder.MainActivity$_13882#52469
2025-11-28 17:38:12.279  1198-1287  SGM:GameManager         system_server                        D  identifyForegroundApp. com.yourname.smartrecorder, mCurrentUserId: 0, callerUserId: 0
2025-11-28 17:38:12.280  1198-1287  SGM:PkgDataHelper       system_server                        D  getGamePkgData(). com.yourname.smartrecorder
2025-11-28 17:38:12.439  4879-4879  Routine@Co...overHelper com.samsung.android.app.routines     I  setLastResumedPackageForCover mLastResumedPackage = com.yourname.smartrecorder
2025-11-28 17:38:12.439  4879-4879  Routine@Co...cleWatcher com.samsung.android.app.routines     I  notifyLifecycleChanged mCurResumedComponent=com.yourname.smartrecorder
2025-11-28 17:38:12.452  4879-4879  Routine@Co...overHelper com.samsung.android.app.routines     I  setLastResumedPackageForCover mLastResumedPackage = com.yourname.smartrecorder
2025-11-28 17:38:12.452  4879-4879  Routine@Co...cleWatcher com.samsung.android.app.routines     I  notifyLifecycleChanged mCurResumedComponent=com.yourname.smartrecorder
2025-11-28 17:38:13.008  4879-4879  Routine@Co...overHelper com.samsung.android.app.routines     I  setLastResumedPackageForCover mLastResumedPackage = com.yourname.smartrecorder
2025-11-28 17:38:13.008  4879-4879  Routine@Co...cleWatcher com.samsung.android.app.routines     I  notifyLifecycleChanged mCurResumedComponent=com.yourname.smartrecorder
2025-11-28 17:38:13.419  1198-1773  MARsPolicyManager       system_server                        D  onPackageResumedFG pkgName = com.yourname.smartrecorder, userId = 0
2025-11-28 17:38:13.420  1198-1773  WindowManager           system_server                        V  Setting visibility of Window{e5eb69a u0 com.yourname.smartrecorder/com.yourname.smartrecorder.MainActivity}: true, caller=com.android.server.wm.WindowContainer.sendAppVisibilityToClients:1246 com.android.server.wm.WindowToken.setClientVisible:431 com.android.server.wm.ActivityRecord.setClientVisible:7713 com.android.server.wm.ActivityRecord.setVisibility:6113 com.android.server.wm.ActivityRecord.setVisibility:6006 
2025-11-28 17:38:13.420  1198-1773  ActivityTaskManager     system_server                        D  scheduleTopResumedActivityChanged, onTop=true r=ActivityRecord{25f917f u0 com.yourname.smartrecorder/.MainActivity} t22755} caller=com.android.server.wm.ActivityTaskSupervisor.scheduleTopResumedActivityStateIfNeeded:2535 com.android.server.wm.ActivityTaskSupervisor.updateTopResumedActivityIfNeeded:2527 com.android.server.wm.TaskFragment.setResumedActivity:493 com.android.server.wm.TaskFragment.onActivityStateChanged:805 com.android.server.wm.ActivityRecord.setState:6428 com.android.server.wm.TaskFragment.resumeTopActivity:1629 
2025-11-28 17:38:13.420  1198-1773  InputDispatcher         system_server                        D  Focused application(0): ActivityRecord{25f917f u0 com.yourname.smartrecorder/.MainActivity} t22755}
2025-11-28 17:38:13.420 13882-13882 ViewRootIm...nActivity] com.yourname.smartrecorder           I  handleAppVisibility mAppVisible = false visible = true
2025-11-28 17:38:13.423  1198-1773  WindowManagerServiceExt system_server                        D  notifyOccludeChangeNotice: cn=ComponentInfo{com.yourname.smartrecorder/com.yourname.smartrecorder.MainActivity} occludesParent=true inMultiWindow=false styleFloating=false caller=com.android.server.wm.WindowManagerServiceExt.updateOccludeTargetIfNeeded:1402 com.android.server.wm.DisplayContent.ensureActivitiesVisible:7532 com.android.server.wm.RootWindowContainer.ensureActivitiesVisible:2248 com.android.server.wm.RootWindowContainer.ensureVisibilityAndConfig:2126 com.android.server.wm.TaskFragment.resumeTopActivity:1652 
2025-11-28 17:38:13.423  1198-1773  WindowManager           system_server                        D  rotationForOrientation, orientationSource=ActivityRecord{25f917f u0 com.yourname.smartrecorder/.MainActivity} t22755}
2025-11-28 17:38:13.428 13882-13882 ViewRootIm...nActivity] com.yourname.smartrecorder           I  stopped(false) old = true
2025-11-28 17:38:13.429 13882-13882 ViewRootIm...nActivity] com.yourname.smartrecorder           I  WindowStopped on com.yourname.smartrecorder/com.yourname.smartrecorder.MainActivity set to false
2025-11-28 17:38:13.434 13882-13882 MSHandlerLifeCycle      com.yourname.smartrecorder           I  removeMultiSplitHandler: no exist. decor=DecorView@b7682e1[MainActivity]
2025-11-28 17:38:13.437 13882-13882 SmartRecorder/ViewModel com.yourname.smartrecorder           D  [SmartRecorderApp] User selected audio file -> uri: content://com.android.externalstorage.documents/document/primary%3ARecordings%2FVoice%20Recorder%2FLesson%202.mp3, fileName: primary:Recordings/Voice Recorder/Lesson 2.mp3
2025-11-28 17:38:13.437 13882-13882 SmartRecorder/Import    com.yourname.smartrecorder           I  [MAIN] [ViewModel: ImportAudioViewModel] importAudioFile -> State: uri=content://com.android.externalstorage.documents/document/primary%3ARecordings%2FVoice%20Recorder%2FLesson%202.mp3, fileName=primary:Recordings/Voice Recorder/Lesson 2.mp3
2025-11-28 17:38:13.439 13882-13882 SmartRecorder/Import    com.yourname.smartrecorder           D  Import started -> uri: content://com.android.externalstorage.documents/document/primary%3ARecordings%2FVoice%20Recorder%2FLesson%202.mp3, fileName: primary:Recordings/Voice Recorder/Lesson 2.mp3
2025-11-28 17:38:13.440 13882-13882 ViewRootIm...nActivity] com.yourname.smartrecorder           I  stopped(false) old = false
2025-11-28 17:38:13.441 13882-13919 SmartRecorder/Import    com.yourname.smartrecorder           I  [MAIN] [UseCase: ImportAudioFileUseCase] Starting (uri=content://com.android.externalstorage.documents/document/primary%3ARecordings%2FVoice%20Recorder%2FLesson%202.mp3, fileName=primary:Recordings/Voice Recorder/Lesson 2.mp3)
2025-11-28 17:38:13.442 13882-13882 DecorView               com.yourname.smartrecorder           I  notifyKeepScreenOnChanged: keepScreenOn=false
2025-11-28 17:38:13.442 13882-13919 SmartRecorder/Import    com.yourname.smartrecorder           D  Recordings directory prepared: /data/user/0/com.yourname.smartrecorder/files/recordings
2025-11-28 17:38:13.443 13882-13882 MSHandlerLifeCycle      com.yourname.smartrecorder           I  removeMultiSplitHandler: no exist. decor=DecorView@b7682e1[MainActivity]
2025-11-28 17:38:13.443 13882-13919 SmartRecorder/Import    com.yourname.smartrecorder           D  Copying file -> from: content://com.android.externalstorage.documents/document/primary%3ARecordings%2FVoice%20Recorder%2FLesson%202.mp3, to: /data/user/0/com.yourname.smartrecorder/files/recordings/imported_3c2e7509-2224-453a-aecd-27200813f154.mp3
2025-11-28 17:38:13.457  1198-1287  GameSDK@LifeCycle       system_server                        I  noteResumeComponent(): package name  : com.yourname.smartrecorder
2025-11-28 17:38:13.457  1198-1287  SGM:GameManager         system_server                        D  identifyGamePackage. com.yourname.smartrecorder, mCurrentUserId: 0, callerUserId: 0, callingMethodInfo: com.android.server.ssrm.SortingMachine.isGame(SortingMachine.java:162)
2025-11-28 17:38:13.457  1198-1287  SGM:PkgDataHelper       system_server                        D  getGamePkgData(). com.yourname.smartrecorder
2025-11-28 17:38:13.457  4533-4533  ActivityUtils           com...ndroid.app.cocktailbarservice  I  HomePackage : com.sec.android.app.launcher, resumePackageName : com.yourname.smartrecorder
2025-11-28 17:38:13.457  1198-1287  SGM:FgCheckThread       system_server                        D  noteResumeComponent(), received pkgName: com.yourname.smartrecorder, userId: 0
2025-11-28 17:38:13.457  4879-8432  Routine@Co...stenerImpl com.samsung.android.app.routines     I  onResumeComponent: componentName - ComponentInfo{com.yourname.smartrecorder/com.yourname.smartrecorder.MainActivity}
2025-11-28 17:38:13.458  1198-1539  SGM:FgCheckThread       system_server                        D  onLooperPrepared(), msg: MSG_APP_RESUME, pkgName: com.yourname.smartrecorder, userid: 0
2025-11-28 17:38:13.459  1198-1287  SGM:GameManager         system_server                        D  identifyGamePackage. com.yourname.smartrecorder, mCurrentUserId: 0, callerUserId: 0, callingMethodInfo: com.samsung.android.game.SemGameManager.isGamePackage(SemGameManager.java:104)
2025-11-28 17:38:13.459  1198-1287  SGM:PkgDataHelper       system_server                        D  getGamePkgData(). com.yourname.smartrecorder
2025-11-28 17:38:13.459  1198-1287  SGM:SemGameManager      system_server                        D  isGamePackage(), pkgName=com.yourname.smartrecorder, ret=false
2025-11-28 17:38:13.477 13882-13882 ViewRootIm...nActivity] com.yourname.smartrecorder           I  performTraversals params={(0,0)(fillxfill) sim={adjust=pan} layoutInDisplayCutoutMode=always ty=BASE_APPLICATION wanim=0x1030309
                                                                                                      fl=81810100
                                                                                                      pfl=16020040
                                                                                                      vsysui=110
                                                                                                      apr=LIGHT_NAVIGATION_BARS
                                                                                                      bhv=DEFAULT
                                                                                                      fitSides= naviIconColor=0}
2025-11-28 17:38:13.478 13882-13882 ViewRootIm...nActivity] com.yourname.smartrecorder           I  performTraversals mFirst=false windowShouldResize=false viewVisibilityChanged=true mForceNextWindowRelayout=false params={(0,0)(fillxfill) sim={adjust=pan} layoutInDisplayCutoutMode=always ty=BASE_APPLICATION wanim=0x1030309
                                                                                                      fl=81810100
                                                                                                      pfl=16020040
                                                                                                      vsysui=110
                                                                                                      apr=LIGHT_NAVIGATION_BARS
                                                                                                      bhv=DEFAULT
                                                                                                      fitSides= naviIconColor=0}
2025-11-28 17:38:13.478  1198-1909  WindowManager           system_server                        V  Relayout Window{e5eb69a u0 com.yourname.smartrecorder/com.yourname.smartrecorder.MainActivity}: viewVisibility=0 req=1440x3088 d0
2025-11-28 17:38:13.479   858-886   SurfaceFlinger          surfaceflinger                       I  id=52564 createSurf flag=40004, com.yourname.smartrecorder/com.yourname.smartrecorder.MainActivity$_13882#52564
2025-11-28 17:38:13.479  1198-1909  WindowManager           system_server                        D  makeSurface duration=1 name=com.yourname.smartrecorder/com.yourname.smartrecorder.MainActivity$_13882
2025-11-28 17:38:13.480  1198-1909  WindowManager           system_server                        V  Changing focus from null to Window{e5eb69a u0 com.yourname.smartrecorder/com.yourname.smartrecorder.MainActivity} displayId=0 Callers=com.android.server.wm.RootWindowContainer.updateFocusedWindowLocked:595 com.android.server.wm.WindowManagerService.updateFocusedWindowLocked:6810 com.android.server.wm.WindowManagerService.relayoutWindow:2820 com.android.server.wm.Session.relayout:274 
2025-11-28 17:38:13.480  1198-1909  MARsPolicyManager       system_server                        D  onPackageResumedFG pkgName = com.yourname.smartrecorder, userId = 0
2025-11-28 17:38:13.481  1198-1909  WindowManager           system_server                        D  updateSystemBarAttributes: displayId=0, win=Window{e5eb69a u0 com.yourname.smartrecorder/com.yourname.smartrecorder.MainActivity}, navColorWin=Window{f996836 u0 com.google.android.documentsui/com.android.documentsui.picker.PickActivity}, focusedCanBeNavColorWin=false, behavior=1, appearance=16, statusBarAppearanceRegions=[AppearanceRegion{LIGHT_STATUS_BARS bounds=[0,0][1440,3088]}], requestedVisibilities=, from=com.android.server.wm.DisplayPolicy.focusChangedLw:3251 com.android.server.wm.DisplayContent.updateFocusedWindowLocked:4632 com.android.server.wm.RootWindowContainer.updateFocusedWindowLocked:595 
2025-11-28 17:38:13.483 13882-13882 ViewRootIm...nActivity] com.yourname.smartrecorder           I  updateBlastSurfaceIfNeeded mBlastBufferQueue=null isSameSurfaceControl=false
2025-11-28 17:38:13.483 13882-13882 BLASTBufferQueue        com.yourname.smartrecorder           I  new BLASTBufferQueue, mName= ViewRootImpl@eb901d5[MainActivity] mNativeObject= 0x71adc39e30 sc.mNativeObject= 0x713dc4cde0 caller= android.view.ViewRootImpl.updateBlastSurfaceIfNeeded:2909 android.view.ViewRootImpl.relayoutWindow:9847 android.view.ViewRootImpl.performTraversals:3884 android.view.ViewRootImpl.doTraversal:3116 android.view.ViewRootImpl$TraversalRunnable.run:10885 android.view.Choreographer$CallbackRecord.run:1301 android.view.Choreographer$CallbackRecord.run:1309 android.view.Choreographer.doCallbacks:923 android.view.Choreographer.doFrame:852 android.view.Choreographer$FrameDisplayEventReceiver.run:1283 
2025-11-28 17:38:13.483 13882-13882 BLASTBufferQueue        com.yourname.smartrecorder           I  update, w= 1440 h= 3088 mName = ViewRootImpl@eb901d5[MainActivity] mNativeObject= 0x71adc39e30 sc.mNativeObject= 0x713dc4cde0 format= -1 caller= android.graphics.BLASTBufferQueue.<init>:84 android.view.ViewRootImpl.updateBlastSurfaceIfNeeded:2909 android.view.ViewRootImpl.relayoutWindow:9847 android.view.ViewRootImpl.performTraversals:3884 android.view.ViewRootImpl.doTraversal:3116 android.view.ViewRootImpl$TraversalRunnable.run:10885 
2025-11-28 17:38:13.484 13882-13882 ViewRootIm...nActivity] com.yourname.smartrecorder           I  Relayout returned: old=(0,0,1440,3088) new=(0,0,1440,3088) req=(1440,3088)0 dur=5 res=0x3 s={true 0x723dc20640} ch=true seqId=0
2025-11-28 17:38:13.484 13882-13882 ViewRootIm...nActivity] com.yourname.smartrecorder           I  mThreadedRenderer.initialize() mSurface={isValid=true 0x723dc20640} hwInitialized=true
2025-11-28 17:38:13.484 13882-13905 OpenGLRenderer          com.yourname.smartrecorder           D  eglCreateWindowSurface
2025-11-28 17:38:13.484 13882-13882 ViewRootIm...nActivity] com.yourname.smartrecorder           I  reportNextDraw android.view.ViewRootImpl.performTraversals:4438 android.view.ViewRootImpl.doTraversal:3116 android.view.ViewRootImpl$TraversalRunnable.run:10885 android.view.Choreographer$CallbackRecord.run:1301 android.view.Choreographer$CallbackRecord.run:1309 
2025-11-28 17:38:13.484 13882-13882 ViewRootIm...nActivity] com.yourname.smartrecorder           I  Setup new sync id=1
2025-11-28 17:38:13.484 13882-13882 ViewRootIm...nActivity] com.yourname.smartrecorder           I  Setting syncFrameCallback
2025-11-28 17:38:13.484 13882-13882 ViewRootIm...nActivity] com.yourname.smartrecorder           I  registerCallbacksForSync syncBuffer=false
2025-11-28 17:38:13.503 13882-13919 SmartRecorder/Import    com.yourname.smartrecorder           D  File copied successfully -> bytes: 1504133, duration: 60 ms
2025-11-28 17:38:13.504 13882-13919 SmartRecorder/Import    com.yourname.smartrecorder           D  File saved -> size: 1504133 bytes, path: /data/user/0/com.yourname.smartrecorder/files/recordings/imported_3c2e7509-2224-453a-aecd-27200813f154.mp3
2025-11-28 17:38:13.504 13882-13919 MediaMetadataRetriever  com.yourname.smartrecorder           V  constructor
2025-11-28 17:38:13.508 13882-13931 ViewRootIm...nActivity] com.yourname.smartrecorder           I  Received frameDrawingCallback syncResult=0 frameNum=1.
2025-11-28 17:38:13.508 13882-13931 ViewRootIm...nActivity] com.yourname.smartrecorder           I  Setting up sync and frameCommitCallback
2025-11-28 17:38:13.513   858-858   SurfaceFlinger          surfaceflinger                       I  [e5eb69a com.yourname.smartrecorder/com.yourname.smartrecorder.MainActivity#52468] FrameRatePriority: 1
2025-11-28 17:38:13.514   858-979   SurfaceFlinger          surfaceflinger                       D  [input] setFocusedWindow: e5eb69a com.yourname.smartrecorder/com.yourname.smartrecorder.MainActivity
2025-11-28 17:38:13.516 13882-13919 MediaMetadataRetriever  com.yourname.smartrecorder           V  setDataSource(111, 0, 576460752303423487)
2025-11-28 17:38:13.516  1198-1773  InputDispatcher         system_server                        D  Focus request (0): e5eb69a com.yourname.smartrecorder/com.yourname.smartrecorder.MainActivity but waiting because NOT_VISIBLE
2025-11-28 17:38:13.517 13882-13905 BLASTBufferQueue        com.yourname.smartrecorder           I  [ViewRootImpl@eb901d5[MainActivity]#1](f:0,a:0) onFrameAvailable the first frame is available
2025-11-28 17:38:13.517 13882-13905 ViewRootIm...nActivity] com.yourname.smartrecorder           I  Received frameCommittedCallback lastAttemptedDrawFrameNum=1 didProduceBuffer=true
2025-11-28 17:38:13.518 13882-13882 ViewRootIm...nActivity] com.yourname.smartrecorder           I  onSyncComplete
2025-11-28 17:38:13.518 13882-13882 ViewRootIm...nActivity] com.yourname.smartrecorder           I  setupSync seqId=0 mSyncId=1 fn=1 caller=android.view.ViewRootImpl$$ExternalSyntheticLambda11.accept:6 android.window.SurfaceSyncer.lambda$setupSync$1$android-window-SurfaceSyncer:128 android.window.SurfaceSyncer$$ExternalSyntheticLambda1.accept:8 android.window.SurfaceSyncer$SyncSet.checkIfSyncIsComplete:382 android.window.SurfaceSyncer$SyncSet.markSyncReady:359 android.window.SurfaceSyncer.markSyncReady:151 android.view.ViewRootImpl.performTraversals:4503 
2025-11-28 17:38:13.518 13882-13882 ViewRootIm...nActivity] com.yourname.smartrecorder           I  reportDrawFinished seqId=0 mSyncId=-1 fn=1 mSurfaceChangedTransaction=0x716dc39430
2025-11-28 17:38:13.518  1198-1773  WindowManager           system_server                        D  finishDrawingWindow: Window{e5eb69a u0 com.yourname.smartrecorder/com.yourname.smartrecorder.MainActivity} mDrawState=DRAW_PENDING seqId=0
2025-11-28 17:38:13.524  1198-1288  WindowManager           system_server                        I  Reparenting to leash, surface=Surface(name=ActivityRecord{25f917f u0 com.yourname.smartrecorder/.MainActivity} t22755})/@0x7a1fa4a, leashParent=Surface(name=Task=22755)/@0x18de172
2025-11-28 17:38:13.525   858-886   SurfaceFlinger          surfaceflinger                       I  id=52569 createSurf flag=24004, Surface(name=ActivityRecord{25f917f u0 com.yourname.smartrecorder/.MainActivity} t22755})/@0x7a1fa4a - animation-leash of app_transition#52569
2025-11-28 17:38:13.525  1198-1288  WindowManager           system_server                        D  makeSurface duration=1 leash=Surface(name=Surface(name=ActivityRecord{25f917f u0 com.yourname.smartrecorder/.MainActivity} t22755})/@0x7a1fa4a - animation-leash of app_transition)/@0xd241820
2025-11-28 17:38:13.525   858-886   SurfaceFlinger          surfaceflinger                       I  id=52570 createSurf flag=80004, Surface(name=ActivityRecord{25f917f u0 com.yourname.smartrecorder/.MainActivity} t22755})/@0x7a1fa4a - animation-bounds#52570
2025-11-28 17:38:13.528  1198-1288  ActivityTaskManager     system_server                        D  mStartingWindow and mStartingData is null for token=ActivityRecord{25f917f u0 com.yourname.smartrecorder/.MainActivity} t22755}
2025-11-28 17:38:13.528  1198-1288  WindowManager           system_server                        V  performShowLocked: mDrawState=HAS_DRAWN in Window{e5eb69a u0 com.yourname.smartrecorder/com.yourname.smartrecorder.MainActivity}
2025-11-28 17:38:13.529  1198-1288  WindowManager           system_server                        D  updateSystemBarAttributes: displayId=0, win=Window{e5eb69a u0 com.yourname.smartrecorder/com.yourname.smartrecorder.MainActivity}, navColorWin=Window{e5eb69a u0 com.yourname.smartrecorder/com.yourname.smartrecorder.MainActivity}, focusedCanBeNavColorWin=false, behavior=1, appearance=16, statusBarAppearanceRegions=[AppearanceRegion{ bounds=[0,0][1440,3088]}], requestedVisibilities=, from=com.android.server.wm.DisplayPolicy.finishPostLayoutPolicyLw:2531 com.android.server.wm.DisplayContent.applySurfaceChangesTransaction:5713 com.android.server.wm.RootWindowContainer.applySurfaceChangesTransaction:1234 
