2025-11-26 23:31:48.473 26334-26334 BLASTBufferQueue        com.yourname.smartrecorder           I  new BLASTBufferQueue, mName= ViewRootImpl@359723a[MainActivity] mNativeObject= 0x71adc346b0 sc.mNativeObject= 0x713dc42410 caller= android.view.ViewRootImpl.updateBlastSurfaceIfNeeded:2909 android.view.ViewRootImpl.relayoutWindow:9847 android.view.ViewRootImpl.performTraversals:3884 android.view.ViewRootImpl.doTraversal:3116 android.view.ViewRootImpl$TraversalRunnable.run:10885 android.view.Choreographer$CallbackRecord.run:1301 android.view.Choreographer$CallbackRecord.run:1309 android.view.Choreographer.doCallbacks:923 android.view.Choreographer.doFrame:852 android.view.Choreographer$FrameDisplayEventReceiver.run:1283 
2025-11-26 23:31:48.473 26334-26334 BLASTBufferQueue        com.yourname.smartrecorder           I  update, w= 1440 h= 3088 mName = ViewRootImpl@359723a[MainActivity] mNativeObject= 0x71adc346b0 sc.mNativeObject= 0x713dc42410 format= -1 caller= android.graphics.BLASTBufferQueue.<init>:84 android.view.ViewRootImpl.updateBlastSurfaceIfNeeded:2909 android.view.ViewRootImpl.relayoutWindow:9847 android.view.ViewRootImpl.performTraversals:3884 android.view.ViewRootImpl.doTraversal:3116 android.view.ViewRootImpl$TraversalRunnable.run:10885 
2025-11-26 23:31:48.474 26334-26334 ViewRootIm...nActivity] com.yourname.smartrecorder           I  Relayout returned: old=(0,0,1440,3088) new=(0,0,1440,3088) req=(1440,3088)0 dur=19 res=0x3 s={true 0x723dc68c60} ch=true seqId=0
2025-11-26 23:31:48.485 26334-26334 ViewRootIm...nActivity] com.yourname.smartrecorder           I  mThreadedRenderer.initialize() mSurface={isValid=true 0x723dc68c60} hwInitialized=true
2025-11-26 23:31:48.511 26334-26490 OpenGLRenderer          com.yourname.smartrecorder           D  eglCreateWindowSurface
2025-11-26 23:31:48.543 26334-26699 Gralloc4                com.yourname.smartrecorder           I  mapper 4.x is not supported
2025-11-26 23:31:48.544 26334-26699 Gralloc3                com.yourname.smartrecorder           W  mapper 3.x is not supported
2025-11-26 23:31:48.564 26334-26699 gralloc                 com.yourname.smartrecorder           I  Arm Module v1.0
2025-11-26 23:31:48.593 26334-26699 Gralloc4                com.yourname.smartrecorder           W  allocator 4.x is not supported
2025-11-26 23:31:48.593 26334-26699 Gralloc3                com.yourname.smartrecorder           W  allocator 3.x is not supported
2025-11-26 23:31:48.613 26334-26334 ViewRootIm...nActivity] com.yourname.smartrecorder           I  reportNextDraw android.view.ViewRootImpl.performTraversals:4438 android.view.ViewRootImpl.doTraversal:3116 android.view.ViewRootImpl$TraversalRunnable.run:10885 android.view.Choreographer$CallbackRecord.run:1301 android.view.Choreographer$CallbackRecord.run:1309 
2025-11-26 23:31:48.613 26334-26334 ViewRootIm...nActivity] com.yourname.smartrecorder           I  Setup new sync id=0
2025-11-26 23:31:48.613 26334-26334 ViewRootIm...nActivity] com.yourname.smartrecorder           I  Setting syncFrameCallback
2025-11-26 23:31:48.613 26334-26334 ViewRootIm...nActivity] com.yourname.smartrecorder           I  registerCallbacksForSync syncBuffer=false
2025-11-26 23:31:48.664  4879-4879  Routine@Co...overHelper com.samsung.android.app.routines     I  setLastResumedPackageForCover mLastResumedPackage = com.yourname.smartrecorder
2025-11-26 23:31:48.664  4879-4879  Routine@Co...cleWatcher com.samsung.android.app.routines     I  notifyLifecycleChanged mCurResumedComponent=com.yourname.smartrecorder
2025-11-26 23:31:48.694 26334-26716 ViewRootIm...nActivity] com.yourname.smartrecorder           I  Received frameDrawingCallback syncResult=0 frameNum=1.
2025-11-26 23:31:48.694 26334-26716 ViewRootIm...nActivity] com.yourname.smartrecorder           I  Setting up sync and frameCommitCallback
2025-11-26 23:31:49.351 26334-26490 BLASTBufferQueue        com.yourname.smartrecorder           I  [ViewRootImpl@359723a[MainActivity]#0](f:0,a:0) onFrameAvailable the first frame is available
2025-11-26 23:31:49.352 26334-26490 ViewRootIm...nActivity] com.yourname.smartrecorder           I  Received frameCommittedCallback lastAttemptedDrawFrameNum=1 didProduceBuffer=true
2025-11-26 23:31:49.354 26334-26490 OpenGLRenderer          com.yourname.smartrecorder           D  CFMS:: SetUp Pid : 26334    Tid : 26490
2025-11-26 23:31:49.360 26334-26490 Parcel                  com.yourname.smartrecorder           W  Expecting binder but got null!
2025-11-26 23:31:49.361 26334-26334 ViewRootIm...nActivity] com.yourname.smartrecorder           I  onSyncComplete
2025-11-26 23:31:49.361 26334-26334 ViewRootIm...nActivity] com.yourname.smartrecorder           I  setupSync seqId=0 mSyncId=0 fn=1 caller=android.view.ViewRootImpl$$ExternalSyntheticLambda11.accept:6 android.window.SurfaceSyncer.lambda$setupSync$1$android-window-SurfaceSyncer:128 android.window.SurfaceSyncer$$ExternalSyntheticLambda1.accept:8 android.window.SurfaceSyncer$SyncSet.checkIfSyncIsComplete:382 android.window.SurfaceSyncer$SyncSet.markSyncReady:359 android.window.SurfaceSyncer.markSyncReady:151 android.view.ViewRootImpl.performTraversals:4503 
2025-11-26 23:31:49.367 26334-26334 ViewRootIm...nActivity] com.yourname.smartrecorder           I  reportDrawFinished seqId=0 mSyncId=-1 fn=1 mSurfaceChangedTransaction=0x716dc375d0
2025-11-26 23:31:49.368 26334-26352 OpenGLRenderer          com.yourname.smartrecorder           I  Davey! duration=1850ms; Flags=1, FrameTimelineVsyncId=39330070, IntendedVsync=135680153746531, Vsync=135680153746531, InputEventId=0, HandleInputStart=135680156665492, AnimationStart=135680156671646, PerformTraversalsStart=135680156749146, DrawStart=135681265687953, FrameDeadline=135680078152993, FrameInterval=135680156633569, FrameStartTime=16666666, SyncQueued=135681328481145, SyncStart=135681328640799, IssueDrawCommandsStart=135681329658761, SwapBuffers=135681995786453, FrameCompleted=135682004749299, DequeueBufferDuration=35346, QueueBufferDuration=870231, GpuCompleted=135682004749299, SwapBuffersCompleted=135682004369991, DisplayPresentTime=0, CommandSubmissionCompleted=135681995786453, 
2025-11-26 23:31:49.370 26334-26334 ViewRootIm...nActivity] com.yourname.smartrecorder           I  stopped(true) old = false
2025-11-26 23:31:49.370 26334-26334 ViewRootIm...nActivity] com.yourname.smartrecorder           I  WindowStopped on com.yourname.smartrecorder/com.yourname.smartrecorder.MainActivity set to true
2025-11-26 23:31:49.375  1198-1902  WindowManager           system_server                        D  finishDrawingWindow: Window{591b3bb u0 com.yourname.smartrecorder/com.yourname.smartrecorder.MainActivity} mDrawState=DRAW_PENDING seqId=0
2025-11-26 23:31:49.389 26334-26334 MSHandlerLifeCycle      com.yourname.smartrecorder           I  removeMultiSplitHandler: no exist. decor=DecorView@58211d7[MainActivity]
2025-11-26 23:31:49.394 26334-26334 Choreographer           com.yourname.smartrecorder           I  Skipped 111 frames!  The application may be doing too much work on its main thread.
2025-11-26 23:31:49.483 26334-26490 OpenGLRenderer          com.yourname.smartrecorder           D  setSurface called with nullptr
2025-11-26 23:31:49.483 26334-26490 OpenGLRenderer          com.yourname.smartrecorder           D  setSurface() destroyed EGLSurface
2025-11-26 23:31:49.483 26334-26490 OpenGLRenderer          com.yourname.smartrecorder           D  destroyEglSurface
2025-11-26 23:31:49.486 26334-26334 ViewRootIm...nActivity] com.yourname.smartrecorder           I  performTraversals mFirst=false windowShouldResize=false viewVisibilityChanged=true mForceNextWindowRelayout=false params=null
2025-11-26 23:31:49.486  1198-1514  WindowManager           system_server                        V  Relayout Window{591b3bb u0 com.yourname.smartrecorder/com.yourname.smartrecorder.MainActivity}: viewVisibility=4 req=1440x3088 d0
2025-11-26 23:31:49.499 26334-26334 ViewRootIm...nActivity] com.yourname.smartrecorder           I  Relayout returned: old=(0,0,1440,3088) new=(0,0,1440,3088) req=(1440,3088)4 dur=12 res=0x2 s={false 0x0} ch=false seqId=0
2025-11-26 23:31:49.537 26334-26334 SmartRecor...Transcript com.yourname.smartrecorder           D  [RecordViewModel] Model not ready, waiting for background download...
2025-11-26 23:31:49.545  1198-1514  WindowManager           system_server                        V  Setting visibility of Window{591b3bb u0 com.yourname.smartrecorder/com.yourname.smartrecorder.MainActivity}: false, caller=com.android.server.wm.WindowContainer.sendAppVisibilityToClients:1246 com.android.server.wm.WindowToken.setClientVisible:431 com.android.server.wm.ActivityRecord.setClientVisible:7713 com.android.server.wm.ActivityRecord.notifyAppStopped:6604 com.android.server.wm.ActivityRecord.activityStopped:7194 
2025-11-26 23:31:49.545  4879-14050 Routine@Co...stenerImpl com.samsung.android.app.routines     I  onStopComponent: componentName - ComponentInfo{com.yourname.smartrecorder/com.yourname.smartrecorder.MainActivity}
2025-11-26 23:31:49.546  1198-1514  WindowManager           system_server                        E  win=Window{591b3bb u0 com.yourname.smartrecorder/com.yourname.smartrecorder.MainActivity} destroySurfaces: appStopped=true cleanupOnResume=false win.mWindowRemovalAllowed=false win.mRemoveOnExit=false win.mViewVisibility=4 caller=com.android.server.wm.ActivityRecord.destroySurfaces:6561 com.android.server.wm.ActivityRecord.destroySurfaces:6542 com.android.server.wm.ActivityRecord.notifyAppStopped:6606 com.android.server.wm.ActivityRecord.activityStopped:7194 com.android.server.wm.ActivityClientController.activityStopped:269 android.app.IActivityClientController$Stub.onTransact:613 com.android.server.wm.ActivityClientController.onTransact:147 
2025-11-26 23:31:49.546  1198-1514  WindowManager           system_server                        I  Destroying surface Surface(name=com.yourname.smartrecorder/com.yourname.smartrecorder.MainActivity$_26334)/@0x3f7108c called by com.android.server.wm.WindowStateAnimator.destroySurface:947 com.android.server.wm.WindowStateAnimator.destroySurfaceLocked:537 com.android.server.wm.WindowState.destroySurfaceUnchecked:4326 com.android.server.wm.WindowState.destroySurface:4300 com.android.server.wm.ActivityRecord.destroySurfaces:6561 com.android.server.wm.ActivityRecord.destroySurfaces:6542 com.android.server.wm.ActivityRecord.notifyAppStopped:6606 com.android.server.wm.ActivityRecord.activityStopped:7194 
2025-11-26 23:31:49.548  1198-1514  WindowManager           system_server                        V  Schedule remove starting ActivityRecord{7ab0a59 u0 com.yourname.smartrecorder/.MainActivity} t22450} startingWindow=null startingView=null Callers=com.android.server.wm.ActivityRecord.removeStartingWindow:3246 com.android.server.wm.ActivityRecord.notifyAppStopped:6608 com.android.server.wm.ActivityRecord.activityStopped:7194 com.android.server.wm.ActivityClientController.activityStopped:269 android.app.IActivityClientController$Stub.onTransact:613 
2025-11-26 23:31:49.553 26334-26334 ViewRootIm...nActivity] com.yourname.smartrecorder           I  handleAppVisibility mAppVisible = true visible = false
2025-11-26 23:31:49.563   858-858   Layer                   surfaceflinger                       I  id=21032 removeFromCurrentState com.yourname.smartrecorder/com.yourname.smartrecorder.MainActivity$_26334#21032 (130)
2025-11-26 23:31:49.563   858-858   SurfaceFlinger          surfaceflinger                       I  id=21032 Removed com.yourname.smartrecorder/com.yourname.smartrecorder.MainActivity$_26334#21032 (130)
2025-11-26 23:31:49.564   858-858   Layer                   surfaceflinger                       I  id=21032 Destroyed com.yourname.smartrecorder/com.yourname.smartrecorder.MainActivity$_26334#21032
2025-11-26 23:31:49.572  1198-1902  WindowManager           system_server                        V  Relayout Window{a1bb8e8 u0 Splash Screen com.yourname.smartrecorder}: viewVisibility=8 req=1440x3088 d0
2025-11-26 23:31:49.572  1198-1902  WindowManager           system_server                        E  win=Window{a1bb8e8 u0 Splash Screen com.yourname.smartrecorder} destroySurfaces: appStopped=true cleanupOnResume=false win.mWindowRemovalAllowed=false win.mRemoveOnExit=false win.mViewVisibility=8 caller=com.android.server.wm.WindowManagerService.tryStartExitingAnimation:3016 com.android.server.wm.WindowManagerService.relayoutWindow:2727 com.android.server.wm.Session.relayout:274 android.view.IWindowSession$Stub.onTransact:779 com.android.server.wm.Session.onTransact:188 android.os.Binder.execTransactInternal:1321 android.os.Binder.execTransact:1280 
2025-11-26 23:31:49.572  1198-1902  WindowManager           system_server                        I  Destroying surface Surface(name=Splash Screen com.yourname.smartrecorder$_22947)/@0x935aadb called by com.android.server.wm.WindowStateAnimator.destroySurface:947 com.android.server.wm.WindowStateAnimator.destroySurfaceLocked:537 com.android.server.wm.WindowState.destroySurfaceUnchecked:4326 com.android.server.wm.WindowState.destroySurface:4300 com.android.server.wm.WindowManagerService.tryStartExitingAnimation:3016 com.android.server.wm.WindowManagerService.relayoutWindow:2727 com.android.server.wm.Session.relayout:274 android.view.IWindowSession$Stub.onTransact:779 
2025-11-26 23:31:49.580   858-858   Layer                   surfaceflinger                       I  id=21030 removeFromCurrentState Splash Screen com.yourname.smartrecorder$_22947#21030 (129)
2025-11-26 23:31:49.584  1198-1902  CoreBackPreview         system_server                        D  Window{a1bb8e8 u0 Splash Screen com.yourname.smartrecorder}: Setting back callback null
2025-11-26 23:31:49.585  1198-1902  WindowManager           system_server                        D  Starting window removed Window{a1bb8e8 u0 Splash Screen com.yourname.smartrecorder}
2025-11-26 23:31:49.585  1198-1902  InputManager-JNI        system_server                        W  Input channel object 'a1bb8e8 Splash Screen com.yourname.smartrecorder (client)' was disposed without first being removed with the input manager!
2025-11-26 23:31:49.585  1198-1902  WindowManager           system_server                        V  Remove Window{a1bb8e8 u0 Splash Screen com.yourname.smartrecorder}: mSurfaceController=null mAnimatingExit=false mRemoveOnExit=false mHasSurface=false surfaceShowing=false animating=false app-animation=false mWillReplaceWindow=false mDisplayFrozen=false callers=com.android.server.wm.WindowState.removeIfPossible:3047 com.android.server.wm.WindowManagerService.removeWindow:2289 com.android.server.wm.Session.remove:236 android.view.IWindowSession$Stub.onTransact:743 com.android.server.wm.Session.onTransact:188 android.os.Binder.execTransactInternal:1321 
2025-11-26 23:31:49.597   858-858   Layer                   surfaceflinger                       I  id=21029 removeFromCurrentState a1bb8e8 Splash Screen com.yourname.smartrecorder#21029 (129)
2025-11-26 23:31:49.597   858-858   SurfaceFlinger          surfaceflinger                       I  id=21029 Removed a1bb8e8 Splash Screen com.yourname.smartrecorder#21029 (129)
2025-11-26 23:31:49.597   858-858   SurfaceFlinger          surfaceflinger                       I  id=21030 Removed Splash Screen com.yourname.smartrecorder$_22947#21030 (129)
2025-11-26 23:31:49.598   858-858   Layer                   surfaceflinger                       I  id=21030 Destroyed Splash Screen com.yourname.smartrecorder$_22947#21030
2025-11-26 23:31:49.598   858-858   Layer                   surfaceflinger                       I  id=21029 Destroyed a1bb8e8 Splash Screen com.yourname.smartrecorder#21029
2025-11-26 23:31:50.098 26334-26484 SmartRecor...Transcript com.yourname.smartrecorder           D  [SmartRecorderApplication] Model download progress: 20%%
2025-11-26 23:31:50.850  4879-4879  Routine@Co...overHelper com.samsung.android.app.routines     I  setLastResumedPackageForCover mLastResumedPackage = com.yourname.smartrecorder
2025-11-26 23:31:50.850  4879-4879  Routine@Co...cleWatcher com.samsung.android.app.routines     I  notifyLifecycleChanged mCurResumedComponent=com.yourname.smartrecorder
2025-11-26 23:31:51.736 26334-26334 SmartRecor...Transcript com.yourname.smartrecorder           D  [RecordViewModel] Model still not ready after waiting, downloading as fallback...
2025-11-26 23:31:51.738 26334-26521 SmartRecor...Transcript com.yourname.smartrecorder           D  Another process is downloading model, waiting...
2025-11-26 23:31:52.047 26334-26484 SmartRecor...Transcript com.yourname.smartrecorder           D  [SmartRecorderApplication] Model download progress: 40%%
2025-11-26 23:31:52.743 26334-27025 ProfileInstaller        com.yourname.smartrecorder           D  Installing profile for com.yourname.smartrecorder
2025-11-26 23:31:53.022  1198-7983  SGM:GameManager         system_server                        D  identifyGamePackage. com.yourname.smartrecorder, mCurrentUserId: 0, callerUserId: 0, callingMethodInfo: com.android.server.ssrm.SortingMachine.isGame(SortingMachine.java:162)
2025-11-26 23:31:53.022  1198-7983  SGM:PkgDataHelper       system_server                        D  getGamePkgData(). com.yourname.smartrecorder
2025-11-26 23:31:53.810 26334-26484 SmartRecor...Transcript com.yourname.smartrecorder           D  [SmartRecorderApplication] Model download progress: 60%%
2025-11-26 23:31:55.620 26334-26484 SmartRecor...Transcript com.yourname.smartrecorder           D  [SmartRecorderApplication] Model download progress: 80%%
2025-11-26 23:31:56.218  1198-4185  SGM:GameManager         system_server                        D  identifyForegroundApp. com.yourname.smartrecorder, mCurrentUserId: 0, callerUserId: 150
2025-11-26 23:31:56.218  1198-4185  SGM:PkgDataHelper       system_server                        D  getGamePkgData(). com.yourname.smartrecorder
2025-11-26 23:31:56.222  1198-4185  SGM:GameManager         system_server                        D  identifyForegroundApp. com.yourname.smartrecorder, mCurrentUserId: 0, callerUserId: 0
2025-11-26 23:31:56.222  1198-4185  SGM:PkgDataHelper       system_server                        D  getGamePkgData(). com.yourname.smartrecorder
2025-11-26 23:31:57.616 26334-26484 SmartRecor...Transcript com.yourname.smartrecorder           D  [SmartRecorderApplication] Model download progress: 100%%
2025-11-26 23:31:57.618 26334-26484 SmartRecor...Transcript com.yourname.smartrecorder           D  Model verified successfully -> size: 74MB, path: /data/user/0/com.yourname.smartrecorder/cache/ggml-tiny.en.bin.tmp
2025-11-26 23:31:57.618 26334-26484 SmartRecor...Transcript com.yourname.smartrecorder           D  Copying model to final location: /data/user/0/com.yourname.smartrecorder/files/whisper-models/ggml-tiny.en.bin
2025-11-26 23:31:57.764 26334-26521 SmartRecor...Transcript com.yourname.smartrecorder           W  Model file size invalid -> size: 3383296 bytes (3MB), expected: 74711040-82575360 bytes (71-78MB)
2025-11-26 23:31:58.546 26334-26484 SmartRecor...Transcript com.yourname.smartrecorder           D  Model copied and verified successfully -> final path: /data/user/0/com.yourname.smartrecorder/files/whisper-models/ggml-tiny.en.bin, size: 74MB
2025-11-26 23:31:58.584 26334-26484 SmartRecor...Transcript com.yourname.smartrecorder           D  Model downloaded and saved successfully
2025-11-26 23:31:58.586 26334-26484 SmartRecor...Transcript com.yourname.smartrecorder           D  Whisper model downloaded and saved to internal storage: /data/user/0/com.yourname.smartrecorder/files/whisper-models/ggml-tiny.en.bin
2025-11-26 23:31:58.765 26334-26484 SmartRecor...Transcript com.yourname.smartrecorder           D  Model was downloaded by another process, skipping download -> path: /data/user/0/com.yourname.smartrecorder/files/whisper-models/ggml-tiny.en.bin
2025-11-26 23:31:58.766 26334-26484 SmartRecor...Transcript com.yourname.smartrecorder           D  [RecordViewModel] Model download progress: 100%%
2025-11-26 23:31:58.768 26334-26334 SmartRecor...Transcript com.yourname.smartrecorder           D  [RecordViewModel] Model downloaded and verified successfully
2025-11-26 23:32:24.371  1198-5906  SGM:GameManager         system_server                        D  identifyForegroundApp. com.yourname.smartrecorder, mCurrentUserId: 0, callerUserId: 0
2025-11-26 23:32:24.371  1198-5906  SGM:PkgDataHelper       system_server                        D  getGamePkgData(). com.yourname.smartrecorder
2025-11-26 23:32:24.375  1198-5906  SGM:GameManager         system_server                        D  identifyForegroundApp. com.yourname.smartrecorder, mCurrentUserId: 0, callerUserId: 150
2025-11-26 23:32:24.375  1198-5906  SGM:PkgDataHelper       system_server                        D  getGamePkgData(). com.yourname.smartrecorder
2025-11-26 23:32:29.482  1198-7983  SGM:GameManager         system_server                        D  identifyGamePackage. com.yourname.smartrecorder, mCurrentUserId: 0, callerUserId: 0, callingMethodInfo: com.android.server.ssrm.SortingMachine.isGame(SortingMachine.java:162)
2025-11-26 23:32:29.483  1198-7983  SGM:PkgDataHelper       system_server                        D  getGamePkgData(). com.yourname.smartrecorder
2025-11-26 23:33:00.499  1198-1347  FreecessController      system_server                        D  FZ : com.yourname.smartrecorder(26334)
2025-11-26 23:33:00.502  1198-1347  FreecessController      system_server                        D  FZ : com.yourname.smartrecorder(0), reason: LEV
2025-11-26 23:33:05.732  1198-1198  FreecessController      system_server                        D  UFZ : com.yourname.smartrecorder(26334)
2025-11-26 23:33:05.733  1198-1198  FreecessController      system_server                        D  UFZ : com.yourname.smartrecorder(0), reason: TopApp-ScreenOn
2025-11-26 23:33:05.734  1198-2733  FreecessController      system_server                        D  com.yourname.smartrecorder(state: Initial -> Freezeable, Reason: TopApp-ScreenOn)
2025-11-26 23:33:05.748  1198-1198  SGM:GameManager         system_server                        D  identifyGamePackage. com.yourname.smartrecorder, mCurrentUserId: 0, callerUserId: 0, callingMethodInfo: com.android.server.ssrm.SortingMachine.isGame(SortingMachine.java:162)
2025-11-26 23:33:05.748  1198-1198  SGM:PkgDataHelper       system_server                        D  getGamePkgData(). com.yourname.smartrecorder
2025-11-26 23:33:07.069  1198-1786  MARsPolicyManager       system_server                        D  onPackageResumedFG pkgName = com.yourname.smartrecorder, userId = 0
2025-11-26 23:33:07.072  1198-1786  WindowManager           system_server                        V  Setting visibility of Window{591b3bb u0 com.yourname.smartrecorder/com.yourname.smartrecorder.MainActivity}: true, caller=com.android.server.wm.WindowContainer.sendAppVisibilityToClients:1246 com.android.server.wm.WindowToken.setClientVisible:431 com.android.server.wm.ActivityRecord.setClientVisible:7713 com.android.server.wm.ActivityRecord.setVisibility:6113 com.android.server.wm.ActivityRecord.setVisibility:6006 
2025-11-26 23:33:07.072  1198-1786  ActivityTaskManager     system_server                        D  scheduleTopResumedActivityChanged, onTop=true r=ActivityRecord{7ab0a59 u0 com.yourname.smartrecorder/.MainActivity} t22450} caller=com.android.server.wm.ActivityTaskSupervisor.scheduleTopResumedActivityStateIfNeeded:2535 com.android.server.wm.ActivityTaskSupervisor.updateTopResumedActivityIfNeeded:2527 com.android.server.wm.TaskFragment.setResumedActivity:493 com.android.server.wm.TaskFragment.onActivityStateChanged:805 com.android.server.wm.ActivityRecord.setState:6428 com.android.server.wm.TaskFragment.resumeTopActivity:1629 
2025-11-26 23:33:07.073  1198-1786  WindowManagerServiceExt system_server                        D  notifyOccludeChangeNotice: cn=ComponentInfo{com.yourname.smartrecorder/com.yourname.smartrecorder.MainActivity} occludesParent=true inMultiWindow=false styleFloating=false caller=com.android.server.wm.WindowManagerServiceExt.updateOccludeTargetIfNeeded:1402 com.android.server.wm.DisplayContent.ensureActivitiesVisible:7532 com.android.server.wm.RootWindowContainer.ensureActivitiesVisible:2248 com.android.server.wm.RootWindowContainer.ensureVisibilityAndConfig:2126 com.android.server.wm.TaskFragment.resumeTopActivity:1652 
2025-11-26 23:33:07.073  1198-1786  WindowManager           system_server                        D  rotationForOrientation, orientationSource=ActivityRecord{7ab0a59 u0 com.yourname.smartrecorder/.MainActivity} t22450}
2025-11-26 23:33:07.076 26334-26334 ViewRootIm...nActivity] com.yourname.smartrecorder           I  handleAppVisibility mAppVisible = false visible = true
2025-11-26 23:33:07.083 26334-26334 ViewRootIm...nActivity] com.yourname.smartrecorder           I  stopped(false) old = true
2025-11-26 23:33:07.083 26334-26334 ViewRootIm...nActivity] com.yourname.smartrecorder           I  WindowStopped on com.yourname.smartrecorder/com.yourname.smartrecorder.MainActivity set to false
2025-11-26 23:33:07.084  1198-1786  WindowManager           system_server                        V  Added starting ActivityRecord{7ab0a59 u0 com.yourname.smartrecorder/.MainActivity} t22450}: startingWindow=null startingView=com.android.server.wm.StartingSurfaceController$StartingSurface@99eac55
2025-11-26 23:33:07.094 26334-26334 MSHandlerLifeCycle      com.yourname.smartrecorder           I  removeMultiSplitHandler: no exist. decor=DecorView@58211d7[MainActivity]
2025-11-26 23:33:07.094 26334-26334 ViewRootIm...nActivity] com.yourname.smartrecorder           I  stopped(false) old = false
2025-11-26 23:33:07.097 26334-26334 MSHandlerLifeCycle      com.yourname.smartrecorder           I  removeMultiSplitHandler: no exist. decor=DecorView@58211d7[MainActivity]
2025-11-26 23:33:07.104 26334-26334 ViewRootIm...nActivity] com.yourname.smartrecorder           I  performTraversals mFirst=false windowShouldResize=false viewVisibilityChanged=true mForceNextWindowRelayout=false params=null
2025-11-26 23:33:07.105  1198-1904  WindowManager           system_server                        V  Relayout Window{591b3bb u0 com.yourname.smartrecorder/com.yourname.smartrecorder.MainActivity}: viewVisibility=0 req=1440x3088 d0
2025-11-26 23:33:07.105   858-1167  SurfaceFlinger          surfaceflinger                       I  id=21034 createSurf flag=40004, com.yourname.smartrecorder/com.yourname.smartrecorder.MainActivity$_26334#21034
2025-11-26 23:33:07.107  1198-1904  WindowManager           system_server                        D  makeSurface duration=2 name=com.yourname.smartrecorder/com.yourname.smartrecorder.MainActivity$_26334
2025-11-26 23:33:07.113 26334-26334 InsetsController        com.yourname.smartrecorder           D  onStateChanged: InsetsState: {mDisplayFrame=Rect(0, 0 - 1440, 3088), mDisplayCutout=DisplayCutout{insets=Rect(0, 89 - 0, 0) waterfall=Insets{left=0, top=0, right=0, bottom=0} boundingRect={Bounds=[Rect(0, 0 - 0, 0), Rect(685, 0 - 755, 89), Rect(0, 0 - 0, 0), Rect(0, 0 - 0, 0)]} cutoutPathParserInfo={CutoutPathParserInfo{displayWidth=1440 displayHeight=3088 physicalDisplayWidth=1440 physicalDisplayHeight=3088 density={3.5} cutoutSpec={M 0,0 H -10 V 25.42857142857143 H 10 V 0 H 0 Z @dp} rotation={0} scale={1.0} physicalPixelDisplaySizeRatio={1.0}}}}, mRoundedCorners=RoundedCorners{[RoundedCorner{position=TopLeft, radius=112, center=Point(112, 112)}, RoundedCorner{position=TopRight, radius=112, center=Point(1328, 112)}, RoundedCorner{position=BottomRight, radius=112, center=Point(1328, 2976)}, RoundedCorner{position=BottomLeft, radius=112, center=Point(112, 2976)}]}  mRoundedCornerFrame=Rect(0, 0 - 1440, 3088), mPrivacyIndicatorBounds=PrivacyIndicatorBounds {static bounds=Rect(1286, 0 - 1440, 90) rotation=0}, mSources= { InsetsSource: {mType=ITYPE_STATUS_BAR, mFrame=[0,0][1440,90], mVisible=true, mInsetsRoundedCornerFrame=false}, InsetsSource: {mType=ITYPE_NAVIGATION_BAR, mFrame=[0,2920][1440,3088], mVisible=false, mInsetsRoundedCornerFrame=false}, InsetsSource: {mType=ITYPE_LEFT_GESTURES, mFrame=[0,0][0,3088], mVisible=true, mInsetsRoundedCornerFrame=false}, InsetsSource: {mType=ITYPE_RIGHT_GESTURES, mFrame=[1440,0][1440,3088], mVisible=true, mInsetsRoundedCornerFrame=false}, InsetsSource: {mType=ITYPE_TOP_MANDATORY_GESTURES, mFrame=[0,0][1440,131], mVisible=true, mInsetsRoundedCornerFrame=false}, InsetsSource: {mType=ITYPE_BOTTOM_MANDATORY_GESTURES, mFrame=[0,2920][1440,3088], mVisible=true, mInsetsRoundedCornerFrame=false}, InsetsSource: {mType=ITYPE_LEFT_DISPLAY_CUTOUT, mFrame=[0,0][-100000,3088], mVisible=true, mInsetsRoundedCornerFrame=false}, InsetsSource: {mType=ITYPE_TOP_DISPLAY_CUTOUT, mFrame=[0,0][1440,89], mVisible=true, mInsetsRoundedCornerFrame=false}, InsetsSource: {mType=ITYPE_RIGHT_DISPLAY_CUTOUT, mFrame=[100000,0][1440,3088], mVisible=true, mInsetsRoundedCornerFrame=false}, InsetsSource: {mType=ITYPE_BOTTOM_DISPLAY_CUTOUT, mFrame=[0,100000][1440,3088], mVisible=true, mInsetsRoundedCornerFrame=false}, InsetsSource: {mType=ITYPE_TOP_TAPPABLE_ELEMENT, mFrame=[0,0][1440,90], mVisible=true, mInsetsRoundedCornerFrame=false}, InsetsSource: {mType=ITYPE_BOTTOM_TAPPABLE_ELEMENT, mFrame=[0,2920][1440,3088], mVisible=true, mInsetsRoundedCornerFrame=false} } host=com.yourname.smartrecorder/com.yourname.smartrecorder.MainActivity from=android.view.ViewRootImpl.relayoutWindow:9802
2025-11-26 23:33:07.115 26334-26334 ViewRootIm...nActivity] com.yourname.smartrecorder           I  updateBlastSurfaceIfNeeded mBlastBufferQueue=null isSameSurfaceControl=false
2025-11-26 23:33:07.116   858-884   SurfaceFlinger          surfaceflinger                       I  id=21035 createSurf flag=80004, ba7841 Splash Screen com.yourname.smartrecorder#21035
2025-11-26 23:33:07.116 26334-26334 BLASTBufferQueue        com.yourname.smartrecorder           I  new BLASTBufferQueue, mName= ViewRootImpl@359723a[MainActivity] mNativeObject= 0x71adc39e30 sc.mNativeObject= 0x713dc59330 caller= android.view.ViewRootImpl.updateBlastSurfaceIfNeeded:2909 android.view.ViewRootImpl.relayoutWindow:9847 android.view.ViewRootImpl.performTraversals:3884 android.view.ViewRootImpl.doTraversal:3116 android.view.ViewRootImpl$TraversalRunnable.run:10885 android.view.Choreographer$CallbackRecord.run:1301 android.view.Choreographer$CallbackRecord.run:1309 android.view.Choreographer.doCallbacks:923 android.view.Choreographer.doFrame:852 android.view.Choreographer$FrameDisplayEventReceiver.run:1283 
2025-11-26 23:33:07.117 26334-26334 BLASTBufferQueue        com.yourname.smartrecorder           I  update, w= 1440 h= 3088 mName = ViewRootImpl@359723a[MainActivity] mNativeObject= 0x71adc39e30 sc.mNativeObject= 0x713dc59330 format= -1 caller= android.graphics.BLASTBufferQueue.<init>:84 android.view.ViewRootImpl.updateBlastSurfaceIfNeeded:2909 android.view.ViewRootImpl.relayoutWindow:9847 android.view.ViewRootImpl.performTraversals:3884 android.view.ViewRootImpl.doTraversal:3116 android.view.ViewRootImpl$TraversalRunnable.run:10885 
2025-11-26 23:33:07.117  1198-1897  WindowManager           system_server                        V  addWindow: ActivityRecord{7ab0a59 u0 com.yourname.smartrecorder/.MainActivity} t22450} startingWindow=Window{ba7841 u0 Splash Screen com.yourname.smartrecorder}
2025-11-26 23:33:07.117 26334-26334 ViewRootIm...nActivity] com.yourname.smartrecorder           I  Relayout returned: old=(0,0,1440,3088) new=(0,0,1440,3088) req=(1440,3088)0 dur=11 res=0x3 s={true 0x723dc79ce0} ch=true seqId=0
2025-11-26 23:33:07.117  1198-1287  GameSDK@LifeCycle       system_server                        I  noteResumeComponent(): package name  : com.yourname.smartrecorder
2025-11-26 23:33:07.118  1198-1287  SGM:FgCheckThread       system_server                        D  noteResumeComponent(), received pkgName: com.yourname.smartrecorder, userId: 0
2025-11-26 23:33:07.118  4879-24538 Routine@Co...stenerImpl com.samsung.android.app.routines     I  onResumeComponent: componentName - ComponentInfo{com.yourname.smartrecorder/com.yourname.smartrecorder.MainActivity}
2025-11-26 23:33:07.118  1198-1539  SGM:FgCheckThread       system_server                        D  onLooperPrepared(), msg: MSG_APP_RESUME, pkgName: com.yourname.smartrecorder, userid: 0
2025-11-26 23:33:07.118 22947-22995 InsetsController        com.android.systemui                 D  onStateChanged: InsetsState: {mDisplayFrame=Rect(0, 0 - 1440, 3088), mDisplayCutout=DisplayCutout{insets=Rect(0, 89 - 0, 0) waterfall=Insets{left=0, top=0, right=0, bottom=0} boundingRect={Bounds=[Rect(0, 0 - 0, 0), Rect(685, 0 - 755, 89), Rect(0, 0 - 0, 0), Rect(0, 0 - 0, 0)]} cutoutPathParserInfo={CutoutPathParserInfo{displayWidth=1440 displayHeight=3088 physicalDisplayWidth=1440 physicalDisplayHeight=3088 density={3.5} cutoutSpec={M 0,0 H -10 V 25.42857142857143 H 10 V 0 H 0 Z @dp} rotation={0} scale={1.0} physicalPixelDisplaySizeRatio={1.0}}}}, mRoundedCorners=RoundedCorners{[RoundedCorner{position=TopLeft, radius=112, center=Point(112, 112)}, RoundedCorner{position=TopRight, radius=112, center=Point(1328, 112)}, RoundedCorner{position=BottomRight, radius=112, center=Point(1328, 2976)}, RoundedCorner{position=BottomLeft, radius=112, center=Point(112, 2976)}]}  mRoundedCornerFrame=Rect(0, 0 - 1440, 3088), mPrivacyIndicatorBounds=PrivacyIndicatorBounds {static bounds=Rect(1286, 0 - 1440, 90) rotation=0}, mSources= { InsetsSource: {mType=ITYPE_STATUS_BAR, mFrame=[0,0][1440,90], mVisible=true, mInsetsRoundedCornerFrame=false}, InsetsSource: {mType=ITYPE_NAVIGATION_BAR, mFrame=[0,2920][1440,3088], mVisible=false, mInsetsRoundedCornerFrame=false}, InsetsSource: {mType=ITYPE_LEFT_GESTURES, mFrame=[0,0][0,3088], mVisible=true, mInsetsRoundedCornerFrame=false}, InsetsSource: {mType=ITYPE_RIGHT_GESTURES, mFrame=[1440,0][1440,3088], mVisible=true, mInsetsRoundedCornerFrame=false}, InsetsSource: {mType=ITYPE_TOP_MANDATORY_GESTURES, mFrame=[0,0][1440,131], mVisible=true, mInsetsRoundedCornerFrame=false}, InsetsSource: {mType=ITYPE_BOTTOM_MANDATORY_GESTURES, mFrame=[0,2920][1440,3088], mVisible=true, mInsetsRoundedCornerFrame=false}, InsetsSource: {mType=ITYPE_LEFT_DISPLAY_CUTOUT, mFrame=[0,0][-100000,3088], mVisible=true, mInsetsRoundedCornerFrame=false}, InsetsSource: {mType=ITYPE_TOP_DISPLAY_CUTOUT, mFrame=[0,0][1440,89], mVisible=true, mInsetsRoundedCornerFrame=false}, InsetsSource: {mType=ITYPE_RIGHT_DISPLAY_CUTOUT, mFrame=[100000,0][1440,3088], mVisible=true, mInsetsRoundedCornerFrame=false}, InsetsSource: {mType=ITYPE_BOTTOM_DISPLAY_CUTOUT, mFrame=[0,100000][1440,3088], mVisible=true, mInsetsRoundedCornerFrame=false}, InsetsSource: {mType=ITYPE_TOP_TAPPABLE_ELEMENT, mFrame=[0,0][1440,90], mVisible=true, mInsetsRoundedCornerFrame=false}, InsetsSource: {mType=ITYPE_BOTTOM_TAPPABLE_ELEMENT, mFrame=[0,2920][1440,3088], mVisible=true, mInsetsRoundedCornerFrame=false} } host=Splash Screen com.yourname.smartrecorder from=android.view.ViewRootImpl.setView:1732
2025-11-26 23:33:07.120  1198-1904  CoreBackPreview         system_server                        D  Window{ba7841 u0 Splash Screen com.yourname.smartrecorder}: Setting back callback OnBackInvokedCallbackInfo{mCallback=android.window.IOnBackInvokedCallback$Stub$Proxy@7d08327, mPriority=0}
2025-11-26 23:33:07.120 26334-26334 ViewRootIm...nActivity] com.yourname.smartrecorder           I  mThreadedRenderer.initialize() mSurface={isValid=true 0x723dc79ce0} hwInitialized=true
2025-11-26 23:33:07.120 26334-26490 OpenGLRenderer          com.yourname.smartrecorder           D  eglCreateWindowSurface
2025-11-26 23:33:07.121 26334-26334 ViewRootIm...nActivity] com.yourname.smartrecorder           I  reportNextDraw android.view.ViewRootImpl.performTraversals:4438 android.view.ViewRootImpl.doTraversal:3116 android.view.ViewRootImpl$TraversalRunnable.run:10885 android.view.Choreographer$CallbackRecord.run:1301 android.view.Choreographer$CallbackRecord.run:1309 
2025-11-26 23:33:07.122 26334-26334 ViewRootIm...nActivity] com.yourname.smartrecorder           I  Setup new sync id=1
2025-11-26 23:33:07.122 26334-26334 ViewRootIm...nActivity] com.yourname.smartrecorder           I  Setting syncFrameCallback
2025-11-26 23:33:07.122 26334-26334 ViewRootIm...nActivity] com.yourname.smartrecorder           I  registerCallbacksForSync syncBuffer=false
2025-11-26 23:33:07.126  1198-4180  WindowManager           system_server                        V  Relayout Window{ba7841 u0 Splash Screen com.yourname.smartrecorder}: viewVisibility=0 req=1440x3088 d0
2025-11-26 23:33:07.126   858-884   SurfaceFlinger          surfaceflinger                       I  id=21036 createSurf flag=40004, Splash Screen com.yourname.smartrecorder$_22947#21036
2025-11-26 23:33:07.126  4533-4533  ActivityUtils           com...ndroid.app.cocktailbarservice  I  HomePackage : com.sec.android.app.launcher, resumePackageName : com.yourname.smartrecorder
2025-11-26 23:33:07.127  1198-4180  WindowManager           system_server                        D  makeSurface duration=1 name=Splash Screen com.yourname.smartrecorder$_22947
2025-11-26 23:33:07.143 26334-26717 ViewRootIm...nActivity] com.yourname.smartrecorder           I  Received frameDrawingCallback syncResult=0 frameNum=1.
2025-11-26 23:33:07.143 26334-26717 ViewRootIm...nActivity] com.yourname.smartrecorder           I  Setting up sync and frameCommitCallback
2025-11-26 23:33:07.151  1198-4178  WindowManager           system_server                        D  finishDrawingWindow: Window{ba7841 u0 Splash Screen com.yourname.smartrecorder} mDrawState=DRAW_PENDING seqId=0
2025-11-26 23:33:07.151  1198-4178  WindowManager           system_server                        V  Finishing drawing window Window{ba7841 u0 Splash Screen com.yourname.smartrecorder}: mDrawState=DRAW_PENDING
2025-11-26 23:33:07.151  1198-4178  WindowManager           system_server                        V  Draw state now committed in Window{ba7841 u0 Splash Screen com.yourname.smartrecorder}
2025-11-26 23:33:07.153  1198-1288  WindowManager           system_server                        D  performShow logReadyForDisplay win=Window{ba7841 u0 Splash Screen com.yourname.smartrecorder} mToken.waitingToShow:true isTransitionSet:true
2025-11-26 23:33:07.155 26334-26490 BLASTBufferQueue        com.yourname.smartrecorder           I  [ViewRootImpl@359723a[MainActivity]#1](f:0,a:0) onFrameAvailable the first frame is available
2025-11-26 23:33:07.155 26334-26490 ViewRootIm...nActivity] com.yourname.smartrecorder           I  Received frameCommittedCallback lastAttemptedDrawFrameNum=1 didProduceBuffer=true
2025-11-26 23:33:07.155 26334-26334 ViewRootIm...nActivity] com.yourname.smartrecorder           I  onSyncComplete
2025-11-26 23:33:07.155 26334-26334 ViewRootIm...nActivity] com.yourname.smartrecorder           I  setupSync seqId=0 mSyncId=1 fn=1 caller=android.view.ViewRootImpl$$ExternalSyntheticLambda11.accept:6 android.window.SurfaceSyncer.lambda$setupSync$1$android-window-SurfaceSyncer:128 android.window.SurfaceSyncer$$ExternalSyntheticLambda1.accept:8 android.window.SurfaceSyncer$SyncSet.checkIfSyncIsComplete:382 android.window.SurfaceSyncer$SyncSet.markSyncReady:359 android.window.SurfaceSyncer.markSyncReady:151 android.view.ViewRootImpl.performTraversals:4503 
2025-11-26 23:33:07.156 26334-26334 ViewRootIm...nActivity] com.yourname.smartrecorder           I  reportDrawFinished seqId=0 mSyncId=-1 fn=1 mSurfaceChangedTransaction=0x716dc375d0
2025-11-26 23:33:07.158  1198-1288  WindowManager           system_server                        D  createAnimationAdapter(): container=Task{ad0b61e #22450 type=standard A=10928:com.yourname.smartrecorder U=0 visible=true visibleRequested=true mode=fullscreen translucent=false sz=1}
2025-11-26 23:33:07.159  1198-1288  WindowManager           system_server                        V  performShowLocked: mDrawState=HAS_DRAWN in Window{ba7841 u0 Splash Screen com.yourname.smartrecorder}
2025-11-26 23:33:07.160  1198-1288  WindowManager           system_server                        D  	Add container=Task{ad0b61e #22450 type=standard A=10928:com.yourname.smartrecorder U=0 visible=true visibleRequested=true mode=fullscreen translucent=false sz=1}
2025-11-26 23:33:07.162   858-1167  SurfaceFlinger          surfaceflinger                       I  id=21038 createSurf flag=80000, dc36ea0 ActivityRecordInputSink com.yourname.smartrecorder/.MainActivity#21038
2025-11-26 23:33:07.164  1198-1288  WindowManager           system_server                        I  container=Task{ad0b61e #22450 type=standard A=10928:com.yourname.smartrecorder U=0 visible=true visibleRequested=true mode=fullscreen translucent=false sz=1}
                                                                                                    Target:
                                                                                                      mode=0 taskId=22450 isTranslucent=false clipRect=[0,0][0,0] contentInsets=[0,90][0,168] prefixOrderIndex=33 position=[0,0] sourceContainerBounds=[0,0][1440,3088] screenSpaceBounds=[0,0][1440,3088] localBounds=[0,0][1440,3088]
                                                                                                      windowConfiguration={ mBounds=Rect(0, 0 - 1440, 3088) mAppBounds=Rect(0, 89 - 1440, 2920) mMaxBounds=Rect(0, 0 - 1440, 3088) mDisplayRotation=ROTATION_0 mWindowingMode=fullscreen mDisplayWindowingMode=fullscreen mActivityType=standard mAlwaysOnTop=undefined mRotation=ROTATION_0 mPopOver=undefined mStageConfig=undefined mFreeformTaskPinningState=unpinned mFreeformStashState=undefined mDexTaskDockingState=undefined}
                                                                                                      leash=Surface(name=Surface(name=Task=22450)/@0x3f5577d - animation-leash of app_transition)/@0x7cc8672
                                                                                                      taskInfo=TaskInfo{userId=0 taskId=22450 displayId=0 isRunning=true baseIntent=Intent { flg=0x10000000 cmp=com.yourname.smartrecorder/.MainActivity } baseActivity=ComponentInfo{com.yourname.smartrecorder/com.yourname.smartrecorder.MainActivity} topActivity=ComponentInfo{com.yourname.smartrecorder/com.yourname.smartrecorder.MainActivity} origActivity=null realActivity=ComponentInfo{com.yourname.smartrecorder/com.yourname.smartrecorder.MainActivity} numActivities=1 lastActiveTime=136008736 supportsSplitScreenMultiWindow=true supportsMultiWindow=true resizeMode=1 isResizeable=true minWidth=-1 minHeight=-1 defaultMinSize=220 token=WCT{RemoteToken{7c3cf40 Task{ad0b61e #22450 type=standard A=10928:com.yourname.smartrecorder U=0 visible=true visibleRequested=true mode=fullscreen translucent=false sz=1}}} topActivityType=1 pictureInPictureParams=null shouldDockBigOverlays=false launchIntoPipHostTaskId=0 displayCutoutSafeInsets=Rect(0, 89 - 0, 0) topActivityInfo=ActivityInfo{304ee79 com.yourname.smartrecorder.MainActivity} launchCookies=[] positionInParent=Point(0, 0) parentTaskId=-1 isFocused=true isVisible=true isSleeping=false topActivityInSizeCompat=false topActivityEligibleForLetterboxEducation= false locusId=null displayAreaFeatureId=1 cameraCompatControlState=hidden originallySupportedSplitScreen=true hasWallpaper=false isTopTransparentActivity=false topActivityInFixedAspectRatio=false topActivityInDisplayCompat=false topActivityInBoundsCompat=false topActivityBounds=null}
                                                                                                      allowEnterPip=true
                                                                                                      windowType=-1  hasAnimatingParent=false  backgroundColor=0
2025-11-26 23:33:07.169  1198-4180  WindowManager           system_server                        D  finishDrawingWindow: Window{591b3bb u0 com.yourname.smartrecorder/com.yourname.smartrecorder.MainActivity} mDrawState=DRAW_PENDING seqId=0
2025-11-26 23:33:07.173   858-858   Layer                   surfaceflinger                       I  Layer [Splash Screen com.yourname.smartrecorder$_22947#21036] hidden!! flag(0)
2025-11-26 23:33:07.175  1198-1288  WindowManager           system_server                        V  Finish starting ActivityRecord{7ab0a59 u0 com.yourname.smartrecorder/.MainActivity} t22450}: first real window is shown, no animation
2025-11-26 23:33:07.176  1198-1288  WindowManager           system_server                        V  Schedule remove starting ActivityRecord{7ab0a59 u0 com.yourname.smartrecorder/.MainActivity} t22450} startingWindow=null startingView=null Callers=com.android.server.wm.ActivityRecord.removeStartingWindow:3246 com.android.server.wm.ActivityRecord.onFirstWindowDrawn:7482 com.android.server.wm.WindowState.performShowLocked:5519 com.android.server.wm.WindowStateAnimator.commitFinishDrawingLocked:352 com.android.server.wm.DisplayContent.lambda$new$8:1189 
2025-11-26 23:33:07.176  1198-1288  WindowManager           system_server                        V  performShowLocked: mDrawState=HAS_DRAWN in Window{591b3bb u0 com.yourname.smartrecorder/com.yourname.smartrecorder.MainActivity}
2025-11-26 23:33:07.177  1198-1904  WindowManager           system_server                        D  	container=Task{ad0b61e #22450 type=standard A=10928:com.yourname.smartrecorder U=0 visible=true visibleRequested=true mode=fullscreen translucent=false sz=1}
2025-11-26 23:33:07.179   858-858   SurfaceFlinger          surfaceflinger                       D  Display 4633128672291735937 HWC layers:
                                                                                                         DEVICE | 0x70f52f13b0 | 0100 | RGBA_8888    |    0.0    0.0 1440.0 3088.0 |    0    0 1440 3088 | Splash Screen com.yourname.smartrecorder$_22947#21036
                                                                                                         DEVICE | 0x70f52dc6b0 | 0100 | RGBA_8888    |    0.0    0.0 1440.0   90.0 |    0    0 1440   90 | StatusBar$_22947#4630
                                                                                                         DEVICE | 0x70f52d65f0 | 0100 | RGBA_8888    |    0.0    0.0 1440.0 3088.0 |    0    0 1440 3088 | NotificationShade$_22947#21022
                                                                                                         DEVICE | 0x70f52d9f50 | 0100 | RGBA_8888    |    0.0    0.0   67.0  708.0 | 1373  391 1440 1099 | com.samsung.android.app.cocktailbars[...]rvice.CocktailBarService$_4533#21033
                                                                                                         DEVICE | 0x70f52edc90 | 0140 | RGBA_8888    |    7.0    7.0 1447.0 3095.0 |    0    0 1440 3088 | FP Iconview$_25091#21025
2025-11-26 23:33:07.184  1198-1288  ActivityTaskManager     system_server                        D  mStartingWindow and mStartingData is null for token=ActivityRecord{7ab0a59 u0 com.yourname.smartrecorder/.MainActivity} t22450}
2025-11-26 23:33:07.185  1198-1288  TaskOrganizerController system_server                        D  applyStartingWindowAnimation, window=Window{591b3bb u0 com.yourname.smartrecorder/com.yourname.smartrecorder.MainActivity}, caller=com.android.server.wm.TaskOrganizerController.removeStartingWindow:573 com.android.server.wm.StartingSurfaceController$StartingSurface.remove:287 com.android.server.wm.ActivityRecord.lambda$removeStartingWindowAnimation$6:3311 
2025-11-26 23:33:07.185  1198-1288  WindowManager           system_server                        I  Reparenting to leash, surface=Surface(name=591b3bb com.yourname.smartrecorder/com.yourname.smartrecorder.MainActivity)/@0x2e8b01f, leashParent=Surface(name=ActivityRecord{7ab0a59 u0 com.yourname.smartrecorder/.MainActivity} t22450})/@0x9b69f6c
2025-11-26 23:33:07.185   858-1168  SurfaceFlinger          surfaceflinger                       I  id=21039 createSurf flag=24000, Surface(name=591b3bb com.yourname.smartrecorder/com.yourname.smartrecorder.MainActivity)/@0x2e8b01f - animation-leash of starting_reveal#21039
2025-11-26 23:33:07.186  1198-1288  WindowManager           system_server                        D  makeSurface duration=0 leash=Surface(name=Surface(name=591b3bb com.yourname.smartrecorder/com.yourname.smartrecorder.MainActivity)/@0x2e8b01f - animation-leash of starting_reveal)/@0xdcf935
2025-11-26 23:33:07.189   858-858   Layer                   surfaceflinger                       I  Layer [com.yourname.smartrecorder/com.yourname.smartrecorder.MainActivity$_26334#21034] hidden!! flag(0)
2025-11-26 23:33:07.193  1198-4180  WindowManager           system_server                        V  Relayout Window{ba7841 u0 Splash Screen com.yourname.smartrecorder}: viewVisibility=0 req=1440x3088 d0
2025-11-26 23:33:07.194   858-858   SurfaceFlinger          surfaceflinger                       D  Display 4633128672291735937 HWC layers:
                                                                                                         DEVICE | 0x70f52d0ad0 | 0102 | RGBA_8888    |    0.0    0.0 1440.0 3088.0 |    0    0 1440 3088 | com.yourname.smartrecorder/com.yourn[...]rtrecorder.MainActivity$_26334#21034
                                                                                                         DEVICE | 0x70f52f13b0 | 0100 | RGBA_8888    |    0.0    0.0 1440.0 3088.0 |    0    0 1440 3088 | Splash Screen com.yourname.smartrecorder$_22947#21036
                                                                                                         DEVICE | 0x70f52dc6b0 | 0100 | RGBA_8888    |    0.0    0.0 1440.0   90.0 |    0    0 1440   90 | StatusBar$_22947#4630
