2025-11-28 00:47:41.593  1198-1895  ActivityTaskManager     system_server                        D  TaskLaunchParamsModifier:task=Task{1adb36b #22668 type=standard A=11005:com.yourname.smartrecorder U=0 visible=true visibleRequested=true mode=fullscreen translucent=false sz=2} activity=ActivityRecord{bad058b u0 com.google.android.documentsui/com.android.documentsui.picker.PickActivity} t-1} display-area-from-source=DefaultTaskDisplayArea@72262064 display-id=0 display-windowing-mode=1 suggested-display-area=DefaultTaskDisplayArea@72262064 inherit-from-source=fullscreen activity-options-fullscreen=Rect(0, 0 - 0, 0) non-freeform-display display-area=DefaultTaskDisplayArea@72262064 maximized-bounds
2025-11-28 00:47:41.594  7711-7818  SmartRecor...Transcript com.yourname.smartrecorder           D  Model was downloaded by another process, skipping download -> path: /data/user/0/com.yourname.smartrecorder/files/whisper-models/ggml-tiny.en.bin
2025-11-28 00:47:41.594  7711-7818  SmartRecor...Transcript com.yourname.smartrecorder           D  [RecordViewModel] Model download progress: 100%%
2025-11-28 00:47:41.598  1198-1895  ActivityTaskManager     system_server                        D  scheduleTopResumedActivityChanged, onTop=false r=ActivityRecord{6fff5e5 u0 com.yourname.smartrecorder/.MainActivity} t22668} caller=com.android.server.wm.ActivityTaskSupervisor.updateTopResumedActivityIfNeeded:2510 com.android.server.wm.TaskFragment.setResumedActivity:493 com.android.server.wm.TaskFragment.onActivityStateChanged:790 com.android.server.wm.ActivityRecord.setState:6428 com.android.server.wm.TaskFragment.startPausing:1880 com.android.server.wm.TaskFragment.startPausing:1817 
2025-11-28 00:47:41.600   858-979   SurfaceFlinger          surfaceflinger                       D  [input] setFocusedWindow: 658edce com.yourname.smartrecorder/com.yourname.smartrecorder.MainActivity
2025-11-28 00:47:41.600  1198-1850  InputDispatcher         system_server                        D  Focus entered window (0): 658edce com.yourname.smartrecorder/com.yourname.smartrecorder.MainActivity
2025-11-28 00:47:41.601  7711-7711  ViewRootIm...nActivity] com.yourname.smartrecorder           I  stopped(false) old = false
2025-11-28 00:47:41.603  7711-7711  DecorView               com.yourname.smartrecorder           I  notifyKeepScreenOnChanged: keepScreenOn=false
2025-11-28 00:47:41.604  7711-7711  MSHandlerLifeCycle      com.yourname.smartrecorder           I  removeMultiSplitHandler: no exist. decor=DecorView@ef6d448[MainActivity]
2025-11-28 00:47:41.608  7711-7711  SmartRecor...Transcript com.yourname.smartrecorder           D  [RecordViewModel] Model downloaded and verified successfully
2025-11-28 00:47:41.613  1198-1287  GameSDK@LifeCycle       system_server                        I  noteResumeComponent(): package name  : com.yourname.smartrecorder
2025-11-28 00:47:41.614  1198-1287  SGM:GameManager         system_server                        D  identifyGamePackage. com.yourname.smartrecorder, mCurrentUserId: 0, callerUserId: 0, callingMethodInfo: com.android.server.ssrm.SortingMachine.isGame(SortingMachine.java:162)
2025-11-28 00:47:41.614  1198-1287  SGM:PkgDataHelper       system_server                        D  getGamePkgData(). com.yourname.smartrecorder
2025-11-28 00:47:41.614  4879-20379 Routine@Co...stenerImpl com.samsung.android.app.routines     I  onResumeComponent: componentName - ComponentInfo{com.yourname.smartrecorder/com.yourname.smartrecorder.MainActivity}
2025-11-28 00:47:41.614  1198-1287  SGM:FgCheckThread       system_server                        D  noteResumeComponent(), received pkgName: com.yourname.smartrecorder, userId: 0
2025-11-28 00:47:41.614  1198-1539  SGM:FgCheckThread       system_server                        D  onLooperPrepared(), msg: MSG_APP_RESUME, pkgName: com.yourname.smartrecorder, userid: 0
2025-11-28 00:47:41.614  4533-4533  ActivityUtils           com...ndroid.app.cocktailbarservice  I  HomePackage : com.sec.android.app.launcher, resumePackageName : com.yourname.smartrecorder
2025-11-28 00:47:41.617  1198-1287  SGM:FgCheckThread       system_server                        D  notePauseComponent(), received pkgName: com.yourname.smartrecorder, userId: 0
2025-11-28 00:47:41.618  4879-12410 Routine@Co...stenerImpl com.samsung.android.app.routines     I  onPauseComponent: componentName - ComponentInfo{com.yourname.smartrecorder/com.yourname.smartrecorder.MainActivity}
2025-11-28 00:47:41.621  1198-5906  SGM:GameManager         system_server                        D  identifyForegroundApp. com.yourname.smartrecorder, mCurrentUserId: 0, callerUserId: 150
2025-11-28 00:47:41.621  1198-5906  SGM:PkgDataHelper       system_server                        D  getGamePkgData(). com.yourname.smartrecorder
2025-11-28 00:47:41.621  1198-4344  SGM:GameManager         system_server                        D  identifyForegroundApp. com.yourname.smartrecorder, mCurrentUserId: 0, callerUserId: 0
2025-11-28 00:47:41.621  1198-4344  SGM:PkgDataHelper       system_server                        D  getGamePkgData(). com.yourname.smartrecorder
2025-11-28 00:47:41.629  7711-7711  ViewRootIm...nActivity] com.yourname.smartrecorder           I  performTraversals params={(0,0)(fillxfill) sim={adjust=pan forwardNavigation} layoutInDisplayCutoutMode=always ty=BASE_APPLICATION wanim=0x1030309
                                                                                                      fl=81810100
                                                                                                      pfl=16020040
                                                                                                      vsysui=110
                                                                                                      apr=LIGHT_NAVIGATION_BARS
                                                                                                      bhv=DEFAULT
                                                                                                      fitSides= naviIconColor=0}
2025-11-28 00:47:41.630  7711-7711  ViewRootIm...nActivity] com.yourname.smartrecorder           I  performTraversals mFirst=false windowShouldResize=false viewVisibilityChanged=false mForceNextWindowRelayout=false params={(0,0)(fillxfill) sim={adjust=pan forwardNavigation} layoutInDisplayCutoutMode=always ty=BASE_APPLICATION wanim=0x1030309
                                                                                                      fl=81810100
                                                                                                      pfl=16020040
                                                                                                      vsysui=110
                                                                                                      apr=LIGHT_NAVIGATION_BARS
                                                                                                      bhv=DEFAULT
                                                                                                      fitSides= naviIconColor=0}
2025-11-28 00:47:41.630  1198-1895  WindowManager           system_server                        V  Changing focus from Window{658edce u0 com.yourname.smartrecorder/com.yourname.smartrecorder.MainActivity} to null displayId=0 Callers=com.android.server.wm.RootWindowContainer.updateFocusedWindowLocked:595 com.android.server.wm.WindowManagerService.updateFocusedWindowLocked:6810 com.android.server.wm.WindowManagerService.relayoutWindow:2820 com.android.server.wm.Session.relayout:274 
2025-11-28 00:47:41.630  1198-1895  MARsPolicyManager       system_server                        D  onPackageResumedFG pkgName = com.yourname.smartrecorder, userId = 0
2025-11-28 00:47:41.634  1198-1850  InputDispatcher         system_server                        D  Focus left window (0): 658edce com.yourname.smartrecorder/com.yourname.smartrecorder.MainActivity
2025-11-28 00:47:41.634  1198-1895  WindowManager           system_server                        D  updateSystemBarAttributes: displayId=0, win=Window{e574210 u0 com.google.android.youtube/com.google.android.youtube.app.honeycomb.Shell$HomeActivity}, navColorWin=Window{658edce u0 com.yourname.smartrecorder/com.yourname.smartrecorder.MainActivity}, focusedCanBeNavColorWin=false, behavior=2, appearance=16, statusBarAppearanceRegions=[AppearanceRegion{ bounds=[0,0][1440,3088]}], requestedVisibilities=ITYPE_STATUS_BAR: visible, ITYPE_NAVIGATION_BAR: visible, ITYPE_CLIMATE_BAR: visible, ITYPE_EXTRA_NAVIGATION_BAR: visible, ITYPE_LOCAL_NAVIGATION_BAR_1: visible, ITYPE_LOCAL_NAVIGATION_BAR_2: visible, from=com.android.server.wm.DisplayPolicy.focusChangedLw:3251 com.android.server.wm.DisplayContent.updateFocusedWindowLocked:4632 com.android.server.wm.RootWindowContainer.updateFocusedWindowLocked:595 
2025-11-28 00:47:41.637  1198-4174  WindowManager           system_server                        V  Relayout Window{658edce u0 com.yourname.smartrecorder/com.yourname.smartrecorder.MainActivity}: viewVisibility=0 req=1440x3088 d0
2025-11-28 00:47:41.640  7711-7711  ViewRootIm...nActivity] com.yourname.smartrecorder           I  updateBlastSurfaceIfNeeded mBlastBufferQueue=0x71adc36910 isSameSurfaceControl=true
2025-11-28 00:47:41.640  7711-7711  BLASTBufferQueue        com.yourname.smartrecorder           I  update, w= 1440 h= 3088 mName = ViewRootImpl@eb901d5[MainActivity] mNativeObject= 0x71adc36910 sc.mNativeObject= 0x713dc79990 format= -1 caller= android.view.ViewRootImpl.updateBlastSurfaceIfNeeded:2898 android.view.ViewRootImpl.relayoutWindow:9847 android.view.ViewRootImpl.performTraversals:3884 android.view.ViewRootImpl.doTraversal:3116 android.view.ViewRootImpl$TraversalRunnable.run:10885 android.view.Choreographer$CallbackRecord.run:1301 
2025-11-28 00:47:41.640  7711-7711  ViewRootIm...nActivity] com.yourname.smartrecorder           I  Relayout returned: old=(0,0,1440,3088) new=(0,0,1440,3088) req=(1440,3088)0 dur=10 res=0x0 s={true 0x723dc5e210} ch=false seqId=0
2025-11-28 00:47:41.644  7711-7711  ViewRootIm...nActivity] com.yourname.smartrecorder           I  MSG_WINDOW_FOCUS_CHANGED 0 0
2025-11-28 00:47:41.645  7711-7711  ViewRootIm...nActivity] com.yourname.smartrecorder           I  MSG_WINDOW_FOCUS_CHANGED 0 0
2025-11-28 00:47:41.650   858-858   SurfaceFlinger          surfaceflinger                       I  [658edce com.yourname.smartrecorder/com.yourname.smartrecorder.MainActivity#43518] FrameRatePriority: -1
2025-11-28 00:47:41.682  1198-1288  WindowManager           system_server                        I  Reparenting to leash, surface=Surface(name=ActivityRecord{6fff5e5 u0 com.yourname.smartrecorder/.MainActivity} t22668})/@0x3d0a8b6, leashParent=Surface(name=Task=22668)/@0xae874fb
2025-11-28 00:47:41.682   858-886   SurfaceFlinger          surfaceflinger                       I  id=43585 createSurf flag=24000, Surface(name=ActivityRecord{6fff5e5 u0 com.yourname.smartrecorder/.MainActivity} t22668})/@0x3d0a8b6 - animation-leash of app_transition#43585
2025-11-28 00:47:41.683  1198-1288  WindowManager           system_server                        D  makeSurface duration=1 leash=Surface(name=Surface(name=ActivityRecord{6fff5e5 u0 com.yourname.smartrecorder/.MainActivity} t22668})/@0x3d0a8b6 - animation-leash of app_transition)/@0x5ab5c17
2025-11-28 00:47:41.684   858-1169  SurfaceFlinger          surfaceflinger                       I  id=43586 createSurf flag=80004, Surface(name=ActivityRecord{6fff5e5 u0 com.yourname.smartrecorder/.MainActivity} t22668})/@0x3d0a8b6 - animation-bounds#43586
2025-11-28 00:47:41.705   858-858   SurfaceFlinger          surfaceflinger                       D  Display 4633128672291735937 HWC layers:
                                                                                                         DEVICE | 0x70f52dacd0 | 0102 | RGBA_8888    |    0.0    0.0 1440.0 3088.0 |    0    0 1440 3088 | com.yourname.smartrecorder/com.yourn[...]artrecorder.MainActivity$_7711#43519
                                                                                                     SOLID_COLOR |              | 0000 |  Unknown  |    0.0    0.0    0.0    0.0 |    0    0 1440 3088 | Dim Layer for - Task=22668#43571
                                                                                                         CLIENT |              | 0000 |  Unknown  |    0.0    0.0    0.0    0.0 |  693  132 1402  546 | Task=22605#37284
                                                                                                         CLIENT |              | 0002 |  Unknown  |    0.0    0.0    0.0    0.0 |  711  150 1384  528 | Background for SurfaceView[com.googl[...]oneycomb.Shell$HomeActivity]@0#41541
                                                                                                         CLIENT | 0x70f52afe90 | 0102 | 0x0000105    |    0.0    0.0  854.0  480.0 |  711  150 1384  528 | SurfaceView[com.google.android.youtu[...]b.Shell$HomeActivity]@0(BLAST)#41540
                                                                                                         CLIENT | 0x70f52da190 | 0100 | RGBA_8888    |    0.0    0.0  673.0  378.0 |  711  150 1384  528 | com.google.android.youtube/com.googl[...]comb.Shell$HomeActivity$_29596#41535
                                                                                                         DEVICE
2025-11-28 00:47:41.774   858-858   SurfaceFlinger          surfaceflinger                       D  Display 4633128672291735937 HWC layers:
                                                                                                         CLIENT | 0x70f52da2b0 | 0102 | RGBA_8888    |    0.0    0.0    0.0    0.0 |    0 3078 1440 3088 | bbq-wrapper#43595
                                                                                                         CLIENT | 0x70f52dacd0 | 0102 | RGBA_8888    |    0.0   10.0 1440.0 3088.0 |    0    0 1440 3078 | com.yourname.smartrecorder/com.yourn[...]artrecorder.MainActivity$_7711#43519
                                                                                                         CLIENT | 0x70f52d77f0 | 0102 | RGBA_8888    |    0.0    0.0    0.0    0.0 |    0 3079 1440 3088 | bbq-wrapper#43601
                                                                                                         CLIENT |              | 0000 |  Unknown  |    0.0    0.0    0.0    0.0 |    0    0 1440 3088 | Dim Layer for - Task=22668#43571
                                                                                                         CLIENT | 0x70f52e5c50 | 0102 | RGBA_8888    |    0.0    0.0 1440.0    1.0 |    0    0 1440  518 | bbq-wrapper#43598
                                                                                                         CLIENT | 0x70f52dd8b0 | 0100 | RGBA_8888    |    0.0    0.0 1440.0 2570.0 |    0  518 1440 3088 | Splash Screen com.google.android.documentsui$_22947#43581
                                                                                                         CLIENT |              | 0000 |  Unknown  |    0.0    0.0    0.0    0.0 |  693  132 1402  546 | Task=22605#37284
                                                                                                         CLIENT |              |
2025-11-28 00:47:41.792   858-858   SurfaceFlinger          surfaceflinger                       D  Display 4633128672291735937 HWC layers:
                                                                                                         CLIENT | 0x70f52da2b0 | 0102 | RGBA_8888    |    0.0    0.0    0.0    0.0 |    0 3064 1440 3088 | bbq-wrapper#43595
                                                                                                         CLIENT | 0x70f52d2a50 | 0102 | RGBA_8888    |    0.0   24.0 1440.0 3088.0 |    0    0 1440 3064 | com.yourname.smartrecorder/com.yourn[...]artrecorder.MainActivity$_7711#43519
                                                                                                         CLIENT | 0x70f52d77f0 | 0102 | RGBA_8888    |    0.0    0.0    0.0    0.0 |    0 3066 1440 3088 | bbq-wrapper#43601
                                                                                                         CLIENT |              | 0000 |  Unknown  |    0.0    0.0    0.0    0.0 |    0    0 1440 3088 | Dim Layer for - Task=22668#43571
                                                                                                         CLIENT | 0x70f52e5c50 | 0102 | RGBA_8888    |    0.0    0.0 1440.0    1.0 |    0    0 1440  435 | bbq-wrapper#43598
                                                                                                         CLIENT |              | 0000 |  Unknown  |    0.0    0.0    0.0    0.0 |    0    0 1440 3088 | DimAnimationLayer for ActivityRecord[...]i.picker.PickActivity} t22668}#43589
                                                                                                         CLIENT | 0x70f52dd8b0 | 0100 | RGBA_8888    |    0.0    0.0 1440.0 2653.0 |    0  435 1440 3088 | Splash Screen com.google.
2025-11-28 00:47:41.824   858-858   SurfaceFlinger          surfaceflinger                       D  Display 4633128672291735937 HWC layers:
                                                                                                         DEVICE | 0x70f52da2b0 | 0102 | RGBA_8888    |    0.0    0.0 1440.0    1.0 |    0 3032 1440 3088 | bbq-wrapper#43595
                                                                                                         DEVICE | 0x70f52cd3b0 | 0102 | RGBA_8888    |    0.0   56.0 1440.0 3088.0 |    0    0 1440 3032 | com.yourname.smartrecorder/com.yourn[...]artrecorder.MainActivity$_7711#43519
                                                                                                         DEVICE | 0x70f52d77f0 | 0102 | RGBA_8888    |    0.0    0.0 1440.0    1.0 |    0 3036 1440 3088 | bbq-wrapper#43601
                                                                                                         CLIENT | 0x70f52e5c50 | 0102 | RGBA_8888    |    0.0    0.0    0.0    0.0 |    0    0 1440  241 | bbq-wrapper#43598
                                                                                                         CLIENT |              | 0000 |  Unknown  |    0.0    0.0    0.0    0.0 |    0    0 1440 3088 | DimAnimationLayer for ActivityRecord[...]i.picker.PickActivity} t22668}#43589
                                                                                                         CLIENT | 0x70f52dd8b0 | 0100 | RGBA_8888    |    0.0    0.0 1440.0 2847.0 |    0  241 1440 3088 | Splash Screen com.google.android.documentsui$_22947#43581
                                                                                                         CLIENT |              | 0000 |  Unknown  |    0.0    0.0    0.0    0.0 |  693  132 1402  546 | 
2025-11-28 00:47:41.920  4879-4879  Routine@Co...overHelper com.samsung.android.app.routines     I  setLastResumedPackageForCover mLastResumedPackage = com.yourname.smartrecorder
2025-11-28 00:47:41.920  4879-4879  Routine@Co...cleWatcher com.samsung.android.app.routines     I  notifyLifecycleChanged mCurResumedComponent=com.yourname.smartrecorder
2025-11-28 00:47:42.151  1198-1288  WindowManager           system_server                        I  Reparenting to original parent: Surface(name=Task=22668)/@0xae874fb, destroy=true, surface=Surface(name=ActivityRecord{6fff5e5 u0 com.yourname.smartrecorder/.MainActivity} t22668})/@0x3d0a8b6
2025-11-28 00:47:42.152  1198-1288  WindowManager           system_server                        V  Setting visibility of Window{658edce u0 com.yourname.smartrecorder/com.yourname.smartrecorder.MainActivity}: false, caller=com.android.server.wm.WindowContainer.sendAppVisibilityToClients:1246 com.android.server.wm.WindowToken.setClientVisible:431 com.android.server.wm.ActivityRecord.setClientVisible:7713 com.android.server.wm.ActivityRecord.onAnimationFinished:8612 com.android.server.wm.WindowContainer$$ExternalSyntheticLambda4.onAnimationFinished:2 
2025-11-28 00:47:42.154  7711-7711  ViewRootIm...nActivity] com.yourname.smartrecorder           I  handleAppVisibility mAppVisible = true visible = false
2025-11-28 00:47:42.167   858-858   Layer                   surfaceflinger                       I  id=43585 removeFromCurrentState Surface(name=ActivityRecord{6fff5e5 u0 com.yourname.smartrecorder/.MainActivity} t22668})/@0x3d0a8b6 - animation-leash of app_transition#43585 (159)
2025-11-28 00:47:42.167   858-858   Layer                   surfaceflinger                       I  id=43586 removeFromCurrentState Surface(name=ActivityRecord{6fff5e5 u0 com.yourname.smartrecorder/.MainActivity} t22668})/@0x3d0a8b6 - animation-bounds#43586 (159)
2025-11-28 00:47:42.168   858-858   Layer                   surfaceflinger                       I  Layer [com.yourname.smartrecorder/com.yourname.smartrecorder.MainActivity$_7711#43519] hidden!! flag(1)
2025-11-28 00:47:42.169  7711-7821  OpenGLRenderer          com.yourname.smartrecorder           D  setSurface called with nullptr
2025-11-28 00:47:42.169  7711-7821  OpenGLRenderer          com.yourname.smartrecorder           D  setSurface() destroyed EGLSurface
2025-11-28 00:47:42.169  7711-7821  OpenGLRenderer          com.yourname.smartrecorder           D  destroyEglSurface
2025-11-28 00:47:42.169   858-858   SurfaceFlinger          surfaceflinger                       I  id=43586 Removed Surface(name=ActivityRecord{6fff5e5 u0 com.yourname.smartrecorder/.MainActivity} t22668})/@0x3d0a8b6 - animation-bounds#43586 (159)
2025-11-28 00:47:42.169   858-858   SurfaceFlinger          surfaceflinger                       I  id=43585 Removed Surface(name=ActivityRecord{6fff5e5 u0 com.yourname.smartrecorder/.MainActivity} t22668})/@0x3d0a8b6 - animation-leash of app_transition#43585 (159)
2025-11-28 00:47:42.169   858-858   Layer                   surfaceflinger                       I  id=43586 Destroyed Surface(name=ActivityRecord{6fff5e5 u0 com.yourname.smartrecorder/.MainActivity} t22668})/@0x3d0a8b6 - animation-bounds#43586
2025-11-28 00:47:42.169   858-858   Layer                   surfaceflinger                       I  id=43585 Destroyed Surface(name=ActivityRecord{6fff5e5 u0 com.yourname.smartrecorder/.MainActivity} t22668})/@0x3d0a8b6 - animation-leash of app_transition#43585
2025-11-28 00:47:42.171  7711-7711  ViewRootIm...nActivity] com.yourname.smartrecorder           I  performTraversals mFirst=false windowShouldResize=false viewVisibilityChanged=true mForceNextWindowRelayout=false params=null
2025-11-28 00:47:42.175  1198-1895  WindowManager           system_server                        V  Relayout Window{658edce u0 com.yourname.smartrecorder/com.yourname.smartrecorder.MainActivity}: viewVisibility=8 req=1440x3088 d0
2025-11-28 00:47:42.178  7711-7711  ViewRootIm...nActivity] com.yourname.smartrecorder           I  Relayout returned: old=(0,0,1440,3088) new=(0,0,1440,3088) req=(1440,3088)8 dur=6 res=0x2 s={false 0x0} ch=true seqId=0
2025-11-28 00:47:42.180  7711-7711  ViewRootIm...nActivity] com.yourname.smartrecorder           I  stopped(true) old = false
2025-11-28 00:47:42.181  7711-7711  ViewRootIm...nActivity] com.yourname.smartrecorder           I  WindowStopped on com.yourname.smartrecorder/com.yourname.smartrecorder.MainActivity set to true
2025-11-28 00:47:42.183  7711-7711  MSHandlerLifeCycle      com.yourname.smartrecorder           I  removeMultiSplitHandler: no exist. decor=DecorView@ef6d448[MainActivity]
2025-11-28 00:47:42.189  1198-1895  WindowManager           system_server                        E  win=Window{658edce u0 com.yourname.smartrecorder/com.yourname.smartrecorder.MainActivity} destroySurfaces: appStopped=true cleanupOnResume=false win.mWindowRemovalAllowed=false win.mRemoveOnExit=false win.mViewVisibility=8 caller=com.android.server.wm.ActivityRecord.destroySurfaces:6561 com.android.server.wm.ActivityRecord.destroySurfaces:6542 com.android.server.wm.ActivityRecord.notifyAppStopped:6606 com.android.server.wm.ActivityRecord.activityStopped:7194 com.android.server.wm.ActivityClientController.activityStopped:269 android.app.IActivityClientController$Stub.onTransact:613 com.android.server.wm.ActivityClientController.onTransact:147 
2025-11-28 00:47:42.190  1198-1895  WindowManager           system_server                        I  Destroying surface Surface(name=com.yourname.smartrecorder/com.yourname.smartrecorder.MainActivity$_7711)/@0x836fe0a called by com.android.server.wm.WindowStateAnimator.destroySurface:947 com.android.server.wm.WindowStateAnimator.destroySurfaceLocked:537 com.android.server.wm.WindowState.destroySurfaceUnchecked:4326 com.android.server.wm.WindowState.destroySurface:4300 com.android.server.wm.ActivityRecord.destroySurfaces:6561 com.android.server.wm.ActivityRecord.destroySurfaces:6542 com.android.server.wm.ActivityRecord.notifyAppStopped:6606 com.android.server.wm.ActivityRecord.activityStopped:7194 
2025-11-28 00:47:42.193  4879-12410 Routine@Co...stenerImpl com.samsung.android.app.routines     I  onStopComponent: componentName - ComponentInfo{com.yourname.smartrecorder/com.yourname.smartrecorder.MainActivity}
2025-11-28 00:47:42.195  1198-1895  ActivityTaskManager     system_server                        D  mStartingWindow and mStartingData is null for token=ActivityRecord{6fff5e5 u0 com.yourname.smartrecorder/.MainActivity} t22668}
2025-11-28 00:47:42.200   858-858   Layer                   surfaceflinger                       I  id=43519 removeFromCurrentState com.yourname.smartrecorder/com.yourname.smartrecorder.MainActivity$_7711#43519 (142)
2025-11-28 00:47:42.201   858-1168  SurfaceFlinger          surfaceflinger                       I  id=43519 Removed com.yourname.smartrecorder/com.yourname.smartrecorder.MainActivity$_7711#43519 (142)
2025-11-28 00:47:42.217   858-858   Layer                   surfaceflinger                       I  id=43519 Destroyed com.yourname.smartrecorder/com.yourname.smartrecorder.MainActivity$_7711#43519
2025-11-28 00:47:42.738  1198-1287  SGM:GameManager         system_server                        D  identifyForegroundApp. com.yourname.smartrecorder, mCurrentUserId: 0, callerUserId: 0
2025-11-28 00:47:42.738  1198-1287  SGM:PkgDataHelper       system_server                        D  getGamePkgData(). com.yourname.smartrecorder
2025-11-28 00:47:42.815  4879-4879  Routine@Co...overHelper com.samsung.android.app.routines     I  setLastResumedPackageForCover mLastResumedPackage = com.yourname.smartrecorder
2025-11-28 00:47:42.815  4879-4879  Routine@Co...cleWatcher com.samsung.android.app.routines     I  notifyLifecycleChanged mCurResumedComponent=com.yourname.smartrecorder
2025-11-28 00:47:42.821  4879-4879  Routine@Co...overHelper com.samsung.android.app.routines     I  setLastResumedPackageForCover mLastResumedPackage = com.yourname.smartrecorder
2025-11-28 00:47:42.821  4879-4879  Routine@Co...cleWatcher com.samsung.android.app.routines     I  notifyLifecycleChanged mCurResumedComponent=com.yourname.smartrecorder
2025-11-28 00:47:43.398  4879-4879  Routine@Co...overHelper com.samsung.android.app.routines     I  setLastResumedPackageForCover mLastResumedPackage = com.yourname.smartrecorder
2025-11-28 00:47:43.398  4879-4879  Routine@Co...cleWatcher com.samsung.android.app.routines     I  notifyLifecycleChanged mCurResumedComponent=com.yourname.smartrecorder
2025-11-28 00:47:45.349  1198-1895  MARsPolicyManager       system_server                        D  onPackageResumedFG pkgName = com.yourname.smartrecorder, userId = 0
2025-11-28 00:47:45.350  1198-1895  WindowManager           system_server                        V  Setting visibility of Window{658edce u0 com.yourname.smartrecorder/com.yourname.smartrecorder.MainActivity}: true, caller=com.android.server.wm.WindowContainer.sendAppVisibilityToClients:1246 com.android.server.wm.WindowToken.setClientVisible:431 com.android.server.wm.ActivityRecord.setClientVisible:7713 com.android.server.wm.ActivityRecord.setVisibility:6113 com.android.server.wm.ActivityRecord.setVisibility:6006 
2025-11-28 00:47:45.350  1198-1895  ActivityTaskManager     system_server                        D  scheduleTopResumedActivityChanged, onTop=true r=ActivityRecord{6fff5e5 u0 com.yourname.smartrecorder/.MainActivity} t22668} caller=com.android.server.wm.ActivityTaskSupervisor.scheduleTopResumedActivityStateIfNeeded:2535 com.android.server.wm.ActivityTaskSupervisor.updateTopResumedActivityIfNeeded:2527 com.android.server.wm.TaskFragment.setResumedActivity:493 com.android.server.wm.TaskFragment.onActivityStateChanged:805 com.android.server.wm.ActivityRecord.setState:6428 com.android.server.wm.TaskFragment.resumeTopActivity:1629 
2025-11-28 00:47:45.350  1198-1895  InputDispatcher         system_server                        D  Focused application(0): ActivityRecord{6fff5e5 u0 com.yourname.smartrecorder/.MainActivity} t22668}
2025-11-28 00:47:45.350  7711-7711  ViewRootIm...nActivity] com.yourname.smartrecorder           I  handleAppVisibility mAppVisible = false visible = true
2025-11-28 00:47:45.353  1198-1895  WindowManagerServiceExt system_server                        D  notifyOccludeChangeNotice: cn=ComponentInfo{com.yourname.smartrecorder/com.yourname.smartrecorder.MainActivity} occludesParent=true inMultiWindow=false styleFloating=false caller=com.android.server.wm.WindowManagerServiceExt.updateOccludeTargetIfNeeded:1402 com.android.server.wm.DisplayContent.ensureActivitiesVisible:7532 com.android.server.wm.RootWindowContainer.ensureActivitiesVisible:2248 com.android.server.wm.RootWindowContainer.ensureVisibilityAndConfig:2126 com.android.server.wm.TaskFragment.resumeTopActivity:1652 
2025-11-28 00:47:45.354  1198-1895  WindowManager           system_server                        D  rotationForOrientation, orientationSource=ActivityRecord{6fff5e5 u0 com.yourname.smartrecorder/.MainActivity} t22668}
2025-11-28 00:47:45.360  7711-7711  ViewRootIm...nActivity] com.yourname.smartrecorder           I  stopped(false) old = true
2025-11-28 00:47:45.360  7711-7711  ViewRootIm...nActivity] com.yourname.smartrecorder           I  WindowStopped on com.yourname.smartrecorder/com.yourname.smartrecorder.MainActivity set to false
2025-11-28 00:47:45.364  7711-7711  MSHandlerLifeCycle      com.yourname.smartrecorder           I  removeMultiSplitHandler: no exist. decor=DecorView@ef6d448[MainActivity]
2025-11-28 00:47:45.365  7711-7711  SmartRecorder/ViewModel com.yourname.smartrecorder           D  [SmartRecorderApp] User selected audio file -> uri: content://com.android.externalstorage.documents/document/primary%3ARecordings%2FVoice%20Recorder%2FTho%E1%BA%A1i%20019.m4a, fileName: primary:Recordings/Voice Recorder/Thoi 019.m4a
2025-11-28 00:47:45.366  7711-7711  SmartRecorder/Import    com.yourname.smartrecorder           I  [MAIN] [ViewModel: ImportAudioViewModel] importAudioFile -> State: uri=content://com.android.externalstorage.documents/document/primary%3ARecordings%2FVoice%20Recorder%2FTho%E1%BA%A1i%20019.m4a, fileName=primary:Recordings/Voice Recorder/Thoi 019.m4a
2025-11-28 00:47:45.368  7711-7711  SmartRecorder/Import    com.yourname.smartrecorder           D  Import started -> uri: content://com.android.externalstorage.documents/document/primary%3ARecordings%2FVoice%20Recorder%2FTho%E1%BA%A1i%20019.m4a, fileName: primary:Recordings/Voice Recorder/Thoi 019.m4a
2025-11-28 00:47:45.369  7711-7711  ViewRootIm...nActivity] com.yourname.smartrecorder           I  stopped(false) old = false
2025-11-28 00:47:45.370  7711-7818  SmartRecorder/Import    com.yourname.smartrecorder           I  [MAIN] [UseCase: ImportAudioFileUseCase] Starting (uri=content://com.android.externalstorage.documents/document/primary%3ARecordings%2FVoice%20Recorder%2FTho%E1%BA%A1i%20019.m4a, fileName=primary:Recordings/Voice Recorder/Thoi 019.m4a)
2025-11-28 00:47:45.371  7711-7711  DecorView               com.yourname.smartrecorder           I  notifyKeepScreenOnChanged: keepScreenOn=false
2025-11-28 00:47:45.373  7711-7818  SmartRecorder/Import    com.yourname.smartrecorder           D  Recordings directory prepared: /data/user/0/com.yourname.smartrecorder/files/recordings
2025-11-28 00:47:45.373  7711-7818  SmartRecorder/Import    com.yourname.smartrecorder           D  Copying file -> from: content://com.android.externalstorage.documents/document/primary%3ARecordings%2FVoice%20Recorder%2FTho%E1%BA%A1i%20019.m4a, to: /data/user/0/com.yourname.smartrecorder/files/recordings/imported_39dc7bdd-607d-4788-a68f-508b41ef9517.m4a
2025-11-28 00:47:45.375  7711-7711  MSHandlerLifeCycle      com.yourname.smartrecorder           I  removeMultiSplitHandler: no exist. decor=DecorView@ef6d448[MainActivity]
2025-11-28 00:47:45.399  1198-1287  GameSDK@LifeCycle       system_server                        I  noteResumeComponent(): package name  : com.yourname.smartrecorder
2025-11-28 00:47:45.399  1198-1287  SGM:GameManager         system_server                        D  identifyGamePackage. com.yourname.smartrecorder, mCurrentUserId: 0, callerUserId: 0, callingMethodInfo: com.android.server.ssrm.SortingMachine.isGame(SortingMachine.java:162)
2025-11-28 00:47:45.399  4533-4533  ActivityUtils           com...ndroid.app.cocktailbarservice  I  HomePackage : com.sec.android.app.launcher, resumePackageName : com.yourname.smartrecorder
2025-11-28 00:47:45.399  1198-1287  SGM:PkgDataHelper       system_server                        D  getGamePkgData(). com.yourname.smartrecorder
2025-11-28 00:47:45.399  1198-1287  SGM:FgCheckThread       system_server                        D  noteResumeComponent(), received pkgName: com.yourname.smartrecorder, userId: 0
2025-11-28 00:47:45.399  4879-27030 Routine@Co...stenerImpl com.samsung.android.app.routines     I  onResumeComponent: componentName - ComponentInfo{com.yourname.smartrecorder/com.yourname.smartrecorder.MainActivity}
2025-11-28 00:47:45.400  1198-1539  SGM:FgCheckThread       system_server                        D  onLooperPrepared(), msg: MSG_APP_RESUME, pkgName: com.yourname.smartrecorder, userid: 0
2025-11-28 00:47:45.400  1198-1287  SGM:GameManager         system_server                        D  identifyGamePackage. com.yourname.smartrecorder, mCurrentUserId: 0, callerUserId: 0, callingMethodInfo: com.samsung.android.game.SemGameManager.isGamePackage(SemGameManager.java:104)
2025-11-28 00:47:45.400  1198-1287  SGM:PkgDataHelper       system_server                        D  getGamePkgData(). com.yourname.smartrecorder
2025-11-28 00:47:45.400  1198-1287  SGM:SemGameManager      system_server                        D  isGamePackage(), pkgName=com.yourname.smartrecorder, ret=false
2025-11-28 00:47:45.410  7711-7711  ViewRootIm...nActivity] com.yourname.smartrecorder           I  performTraversals params={(0,0)(fillxfill) sim={adjust=pan} layoutInDisplayCutoutMode=always ty=BASE_APPLICATION wanim=0x1030309
                                                                                                      fl=81810100
                                                                                                      pfl=16020040
                                                                                                      vsysui=110
                                                                                                      apr=LIGHT_NAVIGATION_BARS
                                                                                                      bhv=DEFAULT
                                                                                                      fitSides= naviIconColor=0}
2025-11-28 00:47:45.410  7711-7711  ViewRootIm...nActivity] com.yourname.smartrecorder           I  performTraversals mFirst=false windowShouldResize=false viewVisibilityChanged=true mForceNextWindowRelayout=false params={(0,0)(fillxfill) sim={adjust=pan} layoutInDisplayCutoutMode=always ty=BASE_APPLICATION wanim=0x1030309
                                                                                                      fl=81810100
                                                                                                      pfl=16020040
                                                                                                      vsysui=110
                                                                                                      apr=LIGHT_NAVIGATION_BARS
                                                                                                      bhv=DEFAULT
                                                                                                      fitSides= naviIconColor=0}
2025-11-28 00:47:45.411  1198-5906  WindowManager           system_server                        V  Relayout Window{658edce u0 com.yourname.smartrecorder/com.yourname.smartrecorder.MainActivity}: viewVisibility=0 req=1440x3088 d0
2025-11-28 00:47:45.411   858-1169  SurfaceFlinger          surfaceflinger                       I  id=43611 createSurf flag=40004, com.yourname.smartrecorder/com.yourname.smartrecorder.MainActivity$_7711#43611
2025-11-28 00:47:45.411  1198-5906  WindowManager           system_server                        D  makeSurface duration=1 name=com.yourname.smartrecorder/com.yourname.smartrecorder.MainActivity$_7711
2025-11-28 00:47:45.416  1198-5906  WindowManager           system_server                        V  Changing focus from null to Window{658edce u0 com.yourname.smartrecorder/com.yourname.smartrecorder.MainActivity} displayId=0 Callers=com.android.server.wm.RootWindowContainer.updateFocusedWindowLocked:595 com.android.server.wm.WindowManagerService.updateFocusedWindowLocked:6810 com.android.server.wm.WindowManagerService.relayoutWindow:2820 com.android.server.wm.Session.relayout:274 
2025-11-28 00:47:45.416  1198-5906  MARsPolicyManager       system_server                        D  onPackageResumedFG pkgName = com.yourname.smartrecorder, userId = 0
2025-11-28 00:47:45.418  1198-5906  WindowManager           system_server                        D  updateSystemBarAttributes: displayId=0, win=Window{658edce u0 com.yourname.smartrecorder/com.yourname.smartrecorder.MainActivity}, navColorWin=Window{194c53e u0 com.google.android.documentsui/com.android.documentsui.picker.PickActivity}, focusedCanBeNavColorWin=false, behavior=1, appearance=16, statusBarAppearanceRegions=[AppearanceRegion{LIGHT_STATUS_BARS bounds=[0,0][1440,3088]}], requestedVisibilities=, from=com.android.server.wm.DisplayPolicy.focusChangedLw:3251 com.android.server.wm.DisplayContent.updateFocusedWindowLocked:4632 com.android.server.wm.RootWindowContainer.updateFocusedWindowLocked:595 
2025-11-28 00:47:45.420  7711-7711  ViewRootIm...nActivity] com.yourname.smartrecorder           I  updateBlastSurfaceIfNeeded mBlastBufferQueue=null isSameSurfaceControl=false
2025-11-28 00:47:45.421  7711-7711  BLASTBufferQueue        com.yourname.smartrecorder           I  new BLASTBufferQueue, mName= ViewRootImpl@eb901d5[MainActivity] mNativeObject= 0x71adc36910 sc.mNativeObject= 0x713dc4dfc0 caller= android.view.ViewRootImpl.updateBlastSurfaceIfNeeded:2909 android.view.ViewRootImpl.relayoutWindow:9847 android.view.ViewRootImpl.performTraversals:3884 android.view.ViewRootImpl.doTraversal:3116 android.view.ViewRootImpl$TraversalRunnable.run:10885 android.view.Choreographer$CallbackRecord.run:1301 android.view.Choreographer$CallbackRecord.run:1309 android.view.Choreographer.doCallbacks:923 android.view.Choreographer.doFrame:852 android.view.Choreographer$FrameDisplayEventReceiver.run:1283 
2025-11-28 00:47:45.421  7711-7711  BLASTBufferQueue        com.yourname.smartrecorder           I  update, w= 1440 h= 3088 mName = ViewRootImpl@eb901d5[MainActivity] mNativeObject= 0x71adc36910 sc.mNativeObject= 0x713dc4dfc0 format= -1 caller= android.graphics.BLASTBufferQueue.<init>:84 android.view.ViewRootImpl.updateBlastSurfaceIfNeeded:2909 android.view.ViewRootImpl.relayoutWindow:9847 android.view.ViewRootImpl.performTraversals:3884 android.view.ViewRootImpl.doTraversal:3116 android.view.ViewRootImpl$TraversalRunnable.run:10885 
2025-11-28 00:47:45.422  7711-7711  ViewRootIm...nActivity] com.yourname.smartrecorder           I  Relayout returned: old=(0,0,1440,3088) new=(0,0,1440,3088) req=(1440,3088)0 dur=10 res=0x3 s={true 0x723dc5e210} ch=true seqId=0
2025-11-28 00:47:45.422  7711-7711  ViewRootIm...nActivity] com.yourname.smartrecorder           I  mThreadedRenderer.initialize() mSurface={isValid=true 0x723dc5e210} hwInitialized=true
2025-11-28 00:47:45.422  7711-7821  OpenGLRenderer          com.yourname.smartrecorder           D  eglCreateWindowSurface
2025-11-28 00:47:45.422  7711-7711  ViewRootIm...nActivity] com.yourname.smartrecorder           I  reportNextDraw android.view.ViewRootImpl.performTraversals:4438 android.view.ViewRootImpl.doTraversal:3116 android.view.ViewRootImpl$TraversalRunnable.run:10885 android.view.Choreographer$CallbackRecord.run:1301 android.view.Choreographer$CallbackRecord.run:1309 
2025-11-28 00:47:45.422  7711-7711  ViewRootIm...nActivity] com.yourname.smartrecorder           I  Setup new sync id=1
2025-11-28 00:47:45.422  7711-7711  ViewRootIm...nActivity] com.yourname.smartrecorder           I  Setting syncFrameCallback
2025-11-28 00:47:45.422  7711-7711  ViewRootIm...nActivity] com.yourname.smartrecorder           I  registerCallbacksForSync syncBuffer=false
2025-11-28 00:47:45.426  7711-7818  SmartRecorder/Import    com.yourname.smartrecorder           D  File copied successfully -> bytes: 3486308, duration: 53 ms
2025-11-28 00:47:45.427  7711-7818  SmartRecorder/Import    com.yourname.smartrecorder           D  File saved -> size: 3486308 bytes, path: /data/user/0/com.yourname.smartrecorder/files/recordings/imported_39dc7bdd-607d-4788-a68f-508b41ef9517.m4a
2025-11-28 00:47:45.427  7711-7818  MediaMetadataRetriever  com.yourname.smartrecorder           V  constructor
2025-11-28 00:47:45.437  7711-7818  MediaMetadataRetriever  com.yourname.smartrecorder           V  setDataSource(6, 0, 576460752303423487)
2025-11-28 00:47:45.438   858-858   SurfaceFlinger          surfaceflinger                       I  [658edce com.yourname.smartrecorder/com.yourname.smartrecorder.MainActivity#43518] FrameRatePriority: 1
2025-11-28 00:47:45.439   858-979   SurfaceFlinger          surfaceflinger                       D  [input] setFocusedWindow: 658edce com.yourname.smartrecorder/com.yourname.smartrecorder.MainActivity
2025-11-28 00:47:45.440  1198-1895  InputDispatcher         system_server                        D  Focus request (0): 658edce com.yourname.smartrecorder/com.yourname.smartrecorder.MainActivity but waiting because NOT_VISIBLE
2025-11-28 00:47:45.442  7711-7889  ViewRootIm...nActivity] com.yourname.smartrecorder           I  Received frameDrawingCallback syncResult=0 frameNum=1.
2025-11-28 00:47:45.442  7711-7889  ViewRootIm...nActivity] com.yourname.smartrecorder           I  Setting up sync and frameCommitCallback
2025-11-28 00:47:45.446  7711-7821  BLASTBufferQueue        com.yourname.smartrecorder           I  [ViewRootImpl@eb901d5[MainActivity]#1](f:0,a:0) onFrameAvailable the first frame is available
2025-11-28 00:47:45.446  7711-7821  ViewRootIm...nActivity] com.yourname.smartrecorder           I  Received frameCommittedCallback lastAttemptedDrawFrameNum=1 didProduceBuffer=true
2025-11-28 00:47:45.447  7711-7711  ViewRootIm...nActivity] com.yourname.smartrecorder           I  onSyncComplete
2025-11-28 00:47:45.447  7711-7711  ViewRootIm...nActivity] com.yourname.smartrecorder           I  setupSync seqId=0 mSyncId=1 fn=1 caller=android.view.ViewRootImpl$$ExternalSyntheticLambda11.accept:6 android.window.SurfaceSyncer.lambda$setupSync$1$android-window-SurfaceSyncer:128 android.window.SurfaceSyncer$$ExternalSyntheticLambda1.accept:8 android.window.SurfaceSyncer$SyncSet.checkIfSyncIsComplete:382 android.window.SurfaceSyncer$SyncSet.markSyncReady:359 android.window.SurfaceSyncer.markSyncReady:151 android.view.ViewRootImpl.performTraversals:4503 
2025-11-28 00:47:45.447  7711-7711  ViewRootIm...nActivity] com.yourname.smartrecorder           I  reportDrawFinished seqId=0 mSyncId=-1 fn=1 mSurfaceChangedTransaction=0x716dc3b950
2025-11-28 00:47:45.448  1198-5906  WindowManager           system_server                        D  finishDrawingWindow: Window{658edce u0 com.yourname.smartrecorder/com.yourname.smartrecorder.MainActivity} mDrawState=DRAW_PENDING seqId=0
2025-11-28 00:47:45.451  1198-1288  WindowManager           system_server                        I  Reparenting to leash, surface=Surface(name=ActivityRecord{6fff5e5 u0 com.yourname.smartrecorder/.MainActivity} t22668})/@0x3d0a8b6, leashParent=Surface(name=Task=22668)/@0xae874fb
2025-11-28 00:47:45.451   858-1168  SurfaceFlinger          surfaceflinger                       I  id=43616 createSurf flag=24004, Surface(name=ActivityRecord{6fff5e5 u0 com.yourname.smartrecorder/.MainActivity} t22668})/@0x3d0a8b6 - animation-leash of app_transition#43616
2025-11-28 00:47:45.452  1198-1288  WindowManager           system_server                        D  makeSurface duration=0 leash=Surface(name=Surface(name=ActivityRecord{6fff5e5 u0 com.yourname.smartrecorder/.MainActivity} t22668})/@0x3d0a8b6 - animation-leash of app_transition)/@0x6ec33e5
2025-11-28 00:47:45.452   858-1168  SurfaceFlinger          surfaceflinger                       I  id=43617 createSurf flag=80004, Surface(name=ActivityRecord{6fff5e5 u0 com.yourname.smartrecorder/.MainActivity} t22668})/@0x3d0a8b6 - animation-bounds#43617
2025-11-28 00:47:45.453  1198-1288  ActivityTaskManager     system_server                        D  mStartingWindow and mStartingData is null for token=ActivityRecord{6fff5e5 u0 com.yourname.smartrecorder/.MainActivity} t22668}
2025-11-28 00:47:45.453  1198-1288  WindowManager           system_server                        V  performShowLocked: mDrawState=HAS_DRAWN in Window{658edce u0 com.yourname.smartrecorder/com.yourname.smartrecorder.MainActivity}
2025-11-28 00:47:45.455  1198-1288  WindowManager           system_server                        D  updateSystemBarAttributes: displayId=0, win=Window{658edce u0 com.yourname.smartrecorder/com.yourname.smartrecorder.MainActivity}, navColorWin=Window{658edce u0 com.yourname.smartrecorder/com.yourname.smartrecorder.MainActivity}, focusedCanBeNavColorWin=false, behavior=1, appearance=16, statusBarAppearanceRegions=[AppearanceRegion{ bounds=[0,0][1440,3088]}], requestedVisibilities=, from=com.android.server.wm.DisplayPolicy.finishPostLayoutPolicyLw:2531 com.android.server.wm.DisplayContent.applySurfaceChangesTransaction:5713 com.android.server.wm.RootWindowContainer.applySurfaceChangesTransaction:1234 
2025-11-28 00:47:45.455 22947-22947 SamsungLig...trolHelper com.android.systemui                 D  onStatusBarAppearanceChanged() -  sbModeChanged:false, statusBarMode:MODE_TRANSPARENT, barState:SHADE, isKeyguardShowing:false, navbarColorManagedByIme:false, stackAppearancesChanged:true, (AppearanceRegion{ bounds=[0,0][1440,3088]}, ), packageName:com.yourname.smartrecorder
2025-11-28 00:47:45.456 22947-22947 SamsungLig...trolHelper com.android.systemui                 D  updateStatus(WHITE icon) NumStacks:1, StatusBarMode:MODE_TRANSPARENT, lightBarBounds:[], StatusBarState:SHADE, packageName:com.yourname.smartrecorder, isWhiteKeyguardStatusBarBySettings:true
2025-11-28 00:47:45.458  1198-1288  ActivityTaskManager     system_server                        D  mStartingWindow and mStartingData is null for token=ActivityRecord{6fff5e5 u0 com.yourname.smartrecorder/.MainActivity} t22668}
2025-11-28 00:47:45.467  7711-7818  MediaMetadataRetriever  com.yourname.smartrecorder           V  setDataSource(fd) return(0)
2025-11-28 00:47:45.467  7711-7818  MediaMetadataRetriever  com.yourname.smartrecorder           V  extractMetadata(9)
2025-11-28 00:47:45.470  7711-7818  MediaMetadataRetriever  com.yourname.smartrecorder           V  destructor
2025-11-28 00:47:45.470  7711-7818  MediaMetadataRetriever  com.yourname.smartrecorder           V  disconnect
2025-11-28 00:47:45.471  7711-7818  SmartRecorder/Import    com.yourname.smartrecorder           D  Audio duration extracted -> 211734 ms
2025-11-28 00:47:45.471  7711-7818  SmartRecorder/Import    com.yourname.smartrecorder           D  Saving recording to database -> id: 39dc7bdd-607d-4788-a68f-508b41ef9517, title: Thoi 019
2025-11-28 00:47:45.471   858-858   Layer                   surfaceflinger                       I  Layer [com.yourname.smartrecorder/com.yourname.smartrecorder.MainActivity$_7711#43611] hidden!! flag(0)
2025-11-28 00:47:45.471  7711-7818  SmartRecor...Repository com.yourname.smartrecorder           D  [BG] [DB: recordings] INSERT -> id=39dc7bdd-607d-4788-a68f-508b41ef9517, title=Thoi 019, duration=211734ms
2025-11-28 00:47:45.506  1198-1895  InputDispatcher         system_server                        D  Focus entered window (0): 658edce com.yourname.smartrecorder/com.yourname.smartrecorder.MainActivity
2025-11-28 00:47:45.506  7711-7711  ViewRootIm...nActivity] com.yourname.smartrecorder           I  MSG_WINDOW_FOCUS_CHANGED 1 0
2025-11-28 00:47:45.506  7711-7711  ViewRootIm...nActivity] com.yourname.smartrecorder           I  mThreadedRenderer.initializeIfNeeded()#2 mSurface={isValid=true 0x723dc5e210}
2025-11-28 00:47:45.507  7711-7711  InputMethodManager      com.yourname.smartrecorder           D  startInputInner - Id : 0
2025-11-28 00:47:45.507  7711-7711  InputMethodManager      com.yourname.smartrecorder           I  startInputInner - mService.startInputOrWindowGainedFocus
