2025-11-29 03:44:00.517  1198-4185  WindowManager           system_server                        I  Cancelling animation restarting=false, leash=Surface(name=Surface(name=8eb798a com.yourname.smartrecorder/com.yourname.smartrecorder.MainActivity)/@0x8de1865 - animation-leash of starting_reveal)/@0x23b29c7
2025-11-29 03:44:00.517  1198-4185  WindowManager           system_server                        I  Reparenting to original parent: Surface(name=ActivityRecord{7c1155 u0 com.yourname.smartrecorder/.MainActivity} t22859})/@0x51d593a, destroy=false, surface=Surface(name=8eb798a com.yourname.smartrecorder/com.yourname.smartrecorder.MainActivity)/@0x8de1865
2025-11-29 03:44:00.517  1198-4185  InputManager-JNI        system_server                        W  Input channel object '2ad89c2 Splash Screen com.yourname.smartrecorder (client)' was disposed without first being removed with the input manager!
2025-11-29 03:44:00.517  1198-4185  WindowManager           system_server                        V  Remove Window{2ad89c2 u0 Splash Screen com.yourname.smartrecorder}: mSurfaceController=Surface(name=Splash Screen com.yourname.smartrecorder$_22947)/@0x39b31c0 mAnimatingExit=false mRemoveOnExit=false mHasSurface=true surfaceShowing=false animating=false app-animation=false mWillReplaceWindow=false mDisplayFrozen=false callers=com.android.server.wm.WindowState.removeIfPossible:3047 com.android.server.wm.WindowManagerService.removeWindow:2289 com.android.server.wm.Session.remove:236 android.view.IWindowSession$Stub.onTransact:743 com.android.server.wm.Session.onTransact:188 android.os.Binder.execTransactInternal:1321 
2025-11-29 03:44:00.517  1198-4185  WindowManager           system_server                        I  Destroying surface Surface(name=Splash Screen com.yourname.smartrecorder$_22947)/@0x39b31c0 called by com.android.server.wm.WindowStateAnimator.destroySurface:947 com.android.server.wm.WindowStateAnimator.destroySurfaceLocked:537 com.android.server.wm.WindowState.removeImmediately:2975 com.android.server.wm.WindowState.removeIfPossible:3234 com.android.server.wm.WindowState.removeIfPossible:3047 com.android.server.wm.WindowManagerService.removeWindow:2289 com.android.server.wm.Session.remove:236 android.view.IWindowSession$Stub.onTransact:743 
2025-11-29 03:44:00.522   858-858   Layer                   surfaceflinger                       I  Layer [Splash Screen com.yourname.smartrecorder$_22947#62392] hidden!! flag(1)
2025-11-29 03:44:00.522   858-858   Layer                   surfaceflinger                       I  id=62391 removeFromCurrentState 2ad89c2 Splash Screen com.yourname.smartrecorder#62391 (149)
2025-11-29 03:44:00.522   858-858   Layer                   surfaceflinger                       I  id=62392 removeFromCurrentState Splash Screen com.yourname.smartrecorder$_22947#62392 (149)
2025-11-29 03:44:00.523   858-858   Layer                   surfaceflinger                       I  id=62401 removeFromCurrentState Surface(name=8eb798a com.yourname.smartrecorder/com.yourname.smartrecorder.MainActivity)/@0x8de1865 - animation-leash of starting_reveal#62401 (149)
2025-11-29 03:44:00.523   858-858   Layer                   surfaceflinger                       I  id=62392 removeFromCurrentState Splash Screen com.yourname.smartrecorder$_22947#62392 (149)
2025-11-29 03:44:00.523   858-858   SurfaceFlinger          surfaceflinger                       I  id=62391 Removed 2ad89c2 Splash Screen com.yourname.smartrecorder#62391 (149)
2025-11-29 03:44:00.523   858-858   SurfaceFlinger          surfaceflinger                       I  id=62392 Removed Splash Screen com.yourname.smartrecorder$_22947#62392 (149)
2025-11-29 03:44:00.523   858-858   Layer                   surfaceflinger                       I  id=62391 Destroyed 2ad89c2 Splash Screen com.yourname.smartrecorder#62391
2025-11-29 03:44:00.525   858-858   Layer                   surfaceflinger                       I  id=62392 Destroyed Splash Screen com.yourname.smartrecorder$_22947#62392
2025-11-29 03:44:00.527   858-858   SurfaceFlinger          surfaceflinger                       D  Display 4633128672291735937 HWC layers:
                                                                                                         DEVICE | 0x70f52a39b0 | 0102 | RGBA_8888    |    0.0    0.0 1440.0 3088.0 |    0    0 1440 3088 | com.yourname.smartrecorder/com.yourn[...]rtrecorder.MainActivity$_17647#62398
                                                                                                         DEVICE | 0x70f52eb530 | 0100 | RGBA_8888    |    0.0    0.0 1440.0   90.0 |    0    0 1440   90 | StatusBar$_22947#4630
                                                                                                         DEVICE | 0x70f52d49d0 | 0100 | RGBA_8888    |    0.0    0.0   67.0  708.0 | 1373  391 1440 1099 | com.samsung.android.app.cocktailbars[...]rvice.CocktailBarService$_4533#62388
                                                                                                         DEVICE | 0x70f529ee50 | 0100 | RGBA_8888    |    0.0    0.0 1440.0  168.0 |    0 2920 1440 3088 | NavigationBar0$_22947#4625
2025-11-29 03:44:00.608 17647-17652 e.smartrecorder         com.yourname.smartrecorder           I  Compiler allocated 6178KB to compile void android.view.ViewRootImpl.performTraversals()
2025-11-29 03:44:00.620  1198-2005  MdnieScena...rolService system_server                        D   packageName : com.yourname.smartrecorder    className : com.yourname.smartrecorder.MainActivity
2025-11-29 03:44:00.659 17647-17647 SmartRecorder/Database  com.yourname.smartrecorder           D  Initializing Room database -> name: smart_recorder_db
2025-11-29 03:44:00.662 17647-17647 SmartRecorder/Database  com.yourname.smartrecorder           D  [BG] [DB: SmartRecorderDatabase] DATABASE_INIT -> duration=3ms
2025-11-29 03:44:00.662 17647-17647 SmartRecorder/Database  com.yourname.smartrecorder           I  [Performance] Database initialization took 3ms
2025-11-29 03:44:00.669 17647-17647 SmartRecor...Transcript com.yourname.smartrecorder           I  [MAIN] [ViewModel: RecordViewModel] checkModelReady -> State: Starting model check (silent)
2025-11-29 03:44:00.684 17647-17647 nativeloader            com.yourname.smartrecorder           D  Load /data/app/~~Oz89AB5Toy2cfpT6SpyJaw==/com.yourname.smartrecorder-4tHN3C1zH-3-vZr3urVMkQ==/base.apk!/lib/arm64-v8a/libwhisper.so using class loader ns clns-4 (caller=/data/app/~~Oz89AB5Toy2cfpT6SpyJaw==/com.yourname.smartrecorder-4tHN3C1zH-3-vZr3urVMkQ==/base.apk!classes5.dex): ok
2025-11-29 03:44:00.684 17647-17647 WhisperEngine           com.yourname.smartrecorder           D  Native library loaded
2025-11-29 03:44:00.847  4879-4879  Routine@Co...overHelper com.samsung.android.app.routines     I  setLastResumedPackageForCover mLastResumedPackage = com.yourname.smartrecorder
2025-11-29 03:44:00.847  4879-4879  Routine@Co...cleWatcher com.samsung.android.app.routines     I  notifyLifecycleChanged mCurResumedComponent=com.yourname.smartrecorder
2025-11-29 03:44:00.869 17647-17647 SmartRecor...Transcript com.yourname.smartrecorder           D  [RecordViewModel] Model is ready
2025-11-29 03:44:00.966  1198-1287  SGM:GameManager         system_server                        D  identifyForegroundApp. com.yourname.smartrecorder, mCurrentUserId: 0, callerUserId: 0
2025-11-29 03:44:00.966  1198-1287  SGM:PkgDataHelper       system_server                        D  getGamePkgData(). com.yourname.smartrecorder
2025-11-29 03:44:02.098  1198-4185  SGM:GameManager         system_server                        D  identifyForegroundApp. com.yourname.smartrecorder, mCurrentUserId: 0, callerUserId: 0
2025-11-29 03:44:02.099  1198-4185  SGM:PkgDataHelper       system_server                        D  getGamePkgData(). com.yourname.smartrecorder
2025-11-29 03:44:02.099  1198-4344  SGM:GameManager         system_server                        D  identifyForegroundApp. com.yourname.smartrecorder, mCurrentUserId: 0, callerUserId: 150
2025-11-29 03:44:02.099  1198-4344  SGM:PkgDataHelper       system_server                        D  getGamePkgData(). com.yourname.smartrecorder
2025-11-29 03:44:02.234 17647-17647 ViewRootIm...nActivity] com.yourname.smartrecorder           I  ViewPostIme pointer 0
2025-11-29 03:44:02.282 17647-17647 ViewRootIm...nActivity] com.yourname.smartrecorder           I  ViewPostIme pointer 1
2025-11-29 03:44:02.283 17647-17647 SmartRecorder/ViewModel com.yourname.smartrecorder           D  [SmartRecorderApp] User clicked start record button
2025-11-29 03:44:02.284 17647-17647 SmartRecorder/Recording com.yourname.smartrecorder           I  [MAIN] [ViewModel: RecordViewModel] onStartClick
2025-11-29 03:44:02.285 17647-17647 SmartRecorder/Recording com.yourname.smartrecorder           D  Getting recordings directory
2025-11-29 03:44:02.285 17647-17647 SmartRecorder/Recording com.yourname.smartrecorder           D  Starting recording -> outputDir: /data/user/0/com.yourname.smartrecorder/files/recordings
2025-11-29 03:44:02.286 17647-17647 SmartRecorder/UseCase   com.yourname.smartrecorder           I  [MAIN] [UseCase: StartRecordingUseCase] Starting (recordingId=7d143999-4947-4dee-8716-d306e16a0f39, outputDir=/data/user/0/com.yourname.smartrecorder/files/recordings)
2025-11-29 03:44:02.286 17647-17647 SmartRecorder/Audio     com.yourname.smartrecorder           D  Starting recording -> file: /data/user/0/com.yourname.smartrecorder/files/recordings/recording_014.3gp
2025-11-29 03:44:02.286 17647-17679 SmartRecorder/Audio     com.yourname.smartrecorder           D  Output directory prepared: /data/user/0/com.yourname.smartrecorder/files/recordings
2025-11-29 03:44:02.287 17647-17679 MediaRecorder           com.yourname.smartrecorder           D  Constructor MediaRecorder
2025-11-29 03:44:02.287 17647-17679 MediaRecorderJNI        com.yourname.smartrecorder           I  setup
2025-11-29 03:44:02.291   997-29345 MediaPlayerService      mediaserver                          V  Create new media recorder client from pid AttributionSourceState{pid: 17647, uid: 11026, packageName: com.yourname.smartrecorder, attributionTag: (null), token: {no toString() implemented}, renouncedPermissions: [], next: []}
2025-11-29 03:44:02.293 17647-17679 MediaRecorderJNI        com.yourname.smartrecorder           I  setAudioSource(1)
2025-11-29 03:44:02.302 17647-17679 MediaRecorderJNI        com.yourname.smartrecorder           I  setAudioEncoder(1)
2025-11-29 03:44:02.303 17647-17679 MediaRecorderJNI        com.yourname.smartrecorder           I  setParameter(), params: audio-param-sampling-rate=16000
2025-11-29 03:44:02.303 17647-17679 MediaRecorderJNI        com.yourname.smartrecorder           I  setParameter(), params: audio-param-number-of-channels=1
2025-11-29 03:44:02.303 17647-17679 SmartRecorder/Audio     com.yourname.smartrecorder           D  MediaRecorder configured -> format: THREE_GPP, encoder: AMR_NB, sampleRate: 16000, channels: 1
2025-11-29 03:44:02.305 17647-17679 MediaRecorderJNI        com.yourname.smartrecorder           I  setOutputFile
2025-11-29 03:44:02.305 17647-17679 MediaRecorderJNI        com.yourname.smartrecorder           I  prepare
2025-11-29 03:44:02.307 17647-17679 MediaRecorder           com.yourname.smartrecorder           I  prepare elapsed time : 4 ms
2025-11-29 03:44:02.308 17647-17679 MediaRecorderJNI        com.yourname.smartrecorder           I  start
2025-11-29 03:44:02.398  1198-1909  AudioServi...ityMonitor system_server                        V  updateSoundAppPolicy packageName = com.yourname.smartrecorder
2025-11-29 03:44:02.399 17647-17679 SmartRecorder/Audio     com.yourname.smartrecorder           I  Recording started successfully -> file: /data/user/0/com.yourname.smartrecorder/files/recordings/recording_014.3gp, setupTime: 113ms
2025-11-29 03:44:02.400  1198-1909  SGM:GameManager         system_server                        D  identifyGamePackage. com.yourname.smartrecorder, mCurrentUserId: 0, callerUserId: 0, callingMethodInfo: com.samsung.android.game.SemGameManager.isGamePackage(SemGameManager.java:104)
2025-11-29 03:44:02.400  1198-1909  SGM:PkgDataHelper       system_server                        D  getGamePkgData(). com.yourname.smartrecorder
2025-11-29 03:44:02.400  1198-1909  SGM:SemGameManager      system_server                        D  isGamePackage(), pkgName=com.yourname.smartrecorder, ret=false
2025-11-29 03:44:02.401 17647-17647 SmartRecorder/UseCase   com.yourname.smartrecorder           I  [MAIN] [UseCase: StartRecordingUseCase] Completed (recordingId=7d143999-4947-4dee-8716-d306e16a0f39, duration=115ms, fileName=recording_014.3gp)
2025-11-29 03:44:02.401 17647-17647 SmartRecorder/UseCase   com.yourname.smartrecorder           I  [Performance] StartRecordingUseCase took 115ms
2025-11-29 03:44:02.401 17647-17647 SmartRecorder/Recording com.yourname.smartrecorder           I  [MAIN] [ViewModel: RecordViewModel] Recording started -> State: recordingId=7d143999-4947-4dee-8716-d306e16a0f39
2025-11-29 03:44:02.402 30169-30242 WakeupMult...ordManager com.samsung.android.bixby.wakeup     I  Ph_[WakeupAudioRecordingConfiguration, com.yourname.smartrecorder, 1] [VF-T-L] 
2025-11-29 03:44:02.406 30169-30242 BWU@Wakeup...ordManager com.samsung.android.bixby.wakeup     I  Ph_com.yourname.smartrecorder is allowed? false [VF-T-L] 
2025-11-29 03:44:02.408 17647-17647 SmartRecorder/Service   com.yourname.smartrecorder           I  [CRIT] Recording foreground service started
2025-11-29 03:44:02.410 17647-17647 SmartRecorder/Service   com.yourname.smartrecorder           I  [CRIT] [Service: RecordingForegroundService] onCreate
2025-11-29 03:44:02.413 17647-17647 SmartRecorder/Service   com.yourname.smartrecorder           I  [CRIT] [Service: RecordingForegroundService] onStartCommand -> action=null, flags=0, startId=1
2025-11-29 03:44:02.413 17647-17647 SmartRecorder/Service   com.yourname.smartrecorder           I  [CRIT] Recording started in foreground service
2025-11-29 03:44:02.414 17647-17647 SmartRecorder/ViewModel com.yourname.smartrecorder           D  [RecordingSessionRepository] setActive
2025-11-29 03:44:02.419 22947-25814 SecFgsMana...rollerImpl com.android.systemui                 D  onForegroundStateChanged: dialogShown:false, isForeground:true, packageName:com.yourname.smartrecorder , token:android.os.BinderProxy@1b72922, userId:0
2025-11-29 03:44:02.420 17647-17647 SmartRecorder/Service   com.yourname.smartrecorder           D  [BG] Recording state saved
2025-11-29 03:44:02.420  1198-1294  ApplicationPolicy       system_server                        D  isStatusBarNotificationAllowedAsUser: packageName = com.yourname.smartrecorder,userId = 0
2025-11-29 03:44:02.420 22947-25814 SecFgsMana...rollerImpl com.android.systemui                 D  updateUiControl[com.yourname.smartrecorder]: -1
2025-11-29 03:44:02.420  1198-1294  ApplicationPolicy       system_server                        D  isStatusBarNotificationAllowedAsUser: packageName = com.yourname.smartrecorder,userId = 0
2025-11-29 03:44:02.624  1198-1198  NotificationService     system_server                        D  0|com.yourname.smartrecorder|1|null|11026: granting content://settings/system/notification_sound
2025-11-29 03:44:02.624  1198-1198  NotificationService     system_server                        D  0|com.yourname.smartrecorder|1|null|11026: granting content://settings/system/notification_sound
2025-11-29 03:44:02.624  1198-1198  NotificationService     system_server                        D  0|com.yourname.smartrecorder|1|null|11026: granting content://settings/system/notification_sound
2025-11-29 03:44:02.625  1198-1198  NotificationService     system_server                        D  0|com.yourname.smartrecorder|1|null|11026: granting content://settings/system/notification_sound
2025-11-29 03:44:02.625  1198-1198  NotificationService     system_server                        D  0|com.yourname.smartrecorder|1|null|11026: granting content://settings/system/notification_sound
2025-11-29 03:44:02.625  1198-1198  NotificationService     system_server                        D  0|com.yourname.smartrecorder|1|null|11026: granting content://settings/system/notification_sound
2025-11-29 03:44:02.625  1198-1198  NotificationService     system_server                        D  0|com.yourname.smartrecorder|1|null|11026: granting content://settings/system/notification_sound
2025-11-29 03:44:02.625  1198-1198  NotificationService     system_server                        D  0|com.yourname.smartrecorder|1|null|11026: granting content://settings/system/notification_sound
2025-11-29 03:44:02.625  1198-1198  NotificationService     system_server                        D  0|com.yourname.smartrecorder|1|null|11026: granting content://settings/system/notification_sound
2025-11-29 03:44:02.625  1198-1198  NotificationService     system_server                        D  0|com.yourname.smartrecorder|1|null|11026: granting content://settings/system/notification_sound
2025-11-29 03:44:02.625  1198-1198  NotificationService     system_server                        D  0|com.yourname.smartrecorder|1|null|11026: granting content://settings/system/notification_sound
2025-11-29 03:44:02.626  1198-1198  NotificationService     system_server                        D  0|com.yourname.smartrecorder|1|null|11026: granting content://settings/system/notification_sound
2025-11-29 03:44:02.626  1198-1198  NotificationService     system_server                        D  0|com.yourname.smartrecorder|1|null|11026: granting content://settings/system/notification_sound
2025-11-29 03:44:02.626  1198-1198  NotificationService     system_server                        D  0|com.yourname.smartrecorder|1|null|11026: granting content://settings/system/notification_sound
2025-11-29 03:44:02.627  1198-1198  NotificationReminder    system_server                        D  addNotificationRecord record com.yourname.smartrecorder
2025-11-29 03:44:02.628  4533-4533  Edge.badge              com...ndroid.app.cocktailbarservice  I  updateBadge item = com.yourname.smartrecorder:0 1
2025-11-29 03:44:02.630  2188-2188  Launcher.N...onListener com.sec.android.app.launcher         I  onNotificationPosted : com.yourname.smartrecorder number : 0
2025-11-29 03:44:02.832 22947-22947 Interrupti...teProvider com.android.systemui                 D   no Heads up : edgelighting enabled app. 0|com.yourname.smartrecorder|1|null|11026
2025-11-29 03:44:03.437  1198-4185  ApplicationPolicy       system_server                        D  isStatusBarNotificationAllowedAsUser: packageName = com.yourname.smartrecorder,userId = 0
2025-11-29 03:44:03.437  1198-4185  ApplicationPolicy       system_server                        D  isStatusBarNotificationAllowedAsUser: packageName = com.yourname.smartrecorder,userId = 0
2025-11-29 03:44:03.642  4533-4533  Edge.badge              com...ndroid.app.cocktailbarservice  I  updateBadge item = com.yourname.smartrecorder:0 1
2025-11-29 03:44:03.642  2188-2188  Launcher.N...onListener com.sec.android.app.launcher         I  onNotificationPosted : com.yourname.smartrecorder number : 0
2025-11-29 03:44:03.844 22947-22947 BubblesManager          com.android.systemui                 D  onEntryUpdated : shouldBubbleUp=false ,key=0|com.yourname.smartrecorder|1|null|11026
2025-11-29 03:44:03.845 22947-22947 Interrupti...teProvider com.android.systemui                 D   no Heads up : edgelighting enabled app. 0|com.yourname.smartrecorder|1|null|11026
2025-11-29 03:44:04.460  1198-4344  ApplicationPolicy       system_server                        D  isStatusBarNotificationAllowedAsUser: packageName = com.yourname.smartrecorder,userId = 0
2025-11-29 03:44:04.460  1198-4344  ApplicationPolicy       system_server                        D  isStatusBarNotificationAllowedAsUser: packageName = com.yourname.smartrecorder,userId = 0
2025-11-29 03:44:04.486   858-858   SurfaceFlinger          surfaceflinger                       D  Display 4633128672291735937 HWC layers:
                                                                                                         CLIENT | 0x70f52e8950 | 0102 | RGBA_8888    |    0.0    0.0 1440.0 3088.0 |    0    0 1440 3088 | com.yourname.smartrecorder/com.yourn[...]rtrecorder.MainActivity$_17647#62398
                                                                                                         CLIENT | 0x70f52eb530 | 0100 | RGBA_8888    |    0.0    0.0 1440.0   90.0 |    0    0 1440   90 | StatusBar$_22947#4630
                                                                                                         CLIENT | 0x70f52d49d0 | 0100 | RGBA_8888    |    0.0    0.0   67.0  708.0 | 1373  391 1440 1099 | com.samsung.android.app.cocktailbars[...]rvice.CocktailBarService$_4533#62388
                                                                                                         CLIENT | 0x70f52d6710 | 0100 | RGBA_8888    |    0.0    0.0 1440.0  168.0 |    0 2920 1440 3088 | NavigationBar0$_22947#4625
                                                                                                         CLIENT | 0x70f52da4f0 | 0140 | RGBA_8888    |    0.0    0.0 1440.0   90.0 |    0    0 1440   90 | ScreenDecorOverlay$_22947#62408
2025-11-29 03:44:04.557  1198-1707  Pageboost               system_server                        I  db update :com.yourname.smartrecorder ret 1
2025-11-29 03:44:04.606  1198-1707  Pageboost               system_server                        I  memUsage collected : 158294 23525 6000 for com.yourname.smartrecorder 17647
2025-11-29 03:44:04.671  2188-2188  Launcher.N...onListener com.sec.android.app.launcher         I  onNotificationPosted : com.yourname.smartrecorder number : 0
2025-11-29 03:44:04.673  4533-4533  Edge.badge              com...ndroid.app.cocktailbarservice  I  updateBadge item = com.yourname.smartrecorder:0 1
2025-11-29 03:44:04.908 22947-22947 BubblesManager          com.android.systemui                 D  onEntryUpdated : shouldBubbleUp=false ,key=0|com.yourname.smartrecorder|1|null|11026
2025-11-29 03:44:04.908 22947-22947 Interrupti...teProvider com.android.systemui                 D   no Heads up : edgelighting enabled app. 0|com.yourname.smartrecorder|1|null|11026
2025-11-29 03:44:05.430  1198-5812  ApplicationPolicy       system_server                        D  isStatusBarNotificationAllowedAsUser: packageName = com.yourname.smartrecorder,userId = 0
2025-11-29 03:44:05.430  1198-5812  ApplicationPolicy       system_server                        D  isStatusBarNotificationAllowedAsUser: packageName = com.yourname.smartrecorder,userId = 0
2025-11-29 03:44:05.636  4533-4533  Edge.badge              com...ndroid.app.cocktailbarservice  I  updateBadge item = com.yourname.smartrecorder:0 1
2025-11-29 03:44:05.636  2188-2188  Launcher.N...onListener com.sec.android.app.launcher         I  onNotificationPosted : com.yourname.smartrecorder number : 0
2025-11-29 03:44:05.671  1198-7983  SGM:GameManager         system_server                        D  identifyGamePackage. com.yourname.smartrecorder, mCurrentUserId: 0, callerUserId: 0, callingMethodInfo: com.android.server.ssrm.SortingMachine.isGame(SortingMachine.java:162)
2025-11-29 03:44:05.671  1198-7983  SGM:PkgDataHelper       system_server                        D  getGamePkgData(). com.yourname.smartrecorder
2025-11-29 03:44:05.837 22947-22947 BubblesManager          com.android.systemui                 D  onEntryUpdated : shouldBubbleUp=false ,key=0|com.yourname.smartrecorder|1|null|11026
2025-11-29 03:44:05.838 22947-22947 Interrupti...teProvider com.android.systemui                 D   no Heads up : edgelighting enabled app. 0|com.yourname.smartrecorder|1|null|11026
2025-11-29 03:44:06.013 17647-17780 ProfileInstaller        com.yourname.smartrecorder           D  Installing profile for com.yourname.smartrecorder
2025-11-29 03:44:06.147 17647-17647 ViewRootIm...nActivity] com.yourname.smartrecorder           I  ViewPostIme pointer 0
2025-11-29 03:44:06.210 17647-17647 ViewRootIm...nActivity] com.yourname.smartrecorder           I  ViewPostIme pointer 1
2025-11-29 03:44:06.210 17647-17647 SmartRecorder/ViewModel com.yourname.smartrecorder           D  [SmartRecorderApp] User clicked stop record button
2025-11-29 03:44:06.210 17647-17647 SmartRecorder/Recording com.yourname.smartrecorder           I  [MAIN] [ViewModel: RecordViewModel] onStopClick
2025-11-29 03:44:06.211 17647-17647 SmartRecorder/Recording com.yourname.smartrecorder           D  Stopping recording -> recordingId: 7d143999-4947-4dee-8716-d306e16a0f39, duration: 3798 ms
2025-11-29 03:44:06.213  1198-1198  EdgeLightingManager     system_server                        D  hideForNotification : packageName = com.yourname.smartrecorder
2025-11-29 03:44:06.213  1198-1198  EdgeLighti...ationGroup system_server                        D  remove : sbn : StatusBarNotification(pkg=com.yourname.smartrecorder user=UserHandle{0} id=1 tag=null key=0|com.yourname.smartrecorder|1|null|11026: Notification(channel=recording_channel shortcut=null contentView=null vibrate=null sound=null defaults=0x0 flags=0x68 color=0x00000000 category=service groupKey=silent actions=2 vis=PUBLIC semFlags=0x0 semPriority=0 semMissedCount=0))
2025-11-29 03:44:06.213 22947-27398 SecFgsMana...rollerImpl com.android.systemui                 D  onForegroundStateChanged: dialogShown:false, isForeground:false, packageName:com.yourname.smartrecorder , token:android.os.BinderProxy@1b72922, userId:0
2025-11-29 03:44:06.219 17647-17647 SmartRecorder/Service   com.yourname.smartrecorder           I  [CRIT] Recording foreground service stopped
2025-11-29 03:44:06.219 17647-17647 SmartRecorder/Service   com.yourname.smartrecorder           D  [BG] Auto-save stopped
2025-11-29 03:44:06.219 17647-17647 SmartRecorder/UseCase   com.yourname.smartrecorder           I  [MAIN] [UseCase: StopRecordingAndSaveUseCase] Starting (recordingId=7d143999-4947-4dee-8716-d306e16a0f39, durationMs=3798)
2025-11-29 03:44:06.220  1198-1198  NotificationReminder    system_server                        D  removeFromNotiList record com.yourname.smartrecorder
2025-11-29 03:44:06.221 17647-17679 SmartRecorder/Audio     com.yourname.smartrecorder           D  Stopping recording
2025-11-29 03:44:06.221 17647-17679 SmartRecorder/Audio     com.yourname.smartrecorder           D  File size before stop: 5992 bytes
2025-11-29 03:44:06.221 17647-17679 MediaRecorderJNI        com.yourname.smartrecorder           I  stop
2025-11-29 03:44:06.223 17647-17647 SmartRecorder/Service   com.yourname.smartrecorder           I  [CRIT] [Service: RecordingForegroundService] onDestroy
2025-11-29 03:44:06.223 17647-17647 SmartRecorder/Service   com.yourname.smartrecorder           W  [RARE] Service destroyed while recording -> Context: recordingDuration=3810ms
2025-11-29 03:44:06.223 17647-17647 SmartRecorder/ViewModel com.yourname.smartrecorder           D  [RecordingSessionRepository] setIdle
2025-11-29 03:44:06.283  1198-1909  AudioServi...ityMonitor system_server                        V  updateSoundAppPolicy packageName = com.yourname.smartrecorder
2025-11-29 03:44:06.284  1198-1909  SGM:GameManager         system_server                        D  identifyGamePackage. com.yourname.smartrecorder, mCurrentUserId: 0, callerUserId: 0, callingMethodInfo: com.samsung.android.game.SemGameManager.isGamePackage(SemGameManager.java:104)
2025-11-29 03:44:06.284  1198-1909  SGM:PkgDataHelper       system_server                        D  getGamePkgData(). com.yourname.smartrecorder
2025-11-29 03:44:06.284  1198-1909  SGM:SemGameManager      system_server                        D  isGamePackage(), pkgName=com.yourname.smartrecorder, ret=false
2025-11-29 03:44:06.287 30169-30242 BWU@Wakeup...ordManager com.samsung.android.bixby.wakeup     I  Ph_com.yourname.smartrecorder is allowed? false [VF-T-L] 
2025-11-29 03:44:06.292 17647-17679 SmartRecorder/Audio     com.yourname.smartrecorder           D  MediaRecorder.stop() called successfully
2025-11-29 03:44:06.292 17647-17679 MediaRecorderJNI        com.yourname.smartrecorder           I  native_reset
2025-11-29 03:44:06.292 17647-17679 SmartRecorder/Audio     com.yourname.smartrecorder           D  MediaRecorder.reset() called successfully
2025-11-29 03:44:06.292 17647-17679 MediaRecorderJNI        com.yourname.smartrecorder           I  release
2025-11-29 03:44:06.293 17647-17679 SmartRecorder/Audio     com.yourname.smartrecorder           D  MediaRecorder released
2025-11-29 03:44:06.394 17647-17679 SmartRecorder/Audio     com.yourname.smartrecorder           D  File size after stop: 6743 bytes (before: 5992)
2025-11-29 03:44:06.394 17647-17679 SmartRecorder/Audio     com.yourname.smartrecorder           I  Recording stopped successfully -> file: /data/user/0/com.yourname.smartrecorder/files/recordings/recording_014.3gp, size: 6743 bytes, stopTime: 173ms
2025-11-29 03:44:06.395 17647-17647 SmartRecorder/UseCase   com.yourname.smartrecorder           D  Audio file saved -> size: 6743 bytes, path: /data/user/0/com.yourname.smartrecorder/files/recordings/recording_014.3gp
2025-11-29 03:44:06.397 17647-17647 SmartRecorder/UseCase   com.yourname.smartrecorder           D  Generated auto title: Recording Th11 29, 2025
2025-11-29 03:44:06.397 17647-17647 SmartRecorder/UseCase   com.yourname.smartrecorder           D  Saving recording to database -> id: 7d143999-4947-4dee-8716-d306e16a0f39, title: Recording Th11 29, 2025, duration: 3798 ms
2025-11-29 03:44:06.397 17647-17647 SmartRecor...Repository com.yourname.smartrecorder           D  [BG] [DB: recordings] INSERT -> id=7d143999-4947-4dee-8716-d306e16a0f39, title=Recording Th11 29, 2025, duration=3798ms
2025-11-29 03:44:06.428 17647-17647 SmartRecor...Repository com.yourname.smartrecorder           D  [BG] [DB: recordings] INSERT_COMPLETE -> id=7d143999-4947-4dee-8716-d306e16a0f39, duration=31ms
2025-11-29 03:44:06.428 17647-17647 SmartRecorder/UseCase   com.yourname.smartrecorder           I  [MAIN] [UseCase: StopRecordingAndSaveUseCase] Completed (recordingId=7d143999-4947-4dee-8716-d306e16a0f39, duration=209ms)
2025-11-29 03:44:06.428 17647-17647 SmartRecorder/UseCase   com.yourname.smartrecorder           I  [Performance] StopRecordingAndSaveUseCase took 209ms (fileSize=6743bytes, durationMs=3798ms)
2025-11-29 03:44:06.428 17647-17647 SmartRecorder/Recording com.yourname.smartrecorder           I  [MAIN] [ViewModel: RecordViewModel] Recording saved -> State: recordingId=7d143999-4947-4dee-8716-d306e16a0f39, title=Recording Th11 29, 2025, duration=3798ms
2025-11-29 03:44:06.429 17647-17647 SmartRecorder/Recording com.yourname.smartrecorder           D  Navigation triggered -> transcriptId: 7d143999-4947-4dee-8716-d306e16a0f39
2025-11-29 03:44:06.437 17647-17647 SmartRecorder/ViewModel com.yourname.smartrecorder           D  [SmartRecorderApp] Navigating to transcript -> recordingId: 7d143999-4947-4dee-8716-d306e16a0f39
2025-11-29 03:44:06.467  1198-5812  CoreBackPreview         system_server                        D  Window{8eb798a u0 com.yourname.smartrecorder/com.yourname.smartrecorder.MainActivity}: Setting back callback OnBackInvokedCallbackInfo{mCallback=android.window.IOnBackInvokedCallback$Stub$Proxy@68cf721, mPriority=0}
2025-11-29 03:44:06.652 17647-17647 SmartRecorder/ViewModel com.yourname.smartrecorder           D  [TranscriptScreen] Screen loaded -> recordingId: 7d143999-4947-4dee-8716-d306e16a0f39
2025-11-29 03:44:06.652 17647-17647 SmartRecor...Transcript com.yourname.smartrecorder           I  [MAIN] [ViewModel: TranscriptViewModel] loadRecording -> State: recordingId=7d143999-4947-4dee-8716-d306e16a0f39
2025-11-29 03:44:06.653 17647-17647 SmartRecor...Transcript com.yourname.smartrecorder           D  Loading recording details -> recordingId: 7d143999-4947-4dee-8716-d306e16a0f39
2025-11-29 03:44:06.653 17647-17647 SmartRecorder/UseCase   com.yourname.smartrecorder           I  [MAIN] [UseCase: GetRecordingDetailUseCase] Starting (recordingId=7d143999-4947-4dee-8716-d306e16a0f39)
2025-11-29 03:44:06.653 17647-17647 SmartRecor...Repository com.yourname.smartrecorder           D  [BG] [DB: recordings] SELECT -> id=7d143999-4947-4dee-8716-d306e16a0f39
2025-11-29 03:44:06.653 17647-17647 SmartRecorder/ViewModel com.yourname.smartrecorder           D  [TranscriptScreen] User switched tab -> tab: TRANSCRIPT
2025-11-29 03:44:06.655 17647-17647 SmartRecorder/ViewModel com.yourname.smartrecorder           D  [TranscriptTabContent] State -> segmentsCount: 0, isGenerating: false, isLoading: false, searchQuery: 
2025-11-29 03:44:06.670 17647-17647 SmartRecor...Repository com.yourname.smartrecorder           D  [BG] [DB: recordings] SELECT_COMPLETE -> id=7d143999-4947-4dee-8716-d306e16a0f39, found=true
2025-11-29 03:44:06.670 17647-17647 SmartRecorder/UseCase   com.yourname.smartrecorder           I  [MAIN] [UseCase: GetRecordingDetailUseCase] Completed (recordingId=7d143999-4947-4dee-8716-d306e16a0f39, found=true, duration=17ms)
2025-11-29 03:44:06.670 17647-17647 SmartRecor...Transcript com.yourname.smartrecorder           D  Recording loaded -> id: 7d143999-4947-4dee-8716-d306e16a0f39, title: Recording Th11 29, 2025, duration: 3798 ms
2025-11-29 03:44:06.670 17647-17647 SmartRecor...Transcript com.yourname.smartrecorder           D  Audio file check -> path: /data/user/0/com.yourname.smartrecorder/files/recordings/recording_014.3gp, exists: true, size: 6743 bytes, canRead: true
2025-11-29 03:44:06.671 17647-17647 SmartRecorder/UseCase   com.yourname.smartrecorder           I  [MAIN] [UseCase: GetTranscriptUseCase] Invoked (recordingId=7d143999-4947-4dee-8716-d306e16a0f39)
2025-11-29 03:44:06.671 17647-17647 SmartRecor...Repository com.yourname.smartrecorder           D  [Flow: getTranscriptSegments] Subscribed -> recordingId=7d143999-4947-4dee-8716-d306e16a0f39
2025-11-29 03:44:06.672 17647-17647 SmartRecor...Repository com.yourname.smartrecorder           D  [Flow: getNotesByRecordingId] Subscribed -> recordingId=7d143999-4947-4dee-8716-d306e16a0f39
2025-11-29 03:44:06.673 17647-17647 SmartRecorder/UseCase   com.yourname.smartrecorder           I  [MAIN] [UseCase: GetBookmarksUseCase] Invoked (recordingId=7d143999-4947-4dee-8716-d306e16a0f39)
2025-11-29 03:44:06.673 17647-17647 SmartRecor...Repository com.yourname.smartrecorder           D  [Flow: getBookmarksByRecordingId] Subscribed -> recordingId=7d143999-4947-4dee-8716-d306e16a0f39
2025-11-29 03:44:06.731 17647-17647 SmartRecorder/ViewModel com.yourname.smartrecorder           D  [TranscriptTabContent] State -> segmentsCount: 0, isGenerating: false, isLoading: true, searchQuery: 
2025-11-29 03:44:06.734 17647-17647 SmartRecor...Repository com.yourname.smartrecorder           D  [Flow: getBookmarksByRecordingId] Emitted -> recordingId=7d143999-4947-4dee-8716-d306e16a0f39, count=0
2025-11-29 03:44:06.734 17647-17647 SmartRecorder/UseCase   com.yourname.smartrecorder           I  [MAIN] [UseCase: GetBookmarksUseCase] Emitted (recordingId=7d143999-4947-4dee-8716-d306e16a0f39, count=0)
2025-11-29 03:44:06.734 17647-17647 SmartRecor...Transcript com.yourname.smartrecorder           D  Bookmarks loaded: 0
2025-11-29 03:44:06.735 17647-17647 SmartRecor...Repository com.yourname.smartrecorder           D  [Flow: getTranscriptSegments] Emitted -> recordingId=7d143999-4947-4dee-8716-d306e16a0f39, count=0
2025-11-29 03:44:06.735 17647-17647 SmartRecorder/UseCase   com.yourname.smartrecorder           I  [MAIN] [UseCase: GetTranscriptUseCase] Emitted (recordingId=7d143999-4947-4dee-8716-d306e16a0f39, count=0)
2025-11-29 03:44:06.735 17647-17647 SmartRecor...Transcript com.yourname.smartrecorder           D  Transcript segments received -> count: 0, recordingId: 7d143999-4947-4dee-8716-d306e16a0f39
2025-11-29 03:44:06.735 17647-17647 SmartRecor...Transcript com.yourname.smartrecorder           D  Segments updated in UI -> count: 0
2025-11-29 03:44:06.736 17647-17647 SmartRecor...Repository com.yourname.smartrecorder           D  [Flow: getNotesByRecordingId] Emitted -> recordingId=7d143999-4947-4dee-8716-d306e16a0f39, count=0
2025-11-29 03:44:06.736 17647-17647 SmartRecor...Transcript com.yourname.smartrecorder           D  Notes loaded -> count: 0
2025-11-29 03:44:06.736 17647-17647 SmartRecor...Transcript com.yourname.smartrecorder           I  [MAIN] [ViewModel: TranscriptViewModel] loadRecording completed -> State: duration=84ms, segments=0, notes=0
2025-11-29 03:44:06.777 17647-17647 SmartRecorder/ViewModel com.yourname.smartrecorder           D  [TranscriptTabContent] State -> segmentsCount: 0, isGenerating: false, isLoading: false, searchQuery: 
2025-11-29 03:44:07.412   858-858   SurfaceFlinger          surfaceflinger                       D  Display 4633128672291735937 HWC layers:
                                                                                                         CLIENT | 0x70f52a39b0 | 0102 | RGBA_8888    |    0.0    0.0 1440.0 3088.0 |    0    0 1440 3088 | com.yourname.smartrecorder/com.yourn[...]rtrecorder.MainActivity$_17647#62398
                                                                                                         CLIENT | 0x70f52f2130 | 0100 | RGBA_8888    |    0.0    0.0 1440.0   90.0 |    0    0 1440   90 | StatusBar$_22947#4630
                                                                                                         CLIENT | 0x70f52d49d0 | 0100 | RGBA_8888    |    0.0    0.0   67.0  708.0 | 1373  391 1440 1099 | com.samsung.android.app.cocktailbars[...]rvice.CocktailBarService$_4533#62388
                                                                                                         CLIENT | 0x70f52d6710 | 0100 | RGBA_8888    |    0.0    0.0 1440.0  168.0 |    0 2920 1440 3088 | NavigationBar0$_22947#4625
2025-11-29 03:44:07.833 17647-17647 ViewRootIm...nActivity] com.yourname.smartrecorder           I  ViewPostIme pointer 0
2025-11-29 03:44:07.885 17647-17647 ViewRootIm...nActivity] com.yourname.smartrecorder           I  ViewPostIme pointer 1
2025-11-29 03:44:07.887 17647-17647 SmartRecor...Transcript com.yourname.smartrecorder           D  togglePlayPause called -> recordingId: 7d143999-4947-4dee-8716-d306e16a0f39, filePath: /data/user/0/com.yourname.smartrecorder/files/recordings/recording_014.3gp
2025-11-29 03:44:07.888 17647-17647 SmartRecor...Transcript com.yourname.smartrecorder           D  File check -> exists: true, size: 6743 bytes, canRead: true
2025-11-29 03:44:07.889 17647-17647 SmartRecor...Transcript com.yourname.smartrecorder           I  [MAIN] Starting/resuming playback -> file: /data/user/0/com.yourname.smartrecorder/files/recordings/recording_014.3gp, size: 6743 bytes
2025-11-29 03:44:07.893 17647-17647 SmartRecorder/Service   com.yourname.smartrecorder           I  [CRIT] Playback foreground service started
2025-11-29 03:44:07.894 17647-17647 SmartRecorder/Audio     com.yourname.smartrecorder           I  [MAIN] Playing audio -> file: /data/user/0/com.yourname.smartrecorder/files/recordings/recording_014.3gp, size: 6743 bytes, exists: true
2025-11-29 03:44:07.894 17647-17647 SmartRecorder/Audio     com.yourname.smartrecorder           D  [BG] Creating MediaPlayer instance
2025-11-29 03:44:07.894 17647-17647 MediaPlayer-JNI         com.yourname.smartrecorder           V  native_setup
2025-11-29 03:44:07.894 17647-17647 MediaPlayerNative       com.yourname.smartrecorder           V  constructor
2025-11-29 03:44:07.897 17647-17647 MediaPlayerNative       com.yourname.smartrecorder           V  setListener
2025-11-29 03:44:07.900 17647-17647 SmartRecorder/Audio     com.yourname.smartrecorder           D  [BG] Setting data source -> path: /data/user/0/com.yourname.smartrecorder/files/recordings/recording_014.3gp
2025-11-29 03:44:07.905 17647-17647 MediaPlayer-JNI         com.yourname.smartrecorder           V  setDataSourceFD: fd 112
2025-11-29 03:44:07.905 17647-17647 MediaPlayerNative       com.yourname.smartrecorder           V  setDataSource(112, 0, 576460752303423487)
2025-11-29 03:44:07.905   997-29345 MediaPlayerService      mediaserver                          V  Create new client(621) from AttributionSourceState{pid: 17647, uid: 11026, packageName: com.yourname.smartrecorder, attributionTag: (null), token: {no toString() implemented}, renouncedPermissions: [], next: []}, 
2025-11-29 03:44:07.913 17647-17647 SmartRecorder/Audio     com.yourname.smartrecorder           D  [BG] Preparing MediaPlayer
2025-11-29 03:44:07.913 17647-17647 MediaPlayerNative       com.yourname.smartrecorder           V  setVideoSurfaceTexture
2025-11-29 03:44:07.913 17647-17647 MediaPlayerNative       com.yourname.smartrecorder           V  prepare
2025-11-29 03:44:07.922 17647-17658 MediaPlayerNative       com.yourname.smartrecorder           V  message received msg=200, ext1=10973, ext2=0
2025-11-29 03:44:07.922 17647-17658 MediaPlayerNative       com.yourname.smartrecorder           W  info/warning (10973, 0)
2025-11-29 03:44:07.923 17647-17658 MediaPlayerNative       com.yourname.smartrecorder           V  message received msg=1, ext1=0, ext2=0
2025-11-29 03:44:07.923 17647-17658 MediaPlayerNative       com.yourname.smartrecorder           V  MediaPlayer::notify() prepared
2025-11-29 03:44:07.923 17647-17658 MediaPlayerNative       com.yourname.smartrecorder           V  signal application thread
2025-11-29 03:44:07.923 17647-17647 MediaPlayerNative       com.yourname.smartrecorder           V  prepare complete - status=0
2025-11-29 03:44:07.924 17647-17647 MediaPlayerNative       com.yourname.smartrecorder           V  invoke 76
2025-11-29 03:44:07.927 17647-17647 MediaPlayerNative       com.yourname.smartrecorder           V  getDuration_l
2025-11-29 03:44:07.927 17647-17647 MediaPlayer-JNI         com.yourname.smartrecorder           V  getDuration: 3740 (msec)
2025-11-29 03:44:07.927 17647-17647 SmartRecorder/Audio     com.yourname.smartrecorder           I  [MAIN] MediaPlayer prepared -> duration: 3740 ms (0,06 minutes)
2025-11-29 03:44:07.927 17647-17647 MediaPlayer-JNI         com.yourname.smartrecorder           V  setLooping: 0
2025-11-29 03:44:07.927 17647-17647 MediaPlayerNative       com.yourname.smartrecorder           V  MediaPlayer::setLooping
2025-11-29 03:44:07.928 17647-17647 MediaPlayer-JNI         com.yourname.smartrecorder           V  isLooping
2025-11-29 03:44:07.928 17647-17647 MediaPlayerNative       com.yourname.smartrecorder           V  isLooping
2025-11-29 03:44:07.928 17647-17647 MediaPlayer-JNI         com.yourname.smartrecorder           V  setLooping: 0
2025-11-29 03:44:07.928 17647-17647 MediaPlayerNative       com.yourname.smartrecorder           V  MediaPlayer::setLooping
2025-11-29 03:44:07.928 17647-17647 MediaPlayer-JNI         com.yourname.smartrecorder           V  isLooping
2025-11-29 03:44:07.928 17647-17647 MediaPlayerNative       com.yourname.smartrecorder           V  isLooping
2025-11-29 03:44:07.928 17647-17647 SmartRecorder/Audio     com.yourname.smartrecorder           D  [BG] Looping set to: false
2025-11-29 03:44:07.928 17647-17647 SmartRecorder/Audio     com.yourname.smartrecorder           D  [BG] Starting MediaPlayer
2025-11-29 03:44:07.928 17647-17647 MediaPlayer-JNI         com.yourname.smartrecorder           V  start
2025-11-29 03:44:07.928 17647-17647 MediaPlayerNative       com.yourname.smartrecorder           V  start
2025-11-29 03:44:07.929 17647-17647 SmartRecorder/Audio     com.yourname.smartrecorder           I  [MAIN] Audio playback started successfully -> file: /data/user/0/com.yourname.smartrecorder/files/recordings/recording_014.3gp, setupTime: 36ms
2025-11-29 03:44:07.929 17647-17647 SmartRecorder/Audio     com.yourname.smartrecorder           D  Setting looping: false
2025-11-29 03:44:07.929 17647-17647 MediaPlayer-JNI         com.yourname.smartrecorder           V  setLooping: 0
2025-11-29 03:44:07.929 17647-17647 MediaPlayerNative       com.yourname.smartrecorder           V  MediaPlayer::setLooping
2025-11-29 03:44:07.929 17647-17647 SmartRecor...Transcript com.yourname.smartrecorder           I  [MAIN] Started new playback -> duration: 3798 ms, looping: false
2025-11-29 03:44:07.935 17647-17647 SmartRecorder/Service   com.yourname.smartrecorder           I  [CRIT] [Service: PlaybackForegroundService] onCreate
2025-11-29 03:44:07.935 30169-30242 BWU@AudioP...rolManager com.samsung.android.bixby.wakeup     I  Ph_com.yourname.smartrecorder is now playing [VF-T-L] 
2025-11-29 03:44:07.939 17647-17647 MediaSessionCompat      com.yourname.smartrecorder           W  Couldn't find a unique registered media button receiver in the given context.
2025-11-29 03:44:07.943  1198-5812  MediaSessionService     system_server                        D  Media button session is changed to com.yourname.smartrecorder/PlaybackService (userId=0)
2025-11-29 03:44:07.943 22947-23697 FaceWidget...cViewModel com.android.systemui                 D  onMediaKeyEventSessionChanged() packageName = com.yourname.smartrecorder, sessionToken = android.media.session.MediaSession$Token@2d7f181
2025-11-29 03:44:07.946 17647-17647 SmartRecorder/Service   com.yourname.smartrecorder           I  [CRIT] [Service: PlaybackForegroundService] onStartCommand -> action=null, flags=0, startId=1
2025-11-29 03:44:07.946 17647-17647 SmartRecorder/Service   com.yourname.smartrecorder           I  [CRIT] Playback started in foreground service
2025-11-29 03:44:07.947 17647-17647 SmartRecorder/ViewModel com.yourname.smartrecorder           D  [PlaybackSessionRepository] setPlaying
2025-11-29 03:44:07.952 22947-27398 SecFgsMana...rollerImpl com.android.systemui                 D  onForegroundStateChanged: dialogShown:false, isForeground:true, packageName:com.yourname.smartrecorder , token:android.os.BinderProxy@7b0cf90, userId:0
2025-11-29 03:44:07.952 17647-17647 MediaPlayerNative       com.yourname.smartrecorder           V  invoke 76
2025-11-29 03:44:07.954 22947-27398 SecFgsMana...rollerImpl com.android.systemui                 D  updateUiControl[com.yourname.smartrecorder]: -1
2025-11-29 03:44:07.955  1198-1294  ApplicationPolicy       system_server                        D  isStatusBarNotificationAllowedAsUser: packageName = com.yourname.smartrecorder,userId = 0
2025-11-29 03:44:07.956  1198-1294  ApplicationPolicy       system_server                        D  isStatusBarNotificationAllowedAsUser: packageName = com.yourname.smartrecorder,userId = 0
2025-11-29 03:44:07.959  1198-1198  NotificationService     system_server                        D  0|com.yourname.smartrecorder|2|null|11026: granting content://settings/system/notification_sound
2025-11-29 03:44:07.960  1198-1198  NotificationService     system_server                        D  0|com.yourname.smartrecorder|2|null|11026: granting content://settings/system/notification_sound
2025-11-29 03:44:07.960  1198-1198  NotificationService     system_server                        D  0|com.yourname.smartrecorder|2|null|11026: granting content://settings/system/notification_sound
2025-11-29 03:44:07.961  1198-1198  NotificationService     system_server                        D  0|com.yourname.smartrecorder|2|null|11026: granting content://settings/system/notification_sound
2025-11-29 03:44:07.961  1198-1198  NotificationService     system_server                        D  0|com.yourname.smartrecorder|2|null|11026: granting content://settings/system/notification_sound
2025-11-29 03:44:07.961  1198-1198  NotificationService     system_server                        D  0|com.yourname.smartrecorder|2|null|11026: granting content://settings/system/notification_sound
2025-11-29 03:44:07.962  1198-1198  NotificationService     system_server                        D  0|com.yourname.smartrecorder|2|null|11026: granting content://settings/system/notification_sound
2025-11-29 03:44:07.962  1198-1198  NotificationService     system_server                        D  0|com.yourname.smartrecorder|2|null|11026: granting content://settings/system/notification_sound
2025-11-29 03:44:07.962  1198-1198  NotificationService     system_server                        D  0|com.yourname.smartrecorder|2|null|11026: granting content://settings/system/notification_sound
2025-11-29 03:44:07.963  1198-1198  NotificationService     system_server                        D  0|com.yourname.smartrecorder|2|null|11026: granting content://settings/system/notification_sound
2025-11-29 03:44:07.963  1198-1198  NotificationService     system_server                        D  0|com.yourname.smartrecorder|2|null|11026: granting content://settings/system/notification_sound
2025-11-29 03:44:07.963  1198-1198  NotificationService     system_server                        D  0|com.yourname.smartrecorder|2|null|11026: granting content://settings/system/notification_sound
2025-11-29 03:44:07.963  1198-1198  NotificationService     system_server                        D  0|com.yourname.smartrecorder|2|null|11026: granting content://settings/system/notification_sound
2025-11-29 03:44:07.964  1198-1198  NotificationService     system_server                        D  0|com.yourname.smartrecorder|2|null|11026: granting content://settings/system/notification_sound
2025-11-29 03:44:07.967  1198-1198  NotificationReminder    system_server                        D  addNotificationRecord record com.yourname.smartrecorder
2025-11-29 03:44:07.970  2188-2188  Launcher.N...onListener com.sec.android.app.launcher         I  onNotificationPosted : com.yourname.smartrecorder number : 0
2025-11-29 03:44:07.970  4533-4533  Edge.badge              com...ndroid.app.cocktailbarservice  I  updateBadge item = com.yourname.smartrecorder:0 1
2025-11-29 03:44:07.980 17647-17658 MediaPlayerNative       com.yourname.smartrecorder           V  message received msg=10000, ext1=21, ext2=3
