2025-11-27 02:05:56.860 22947-23121 PluginInstanceManager   com.android.systemui                 D  queryPkg com.yourname.smartrecorder com.android.systemui.action.PLUGIN_LOCKSCREEN_RIGHT_BUTTON
2025-11-27 02:05:56.860 22947-23121 PluginInstanceManager   com.android.systemui                 D  queryPkg com.yourname.smartrecorder com.android.systemui.action.PLUGIN_LOCKSCREEN_LEFT_BUTTON
2025-11-27 02:05:56.860 22947-23121 PluginInstanceManager   com.android.systemui                 D  queryPkg com.yourname.smartrecorder com.android.systemui.action.PLUGIN_LOCKSCREEN_LEFT_BUTTON
2025-11-27 02:05:56.860 22947-23121 PluginInstanceManager   com.android.systemui                 D  queryPkg com.yourname.smartrecorder com.android.systemui.action.PLUGIN_NOTIFICATION_ASSISTANT
2025-11-27 02:05:56.860 22947-23121 PluginInstanceManager   com.android.systemui                 D  queryPkg com.yourname.smartrecorder com.android.systemui.action.PLUGIN_OVERLAY
2025-11-27 02:05:56.860 22947-23121 PluginInstanceManager   com.android.systemui                 D  queryPkg com.yourname.smartrecorder com.android.systemui.action.PLUGIN_CLOCK
2025-11-27 02:05:56.860 22947-23121 PluginInstanceManager   com.android.systemui                 D  queryPkg com.yourname.smartrecorder com.samsung.systemui.action.PLUGIN_FACE_WIDGET
2025-11-27 02:05:56.860 22947-23121 PluginInstanceManager   com.android.systemui                 D  queryPkg com.yourname.smartrecorder com.android.systemui.action.PLUGIN_SENSOR_MANAGER
2025-11-27 02:05:56.860 22947-23121 PluginInstanceManager   com.android.systemui                 D  queryPkg com.yourname.smartrecorder com.android.systemui.action.PLUGIN_NOTIFICATION_MENU_ROW
2025-11-27 02:05:56.860 22947-23121 PluginInstanceManager   com.android.systemui                 D  queryPkg com.yourname.smartrecorder com.android.systemui.action.PLUGIN_TOAST
2025-11-27 02:05:56.860 22947-23121 PluginInstanceManager   com.android.systemui                 D  queryPkg com.yourname.smartrecorder com.android.systemui.action.PLUGIN_AOD
2025-11-27 02:05:56.860 22947-23121 PluginInstanceManager   com.android.systemui                 D  queryPkg com.yourname.smartrecorder com.android.systemui.action.PLUGIN_VOLUME
2025-11-27 02:05:56.861  1198-1293  LauncherAppsService     system_server                        D  Calling onPackageRemoved: com.yourname.smartrecorder, EXTRA_REPLACING: true
2025-11-27 02:05:56.861  1198-1293  LauncherAppsService     system_server                        D  Calling onPackageRemoved: com.yourname.smartrecorder, EXTRA_REPLACING: true
2025-11-27 02:05:56.862 14719-14719 SpayFw_Pac...teReceiver com.samsung.android.spayfw           I  PackageName : com.yourname.smartrecorder
2025-11-27 02:05:56.865  1706-1706  VvmPkgInstalledRcvr     com.android.phone                    I   NOT contains : com.yourname.smartrecorder
2025-11-27 02:05:56.871  4870-4870  SCS@AiSearch user 0     pid-4870                             I  (PackageBroadcastReceiver) packageName: com.yourname.smartrecorder
2025-11-27 02:05:56.871  4870-4870  SCS@AiSearch user 0     pid-4870                             I  (PackageBroadcastReceiver) Packages changed: [com.yourname.smartrecorder]
2025-11-27 02:05:56.871  4870-4870  SCS@AiSearch user 0     pid-4870                             I  (PackageBroadcastReceiver) packageName: com.yourname.smartrecorder
2025-11-27 02:05:56.871  4870-4870  SCS@AiSearch user 0     pid-4870                             I  (PackageBroadcastReceiver) Packages changed: [com.yourname.smartrecorder]
2025-11-27 02:05:56.878  1706-1706  VvmPkgInstalledRcvr     com.android.phone                    I   NOT contains : com.yourname.smartrecorder
2025-11-27 02:05:56.879  1706-1706  CarrierSvcBindHelper    com.android.phone                    D  onPackageUpdateFinished: com.yourname.smartrecorder
2025-11-27 02:05:56.880  1706-1706  CarrierSvcBindHelper    com.android.phone                    D  onPackageModified: com.yourname.smartrecorder
2025-11-27 02:05:56.885  1706-1706  ImsResolver             com.android.phone                    D  maybeAddedImsService, packageName: com.yourname.smartrecorder
2025-11-27 02:05:56.885  1706-1706  ImsResolver             com.android.phone                    D  maybeAddedImsService, packageName: com.yourname.smartrecorder
2025-11-27 02:05:56.901  4398-4398  AccountReloadObserver   com.samsung.android.dialer           I  [D] received action: android.intent.action.PACKAGE_REMOVED, dat: package:com.yourname.smartrecorder
2025-11-27 02:05:56.901  4398-4398  AccountReloadObserver   com.samsung.android.dialer           I  [D] received action: android.intent.action.PACKAGE_ADDED, dat: package:com.yourname.smartrecorder
2025-11-27 02:05:56.920 22947-23121 PluginInstanceManager   com.android.systemui                 D  queryPkg com.yourname.smartrecorder com.android.systemui.action.PLUGIN_QS_FACTORY
2025-11-27 02:05:56.920 22947-23121 PluginInstanceManager   com.android.systemui                 D  queryPkg com.yourname.smartrecorder com.android.systemui.action.PEOPLE_HUB_PERSON_EXTRACTOR
2025-11-27 02:05:56.920 22947-23121 PluginInstanceManager   com.android.systemui                 D  queryPkg com.yourname.smartrecorder com.android.systemui.action.PLUGIN_GLOBAL_ACTIONS
2025-11-27 02:05:56.920 22947-23121 PluginInstanceManager   com.android.systemui                 D  queryPkg com.yourname.smartrecorder com.android.systemui.action.PLUGIN_QS
2025-11-27 02:05:56.920 22947-23121 PluginInstanceManager   com.android.systemui                 D  queryPkg com.yourname.smartrecorder com.android.systemui.action.PLUGIN_CLOCK
2025-11-27 02:05:56.920 22947-23121 PluginInstanceManager   com.android.systemui                 D  queryPkg com.yourname.smartrecorder com.android.systemui.action.PLUGIN_LOCKSCREEN_RIGHT_BUTTON
2025-11-27 02:05:56.920 22947-23121 PluginInstanceManager   com.android.systemui                 D  queryPkg com.yourname.smartrecorder com.android.systemui.action.PLUGIN_LOCKSCREEN_RIGHT_BUTTON
2025-11-27 02:05:56.920 22947-23121 PluginInstanceManager   com.android.systemui                 D  queryPkg com.yourname.smartrecorder com.android.systemui.action.PLUGIN_LOCKSCREEN_LEFT_BUTTON
2025-11-27 02:05:56.920 22947-23121 PluginInstanceManager   com.android.systemui                 D  queryPkg com.yourname.smartrecorder com.android.systemui.action.PLUGIN_LOCKSCREEN_LEFT_BUTTON
2025-11-27 02:05:56.920 22947-23121 PluginInstanceManager   com.android.systemui                 D  queryPkg com.yourname.smartrecorder com.android.systemui.action.PLUGIN_NOTIFICATION_ASSISTANT
2025-11-27 02:05:56.921 22947-23121 PluginInstanceManager   com.android.systemui                 D  queryPkg com.yourname.smartrecorder com.android.systemui.action.PLUGIN_OVERLAY
2025-11-27 02:05:56.921 22947-23121 PluginInstanceManager   com.android.systemui                 D  queryPkg com.yourname.smartrecorder com.android.systemui.action.PLUGIN_CLOCK
2025-11-27 02:05:56.921 22947-23121 PluginInstanceManager   com.android.systemui                 D  queryPkg com.yourname.smartrecorder com.samsung.systemui.action.PLUGIN_FACE_WIDGET
2025-11-27 02:05:56.921 22947-23121 PluginInstanceManager   com.android.systemui                 D  queryPkg com.yourname.smartrecorder com.android.systemui.action.PLUGIN_SENSOR_MANAGER
2025-11-27 02:05:56.921 22947-23121 PluginInstanceManager   com.android.systemui                 D  queryPkg com.yourname.smartrecorder com.android.systemui.action.PLUGIN_NOTIFICATION_MENU_ROW
2025-11-27 02:05:56.921 22947-23121 PluginInstanceManager   com.android.systemui                 D  queryPkg com.yourname.smartrecorder com.android.systemui.action.PLUGIN_TOAST
2025-11-27 02:05:56.921 22947-23121 PluginInstanceManager   com.android.systemui                 D  queryPkg com.yourname.smartrecorder com.android.systemui.action.PLUGIN_AOD
2025-11-27 02:05:56.921 22947-23121 PluginInstanceManager   com.android.systemui                 D  queryPkg com.yourname.smartrecorder com.android.systemui.action.PLUGIN_VOLUME
2025-11-27 02:05:56.924 26784-5393  ProximityAuth           com.google.android.gms.persistent    I  [RecentAppsMediator] Package added: (user=UserHandle{0}) com.yourname.smartrecorder
2025-11-27 02:05:56.936  4879-4879  Routine@Co...gedHandler com.samsung.android.app.routines     I  Should not remove data true com.yourname.smartrecorder
2025-11-27 02:05:56.963  1198-1198  SGM:GameManager         system_server                        D  identifyGamePackage. com.yourname.smartrecorder, mCurrentUserId: 0, callerUserId: 0, callingMethodInfo: com.samsung.android.game.SemGameManager.isGamePackage(SemGameManager.java:104)
2025-11-27 02:05:56.963  1198-1198  SGM:PkgDataHelper       system_server                        D  getGamePkgData(). com.yourname.smartrecorder
2025-11-27 02:05:56.964  1198-1198  SGM:SemGameManager      system_server                        D  isGamePackage(), pkgName=com.yourname.smartrecorder, ret=false
2025-11-27 02:05:56.964  1198-1198  AppWidgetServiceImpl    system_server                        I  Received broadcast: android.intent.action.PACKAGE_ADDED, Updates all providers with com.yourname.smartrecorder, userId: 0
2025-11-27 02:05:56.965  1198-1198  DomainFilter            system_server                        I  packageAdded() - packageName: com.yourname.smartrecorder, uid: 0
2025-11-27 02:05:56.965  1198-1198  DualDARComnService      system_server                        D  reConnectAgentsByPkgName:: package: com.yourname.smartrecorder
2025-11-27 02:05:56.969  4879-4879  Routine@Co...LoaderImpl com.samsung.android.app.routines     I  collectInBackground - packageName:com.yourname.smartrecorder
2025-11-27 02:05:56.970  4879-4879  Routine@Co...yncBacklog com.samsung.android.app.routines     I  add: null + com.yourname.smartrecorder
2025-11-27 02:05:56.972  1198-1634  SGM:GameManager         system_server                        D  identifyGamePackage. com.yourname.smartrecorder, mCurrentUserId: 0, callerUserId: 0, callingMethodInfo: com.samsung.android.game.SemGameManager.isGamePackage(SemGameManager.java:104)
2025-11-27 02:05:56.972  1198-1634  SGM:PkgDataHelper       system_server                        D  getGamePkgData(). com.yourname.smartrecorder
2025-11-27 02:05:56.972  1198-1634  SGM:SemGameManager      system_server                        D  isGamePackage(), pkgName=com.yourname.smartrecorder, ret=false
2025-11-27 02:05:56.973  1198-1198  Telecom:Sa...stReceiver system_server                        I  action : android.intent.action.PACKAGE_ADDED / packageName : com.yourname.smartrecorder
2025-11-27 02:05:56.980  4870-4870  SCS@AiSearch user 0     pid-4870                             I  (PackageBroadcastReceiver) packageName: com.yourname.smartrecorder
2025-11-27 02:05:56.980  4870-4870  SCS@AiSearch user 0     pid-4870                             I  (PackageBroadcastReceiver) Packages changed: [com.yourname.smartrecorder]
2025-11-27 02:05:56.981  4870-4870  SCS@AiSearch user 0     pid-4870                             I  (PackageBroadcastReceiver) packageName: com.yourname.smartrecorder
2025-11-27 02:05:56.981  4870-4870  SCS@AiSearch user 0     pid-4870                             I  (PackageBroadcastReceiver) Packages changed: [com.yourname.smartrecorder]
2025-11-27 02:05:57.009  4879-4879  Routine@Co...LoaderImpl com.samsung.android.app.routines     I  collectInBackground - packageName:com.yourname.smartrecorder
2025-11-27 02:05:57.010  4879-4879  Routine@Co...yncBacklog com.samsung.android.app.routines     I  add: com.yourname.smartrecorder + com.yourname.smartrecorder
2025-11-27 02:05:57.011  1198-1198  SGM:GameManager         system_server                        D  identifyGamePackage. com.yourname.smartrecorder, mCurrentUserId: 0, callerUserId: 0, callingMethodInfo: com.samsung.android.game.SemGameManager.isGamePackage(SemGameManager.java:104)
2025-11-27 02:05:57.011  1198-1198  SGM:PkgDataHelper       system_server                        D  getGamePkgData(). com.yourname.smartrecorder
2025-11-27 02:05:57.011  1198-1198  SGM:SemGameManager      system_server                        D  isGamePackage(), pkgName=com.yourname.smartrecorder, ret=false
2025-11-27 02:05:57.011  1198-1198  AppWidgetServiceImpl    system_server                        I  Received broadcast: android.intent.action.PACKAGE_ADDED, Updates all providers with com.yourname.smartrecorder, userId: 95
2025-11-27 02:05:57.012  1198-1198  DomainFilter            system_server                        I  packageAdded() - packageName: com.yourname.smartrecorder, uid: 95
2025-11-27 02:05:57.012  1198-1198  DualDARComnService      system_server                        D  reConnectAgentsByPkgName:: package: com.yourname.smartrecorder
2025-11-27 02:05:57.013  1198-1198  Telecom:Sa...stReceiver system_server                        I  action : android.intent.action.PACKAGE_ADDED / packageName : com.yourname.smartrecorder
2025-11-27 02:05:57.018  1198-1198  DomainFilter            system_server                        I  packageReplaced() - packageName: com.yourname.smartrecorder oldUid: 10934 newUid:10934
2025-11-27 02:05:57.024  1198-1198  DomainFilter            system_server                        I  packageReplaced() - packageName: com.yourname.smartrecorder oldUid: 9510934 newUid:9510934
2025-11-27 02:05:57.025  1198-1198  AlarmManager            system_server                        W  Package com.yourname.smartrecorder, uid 10934 lost permission to set exact alarms!
2025-11-27 02:05:57.039  1198-1198  ApplicationPolicy       system_server                        D  No updatable permission to DENY found for com.yourname.smartrecorder(0)
2025-11-27 02:05:57.039  1198-1198  ApplicationPolicy       system_server                        D  No updatable permission to GRANT found for com.yourname.smartrecorder(0)
2025-11-27 02:05:57.041  1198-1198  AlarmManager            system_server                        W  Package com.yourname.smartrecorder, uid 9510934 lost permission to set exact alarms!
2025-11-27 02:05:57.053 22947-22947 FaceWidget...cViewModel com.android.systemui                 D  onPackageRemoved() pkg = com.yourname.smartrecorder, r = true
2025-11-27 02:05:57.055 22947-22947 FaceWidget...dataParser com.android.systemui                 D  removePackage() key = com.yourname.smartrecorder
2025-11-27 02:05:57.055 22947-22947 FaceWidget...dataParser com.android.systemui                 D  updatePackage() com.yourname.smartrecorder true
2025-11-27 02:05:57.056 22947-22947 FaceWidget...dataParser com.android.systemui                 D  removePackage() key = com.yourname.smartrecorder
2025-11-27 02:05:57.079  1198-1707  SGM:GameManager         system_server                        D  identifyGamePackage. com.yourname.smartrecorder, mCurrentUserId: 0, callerUserId: 0, callingMethodInfo: com.samsung.android.game.SemGameManager.isGamePackage(SemGameManager.java:104)
2025-11-27 02:05:57.079  1198-1707  SGM:PkgDataHelper       system_server                        D  getGamePkgData(). com.yourname.smartrecorder
2025-11-27 02:05:57.079  1198-1707  SGM:SemGameManager      system_server                        D  isGamePackage(), pkgName=com.yourname.smartrecorder, ret=false
2025-11-27 02:05:57.079  1198-1707  Pageboost               system_server                        I  appinfo : com.yourname.smartrecorder 0 0 0 0
2025-11-27 02:05:57.107  1198-1634  SemWifiTra...LayerUtils system_server                        W  getApplicationCategory - IOException com.yourname.smartrecorder
2025-11-27 02:05:57.107  1198-1634  System.err              system_server                        W  java.io.FileNotFoundException: https://play.google.com/store/apps/details?id=com.yourname.smartrecorder&hl=en
2025-11-27 02:05:57.117  4879-4879  Routine@Co...JobService com.samsung.android.app.routines     I  onStartJob: collectPackageInBG - com.yourname.smartrecorder
2025-11-27 02:05:57.118  4879-4879  Routine@Co...JobService com.samsung.android.app.routines     I  packageName : com.yourname.smartrecorder, forced : true
2025-11-27 02:05:57.119  4879-18272 Routine@Co...oadManager com.samsung.android.app.routines     I  collect: com.yourname.smartrecorder
2025-11-27 02:05:57.119  4879-18272 Routine@Co...oadManager com.samsung.android.app.routines     I  collectWithCollectors - com.yourname.smartrecorder
2025-11-27 02:05:57.146  1198-1707  SGM:GameManager         system_server                        D  identifyGamePackage. com.yourname.smartrecorder, mCurrentUserId: 0, callerUserId: 0, callingMethodInfo: com.samsung.android.game.SemGameManager.isGamePackage(SemGameManager.java:104)
2025-11-27 02:05:57.146  1198-1707  SGM:PkgDataHelper       system_server                        D  getGamePkgData(). com.yourname.smartrecorder
2025-11-27 02:05:57.146  1198-1707  SGM:SemGameManager      system_server                        D  isGamePackage(), pkgName=com.yourname.smartrecorder, ret=false
2025-11-27 02:05:57.146  1198-1707  Pageboost               system_server                        I  Reset this app info : com.yourname.smartrecorder 
2025-11-27 02:05:57.147  1198-1707  Pageboost               system_server                        I  add app to global @ runtime: com.yourname.smartrecorder
2025-11-27 02:05:57.168 32227-32227 Finsky                  com.android.vending                  I  [2] AIM: AppInfoCacheUpdater -> invalidating apps: [com.yourname.smartrecorder]
2025-11-27 02:05:57.169 32227-32278 Finsky                  com.android.vending                  I  [11294] AIM: AppInfoManager-Perf > OnDeviceAppInfo > cacheHitCount=0, cacheMissCount=1. Missed  in cache (limit 10) : [com.yourname.smartrecorder]
2025-11-27 02:05:57.217  1198-1634  SGM:GameManager         system_server                        D  identifyGamePackage. com.yourname.smartrecorder, mCurrentUserId: 0, callerUserId: 0, callingMethodInfo: com.samsung.android.game.SemGameManager.isGamePackage(SemGameManager.java:104)
2025-11-27 02:05:57.217  1198-1634  SGM:PkgDataHelper       system_server                        D  getGamePkgData(). com.yourname.smartrecorder
2025-11-27 02:05:57.217  1198-1634  SGM:SemGameManager      system_server                        D  isGamePackage(), pkgName=com.yourname.smartrecorder, ret=false
2025-11-27 02:05:57.267 32227-32227 Finsky                  com.android.vending                  I  [2] AIM: AppInfoCacheUpdater -> invalidating apps: [com.yourname.smartrecorder]
2025-11-27 02:05:57.268 32227-32299 Finsky                  com.android.vending                  I  [11301] AIM: AppInfoManager-Perf > OnDeviceAppInfo > cacheHitCount=0, cacheMissCount=1. Missed  in cache (limit 10) : [com.yourname.smartrecorder]
2025-11-27 02:05:57.323 32412-32412 Finsky:background       pid-32412                            I  [2] IQ: onPackageRemoved com.yourname.smartrecorder, replacing=true, uninstallingFromPlay=false
2025-11-27 02:05:57.323  4879-4879  Routine@Co...JobService com.samsung.android.app.routines     I  metadataLoadingFinished: collectPackageInBG - com.yourname.smartrecorder
2025-11-27 02:05:57.341 30862-5452  ProximityAuth           com.google.android.gms.persistent    I  [RecentAppsMediator] Package added: (user=UserHandle{95}) com.yourname.smartrecorder
2025-11-27 02:05:57.400  1198-1363  VerityUtils             system_server                        E  Failed to measure fs-verity, errno 25: /data/app/~~eo24jS9a_YplvdkpEBvXCg==/com.yourname.smartrecorder-EcncNiemMmPi6QNdt1OaoQ==/base.apk
2025-11-27 02:05:57.528  1198-1363  VerityUtils             system_server                        E  Failed to measure fs-verity, errno 25: /data/app/~~eo24jS9a_YplvdkpEBvXCg==/com.yourname.smartrecorder-EcncNiemMmPi6QNdt1OaoQ==/base.apk
2025-11-27 02:05:57.565 31461-5464  SQLiteLog               com.google.android.gms               W  (28) double-quoted string literal: "com.yourname.smartrecorder"
2025-11-27 02:05:57.590  2878-2878  FILP/Packa...ntReceiver pid-2878                             I  pkgName : com.yourname.smartrecorder
2025-11-27 02:05:57.600  2878-2878  FILP/Packa...ntReceiver pid-2878                             I  pkgName : com.yourname.smartrecorder
2025-11-27 02:05:57.608  1198-1363  VerityUtils             system_server                        E  Failed to measure fs-verity, errno 25: /data/app/~~eo24jS9a_YplvdkpEBvXCg==/com.yourname.smartrecorder-EcncNiemMmPi6QNdt1OaoQ==/base.apk
2025-11-27 02:05:57.617 31366-5449  SQLiteLog               pid-31366                            W  (28) double-quoted string literal: "com.yourname.smartrecorder"
2025-11-27 02:05:57.623  2878-5519  FILP/b                  pid-2878                             I  removeFromFS : com.yourname.smartrecorder, cursor size : 0
2025-11-27 02:05:57.624  2878-5519  FILP/b                  pid-2878                             I  Delete DB result : com.yourname.smartrecorder, 0
2025-11-27 02:05:57.655  1198-1293  SGM:GameManager         system_server                        I  PkgUpdateReceiver, onPackageAdded : com.yourname.smartrecorder userHandle : UserHandle{0} userId : 0
2025-11-27 02:05:57.656  1198-1540  SGM:GosNotifyThread     system_server                        D  notifyPackageChangedToGos(), before send intent to GOS. type:15, changeType: 0, pkgName:com.yourname.smartrecorder, userHandleId:0
2025-11-27 02:05:57.855  2273-5523  GOS:GameIntentService   pid-2273                             I  onHandleIntent. GameIntentService. type: 15, pkgName: com.yourname.smartrecorder
2025-11-27 02:05:58.004  1198-1293  Enterprise...gerService system_server                        D  onPackageUpdateFinished - packageName: com.yourname.smartrecorder, uid: 10934
2025-11-27 02:05:58.005  1198-1293  MetaDataCollector       system_server                        D  onReceive: done pkgName=com.yourname.smartrecorder
2025-11-27 02:05:58.006  2188-2188  Launcher.Model          com.sec.android.app.launcher         I  package changed received : com.yourname.smartrecorder
2025-11-27 02:05:58.007 14462-14767 SAMSUNGWALLET           com.samsung.android.spay             I  [Hint_SimpleHintProcessMonitor] package changed : com.yourname.smartrecorder , execute : true
2025-11-27 02:05:58.007  2188-2465  PackageUpdatedTask      com.sec.android.app.launcher         I  mAllAppsList.updatePackage com.yourname.smartrecorder
2025-11-27 02:05:58.025  2188-2465  AppIconSolution         com.sec.android.app.launcher         I  getThemeIconWithBG called with public API, pkg = com.yourname.smartrecorder, mode = 48
2025-11-27 02:05:58.026  2188-2465  AppIconSolution         com.sec.android.app.launcher         I  return adaptive icon for com.yourname.smartrecorder, isNight = false
2025-11-27 02:05:58.028  1198-1293  SGM:GameManager         system_server                        I  PkgUpdateReceiver, onPackageAdded : com.yourname.smartrecorder userHandle : UserHandle{95} userId : 95
2025-11-27 02:05:58.029  1198-1540  SGM:GosNotifyThread     system_server                        D  notifyPackageChangedToGos(), before send intent to GOS. type:15, changeType: 0, pkgName:com.yourname.smartrecorder, userHandleId:95
2025-11-27 02:05:58.030  2188-2465  LauncherActivityInfo    com.sec.android.app.launcher         I  packageName: com.yourname.smartrecorder, useThemeIcon: false, height: 252, width: 252, density: 640
2025-11-27 02:05:58.041  1198-1293  Enterprise...gerService system_server                        D  onPackageUpdateFinished - packageName: com.yourname.smartrecorder, uid: 9510934
2025-11-27 02:05:58.042  1198-1293  MetaDataCollector       system_server                        D  onReceive: done pkgName=com.yourname.smartrecorder
2025-11-27 02:05:58.042 14462-14767 SAMSUNGWALLET           com.samsung.android.spay             I  [Hint_SimpleHintProcessMonitor] package changed : com.yourname.smartrecorder , execute : false
2025-11-27 02:05:58.043  2188-2188  Launcher.Model          com.sec.android.app.launcher         I  package changed received : com.yourname.smartrecorder
2025-11-27 02:05:58.046  1198-1293  SGM:GameManager         system_server                        I  PkgUpdateReceiver, onPackageReplaced : com.yourname.smartrecorder userID : UserHandle{0}
2025-11-27 02:05:58.046  1198-1293  MetaDataCollector       system_server                        D  onReceive: done pkgName=com.yourname.smartrecorder
2025-11-27 02:05:58.046  1198-1540  SGM:GosNotifyThread     system_server                        D  notifyPackageChangedToGos(), before send intent to GOS. type:15, changeType: 8, pkgName:com.yourname.smartrecorder, userHandleId:0
2025-11-27 02:05:58.046  1198-1293  SGM:GameManager         system_server                        I  PkgUpdateReceiver, onPackageReplaced : com.yourname.smartrecorder userID : UserHandle{95}
2025-11-27 02:05:58.046  1198-1293  MetaDataCollector       system_server                        D  onReceive: done pkgName=com.yourname.smartrecorder
2025-11-27 02:05:58.052  1198-1540  SGM:GosNotifyThread     system_server                        D  notifyPackageChangedToGos(), before send intent to GOS. type:15, changeType: 8, pkgName:com.yourname.smartrecorder, userHandleId:95
2025-11-27 02:05:58.150  2188-2465  HsAllAppsList           com.sec.android.app.launcher         I  set ComponentInfo{com.yourname.smartrecorder/com.yourname.smartrecorder.MainActivity} app progress level to 100
2025-11-27 02:05:58.226  1198-1363  VerityUtils             system_server                        E  Failed to measure fs-verity, errno 25: /data/app/~~eo24jS9a_YplvdkpEBvXCg==/com.yourname.smartrecorder-EcncNiemMmPi6QNdt1OaoQ==/base.apk
2025-11-27 02:05:58.239  2188-2465  AppIconSolution         com.sec.android.app.launcher         I  return adaptive icon for com.yourname.smartrecorder, isNight = false
2025-11-27 02:05:58.294  2188-2465  PackageUpdatedTask      com.sec.android.app.launcher         I  modified, appInfo : AppInfo(id=1670 type=APP hidden=0 container=all_apps screen=4 rank=10 rankOfList=-1 user=UserHandle{0} title=Smart Recorder componentName=ComponentInfo{com.yourname.smartrecorder/com.yourname.smartrecorder.MainActivity} screenType=0 runtimeStatusFlags=384 status=0)
2025-11-27 02:05:58.481  2188-2465  PackageUpdatedTask      com.sec.android.app.launcher         I  mAllAppsList.updatePackage com.yourname.smartrecorder
2025-11-27 02:05:58.507  2188-2465  AppIconSolution         com.sec.android.app.launcher         I  getThemeIconWithBG called with public API, pkg = com.yourname.smartrecorder, mode = 48
2025-11-27 02:05:58.507  2188-2465  AppIconSolution         com.sec.android.app.launcher         I  return adaptive icon for com.yourname.smartrecorder, isNight = false
2025-11-27 02:05:58.535  2188-2465  LauncherActivityInfo    com.sec.android.app.launcher         I  packageName: com.yourname.smartrecorder, useThemeIcon: false, height: 252, width: 252, density: 640
2025-11-27 02:05:58.571  2188-2465  HsAllAppsList           com.sec.android.app.launcher         I  set ComponentInfo{com.yourname.smartrecorder/com.yourname.smartrecorder.MainActivity} app progress level to 100
2025-11-27 02:05:58.577  2273-5523  GOS:GameIntentService   pid-2273                             I  onPackageChanged(). extras: Bundle[{changeType=0, userId=0, pkgName=com.yourname.smartrecorder, type=15, packageName=com.yourname.smartrecorder}]
2025-11-27 02:05:58.577  2273-5523  GOS:GameIntentService   pid-2273                             I  onPackageChanged(). changeType(INSTALLED), pkgName(com.yourname.smartrecorder), UserHandle(0), userId(0), Installed(true)
2025-11-27 02:05:58.578  2273-5523  GOS:GameIntentService   pid-2273                             I  onPkgInstalled(), appInfoCategory: -1, packageName: com.yourname.smartrecorder
2025-11-27 02:05:58.582  2273-5523  GOS:GameIntentService   pid-2273                             I  onHandleIntent. GameIntentService. type: 15, pkgName: com.yourname.smartrecorder
2025-11-27 02:05:58.582  2273-5523  GOS:GameIntentService   pid-2273                             I  onPackageChanged(). extras: Bundle[{changeType=8, userId=0, pkgName=com.yourname.smartrecorder, type=15, packageName=com.yourname.smartrecorder}]
2025-11-27 02:05:58.582  2273-5523  GOS:GameIntentService   pid-2273                             I  onPackageChanged(). changeType(REPLACED), pkgName(com.yourname.smartrecorder), UserHandle(0), userId(0), Installed(true)
2025-11-27 02:05:58.588  2188-2465  AppIconSolution         com.sec.android.app.launcher         I  return adaptive icon for com.yourname.smartrecorder, isNight = false
2025-11-27 02:05:58.643  2188-2465  PackageUpdatedTask      com.sec.android.app.launcher         I  modified, appInfo : AppInfo(id=1671 type=APP hidden=0 container=all_apps screen=4 rank=11 rankOfList=-1 user=UserHandle{95} title=Smart Recorder componentName=ComponentInfo{com.yourname.smartrecorder/com.yourname.smartrecorder.MainActivity} screenType=0 runtimeStatusFlags=128 status=0)
2025-11-27 02:05:58.723  2188-2465  SuggestedItemsFacade    com.sec.android.app.launcher         I  DPS items : Smart Recorder, ComponentInfo{com.yourname.smartrecorder/com.yourname.smartrecorder.MainActivity}
2025-11-27 02:06:00.395  1198-1284  CompanionD...gerService system_server                        I  onPackageModified() u0/com.yourname.smartrecorder
2025-11-27 02:06:00.395  1198-1284  CompanionD...gerService system_server                        I  onPackageModified() u95/com.yourname.smartrecorder
2025-11-27 02:07:00.633  1198-1376  AppsFilter              system_server                        I  interaction: PackageSetting{55da284 com.yourname.smartrecorder/10934} -> PackageSetting{3d30c88 com.app.numerology/10936} BLOCKED
2025-11-27 02:07:00.649  1198-1376  AppsFilter              system_server                        I  interaction: PackageSetting{55da284 com.yourname.smartrecorder/10934} -> PackageSetting{3d30c88 com.app.numerology/10936} BLOCKED
2025-11-27 02:07:00.650  1198-1376  AppsFilter              system_server                        I  interaction: PackageSetting{55da284 com.yourname.smartrecorder/10934} -> PackageSetting{3d30c88 com.app.numerology/10936} BLOCKED
2025-11-27 02:07:07.166  2188-2465  AppInfo                 com.sec.android.app.launcher         I  set ComponentInfo{com.yourname.smartrecorder/com.yourname.smartrecorder.MainActivity} app progress level to 100
2025-11-27 02:07:07.175  2188-2465  SuggestedItemsFacade    com.sec.android.app.launcher         I  DPS items : Smart Recorder, ComponentInfo{com.yourname.smartrecorder/com.yourname.smartrecorder.MainActivity}
2025-11-27 02:07:07.175  2188-2465  SuggestedItemsFacade    com.sec.android.app.launcher         I  DPS items : Smart Recorder, ComponentInfo{com.yourname.smartrecorder/com.yourname.smartrecorder.MainActivity}
2025-11-27 02:07:17.088  1198-1376  AppsFilter              system_server                        I  interaction: PackageSetting{25645e8 com.yourname.smartrecorder/10934} -> PackageSetting{3e27491 com.app.numerology/10937} BLOCKED
2025-11-27 02:07:17.088  1198-1376  AppsFilter              system_server                        I  interaction: PackageSetting{25645e8 com.yourname.smartrecorder/10934} -> PackageSetting{3e27491 com.app.numerology/10937} BLOCKED
2025-11-27 02:07:18.078  2188-2465  AppInfo                 com.sec.android.app.launcher         I  set ComponentInfo{com.yourname.smartrecorder/com.yourname.smartrecorder.MainActivity} app progress level to 100
2025-11-27 02:07:19.847  1198-1198  AppsFilter              system_server                        I  interaction: PackageSetting{25645e8 com.yourname.smartrecorder/10934} -> PackageSetting{d47a989 com.app.numerology/10937} BLOCKED
2025-11-27 02:07:20.968  2188-2465  AppInfo                 com.sec.android.app.launcher         I  set ComponentInfo{com.yourname.smartrecorder/com.yourname.smartrecorder.MainActivity} app progress level to 100
2025-11-27 02:07:20.973  2188-2465  SuggestedItemsFacade    com.sec.android.app.launcher         I  DPS items : Smart Recorder, ComponentInfo{com.yourname.smartrecorder/com.yourname.smartrecorder.MainActivity}
2025-11-27 02:07:20.973  2188-2465  SuggestedItemsFacade    com.sec.android.app.launcher         I  DPS items : Smart Recorder, ComponentInfo{com.yourname.smartrecorder/com.yourname.smartrecorder.MainActivity}
2025-11-27 02:07:21.195  2188-2465  GameLauncherManagerImp  com.sec.android.app.launcher         I  com.yourname.smartrecorder does not contain game list
2025-11-27 02:07:21.195  2188-2465  GameLauncherManagerImp  com.sec.android.app.launcher         I  com.yourname.smartrecorder does not contain game list
2025-11-27 02:10:09.197  1198-1376  AppsFilter              system_server                        I  interaction: PackageSetting{25645e8 com.yourname.smartrecorder/10934} -> PackageSetting{15619a2 com.facebook.appmanager/10217} BLOCKED
2025-11-27 02:12:35.393  1198-1375  PackageManager          system_server                        I  START INSTALL PACKAGE: observer{193028150}
                                                                                                              stagedDir{/data/app/vmdl1308290830.tmp}
                                                                                                              stagedCid{null}
                                                                                                              pkg{com.yourname.smartrecorder}
                                                                                                              Request from{null}
2025-11-27 02:12:35.424  1198-1294  ActivityManager         system_server                        I  Force stopping com.yourname.smartrecorder appid=10934 user=-1: installPackageLI
2025-11-27 02:12:35.426  1198-1376  PackageManager          system_server                        I  Update package com.yourname.smartrecorder code path from /data/app/~~eo24jS9a_YplvdkpEBvXCg==/com.yourname.smartrecorder-EcncNiemMmPi6QNdt1OaoQ== to /data/app/~~LPPe51t0NU81R7VL5jvuxg==/com.yourname.smartrecorder-l5AKKN05vWaNJ59WexboSA==; Retain data and using new
2025-11-27 02:12:35.426  1198-1376  PersonaServiceHelper    system_server                        D  in trim for persona 150 setting false PackageSetting{438400e com.yourname.smartrecorder/10934} com.yourname.smartrecorder
2025-11-27 02:12:35.431  1198-1376  AppsFilter              system_server                        I  interaction: PackageSetting{7b17396 com.example.realtalkenglishwithAI/10912} -> PackageSetting{84bba2f com.yourname.smartrecorder/10934} BLOCKED
2025-11-27 02:12:35.431  1198-1376  AppsFilter              system_server                        I  interaction: PackageSetting{8dcce7c com.marketsnap.app/10921} -> PackageSetting{84bba2f com.yourname.smartrecorder/10934} BLOCKED
2025-11-27 02:12:35.431  1198-1376  AppsFilter              system_server                        I  interaction: PackageSetting{a52c83c com.app.numerology/10937} -> PackageSetting{84bba2f com.yourname.smartrecorder/10934} BLOCKED
2025-11-27 02:12:35.432  1198-1376  AppsFilter              system_server                        I  interaction: PackageSetting{7b17396 com.example.realtalkenglishwithAI/10912} -> PackageSetting{84bba2f com.yourname.smartrecorder/10934} BLOCKED
2025-11-27 02:12:35.432  1198-1376  AppsFilter              system_server                        I  interaction: PackageSetting{8dcce7c com.marketsnap.app/10921} -> PackageSetting{84bba2f com.yourname.smartrecorder/10934} BLOCKED
2025-11-27 02:12:35.432  1198-1376  AppsFilter              system_server                        I  interaction: PackageSetting{a52c83c com.app.numerology/10937} -> PackageSetting{84bba2f com.yourname.smartrecorder/10934} BLOCKED
2025-11-27 02:12:35.432  1198-1376  AppsFilter              system_server                        I  interaction: PackageSetting{7b17396 com.example.realtalkenglishwithAI/10912} -> PackageSetting{84bba2f com.yourname.smartrecorder/10934} BLOCKED
2025-11-27 02:12:35.432  1198-1376  AppsFilter              system_server                        I  interaction: PackageSetting{8dcce7c com.marketsnap.app/10921} -> PackageSetting{84bba2f com.yourname.smartrecorder/10934} BLOCKED
2025-11-27 02:12:35.432  1198-1376  AppsFilter              system_server                        I  interaction: PackageSetting{a52c83c com.app.numerology/10937} -> PackageSetting{84bba2f com.yourname.smartrecorder/10934} BLOCKED
2025-11-27 02:12:35.433  1198-1376  AppsFilter              system_server                        I  interaction: PackageSetting{7b17396 com.example.realtalkenglishwithAI/10912} -> PackageSetting{55da284 com.yourname.smartrecorder/10934} BLOCKED
2025-11-27 02:12:35.433  1198-1376  AppsFilter              system_server                        I  interaction: PackageSetting{8dcce7c com.marketsnap.app/10921} -> PackageSetting{55da284 com.yourname.smartrecorder/10934} BLOCKED
2025-11-27 02:12:35.433  1198-1376  AppsFilter              system_server                        I  interaction: PackageSetting{a52c83c com.app.numerology/10937} -> PackageSetting{55da284 com.yourname.smartrecorder/10934} BLOCKED
2025-11-27 02:12:35.433  1198-1376  AppsFilter              system_server                        I  interaction: PackageSetting{7b17396 com.example.realtalkenglishwithAI/10912} -> PackageSetting{55da284 com.yourname.smartrecorder/10934} BLOCKED
2025-11-27 02:12:35.433  1198-1376  AppsFilter              system_server                        I  interaction: PackageSetting{8dcce7c com.marketsnap.app/10921} -> PackageSetting{55da284 com.yourname.smartrecorder/10934} BLOCKED
2025-11-27 02:12:35.433  1198-1376  AppsFilter              system_server                        I  interaction: PackageSetting{a52c83c com.app.numerology/10937} -> PackageSetting{55da284 com.yourname.smartrecorder/10934} BLOCKED
2025-11-27 02:12:35.433  1198-1376  AppsFilter              system_server                        I  interaction: PackageSetting{7b17396 com.example.realtalkenglishwithAI/10912} -> PackageSetting{55da284 com.yourname.smartrecorder/10934} BLOCKED
2025-11-27 02:12:35.433  1198-1376  AppsFilter              system_server                        I  interaction: PackageSetting{8dcce7c com.marketsnap.app/10921} -> PackageSetting{55da284 com.yourname.smartrecorder/10934} BLOCKED
2025-11-27 02:12:35.433  1198-1376  AppsFilter              system_server                        I  interaction: PackageSetting{a52c83c com.app.numerology/10937} -> PackageSetting{55da284 com.yourname.smartrecorder/10934} BLOCKED
2025-11-27 02:12:35.990   994-1079  cutils                  installd                             E  Failed to open(/data/misc/profiles/cur/150/com.yourname.smartrecorder/primary.prof): No such file or directory
2025-11-27 02:12:35.990   994-1079  installd                installd                             E  Failed to prepare /data/misc/profiles/cur/150/com.yourname.smartrecorder/primary.prof: No such file or directory
2025-11-27 02:12:35.990  1198-1376  ArtManagerService       system_server                        E  Failed to prepare profile for com.yourname.smartrecorder:/data/app/~~LPPe51t0NU81R7VL5jvuxg==/com.yourname.smartrecorder-l5AKKN05vWaNJ59WexboSA==/base.apk
2025-11-27 02:12:35.991  1198-1376  AppsFilter              system_server                        I  interaction: PackageSetting{7b17396 com.example.realtalkenglishwithAI/10912} -> PackageSetting{55da284 com.yourname.smartrecorder/10934} BLOCKED
2025-11-27 02:12:35.991  1198-1376  AppsFilter              system_server                        I  interaction: PackageSetting{8dcce7c com.marketsnap.app/10921} -> PackageSetting{55da284 com.yourname.smartrecorder/10934} BLOCKED
2025-11-27 02:12:35.991  1198-1376  AppsFilter              system_server                        I  interaction: PackageSetting{a52c83c com.app.numerology/10937} -> PackageSetting{55da284 com.yourname.smartrecorder/10934} BLOCKED
2025-11-27 02:12:35.991  1198-1376  AppsFilter              system_server                        I  interaction: PackageSetting{7b17396 com.example.realtalkenglishwithAI/10912} -> PackageSetting{55da284 com.yourname.smartrecorder/10934} BLOCKED
2025-11-27 02:12:35.991  1198-1376  AppsFilter              system_server                        I  interaction: PackageSetting{8dcce7c com.marketsnap.app/10921} -> PackageSetting{55da284 com.yourname.smartrecorder/10934} BLOCKED
2025-11-27 02:12:35.991  1198-1376  AppsFilter              system_server                        I  interaction: PackageSetting{a52c83c com.app.numerology/10937} -> PackageSetting{55da284 com.yourname.smartrecorder/10934} BLOCKED
2025-11-27 02:12:36.009  1198-1376  ActivityManager         system_server                        I  Force stopping com.yourname.smartrecorder appid=10934 user=95: pkg removed
2025-11-27 02:12:36.014  1198-1376  ActivityManager         system_server                        I  Force stopping com.yourname.smartrecorder appid=10934 user=0: pkg removed
2025-11-27 02:12:36.049  1198-1293  SGM:GameManager         system_server                        I  PkgUpdateReceiver, onPackageRemoved : com.yourname.smartrecorder userHandle : UserHandle{95} userID : 95
2025-11-27 02:12:36.049  1198-1293  MetaDataCollector       system_server                        D  onReceive: done pkgName=com.yourname.smartrecorder
2025-11-27 02:12:36.050  1198-1446  OverlayManager          system_server                        D  reconcileSettingsForPackage pkgName=com.yourname.smartrecorder userId=95
2025-11-27 02:12:36.050  1198-1446  OverlayManager          system_server                        I  updateOverlaysForTarget() called with: targetPackage = [com.yourname.smartrecorder], userId = [95], flags = [2], skipUpdateState = [false]
2025-11-27 02:12:36.050  1198-1446  OverlayManager          system_server                        D  reconcileSettingsForPackage pkgName=com.yourname.smartrecorder userId=0
2025-11-27 02:12:36.050  1198-1446  OverlayManager          system_server                        I  updateOverlaysForTarget() called with: targetPackage = [com.yourname.smartrecorder], userId = [0], flags = [2], skipUpdateState = [false]
2025-11-27 02:12:36.053  1198-1540  SGM:GosNotifyThread     system_server                        D  notifyPackageChangedToGos(), before send intent to GOS. type:15, changeType: 1, pkgName:com.yourname.smartrecorder, userHandleId:95
2025-11-27 02:12:36.057  1706-1706  VvmPkgInstalledRcvr     com.android.phone                    I  packageName: com.yourname.smartrecorder, systemDialer: com.samsung.android.dialer
2025-11-27 02:12:36.067  4089-4089  MediaProvider           com...ndroid.providers.media.module  W  WorkProfileOwnerApps cache miss for package com.yourname.smartrecorder
2025-11-27 02:12:36.067  1706-1706  VvmPkgInstalledRcvr     com.android.phone                    I   NOT contains : com.yourname.smartrecorder
2025-11-27 02:12:36.088  1198-1647  SdkSandboxManager       system_server                        I  No SDKs used. Skipping SDK data reconcilation for CallingInfo{mUid=10934, mPackageName='com.yourname.smartrecorder, mAppProcessToken='null'}
2025-11-27 02:12:36.089  1198-1446  OverlayManager          system_server                        D  reconcileSettingsForPackage pkgName=com.yourname.smartrecorder userId=0
2025-11-27 02:12:36.089  1198-1446  OverlayManager          system_server                        I  updateOverlaysForTarget() called with: targetPackage = [com.yourname.smartrecorder], userId = [0], flags = [0], skipUpdateState = [false]
2025-11-27 02:12:36.089  1198-1446  SWT_ThemeManager        system_server                        I  com.yourname.smartrecorder doesn't have metadata
2025-11-27 02:12:36.091  1198-1446  OverlayManager          system_server                        D  reconcileSettingsForPackage pkgName=com.yourname.smartrecorder userId=95
2025-11-27 02:12:36.091  1198-1446  OverlayManager          system_server                        I  updateOverlaysForTarget() called with: targetPackage = [com.yourname.smartrecorder], userId = [95], flags = [0], skipUpdateState = [false]
2025-11-27 02:12:36.091  1198-1446  SWT_ThemeManager        system_server                        I  com.yourname.smartrecorder doesn't have metadata
2025-11-27 02:12:36.092  1198-1647  SdkSandboxManager       system_server                        I  No SDKs used. Skipping SDK data reconcilation for CallingInfo{mUid=9510934, mPackageName='com.yourname.smartrecorder, mAppProcessToken='null'}
2025-11-27 02:12:36.104  1198-1647  SdkSandboxManager       system_server                        I  No SDKs used. Skipping SDK data reconcilation for CallingInfo{mUid=10934, mPackageName='com.yourname.smartrecorder, mAppProcessToken='null'}
2025-11-27 02:12:36.104  1198-1647  SdkSandboxManager       system_server                        I  No SDKs used. Skipping SDK data reconcilation for CallingInfo{mUid=9510934, mPackageName='com.yourname.smartrecorder, mAppProcessToken='null'}
2025-11-27 02:12:36.106  2712-2779  PackageInfoManager_FLP  com.sec.location.nsflp2              I  action : ACTION_PACKAGE_REMOVED, packageName = com.yourname.smartrecorder
2025-11-27 02:12:36.107  2712-2779  PackageInfoManager_FLP  com.sec.location.nsflp2              I  action : ACTION_PACKAGE_ADDED, packageName = com.yourname.smartrecorder
2025-11-27 02:12:36.115 14719-14719 SpayFw_Pac...teReceiver com.samsung.android.spayfw           I  PackageName : com.yourname.smartrecorder
2025-11-27 02:12:36.123  4158-4158  [AirCmd]_R...ionManager com...ng.android.service.aircommand  I  onPackageChangeDetected : com.yourname.smartrecorder
2025-11-27 02:12:36.131  1198-1198  DomainFilter            system_server                        I  packageRemoved() - packageName: com.yourname.smartrecorder uid: 95
2025-11-27 02:12:36.147  1198-1198  SdpManagerImpl.receiver system_server                        D  On android.intent.action.PACKAGE_REMOVED : DATA = package:com.yourname.smartrecorder, UID = 10934, UserId = 0, Is replacing? true
2025-11-27 02:12:36.147  1198-1198  DomainFilter            system_server                        I  packageRemoved() - packageName: com.yourname.smartrecorder uid: 0
2025-11-27 02:12:36.147  1198-1198  Telecom                 system_server                        I  CarModeTracker: Package com.yourname.smartrecorder is not tracked.: SSH.oR@QS0
2025-11-27 02:12:36.148  1198-1707  Pageboost               system_server                        I  remove app @ runtime : com.yourname.smartrecorder
2025-11-27 02:12:36.159  4398-4398  AccountReloadObserver   com.samsung.android.dialer           I  [D] received action: android.intent.action.PACKAGE_REMOVED, dat: package:com.yourname.smartrecorder
2025-11-27 02:12:36.182  1198-1293  SGM:GameManager         system_server                        I  PkgUpdateReceiver, onPackageRemoved : com.yourname.smartrecorder userHandle : UserHandle{0} userID : 0
2025-11-27 02:12:36.182  1198-1540  SGM:GosNotifyThread     system_server                        D  notifyPackageChangedToGos(), before send intent to GOS. type:15, changeType: 1, pkgName:com.yourname.smartrecorder, userHandleId:0
2025-11-27 02:12:36.183  1198-1293  MetaDataCollector       system_server                        D  onReceive: done pkgName=com.yourname.smartrecorder
2025-11-27 02:12:36.186  1198-1293  LauncherAppsService     system_server                        D  Calling onPackageRemoved: com.yourname.smartrecorder, EXTRA_REPLACING: true
2025-11-27 02:12:36.186  1198-1293  LauncherAppsService     system_server                        D  Calling onPackageRemoved: com.yourname.smartrecorder, EXTRA_REPLACING: true
2025-11-27 02:12:36.187  1706-1706  VvmPkgInstalledRcvr     com.android.phone                    I   NOT contains : com.yourname.smartrecorder
2025-11-27 02:12:36.190  1706-1706  CarrierSvcBindHelper    com.android.phone                    D  onPackageUpdateFinished: com.yourname.smartrecorder
2025-11-27 02:12:36.191  1706-1706  CarrierSvcBindHelper    com.android.phone                    D  onPackageModified: com.yourname.smartrecorder
2025-11-27 02:12:36.192  1706-1706  VvmPkgInstalledRcvr     com.android.phone                    I  packageName: com.yourname.smartrecorder, systemDialer: com.samsung.android.dialer
2025-11-27 02:12:36.208 22947-23121 PluginInstanceManager   com.android.systemui                 D  queryPkg com.yourname.smartrecorder com.android.systemui.action.PLUGIN_QS_FACTORY
2025-11-27 02:12:36.208 22947-23121 PluginInstanceManager   com.android.systemui                 D  queryPkg com.yourname.smartrecorder com.android.systemui.action.PEOPLE_HUB_PERSON_EXTRACTOR
2025-11-27 02:12:36.208 22947-23121 PluginInstanceManager   com.android.systemui                 D  queryPkg com.yourname.smartrecorder com.android.systemui.action.PLUGIN_GLOBAL_ACTIONS
2025-11-27 02:12:36.208 22947-23121 PluginInstanceManager   com.android.systemui                 D  queryPkg com.yourname.smartrecorder com.android.systemui.action.PLUGIN_QS
2025-11-27 02:12:36.208 22947-23121 PluginInstanceManager   com.android.systemui                 D  queryPkg com.yourname.smartrecorder com.android.systemui.action.PLUGIN_AOD
2025-11-27 02:12:36.208 22947-23121 PluginInstanceManager   com.android.systemui                 D  queryPkg com.yourname.smartrecorder com.android.systemui.action.PLUGIN_CLOCK
2025-11-27 02:12:36.208 22947-23121 PluginInstanceManager   com.android.systemui                 D  queryPkg com.yourname.smartrecorder com.android.systemui.action.PLUGIN_LOCKSCREEN_RIGHT_BUTTON
2025-11-27 02:12:36.209 22947-23121 PluginInstanceManager   com.android.systemui                 D  queryPkg com.yourname.smartrecorder com.android.systemui.action.PLUGIN_LOCKSCREEN_RIGHT_BUTTON
2025-11-27 02:12:36.209 22947-23121 PluginInstanceManager   com.android.systemui                 D  queryPkg com.yourname.smartrecorder com.android.systemui.action.PLUGIN_LOCKSCREEN_LEFT_BUTTON
