2025-11-28 00:00:11.731  1198-1376  AppsFilter              system_server                        I  interaction: PackageSetting{641dfee com.yourname.smartrecorder/11003} -> PackageSetting{4027969 com.example.realtalkenglishwithAI/10997} BLOCKED
2025-11-28 00:00:11.731  1198-1376  AppsFilter              system_server                        I  interaction: PackageSetting{641dfee com.yourname.smartrecorder/11003} -> PackageSetting{4027969 com.example.realtalkenglishwithAI/10997} BLOCKED
2025-11-28 00:00:11.732  1198-1376  AppsFilter              system_server                        I  interaction: PackageSetting{641dfee com.yourname.smartrecorder/11003} -> PackageSetting{c1e8b6c com.example.realtalkenglishwithAI/10997} BLOCKED
2025-11-28 00:00:11.732  1198-1376  AppsFilter              system_server                        I  interaction: PackageSetting{641dfee com.yourname.smartrecorder/11003} -> PackageSetting{c1e8b6c com.example.realtalkenglishwithAI/10997} BLOCKED
2025-11-28 00:00:11.732  1198-1376  AppsFilter              system_server                        I  interaction: PackageSetting{641dfee com.yourname.smartrecorder/11003} -> PackageSetting{c1e8b6c com.example.realtalkenglishwithAI/10997} BLOCKED
2025-11-28 00:00:12.639 13459-13459 SmartRecorder/Service   com.yourname.smartrecorder           I  [CRIT] [Service: PlaybackForegroundService] onStartCommand -> action=null, flags=0, startId=145
2025-11-28 00:00:12.642  1198-4180  ApplicationPolicy       system_server                        D  isStatusBarNotificationAllowedAsUser: packageName = com.yourname.smartrecorder,userId = 0
2025-11-28 00:00:12.643  1198-4180  ApplicationPolicy       system_server                        D  isStatusBarNotificationAllowedAsUser: packageName = com.yourname.smartrecorder,userId = 0
2025-11-28 00:00:12.659  1198-1376  AppsFilter              system_server                        I  interaction: PackageSetting{641dfee com.yourname.smartrecorder/11003} -> PackageSetting{c1e8b6c com.example.realtalkenglishwithAI/10997} BLOCKED
2025-11-28 00:00:12.659  1198-1376  AppsFilter              system_server                        I  interaction: PackageSetting{641dfee com.yourname.smartrecorder/11003} -> PackageSetting{c1e8b6c com.example.realtalkenglishwithAI/10997} BLOCKED
2025-11-28 00:00:13.506  4533-4533  Edge.badge              com...ndroid.app.cocktailbarservice  I  updateBadge item = com.yourname.smartrecorder:0 1
2025-11-28 00:00:13.515  2188-2188  Launcher.N...onListener com.sec.android.app.launcher         I  onNotificationPosted : com.yourname.smartrecorder number : 0
2025-11-28 00:00:13.556 13459-13459 SmartRecorder/Service   com.yourname.smartrecorder           I  [CRIT] [Service: PlaybackForegroundService] onStartCommand -> action=null, flags=0, startId=146
2025-11-28 00:00:13.566  1198-5812  ApplicationPolicy       system_server                        D  isStatusBarNotificationAllowedAsUser: packageName = com.yourname.smartrecorder,userId = 0
2025-11-28 00:00:13.570  1198-5812  ApplicationPolicy       system_server                        D  isStatusBarNotificationAllowedAsUser: packageName = com.yourname.smartrecorder,userId = 0
2025-11-28 00:00:13.579 22947-22947 BubblesManager          com.android.systemui                 D  onEntryUpdated : shouldBubbleUp=false ,key=0|com.yourname.smartrecorder|2|null|11003
2025-11-28 00:00:13.583 22947-22947 Interrupti...teProvider com.android.systemui                 D   no Heads up : edgelighting enabled app. 0|com.yourname.smartrecorder|2|null|11003
2025-11-28 00:00:13.838  2188-2188  Launcher.N...onListener com.sec.android.app.launcher         I  onNotificationPosted : com.yourname.smartrecorder number : 0
2025-11-28 00:00:13.842  4533-4533  Edge.badge              com...ndroid.app.cocktailbarservice  I  updateBadge item = com.yourname.smartrecorder:0 1
2025-11-28 00:00:13.849 22947-22947 BubblesManager          com.android.systemui                 D  onEntryUpdated : shouldBubbleUp=false ,key=0|com.yourname.smartrecorder|2|null|11003
2025-11-28 00:00:13.850 22947-22947 Interrupti...teProvider com.android.systemui                 D   no Heads up : edgelighting enabled app. 0|com.yourname.smartrecorder|2|null|11003
2025-11-28 00:00:14.389 13459-13459 ViewRootIm...nActivity] com.yourname.smartrecorder           I  ViewPostIme pointer 0
2025-11-28 00:00:14.588 13459-13459 SmartRecorder/Service   com.yourname.smartrecorder           I  [CRIT] [Service: PlaybackForegroundService] onStartCommand -> action=null, flags=0, startId=147
2025-11-28 00:00:14.591  1198-4479  ApplicationPolicy       system_server                        D  isStatusBarNotificationAllowedAsUser: packageName = com.yourname.smartrecorder,userId = 0
2025-11-28 00:00:14.592  1198-4479  ApplicationPolicy       system_server                        D  isStatusBarNotificationAllowedAsUser: packageName = com.yourname.smartrecorder,userId = 0
2025-11-28 00:00:14.796  4533-4533  Edge.badge              com...ndroid.app.cocktailbarservice  I  updateBadge item = com.yourname.smartrecorder:0 1
2025-11-28 00:00:14.797  2188-2188  Launcher.N...onListener com.sec.android.app.launcher         I  onNotificationPosted : com.yourname.smartrecorder number : 0
2025-11-28 00:00:14.799 22947-22947 BubblesManager          com.android.systemui                 D  onEntryUpdated : shouldBubbleUp=false ,key=0|com.yourname.smartrecorder|2|null|11003
2025-11-28 00:00:14.799 22947-22947 Interrupti...teProvider com.android.systemui                 D   no Heads up : edgelighting enabled app. 0|com.yourname.smartrecorder|2|null|11003
2025-11-28 00:00:14.841  1198-1198  SGM:GameManager         system_server                        D  identifyGamePackage. com.yourname.smartrecorder, mCurrentUserId: 0, callerUserId: 0, callingMethodInfo: com.android.server.ssrm.fgapps.GameAppUtils.isGame(GameAppUtils.java:84)
2025-11-28 00:00:14.841  1198-1198  SGM:PkgDataHelper       system_server                        D  getGamePkgData(). com.yourname.smartrecorder
2025-11-28 00:00:14.842  1198-1198  SGM:GameManager         system_server                        D  identifyGamePackage. com.yourname.smartrecorder, mCurrentUserId: 0, callerUserId: 0, callingMethodInfo: com.android.server.ssrm.fgapps.GameAppUtils.isGame(GameAppUtils.java:84)
2025-11-28 00:00:14.842  1198-1198  SGM:PkgDataHelper       system_server                        D  getGamePkgData(). com.yourname.smartrecorder
2025-11-28 00:00:14.844 13459-13459 ViewRootIm...nActivity] com.yourname.smartrecorder           I  ViewPostIme pointer 1
2025-11-28 00:00:15.150 13459-13459 ViewRootIm...nActivity] com.yourname.smartrecorder           I  ViewPostIme pointer 0
2025-11-28 00:00:15.390  1198-1198  SGM:GameManager         system_server                        D  identifyGamePackage. com.yourname.smartrecorder, mCurrentUserId: 0, callerUserId: 0, callingMethodInfo: com.android.server.ssrm.fgapps.GameAppUtils.isGame(GameAppUtils.java:84)
2025-11-28 00:00:15.391  1198-1198  SGM:PkgDataHelper       system_server                        D  getGamePkgData(). com.yourname.smartrecorder
2025-11-28 00:00:15.391  1198-1198  SGM:GameManager         system_server                        D  identifyGamePackage. com.yourname.smartrecorder, mCurrentUserId: 0, callerUserId: 0, callingMethodInfo: com.android.server.ssrm.fgapps.GameAppUtils.isGame(GameAppUtils.java:84)
2025-11-28 00:00:15.391  1198-1198  SGM:PkgDataHelper       system_server                        D  getGamePkgData(). com.yourname.smartrecorder
2025-11-28 00:00:15.400 13459-13459 ViewRootIm...nActivity] com.yourname.smartrecorder           I  ViewPostIme pointer 1
2025-11-28 00:00:15.597 13459-13459 SmartRecorder/Service   com.yourname.smartrecorder           I  [CRIT] [Service: PlaybackForegroundService] onStartCommand -> action=null, flags=0, startId=148
2025-11-28 00:00:15.609  1198-1901  ApplicationPolicy       system_server                        D  isStatusBarNotificationAllowedAsUser: packageName = com.yourname.smartrecorder,userId = 0
2025-11-28 00:00:15.610  1198-1901  ApplicationPolicy       system_server                        D  isStatusBarNotificationAllowedAsUser: packageName = com.yourname.smartrecorder,userId = 0
2025-11-28 00:00:15.757 13459-13459 ViewRootIm...nActivity] com.yourname.smartrecorder           I  ViewPostIme pointer 0
2025-11-28 00:00:15.815  4533-4533  Edge.badge              com...ndroid.app.cocktailbarservice  I  updateBadge item = com.yourname.smartrecorder:0 1
2025-11-28 00:00:15.816  2188-2188  Launcher.N...onListener com.sec.android.app.launcher         I  onNotificationPosted : com.yourname.smartrecorder number : 0
2025-11-28 00:00:15.819 22947-22947 BubblesManager          com.android.systemui                 D  onEntryUpdated : shouldBubbleUp=false ,key=0|com.yourname.smartrecorder|2|null|11003
2025-11-28 00:00:15.820 22947-22947 Interrupti...teProvider com.android.systemui                 D   no Heads up : edgelighting enabled app. 0|com.yourname.smartrecorder|2|null|11003
2025-11-28 00:00:15.900  1198-1198  SGM:GameManager         system_server                        D  identifyGamePackage. com.yourname.smartrecorder, mCurrentUserId: 0, callerUserId: 0, callingMethodInfo: com.android.server.ssrm.fgapps.GameAppUtils.isGame(GameAppUtils.java:84)
2025-11-28 00:00:15.900  1198-1198  SGM:PkgDataHelper       system_server                        D  getGamePkgData(). com.yourname.smartrecorder
2025-11-28 00:00:15.901  1198-1198  SGM:GameManager         system_server                        D  identifyGamePackage. com.yourname.smartrecorder, mCurrentUserId: 0, callerUserId: 0, callingMethodInfo: com.android.server.ssrm.fgapps.GameAppUtils.isGame(GameAppUtils.java:84)
2025-11-28 00:00:15.901  1198-1198  SGM:PkgDataHelper       system_server                        D  getGamePkgData(). com.yourname.smartrecorder
2025-11-28 00:00:15.902 13459-13459 ViewRootIm...nActivity] com.yourname.smartrecorder           I  ViewPostIme pointer 1
2025-11-28 00:00:16.141 13459-13459 ViewRootIm...nActivity] com.yourname.smartrecorder           I  ViewPostIme pointer 0
2025-11-28 00:00:16.317  1198-1198  SGM:GameManager         system_server                        D  identifyGamePackage. com.yourname.smartrecorder, mCurrentUserId: 0, callerUserId: 0, callingMethodInfo: com.android.server.ssrm.fgapps.GameAppUtils.isGame(GameAppUtils.java:84)
2025-11-28 00:00:16.317  1198-1198  SGM:PkgDataHelper       system_server                        D  getGamePkgData(). com.yourname.smartrecorder
2025-11-28 00:00:16.317 13459-13459 ViewRootIm...nActivity] com.yourname.smartrecorder           I  ViewPostIme pointer 1
2025-11-28 00:00:16.318  1198-1198  SGM:GameManager         system_server                        D  identifyGamePackage. com.yourname.smartrecorder, mCurrentUserId: 0, callerUserId: 0, callingMethodInfo: com.android.server.ssrm.fgapps.GameAppUtils.isGame(GameAppUtils.java:84)
2025-11-28 00:00:16.318  1198-1198  SGM:PkgDataHelper       system_server                        D  getGamePkgData(). com.yourname.smartrecorder
2025-11-28 00:00:16.499 13459-13459 SmartRecorder/Service   com.yourname.smartrecorder           I  [CRIT] [Service: PlaybackForegroundService] onStartCommand -> action=null, flags=0, startId=149
2025-11-28 00:00:16.501  1198-1786  ApplicationPolicy       system_server                        D  isStatusBarNotificationAllowedAsUser: packageName = com.yourname.smartrecorder,userId = 0
2025-11-28 00:00:16.501  1198-1786  ApplicationPolicy       system_server                        D  isStatusBarNotificationAllowedAsUser: packageName = com.yourname.smartrecorder,userId = 0
2025-11-28 00:00:16.617 13459-13459 ViewRootIm...nActivity] com.yourname.smartrecorder           I  ViewPostIme pointer 0
2025-11-28 00:00:16.658 13459-13459 ViewRootIm...nActivity] com.yourname.smartrecorder           I  ViewPostIme pointer 1
2025-11-28 00:00:16.708  4533-4533  Edge.badge              com...ndroid.app.cocktailbarservice  I  updateBadge item = com.yourname.smartrecorder:0 1
2025-11-28 00:00:16.709  2188-2188  Launcher.N...onListener com.sec.android.app.launcher         I  onNotificationPosted : com.yourname.smartrecorder number : 0
2025-11-28 00:00:16.710 22947-22947 BubblesManager          com.android.systemui                 D  onEntryUpdated : shouldBubbleUp=false ,key=0|com.yourname.smartrecorder|2|null|11003
2025-11-28 00:00:16.711 22947-22947 Interrupti...teProvider com.android.systemui                 D   no Heads up : edgelighting enabled app. 0|com.yourname.smartrecorder|2|null|11003
2025-11-28 00:00:17.335 13459-13459 ViewRootIm...nActivity] com.yourname.smartrecorder           I  ViewPostIme pointer 0
2025-11-28 00:00:17.435  1198-1198  SGM:GameManager         system_server                        D  identifyGamePackage. com.yourname.smartrecorder, mCurrentUserId: 0, callerUserId: 0, callingMethodInfo: com.android.server.ssrm.fgapps.GameAppUtils.isGame(GameAppUtils.java:84)
2025-11-28 00:00:17.435  1198-1198  SGM:PkgDataHelper       system_server                        D  getGamePkgData(). com.yourname.smartrecorder
2025-11-28 00:00:17.436 13459-13459 ViewRootIm...nActivity] com.yourname.smartrecorder           I  ViewPostIme pointer 1
2025-11-28 00:00:17.436  1198-1198  SGM:GameManager         system_server                        D  identifyGamePackage. com.yourname.smartrecorder, mCurrentUserId: 0, callerUserId: 0, callingMethodInfo: com.android.server.ssrm.fgapps.GameAppUtils.isGame(GameAppUtils.java:84)
2025-11-28 00:00:17.436  1198-1198  SGM:PkgDataHelper       system_server                        D  getGamePkgData(). com.yourname.smartrecorder
2025-11-28 00:00:17.505 13459-13459 SmartRecorder/Service   com.yourname.smartrecorder           I  [CRIT] [Service: PlaybackForegroundService] onStartCommand -> action=null, flags=0, startId=150
2025-11-28 00:00:17.507  1198-4185  ApplicationPolicy       system_server                        D  isStatusBarNotificationAllowedAsUser: packageName = com.yourname.smartrecorder,userId = 0
2025-11-28 00:00:17.508  1198-4185  ApplicationPolicy       system_server                        D  isStatusBarNotificationAllowedAsUser: packageName = com.yourname.smartrecorder,userId = 0
2025-11-28 00:00:17.712  4533-4533  Edge.badge              com...ndroid.app.cocktailbarservice  I  updateBadge item = com.yourname.smartrecorder:0 1
2025-11-28 00:00:17.712  2188-2188  Launcher.N...onListener com.sec.android.app.launcher         I  onNotificationPosted : com.yourname.smartrecorder number : 0
2025-11-28 00:00:17.715 22947-22947 BubblesManager          com.android.systemui                 D  onEntryUpdated : shouldBubbleUp=false ,key=0|com.yourname.smartrecorder|2|null|11003
2025-11-28 00:00:17.716 22947-22947 Interrupti...teProvider com.android.systemui                 D   no Heads up : edgelighting enabled app. 0|com.yourname.smartrecorder|2|null|11003
2025-11-28 00:00:18.515 13459-13459 SmartRecorder/Service   com.yourname.smartrecorder           I  [CRIT] [Service: PlaybackForegroundService] onStartCommand -> action=null, flags=0, startId=151
2025-11-28 00:00:18.516  1198-1901  ApplicationPolicy       system_server                        D  isStatusBarNotificationAllowedAsUser: packageName = com.yourname.smartrecorder,userId = 0
2025-11-28 00:00:18.517  1198-1901  ApplicationPolicy       system_server                        D  isStatusBarNotificationAllowedAsUser: packageName = com.yourname.smartrecorder,userId = 0
2025-11-28 00:00:18.723  4533-4533  Edge.badge              com...ndroid.app.cocktailbarservice  I  updateBadge item = com.yourname.smartrecorder:0 1
2025-11-28 00:00:18.723  2188-2188  Launcher.N...onListener com.sec.android.app.launcher         I  onNotificationPosted : com.yourname.smartrecorder number : 0
2025-11-28 00:00:18.727 22947-22947 BubblesManager          com.android.systemui                 D  onEntryUpdated : shouldBubbleUp=false ,key=0|com.yourname.smartrecorder|2|null|11003
2025-11-28 00:00:18.728 22947-22947 Interrupti...teProvider com.android.systemui                 D   no Heads up : edgelighting enabled app. 0|com.yourname.smartrecorder|2|null|11003
2025-11-28 00:00:19.538 13459-13459 SmartRecorder/Service   com.yourname.smartrecorder           I  [CRIT] [Service: PlaybackForegroundService] onStartCommand -> action=null, flags=0, startId=152
2025-11-28 00:00:19.540  1198-1909  ApplicationPolicy       system_server                        D  isStatusBarNotificationAllowedAsUser: packageName = com.yourname.smartrecorder,userId = 0
2025-11-28 00:00:19.540  1198-1909  ApplicationPolicy       system_server                        D  isStatusBarNotificationAllowedAsUser: packageName = com.yourname.smartrecorder,userId = 0
2025-11-28 00:00:19.745  4533-4533  Edge.badge              com...ndroid.app.cocktailbarservice  I  updateBadge item = com.yourname.smartrecorder:0 1
2025-11-28 00:00:19.748  2188-2188  Launcher.N...onListener com.sec.android.app.launcher         I  onNotificationPosted : com.yourname.smartrecorder number : 0
2025-11-28 00:00:19.749 22947-22947 BubblesManager          com.android.systemui                 D  onEntryUpdated : shouldBubbleUp=false ,key=0|com.yourname.smartrecorder|2|null|11003
2025-11-28 00:00:19.749 22947-22947 Interrupti...teProvider com.android.systemui                 D   no Heads up : edgelighting enabled app. 0|com.yourname.smartrecorder|2|null|11003
2025-11-28 00:00:20.534 13459-13459 SmartRecorder/Service   com.yourname.smartrecorder           I  [CRIT] [Service: PlaybackForegroundService] onStartCommand -> action=null, flags=0, startId=153
2025-11-28 00:00:20.536  1198-5906  ApplicationPolicy       system_server                        D  isStatusBarNotificationAllowedAsUser: packageName = com.yourname.smartrecorder,userId = 0
2025-11-28 00:00:20.537  1198-5906  ApplicationPolicy       system_server                        D  isStatusBarNotificationAllowedAsUser: packageName = com.yourname.smartrecorder,userId = 0
2025-11-28 00:00:20.743  4533-4533  Edge.badge              com...ndroid.app.cocktailbarservice  I  updateBadge item = com.yourname.smartrecorder:0 1
2025-11-28 00:00:20.743  2188-2188  Launcher.N...onListener com.sec.android.app.launcher         I  onNotificationPosted : com.yourname.smartrecorder number : 0
2025-11-28 00:00:20.745 22947-22947 BubblesManager          com.android.systemui                 D  onEntryUpdated : shouldBubbleUp=false ,key=0|com.yourname.smartrecorder|2|null|11003
2025-11-28 00:00:20.747 22947-22947 Interrupti...teProvider com.android.systemui                 D   no Heads up : edgelighting enabled app. 0|com.yourname.smartrecorder|2|null|11003
2025-11-28 00:00:21.553 13459-13459 SmartRecorder/Service   com.yourname.smartrecorder           I  [CRIT] [Service: PlaybackForegroundService] onStartCommand -> action=null, flags=0, startId=154
2025-11-28 00:00:21.555  1198-1514  ApplicationPolicy       system_server                        D  isStatusBarNotificationAllowedAsUser: packageName = com.yourname.smartrecorder,userId = 0
2025-11-28 00:00:21.555  1198-1514  ApplicationPolicy       system_server                        D  isStatusBarNotificationAllowedAsUser: packageName = com.yourname.smartrecorder,userId = 0
2025-11-28 00:00:21.761  4533-4533  Edge.badge              com...ndroid.app.cocktailbarservice  I  updateBadge item = com.yourname.smartrecorder:0 1
2025-11-28 00:00:21.761  2188-2188  Launcher.N...onListener com.sec.android.app.launcher         I  onNotificationPosted : com.yourname.smartrecorder number : 0
2025-11-28 00:00:21.761 22947-22947 BubblesManager          com.android.systemui                 D  onEntryUpdated : shouldBubbleUp=false ,key=0|com.yourname.smartrecorder|2|null|11003
2025-11-28 00:00:21.763 22947-22947 Interrupti...teProvider com.android.systemui                 D   no Heads up : edgelighting enabled app. 0|com.yourname.smartrecorder|2|null|11003
2025-11-28 00:00:22.551 13459-13459 SmartRecorder/Service   com.yourname.smartrecorder           I  [CRIT] [Service: PlaybackForegroundService] onStartCommand -> action=null, flags=0, startId=155
2025-11-28 00:00:22.553  1198-1909  ApplicationPolicy       system_server                        D  isStatusBarNotificationAllowedAsUser: packageName = com.yourname.smartrecorder,userId = 0
2025-11-28 00:00:22.554  1198-1909  ApplicationPolicy       system_server                        D  isStatusBarNotificationAllowedAsUser: packageName = com.yourname.smartrecorder,userId = 0
2025-11-28 00:00:22.758  2188-2188  Launcher.N...onListener com.sec.android.app.launcher         I  onNotificationPosted : com.yourname.smartrecorder number : 0
2025-11-28 00:00:22.760  4533-4533  Edge.badge              com...ndroid.app.cocktailbarservice  I  updateBadge item = com.yourname.smartrecorder:0 1
2025-11-28 00:00:22.761 22947-22947 BubblesManager          com.android.systemui                 D  onEntryUpdated : shouldBubbleUp=false ,key=0|com.yourname.smartrecorder|2|null|11003
2025-11-28 00:00:22.761 22947-22947 Interrupti...teProvider com.android.systemui                 D   no Heads up : edgelighting enabled app. 0|com.yourname.smartrecorder|2|null|11003
2025-11-28 00:00:23.563 13459-13459 SmartRecorder/Service   com.yourname.smartrecorder           I  [CRIT] [Service: PlaybackForegroundService] onStartCommand -> action=null, flags=0, startId=156
2025-11-28 00:00:23.566  1198-1907  ApplicationPolicy       system_server                        D  isStatusBarNotificationAllowedAsUser: packageName = com.yourname.smartrecorder,userId = 0
2025-11-28 00:00:23.567  1198-1907  ApplicationPolicy       system_server                        D  isStatusBarNotificationAllowedAsUser: packageName = com.yourname.smartrecorder,userId = 0
2025-11-28 00:00:23.770  4533-4533  Edge.badge              com...ndroid.app.cocktailbarservice  I  updateBadge item = com.yourname.smartrecorder:0 1
2025-11-28 00:00:23.771  2188-2188  Launcher.N...onListener com.sec.android.app.launcher         I  onNotificationPosted : com.yourname.smartrecorder number : 0
2025-11-28 00:00:23.773 22947-22947 BubblesManager          com.android.systemui                 D  onEntryUpdated : shouldBubbleUp=false ,key=0|com.yourname.smartrecorder|2|null|11003
2025-11-28 00:00:23.773 22947-22947 Interrupti...teProvider com.android.systemui                 D   no Heads up : edgelighting enabled app. 0|com.yourname.smartrecorder|2|null|11003
2025-11-28 00:00:24.571 13459-13459 SmartRecorder/Service   com.yourname.smartrecorder           I  [CRIT] [Service: PlaybackForegroundService] onStartCommand -> action=null, flags=0, startId=157
2025-11-28 00:00:24.573  1198-5906  ApplicationPolicy       system_server                        D  isStatusBarNotificationAllowedAsUser: packageName = com.yourname.smartrecorder,userId = 0
2025-11-28 00:00:24.574  1198-5906  ApplicationPolicy       system_server                        D  isStatusBarNotificationAllowedAsUser: packageName = com.yourname.smartrecorder,userId = 0
2025-11-28 00:00:24.776  4533-4533  Edge.badge              com...ndroid.app.cocktailbarservice  I  updateBadge item = com.yourname.smartrecorder:0 1
2025-11-28 00:00:24.778  2188-2188  Launcher.N...onListener com.sec.android.app.launcher         I  onNotificationPosted : com.yourname.smartrecorder number : 0
2025-11-28 00:00:24.780 22947-22947 BubblesManager          com.android.systemui                 D  onEntryUpdated : shouldBubbleUp=false ,key=0|com.yourname.smartrecorder|2|null|11003
2025-11-28 00:00:24.780 22947-22947 Interrupti...teProvider com.android.systemui                 D   no Heads up : edgelighting enabled app. 0|com.yourname.smartrecorder|2|null|11003
2025-11-28 00:00:25.578 13459-13459 SmartRecorder/Service   com.yourname.smartrecorder           I  [CRIT] [Service: PlaybackForegroundService] onStartCommand -> action=null, flags=0, startId=158
2025-11-28 00:00:25.580  1198-1907  ApplicationPolicy       system_server                        D  isStatusBarNotificationAllowedAsUser: packageName = com.yourname.smartrecorder,userId = 0
2025-11-28 00:00:25.580  1198-1907  ApplicationPolicy       system_server                        D  isStatusBarNotificationAllowedAsUser: packageName = com.yourname.smartrecorder,userId = 0
2025-11-28 00:00:25.792  4533-4533  Edge.badge              com...ndroid.app.cocktailbarservice  I  updateBadge item = com.yourname.smartrecorder:0 1
2025-11-28 00:00:25.792  2188-2188  Launcher.N...onListener com.sec.android.app.launcher         I  onNotificationPosted : com.yourname.smartrecorder number : 0
2025-11-28 00:00:25.795 22947-22947 BubblesManager          com.android.systemui                 D  onEntryUpdated : shouldBubbleUp=false ,key=0|com.yourname.smartrecorder|2|null|11003
2025-11-28 00:00:25.795 22947-22947 Interrupti...teProvider com.android.systemui                 D   no Heads up : edgelighting enabled app. 0|com.yourname.smartrecorder|2|null|11003
2025-11-28 00:00:26.486 13459-13459 SmartRecorder/Service   com.yourname.smartrecorder           I  [CRIT] [Service: PlaybackForegroundService] onStartCommand -> action=null, flags=0, startId=159
2025-11-28 00:00:26.488  1198-1218  ApplicationPolicy       system_server                        D  isStatusBarNotificationAllowedAsUser: packageName = com.yourname.smartrecorder,userId = 0
2025-11-28 00:00:26.489  1198-1218  ApplicationPolicy       system_server                        D  isStatusBarNotificationAllowedAsUser: packageName = com.yourname.smartrecorder,userId = 0
2025-11-28 00:00:26.694 22947-22947 BubblesManager          com.android.systemui                 D  onEntryUpdated : shouldBubbleUp=false ,key=0|com.yourname.smartrecorder|2|null|11003
2025-11-28 00:00:26.695  2188-2188  Launcher.N...onListener com.sec.android.app.launcher         I  onNotificationPosted : com.yourname.smartrecorder number : 0
2025-11-28 00:00:26.695 22947-22947 Interrupti...teProvider com.android.systemui                 D   no Heads up : edgelighting enabled app. 0|com.yourname.smartrecorder|2|null|11003
2025-11-28 00:00:26.695  4533-4533  Edge.badge              com...ndroid.app.cocktailbarservice  I  updateBadge item = com.yourname.smartrecorder:0 1
2025-11-28 00:00:27.499 13459-13459 SmartRecorder/Service   com.yourname.smartrecorder           I  [CRIT] [Service: PlaybackForegroundService] onStartCommand -> action=null, flags=0, startId=160
2025-11-28 00:00:27.501  1198-1907  ApplicationPolicy       system_server                        D  isStatusBarNotificationAllowedAsUser: packageName = com.yourname.smartrecorder,userId = 0
2025-11-28 00:00:27.501  1198-1907  ApplicationPolicy       system_server                        D  isStatusBarNotificationAllowedAsUser: packageName = com.yourname.smartrecorder,userId = 0
2025-11-28 00:00:27.707  4533-4533  Edge.badge              com...ndroid.app.cocktailbarservice  I  updateBadge item = com.yourname.smartrecorder:0 1
2025-11-28 00:00:27.708  2188-2188  Launcher.N...onListener com.sec.android.app.launcher         I  onNotificationPosted : com.yourname.smartrecorder number : 0
2025-11-28 00:00:27.708 22947-22947 BubblesManager          com.android.systemui                 D  onEntryUpdated : shouldBubbleUp=false ,key=0|com.yourname.smartrecorder|2|null|11003
2025-11-28 00:00:27.709 22947-22947 Interrupti...teProvider com.android.systemui                 D   no Heads up : edgelighting enabled app. 0|com.yourname.smartrecorder|2|null|11003
2025-11-28 00:00:28.509 13459-13459 SmartRecorder/Service   com.yourname.smartrecorder           I  [CRIT] [Service: PlaybackForegroundService] onStartCommand -> action=null, flags=0, startId=161
2025-11-28 00:00:28.511  1198-1907  ApplicationPolicy       system_server                        D  isStatusBarNotificationAllowedAsUser: packageName = com.yourname.smartrecorder,userId = 0
2025-11-28 00:00:28.511  1198-1907  ApplicationPolicy       system_server                        D  isStatusBarNotificationAllowedAsUser: packageName = com.yourname.smartrecorder,userId = 0
2025-11-28 00:00:28.718  2188-2188  Launcher.N...onListener com.sec.android.app.launcher         I  onNotificationPosted : com.yourname.smartrecorder number : 0
2025-11-28 00:00:28.720 22947-22947 BubblesManager          com.android.systemui                 D  onEntryUpdated : shouldBubbleUp=false ,key=0|com.yourname.smartrecorder|2|null|11003
2025-11-28 00:00:28.721 22947-22947 Interrupti...teProvider com.android.systemui                 D   no Heads up : edgelighting enabled app. 0|com.yourname.smartrecorder|2|null|11003
2025-11-28 00:00:28.729  4533-4533  Edge.badge              com...ndroid.app.cocktailbarservice  I  updateBadge item = com.yourname.smartrecorder:0 1
2025-11-28 00:00:29.520 13459-13459 SmartRecorder/Service   com.yourname.smartrecorder           I  [CRIT] [Service: PlaybackForegroundService] onStartCommand -> action=null, flags=0, startId=162
2025-11-28 00:00:29.522  1198-1903  ApplicationPolicy       system_server                        D  isStatusBarNotificationAllowedAsUser: packageName = com.yourname.smartrecorder,userId = 0
2025-11-28 00:00:29.522  1198-1903  ApplicationPolicy       system_server                        D  isStatusBarNotificationAllowedAsUser: packageName = com.yourname.smartrecorder,userId = 0
2025-11-28 00:00:29.728  4533-4533  Edge.badge              com...ndroid.app.cocktailbarservice  I  updateBadge item = com.yourname.smartrecorder:0 1
2025-11-28 00:00:29.728  2188-2188  Launcher.N...onListener com.sec.android.app.launcher         I  onNotificationPosted : com.yourname.smartrecorder number : 0
2025-11-28 00:00:29.731 22947-22947 BubblesManager          com.android.systemui                 D  onEntryUpdated : shouldBubbleUp=false ,key=0|com.yourname.smartrecorder|2|null|11003
2025-11-28 00:00:29.731 22947-22947 Interrupti...teProvider com.android.systemui                 D   no Heads up : edgelighting enabled app. 0|com.yourname.smartrecorder|2|null|11003
2025-11-28 00:00:30.532 13459-13459 SmartRecorder/Service   com.yourname.smartrecorder           I  [CRIT] [Service: PlaybackForegroundService] onStartCommand -> action=null, flags=0, startId=163
2025-11-28 00:00:30.534  1198-4343  ApplicationPolicy       system_server                        D  isStatusBarNotificationAllowedAsUser: packageName = com.yourname.smartrecorder,userId = 0
2025-11-28 00:00:30.534  1198-4343  ApplicationPolicy       system_server                        D  isStatusBarNotificationAllowedAsUser: packageName = com.yourname.smartrecorder,userId = 0
2025-11-28 00:00:30.738  2188-2188  Launcher.N...onListener com.sec.android.app.launcher         I  onNotificationPosted : com.yourname.smartrecorder number : 0
2025-11-28 00:00:30.741 22947-22947 BubblesManager          com.android.systemui                 D  onEntryUpdated : shouldBubbleUp=false ,key=0|com.yourname.smartrecorder|2|null|11003
2025-11-28 00:00:30.741 22947-22947 Interrupti...teProvider com.android.systemui                 D   no Heads up : edgelighting enabled app. 0|com.yourname.smartrecorder|2|null|11003
2025-11-28 00:00:30.741  4533-4533  Edge.badge              com...ndroid.app.cocktailbarservice  I  updateBadge item = com.yourname.smartrecorder:0 1
2025-11-28 00:00:31.539 13459-13459 SmartRecorder/Service   com.yourname.smartrecorder           I  [CRIT] [Service: PlaybackForegroundService] onStartCommand -> action=null, flags=0, startId=164
2025-11-28 00:00:31.541  1198-1903  ApplicationPolicy       system_server                        D  isStatusBarNotificationAllowedAsUser: packageName = com.yourname.smartrecorder,userId = 0
2025-11-28 00:00:31.542  1198-1903  ApplicationPolicy       system_server                        D  isStatusBarNotificationAllowedAsUser: packageName = com.yourname.smartrecorder,userId = 0
2025-11-28 00:00:31.748  4533-4533  Edge.badge              com...ndroid.app.cocktailbarservice  I  updateBadge item = com.yourname.smartrecorder:0 1
2025-11-28 00:00:31.748  2188-2188  Launcher.N...onListener com.sec.android.app.launcher         I  onNotificationPosted : com.yourname.smartrecorder number : 0
2025-11-28 00:00:31.750 22947-22947 BubblesManager          com.android.systemui                 D  onEntryUpdated : shouldBubbleUp=false ,key=0|com.yourname.smartrecorder|2|null|11003
2025-11-28 00:00:31.751 22947-22947 Interrupti...teProvider com.android.systemui                 D   no Heads up : edgelighting enabled app. 0|com.yourname.smartrecorder|2|null|11003
2025-11-28 00:00:32.551 13459-13459 SmartRecorder/Service   com.yourname.smartrecorder           I  [CRIT] [Service: PlaybackForegroundService] onStartCommand -> action=null, flags=0, startId=165
2025-11-28 00:00:32.553  1198-1853  ApplicationPolicy       system_server                        D  isStatusBarNotificationAllowedAsUser: packageName = com.yourname.smartrecorder,userId = 0
2025-11-28 00:00:32.554  1198-1853  ApplicationPolicy       system_server                        D  isStatusBarNotificationAllowedAsUser: packageName = com.yourname.smartrecorder,userId = 0
2025-11-28 00:00:32.758  4533-4533  Edge.badge              com...ndroid.app.cocktailbarservice  I  updateBadge item = com.yourname.smartrecorder:0 1
2025-11-28 00:00:32.758  2188-2188  Launcher.N...onListener com.sec.android.app.launcher         I  onNotificationPosted : com.yourname.smartrecorder number : 0
2025-11-28 00:00:32.761 22947-22947 BubblesManager          com.android.systemui                 D  onEntryUpdated : shouldBubbleUp=false ,key=0|com.yourname.smartrecorder|2|null|11003
2025-11-28 00:00:32.762 22947-22947 Interrupti...teProvider com.android.systemui                 D   no Heads up : edgelighting enabled app. 0|com.yourname.smartrecorder|2|null|11003
2025-11-28 00:00:33.560 13459-13459 SmartRecorder/Service   com.yourname.smartrecorder           I  [CRIT] [Service: PlaybackForegroundService] onStartCommand -> action=null, flags=0, startId=166
2025-11-28 00:00:33.562  1198-1903  ApplicationPolicy       system_server                        D  isStatusBarNotificationAllowedAsUser: packageName = com.yourname.smartrecorder,userId = 0
2025-11-28 00:00:33.563  1198-1903  ApplicationPolicy       system_server                        D  isStatusBarNotificationAllowedAsUser: packageName = com.yourname.smartrecorder,userId = 0
2025-11-28 00:00:33.767  4533-4533  Edge.badge              com...ndroid.app.cocktailbarservice  I  updateBadge item = com.yourname.smartrecorder:0 1
2025-11-28 00:00:33.768  2188-2188  Launcher.N...onListener com.sec.android.app.launcher         I  onNotificationPosted : com.yourname.smartrecorder number : 0
2025-11-28 00:00:33.770 22947-22947 BubblesManager          com.android.systemui                 D  onEntryUpdated : shouldBubbleUp=false ,key=0|com.yourname.smartrecorder|2|null|11003
2025-11-28 00:00:33.771 22947-22947 Interrupti...teProvider com.android.systemui                 D   no Heads up : edgelighting enabled app. 0|com.yourname.smartrecorder|2|null|11003
2025-11-28 00:00:34.569 13459-13459 SmartRecorder/Service   com.yourname.smartrecorder           I  [CRIT] [Service: PlaybackForegroundService] onStartCommand -> action=null, flags=0, startId=167
2025-11-28 00:00:34.570  1198-1853  ApplicationPolicy       system_server                        D  isStatusBarNotificationAllowedAsUser: packageName = com.yourname.smartrecorder,userId = 0
2025-11-28 00:00:34.571  1198-1853  ApplicationPolicy       system_server                        D  isStatusBarNotificationAllowedAsUser: packageName = com.yourname.smartrecorder,userId = 0
2025-11-28 00:00:34.775  4533-4533  Edge.badge              com...ndroid.app.cocktailbarservice  I  updateBadge item = com.yourname.smartrecorder:0 1
2025-11-28 00:00:34.776  2188-2188  Launcher.N...onListener com.sec.android.app.launcher         I  onNotificationPosted : com.yourname.smartrecorder number : 0
2025-11-28 00:00:34.777 22947-22947 BubblesManager          com.android.systemui                 D  onEntryUpdated : shouldBubbleUp=false ,key=0|com.yourname.smartrecorder|2|null|11003
2025-11-28 00:00:34.777 22947-22947 Interrupti...teProvider com.android.systemui                 D   no Heads up : edgelighting enabled app. 0|com.yourname.smartrecorder|2|null|11003
2025-11-28 00:00:35.581 13459-13459 SmartRecorder/Service   com.yourname.smartrecorder           I  [CRIT] [Service: PlaybackForegroundService] onStartCommand -> action=null, flags=0, startId=168
2025-11-28 00:00:35.583  1198-1853  ApplicationPolicy       system_server                        D  isStatusBarNotificationAllowedAsUser: packageName = com.yourname.smartrecorder,userId = 0
2025-11-28 00:00:35.583  1198-1853  ApplicationPolicy       system_server                        D  isStatusBarNotificationAllowedAsUser: packageName = com.yourname.smartrecorder,userId = 0
2025-11-28 00:00:35.789  2188-2188  Launcher.N...onListener com.sec.android.app.launcher         I  onNotificationPosted : com.yourname.smartrecorder number : 0
2025-11-28 00:00:35.789 22947-22947 BubblesManager          com.android.systemui                 D  onEntryUpdated : shouldBubbleUp=false ,key=0|com.yourname.smartrecorder|2|null|11003
2025-11-28 00:00:35.789 22947-22947 Interrupti...teProvider com.android.systemui                 D   no Heads up : edgelighting enabled app. 0|com.yourname.smartrecorder|2|null|11003
2025-11-28 00:00:35.791  4533-4533  Edge.badge              com...ndroid.app.cocktailbarservice  I  updateBadge item = com.yourname.smartrecorder:0 1
2025-11-28 00:00:36.489 13459-13459 SmartRecorder/Service   com.yourname.smartrecorder           I  [CRIT] [Service: PlaybackForegroundService] onStartCommand -> action=null, flags=0, startId=169
2025-11-28 00:00:36.491  1198-1850  ApplicationPolicy       system_server                        D  isStatusBarNotificationAllowedAsUser: packageName = com.yourname.smartrecorder,userId = 0
2025-11-28 00:00:36.491  1198-1850  ApplicationPolicy       system_server                        D  isStatusBarNotificationAllowedAsUser: packageName = com.yourname.smartrecorder,userId = 0
2025-11-28 00:00:36.696  4533-4533  Edge.badge              com...ndroid.app.cocktailbarservice  I  updateBadge item = com.yourname.smartrecorder:0 1
2025-11-28 00:00:36.696  2188-2188  Launcher.N...onListener com.sec.android.app.launcher         I  onNotificationPosted : com.yourname.smartrecorder number : 0
2025-11-28 00:00:36.700 22947-22947 BubblesManager          com.android.systemui                 D  onEntryUpdated : shouldBubbleUp=false ,key=0|com.yourname.smartrecorder|2|null|11003
2025-11-28 00:00:36.700 22947-22947 Interrupti...teProvider com.android.systemui                 D   no Heads up : edgelighting enabled app. 0|com.yourname.smartrecorder|2|null|11003
2025-11-28 00:00:37.501 13459-13459 SmartRecorder/Service   com.yourname.smartrecorder           I  [CRIT] [Service: PlaybackForegroundService] onStartCommand -> action=null, flags=0, startId=170
2025-11-28 00:00:37.503  1198-1850  ApplicationPolicy       system_server                        D  isStatusBarNotificationAllowedAsUser: packageName = com.yourname.smartrecorder,userId = 0
2025-11-28 00:00:37.503  1198-1850  ApplicationPolicy       system_server                        D  isStatusBarNotificationAllowedAsUser: packageName = com.yourname.smartrecorder,userId = 0
2025-11-28 00:00:37.708  4533-4533  Edge.badge              com...ndroid.app.cocktailbarservice  I  updateBadge item = com.yourname.smartrecorder:0 1
2025-11-28 00:00:37.709  2188-2188  Launcher.N...onListener com.sec.android.app.launcher         I  onNotificationPosted : com.yourname.smartrecorder number : 0
2025-11-28 00:00:37.712 22947-22947 BubblesManager          com.android.systemui                 D  onEntryUpdated : shouldBubbleUp=false ,key=0|com.yourname.smartrecorder|2|null|11003
2025-11-28 00:00:37.713 22947-22947 Interrupti...teProvider com.android.systemui                 D   no Heads up : edgelighting enabled app. 0|com.yourname.smartrecorder|2|null|11003
2025-11-28 00:00:38.508 13459-13459 SmartRecorder/Service   com.yourname.smartrecorder           I  [CRIT] [Service: PlaybackForegroundService] onStartCommand -> action=null, flags=0, startId=171
2025-11-28 00:00:38.509  1198-1850  ApplicationPolicy       system_server                        D  isStatusBarNotificationAllowedAsUser: packageName = com.yourname.smartrecorder,userId = 0
2025-11-28 00:00:38.510  1198-1850  ApplicationPolicy       system_server                        D  isStatusBarNotificationAllowedAsUser: packageName = com.yourname.smartrecorder,userId = 0
2025-11-28 00:00:38.714  2188-2188  Launcher.N...onListener com.sec.android.app.launcher         I  onNotificationPosted : com.yourname.smartrecorder number : 0
2025-11-28 00:00:38.714  4533-4533  Edge.badge              com...ndroid.app.cocktailbarservice  I  updateBadge item = com.yourname.smartrecorder:0 1
2025-11-28 00:00:38.716 22947-22947 BubblesManager          com.android.systemui                 D  onEntryUpdated : shouldBubbleUp=false ,key=0|com.yourname.smartrecorder|2|null|11003
2025-11-28 00:00:38.717 22947-22947 Interrupti...teProvider com.android.systemui                 D   no Heads up : edgelighting enabled app. 0|com.yourname.smartrecorder|2|null|11003
2025-11-28 00:00:39.515 13459-13459 SmartRecorder/Service   com.yourname.smartrecorder           I  [CRIT] [Service: PlaybackForegroundService] onStartCommand -> action=null, flags=0, startId=172
2025-11-28 00:00:39.517  1198-1895  ApplicationPolicy       system_server                        D  isStatusBarNotificationAllowedAsUser: packageName = com.yourname.smartrecorder,userId = 0
2025-11-28 00:00:39.517  1198-1895  ApplicationPolicy       system_server                        D  isStatusBarNotificationAllowedAsUser: packageName = com.yourname.smartrecorder,userId = 0
2025-11-28 00:00:39.722  2188-2188  Launcher.N...onListener com.sec.android.app.launcher         I  onNotificationPosted : com.yourname.smartrecorder number : 0
2025-11-28 00:00:39.722  4533-4533  Edge.badge              com...ndroid.app.cocktailbarservice  I  updateBadge item = com.yourname.smartrecorder:0 1
2025-11-28 00:00:39.726 22947-22947 BubblesManager          com.android.systemui                 D  onEntryUpdated : shouldBubbleUp=false ,key=0|com.yourname.smartrecorder|2|null|11003
2025-11-28 00:00:39.726 22947-22947 Interrupti...teProvider com.android.systemui                 D   no Heads up : edgelighting enabled app. 0|com.yourname.smartrecorder|2|null|11003
2025-11-28 00:00:40.525 13459-13459 SmartRecorder/Service   com.yourname.smartrecorder           I  [CRIT] [Service: PlaybackForegroundService] onStartCommand -> action=null, flags=0, startId=173
2025-11-28 00:00:40.527  1198-1853  ApplicationPolicy       system_server                        D  isStatusBarNotificationAllowedAsUser: packageName = com.yourname.smartrecorder,userId = 0
2025-11-28 00:00:40.527  1198-1853  ApplicationPolicy       system_server                        D  isStatusBarNotificationAllowedAsUser: packageName = com.yourname.smartrecorder,userId = 0
2025-11-28 00:00:40.732  4533-4533  Edge.badge              com...ndroid.app.cocktailbarservice  I  updateBadge item = com.yourname.smartrecorder:0 1
2025-11-28 00:00:40.734  2188-2188  Launcher.N...onListener com.sec.android.app.launcher         I  onNotificationPosted : com.yourname.smartrecorder number : 0
2025-11-28 00:00:40.735 22947-22947 BubblesManager          com.android.systemui                 D  onEntryUpdated : shouldBubbleUp=false ,key=0|com.yourname.smartrecorder|2|null|11003
2025-11-28 00:00:40.735 22947-22947 Interrupti...teProvider com.android.systemui                 D   no Heads up : edgelighting enabled app. 0|com.yourname.smartrecorder|2|null|11003
2025-11-28 00:00:41.534 13459-13459 SmartRecorder/Service   com.yourname.smartrecorder           I  [CRIT] [Service: PlaybackForegroundService] onStartCommand -> action=null, flags=0, startId=174
2025-11-28 00:00:41.536  1198-1853  ApplicationPolicy       system_server                        D  isStatusBarNotificationAllowedAsUser: packageName = com.yourname.smartrecorder,userId = 0
2025-11-28 00:00:41.536  1198-1853  ApplicationPolicy       system_server                        D  isStatusBarNotificationAllowedAsUser: packageName = com.yourname.smartrecorder,userId = 0
2025-11-28 00:00:41.740  4533-4533  Edge.badge              com...ndroid.app.cocktailbarservice  I  updateBadge item = com.yourname.smartrecorder:0 1
2025-11-28 00:00:41.741  2188-2188  Launcher.N...onListener com.sec.android.app.launcher         I  onNotificationPosted : com.yourname.smartrecorder number : 0
2025-11-28 00:00:41.744 22947-22947 BubblesManager          com.android.systemui                 D  onEntryUpdated : shouldBubbleUp=false ,key=0|com.yourname.smartrecorder|2|null|11003
2025-11-28 00:00:41.744 22947-22947 Interrupti...teProvider com.android.systemui                 D   no Heads up : edgelighting enabled app. 0|com.yourname.smartrecorder|2|null|11003
2025-11-28 00:00:42.544 13459-13459 SmartRecorder/Service   com.yourname.smartrecorder           I  [CRIT] [Service: PlaybackForegroundService] onStartCommand -> action=null, flags=0, startId=175
2025-11-28 00:00:42.546  1198-4343  ApplicationPolicy       system_server                        D  isStatusBarNotificationAllowedAsUser: packageName = com.yourname.smartrecorder,userId = 0
2025-11-28 00:00:42.546  1198-4343  ApplicationPolicy       system_server                        D  isStatusBarNotificationAllowedAsUser: packageName = com.yourname.smartrecorder,userId = 0
2025-11-28 00:00:42.750  4533-4533  Edge.badge              com...ndroid.app.cocktailbarservice  I  updateBadge item = com.yourname.smartrecorder:0 1
2025-11-28 00:00:42.751  2188-2188  Launcher.N...onListener com.sec.android.app.launcher         I  onNotificationPosted : com.yourname.smartrecorder number : 0
2025-11-28 00:00:42.753 22947-22947 BubblesManager          com.android.systemui                 D  onEntryUpdated : shouldBubbleUp=false ,key=0|com.yourname.smartrecorder|2|null|11003
2025-11-28 00:00:42.754 22947-22947 Interrupti...teProvider com.android.systemui                 D   no Heads up : edgelighting enabled app. 0|com.yourname.smartrecorder|2|null|11003
2025-11-28 00:00:43.552 13459-13459 SmartRecorder/Service   com.yourname.smartrecorder           I  [CRIT] [Service: PlaybackForegroundService] onStartCommand -> action=null, flags=0, startId=176
2025-11-28 00:00:43.553  1198-4343  ApplicationPolicy       system_server                        D  isStatusBarNotificationAllowedAsUser: packageName = com.yourname.smartrecorder,userId = 0
2025-11-28 00:00:43.554  1198-4343  ApplicationPolicy       system_server                        D  isStatusBarNotificationAllowedAsUser: packageName = com.yourname.smartrecorder,userId = 0
2025-11-28 00:00:43.759  2188-2188  Launcher.N...onListener com.sec.android.app.launcher         I  onNotificationPosted : com.yourname.smartrecorder number : 0
2025-11-28 00:00:43.759  4533-4533  Edge.badge              com...ndroid.app.cocktailbarservice  I  updateBadge item = com.yourname.smartrecorder:0 1
2025-11-28 00:00:43.761 22947-22947 BubblesManager          com.android.systemui                 D  onEntryUpdated : shouldBubbleUp=false ,key=0|com.yourname.smartrecorder|2|null|11003
2025-11-28 00:00:43.762 22947-22947 Interrupti...teProvider com.android.systemui                 D   no Heads up : edgelighting enabled app. 0|com.yourname.smartrecorder|2|null|11003
2025-11-28 00:00:44.561 13459-13459 SmartRecorder/Service   com.yourname.smartrecorder           I  [CRIT] [Service: PlaybackForegroundService] onStartCommand -> action=null, flags=0, startId=177
2025-11-28 00:00:44.563  1198-1895  ApplicationPolicy       system_server                        D  isStatusBarNotificationAllowedAsUser: packageName = com.yourname.smartrecorder,userId = 0
2025-11-28 00:00:44.564  1198-1895  ApplicationPolicy       system_server                        D  isStatusBarNotificationAllowedAsUser: packageName = com.yourname.smartrecorder,userId = 0
2025-11-28 00:00:44.769  2188-2188  Launcher.N...onListener com.sec.android.app.launcher         I  onNotificationPosted : com.yourname.smartrecorder number : 0
2025-11-28 00:00:44.769  4533-4533  Edge.badge              com...ndroid.app.cocktailbarservice  I  updateBadge item = com.yourname.smartrecorder:0 1
2025-11-28 00:00:44.771 22947-22947 BubblesManager          com.android.systemui                 D  onEntryUpdated : shouldBubbleUp=false ,key=0|com.yourname.smartrecorder|2|null|11003
2025-11-28 00:00:44.772 22947-22947 Interrupti...teProvider com.android.systemui                 D   no Heads up : edgelighting enabled app. 0|com.yourname.smartrecorder|2|null|11003
2025-11-28 00:00:45.572 13459-13459 SmartRecorder/Service   com.yourname.smartrecorder           I  [CRIT] [Service: PlaybackForegroundService] onStartCommand -> action=null, flags=0, startId=178
2025-11-28 00:00:45.574  1198-4479  ApplicationPolicy       system_server                        D  isStatusBarNotificationAllowedAsUser: packageName = com.yourname.smartrecorder,userId = 0
2025-11-28 00:00:45.574  1198-4479  ApplicationPolicy       system_server                        D  isStatusBarNotificationAllowedAsUser: packageName = com.yourname.smartrecorder,userId = 0
2025-11-28 00:00:45.780  2188-2188  Launcher.N...onListener com.sec.android.app.launcher         I  onNotificationPosted : com.yourname.smartrecorder number : 0
2025-11-28 00:00:45.781  4533-4533  Edge.badge              com...ndroid.app.cocktailbarservice  I  updateBadge item = com.yourname.smartrecorder:0 1
2025-11-28 00:00:45.781 22947-22947 BubblesManager          com.android.systemui                 D  onEntryUpdated : shouldBubbleUp=false ,key=0|com.yourname.smartrecorder|2|null|11003
