2025-11-27 01:53:29.365  1198-1288  WindowManager           system_server                        D  createAnimationAdapter(): container=Task{921de68 #22470 type=standard A=10934:com.yourname.smartrecorder U=0 visible=true visibleRequested=true mode=fullscreen translucent=false sz=1}
2025-11-27 01:53:29.366  1198-1288  ActivityTaskManager     system_server                        D  mStartingWindow and mStartingData is null for token=ActivityRecord{199b9e7 u0 com.yourname.smartrecorder/.MainActivity} t22470}
2025-11-27 01:53:29.366  1198-1288  WindowManager           system_server                        V  performShowLocked: mDrawState=HAS_DRAWN in Window{5f9e2d1 u0 com.yourname.smartrecorder/com.yourname.smartrecorder.MainActivity}
2025-11-27 01:53:29.367  1198-1288  WindowManager           system_server                        D  	Add container=Task{921de68 #22470 type=standard A=10934:com.yourname.smartrecorder U=0 visible=true visibleRequested=true mode=fullscreen translucent=false sz=1}
2025-11-27 01:53:29.370  1198-1288  WindowManager           system_server                        D  updateSystemBarAttributes: displayId=0, win=Window{5f9e2d1 u0 com.yourname.smartrecorder/com.yourname.smartrecorder.MainActivity}, navColorWin=Window{5f9e2d1 u0 com.yourname.smartrecorder/com.yourname.smartrecorder.MainActivity}, focusedCanBeNavColorWin=false, behavior=1, appearance=16, statusBarAppearanceRegions=[AppearanceRegion{ bounds=[0,0][1440,3088]}], requestedVisibilities=, from=com.android.server.wm.DisplayPolicy.finishPostLayoutPolicyLw:2531 com.android.server.wm.DisplayContent.applySurfaceChangesTransaction:5713 com.android.server.wm.RootWindowContainer.applySurfaceChangesTransaction:1234 
2025-11-27 01:53:29.374  1198-1284  Pageboost               system_server                        I  Launch time gathered : pid 32004 com.yourname.smartrecorder 1383
2025-11-27 01:53:29.374  1198-1288  WindowManager           system_server                        I  container=Task{921de68 #22470 type=standard A=10934:com.yourname.smartrecorder U=0 visible=true visibleRequested=true mode=fullscreen translucent=false sz=1}
                                                                                                    Target:
                                                                                                      mode=0 taskId=22470 isTranslucent=false clipRect=[0,0][0,0] contentInsets=[0,90][0,168] prefixOrderIndex=40 position=[0,0] sourceContainerBounds=[0,0][1440,3088] screenSpaceBounds=[0,0][1440,3088] localBounds=[0,0][1440,3088]
                                                                                                      windowConfiguration={ mBounds=Rect(0, 0 - 1440, 3088) mAppBounds=Rect(0, 89 - 1440, 2920) mMaxBounds=Rect(0, 0 - 1440, 3088) mDisplayRotation=ROTATION_0 mWindowingMode=fullscreen mDisplayWindowingMode=fullscreen mActivityType=standard mAlwaysOnTop=undefined mRotation=ROTATION_0 mPopOver=undefined mStageConfig=undefined mFreeformTaskPinningState=unpinned mFreeformStashState=undefined mDexTaskDockingState=undefined}
                                                                                                      leash=Surface(name=Surface(name=Task=22470)/@0x26fe13c - animation-leash of app_transition)/@0xab5ec5
                                                                                                      taskInfo=TaskInfo{userId=0 taskId=22470 displayId=0 isRunning=true baseIntent=Intent { act=android.intent.action.MAIN cat=[android.intent.category.LAUNCHER] flg=0x10300000 cmp=com.yourname.smartrecorder/.MainActivity } baseActivity=ComponentInfo{com.yourname.smartrecorder/com.yourname.smartrecorder.MainActivity} topActivity=ComponentInfo{com.yourname.smartrecorder/com.yourname.smartrecorder.MainActivity} origActivity=null realActivity=ComponentInfo{com.yourname.smartrecorder/com.yourname.smartrecorder.MainActivity} numActivities=1 lastActiveTime=144430772 supportsSplitScreenMultiWindow=true supportsMultiWindow=true resizeMode=1 isResizeable=true minWidth=-1 minHeight=-1 defaultMinSize=220 token=WCT{RemoteToken{3ec2841 Task{921de68 #22470 type=standard A=10934:com.yourname.smartrecorder U=0 visible=true visibleRequested=true mode=fullscreen translucent=false sz=1}}} topActivityType=1 pictureInPictureParams=null shouldDockBigOverlays=false launchIntoPipHostTaskId=0 displayCutoutSafeInsets=null topActivityInfo=ActivityInfo{a0c93e6 com.yourname.smartrecorder.MainActivity} launchCookies=[] positionInParent=Point(0, 0) parentTaskId=-1 isFocused=true isVisible=true isSleeping=false topActivityInSizeCompat=false topActivityEligibleForLetterboxEducation= false locusId=null displayAreaFeatureId=1 cameraCompatControlState=hidden originallySupportedSplitScreen=true hasWallpaper=false isTopTransparentActivity=false topActivityInFixedAspectRatio=false topActivityInDisplayCompat=false topActivityInBoundsCompat=false topActivityBounds=null}
                                                                                                      allowEnterPip=true
                                                                                                      windowType=-1  hasAnimatingParent=false  backgroundColor=0container=Task{b391b2f #1 type=home ?? U=0 visible=false visibleRequested=false mode=fullscreen translucent=true sz=1}
                                                                                                    Target:
                                                                                                      mode=1 taskId=22180 isTranslucent=false clipRect=[0,0][0,0] contentInsets=[0,90][0,168] prefixOrderIndex=36 position=[0,0] sourceContainerBounds=[0,0][1440,3088] screenSpaceBounds=[0,0][1440,3088] localBounds=[0,0][1440,3088]
                                                                                                      windowConfiguration={ mBounds=Rect(0, 0 - 1440, 3088) mAppBounds=Rect(0, 89 - 1440, 2920) mMaxBounds=Rect(0, 0 - 1440, 3088) mDisplayRotation=ROTATION_0 mWindowingMode=fullscreen mDisplayWindowingMode=fullscreen mActivityType=home mAlwaysOnTop=undefined mRotation=ROTATION_0 mPopOver=undefined mStageConfig=undefined mFreeformTaskPinningState=unpinned mFreeformStashState=undefined mDexTaskDockingState=undefined}
                                                                                                      leash=Surface(name=Surface(name=Task=1)/@0xc1b1a94 - animation-leash of app_transition)/@0x2b9972f
2025-11-27 01:53:29.382  1198-1288  ActivityTaskManager     system_server                        D  mStartingWindow and mStartingData is null for token=ActivityRecord{199b9e7 u0 com.yourname.smartrecorder/.MainActivity} t22470}
2025-11-27 01:53:29.719  1198-1901  WindowManager           system_server                        D  	container=Task{921de68 #22470 type=standard A=10934:com.yourname.smartrecorder U=0 visible=true visibleRequested=true mode=fullscreen translucent=false sz=1}
2025-11-27 01:53:29.908  1198-2005  MdnieScena...rolService system_server                        D   packageName : com.yourname.smartrecorder    className : com.yourname.smartrecorder.MainActivity
2025-11-27 01:53:29.926  1198-1287  SGM:GameManager         system_server                        D  identifyForegroundApp. com.yourname.smartrecorder, mCurrentUserId: 0, callerUserId: 0
2025-11-27 01:53:29.926  1198-1287  SGM:PkgDataHelper       system_server                        D  getGamePkgData(). com.yourname.smartrecorder
2025-11-27 01:53:30.874  1198-1198  SGM:GameManager         system_server                        D  identifyGamePackage. com.yourname.smartrecorder, mCurrentUserId: 0, callerUserId: 0, callingMethodInfo: com.android.server.ssrm.fgapps.GameAppUtils.isGame(GameAppUtils.java:84)
2025-11-27 01:53:30.874  1198-1198  SGM:PkgDataHelper       system_server                        D  getGamePkgData(). com.yourname.smartrecorder
2025-11-27 01:53:30.876  1198-1198  SGM:GameManager         system_server                        D  identifyGamePackage. com.yourname.smartrecorder, mCurrentUserId: 0, callerUserId: 0, callingMethodInfo: com.android.server.ssrm.fgapps.GameAppUtils.isGame(GameAppUtils.java:84)
2025-11-27 01:53:30.876  1198-1198  SGM:PkgDataHelper       system_server                        D  getGamePkgData(). com.yourname.smartrecorder
2025-11-27 01:53:33.105  1198-1707  Pageboost               system_server                        I  db update :com.yourname.smartrecorder ret 1
2025-11-27 01:53:33.140  1198-1707  Pageboost               system_server                        I  memUsage collected : 150643 26465 5404 for com.yourname.smartrecorder 32004
2025-11-27 01:53:34.157  1198-7983  SGM:GameManager         system_server                        D  identifyGamePackage. com.yourname.smartrecorder, mCurrentUserId: 0, callerUserId: 0, callingMethodInfo: com.android.server.ssrm.SortingMachine.isGame(SortingMachine.java:162)
2025-11-27 01:53:34.157  1198-7983  SGM:PkgDataHelper       system_server                        D  getGamePkgData(). com.yourname.smartrecorder
2025-11-27 01:53:36.078  1198-4178  SGM:GameManager         system_server                        D  identifyForegroundApp. com.yourname.smartrecorder, mCurrentUserId: 0, callerUserId: 0
2025-11-27 01:53:36.078  1198-4178  SGM:PkgDataHelper       system_server                        D  getGamePkgData(). com.yourname.smartrecorder
2025-11-27 01:53:36.078  1198-4178  SGM:GameManager         system_server                        D  identifyForegroundApp. com.yourname.smartrecorder, mCurrentUserId: 0, callerUserId: 150
2025-11-27 01:53:36.079  1198-4178  SGM:PkgDataHelper       system_server                        D  getGamePkgData(). com.yourname.smartrecorder
2025-11-27 01:53:40.622  1198-5906  SGM:GameManager         system_server                        D  identifyGamePackage. com.yourname.smartrecorder, mCurrentUserId: 0, callerUserId: 0, callingMethodInfo: com.samsung.android.game.SemGameManager.isGamePackage(SemGameManager.java:104)
2025-11-27 01:53:40.622  1198-5906  SGM:PkgDataHelper       system_server                        D  getGamePkgData(). com.yourname.smartrecorder
2025-11-27 01:53:40.622  1198-5906  SGM:SemGameManager      system_server                        D  isGamePackage(), pkgName=com.yourname.smartrecorder, ret=false
2025-11-27 01:53:40.641  1198-1294  NotificationService     system_server                        E  Suppressing notification from package com.yourname.smartrecorder by user request.
2025-11-27 01:53:41.666  1198-5906  NotificationService     system_server                        E  Suppressing notification from package com.yourname.smartrecorder by user request.
2025-11-27 01:53:43.784  1198-1198  SGM:GameManager         system_server                        D  identifyGamePackage. com.yourname.smartrecorder, mCurrentUserId: 0, callerUserId: 0, callingMethodInfo: com.android.server.ssrm.fgapps.GameAppUtils.isGame(GameAppUtils.java:84)
2025-11-27 01:53:43.784  1198-1198  SGM:PkgDataHelper       system_server                        D  getGamePkgData(). com.yourname.smartrecorder
2025-11-27 01:53:43.785  1198-1198  SGM:GameManager         system_server                        D  identifyGamePackage. com.yourname.smartrecorder, mCurrentUserId: 0, callerUserId: 0, callingMethodInfo: com.android.server.ssrm.fgapps.GameAppUtils.isGame(GameAppUtils.java:84)
2025-11-27 01:53:43.785  1198-1198  SGM:PkgDataHelper       system_server                        D  getGamePkgData(). com.yourname.smartrecorder
2025-11-27 01:53:45.138  1198-4174  NotificationService     system_server                        E  Suppressing notification from package com.yourname.smartrecorder by user request.
2025-11-27 01:53:45.946  1198-1198  SGM:GameManager         system_server                        D  identifyGamePackage. com.yourname.smartrecorder, mCurrentUserId: 0, callerUserId: 0, callingMethodInfo: com.android.server.ssrm.fgapps.GameAppUtils.isGame(GameAppUtils.java:84)
2025-11-27 01:53:45.946  1198-1198  SGM:PkgDataHelper       system_server                        D  getGamePkgData(). com.yourname.smartrecorder
2025-11-27 01:53:45.947  1198-1198  SGM:GameManager         system_server                        D  identifyGamePackage. com.yourname.smartrecorder, mCurrentUserId: 0, callerUserId: 0, callingMethodInfo: com.android.server.ssrm.fgapps.GameAppUtils.isGame(GameAppUtils.java:84)
2025-11-27 01:53:45.947  1198-1198  SGM:PkgDataHelper       system_server                        D  getGamePkgData(). com.yourname.smartrecorder
2025-11-27 01:53:46.555  1198-1198  SGM:GameManager         system_server                        D  identifyGamePackage. com.yourname.smartrecorder, mCurrentUserId: 0, callerUserId: 0, callingMethodInfo: com.android.server.ssrm.fgapps.GameAppUtils.isGame(GameAppUtils.java:84)
2025-11-27 01:53:46.555  1198-1198  SGM:PkgDataHelper       system_server                        D  getGamePkgData(). com.yourname.smartrecorder
2025-11-27 01:53:46.556  1198-1198  SGM:GameManager         system_server                        D  identifyGamePackage. com.yourname.smartrecorder, mCurrentUserId: 0, callerUserId: 0, callingMethodInfo: com.android.server.ssrm.fgapps.GameAppUtils.isGame(GameAppUtils.java:84)
2025-11-27 01:53:46.556  1198-1198  SGM:PkgDataHelper       system_server                        D  getGamePkgData(). com.yourname.smartrecorder
2025-11-27 01:53:54.562  1198-3312  SGM:GameManager         system_server                        D  identifyForegroundApp. com.yourname.smartrecorder, mCurrentUserId: 0, callerUserId: 0
2025-11-27 01:53:54.562  1198-3312  SGM:PkgDataHelper       system_server                        D  getGamePkgData(). com.yourname.smartrecorder
2025-11-27 01:53:54.563  1198-3312  SGM:GameManager         system_server                        D  identifyForegroundApp. com.yourname.smartrecorder, mCurrentUserId: 0, callerUserId: 150
2025-11-27 01:53:54.563  1198-3312  SGM:PkgDataHelper       system_server                        D  getGamePkgData(). com.yourname.smartrecorder
2025-11-27 01:53:55.153  1198-4174  NotificationService     system_server                        E  Suppressing notification from package com.yourname.smartrecorder by user request.
2025-11-27 01:53:56.116  1198-4174  NotificationService     system_server                        E  Suppressing notification from package com.yourname.smartrecorder by user request.
2025-11-27 01:53:57.131  1198-4174  NotificationService     system_server                        E  Suppressing notification from package com.yourname.smartrecorder by user request.
2025-11-27 01:53:58.946  1198-1285  WindowManager           system_server                        D  rotationForOrientation, orientationSource=ActivityRecord{199b9e7 u0 com.yourname.smartrecorder/.MainActivity} t22470}
2025-11-27 01:54:04.721  1198-2005  MdnieScena...rolService system_server                        D   packageName : com.yourname.smartrecorder    className : com.yourname.smartrecorder.MainActivity
--------- beginning of main
2025-11-27 01:55:08.613  1198-1198  SGM:GameManager         system_server                        D  identifyGamePackage. com.yourname.smartrecorder, mCurrentUserId: 0, callerUserId: 0, callingMethodInfo: com.android.server.ssrm.fgapps.GameAppUtils.isGame(GameAppUtils.java:84)
2025-11-27 01:55:08.613  1198-1198  SGM:PkgDataHelper       system_server                        D  getGamePkgData(). com.yourname.smartrecorder
2025-11-27 01:55:08.614  1198-1198  SGM:GameManager         system_server                        D  identifyGamePackage. com.yourname.smartrecorder, mCurrentUserId: 0, callerUserId: 0, callingMethodInfo: com.android.server.ssrm.fgapps.GameAppUtils.isGame(GameAppUtils.java:84)
2025-11-27 01:55:08.614  1198-1198  SGM:PkgDataHelper       system_server                        D  getGamePkgData(). com.yourname.smartrecorder
2025-11-27 01:55:34.562  1198-2582  SGM:GameManager         system_server                        D  identifyForegroundApp. com.yourname.smartrecorder, mCurrentUserId: 0, callerUserId: 0
2025-11-27 01:55:34.562  1198-2582  SGM:PkgDataHelper       system_server                        D  getGamePkgData(). com.yourname.smartrecorder
2025-11-27 01:55:34.563  1198-2582  SGM:GameManager         system_server                        D  identifyForegroundApp. com.yourname.smartrecorder, mCurrentUserId: 0, callerUserId: 150
2025-11-27 01:55:34.563  1198-2582  SGM:PkgDataHelper       system_server                        D  getGamePkgData(). com.yourname.smartrecorder
2025-11-27 01:55:39.503  1198-7983  SGM:GameManager         system_server                        D  identifyGamePackage. com.yourname.smartrecorder, mCurrentUserId: 0, callerUserId: 0, callingMethodInfo: com.android.server.ssrm.SortingMachine.isGame(SortingMachine.java:162)
2025-11-27 01:55:39.503  1198-7983  SGM:PkgDataHelper       system_server                        D  getGamePkgData(). com.yourname.smartrecorder
2025-11-27 01:57:08.872  1198-1353  ActivityTaskManager     system_server                        D  scheduleTopResumedActivityChanged, onTop=false r=ActivityRecord{199b9e7 u0 com.yourname.smartrecorder/.MainActivity} t22470} caller=com.android.server.wm.ActivityTaskSupervisor.updateTopResumedActivityIfNeeded:2510 com.android.server.wm.TaskFragment.setResumedActivity:493 com.android.server.wm.TaskFragment.onActivityStateChanged:790 com.android.server.wm.ActivityRecord.setState:6428 com.android.server.wm.TaskFragment.startPausing:1880 com.android.server.wm.TaskFragment.startPausing:1817 
2025-11-27 01:57:08.879  1198-4178  WindowManager           system_server                        V  Changing focus from Window{5f9e2d1 u0 com.yourname.smartrecorder/com.yourname.smartrecorder.MainActivity} to null displayId=0 Callers=com.android.server.wm.RootWindowContainer.updateFocusedWindowLocked:595 com.android.server.wm.WindowManagerService.updateFocusedWindowLocked:6810 com.android.server.wm.ActivityRecord.commitVisibility:6239 com.android.server.wm.ActivityRecord.commitVisibility:6250 
2025-11-27 01:57:08.880  1198-4178  MARsPolicyManager       system_server                        D  onPackageResumedFG pkgName = com.yourname.smartrecorder, userId = 0
2025-11-27 01:57:08.881  1198-4178  WindowManager           system_server                        V  Setting visibility of Window{5f9e2d1 u0 com.yourname.smartrecorder/com.yourname.smartrecorder.MainActivity}: false, caller=com.android.server.wm.WindowContainer.sendAppVisibilityToClients:1246 com.android.server.wm.WindowToken.setClientVisible:431 com.android.server.wm.ActivityRecord.setClientVisible:7713 com.android.server.wm.ActivityRecord.onAnimationFinished:8612 com.android.server.wm.ActivityRecord.postApplyAnimation:6274 
2025-11-27 01:57:08.886  1198-1287  SGM:FgCheckThread       system_server                        D  notePauseComponent(), received pkgName: com.yourname.smartrecorder, userId: 0
2025-11-27 01:57:08.886  4879-8430  Routine@Co...stenerImpl com.samsung.android.app.routines     I  onPauseComponent: componentName - ComponentInfo{com.yourname.smartrecorder/com.yourname.smartrecorder.MainActivity}
2025-11-27 01:57:08.932  1198-1907  WindowManager           system_server                        V  Relayout Window{5f9e2d1 u0 com.yourname.smartrecorder/com.yourname.smartrecorder.MainActivity}: viewVisibility=8 req=1440x3088 d0
2025-11-27 01:57:08.943 32004-32004 ViewRootIm...nActivity] pid-32004                            I  WindowStopped on com.yourname.smartrecorder/com.yourname.smartrecorder.MainActivity set to true
2025-11-27 01:57:08.963  1198-1907  WindowManager           system_server                        E  win=Window{5f9e2d1 u0 com.yourname.smartrecorder/com.yourname.smartrecorder.MainActivity} destroySurfaces: appStopped=true cleanupOnResume=false win.mWindowRemovalAllowed=false win.mRemoveOnExit=false win.mViewVisibility=8 caller=com.android.server.wm.ActivityRecord.destroySurfaces:6561 com.android.server.wm.ActivityRecord.destroySurfaces:6542 com.android.server.wm.ActivityRecord.notifyAppStopped:6606 com.android.server.wm.ActivityRecord.activityStopped:7194 com.android.server.wm.ActivityClientController.activityStopped:269 android.app.IActivityClientController$Stub.onTransact:613 com.android.server.wm.ActivityClientController.onTransact:147 
2025-11-27 01:57:08.964  1198-1907  WindowManager           system_server                        I  Destroying surface Surface(name=com.yourname.smartrecorder/com.yourname.smartrecorder.MainActivity$_32004)/@0xac2004c called by com.android.server.wm.WindowStateAnimator.destroySurface:947 com.android.server.wm.WindowStateAnimator.destroySurfaceLocked:537 com.android.server.wm.WindowState.destroySurfaceUnchecked:4326 com.android.server.wm.WindowState.destroySurface:4300 com.android.server.wm.ActivityRecord.destroySurfaces:6561 com.android.server.wm.ActivityRecord.destroySurfaces:6542 com.android.server.wm.ActivityRecord.notifyAppStopped:6606 com.android.server.wm.ActivityRecord.activityStopped:7194 
2025-11-27 01:57:08.964  1198-1907  ActivityTaskManager     system_server                        D  mStartingWindow and mStartingData is null for token=ActivityRecord{199b9e7 u0 com.yourname.smartrecorder/.MainActivity} t22470}
2025-11-27 01:57:08.965  4879-8430  Routine@Co...stenerImpl com.samsung.android.app.routines     I  onStopComponent: componentName - ComponentInfo{com.yourname.smartrecorder/com.yourname.smartrecorder.MainActivity}
2025-11-27 01:57:09.078   858-858   Layer                   surfaceflinger                       I  Layer [com.yourname.smartrecorder/com.yourname.smartrecorder.MainActivity$_32004#23609] hidden!! flag(1)
2025-11-27 01:57:09.078   858-858   SurfaceFlinger          surfaceflinger                       I  [5f9e2d1 com.yourname.smartrecorder/com.yourname.smartrecorder.MainActivity#23608] FrameRatePriority: -1
2025-11-27 01:57:09.079   858-858   Layer                   surfaceflinger                       I  id=23609 removeFromCurrentState com.yourname.smartrecorder/com.yourname.smartrecorder.MainActivity$_32004#23609 (147)
2025-11-27 01:57:09.080   858-858   SurfaceFlinger          surfaceflinger                       I  id=23609 Removed com.yourname.smartrecorder/com.yourname.smartrecorder.MainActivity$_32004#23609 (147)
2025-11-27 01:57:09.088   858-858   Layer                   surfaceflinger                       I  id=23609 Destroyed com.yourname.smartrecorder/com.yourname.smartrecorder.MainActivity$_32004#23609
2025-11-27 01:57:09.090  1198-1901  InputDispatcher         system_server                        D  Focus left window (0): 5f9e2d1 com.yourname.smartrecorder/com.yourname.smartrecorder.MainActivity
2025-11-27 01:57:10.094  4879-4879  Routine@Co...overHelper com.samsung.android.app.routines     I  setLastResumedPackageForCover mLastResumedPackage = com.yourname.smartrecorder
2025-11-27 01:57:10.094  4879-4879  Routine@Co...cleWatcher com.samsung.android.app.routines     I  notifyLifecycleChanged mCurResumedComponent=com.yourname.smartrecorder
2025-11-27 01:57:10.166  4879-4879  Routine@Co...overHelper com.samsung.android.app.routines     I  setLastResumedPackageForCover mLastResumedPackage = com.yourname.smartrecorder
2025-11-27 01:57:10.166  4879-4879  Routine@Co...cleWatcher com.samsung.android.app.routines     I  notifyLifecycleChanged mCurResumedComponent=com.yourname.smartrecorder
2025-11-27 01:57:20.061  1198-1375  PackageManager          system_server                        I  START INSTALL PACKAGE: observer{241158942}
                                                                                                              stagedDir{/data/app/vmdl512105973.tmp}
                                                                                                              stagedCid{null}
                                                                                                              pkg{com.yourname.smartrecorder}
                                                                                                              Request from{null}
2025-11-27 01:57:20.119  1198-1294  ActivityManager         system_server                        I  Force stopping com.yourname.smartrecorder appid=10934 user=-1: installPackageLI
2025-11-27 01:57:20.121  1198-1294  ActivityManager         system_server                        I  Killing 32004:com.yourname.smartrecorder/u0a934 (adj 50): stop com.yourname.smartrecorder due to installPackageLI
2025-11-27 01:57:20.122  1198-1294  ActivityManager         system_server                        D  proc ProcessRecord{7ec4c3d 32004:com.yourname.smartrecorder/u0a934} already removed. so we skip next process.
2025-11-27 01:57:20.123  1198-1294  ActivityTaskManager     system_server                        W  Force removing ActivityRecord{199b9e7 u0 com.yourname.smartrecorder/.MainActivity} t22470 f}}: app died, no saved state
2025-11-27 01:57:20.123 22947-22961 SecFgsMana...rollerImpl com.android.systemui                 D  onForegroundStateChanged: dialogShown:false, isForeground:false, packageName:com.yourname.smartrecorder , token:android.os.BinderProxy@218c8ae, userId:0
2025-11-27 01:57:20.123  1198-1294  InputManager-JNI        system_server                        W  Input channel object '5f9e2d1 com.yourname.smartrecorder/com.yourname.smartrecorder.MainActivity (client)' was disposed without first being removed with the input manager!
2025-11-27 01:57:20.123  1198-1293  UsageStatsService       system_server                        W  Unexpected activity event reported! (com.yourname.smartrecorder/com.yourname.smartrecorder.MainActivity event : 23 instanceId : 79870356)
2025-11-27 01:57:20.124  4879-8430  Routine@Co...stenerImpl com.samsung.android.app.routines     I  onStopComponent: componentName - ComponentInfo{com.yourname.smartrecorder/com.yourname.smartrecorder.MainActivity}
2025-11-27 01:57:20.126  1198-1294  WindowManager           system_server                        V  Remove Window{5f9e2d1 u0 com.yourname.smartrecorder/com.yourname.smartrecorder.MainActivity}: mSurfaceController=null mAnimatingExit=false mRemoveOnExit=false mHasSurface=false surfaceShowing=false animating=false app-animation=false mWillReplaceWindow=false mDisplayFrozen=false callers=com.android.server.wm.WindowState.removeIfPossible:3047 com.android.server.wm.WindowToken.removeAllWindowsIfPossible:234 com.android.server.wm.ActivityRecord.removeIfPossible:4902 com.android.server.wm.ActivityRecord.onRemovedFromDisplay:5017 com.android.server.wm.DisplayContent.removeAppToken:1683 com.android.server.wm.ActivityRecord.removeFromHistory:4621 
2025-11-27 01:57:20.129  1198-1376  PackageManager          system_server                        I  Update package com.yourname.smartrecorder code path from /data/app/~~WEUa2S8GVqXiCmNl25Tcfw==/com.yourname.smartrecorder-3NiHGefvS94oy5-GKPgxoQ== to /data/app/~~YpQnroVTcw4bLahTmdYaAw==/com.yourname.smartrecorder-07eMU24IpUxlXI8-SVz1QA==; Retain data and using new
2025-11-27 01:57:20.129  1198-4335  AudioServi...ityMonitor system_server                        V  updateSoundAppPolicy packageName = com.yourname.smartrecorder
2025-11-27 01:57:20.129  1198-1376  PersonaServiceHelper    system_server                        D  in trim for persona 150 setting false PackageSetting{36d68cd com.yourname.smartrecorder/10934} com.yourname.smartrecorder
2025-11-27 01:57:20.133  1198-4335  SGM:GameManager         system_server                        D  identifyGamePackage. com.yourname.smartrecorder, mCurrentUserId: 0, callerUserId: 0, callingMethodInfo: com.samsung.android.game.SemGameManager.isGamePackage(SemGameManager.java:104)
2025-11-27 01:57:20.133  1198-4335  SGM:PkgDataHelper       system_server                        D  getGamePkgData(). com.yourname.smartrecorder
2025-11-27 01:57:20.133  1198-4335  SGM:SemGameManager      system_server                        D  isGamePackage(), pkgName=com.yourname.smartrecorder, ret=false
2025-11-27 01:57:20.134   858-1167  SurfaceFlinger          surfaceflinger                       I  id=23615 Removed 5b40ba6 ActivityRecordInputSink com.yourname.smartrecorder/.MainActivity#23615 (145)
2025-11-27 01:57:20.142 23524-23569 WakeupMult...ordManager com.samsung.android.bixby.wakeup     I  Ph_[WakeupAudioRecordingConfiguration, com.yourname.smartrecorder, 1] [VF-T-L] 
2025-11-27 01:57:20.146   858-858   Layer                   surfaceflinger                       I  id=23608 removeFromCurrentState 5f9e2d1 com.yourname.smartrecorder/com.yourname.smartrecorder.MainActivity#23608 (146)
2025-11-27 01:57:20.146   858-858   Layer                   surfaceflinger                       I  id=23607 removeFromCurrentState ActivityRecord{199b9e7 u0 com.yourname.smartrecorder/.MainActivity} t22470}#23607 (146)
2025-11-27 01:57:20.146   858-858   Layer                   surfaceflinger                       I  id=23615 removeFromCurrentState 5b40ba6 ActivityRecordInputSink com.yourname.smartrecorder/.MainActivity#23615 (146)
2025-11-27 01:57:20.146   858-858   SurfaceFlinger          surfaceflinger                       I  id=23607 Removed ActivityRecord{199b9e7 u0 com.yourname.smartrecorder/.MainActivity} t22470}#23607 (146)
2025-11-27 01:57:20.146   858-858   SurfaceFlinger          surfaceflinger                       I  id=23608 Removed 5f9e2d1 com.yourname.smartrecorder/com.yourname.smartrecorder.MainActivity#23608 (146)
2025-11-27 01:57:20.147   858-858   Layer                   surfaceflinger                       I  id=23608 Destroyed 5f9e2d1 com.yourname.smartrecorder/com.yourname.smartrecorder.MainActivity#23608
2025-11-27 01:57:20.147   858-858   Layer                   surfaceflinger                       I  id=23607 Destroyed ActivityRecord{199b9e7 u0 com.yourname.smartrecorder/.MainActivity} t22470}#23607
2025-11-27 01:57:20.147   858-858   Layer                   surfaceflinger                       I  id=23615 Destroyed 5b40ba6 ActivityRecordInputSink com.yourname.smartrecorder/.MainActivity#23615
2025-11-27 01:57:20.151  1198-1376  AppsFilter              system_server                        I  interaction: PackageSetting{7b17396 com.example.realtalkenglishwithAI/10912} -> PackageSetting{86eccd0 com.yourname.smartrecorder/10934} BLOCKED
2025-11-27 01:57:20.151  1198-1376  AppsFilter              system_server                        I  interaction: PackageSetting{8dcce7c com.marketsnap.app/10921} -> PackageSetting{86eccd0 com.yourname.smartrecorder/10934} BLOCKED
2025-11-27 01:57:20.151  1198-1376  AppsFilter              system_server                        I  interaction: PackageSetting{3d30c88 com.app.numerology/10936} -> PackageSetting{86eccd0 com.yourname.smartrecorder/10934} BLOCKED
2025-11-27 01:57:20.152  1198-1376  AppsFilter              system_server                        I  interaction: PackageSetting{7b17396 com.example.realtalkenglishwithAI/10912} -> PackageSetting{86eccd0 com.yourname.smartrecorder/10934} BLOCKED
2025-11-27 01:57:20.152  1198-1376  AppsFilter              system_server                        I  interaction: PackageSetting{8dcce7c com.marketsnap.app/10921} -> PackageSetting{86eccd0 com.yourname.smartrecorder/10934} BLOCKED
2025-11-27 01:57:20.152  1198-1376  AppsFilter              system_server                        I  interaction: PackageSetting{3d30c88 com.app.numerology/10936} -> PackageSetting{86eccd0 com.yourname.smartrecorder/10934} BLOCKED
2025-11-27 01:57:20.152  1198-1376  AppsFilter              system_server                        I  interaction: PackageSetting{7b17396 com.example.realtalkenglishwithAI/10912} -> PackageSetting{86eccd0 com.yourname.smartrecorder/10934} BLOCKED
2025-11-27 01:57:20.152  1198-1376  AppsFilter              system_server                        I  interaction: PackageSetting{8dcce7c com.marketsnap.app/10921} -> PackageSetting{86eccd0 com.yourname.smartrecorder/10934} BLOCKED
2025-11-27 01:57:20.152  1198-1376  AppsFilter              system_server                        I  interaction: PackageSetting{3d30c88 com.app.numerology/10936} -> PackageSetting{86eccd0 com.yourname.smartrecorder/10934} BLOCKED
2025-11-27 01:57:20.152  1198-1376  AppsFilter              system_server                        I  interaction: PackageSetting{7b17396 com.example.realtalkenglishwithAI/10912} -> PackageSetting{55da284 com.yourname.smartrecorder/10934} BLOCKED
2025-11-27 01:57:20.152  1198-1376  AppsFilter              system_server                        I  interaction: PackageSetting{8dcce7c com.marketsnap.app/10921} -> PackageSetting{55da284 com.yourname.smartrecorder/10934} BLOCKED
2025-11-27 01:57:20.152  1198-1376  AppsFilter              system_server                        I  interaction: PackageSetting{3d30c88 com.app.numerology/10936} -> PackageSetting{55da284 com.yourname.smartrecorder/10934} BLOCKED
2025-11-27 01:57:20.153  1198-1376  AppsFilter              system_server                        I  interaction: PackageSetting{7b17396 com.example.realtalkenglishwithAI/10912} -> PackageSetting{55da284 com.yourname.smartrecorder/10934} BLOCKED
2025-11-27 01:57:20.153  1198-1376  AppsFilter              system_server                        I  interaction: PackageSetting{8dcce7c com.marketsnap.app/10921} -> PackageSetting{55da284 com.yourname.smartrecorder/10934} BLOCKED
2025-11-27 01:57:20.153  1198-1376  AppsFilter              system_server                        I  interaction: PackageSetting{3d30c88 com.app.numerology/10936} -> PackageSetting{55da284 com.yourname.smartrecorder/10934} BLOCKED
2025-11-27 01:57:20.153  1198-1376  AppsFilter              system_server                        I  interaction: PackageSetting{7b17396 com.example.realtalkenglishwithAI/10912} -> PackageSetting{55da284 com.yourname.smartrecorder/10934} BLOCKED
2025-11-27 01:57:20.153  1198-1376  AppsFilter              system_server                        I  interaction: PackageSetting{8dcce7c com.marketsnap.app/10921} -> PackageSetting{55da284 com.yourname.smartrecorder/10934} BLOCKED
2025-11-27 01:57:20.153  1198-1376  AppsFilter              system_server                        I  interaction: PackageSetting{3d30c88 com.app.numerology/10936} -> PackageSetting{55da284 com.yourname.smartrecorder/10934} BLOCKED
2025-11-27 01:57:20.186  1198-1895  ActivityManager         system_server                        V  Got obituary of 32004:com.yourname.smartrecorder
2025-11-27 01:57:20.707  1198-4203  AppOps                  system_server                        E  Operation not started: uid=10934 pkg=com.yourname.smartrecorder(null) op=RECORD_AUDIO
2025-11-27 01:57:20.718  1198-4185  AudioServi...ityMonitor system_server                        V  updateSoundAppPolicy packageName = com.yourname.smartrecorder
2025-11-27 01:57:20.719  1198-4185  SGM:GameManager         system_server                        D  identifyGamePackage. com.yourname.smartrecorder, mCurrentUserId: 0, callerUserId: 0, callingMethodInfo: com.samsung.android.game.SemGameManager.isGamePackage(SemGameManager.java:104)
2025-11-27 01:57:20.719  1198-4185  SGM:PkgDataHelper       system_server                        D  getGamePkgData(). com.yourname.smartrecorder
2025-11-27 01:57:20.719  1198-4185  SGM:SemGameManager      system_server                        D  isGamePackage(), pkgName=com.yourname.smartrecorder, ret=false
2025-11-27 01:57:20.723 23524-23569 BWU@Wakeup...ordManager com.samsung.android.bixby.wakeup     I  Ph_com.yourname.smartrecorder is allowed? false [VF-T-L] 
2025-11-27 01:57:20.780   994-994   cutils                  installd                             E  Failed to open(/data/misc/profiles/cur/150/com.yourname.smartrecorder/primary.prof): No such file or directory
2025-11-27 01:57:20.780   994-994   installd                installd                             E  Failed to prepare /data/misc/profiles/cur/150/com.yourname.smartrecorder/primary.prof: No such file or directory
2025-11-27 01:57:20.781  1198-1376  ArtManagerService       system_server                        E  Failed to prepare profile for com.yourname.smartrecorder:/data/app/~~YpQnroVTcw4bLahTmdYaAw==/com.yourname.smartrecorder-07eMU24IpUxlXI8-SVz1QA==/base.apk
2025-11-27 01:57:20.782  1198-1376  AppsFilter              system_server                        I  interaction: PackageSetting{7b17396 com.example.realtalkenglishwithAI/10912} -> PackageSetting{55da284 com.yourname.smartrecorder/10934} BLOCKED
2025-11-27 01:57:20.783  1198-1376  AppsFilter              system_server                        I  interaction: PackageSetting{8dcce7c com.marketsnap.app/10921} -> PackageSetting{55da284 com.yourname.smartrecorder/10934} BLOCKED
2025-11-27 01:57:20.783  1198-1376  AppsFilter              system_server                        I  interaction: PackageSetting{3d30c88 com.app.numerology/10936} -> PackageSetting{55da284 com.yourname.smartrecorder/10934} BLOCKED
2025-11-27 01:57:20.783  1198-1376  AppsFilter              system_server                        I  interaction: PackageSetting{7b17396 com.example.realtalkenglishwithAI/10912} -> PackageSetting{55da284 com.yourname.smartrecorder/10934} BLOCKED
2025-11-27 01:57:20.783  1198-1376  AppsFilter              system_server                        I  interaction: PackageSetting{8dcce7c com.marketsnap.app/10921} -> PackageSetting{55da284 com.yourname.smartrecorder/10934} BLOCKED
2025-11-27 01:57:20.783  1198-1376  AppsFilter              system_server                        I  interaction: PackageSetting{3d30c88 com.app.numerology/10936} -> PackageSetting{55da284 com.yourname.smartrecorder/10934} BLOCKED
2025-11-27 01:57:20.797  1198-1376  ActivityManager         system_server                        I  Force stopping com.yourname.smartrecorder appid=10934 user=95: pkg removed
2025-11-27 01:57:20.808  1198-1446  OverlayManager          system_server                        D  reconcileSettingsForPackage pkgName=com.yourname.smartrecorder userId=95
2025-11-27 01:57:20.808  1198-1446  OverlayManager          system_server                        I  updateOverlaysForTarget() called with: targetPackage = [com.yourname.smartrecorder], userId = [95], flags = [2], skipUpdateState = [false]
2025-11-27 01:57:20.814 30910-30910 SCS@AiSearch user 0     pid-30910                            I  (PackageBroadcastReceiver) packageName: com.yourname.smartrecorder
2025-11-27 01:57:20.814 30910-30910 SCS@AiSearch user 0     pid-30910                            I  (PackageBroadcastReceiver) Packages changed: [com.yourname.smartrecorder]
2025-11-27 01:57:20.816  1198-1376  ActivityManager         system_server                        I  Force stopping com.yourname.smartrecorder appid=10934 user=0: pkg removed
2025-11-27 01:57:20.870  1198-1293  SGM:GameManager         system_server                        I  PkgUpdateReceiver, onPackageRemoved : com.yourname.smartrecorder userHandle : UserHandle{95} userID : 95
2025-11-27 01:57:20.871  1198-1293  MetaDataCollector       system_server                        D  onReceive: done pkgName=com.yourname.smartrecorder
2025-11-27 01:57:20.871  1198-1540  SGM:GosNotifyThread     system_server                        D  notifyPackageChangedToGos(), before send intent to GOS. type:15, changeType: 1, pkgName:com.yourname.smartrecorder, userHandleId:95
2025-11-27 01:57:20.872  1198-1647  SdkSandboxManager       system_server                        I  No SDKs used. Skipping SDK data reconcilation for CallingInfo{mUid=10934, mPackageName='com.yourname.smartrecorder, mAppProcessToken='null'}
2025-11-27 01:57:20.872  1198-1647  SdkSandboxManager       system_server                        I  No SDKs used. Skipping SDK data reconcilation for CallingInfo{mUid=9510934, mPackageName='com.yourname.smartrecorder, mAppProcessToken='null'}
2025-11-27 01:57:20.872  1198-1647  SdkSandboxManager       system_server                        I  No SDKs used. Skipping SDK data reconcilation for CallingInfo{mUid=10934, mPackageName='com.yourname.smartrecorder, mAppProcessToken='null'}
2025-11-27 01:57:20.872  1198-1647  SdkSandboxManager       system_server                        I  No SDKs used. Skipping SDK data reconcilation for CallingInfo{mUid=9510934, mPackageName='com.yourname.smartrecorder, mAppProcessToken='null'}
2025-11-27 01:57:20.881  1706-1706  VvmPkgInstalledRcvr     com.android.phone                    I  packageName: com.yourname.smartrecorder, systemDialer: com.samsung.android.dialer
2025-11-27 01:57:20.889  1198-1446  OverlayManager          system_server                        D  reconcileSettingsForPackage pkgName=com.yourname.smartrecorder userId=0
2025-11-27 01:57:20.889  1198-1446  OverlayManager          system_server                        I  updateOverlaysForTarget() called with: targetPackage = [com.yourname.smartrecorder], userId = [0], flags = [2], skipUpdateState = [false]
2025-11-27 01:57:20.889  1198-1446  OverlayManager          system_server                        D  reconcileSettingsForPackage pkgName=com.yourname.smartrecorder userId=0
2025-11-27 01:57:20.889  1198-1446  OverlayManager          system_server                        I  updateOverlaysForTarget() called with: targetPackage = [com.yourname.smartrecorder], userId = [0], flags = [0], skipUpdateState = [false]
2025-11-27 01:57:20.889  1198-1446  SWT_ThemeManager        system_server                        I  com.yourname.smartrecorder doesn't have metadata
2025-11-27 01:57:20.889  1198-1446  OverlayManager          system_server                        D  reconcileSettingsForPackage pkgName=com.yourname.smartrecorder userId=95
2025-11-27 01:57:20.889  1198-1446  OverlayManager          system_server                        I  updateOverlaysForTarget() called with: targetPackage = [com.yourname.smartrecorder], userId = [95], flags = [0], skipUpdateState = [false]
2025-11-27 01:57:20.889  1198-1446  SWT_ThemeManager        system_server                        I  com.yourname.smartrecorder doesn't have metadata
2025-11-27 01:57:20.891  1706-1706  VvmPkgInstalledRcvr     com.android.phone                    I   NOT contains : com.yourname.smartrecorder
2025-11-27 01:57:20.892  4089-4089  MediaProvider           com...ndroid.providers.media.module  W  WorkProfileOwnerApps cache miss for package com.yourname.smartrecorder
2025-11-27 01:57:20.895  4398-4398  AccountReloadObserver   com.samsung.android.dialer           I  [D] received action: android.intent.action.PACKAGE_REMOVED, dat: package:com.yourname.smartrecorder
2025-11-27 01:57:20.895  4398-4398  AccountReloadObserver   com.samsung.android.dialer           I  [D] received action: android.intent.action.PACKAGE_ADDED, dat: package:com.yourname.smartrecorder
2025-11-27 01:57:20.898  1706-1706  VvmPkgInstalledRcvr     com.android.phone                    I   NOT contains : com.yourname.smartrecorder
2025-11-27 01:57:20.899  1706-1706  CarrierSvcBindHelper    com.android.phone                    D  onPackageUpdateFinished: com.yourname.smartrecorder
2025-11-27 01:57:20.899  2712-2779  PackageInfoManager_FLP  com.sec.location.nsflp2              I  action : ACTION_PACKAGE_REMOVED, packageName = com.yourname.smartrecorder
2025-11-27 01:57:20.899  2712-2779  PackageInfoManager_FLP  com.sec.location.nsflp2              I  action : ACTION_PACKAGE_ADDED, packageName = com.yourname.smartrecorder
2025-11-27 01:57:20.903  1706-1706  CarrierSvcBindHelper    com.android.phone                    D  onPackageModified: com.yourname.smartrecorder
2025-11-27 01:57:20.904  1706-1706  VvmPkgInstalledRcvr     com.android.phone                    I  packageName: com.yourname.smartrecorder, systemDialer: com.samsung.android.dialer
2025-11-27 01:57:20.915 30910-30910 SCS@AiSearch user 0     pid-30910                            I  (PackageBroadcastReceiver) packageName: com.yourname.smartrecorder
2025-11-27 01:57:20.915 30910-30910 SCS@AiSearch user 0     pid-30910                            I  (PackageBroadcastReceiver) Packages changed: [com.yourname.smartrecorder]
2025-11-27 01:57:20.916 30910-30910 SCS@AiSearch user 0     pid-30910                            I  (PackageBroadcastReceiver) packageName: com.yourname.smartrecorder
2025-11-27 01:57:20.916 30910-30910 SCS@AiSearch user 0     pid-30910                            I  (PackageBroadcastReceiver) Packages changed: [com.yourname.smartrecorder]
2025-11-27 01:57:20.916 30910-30910 SCS@AiSearch user 0     pid-30910                            I  (PackageBroadcastReceiver) packageName: com.yourname.smartrecorder
2025-11-27 01:57:20.916 30910-30910 SCS@AiSearch user 0     pid-30910                            I  (PackageBroadcastReceiver) Packages changed: [com.yourname.smartrecorder]
2025-11-27 01:57:20.923  4158-4158  [AirCmd]_R...ionManager com...ng.android.service.aircommand  I  onPackageChangeDetected : com.yourname.smartrecorder
2025-11-27 01:57:20.935  1706-1706  VvmPkgInstalledRcvr     com.android.phone                    I   NOT contains : com.yourname.smartrecorder
2025-11-27 01:57:20.942  1706-1706  VvmPkgInstalledRcvr     com.android.phone                    I   NOT contains : com.yourname.smartrecorder
2025-11-27 01:57:20.942  1198-1293  SGM:GameManager         system_server                        I  PkgUpdateReceiver, onPackageRemoved : com.yourname.smartrecorder userHandle : UserHandle{0} userID : 0
2025-11-27 01:57:20.943  1706-1706  CarrierSvcBindHelper    com.android.phone                    D  onPackageUpdateFinished: com.yourname.smartrecorder
2025-11-27 01:57:20.943  1198-1293  MetaDataCollector       system_server                        D  onReceive: done pkgName=com.yourname.smartrecorder
2025-11-27 01:57:20.943  1706-1706  CarrierSvcBindHelper    com.android.phone                    D  onPackageModified: com.yourname.smartrecorder
2025-11-27 01:57:20.944  1198-1540  SGM:GosNotifyThread     system_server                        D  notifyPackageChangedToGos(), before send intent to GOS. type:15, changeType: 1, pkgName:com.yourname.smartrecorder, userHandleId:0
2025-11-27 01:57:20.957  1198-1293  LauncherAppsService     system_server                        D  Calling onPackageRemoved: com.yourname.smartrecorder, EXTRA_REPLACING: true
2025-11-27 01:57:20.957  1198-1293  LauncherAppsService     system_server                        D  Calling onPackageRemoved: com.yourname.smartrecorder, EXTRA_REPLACING: true
2025-11-27 01:57:20.964 14719-14719 SpayFw_Pac...teReceiver com.samsung.android.spayfw           I  PackageName : com.yourname.smartrecorder
2025-11-27 01:57:20.964  4879-4879  Routine@Co...gedHandler com.samsung.android.app.routines     I  Should not remove data true com.yourname.smartrecorder
2025-11-27 01:57:20.965  1198-1198  DomainFilter            system_server                        I  packageRemoved() - packageName: com.yourname.smartrecorder uid: 95
2025-11-27 01:57:20.968 26784-2371  ProximityAuth           com.google.android.gms.persistent    I  [RecentAppsMediator] Package added: (user=UserHandle{0}) com.yourname.smartrecorder
2025-11-27 01:57:20.970  1706-1706  ImsResolver             com.android.phone                    D  maybeAddedImsService, packageName: com.yourname.smartrecorder
2025-11-27 01:57:20.970  1706-1706  ImsResolver             com.android.phone                    D  maybeAddedImsService, packageName: com.yourname.smartrecorder
2025-11-27 01:57:20.975  4879-4879  Routine@Co...LoaderImpl com.samsung.android.app.routines     I  collectInBackground - packageName:com.yourname.smartrecorder
2025-11-27 01:57:20.985  1198-1198  SdpManagerImpl.receiver system_server                        D  On android.intent.action.PACKAGE_REMOVED : DATA = package:com.yourname.smartrecorder, UID = 10934, UserId = 0, Is replacing? true
2025-11-27 01:57:20.985  1198-1198  DomainFilter            system_server                        I  packageRemoved() - packageName: com.yourname.smartrecorder uid: 0
2025-11-27 01:57:20.986  4879-4879  Routine@Co...yncBacklog com.samsung.android.app.routines     I  add: null + com.yourname.smartrecorder
2025-11-27 01:57:20.988  1198-1198  Telecom                 system_server                        I  CarModeTracker: Package com.yourname.smartrecorder is not tracked.: SSH.oR@QOs
2025-11-27 01:57:20.989  1198-1707  Pageboost               system_server                        I  remove app @ runtime : com.yourname.smartrecorder
2025-11-27 01:57:20.996  1198-1198  SGM:GameManager         system_server                        D  identifyGamePackage. com.yourname.smartrecorder, mCurrentUserId: 0, callerUserId: 0, callingMethodInfo: com.samsung.android.game.SemGameManager.isGamePackage(SemGameManager.java:104)
2025-11-27 01:57:20.996  1198-1198  SGM:PkgDataHelper       system_server                        D  getGamePkgData(). com.yourname.smartrecorder
2025-11-27 01:57:20.996  1198-1198  SGM:SemGameManager      system_server                        D  isGamePackage(), pkgName=com.yourname.smartrecorder, ret=false
2025-11-27 01:57:20.996  1198-1198  AppWidgetServiceImpl    system_server                        I  Received broadcast: android.intent.action.PACKAGE_ADDED, Updates all providers with com.yourname.smartrecorder, userId: 0
2025-11-27 01:57:20.997  1198-1198  DomainFilter            system_server                        I  packageAdded() - packageName: com.yourname.smartrecorder, uid: 0
2025-11-27 01:57:20.997  1198-1198  DualDARComnService      system_server                        D  reConnectAgentsByPkgName:: package: com.yourname.smartrecorder
2025-11-27 01:57:21.001  1198-1634  SGM:GameManager         system_server                        D  identifyGamePackage. com.yourname.smartrecorder, mCurrentUserId: 0, callerUserId: 0, callingMethodInfo: com.samsung.android.game.SemGameManager.isGamePackage(SemGameManager.java:104)
2025-11-27 01:57:21.002  1198-1634  SGM:PkgDataHelper       system_server                        D  getGamePkgData(). com.yourname.smartrecorder
