2025-11-27 16:52:38.606  3773-3773  ViewRootIm...nActivity] com.yourname.smartrecorder           I  ViewPostIme pointer 0
2025-11-27 16:52:38.607  1198-1198  SGM:GameManager         system_server                        D  identifyGamePackage. com.yourname.smartrecorder, mCurrentUserId: 0, callerUserId: 0, callingMethodInfo: com.android.server.ssrm.fgapps.GameAppUtils.isGame(GameAppUtils.java:84)
2025-11-27 16:52:38.607  1198-1198  SGM:PkgDataHelper       system_server                        D  getGamePkgData(). com.yourname.smartrecorder
2025-11-27 16:52:38.607  1198-1198  SGM:GameManager         system_server                        D  identifyGamePackage. com.yourname.smartrecorder, mCurrentUserId: 0, callerUserId: 0, callingMethodInfo: com.android.server.ssrm.fgapps.GameAppUtils.isGame(GameAppUtils.java:84)
2025-11-27 16:52:38.607  1198-1198  SGM:PkgDataHelper       system_server                        D  getGamePkgData(). com.yourname.smartrecorder
2025-11-27 16:52:38.631  1198-1198  SGM:GameManager         system_server                        D  identifyGamePackage. com.yourname.smartrecorder, mCurrentUserId: 0, callerUserId: 0, callingMethodInfo: com.android.server.ssrm.fgapps.GameAppUtils.isGame(GameAppUtils.java:84)
2025-11-27 16:52:38.631  3773-3773  ViewRootIm...nActivity] com.yourname.smartrecorder           I  ViewPostIme pointer 1
2025-11-27 16:52:38.631  1198-1198  SGM:PkgDataHelper       system_server                        D  getGamePkgData(). com.yourname.smartrecorder
2025-11-27 16:52:38.632  1198-1198  SGM:GameManager         system_server                        D  identifyGamePackage. com.yourname.smartrecorder, mCurrentUserId: 0, callerUserId: 0, callingMethodInfo: com.android.server.ssrm.fgapps.GameAppUtils.isGame(GameAppUtils.java:84)
2025-11-27 16:52:38.632  1198-1198  SGM:PkgDataHelper       system_server                        D  getGamePkgData(). com.yourname.smartrecorder
2025-11-27 16:52:38.633  3773-3773  SmartRecorder/ViewModel com.yourname.smartrecorder           D  [SettingsScreen] Event received: RequestNotificationPermission
2025-11-27 16:52:38.633  3773-3773  SmartRecorder/ViewModel com.yourname.smartrecorder           D  [SettingsScreen] RequestNotificationPermission -> hasPermission: false
2025-11-27 16:52:38.633  3773-3773  SmartRecorder/ViewModel com.yourname.smartrecorder           D  [SettingsScreen] Launching notification permission dialog
2025-11-27 16:52:38.635  1198-1901  ActivityTaskManager     system_server                        D  TaskLaunchParamsModifier:task=Task{f0791c4 #22568 type=standard A=10974:com.yourname.smartrecorder U=0 visible=true visibleRequested=true mode=fullscreen translucent=false sz=1} activity=ActivityRecord{33e5fd1 u0 com.google.android.permissioncontroller/com.android.permissioncontroller.permission.ui.GrantPermissionsActivity} t-1} display-area-from-source=DefaultTaskDisplayArea@72262064 display-id=0 display-windowing-mode=1 suggested-display-area=DefaultTaskDisplayArea@72262064 inherit-from-source=fullscreen activity-options-fullscreen=Rect(0, 0 - 0, 0) non-freeform-display display-area=DefaultTaskDisplayArea@72262064 maximized-bounds
2025-11-27 16:52:38.636  1198-1901  ActivityTaskManager     system_server                        D  scheduleTopResumedActivityChanged, onTop=false r=ActivityRecord{be714d7 u0 com.yourname.smartrecorder/.MainActivity} t22568} caller=com.android.server.wm.ActivityTaskSupervisor.updateTopResumedActivityIfNeeded:2510 com.android.server.wm.TaskFragment.setResumedActivity:493 com.android.server.wm.TaskFragment.onActivityStateChanged:790 com.android.server.wm.ActivityRecord.setState:6428 com.android.server.wm.TaskFragment.startPausing:1880 com.android.server.wm.TaskFragment.startPausing:1817 
2025-11-27 16:52:38.641  1198-4344  WindowManager           system_server                        D  rotationForOrientation, orientationSource=ActivityRecord{be714d7 u0 com.yourname.smartrecorder/.MainActivity} t22568}
2025-11-27 16:52:38.643  1198-4344  WindowManager           system_server                        V  Changing focus from Window{1ef55ae u0 com.yourname.smartrecorder/com.yourname.smartrecorder.MainActivity} to null displayId=0 Callers=com.android.server.wm.RootWindowContainer.updateFocusedWindowLocked:595 com.android.server.wm.WindowManagerService.updateFocusedWindowLocked:6810 com.android.server.wm.ActivityTaskManagerService.setResumedActivityUncheckLocked:5766 com.android.server.wm.TaskFragment.onActivityStateChanged:807 
2025-11-27 16:52:38.643  1198-4344  MARsPolicyManager       system_server                        D  onPackageResumedFG pkgName = com.yourname.smartrecorder, userId = 0
2025-11-27 16:52:38.652  1198-4344  WindowManager           system_server                        D  updateSystemBarAttributes: displayId=0, win=Window{94b7cfc u0 com.google.android.youtube/com.google.android.youtube.app.honeycomb.Shell$HomeActivity}, navColorWin=Window{1ef55ae u0 com.yourname.smartrecorder/com.yourname.smartrecorder.MainActivity}, focusedCanBeNavColorWin=false, behavior=2, appearance=16, statusBarAppearanceRegions=[AppearanceRegion{ bounds=[0,0][1440,3088]}], requestedVisibilities=ITYPE_STATUS_BAR: visible, ITYPE_NAVIGATION_BAR: visible, ITYPE_CLIMATE_BAR: visible, ITYPE_EXTRA_NAVIGATION_BAR: visible, ITYPE_LOCAL_NAVIGATION_BAR_1: visible, ITYPE_LOCAL_NAVIGATION_BAR_2: visible, from=com.android.server.wm.DisplayPolicy.focusChangedLw:3251 com.android.server.wm.DisplayContent.updateFocusedWindowLocked:4632 com.android.server.wm.RootWindowContainer.updateFocusedWindowLocked:595 
2025-11-27 16:52:38.658  1198-1287  SGM:FgCheckThread       system_server                        D  notePauseComponent(), received pkgName: com.yourname.smartrecorder, userId: 0
2025-11-27 16:52:38.658  4879-27030 Routine@Co...stenerImpl com.samsung.android.app.routines     I  onPauseComponent: componentName - ComponentInfo{com.yourname.smartrecorder/com.yourname.smartrecorder.MainActivity}
2025-11-27 16:52:38.660   858-858   SurfaceFlinger          surfaceflinger                       I  [1ef55ae com.yourname.smartrecorder/com.yourname.smartrecorder.MainActivity#33931] FrameRatePriority: -1
2025-11-27 16:52:38.662  4879-4879  Routine@Co...overHelper com.samsung.android.app.routines     I  setLastResumedPackageForCover mLastResumedPackage = com.yourname.smartrecorder
2025-11-27 16:52:38.663  4879-4879  Routine@Co...cleWatcher com.samsung.android.app.routines     I  notifyLifecycleChanged mCurResumedComponent=com.yourname.smartrecorder
2025-11-27 16:52:38.679  1198-1218  InputDispatcher         system_server                        D  Focus left window (0): 1ef55ae com.yourname.smartrecorder/com.yourname.smartrecorder.MainActivity
2025-11-27 16:52:38.682  3773-3773  ViewRootIm...nActivity] com.yourname.smartrecorder           I  MSG_WINDOW_FOCUS_CHANGED 0 0
2025-11-27 16:52:38.710  1198-4344  ActivityTaskManager     system_server                        D  scheduleTopResumedActivityChanged, onTop=true r=ActivityRecord{be714d7 u0 com.yourname.smartrecorder/.MainActivity} t22568} caller=com.android.server.wm.ActivityTaskSupervisor.scheduleTopResumedActivityStateIfNeeded:2535 com.android.server.wm.ActivityTaskSupervisor.updateTopResumedActivityIfNeeded:2527 com.android.server.wm.TaskFragment.setResumedActivity:493 com.android.server.wm.TaskFragment.onActivityStateChanged:805 com.android.server.wm.ActivityRecord.setState:6428 com.android.server.wm.TaskFragment.resumeTopActivity:1629 
2025-11-27 16:52:38.710  1198-4344  InputDispatcher         system_server                        D  Focused application(0): ActivityRecord{be714d7 u0 com.yourname.smartrecorder/.MainActivity} t22568}
2025-11-27 16:52:38.711  1198-4344  WindowManager           system_server                        V  Changing focus from null to Window{1ef55ae u0 com.yourname.smartrecorder/com.yourname.smartrecorder.MainActivity} displayId=0 Callers=com.android.server.wm.RootWindowContainer.updateFocusedWindowLocked:595 com.android.server.wm.WindowManagerService.updateFocusedWindowLocked:6810 com.android.server.wm.ActivityTaskManagerService.setResumedActivityUncheckLocked:5766 com.android.server.wm.TaskFragment.onActivityStateChanged:807 
2025-11-27 16:52:38.713  1198-4344  WindowManager           system_server                        D  updateSystemBarAttributes: displayId=0, win=Window{1ef55ae u0 com.yourname.smartrecorder/com.yourname.smartrecorder.MainActivity}, navColorWin=Window{1ef55ae u0 com.yourname.smartrecorder/com.yourname.smartrecorder.MainActivity}, focusedCanBeNavColorWin=false, behavior=1, appearance=16, statusBarAppearanceRegions=[AppearanceRegion{ bounds=[0,0][1440,3088]}], requestedVisibilities=, from=com.android.server.wm.DisplayPolicy.focusChangedLw:3251 com.android.server.wm.DisplayContent.updateFocusedWindowLocked:4632 com.android.server.wm.RootWindowContainer.updateFocusedWindowLocked:595 
2025-11-27 16:52:38.713  1198-4344  WindowManager           system_server                        D  rotationForOrientation, orientationSource=ActivityRecord{be714d7 u0 com.yourname.smartrecorder/.MainActivity} t22568}
2025-11-27 16:52:38.719  3773-3773  ViewRootIm...nActivity] com.yourname.smartrecorder           I  stopped(false) old = false
2025-11-27 16:52:38.720  1198-4344  ActivityTaskManager     system_server                        D  mStartingWindow and mStartingData is null for token=ActivityRecord{be714d7 u0 com.yourname.smartrecorder/.MainActivity} t22568}
2025-11-27 16:52:38.720  3773-3773  DecorView               com.yourname.smartrecorder           I  notifyKeepScreenOnChanged: keepScreenOn=false
2025-11-27 16:52:38.725  3773-3773  MSHandlerLifeCycle      com.yourname.smartrecorder           I  removeMultiSplitHandler: no exist. decor=DecorView@85c7806[MainActivity]
2025-11-27 16:52:38.728   858-858   SurfaceFlinger          surfaceflinger                       I  [1ef55ae com.yourname.smartrecorder/com.yourname.smartrecorder.MainActivity#33931] FrameRatePriority: 1
2025-11-27 16:52:38.729  3773-3773  ViewRootIm...nActivity] com.yourname.smartrecorder           I  performTraversals params={(0,0)(fillxfill) sim={adjust=pan forwardNavigation} layoutInDisplayCutoutMode=always ty=BASE_APPLICATION wanim=0x1030309
                                                                                                      fl=81810100
                                                                                                      pfl=16020040
                                                                                                      vsysui=110
                                                                                                      apr=LIGHT_NAVIGATION_BARS
                                                                                                      bhv=DEFAULT
                                                                                                      fitSides= naviIconColor=0}
2025-11-27 16:52:38.729  3773-3773  ViewRootIm...nActivity] com.yourname.smartrecorder           I  performTraversals mFirst=false windowShouldResize=false viewVisibilityChanged=false mForceNextWindowRelayout=false params={(0,0)(fillxfill) sim={adjust=pan forwardNavigation} layoutInDisplayCutoutMode=always ty=BASE_APPLICATION wanim=0x1030309
                                                                                                      fl=81810100
                                                                                                      pfl=16020040
                                                                                                      vsysui=110
                                                                                                      apr=LIGHT_NAVIGATION_BARS
                                                                                                      bhv=DEFAULT
                                                                                                      fitSides= naviIconColor=0}
2025-11-27 16:52:38.730  1198-1895  WindowManager           system_server                        V  Relayout Window{1ef55ae u0 com.yourname.smartrecorder/com.yourname.smartrecorder.MainActivity}: viewVisibility=0 req=1440x3088 d0
2025-11-27 16:52:38.734  3773-3773  ViewRootIm...nActivity] com.yourname.smartrecorder           I  updateBlastSurfaceIfNeeded mBlastBufferQueue=0x71adc28e50 isSameSurfaceControl=true
2025-11-27 16:52:38.734  3773-3773  BLASTBufferQueue        com.yourname.smartrecorder           I  update, w= 1440 h= 3088 mName = ViewRootImpl@eb901d5[MainActivity] mNativeObject= 0x71adc28e50 sc.mNativeObject= 0x713dc8af50 format= -1 caller= android.view.ViewRootImpl.updateBlastSurfaceIfNeeded:2898 android.view.ViewRootImpl.relayoutWindow:9847 android.view.ViewRootImpl.performTraversals:3884 android.view.ViewRootImpl.doTraversal:3116 android.view.ViewRootImpl$TraversalRunnable.run:10885 android.view.Choreographer$CallbackRecord.run:1301 
2025-11-27 16:52:38.734  3773-3773  ViewRootIm...nActivity] com.yourname.smartrecorder           I  Relayout returned: old=(0,0,1440,3088) new=(0,0,1440,3088) req=(1440,3088)0 dur=4 res=0x0 s={true 0x723dc35ae0} ch=false seqId=0
2025-11-27 16:52:38.745   858-979   SurfaceFlinger          surfaceflinger                       D  [input] setFocusedWindow: 1ef55ae com.yourname.smartrecorder/com.yourname.smartrecorder.MainActivity
2025-11-27 16:52:38.745  1198-1901  InputDispatcher         system_server                        D  Focus entered window (0): 1ef55ae com.yourname.smartrecorder/com.yourname.smartrecorder.MainActivity
2025-11-27 16:52:38.746  3773-3773  ViewRootIm...nActivity] com.yourname.smartrecorder           I  MSG_WINDOW_FOCUS_CHANGED 1 0
2025-11-27 16:52:38.746  3773-3773  ViewRootIm...nActivity] com.yourname.smartrecorder           I  mThreadedRenderer.initializeIfNeeded()#2 mSurface={isValid=true 0x723dc35ae0}
2025-11-27 16:52:38.746  3773-3773  InputMethodManager      com.yourname.smartrecorder           D  startInputInner - Id : 0
2025-11-27 16:52:38.746  3773-3773  InputMethodManager      com.yourname.smartrecorder           I  startInputInner - mService.startInputOrWindowGainedFocus
2025-11-27 16:52:38.756  3773-3773  ViewRootIm...nActivity] com.yourname.smartrecorder           I  ViewPostIme pointer 0
2025-11-27 16:52:38.758  4879-4879  Routine@Co...overHelper com.samsung.android.app.routines     I  setLastResumedPackageForCover mLastResumedPackage = com.yourname.smartrecorder
2025-11-27 16:52:38.758  4879-4879  Routine@Co...cleWatcher com.samsung.android.app.routines     I  notifyLifecycleChanged mCurResumedComponent=com.yourname.smartrecorder
2025-11-27 16:52:38.766  1198-1287  GameSDK@LifeCycle       system_server                        I  noteResumeComponent(): package name  : com.yourname.smartrecorder
2025-11-27 16:52:38.767  1198-1287  SGM:GameManager         system_server                        D  identifyGamePackage. com.yourname.smartrecorder, mCurrentUserId: 0, callerUserId: 0, callingMethodInfo: com.android.server.ssrm.SortingMachine.isGame(SortingMachine.java:162)
2025-11-27 16:52:38.767  1198-1287  SGM:PkgDataHelper       system_server                        D  getGamePkgData(). com.yourname.smartrecorder
2025-11-27 16:52:38.767  1198-1287  SGM:FgCheckThread       system_server                        D  noteResumeComponent(), received pkgName: com.yourname.smartrecorder, userId: 0
2025-11-27 16:52:38.767  4879-27030 Routine@Co...stenerImpl com.samsung.android.app.routines     I  onResumeComponent: componentName - ComponentInfo{com.yourname.smartrecorder/com.yourname.smartrecorder.MainActivity}
2025-11-27 16:52:38.767  1198-1539  SGM:FgCheckThread       system_server                        D  onLooperPrepared(), msg: MSG_APP_RESUME, pkgName: com.yourname.smartrecorder, userid: 0
2025-11-27 16:52:38.776  4533-4533  ActivityUtils           com...ndroid.app.cocktailbarservice  I  HomePackage : com.sec.android.app.launcher, resumePackageName : com.yourname.smartrecorder
2025-11-27 16:52:38.806  3773-3773  ViewRootIm...nActivity] com.yourname.smartrecorder           I  ViewPostIme pointer 1
2025-11-27 16:52:38.812  3773-3773  SmartRecorder/ViewModel com.yourname.smartrecorder           D  [SettingsScreen] Event received: RequestNotificationPermission
2025-11-27 16:52:38.812  3773-3773  SmartRecorder/ViewModel com.yourname.smartrecorder           D  [SettingsScreen] RequestNotificationPermission -> hasPermission: false
2025-11-27 16:52:38.812  3773-3773  SmartRecorder/ViewModel com.yourname.smartrecorder           D  [SettingsScreen] Launching notification permission dialog
2025-11-27 16:52:38.815  1198-3876  ActivityTaskManager     system_server                        D  TaskLaunchParamsModifier:task=Task{f0791c4 #22568 type=standard A=10974:com.yourname.smartrecorder U=0 visible=true visibleRequested=true mode=fullscreen translucent=false sz=1} activity=ActivityRecord{b156484 u0 com.google.android.permissioncontroller/com.android.permissioncontroller.permission.ui.GrantPermissionsActivity} t-1} display-area-from-source=DefaultTaskDisplayArea@72262064 display-id=0 display-windowing-mode=1 suggested-display-area=DefaultTaskDisplayArea@72262064 inherit-from-source=fullscreen activity-options-fullscreen=Rect(0, 0 - 0, 0) non-freeform-display display-area=DefaultTaskDisplayArea@72262064 maximized-bounds
2025-11-27 16:52:38.820  1198-3876  ActivityTaskManager     system_server                        D  scheduleTopResumedActivityChanged, onTop=false r=ActivityRecord{be714d7 u0 com.yourname.smartrecorder/.MainActivity} t22568} caller=com.android.server.wm.ActivityTaskSupervisor.updateTopResumedActivityIfNeeded:2510 com.android.server.wm.TaskFragment.setResumedActivity:493 com.android.server.wm.TaskFragment.onActivityStateChanged:790 com.android.server.wm.ActivityRecord.setState:6428 com.android.server.wm.TaskFragment.startPausing:1880 com.android.server.wm.TaskFragment.startPausing:1817 
2025-11-27 16:52:38.835  1198-4344  WindowManager           system_server                        D  rotationForOrientation, orientationSource=ActivityRecord{be714d7 u0 com.yourname.smartrecorder/.MainActivity} t22568}
2025-11-27 16:52:38.841  1198-4344  WindowManager           system_server                        V  Changing focus from Window{1ef55ae u0 com.yourname.smartrecorder/com.yourname.smartrecorder.MainActivity} to null displayId=0 Callers=com.android.server.wm.RootWindowContainer.updateFocusedWindowLocked:595 com.android.server.wm.WindowManagerService.updateFocusedWindowLocked:6810 com.android.server.wm.ActivityTaskManagerService.setResumedActivityUncheckLocked:5766 com.android.server.wm.TaskFragment.onActivityStateChanged:807 
2025-11-27 16:52:38.842  1198-4344  MARsPolicyManager       system_server                        D  onPackageResumedFG pkgName = com.yourname.smartrecorder, userId = 0
2025-11-27 16:52:38.846  1198-4344  WindowManager           system_server                        D  updateSystemBarAttributes: displayId=0, win=Window{94b7cfc u0 com.google.android.youtube/com.google.android.youtube.app.honeycomb.Shell$HomeActivity}, navColorWin=Window{1ef55ae u0 com.yourname.smartrecorder/com.yourname.smartrecorder.MainActivity}, focusedCanBeNavColorWin=false, behavior=2, appearance=16, statusBarAppearanceRegions=[AppearanceRegion{ bounds=[0,0][1440,3088]}], requestedVisibilities=ITYPE_STATUS_BAR: visible, ITYPE_NAVIGATION_BAR: visible, ITYPE_CLIMATE_BAR: visible, ITYPE_EXTRA_NAVIGATION_BAR: visible, ITYPE_LOCAL_NAVIGATION_BAR_1: visible, ITYPE_LOCAL_NAVIGATION_BAR_2: visible, from=com.android.server.wm.DisplayPolicy.focusChangedLw:3251 com.android.server.wm.DisplayContent.updateFocusedWindowLocked:4632 com.android.server.wm.RootWindowContainer.updateFocusedWindowLocked:595 
2025-11-27 16:52:38.851  1198-1287  SGM:FgCheckThread       system_server                        D  notePauseComponent(), received pkgName: com.yourname.smartrecorder, userId: 0
2025-11-27 16:52:38.855  4879-27030 Routine@Co...stenerImpl com.samsung.android.app.routines     I  onPauseComponent: componentName - ComponentInfo{com.yourname.smartrecorder/com.yourname.smartrecorder.MainActivity}
2025-11-27 16:52:38.861   858-858   SurfaceFlinger          surfaceflinger                       I  [1ef55ae com.yourname.smartrecorder/com.yourname.smartrecorder.MainActivity#33931] FrameRatePriority: -1
2025-11-27 16:52:38.878  1198-4344  InputDispatcher         system_server                        D  Focus left window (0): 1ef55ae com.yourname.smartrecorder/com.yourname.smartrecorder.MainActivity
2025-11-27 16:52:38.879  3773-3773  ViewRootIm...nActivity] com.yourname.smartrecorder           I  MSG_WINDOW_FOCUS_CHANGED 0 0
2025-11-27 16:52:38.898  1198-1287  SGM:GameManager         system_server                        D  identifyGamePackage. com.yourname.smartrecorder, mCurrentUserId: 0, callerUserId: 0, callingMethodInfo: com.samsung.android.game.SemGameManager.isGamePackage(SemGameManager.java:104)
2025-11-27 16:52:38.898  1198-1287  SGM:PkgDataHelper       system_server                        D  getGamePkgData(). com.yourname.smartrecorder
2025-11-27 16:52:38.898  1198-1287  SGM:SemGameManager      system_server                        D  isGamePackage(), pkgName=com.yourname.smartrecorder, ret=false
2025-11-27 16:52:38.898  3773-3773  ViewRootIm...nActivity] com.yourname.smartrecorder           I  ViewPostIme pointer 0
2025-11-27 16:52:38.911  1198-1895  ActivityTaskManager     system_server                        D  scheduleTopResumedActivityChanged, onTop=true r=ActivityRecord{be714d7 u0 com.yourname.smartrecorder/.MainActivity} t22568} caller=com.android.server.wm.ActivityTaskSupervisor.scheduleTopResumedActivityStateIfNeeded:2535 com.android.server.wm.ActivityTaskSupervisor.updateTopResumedActivityIfNeeded:2527 com.android.server.wm.TaskFragment.setResumedActivity:493 com.android.server.wm.TaskFragment.onActivityStateChanged:805 com.android.server.wm.ActivityRecord.setState:6428 com.android.server.wm.TaskFragment.resumeTopActivity:1629 
2025-11-27 16:52:38.911  1198-1895  InputDispatcher         system_server                        D  Focused application(0): ActivityRecord{be714d7 u0 com.yourname.smartrecorder/.MainActivity} t22568}
2025-11-27 16:52:38.911  1198-1895  WindowManager           system_server                        V  Changing focus from null to Window{1ef55ae u0 com.yourname.smartrecorder/com.yourname.smartrecorder.MainActivity} displayId=0 Callers=com.android.server.wm.RootWindowContainer.updateFocusedWindowLocked:595 com.android.server.wm.WindowManagerService.updateFocusedWindowLocked:6810 com.android.server.wm.ActivityTaskManagerService.setResumedActivityUncheckLocked:5766 com.android.server.wm.TaskFragment.onActivityStateChanged:807 
2025-11-27 16:52:38.913  1198-1895  WindowManager           system_server                        D  updateSystemBarAttributes: displayId=0, win=Window{1ef55ae u0 com.yourname.smartrecorder/com.yourname.smartrecorder.MainActivity}, navColorWin=Window{1ef55ae u0 com.yourname.smartrecorder/com.yourname.smartrecorder.MainActivity}, focusedCanBeNavColorWin=false, behavior=1, appearance=16, statusBarAppearanceRegions=[AppearanceRegion{ bounds=[0,0][1440,3088]}], requestedVisibilities=, from=com.android.server.wm.DisplayPolicy.focusChangedLw:3251 com.android.server.wm.DisplayContent.updateFocusedWindowLocked:4632 com.android.server.wm.RootWindowContainer.updateFocusedWindowLocked:595 
2025-11-27 16:52:38.913  1198-1895  WindowManager           system_server                        D  rotationForOrientation, orientationSource=ActivityRecord{be714d7 u0 com.yourname.smartrecorder/.MainActivity} t22568}
2025-11-27 16:52:38.916  3773-3773  ViewRootIm...nActivity] com.yourname.smartrecorder           I  stopped(false) old = false
2025-11-27 16:52:38.917  1198-1895  ActivityTaskManager     system_server                        D  mStartingWindow and mStartingData is null for token=ActivityRecord{be714d7 u0 com.yourname.smartrecorder/.MainActivity} t22568}
2025-11-27 16:52:38.917  3773-3773  DecorView               com.yourname.smartrecorder           I  notifyKeepScreenOnChanged: keepScreenOn=false
2025-11-27 16:52:38.919  3773-3773  MSHandlerLifeCycle      com.yourname.smartrecorder           I  removeMultiSplitHandler: no exist. decor=DecorView@85c7806[MainActivity]
2025-11-27 16:52:38.928   858-858   SurfaceFlinger          surfaceflinger                       I  [1ef55ae com.yourname.smartrecorder/com.yourname.smartrecorder.MainActivity#33931] FrameRatePriority: 1
2025-11-27 16:52:38.929   858-979   SurfaceFlinger          surfaceflinger                       D  [input] setFocusedWindow: 1ef55ae com.yourname.smartrecorder/com.yourname.smartrecorder.MainActivity
2025-11-27 16:52:38.929  1198-4344  InputDispatcher         system_server                        D  Focus entered window (0): 1ef55ae com.yourname.smartrecorder/com.yourname.smartrecorder.MainActivity
2025-11-27 16:52:38.932  3773-3773  ViewRootIm...nActivity] com.yourname.smartrecorder           I  performTraversals params={(0,0)(fillxfill) sim={adjust=pan forwardNavigation} layoutInDisplayCutoutMode=always ty=BASE_APPLICATION wanim=0x1030309
                                                                                                      fl=81810100
                                                                                                      pfl=16020040
                                                                                                      vsysui=110
                                                                                                      apr=LIGHT_NAVIGATION_BARS
                                                                                                      bhv=DEFAULT
                                                                                                      fitSides= naviIconColor=0}
2025-11-27 16:52:38.932  3773-3773  ViewRootIm...nActivity] com.yourname.smartrecorder           I  performTraversals mFirst=false windowShouldResize=false viewVisibilityChanged=false mForceNextWindowRelayout=false params={(0,0)(fillxfill) sim={adjust=pan forwardNavigation} layoutInDisplayCutoutMode=always ty=BASE_APPLICATION wanim=0x1030309
                                                                                                      fl=81810100
                                                                                                      pfl=16020040
                                                                                                      vsysui=110
                                                                                                      apr=LIGHT_NAVIGATION_BARS
                                                                                                      bhv=DEFAULT
                                                                                                      fitSides= naviIconColor=0}
2025-11-27 16:52:38.933  1198-4344  WindowManager           system_server                        V  Relayout Window{1ef55ae u0 com.yourname.smartrecorder/com.yourname.smartrecorder.MainActivity}: viewVisibility=0 req=1440x3088 d0
2025-11-27 16:52:38.937  3773-3773  ViewRootIm...nActivity] com.yourname.smartrecorder           I  updateBlastSurfaceIfNeeded mBlastBufferQueue=0x71adc28e50 isSameSurfaceControl=true
2025-11-27 16:52:38.937  3773-3773  BLASTBufferQueue        com.yourname.smartrecorder           I  update, w= 1440 h= 3088 mName = ViewRootImpl@eb901d5[MainActivity] mNativeObject= 0x71adc28e50 sc.mNativeObject= 0x713dc809a0 format= -1 caller= android.view.ViewRootImpl.updateBlastSurfaceIfNeeded:2898 android.view.ViewRootImpl.relayoutWindow:9847 android.view.ViewRootImpl.performTraversals:3884 android.view.ViewRootImpl.doTraversal:3116 android.view.ViewRootImpl$TraversalRunnable.run:10885 android.view.Choreographer$CallbackRecord.run:1301 
2025-11-27 16:52:38.937  3773-3773  ViewRootIm...nActivity] com.yourname.smartrecorder           I  Relayout returned: old=(0,0,1440,3088) new=(0,0,1440,3088) req=(1440,3088)0 dur=5 res=0x0 s={true 0x723dc35ae0} ch=false seqId=0
2025-11-27 16:52:38.937  3773-3773  ViewRootIm...nActivity] com.yourname.smartrecorder           I  MSG_WINDOW_FOCUS_CHANGED 1 0
2025-11-27 16:52:38.937  3773-3773  ViewRootIm...nActivity] com.yourname.smartrecorder           I  mThreadedRenderer.initializeIfNeeded()#2 mSurface={isValid=true 0x723dc35ae0}
2025-11-27 16:52:38.938  3773-3773  InputMethodManager      com.yourname.smartrecorder           D  startInputInner - Id : 0
2025-11-27 16:52:38.938  3773-3773  InputMethodManager      com.yourname.smartrecorder           I  startInputInner - mService.startInputOrWindowGainedFocus
2025-11-27 16:52:38.938  4533-4533  ActivityUtils           com...ndroid.app.cocktailbarservice  I  HomePackage : com.sec.android.app.launcher, resumePackageName : com.yourname.smartrecorder
2025-11-27 16:52:38.940  1198-1287  GameSDK@LifeCycle       system_server                        I  noteResumeComponent(): package name  : com.yourname.smartrecorder
2025-11-27 16:52:38.940  1198-1287  SGM:GameManager         system_server                        D  identifyGamePackage. com.yourname.smartrecorder, mCurrentUserId: 0, callerUserId: 0, callingMethodInfo: com.android.server.ssrm.SortingMachine.isGame(SortingMachine.java:162)
2025-11-27 16:52:38.940  1198-1287  SGM:PkgDataHelper       system_server                        D  getGamePkgData(). com.yourname.smartrecorder
2025-11-27 16:52:38.940  1198-1287  SGM:FgCheckThread       system_server                        D  noteResumeComponent(), received pkgName: com.yourname.smartrecorder, userId: 0
2025-11-27 16:52:38.940  4879-14050 Routine@Co...stenerImpl com.samsung.android.app.routines     I  onResumeComponent: componentName - ComponentInfo{com.yourname.smartrecorder/com.yourname.smartrecorder.MainActivity}
2025-11-27 16:52:38.941  1198-1539  SGM:FgCheckThread       system_server                        D  onLooperPrepared(), msg: MSG_APP_RESUME, pkgName: com.yourname.smartrecorder, userid: 0
2025-11-27 16:52:38.949  1198-1198  SGM:GameManager         system_server                        D  identifyGamePackage. com.yourname.smartrecorder, mCurrentUserId: 0, callerUserId: 0, callingMethodInfo: com.android.server.ssrm.fgapps.GameAppUtils.isGame(GameAppUtils.java:84)
2025-11-27 16:52:38.949  1198-1198  SGM:PkgDataHelper       system_server                        D  getGamePkgData(). com.yourname.smartrecorder
2025-11-27 16:52:38.950  1198-1198  SGM:GameManager         system_server                        D  identifyGamePackage. com.yourname.smartrecorder, mCurrentUserId: 0, callerUserId: 0, callingMethodInfo: com.android.server.ssrm.fgapps.GameAppUtils.isGame(GameAppUtils.java:84)
2025-11-27 16:52:38.950  1198-1198  SGM:PkgDataHelper       system_server                        D  getGamePkgData(). com.yourname.smartrecorder
2025-11-27 16:52:38.950  3773-3773  ViewRootIm...nActivity] com.yourname.smartrecorder           I  ViewPostIme pointer 1
2025-11-27 16:52:38.954  3773-3773  SmartRecorder/ViewModel com.yourname.smartrecorder           D  [SettingsScreen] Event received: RequestNotificationPermission
2025-11-27 16:52:38.954  3773-3773  SmartRecorder/ViewModel com.yourname.smartrecorder           D  [SettingsScreen] RequestNotificationPermission -> hasPermission: false
2025-11-27 16:52:38.954  3773-3773  SmartRecorder/ViewModel com.yourname.smartrecorder           D  [SettingsScreen] Launching notification permission dialog
2025-11-27 16:52:38.958  1198-1895  ActivityTaskManager     system_server                        D  TaskLaunchParamsModifier:task=Task{f0791c4 #22568 type=standard A=10974:com.yourname.smartrecorder U=0 visible=true visibleRequested=true mode=fullscreen translucent=false sz=1} activity=ActivityRecord{be847f9 u0 com.google.android.permissioncontroller/com.android.permissioncontroller.permission.ui.GrantPermissionsActivity} t-1} display-area-from-source=DefaultTaskDisplayArea@72262064 display-id=0 display-windowing-mode=1 suggested-display-area=DefaultTaskDisplayArea@72262064 inherit-from-source=fullscreen activity-options-fullscreen=Rect(0, 0 - 0, 0) non-freeform-display display-area=DefaultTaskDisplayArea@72262064 maximized-bounds
2025-11-27 16:52:38.961  1198-1895  ActivityTaskManager     system_server                        D  scheduleTopResumedActivityChanged, onTop=false r=ActivityRecord{be714d7 u0 com.yourname.smartrecorder/.MainActivity} t22568} caller=com.android.server.wm.ActivityTaskSupervisor.updateTopResumedActivityIfNeeded:2510 com.android.server.wm.TaskFragment.setResumedActivity:493 com.android.server.wm.TaskFragment.onActivityStateChanged:790 com.android.server.wm.ActivityRecord.setState:6428 com.android.server.wm.TaskFragment.startPausing:1880 com.android.server.wm.TaskFragment.startPausing:1817 
2025-11-27 16:52:38.972  1198-1901  WindowManager           system_server                        D  rotationForOrientation, orientationSource=ActivityRecord{be714d7 u0 com.yourname.smartrecorder/.MainActivity} t22568}
2025-11-27 16:52:38.975  1198-1901  WindowManager           system_server                        V  Changing focus from Window{1ef55ae u0 com.yourname.smartrecorder/com.yourname.smartrecorder.MainActivity} to null displayId=0 Callers=com.android.server.wm.RootWindowContainer.updateFocusedWindowLocked:595 com.android.server.wm.WindowManagerService.updateFocusedWindowLocked:6810 com.android.server.wm.ActivityTaskManagerService.setResumedActivityUncheckLocked:5766 com.android.server.wm.TaskFragment.onActivityStateChanged:807 
2025-11-27 16:52:38.975  1198-1901  MARsPolicyManager       system_server                        D  onPackageResumedFG pkgName = com.yourname.smartrecorder, userId = 0
2025-11-27 16:52:38.977  1198-1901  WindowManager           system_server                        D  updateSystemBarAttributes: displayId=0, win=Window{94b7cfc u0 com.google.android.youtube/com.google.android.youtube.app.honeycomb.Shell$HomeActivity}, navColorWin=Window{1ef55ae u0 com.yourname.smartrecorder/com.yourname.smartrecorder.MainActivity}, focusedCanBeNavColorWin=false, behavior=2, appearance=16, statusBarAppearanceRegions=[AppearanceRegion{ bounds=[0,0][1440,3088]}], requestedVisibilities=ITYPE_STATUS_BAR: visible, ITYPE_NAVIGATION_BAR: visible, ITYPE_CLIMATE_BAR: visible, ITYPE_EXTRA_NAVIGATION_BAR: visible, ITYPE_LOCAL_NAVIGATION_BAR_1: visible, ITYPE_LOCAL_NAVIGATION_BAR_2: visible, from=com.android.server.wm.DisplayPolicy.focusChangedLw:3251 com.android.server.wm.DisplayContent.updateFocusedWindowLocked:4632 com.android.server.wm.RootWindowContainer.updateFocusedWindowLocked:595 
2025-11-27 16:52:38.981  1198-1287  SGM:FgCheckThread       system_server                        D  notePauseComponent(), received pkgName: com.yourname.smartrecorder, userId: 0
2025-11-27 16:52:38.985  4879-27030 Routine@Co...stenerImpl com.samsung.android.app.routines     I  onPauseComponent: componentName - ComponentInfo{com.yourname.smartrecorder/com.yourname.smartrecorder.MainActivity}
2025-11-27 16:52:38.994   858-858   SurfaceFlinger          surfaceflinger                       I  [1ef55ae com.yourname.smartrecorder/com.yourname.smartrecorder.MainActivity#33931] FrameRatePriority: -1
2025-11-27 16:52:38.996  1198-1901  InputDispatcher         system_server                        D  Focus left window (0): 1ef55ae com.yourname.smartrecorder/com.yourname.smartrecorder.MainActivity
2025-11-27 16:52:38.996  3773-3773  ViewRootIm...nActivity] com.yourname.smartrecorder           I  MSG_WINDOW_FOCUS_CHANGED 0 0
2025-11-27 16:52:39.022  1198-1895  ActivityTaskManager     system_server                        D  scheduleTopResumedActivityChanged, onTop=true r=ActivityRecord{be714d7 u0 com.yourname.smartrecorder/.MainActivity} t22568} caller=com.android.server.wm.ActivityTaskSupervisor.scheduleTopResumedActivityStateIfNeeded:2535 com.android.server.wm.ActivityTaskSupervisor.updateTopResumedActivityIfNeeded:2527 com.android.server.wm.TaskFragment.setResumedActivity:493 com.android.server.wm.TaskFragment.onActivityStateChanged:805 com.android.server.wm.ActivityRecord.setState:6428 com.android.server.wm.TaskFragment.resumeTopActivity:1629 
2025-11-27 16:52:39.023  1198-1895  InputDispatcher         system_server                        D  Focused application(0): ActivityRecord{be714d7 u0 com.yourname.smartrecorder/.MainActivity} t22568}
2025-11-27 16:52:39.023  1198-1895  WindowManager           system_server                        V  Changing focus from null to Window{1ef55ae u0 com.yourname.smartrecorder/com.yourname.smartrecorder.MainActivity} displayId=0 Callers=com.android.server.wm.RootWindowContainer.updateFocusedWindowLocked:595 com.android.server.wm.WindowManagerService.updateFocusedWindowLocked:6810 com.android.server.wm.ActivityTaskManagerService.setResumedActivityUncheckLocked:5766 com.android.server.wm.TaskFragment.onActivityStateChanged:807 
2025-11-27 16:52:39.025  1198-1895  WindowManager           system_server                        D  updateSystemBarAttributes: displayId=0, win=Window{1ef55ae u0 com.yourname.smartrecorder/com.yourname.smartrecorder.MainActivity}, navColorWin=Window{1ef55ae u0 com.yourname.smartrecorder/com.yourname.smartrecorder.MainActivity}, focusedCanBeNavColorWin=false, behavior=1, appearance=16, statusBarAppearanceRegions=[AppearanceRegion{ bounds=[0,0][1440,3088]}], requestedVisibilities=, from=com.android.server.wm.DisplayPolicy.focusChangedLw:3251 com.android.server.wm.DisplayContent.updateFocusedWindowLocked:4632 com.android.server.wm.RootWindowContainer.updateFocusedWindowLocked:595 
2025-11-27 16:52:39.026  1198-1895  WindowManager           system_server                        D  rotationForOrientation, orientationSource=ActivityRecord{be714d7 u0 com.yourname.smartrecorder/.MainActivity} t22568}
2025-11-27 16:52:39.030  3773-3773  ViewRootIm...nActivity] com.yourname.smartrecorder           I  stopped(false) old = false
2025-11-27 16:52:39.031  3773-3773  DecorView               com.yourname.smartrecorder           I  notifyKeepScreenOnChanged: keepScreenOn=false
2025-11-27 16:52:39.031  1198-1895  ActivityTaskManager     system_server                        D  mStartingWindow and mStartingData is null for token=ActivityRecord{be714d7 u0 com.yourname.smartrecorder/.MainActivity} t22568}
2025-11-27 16:52:39.036  3773-3773  MSHandlerLifeCycle      com.yourname.smartrecorder           I  removeMultiSplitHandler: no exist. decor=DecorView@85c7806[MainActivity]
2025-11-27 16:52:39.044   858-858   SurfaceFlinger          surfaceflinger                       I  [1ef55ae com.yourname.smartrecorder/com.yourname.smartrecorder.MainActivity#33931] FrameRatePriority: 1
2025-11-27 16:52:39.046   858-979   SurfaceFlinger          surfaceflinger                       D  [input] setFocusedWindow: 1ef55ae com.yourname.smartrecorder/com.yourname.smartrecorder.MainActivity
2025-11-27 16:52:39.046  1198-4344  InputDispatcher         system_server                        D  Focus entered window (0): 1ef55ae com.yourname.smartrecorder/com.yourname.smartrecorder.MainActivity
2025-11-27 16:52:39.048  3773-3773  ViewRootIm...nActivity] com.yourname.smartrecorder           I  performTraversals params={(0,0)(fillxfill) sim={adjust=pan forwardNavigation} layoutInDisplayCutoutMode=always ty=BASE_APPLICATION wanim=0x1030309
                                                                                                      fl=81810100
                                                                                                      pfl=16020040
                                                                                                      vsysui=110
                                                                                                      apr=LIGHT_NAVIGATION_BARS
                                                                                                      bhv=DEFAULT
                                                                                                      fitSides= naviIconColor=0}
2025-11-27 16:52:39.050  3773-3773  ViewRootIm...nActivity] com.yourname.smartrecorder           I  performTraversals mFirst=false windowShouldResize=false viewVisibilityChanged=false mForceNextWindowRelayout=false params={(0,0)(fillxfill) sim={adjust=pan forwardNavigation} layoutInDisplayCutoutMode=always ty=BASE_APPLICATION wanim=0x1030309
                                                                                                      fl=81810100
                                                                                                      pfl=16020040
                                                                                                      vsysui=110
                                                                                                      apr=LIGHT_NAVIGATION_BARS
                                                                                                      bhv=DEFAULT
                                                                                                      fitSides= naviIconColor=0}
2025-11-27 16:52:39.051  1198-4344  WindowManager           system_server                        V  Relayout Window{1ef55ae u0 com.yourname.smartrecorder/com.yourname.smartrecorder.MainActivity}: viewVisibility=0 req=1440x3088 d0
2025-11-27 16:52:39.055  4533-4533  ActivityUtils           com...ndroid.app.cocktailbarservice  I  HomePackage : com.sec.android.app.launcher, resumePackageName : com.yourname.smartrecorder
2025-11-27 16:52:39.056  3773-3773  ViewRootIm...nActivity] com.yourname.smartrecorder           I  updateBlastSurfaceIfNeeded mBlastBufferQueue=0x71adc28e50 isSameSurfaceControl=true
2025-11-27 16:52:39.056  1198-1287  SGM:GameManager         system_server                        D  identifyGamePackage. com.yourname.smartrecorder, mCurrentUserId: 0, callerUserId: 0, callingMethodInfo: com.samsung.android.game.SemGameManager.isGamePackage(SemGameManager.java:104)
2025-11-27 16:52:39.056  3773-3773  BLASTBufferQueue        com.yourname.smartrecorder           I  update, w= 1440 h= 3088 mName = ViewRootImpl@eb901d5[MainActivity] mNativeObject= 0x71adc28e50 sc.mNativeObject= 0x713dc8c760 format= -1 caller= android.view.ViewRootImpl.updateBlastSurfaceIfNeeded:2898 android.view.ViewRootImpl.relayoutWindow:9847 android.view.ViewRootImpl.performTraversals:3884 android.view.ViewRootImpl.doTraversal:3116 android.view.ViewRootImpl$TraversalRunnable.run:10885 android.view.Choreographer$CallbackRecord.run:1301 
2025-11-27 16:52:39.056  1198-1287  SGM:PkgDataHelper       system_server                        D  getGamePkgData(). com.yourname.smartrecorder
2025-11-27 16:52:39.056  1198-1287  SGM:SemGameManager      system_server                        D  isGamePackage(), pkgName=com.yourname.smartrecorder, ret=false
2025-11-27 16:52:39.056  3773-3773  ViewRootIm...nActivity] com.yourname.smartrecorder           I  Relayout returned: old=(0,0,1440,3088) new=(0,0,1440,3088) req=(1440,3088)0 dur=6 res=0x0 s={true 0x723dc35ae0} ch=false seqId=0
2025-11-27 16:52:39.056  1198-1287  GameSDK@LifeCycle       system_server                        I  noteResumeComponent(): package name  : com.yourname.smartrecorder
2025-11-27 16:52:39.057  1198-1287  SGM:GameManager         system_server                        D  identifyGamePackage. com.yourname.smartrecorder, mCurrentUserId: 0, callerUserId: 0, callingMethodInfo: com.android.server.ssrm.SortingMachine.isGame(SortingMachine.java:162)
2025-11-27 16:52:39.057  1198-1287  SGM:PkgDataHelper       system_server                        D  getGamePkgData(). com.yourname.smartrecorder
2025-11-27 16:52:39.057  1198-1287  SGM:FgCheckThread       system_server                        D  noteResumeComponent(), received pkgName: com.yourname.smartrecorder, userId: 0
2025-11-27 16:52:39.057  1198-1539  SGM:FgCheckThread       system_server                        D  onLooperPrepared(), msg: MSG_APP_RESUME, pkgName: com.yourname.smartrecorder, userid: 0
2025-11-27 16:52:39.057  4879-27030 Routine@Co...stenerImpl com.samsung.android.app.routines     I  onResumeComponent: componentName - ComponentInfo{com.yourname.smartrecorder/com.yourname.smartrecorder.MainActivity}
2025-11-27 16:52:39.057  3773-3773  ViewRootIm...nActivity] com.yourname.smartrecorder           I  MSG_WINDOW_FOCUS_CHANGED 1 0
2025-11-27 16:52:39.057  3773-3773  ViewRootIm...nActivity] com.yourname.smartrecorder           I  mThreadedRenderer.initializeIfNeeded()#2 mSurface={isValid=true 0x723dc35ae0}
2025-11-27 16:52:39.058  3773-3773  InputMethodManager      com.yourname.smartrecorder           D  startInputInner - Id : 0
2025-11-27 16:52:39.058  3773-3773  InputMethodManager      com.yourname.smartrecorder           I  startInputInner - mService.startInputOrWindowGainedFocus
2025-11-27 16:52:39.065  3773-3773  ViewRootIm...nActivity] com.yourname.smartrecorder           I  ViewPostIme pointer 0
2025-11-27 16:52:39.115  3773-3773  ViewRootIm...nActivity] com.yourname.smartrecorder           I  ViewPostIme pointer 1
2025-11-27 16:52:39.117  3773-3773  SmartRecorder/ViewModel com.yourname.smartrecorder           D  [SettingsScreen] Event received: RequestNotificationPermission
2025-11-27 16:52:39.117  3773-3773  SmartRecorder/ViewModel com.yourname.smartrecorder           D  [SettingsScreen] RequestNotificationPermission -> hasPermission: false
2025-11-27 16:52:39.117  3773-3773  SmartRecorder/ViewModel com.yourname.smartrecorder           D  [SettingsScreen] Launching notification permission dialog
2025-11-27 16:52:39.118  1198-3876  ActivityTaskManager     system_server                        D  TaskLaunchParamsModifier:task=Task{f0791c4 #22568 type=standard A=10974:com.yourname.smartrecorder U=0 visible=true visibleRequested=true mode=fullscreen translucent=false sz=1} activity=ActivityRecord{49c6394 u0 com.google.android.permissioncontroller/com.android.permissioncontroller.permission.ui.GrantPermissionsActivity} t-1} display-area-from-source=DefaultTaskDisplayArea@72262064 display-id=0 display-windowing-mode=1 suggested-display-area=DefaultTaskDisplayArea@72262064 inherit-from-source=fullscreen activity-options-fullscreen=Rect(0, 0 - 0, 0) non-freeform-display display-area=DefaultTaskDisplayArea@72262064 maximized-bounds
2025-11-27 16:52:39.120  1198-3876  ActivityTaskManager     system_server                        D  scheduleTopResumedActivityChanged, onTop=false r=ActivityRecord{be714d7 u0 com.yourname.smartrecorder/.MainActivity} t22568} caller=com.android.server.wm.ActivityTaskSupervisor.updateTopResumedActivityIfNeeded:2510 com.android.server.wm.TaskFragment.setResumedActivity:493 com.android.server.wm.TaskFragment.onActivityStateChanged:790 com.android.server.wm.ActivityRecord.setState:6428 com.android.server.wm.TaskFragment.startPausing:1880 com.android.server.wm.TaskFragment.startPausing:1817 
2025-11-27 16:52:39.125  1198-3876  WindowManager           system_server                        D  rotationForOrientation, orientationSource=ActivityRecord{be714d7 u0 com.yourname.smartrecorder/.MainActivity} t22568}
2025-11-27 16:52:39.127  1198-3876  WindowManager           system_server                        V  Changing focus from Window{1ef55ae u0 com.yourname.smartrecorder/com.yourname.smartrecorder.MainActivity} to null displayId=0 Callers=com.android.server.wm.RootWindowContainer.updateFocusedWindowLocked:595 com.android.server.wm.WindowManagerService.updateFocusedWindowLocked:6810 com.android.server.wm.ActivityTaskManagerService.setResumedActivityUncheckLocked:5766 com.android.server.wm.TaskFragment.onActivityStateChanged:807 
2025-11-27 16:52:39.127  1198-3876  MARsPolicyManager       system_server                        D  onPackageResumedFG pkgName = com.yourname.smartrecorder, userId = 0
2025-11-27 16:52:39.129  1198-3876  WindowManager           system_server                        D  updateSystemBarAttributes: displayId=0, win=Window{94b7cfc u0 com.google.android.youtube/com.google.android.youtube.app.honeycomb.Shell$HomeActivity}, navColorWin=Window{1ef55ae u0 com.yourname.smartrecorder/com.yourname.smartrecorder.MainActivity}, focusedCanBeNavColorWin=false, behavior=2, appearance=16, statusBarAppearanceRegions=[AppearanceRegion{ bounds=[0,0][1440,3088]}], requestedVisibilities=ITYPE_STATUS_BAR: visible, ITYPE_NAVIGATION_BAR: visible, ITYPE_CLIMATE_BAR: visible, ITYPE_EXTRA_NAVIGATION_BAR: visible, ITYPE_LOCAL_NAVIGATION_BAR_1: visible, ITYPE_LOCAL_NAVIGATION_BAR_2: visible, from=com.android.server.wm.DisplayPolicy.focusChangedLw:3251 com.android.server.wm.DisplayContent.updateFocusedWindowLocked:4632 com.android.server.wm.RootWindowContainer.updateFocusedWindowLocked:595 
2025-11-27 16:52:39.133  1198-1287  SGM:FgCheckThread       system_server                        D  notePauseComponent(), received pkgName: com.yourname.smartrecorder, userId: 0
2025-11-27 16:52:39.136  4879-14050 Routine@Co...stenerImpl com.samsung.android.app.routines     I  onPauseComponent: componentName - ComponentInfo{com.yourname.smartrecorder/com.yourname.smartrecorder.MainActivity}
2025-11-27 16:52:39.145   858-858   SurfaceFlinger          surfaceflinger                       I  [1ef55ae com.yourname.smartrecorder/com.yourname.smartrecorder.MainActivity#33931] FrameRatePriority: -1
2025-11-27 16:52:39.162  1198-3876  InputDispatcher         system_server                        D  Focus left window (0): 1ef55ae com.yourname.smartrecorder/com.yourname.smartrecorder.MainActivity
2025-11-27 16:52:39.163  3773-3773  ViewRootIm...nActivity] com.yourname.smartrecorder           I  MSG_WINDOW_FOCUS_CHANGED 0 0
