2025-11-27 04:18:54.334  1198-1634  SemWifiTra...LayerUtils system_server                        W  getApplicationCategory - IOException com.yourname.smartrecorder
2025-11-27 04:18:54.334  1198-1634  System.err              system_server                        W  java.io.FileNotFoundException: https://play.google.com/store/apps/details?id=com.yourname.smartrecorder&hl=en
2025-11-27 04:18:54.413  1198-2005  MdnieScena...rolService system_server                        D   packageName : com.yourname.smartrecorder    className : com.yourname.smartrecorder.MainActivity
2025-11-27 04:18:54.414  1198-1219  WindowManager           system_server                        I  Reparenting to leash, surface=Surface(name=557593d SnapshotStartingWindow for taskId=22494)/@0xd807642, leashParent=Surface(name=ActivityRecord{8ee2f19 u0 com.yourname.smartrecorder/.MainActivity} t22494})/@0xad646a4
2025-11-27 04:18:54.568  1198-1288  WindowManager           system_server                        I  Reparenting to original parent: Surface(name=ActivityRecord{8ee2f19 u0 com.yourname.smartrecorder/.MainActivity} t22494})/@0xad646a4, destroy=true, surface=Surface(name=557593d SnapshotStartingWindow for taskId=22494)/@0xd807642
2025-11-27 04:18:54.580  1198-7983  SGM:GameManager         system_server                        D  identifyGamePackage. com.yourname.smartrecorder, mCurrentUserId: 0, callerUserId: 0, callingMethodInfo: com.android.server.ssrm.SortingMachine.isGame(SortingMachine.java:162)
2025-11-27 04:18:54.580  1198-7983  SGM:PkgDataHelper       system_server                        D  getGamePkgData(). com.yourname.smartrecorder
2025-11-27 04:18:54.588  1198-3312  WindowManager           system_server                        D  	container=Task{136d08c #22494 type=standard A=10945:com.yourname.smartrecorder U=0 visible=true visibleRequested=true mode=fullscreen translucent=false sz=1}
2025-11-27 04:18:54.589   858-858   SurfaceFlinger          surfaceflinger                       D  Display 4633128672291735937 HWC layers:
                                                                                                         DEVICE | 0x70f52da4f0 | 0100 | RGBx_8888    |  120.0    0.0 1200.0 2316.0 |    0    0 1440 3088 | Wallpaper BBQ wrapper#4633
                                                                                                         DEVICE | 0x70f52eec50 | 0100 | RGBA_8888    |    0.0    0.0 1440.0 3088.0 |    0    0 1440 3088 | com.sec.android.app.launcher/com.sec[...]ivities.LauncherActivity$_2188#25580
                                                                                                         CLIENT | 0x70f529db30 | 0102 | RGBA_8888    |    0.0    0.0 1440.0 3088.0 |    0    1 1440 3087 | com.yourname.smartrecorder/com.yourn[...]artrecorder.MainActivity$_7901#25590
                                                                                                         DEVICE | 0x70f52df830 | 0100 | RGBA_8888    |    0.0    0.0 1440.0   90.0 |    0    0 1440   90 | StatusBar$_22947#4630
                                                                                                         DEVICE | 0x70f52d52d0 | 0100 | RGBA_8888    |    0.0    0.0   67.0  708.0 | 1373  391 1440 1099 | com.samsung.android.app.cocktailbars[...]rvice.CocktailBarService$_4533#25417
                                                                                                         DEVICE | 0x70f52e4270 | 0100 | RGBA_8888    |    0.0    0.0 1440.0  168.0 |    0 2920 1440 3088 | NavigationBar0$_22947#4625
2025-11-27 04:18:54.605   858-858   SurfaceFlinger          surfaceflinger                       D  Display 4633128672291735937 HWC layers:
                                                                                                         DEVICE | 0x70f529db30 | 0102 | RGBA_8888    |    0.0    0.0 1440.0 3088.0 |    0    0 1440 3088 | com.yourname.smartrecorder/com.yourn[...]artrecorder.MainActivity$_7901#25590
                                                                                                         DEVICE | 0x70f52df830 | 0100 | RGBA_8888    |    0.0    0.0 1440.0   90.0 |    0    0 1440   90 | StatusBar$_22947#4630
                                                                                                         DEVICE | 0x70f52d52d0 | 0100 | RGBA_8888    |    0.0    0.0   67.0  708.0 | 1373  391 1440 1099 | com.samsung.android.app.cocktailbars[...]rvice.CocktailBarService$_4533#25417
                                                                                                         DEVICE | 0x70f52e4270 | 0100 | RGBA_8888    |    0.0    0.0 1440.0  168.0 |    0 2920 1440 3088 | NavigationBar0$_22947#4625
2025-11-27 04:18:54.764  1198-2005  MdnieScena...rolService system_server                        D   packageName : com.yourname.smartrecorder    className : com.yourname.smartrecorder.MainActivity
2025-11-27 04:18:54.828  1198-1287  SGM:GameManager         system_server                        D  identifyForegroundApp. com.yourname.smartrecorder, mCurrentUserId: 0, callerUserId: 0
2025-11-27 04:18:54.828  1198-1287  SGM:PkgDataHelper       system_server                        D  getGamePkgData(). com.yourname.smartrecorder
2025-11-27 04:18:55.008  7901-7901  ViewRootIm...nActivity] com.yourname.smartrecorder           I  ViewPostIme pointer 0
2025-11-27 04:18:55.066  7901-7901  ViewRootIm...nActivity] com.yourname.smartrecorder           I  ViewPostIme pointer 1
2025-11-27 04:18:55.476  4879-4879  Routine@Co...overHelper com.samsung.android.app.routines     I  setLastResumedPackageForCover mLastResumedPackage = com.yourname.smartrecorder
2025-11-27 04:18:55.476  4879-4879  Routine@Co...cleWatcher com.samsung.android.app.routines     I  notifyLifecycleChanged mCurResumedComponent=com.yourname.smartrecorder
2025-11-27 04:18:58.609  7901-7901  ViewRootIm...nActivity] com.yourname.smartrecorder           I  ViewPostIme pointer 0
2025-11-27 04:18:58.692  7901-7901  ViewRootIm...nActivity] com.yourname.smartrecorder           I  ViewPostIme pointer 1
2025-11-27 04:18:59.684  7901-7901  ViewRootIm...nActivity] com.yourname.smartrecorder           I  ViewPostIme pointer 0
2025-11-27 04:18:59.735  7901-7901  ViewRootIm...nActivity] com.yourname.smartrecorder           I  ViewPostIme pointer 1
2025-11-27 04:18:59.742  1198-1219  ActivityTaskManager     system_server                        D  TaskLaunchParamsModifier:task=Task{136d08c #22494 type=standard A=10945:com.yourname.smartrecorder U=0 visible=true visibleRequested=true mode=fullscreen translucent=false sz=1} activity=ActivityRecord{a2c5d3e u0 com.google.android.permissioncontroller/com.android.permissioncontroller.permission.ui.GrantPermissionsActivity} t-1} display-area-from-source=DefaultTaskDisplayArea@72262064 display-id=0 display-windowing-mode=1 suggested-display-area=DefaultTaskDisplayArea@72262064 inherit-from-source=fullscreen activity-options-fullscreen=Rect(0, 0 - 0, 0) non-freeform-display display-area=DefaultTaskDisplayArea@72262064 maximized-bounds
2025-11-27 04:18:59.745  1198-1219  ActivityTaskManager     system_server                        D  scheduleTopResumedActivityChanged, onTop=false r=ActivityRecord{8ee2f19 u0 com.yourname.smartrecorder/.MainActivity} t22494} caller=com.android.server.wm.ActivityTaskSupervisor.updateTopResumedActivityIfNeeded:2510 com.android.server.wm.TaskFragment.setResumedActivity:493 com.android.server.wm.TaskFragment.onActivityStateChanged:790 com.android.server.wm.ActivityRecord.setState:6428 com.android.server.wm.TaskFragment.startPausing:1880 com.android.server.wm.TaskFragment.startPausing:1817 
2025-11-27 04:18:59.755  1198-1903  WindowManager           system_server                        D  rotationForOrientation, orientationSource=ActivityRecord{8ee2f19 u0 com.yourname.smartrecorder/.MainActivity} t22494}
2025-11-27 04:18:59.757  1198-1903  WindowManager           system_server                        V  Changing focus from Window{704b19d u0 com.yourname.smartrecorder/com.yourname.smartrecorder.MainActivity} to null displayId=0 Callers=com.android.server.wm.RootWindowContainer.updateFocusedWindowLocked:595 com.android.server.wm.WindowManagerService.updateFocusedWindowLocked:6810 com.android.server.wm.ActivityTaskManagerService.setResumedActivityUncheckLocked:5766 com.android.server.wm.TaskFragment.onActivityStateChanged:807 
2025-11-27 04:18:59.757  1198-1903  MARsPolicyManager       system_server                        D  onPackageResumedFG pkgName = com.yourname.smartrecorder, userId = 0
2025-11-27 04:18:59.770  1198-1287  SGM:FgCheckThread       system_server                        D  notePauseComponent(), received pkgName: com.yourname.smartrecorder, userId: 0
2025-11-27 04:18:59.770  4879-20157 Routine@Co...stenerImpl com.samsung.android.app.routines     I  onPauseComponent: componentName - ComponentInfo{com.yourname.smartrecorder/com.yourname.smartrecorder.MainActivity}
2025-11-27 04:18:59.785   858-858   SurfaceFlinger          surfaceflinger                       I  [704b19d com.yourname.smartrecorder/com.yourname.smartrecorder.MainActivity#25426] FrameRatePriority: -1
2025-11-27 04:18:59.791  1198-1903  InputDispatcher         system_server                        D  Focus left window (0): 704b19d com.yourname.smartrecorder/com.yourname.smartrecorder.MainActivity
2025-11-27 04:18:59.792  7901-7901  ViewRootIm...nActivity] com.yourname.smartrecorder           I  MSG_WINDOW_FOCUS_CHANGED 0 0
2025-11-27 04:18:59.811  1198-1903  WindowManager           system_server                        D  updateSystemBarAttributes: displayId=0, win=Window{74d14f1 u0 com.google.android.permissioncontroller/com.android.permissioncontroller.permission.ui.GrantPermissionsActivity}, navColorWin=Window{704b19d u0 com.yourname.smartrecorder/com.yourname.smartrecorder.MainActivity}, focusedCanBeNavColorWin=false, behavior=1, appearance=16, statusBarAppearanceRegions=[AppearanceRegion{ bounds=[0,0][1440,3088]}], requestedVisibilities=, from=com.android.server.wm.DisplayPolicy.focusChangedLw:3251 com.android.server.wm.DisplayContent.updateFocusedWindowLocked:4632 com.android.server.wm.RootWindowContainer.updateFocusedWindowLocked:595 
2025-11-27 04:18:59.840  1198-1903  MARsPolicyManager       system_server                        D  onPackageResumedFG pkgName = com.yourname.smartrecorder, userId = 0
2025-11-27 04:18:59.842  1198-1903  ActivityTaskManager     system_server                        D  scheduleTopResumedActivityChanged, onTop=true r=ActivityRecord{8ee2f19 u0 com.yourname.smartrecorder/.MainActivity} t22494} caller=com.android.server.wm.ActivityTaskSupervisor.scheduleTopResumedActivityStateIfNeeded:2535 com.android.server.wm.ActivityTaskSupervisor.updateTopResumedActivityIfNeeded:2527 com.android.server.wm.TaskFragment.setResumedActivity:493 com.android.server.wm.TaskFragment.onActivityStateChanged:805 com.android.server.wm.ActivityRecord.setState:6428 com.android.server.wm.TaskFragment.resumeTopActivity:1629 
2025-11-27 04:18:59.842  1198-1903  InputDispatcher         system_server                        D  Focused application(0): ActivityRecord{8ee2f19 u0 com.yourname.smartrecorder/.MainActivity} t22494}
2025-11-27 04:18:59.843  1198-1903  WindowManager           system_server                        V  Changing focus from Window{74d14f1 u0 com.google.android.permissioncontroller/com.android.permissioncontroller.permission.ui.GrantPermissionsActivity} to Window{704b19d u0 com.yourname.smartrecorder/com.yourname.smartrecorder.MainActivity} displayId=0 Callers=com.android.server.wm.RootWindowContainer.updateFocusedWindowLocked:595 com.android.server.wm.WindowManagerService.updateFocusedWindowLocked:6810 com.android.server.wm.ActivityTaskManagerService.setResumedActivityUncheckLocked:5766 com.android.server.wm.TaskFragment.onActivityStateChanged:807 
2025-11-27 04:18:59.844  1198-1903  WindowManager           system_server                        D  updateSystemBarAttributes: displayId=0, win=Window{704b19d u0 com.yourname.smartrecorder/com.yourname.smartrecorder.MainActivity}, navColorWin=Window{704b19d u0 com.yourname.smartrecorder/com.yourname.smartrecorder.MainActivity}, focusedCanBeNavColorWin=false, behavior=1, appearance=16, statusBarAppearanceRegions=[AppearanceRegion{ bounds=[0,0][1440,3088]}], requestedVisibilities=, from=com.android.server.wm.DisplayPolicy.focusChangedLw:3251 com.android.server.wm.DisplayContent.updateFocusedWindowLocked:4632 com.android.server.wm.RootWindowContainer.updateFocusedWindowLocked:595 
2025-11-27 04:18:59.845  1198-1903  WindowManager           system_server                        D  rotationForOrientation, orientationSource=ActivityRecord{8ee2f19 u0 com.yourname.smartrecorder/.MainActivity} t22494}
2025-11-27 04:18:59.847  7901-7901  Compatibil...geReporter com.yourname.smartrecorder           D  Compat change id reported: 78294732; UID 10945; state: ENABLED
2025-11-27 04:18:59.848  7901-7901  ViewRootIm...nActivity] com.yourname.smartrecorder           I  stopped(false) old = false
2025-11-27 04:18:59.848  7901-7901  DecorView               com.yourname.smartrecorder           I  notifyKeepScreenOnChanged: keepScreenOn=false
2025-11-27 04:18:59.851  1198-1903  ActivityTaskManager     system_server                        D  mStartingWindow and mStartingData is null for token=ActivityRecord{8ee2f19 u0 com.yourname.smartrecorder/.MainActivity} t22494}
2025-11-27 04:18:59.852   858-858   SurfaceFlinger          surfaceflinger                       I  [704b19d com.yourname.smartrecorder/com.yourname.smartrecorder.MainActivity#25426] FrameRatePriority: 1
2025-11-27 04:18:59.854  7901-7901  MSHandlerLifeCycle      com.yourname.smartrecorder           I  removeMultiSplitHandler: no exist. decor=DecorView@d1b4ac4[MainActivity]
2025-11-27 04:18:59.859  7901-7901  ViewRootIm...nActivity] com.yourname.smartrecorder           I  performTraversals params={(0,0)(fillxfill) sim={adjust=pan forwardNavigation} layoutInDisplayCutoutMode=always ty=BASE_APPLICATION wanim=0x1030309
                                                                                                      fl=81810100
                                                                                                      pfl=16020040
                                                                                                      vsysui=110
                                                                                                      apr=LIGHT_NAVIGATION_BARS
                                                                                                      bhv=DEFAULT
                                                                                                      fitSides= naviIconColor=0}
2025-11-27 04:18:59.860  7901-7901  ViewRootIm...nActivity] com.yourname.smartrecorder           I  performTraversals mFirst=false windowShouldResize=false viewVisibilityChanged=false mForceNextWindowRelayout=false params={(0,0)(fillxfill) sim={adjust=pan forwardNavigation} layoutInDisplayCutoutMode=always ty=BASE_APPLICATION wanim=0x1030309
                                                                                                      fl=81810100
                                                                                                      pfl=16020040
                                                                                                      vsysui=110
                                                                                                      apr=LIGHT_NAVIGATION_BARS
                                                                                                      bhv=DEFAULT
                                                                                                      fitSides= naviIconColor=0}
2025-11-27 04:18:59.860  1198-1903  WindowManager           system_server                        V  Relayout Window{704b19d u0 com.yourname.smartrecorder/com.yourname.smartrecorder.MainActivity}: viewVisibility=0 req=1440x3088 d0
2025-11-27 04:18:59.863  7901-7901  ViewRootIm...nActivity] com.yourname.smartrecorder           I  updateBlastSurfaceIfNeeded mBlastBufferQueue=0x71adc32770 isSameSurfaceControl=true
2025-11-27 04:18:59.864  7901-7901  BLASTBufferQueue        com.yourname.smartrecorder           I  update, w= 1440 h= 3088 mName = ViewRootImpl@bf7eeb[MainActivity] mNativeObject= 0x71adc32770 sc.mNativeObject= 0x713dc5a300 format= -1 caller= android.view.ViewRootImpl.updateBlastSurfaceIfNeeded:2898 android.view.ViewRootImpl.relayoutWindow:9847 android.view.ViewRootImpl.performTraversals:3884 android.view.ViewRootImpl.doTraversal:3116 android.view.ViewRootImpl$TraversalRunnable.run:10885 android.view.Choreographer$CallbackRecord.run:1301 
2025-11-27 04:18:59.864  7901-7901  ViewRootIm...nActivity] com.yourname.smartrecorder           I  Relayout returned: old=(0,0,1440,3088) new=(0,0,1440,3088) req=(1440,3088)0 dur=3 res=0x0 s={true 0x723dc4f3a0} ch=false seqId=0
2025-11-27 04:18:59.871   858-979   SurfaceFlinger          surfaceflinger                       D  [input] setFocusedWindow: 704b19d com.yourname.smartrecorder/com.yourname.smartrecorder.MainActivity
2025-11-27 04:18:59.871  1198-1897  InputDispatcher         system_server                        D  Focus entered window (0): 704b19d com.yourname.smartrecorder/com.yourname.smartrecorder.MainActivity
2025-11-27 04:18:59.877  7901-7901  ViewRootIm...nActivity] com.yourname.smartrecorder           I  MSG_WINDOW_FOCUS_CHANGED 1 0
2025-11-27 04:18:59.877  7901-7901  ViewRootIm...nActivity] com.yourname.smartrecorder           I  mThreadedRenderer.initializeIfNeeded()#2 mSurface={isValid=true 0x723dc4f3a0}
2025-11-27 04:18:59.877  7901-7901  InputMethodManager      com.yourname.smartrecorder           D  startInputInner - Id : 0
2025-11-27 04:18:59.877  7901-7901  InputMethodManager      com.yourname.smartrecorder           I  startInputInner - mService.startInputOrWindowGainedFocus
2025-11-27 04:18:59.877  1198-1287  GameSDK@LifeCycle       system_server                        I  noteResumeComponent(): package name  : com.yourname.smartrecorder
2025-11-27 04:18:59.878  1198-1287  SGM:GameManager         system_server                        D  identifyGamePackage. com.yourname.smartrecorder, mCurrentUserId: 0, callerUserId: 0, callingMethodInfo: com.android.server.ssrm.SortingMachine.isGame(SortingMachine.java:162)
2025-11-27 04:18:59.878  1198-1287  SGM:PkgDataHelper       system_server                        D  getGamePkgData(). com.yourname.smartrecorder
2025-11-27 04:18:59.878  1198-1287  SGM:FgCheckThread       system_server                        D  noteResumeComponent(), received pkgName: com.yourname.smartrecorder, userId: 0
2025-11-27 04:18:59.878  4879-14050 Routine@Co...stenerImpl com.samsung.android.app.routines     I  onResumeComponent: componentName - ComponentInfo{com.yourname.smartrecorder/com.yourname.smartrecorder.MainActivity}
2025-11-27 04:18:59.878  1198-1539  SGM:FgCheckThread       system_server                        D  onLooperPrepared(), msg: MSG_APP_RESUME, pkgName: com.yourname.smartrecorder, userid: 0
2025-11-27 04:18:59.880  1198-1287  SGM:GameManager         system_server                        D  identifyGamePackage. com.yourname.smartrecorder, mCurrentUserId: 0, callerUserId: 0, callingMethodInfo: com.samsung.android.game.SemGameManager.isGamePackage(SemGameManager.java:104)
2025-11-27 04:18:59.880  1198-1287  SGM:PkgDataHelper       system_server                        D  getGamePkgData(). com.yourname.smartrecorder
2025-11-27 04:18:59.880  1198-1287  SGM:SemGameManager      system_server                        D  isGamePackage(), pkgName=com.yourname.smartrecorder, ret=false
2025-11-27 04:18:59.880  4533-4533  ActivityUtils           com...ndroid.app.cocktailbarservice  I  HomePackage : com.sec.android.app.launcher, resumePackageName : com.yourname.smartrecorder
2025-11-27 04:18:59.957  1198-1634  SemWifiTra...LayerUtils system_server                        W  getApplicationCategory - IOException com.yourname.smartrecorder
2025-11-27 04:18:59.958  1198-1634  System.err              system_server                        W  java.io.FileNotFoundException: https://play.google.com/store/apps/details?id=com.yourname.smartrecorder&hl=en
2025-11-27 04:19:00.013  1198-2005  MdnieScena...rolService system_server                        D   packageName : com.yourname.smartrecorder    className : com.yourname.smartrecorder.MainActivity
2025-11-27 04:19:00.379  1198-1287  SGM:GameManager         system_server                        D  identifyForegroundApp. com.yourname.smartrecorder, mCurrentUserId: 0, callerUserId: 0
2025-11-27 04:19:00.379  1198-1287  SGM:PkgDataHelper       system_server                        D  getGamePkgData(). com.yourname.smartrecorder
2025-11-27 04:19:00.981  4879-4879  Routine@Co...overHelper com.samsung.android.app.routines     I  setLastResumedPackageForCover mLastResumedPackage = com.yourname.smartrecorder
2025-11-27 04:19:00.981  4879-4879  Routine@Co...cleWatcher com.samsung.android.app.routines     I  notifyLifecycleChanged mCurResumedComponent=com.yourname.smartrecorder
2025-11-27 04:19:01.080  4879-4879  Routine@Co...overHelper com.samsung.android.app.routines     I  setLastResumedPackageForCover mLastResumedPackage = com.yourname.smartrecorder
2025-11-27 04:19:01.080  4879-4879  Routine@Co...cleWatcher com.samsung.android.app.routines     I  notifyLifecycleChanged mCurResumedComponent=com.yourname.smartrecorder
2025-11-27 04:19:01.318  7901-7901  ViewRootIm...nActivity] com.yourname.smartrecorder           I  ViewPostIme pointer 0
2025-11-27 04:19:01.401  7901-7901  ViewRootIm...nActivity] com.yourname.smartrecorder           I  ViewPostIme pointer 1
2025-11-27 04:19:01.402  7901-7901  SmartRecorder/ViewModel com.yourname.smartrecorder           I  [MAIN] [ViewModel: OnboardingViewModel] completeOnboarding -> State: Saving onboarding completed state
2025-11-27 04:19:01.402  7901-7901  SmartRecorder/Database  com.yourname.smartrecorder           D  [BG] [DB: settings] SET -> onboarding_completed=true
2025-11-27 04:19:01.506  7901-7901  SmartRecorder/Database  com.yourname.smartrecorder           D  Initializing Room database -> name: smart_recorder_db
2025-11-27 04:19:01.513  7901-7901  SmartRecorder/Database  com.yourname.smartrecorder           D  [BG] [DB: SmartRecorderDatabase] DATABASE_INIT -> duration=7ms
2025-11-27 04:19:01.513  7901-7901  SmartRecorder/Database  com.yourname.smartrecorder           I  [Performance] Database initialization took 7ms
2025-11-27 04:19:01.517  7901-7901  SmartRecor...Transcript com.yourname.smartrecorder           I  [MAIN] [ViewModel: RecordViewModel] checkModelReady -> State: Starting model check (silent)
2025-11-27 04:19:01.529  7901-7901  nativeloader            com.yourname.smartrecorder           D  Load /data/app/~~3LpZr0ECvPXbSEsSYj9h-Q==/com.yourname.smartrecorder-Av_YqhmLOSY-g9OhLjRziw==/base.apk!/lib/arm64-v8a/libwhisper.so using class loader ns clns-4 (caller=/data/app/~~3LpZr0ECvPXbSEsSYj9h-Q==/com.yourname.smartrecorder-Av_YqhmLOSY-g9OhLjRziw==/base.apk!classes5.dex): ok
2025-11-27 04:19:01.529  7901-7901  WhisperEngine           com.yourname.smartrecorder           D  Native library loaded
2025-11-27 04:19:01.643  7901-7901  SmartRecor...Transcript com.yourname.smartrecorder           D  [RecordViewModel] Model is ready
2025-11-27 04:19:03.444  7901-7901  ViewRootIm...nActivity] com.yourname.smartrecorder           I  ViewPostIme pointer 0
2025-11-27 04:19:03.492  7901-7901  ViewRootIm...nActivity] com.yourname.smartrecorder           I  ViewPostIme pointer 1
2025-11-27 04:19:03.498  7901-7901  NavController           com.yourname.smartrecorder           I  Ignoring popBackStack to route library as it was not found on the current back stack
2025-11-27 04:19:03.523  7901-7901  OnBackInvokedCallback   com.yourname.smartrecorder           W  OnBackInvokedCallback is not enabled for the application.
                                                                                                    Set 'android:enableOnBackInvokedCallback="true"' in the application manifest.
2025-11-27 04:19:03.545  7901-7901  SmartRecorder/ViewModel com.yourname.smartrecorder           I  [MAIN] [ViewModel: LibraryViewModel] Initialized
2025-11-27 04:19:03.545  7901-7901  SmartRecorder/ViewModel com.yourname.smartrecorder           I  [MAIN] [ViewModel: LibraryViewModel] loadRecordings
2025-11-27 04:19:03.545  7901-7901  SmartRecorder/UseCase   com.yourname.smartrecorder           I  [MAIN] [UseCase: GetRecordingListUseCase] Invoked
2025-11-27 04:19:03.545  7901-7901  SmartRecor...Repository com.yourname.smartrecorder           D  [Flow: getRecordingsFlow] Subscribed
2025-11-27 04:19:03.721  7901-7901  SmartRecor...Repository com.yourname.smartrecorder           D  [Flow: getRecordingsFlow] Emitted -> count=2
2025-11-27 04:19:03.721  7901-7901  SmartRecorder/UseCase   com.yourname.smartrecorder           I  [MAIN] [UseCase: GetRecordingListUseCase] Emitted (count=2)
2025-11-27 04:19:03.721  7901-7901  SmartRecorder/ViewModel com.yourname.smartrecorder           I  [MAIN] [ViewModel: LibraryViewModel] Recordings loaded -> State: count=2
2025-11-27 04:19:04.835  7901-7901  ViewRootIm...nActivity] com.yourname.smartrecorder           I  ViewPostIme pointer 0
2025-11-27 04:19:04.928  7901-7901  ViewRootIm...nActivity] com.yourname.smartrecorder           I  ViewPostIme pointer 1
2025-11-27 04:19:04.931  7901-7901  NavController           com.yourname.smartrecorder           I  Ignoring popBackStack to route study as it was not found on the current back stack
2025-11-27 04:19:05.017  7901-7901  SmartRecorder/ViewModel com.yourname.smartrecorder           I  [MAIN] [ViewModel: StudyViewModel] loadFlashcardsForReview
2025-11-27 04:19:05.017  7901-7901  SmartRecorder/UseCase   com.yourname.smartrecorder           I  [MAIN] [UseCase: GetFlashcardsUseCase] getForReview (limit=20)
2025-11-27 04:19:05.018  7901-7901  SmartRecor...Repository com.yourname.smartrecorder           D  [BG] [DB: flashcards] SELECT -> forReview, limit=20
2025-11-27 04:19:05.047  7901-7901  SmartRecor...Repository com.yourname.smartrecorder           D  [BG] [DB: flashcards] SELECT_COMPLETE -> forReview, count=0
2025-11-27 04:19:05.047  7901-7901  SmartRecorder/ViewModel com.yourname.smartrecorder           I  [MAIN] [ViewModel: StudyViewModel] Flashcards loaded -> State: count=0
2025-11-27 04:19:05.892  1198-7983  SGM:GameManager         system_server                        D  identifyGamePackage. com.yourname.smartrecorder, mCurrentUserId: 0, callerUserId: 0, callingMethodInfo: com.android.server.ssrm.SortingMachine.isGame(SortingMachine.java:162)
2025-11-27 04:19:05.892  1198-7983  SGM:PkgDataHelper       system_server                        D  getGamePkgData(). com.yourname.smartrecorder
2025-11-27 04:19:06.253  7901-7901  ViewRootIm...nActivity] com.yourname.smartrecorder           I  ViewPostIme pointer 0
2025-11-27 04:19:06.318  7901-7901  ViewRootIm...nActivity] com.yourname.smartrecorder           I  ViewPostIme pointer 1
2025-11-27 04:19:06.356  7901-7901  SmartRecor...Transcript com.yourname.smartrecorder           I  [MAIN] [ViewModel: RecordViewModel] checkModelReady -> State: Starting model check (silent)
2025-11-27 04:19:06.429  7901-7901  SmartRecor...Transcript com.yourname.smartrecorder           D  [RecordViewModel] Model is ready
2025-11-27 04:19:06.645  7901-7908  InputTransport          com.yourname.smartrecorder           D  Input channel destroyed: 'ClientS', fd=136
2025-11-27 04:19:07.472  7901-7901  ViewRootIm...nActivity] com.yourname.smartrecorder           I  ViewPostIme pointer 0
2025-11-27 04:19:07.503  7901-7901  ViewRootIm...nActivity] com.yourname.smartrecorder           I  ViewPostIme pointer 1
2025-11-27 04:19:07.504  7901-7901  SmartRecorder/ViewModel com.yourname.smartrecorder           D  [SmartRecorderApp] User clicked import audio button
2025-11-27 04:19:07.506  1198-1897  AppsFilter              system_server                        I  interaction: PackageSetting{7a2d004 com.yourname.smartrecorder/10945} -> PackageSetting{24b6ea9 com.google.android.documentsui/10063} BLOCKED
2025-11-27 04:19:07.512  1198-1897  ActivityTaskManager     system_server                        D  TaskLaunchParamsModifier:task=Task{136d08c #22494 type=standard A=10945:com.yourname.smartrecorder U=0 visible=true visibleRequested=true mode=fullscreen translucent=false sz=1} activity=ActivityRecord{933d906 u0 com.google.android.documentsui/com.android.documentsui.picker.PickActivity} t-1} display-area-from-source=DefaultTaskDisplayArea@72262064 display-id=0 display-windowing-mode=1 suggested-display-area=DefaultTaskDisplayArea@72262064 inherit-from-source=fullscreen activity-options-fullscreen=Rect(0, 0 - 0, 0) non-freeform-display display-area=DefaultTaskDisplayArea@72262064 maximized-bounds
2025-11-27 04:19:07.517  1198-1897  ActivityTaskManager     system_server                        D  scheduleTopResumedActivityChanged, onTop=false r=ActivityRecord{8ee2f19 u0 com.yourname.smartrecorder/.MainActivity} t22494} caller=com.android.server.wm.ActivityTaskSupervisor.updateTopResumedActivityIfNeeded:2510 com.android.server.wm.TaskFragment.setResumedActivity:493 com.android.server.wm.TaskFragment.onActivityStateChanged:790 com.android.server.wm.ActivityRecord.setState:6428 com.android.server.wm.TaskFragment.startPausing:1880 com.android.server.wm.TaskFragment.startPausing:1817 
2025-11-27 04:19:07.529  1198-1287  SGM:FgCheckThread       system_server                        D  notePauseComponent(), received pkgName: com.yourname.smartrecorder, userId: 0
2025-11-27 04:19:07.529  4879-14050 Routine@Co...stenerImpl com.samsung.android.app.routines     I  onPauseComponent: componentName - ComponentInfo{com.yourname.smartrecorder/com.yourname.smartrecorder.MainActivity}
2025-11-27 04:19:07.543  1198-1903  WindowManager           system_server                        V  Changing focus from Window{704b19d u0 com.yourname.smartrecorder/com.yourname.smartrecorder.MainActivity} to null displayId=0 Callers=com.android.server.wm.RootWindowContainer.updateFocusedWindowLocked:595 com.android.server.wm.WindowManagerService.updateFocusedWindowLocked:6810 com.android.server.wm.WindowManagerService.relayoutWindow:2820 com.android.server.wm.Session.relayout:274 
2025-11-27 04:19:07.543  1198-1903  MARsPolicyManager       system_server                        D  onPackageResumedFG pkgName = com.yourname.smartrecorder, userId = 0
2025-11-27 04:19:07.557  1198-1897  InputDispatcher         system_server                        D  Focus left window (0): 704b19d com.yourname.smartrecorder/com.yourname.smartrecorder.MainActivity
2025-11-27 04:19:07.558  7901-7901  ViewRootIm...nActivity] com.yourname.smartrecorder           I  MSG_WINDOW_FOCUS_CHANGED 0 0
2025-11-27 04:19:07.571   858-858   SurfaceFlinger          surfaceflinger                       I  [704b19d com.yourname.smartrecorder/com.yourname.smartrecorder.MainActivity#25426] FrameRatePriority: -1
2025-11-27 04:19:07.573  1198-1288  WindowManager           system_server                        I  Reparenting to leash, surface=Surface(name=ActivityRecord{8ee2f19 u0 com.yourname.smartrecorder/.MainActivity} t22494})/@0xad646a4, leashParent=Surface(name=Task=22494)/@0xa79d5ee
2025-11-27 04:19:07.573   858-1167  SurfaceFlinger          surfaceflinger                       I  id=25609 createSurf flag=24000, Surface(name=ActivityRecord{8ee2f19 u0 com.yourname.smartrecorder/.MainActivity} t22494})/@0xad646a4 - animation-leash of app_transition#25609
2025-11-27 04:19:07.574  1198-1288  WindowManager           system_server                        D  makeSurface duration=1 leash=Surface(name=Surface(name=ActivityRecord{8ee2f19 u0 com.yourname.smartrecorder/.MainActivity} t22494})/@0xad646a4 - animation-leash of app_transition)/@0xa54208
2025-11-27 04:19:07.574   858-1167  SurfaceFlinger          surfaceflinger                       I  id=25610 createSurf flag=80004, Surface(name=ActivityRecord{8ee2f19 u0 com.yourname.smartrecorder/.MainActivity} t22494})/@0xad646a4 - animation-bounds#25610
2025-11-27 04:19:07.647   858-858   SurfaceFlinger          surfaceflinger                       D  Display 4633128672291735937 HWC layers:
                                                                                                         CLIENT | 0x70f52b1f30 | 0102 | RGBA_8888    |    0.0    0.0    0.0    0.0 |    0 3078 1440 3088 | bbq-wrapper#25617
                                                                                                         DEVICE | 0x70f52d8210 | 0102 | RGBA_8888    |    0.0   10.0 1440.0 3088.0 |    0    0 1440 3078 | com.yourname.smartrecorder/com.yourn[...]artrecorder.MainActivity$_7901#25590
                                                                                                         DEVICE | 0x70f52dfcb0 | 0102 | RGBA_8888    |    0.0    0.0 1440.0    1.0 |    0    0 1440  518 | bbq-wrapper#25620
                                                                                                         DEVICE | 0x70f52eefb0 | 0100 | RGBA_8888    |    0.0    0.0 1440.0 2570.0 |    0  518 1440 3088 | Splash Screen com.google.android.documentsui$_22947#25608
                                                                                                         DEVICE | 0x70f52a03b0 | 0100 | RGBA_8888    |    0.0    0.0 1440.0   90.0 |    0    0 1440   90 | StatusBar$_22947#4630
                                                                                                         DEVICE | 0x70f52d52d0 | 0100 | RGBA_8888    |    0.0    0.0   67.0  708.0 | 1373  391 1440 1099 | com.samsung.android.app.cocktailbars[...]rvice.CocktailBarService$_4533#25417
                                                                                                         DEVICE | 0x70f52de870 | 0100 | RGBA_8888    |    0.0    0.0 1440.0  168.0 |    0 2920 14
2025-11-27 04:19:07.660   858-858   SurfaceFlinger          surfaceflinger                       D  Display 4633128672291735937 HWC layers:
                                                                                                         CLIENT | 0x70f52b1f30 | 0102 | RGBA_8888    |    0.0    0.0    0.0    0.0 |    0 3063 1440 3088 | bbq-wrapper#25617
                                                                                                         DEVICE | 0x70f529db30 | 0102 | RGBA_8888    |    0.0   25.0 1440.0 3088.0 |    0    0 1440 3063 | com.yourname.smartrecorder/com.yourn[...]artrecorder.MainActivity$_7901#25590
                                                                                                         DEVICE | 0x70f52dfcb0 | 0102 | RGBA_8888    |    0.0    0.0 1440.0    1.0 |    0    0 1440  429 | bbq-wrapper#25620
                                                                                                     SOLID_COLOR |              | 0000 |  Unknown  |    0.0    0.0    0.0    0.0 |    0    0 1440 3088 | DimAnimationLayer for ActivityRecord[...]i.picker.PickActivity} t22494}#25611
                                                                                                         DEVICE | 0x70f52eefb0 | 0100 | RGBA_8888    |    0.0    0.0 1440.0 2659.0 |    0  429 1440 3088 | Splash Screen com.google.android.documentsui$_22947#25608
                                                                                                         DEVICE | 0x70f52a03b0 | 0100 | RGBA_8888    |    0.0    0.0 1440.0   90.0 |    0    0 1440   90 | StatusBar$_22947#4630
                                                                                                         DEVICE | 0x70f52d52d0 | 0100 | RGBA_8888    |    0.0    0.0   67.0  708.0 | 1373  391 1440
2025-11-27 04:19:07.955  7901-7901  InputTransport          com.yourname.smartrecorder           D  Input channel destroyed: 'ClientS', fd=92
2025-11-27 04:19:08.005  1198-1288  WindowManager           system_server                        I  Reparenting to original parent: Surface(name=Task=22494)/@0xa79d5ee, destroy=true, surface=Surface(name=ActivityRecord{8ee2f19 u0 com.yourname.smartrecorder/.MainActivity} t22494})/@0xad646a4
2025-11-27 04:19:08.005  1198-1288  WindowManager           system_server                        V  Setting visibility of Window{704b19d u0 com.yourname.smartrecorder/com.yourname.smartrecorder.MainActivity}: false, caller=com.android.server.wm.WindowContainer.sendAppVisibilityToClients:1246 com.android.server.wm.WindowToken.setClientVisible:431 com.android.server.wm.ActivityRecord.setClientVisible:7713 com.android.server.wm.ActivityRecord.onAnimationFinished:8612 com.android.server.wm.WindowContainer$$ExternalSyntheticLambda4.onAnimationFinished:2 
2025-11-27 04:19:08.006  7901-7901  ViewRootIm...nActivity] com.yourname.smartrecorder           I  handleAppVisibility mAppVisible = true visible = false
2025-11-27 04:19:08.022   858-858   Layer                   surfaceflinger                       I  id=25609 removeFromCurrentState Surface(name=ActivityRecord{8ee2f19 u0 com.yourname.smartrecorder/.MainActivity} t22494})/@0xad646a4 - animation-leash of app_transition#25609 (125)
2025-11-27 04:19:08.022   858-858   Layer                   surfaceflinger                       I  Layer [com.yourname.smartrecorder/com.yourname.smartrecorder.MainActivity$_7901#25590] hidden!! flag(1)
2025-11-27 04:19:08.022   858-858   Layer                   surfaceflinger                       I  id=25610 removeFromCurrentState Surface(name=ActivityRecord{8ee2f19 u0 com.yourname.smartrecorder/.MainActivity} t22494})/@0xad646a4 - animation-bounds#25610 (125)
2025-11-27 04:19:08.023  7901-7947  OpenGLRenderer          com.yourname.smartrecorder           D  setSurface called with nullptr
2025-11-27 04:19:08.023  7901-7947  OpenGLRenderer          com.yourname.smartrecorder           D  setSurface() destroyed EGLSurface
2025-11-27 04:19:08.023  7901-7947  OpenGLRenderer          com.yourname.smartrecorder           D  destroyEglSurface
2025-11-27 04:19:08.023   858-858   SurfaceFlinger          surfaceflinger                       I  id=25610 Removed Surface(name=ActivityRecord{8ee2f19 u0 com.yourname.smartrecorder/.MainActivity} t22494})/@0xad646a4 - animation-bounds#25610 (125)
2025-11-27 04:19:08.023   858-858   SurfaceFlinger          surfaceflinger                       I  id=25609 Removed Surface(name=ActivityRecord{8ee2f19 u0 com.yourname.smartrecorder/.MainActivity} t22494})/@0xad646a4 - animation-leash of app_transition#25609 (125)
2025-11-27 04:19:08.024   858-858   Layer                   surfaceflinger                       I  id=25610 Destroyed Surface(name=ActivityRecord{8ee2f19 u0 com.yourname.smartrecorder/.MainActivity} t22494})/@0xad646a4 - animation-bounds#25610
2025-11-27 04:19:08.024   858-858   Layer                   surfaceflinger                       I  id=25609 Destroyed Surface(name=ActivityRecord{8ee2f19 u0 com.yourname.smartrecorder/.MainActivity} t22494})/@0xad646a4 - animation-leash of app_transition#25609
2025-11-27 04:19:08.025  7901-7901  ViewRootIm...nActivity] com.yourname.smartrecorder           I  performTraversals mFirst=false windowShouldResize=false viewVisibilityChanged=true mForceNextWindowRelayout=false params=null
2025-11-27 04:19:08.025  1198-1219  WindowManager           system_server                        V  Relayout Window{704b19d u0 com.yourname.smartrecorder/com.yourname.smartrecorder.MainActivity}: viewVisibility=8 req=1440x3088 d0
2025-11-27 04:19:08.031  7901-7901  ViewRootIm...nActivity] com.yourname.smartrecorder           I  Relayout returned: old=(0,0,1440,3088) new=(0,0,1440,3088) req=(1440,3088)8 dur=4 res=0x2 s={false 0x0} ch=true seqId=0
2025-11-27 04:19:08.034  7901-7901  ViewRootIm...nActivity] com.yourname.smartrecorder           I  stopped(true) old = false
2025-11-27 04:19:08.034  7901-7901  ViewRootIm...nActivity] com.yourname.smartrecorder           I  WindowStopped on com.yourname.smartrecorder/com.yourname.smartrecorder.MainActivity set to true
2025-11-27 04:19:08.040  7901-7901  MSHandlerLifeCycle      com.yourname.smartrecorder           I  removeMultiSplitHandler: no exist. decor=DecorView@d1b4ac4[MainActivity]
2025-11-27 04:19:08.041  1198-1219  WindowManager           system_server                        E  win=Window{704b19d u0 com.yourname.smartrecorder/com.yourname.smartrecorder.MainActivity} destroySurfaces: appStopped=true cleanupOnResume=false win.mWindowRemovalAllowed=false win.mRemoveOnExit=false win.mViewVisibility=8 caller=com.android.server.wm.ActivityRecord.destroySurfaces:6561 com.android.server.wm.ActivityRecord.destroySurfaces:6542 com.android.server.wm.ActivityRecord.notifyAppStopped:6606 com.android.server.wm.ActivityRecord.activityStopped:7194 com.android.server.wm.ActivityClientController.activityStopped:269 android.app.IActivityClientController$Stub.onTransact:613 com.android.server.wm.ActivityClientController.onTransact:147 
2025-11-27 04:19:08.041  1198-1219  WindowManager           system_server                        I  Destroying surface Surface(name=com.yourname.smartrecorder/com.yourname.smartrecorder.MainActivity$_7901)/@0x6c1ac85 called by com.android.server.wm.WindowStateAnimator.destroySurface:947 com.android.server.wm.WindowStateAnimator.destroySurfaceLocked:537 com.android.server.wm.WindowState.destroySurfaceUnchecked:4326 com.android.server.wm.WindowState.destroySurface:4300 com.android.server.wm.ActivityRecord.destroySurfaces:6561 com.android.server.wm.ActivityRecord.destroySurfaces:6542 com.android.server.wm.ActivityRecord.notifyAppStopped:6606 com.android.server.wm.ActivityRecord.activityStopped:7194 
2025-11-27 04:19:08.041  4879-14050 Routine@Co...stenerImpl com.samsung.android.app.routines     I  onStopComponent: componentName - ComponentInfo{com.yourname.smartrecorder/com.yourname.smartrecorder.MainActivity}
2025-11-27 04:19:08.042  1198-1219  ActivityTaskManager     system_server                        D  mStartingWindow and mStartingData is null for token=ActivityRecord{8ee2f19 u0 com.yourname.smartrecorder/.MainActivity} t22494}
2025-11-27 04:19:08.055   858-858   Layer                   surfaceflinger                       I  id=25590 removeFromCurrentState com.yourname.smartrecorder/com.yourname.smartrecorder.MainActivity$_7901#25590 (114)
2025-11-27 04:19:08.055   858-858   SurfaceFlinger          surfaceflinger                       I  id=25590 Removed com.yourname.smartrecorder/com.yourname.smartrecorder.MainActivity$_7901#25590 (114)
2025-11-27 04:19:08.055   858-858   Layer                   surfaceflinger                       I  id=25590 Destroyed com.yourname.smartrecorder/com.yourname.smartrecorder.MainActivity$_7901#25590
2025-11-27 04:19:08.461  1198-1287  SGM:GameManager         system_server                        D  identifyForegroundApp. com.yourname.smartrecorder, mCurrentUserId: 0, callerUserId: 0
2025-11-27 04:19:08.461  1198-1287  SGM:PkgDataHelper       system_server                        D  getGamePkgData(). com.yourname.smartrecorder
2025-11-27 04:19:08.735  4879-4879  Routine@Co...overHelper com.samsung.android.app.routines     I  setLastResumedPackageForCover mLastResumedPackage = com.yourname.smartrecorder
2025-11-27 04:19:08.735  4879-4879  Routine@Co...cleWatcher com.samsung.android.app.routines     I  notifyLifecycleChanged mCurResumedComponent=com.yourname.smartrecorder
2025-11-27 04:19:09.244  4879-4879  Routine@Co...overHelper com.samsung.android.app.routines     I  setLastResumedPackageForCover mLastResumedPackage = com.yourname.smartrecorder
2025-11-27 04:19:09.244  4879-4879  Routine@Co...cleWatcher com.samsung.android.app.routines     I  notifyLifecycleChanged mCurResumedComponent=com.yourname.smartrecorder
2025-11-27 04:19:09.829  1198-1903  MARsPolicyManager       system_server                        D  onPackageResumedFG pkgName = com.yourname.smartrecorder, userId = 0
2025-11-27 04:19:09.830  1198-1903  WindowManager           system_server                        V  Setting visibility of Window{704b19d u0 com.yourname.smartrecorder/com.yourname.smartrecorder.MainActivity}: true, caller=com.android.server.wm.WindowContainer.sendAppVisibilityToClients:1246 com.android.server.wm.WindowToken.setClientVisible:431 com.android.server.wm.ActivityRecord.setClientVisible:7713 com.android.server.wm.ActivityRecord.setVisibility:6113 com.android.server.wm.ActivityRecord.setVisibility:6006 
2025-11-27 04:19:09.831  1198-1903  ActivityTaskManager     system_server                        D  scheduleTopResumedActivityChanged, onTop=true r=ActivityRecord{8ee2f19 u0 com.yourname.smartrecorder/.MainActivity} t22494} caller=com.android.server.wm.ActivityTaskSupervisor.scheduleTopResumedActivityStateIfNeeded:2535 com.android.server.wm.ActivityTaskSupervisor.updateTopResumedActivityIfNeeded:2527 com.android.server.wm.TaskFragment.setResumedActivity:493 com.android.server.wm.TaskFragment.onActivityStateChanged:805 com.android.server.wm.ActivityRecord.setState:6428 com.android.server.wm.TaskFragment.resumeTopActivity:1629 
2025-11-27 04:19:09.831  1198-1903  InputDispatcher         system_server                        D  Focused application(0): ActivityRecord{8ee2f19 u0 com.yourname.smartrecorder/.MainActivity} t22494}
2025-11-27 04:19:09.831  7901-7901  ViewRootIm...nActivity] com.yourname.smartrecorder           I  handleAppVisibility mAppVisible = false visible = true
2025-11-27 04:19:09.832  1198-1903  WindowManagerServiceExt system_server                        D  notifyOccludeChangeNotice: cn=ComponentInfo{com.yourname.smartrecorder/com.yourname.smartrecorder.MainActivity} occludesParent=true inMultiWindow=false styleFloating=false caller=com.android.server.wm.WindowManagerServiceExt.updateOccludeTargetIfNeeded:1402 com.android.server.wm.DisplayContent.ensureActivitiesVisible:7532 com.android.server.wm.RootWindowContainer.ensureActivitiesVisible:2248 com.android.server.wm.RootWindowContainer.ensureVisibilityAndConfig:2126 com.android.server.wm.TaskFragment.resumeTopActivity:1652 
2025-11-27 04:19:09.832  1198-1903  WindowManager           system_server                        D  rotationForOrientation, orientationSource=ActivityRecord{8ee2f19 u0 com.yourname.smartrecorder/.MainActivity} t22494}
2025-11-27 04:19:09.836  7901-7901  ViewRootIm...nActivity] com.yourname.smartrecorder           I  stopped(false) old = true
2025-11-27 04:19:09.836  7901-7901  ViewRootIm...nActivity] com.yourname.smartrecorder           I  WindowStopped on com.yourname.smartrecorder/com.yourname.smartrecorder.MainActivity set to false
2025-11-27 04:19:09.839  7901-7901  MSHandlerLifeCycle      com.yourname.smartrecorder           I  removeMultiSplitHandler: no exist. decor=DecorView@d1b4ac4[MainActivity]
2025-11-27 04:19:09.840  7901-7901  SmartRecorder/ViewModel com.yourname.smartrecorder           D  [SmartRecorderApp] User selected audio file -> uri: content://com.android.externalstorage.documents/document/primary%3ARecordings%2FVoice%20Recorder%2FTho%E1%BA%A1i%20016.m4a, fileName: primary:Recordings/Voice Recorder/Thoại 016.m4a
2025-11-27 04:19:09.841  7901-7901  SmartRecorder/Import    com.yourname.smartrecorder           I  [MAIN] [ViewModel: ImportAudioViewModel] importAudioFile -> State: uri=content://com.android.externalstorage.documents/document/primary%3ARecordings%2FVoice%20Recorder%2FTho%E1%BA%A1i%20016.m4a, fileName=primary:Recordings/Voice Recorder/Thoại 016.m4a
2025-11-27 04:19:09.842  7901-7901  SmartRecorder/Import    com.yourname.smartrecorder           D  Import started -> uri: content://com.android.externalstorage.documents/document/primary%3ARecordings%2FVoice%20Recorder%2FTho%E1%BA%A1i%20016.m4a, fileName: primary:Recordings/Voice Recorder/Thoại 016.m4a
2025-11-27 04:19:09.844  7901-7901  ViewRootIm...nActivity] com.yourname.smartrecorder           I  stopped(false) old = false
2025-11-27 04:19:09.845  7901-7946  SmartRecorder/Import    com.yourname.smartrecorder           I  [MAIN] [UseCase: ImportAudioFileUseCase] Starting (uri=content://com.android.externalstorage.documents/document/primary%3ARecordings%2FVoice%20Recorder%2FTho%E1%BA%A1i%20016.m4a, fileName=primary:Recordings/Voice Recorder/Thoại 016.m4a)
2025-11-27 04:19:09.846  7901-7901  MSHandlerLifeCycle      com.yourname.smartrecorder           I  removeMultiSplitHandler: no exist. decor=DecorView@d1b4ac4[MainActivity]
2025-11-27 04:19:09.846  7901-7946  SmartRecorder/Import    com.yourname.smartrecorder           D  Recordings directory prepared: /data/user/0/com.yourname.smartrecorder/files/recordings
2025-11-27 04:19:09.847  7901-7946  SmartRecorder/Import    com.yourname.smartrecorder           D  Copying file -> from: content://com.android.externalstorage.documents/document/primary%3ARecordings%2FVoice%20Recorder%2FTho%E1%BA%A1i%20016.m4a, to: /data/user/0/com.yourname.smartrecorder/files/recordings/imported_b10c3b84-42bb-4c43-bfe5-b08ba638867f.m4a
2025-11-27 04:19:09.862  1198-1287  GameSDK@LifeCycle       system_server                        I  noteResumeComponent(): package name  : com.yourname.smartrecorder
2025-11-27 04:19:09.863  4533-4533  ActivityUtils           com...ndroid.app.cocktailbarservice  I  HomePackage : com.sec.android.app.launcher, resumePackageName : com.yourname.smartrecorder
2025-11-27 04:19:09.864  1198-1287  SGM:GameManager         system_server                        D  identifyGamePackage. com.yourname.smartrecorder, mCurrentUserId: 0, callerUserId: 0, callingMethodInfo: com.android.server.ssrm.SortingMachine.isGame(SortingMachine.java:162)
2025-11-27 04:19:09.864  1198-1287  SGM:PkgDataHelper       system_server                        D  getGamePkgData(). com.yourname.smartrecorder
