2025-11-26 23:28:22.485   858-886   SurfaceFlinger          surfaceflinger                       I  id=20861 Removed Surface(name=c6b486b com.yourname.smartrecorder/com.yourname.smartrecorder.MainActivity)/@0xfae69bb - animation-leash of starting_reveal#20861 (118)
2025-11-26 23:28:22.492   858-858   Layer                   surfaceflinger                       I  id=20861 Destroyed Surface(name=c6b486b com.yourname.smartrecorder/com.yourname.smartrecorder.MainActivity)/@0xfae69bb - animation-leash of starting_reveal#20861
2025-11-26 23:31:18.845  1198-1218  PackageManager          system_server                        I  START DELETE PACKAGE: observer{230119234}
                                                                                                    pkg{com.yourname.smartrecorder}, user{0}, caller{2000} flags{2}
2025-11-26 23:31:18.855  1198-1376  AppsFilter              system_server                        I  interaction: PackageSetting{7b17396 com.example.realtalkenglishwithAI/10912} -> PackageSetting{e15cea3 com.yourname.smartrecorder/10927} BLOCKED
2025-11-26 23:31:18.856  1198-1294  ActivityManager         system_server                        I  Force stopping com.yourname.smartrecorder appid=10927 user=-1: deletePackageX
2025-11-26 23:31:18.856  1198-1376  AppsFilter              system_server                        I  interaction: PackageSetting{8dcce7c com.marketsnap.app/10921} -> PackageSetting{e15cea3 com.yourname.smartrecorder/10927} BLOCKED
2025-11-26 23:31:18.856  1198-1376  AppsFilter              system_server                        I  interaction: PackageSetting{3dc9b84 com.app.numerology/10925} -> PackageSetting{e15cea3 com.yourname.smartrecorder/10927} BLOCKED
2025-11-26 23:31:18.857  1198-1376  AppsFilter              system_server                        I  interaction: PackageSetting{7b17396 com.example.realtalkenglishwithAI/10912} -> PackageSetting{e15cea3 com.yourname.smartrecorder/10927} BLOCKED
2025-11-26 23:31:18.857  1198-1294  ActivityManager         system_server                        I  Killing 16415:com.yourname.smartrecorder/u0a927 (adj 930): stop com.yourname.smartrecorder due to deletePackageX
2025-11-26 23:31:18.857  1198-1376  AppsFilter              system_server                        I  interaction: PackageSetting{8dcce7c com.marketsnap.app/10921} -> PackageSetting{e15cea3 com.yourname.smartrecorder/10927} BLOCKED
2025-11-26 23:31:18.857  1198-1376  AppsFilter              system_server                        I  interaction: PackageSetting{3dc9b84 com.app.numerology/10925} -> PackageSetting{e15cea3 com.yourname.smartrecorder/10927} BLOCKED
2025-11-26 23:31:18.858  1198-2709  FreecessController      system_server                        D  UFZ : com.yourname.smartrecorder(16415)
2025-11-26 23:31:18.859  1198-1294  ActivityManager         system_server                        D  proc ProcessRecord{8dd2e70 16415:com.yourname.smartrecorder/u0a927} already removed. so we skip next process.
2025-11-26 23:31:18.859  1198-1294  ActivityTaskManager     system_server                        W  Force removing ActivityRecord{cd8a57d u0 com.yourname.smartrecorder/.MainActivity} t22445 f}}: app died, no saved state
2025-11-26 23:31:18.859  1198-2709  FreecessController      system_server                        D  UFZ : com.yourname.smartrecorder(0), reason: Signal
2025-11-26 23:31:18.859  1198-1294  InputManager-JNI        system_server                        W  Input channel object 'c6b486b com.yourname.smartrecorder/com.yourname.smartrecorder.MainActivity (client)' was disposed without first being removed with the input manager!
2025-11-26 23:31:18.861  1198-1293  UsageStatsService       system_server                        W  Unexpected activity event reported! (com.yourname.smartrecorder/com.yourname.smartrecorder.MainActivity event : 23 instanceId : 257894595)
2025-11-26 23:31:18.862  4879-4944  Routine@Co...stenerImpl com.samsung.android.app.routines     I  onStopComponent: componentName - ComponentInfo{com.yourname.smartrecorder/com.yourname.smartrecorder.MainActivity}
2025-11-26 23:31:18.862  1198-1376  AppsFilter              system_server                        I  interaction: PackageSetting{7b17396 com.example.realtalkenglishwithAI/10912} -> PackageSetting{e15cea3 com.yourname.smartrecorder/10927} BLOCKED
2025-11-26 23:31:18.862  1198-1376  AppsFilter              system_server                        I  interaction: PackageSetting{8dcce7c com.marketsnap.app/10921} -> PackageSetting{e15cea3 com.yourname.smartrecorder/10927} BLOCKED
2025-11-26 23:31:18.862  1198-1376  AppsFilter              system_server                        I  interaction: PackageSetting{3dc9b84 com.app.numerology/10925} -> PackageSetting{e15cea3 com.yourname.smartrecorder/10927} BLOCKED
2025-11-26 23:31:18.863  1198-1294  WindowManager           system_server                        V  Remove Window{c6b486b u0 com.yourname.smartrecorder/com.yourname.smartrecorder.MainActivity}: mSurfaceController=null mAnimatingExit=false mRemoveOnExit=false mHasSurface=false surfaceShowing=false animating=false app-animation=false mWillReplaceWindow=false mDisplayFrozen=false callers=com.android.server.wm.WindowState.removeIfPossible:3047 com.android.server.wm.WindowToken.removeAllWindowsIfPossible:234 com.android.server.wm.ActivityRecord.removeIfPossible:4902 com.android.server.wm.ActivityRecord.onRemovedFromDisplay:5017 com.android.server.wm.DisplayContent.removeAppToken:1683 com.android.server.wm.ActivityRecord.removeFromHistory:4621 
2025-11-26 23:31:18.874   858-1169  SurfaceFlinger          surfaceflinger                       I  id=20850 Removed 4e3a127 ActivityRecordInputSink com.yourname.smartrecorder/.MainActivity#20850 (127)
2025-11-26 23:31:18.880   858-858   Layer                   surfaceflinger                       I  id=20857 removeFromCurrentState c6b486b com.yourname.smartrecorder/com.yourname.smartrecorder.MainActivity#20857 (128)
2025-11-26 23:31:18.880   858-858   SurfaceFlinger          surfaceflinger                       I  id=20857 Removed c6b486b com.yourname.smartrecorder/com.yourname.smartrecorder.MainActivity#20857 (128)
2025-11-26 23:31:18.881   858-858   Layer                   surfaceflinger                       I  id=20857 Destroyed c6b486b com.yourname.smartrecorder/com.yourname.smartrecorder.MainActivity#20857
2025-11-26 23:31:18.897   858-858   Layer                   surfaceflinger                       I  id=20843 removeFromCurrentState ActivityRecord{cd8a57d u0 com.yourname.smartrecorder/.MainActivity} t22445}#20843 (127)
2025-11-26 23:31:18.897   858-858   Layer                   surfaceflinger                       I  id=20850 removeFromCurrentState 4e3a127 ActivityRecordInputSink com.yourname.smartrecorder/.MainActivity#20850 (127)
2025-11-26 23:31:18.898   858-858   SurfaceFlinger          surfaceflinger                       I  id=20843 Removed ActivityRecord{cd8a57d u0 com.yourname.smartrecorder/.MainActivity} t22445}#20843 (127)
2025-11-26 23:31:18.898   858-858   Layer                   surfaceflinger                       I  id=20843 Destroyed ActivityRecord{cd8a57d u0 com.yourname.smartrecorder/.MainActivity} t22445}#20843
2025-11-26 23:31:18.898   858-858   Layer                   surfaceflinger                       I  id=20850 Destroyed 4e3a127 ActivityRecordInputSink com.yourname.smartrecorder/.MainActivity#20850
2025-11-26 23:31:18.958  1198-1376  PackageManager          system_server                        I  Removing permission com.yourname.smartrecorder.DYNAMIC_RECEIVER_NOT_EXPORTED_PERMISSION that used to be declared by com.yourname.smartrecorder
2025-11-26 23:31:18.973  1198-4174  ActivityManager         system_server                        V  Got obituary of 16415:com.yourname.smartrecorder
---------------------------- PROCESS ENDED (16415) for package com.yourname.smartrecorder ----------------------------
2025-11-26 23:31:19.266  1198-1376  AASA_Packa...RESTRICTED system_server                        D  Uninstall : userId = 0, info.mRemovedAppId = 10927, info.uid = 10927, packageName = com.yourname.smartrecorder
2025-11-26 23:31:19.269  1198-1376  ActivityManager         system_server                        I  Force stopping com.yourname.smartrecorder appid=10927 user=95: pkg removed
2025-11-26 23:31:19.275  1198-1376  ActivityManager         system_server                        I  Force stopping com.yourname.smartrecorder appid=10927 user=0: pkg removed
2025-11-26 23:31:19.594  1198-1446  OverlayManager          system_server                        D  onPackageRemoved pkgName=com.yourname.smartrecorder userId=95
2025-11-26 23:31:19.594  1198-1446  OverlayManager          system_server                        I  updateOverlaysForTarget() called with: targetPackage = [com.yourname.smartrecorder], userId = [95], flags = [0], skipUpdateState = [false]
2025-11-26 23:31:19.596  1198-1446  OverlayManager          system_server                        D  onPackageRemoved pkgName=com.yourname.smartrecorder userId=0
2025-11-26 23:31:19.596  1198-1446  OverlayManager          system_server                        I  updateOverlaysForTarget() called with: targetPackage = [com.yourname.smartrecorder], userId = [0], flags = [0], skipUpdateState = [false]
2025-11-26 23:31:19.601 18880-18880 Finsky                  com.android.vending                  I  [2] AIM: AppInfoCacheUpdater -> invalidating apps: [com.yourname.smartrecorder]
2025-11-26 23:31:19.609  1198-1465  RollbackManager         system_server                        I  broadcast=ACTION_PACKAGE_FULLY_REMOVED pkg=com.yourname.smartrecorder
2025-11-26 23:31:19.609  1198-1465  RollbackManager         system_server                        I  broadcast=ACTION_PACKAGE_FULLY_REMOVED pkg=com.yourname.smartrecorder
2025-11-26 23:31:19.611  1198-1557  WifiService             system_server                        W  Couldn't get PackageInfo for package:com.yourname.smartrecorder
2025-11-26 23:31:19.611  1198-1557  WifiService             system_server                        D  Remove settings for package:com.yourname.smartrecorder
2025-11-26 23:31:19.611  1198-1557  WifiConfigManager       system_server                        D  Remove all networks for app ApplicationInfo{3a288e7 com.yourname.smartrecorder}
2025-11-26 23:31:19.613  2712-2779  PackageInfoManager_FLP  com.sec.location.nsflp2              I  action : ACTION_PACKAGE_REMOVED, packageName = com.yourname.smartrecorder
2025-11-26 23:31:19.614  1198-1542  StorageManagerService   system_server                        V  Package com.yourname.smartrecorder does not have legacy storage
2025-11-26 23:31:19.614  1198-1542  StorageManagerService   system_server                        V  Package com.yourname.smartrecorder does not have legacy storage
2025-11-26 23:31:19.617  4089-4089  MediaProvider           com...ndroid.providers.media.module  W  WorkProfileOwnerApps cache miss for package com.yourname.smartrecorder
2025-11-26 23:31:19.618 22617-22617 SCS@AiSearch user 0     com.samsung.android.scs              I  (PackageBroadcastReceiver) packageName: com.yourname.smartrecorder
2025-11-26 23:31:19.618 22617-22617 SCS@AiSearch user 0     com.samsung.android.scs              I  (PackageBroadcastReceiver) Packages changed: [com.yourname.smartrecorder]
2025-11-26 23:31:19.619 22617-22617 SCS@AiSearch user 0     com.samsung.android.scs              I  (PackageBroadcastReceiver) packageName: com.yourname.smartrecorder
2025-11-26 23:31:19.619 22617-22617 SCS@AiSearch user 0     com.samsung.android.scs              I  (PackageBroadcastReceiver) Packages changed: [com.yourname.smartrecorder]
2025-11-26 23:31:19.620  1706-1706  CarrierSvcBindHelper    com.android.phone                    D  onPackageRemoved: com.yourname.smartrecorder
2025-11-26 23:31:19.620  1706-1706  CarrierSvcBindHelper    com.android.phone                    D  onPackageRemoved: com.yourname.smartrecorder
2025-11-26 23:31:19.638  1198-1557  PasspointManager        system_server                        I  No app ops listener found for com.yourname.smartrecorder
2025-11-26 23:31:19.639  1198-1557  WifiService             system_server                        W  Couldn't get PackageInfo for package:com.yourname.smartrecorder
2025-11-26 23:31:19.639  1198-1557  WifiService             system_server                        D  Remove settings for package:com.yourname.smartrecorder
2025-11-26 23:31:19.639  1198-1557  WifiConfigManager       system_server                        D  Remove all networks for app ApplicationInfo{c01dc73 com.yourname.smartrecorder}
2025-11-26 23:31:19.646 14719-14719 SpayFw_Pac...teReceiver com.samsung.android.spayfw           I  PackageName : com.yourname.smartrecorder
2025-11-26 23:31:19.650 22947-22947 KeyguardShortcutManager com.android.systemui                 D  onReceive : Intent.EXTRA_REPLACING false, com.yourname.smartrecorder
2025-11-26 23:31:19.650 18880-19024 Finsky                  com.android.vending                  I  [10203] AIM: AppInfoManager-Perf > OnDeviceAppInfo > cacheHitCount=0, cacheMissCount=1. Missed  in cache (limit 10) : [com.yourname.smartrecorder]
2025-11-26 23:31:19.651 22947-22947 FaceWidget...cViewModel com.android.systemui                 D  onPackageRemoved() pkg = com.yourname.smartrecorder, r = false
2025-11-26 23:31:19.651 22947-22947 FaceWidget...dataParser com.android.systemui                 D  removePackage() key = com.yourname.smartrecorder
2025-11-26 23:31:19.654  1706-1706  VvmPkgInstalledRcvr     com.android.phone                    I  packageName: com.yourname.smartrecorder, systemDialer: com.samsung.android.dialer
2025-11-26 23:31:19.680  1198-1557  PasspointManager        system_server                        I  No app ops listener found for com.yourname.smartrecorder
2025-11-26 23:31:19.680  4158-4158  [AirCmd]_R...ionManager com...ng.android.service.aircommand  I  onPackageChangeDetected : com.yourname.smartrecorder
2025-11-26 23:31:19.725 18880-25231 Finsky                  com.android.vending                  I  [10290] Asset module storage cleared for package com.yourname.smartrecorder.
2025-11-26 23:31:19.754  1198-1293  SettingsProvider        system_server                        I  onPackageRemoved (userId 95) PackageName = com.yourname.smartrecorder
2025-11-26 23:31:19.755  1198-1293  SGM:GameManager         system_server                        I  PkgUpdateReceiver, onPackageRemoved : com.yourname.smartrecorder userHandle : UserHandle{95} userID : 95
2025-11-26 23:31:19.755  1198-1540  SGM:GosNotifyThread     system_server                        D  notifyPackageChangedToGos(), before send intent to GOS. type:15, changeType: 1, pkgName:com.yourname.smartrecorder, userHandleId:95
2025-11-26 23:31:19.812  1706-1706  VvmPkgInstalledRcvr     com.android.phone                    I   NOT contains : com.yourname.smartrecorder
2025-11-26 23:31:19.822  1706-1706  VvmPkgInstalledRcvr     com.android.phone                    I   NOT contains : com.yourname.smartrecorder
2025-11-26 23:31:19.833 18880-18880 Finsky                  com.android.vending                  W  [2] STU: Failed to get storage stats for package 'com.yourname.smartrecorder' (1601: Error getting stats: android.content.pm.PackageManager.NameNotFoundException)
2025-11-26 23:31:19.836  1198-1198  AS.AudioService         system_server                        D  com.yourname.smartrecorder(9510927) is removed
2025-11-26 23:31:19.837  4879-4879  SQLiteLog               com.samsung.android.app.routines     W  (28) double-quoted string literal: "com.yourname.smartrecorder"
2025-11-26 23:31:19.839  4879-4879  SQLiteLog               com.samsung.android.app.routines     W  (28) double-quoted string literal: "com.yourname.smartrecorder"
2025-11-26 23:31:19.841  1198-1198  SGM:GameManager         system_server                        D  identifyGamePackage. com.yourname.smartrecorder, mCurrentUserId: 0, callerUserId: 0, callingMethodInfo: com.samsung.android.game.SemGameManager.isGamePackage(SemGameManager.java:104)
2025-11-26 23:31:19.841  1198-1198  SGM:PkgDataHelper       system_server                        D  getGamePkgData(). com.yourname.smartrecorder
2025-11-26 23:31:19.841  1198-1198  SGM:SemGameManager      system_server                        D  isGamePackage(), pkgName=com.yourname.smartrecorder, ret=false
2025-11-26 23:31:19.841  1198-1198  DomainFilter            system_server                        I  packageRemoved() - packageName: com.yourname.smartrecorder uid: 95
2025-11-26 23:31:19.861  1198-1293  MetaDataCollector       system_server                        D  onReceive: done pkgName=com.yourname.smartrecorder
2025-11-26 23:31:19.981  1198-1198  AS.AudioService         system_server                        D  com.yourname.smartrecorder(10927) is removed
2025-11-26 23:31:19.984  1198-1198  SGM:GameManager         system_server                        D  identifyGamePackage. com.yourname.smartrecorder, mCurrentUserId: 0, callerUserId: 0, callingMethodInfo: com.samsung.android.game.SemGameManager.isGamePackage(SemGameManager.java:104)
2025-11-26 23:31:19.984  1198-1198  SGM:PkgDataHelper       system_server                        D  getGamePkgData(). com.yourname.smartrecorder
2025-11-26 23:31:19.984  1198-1198  SGM:SemGameManager      system_server                        D  isGamePackage(), pkgName=com.yourname.smartrecorder, ret=false
2025-11-26 23:31:19.986  1198-1198  SdpManagerImpl.receiver system_server                        D  On android.intent.action.PACKAGE_REMOVED : DATA = package:com.yourname.smartrecorder, UID = 10927, UserId = 0, Is replacing? false
2025-11-26 23:31:19.986  1198-1198  SdpManagerImpl.receiver system_server                        D  ACTION_PACKAGE_REMOVED packageName:: com.yourname.smartrecorder
2025-11-26 23:31:19.986  1198-1198  DomainFilter            system_server                        I  packageRemoved() - packageName: com.yourname.smartrecorder uid: 0
2025-11-26 23:31:19.986  1198-1656  SdpManagerImpl          system_server                        D  handlePackageRemoved - PackageName : com.yourname.smartrecorder, UserId : 0
2025-11-26 23:31:19.987  1198-1198  GameManagerService      system_server                        I  Disabling downscale for com.yourname.smartrecorder
2025-11-26 23:31:19.989 26784-25294 ProximityAuth           com.google.android.gms.persistent    I  [RecentAppsMediator] Package removed: (user=UserHandle{0}) com.yourname.smartrecorder
2025-11-26 23:31:19.996 10819-25278 ProximityAuth           com.google.android.gms.persistent    I  [RecentAppsMediator] Package removed: (user=UserHandle{95}) com.yourname.smartrecorder
2025-11-26 23:31:20.063  1198-1198  Telecom                 system_server                        I  CarModeTracker: Package com.yourname.smartrecorder is not tracked.: SSH.oR@PiY
2025-11-26 23:31:20.067  4879-4879  Routine@Co...overHelper com.samsung.android.app.routines     I  setLastResumedPackageForCover mLastResumedPackage = com.yourname.smartrecorder
2025-11-26 23:31:20.067  4879-4879  Routine@Co...cleWatcher com.samsung.android.app.routines     I  notifyLifecycleChanged mCurResumedComponent=com.yourname.smartrecorder
2025-11-26 23:31:20.073  1198-1707  Pageboost               system_server                        I  remove app @ runtime : com.yourname.smartrecorder
2025-11-26 23:31:20.074  1198-1198  Enterprise...nseService system_server                        D  isPackageInstalled() - com.yourname.smartrecorder not found in user 0
2025-11-26 23:31:20.074  1198-1198  Enterprise...nseService system_server                        D  isPackageInstalled() - com.yourname.smartrecorder not found in user 95
2025-11-26 23:31:20.074  1198-1198  Enterprise...nseService system_server                        D  isPackageInstalled() - com.yourname.smartrecorder not found in user 150
2025-11-26 23:31:20.088  1198-1198  Enterprise...nseService system_server                        D  isPackageInstalled() - com.yourname.smartrecorder not found in user 0
2025-11-26 23:31:20.088  1198-1198  Enterprise...nseService system_server                        D  isPackageInstalled() - com.yourname.smartrecorder not found in user 95
2025-11-26 23:31:20.088  1198-1198  Enterprise...nseService system_server                        D  isPackageInstalled() - com.yourname.smartrecorder not found in user 150
2025-11-26 23:31:20.090  1198-1198  ConditionProviders      system_server                        I  Disallowing condition provider com.yourname.smartrecorder (userSet: true)
2025-11-26 23:31:20.105  1198-1198  ConditionProviders      system_server                        I  Disallowing condition provider com.yourname.smartrecorder (userSet: true)
2025-11-26 23:31:20.190 26823-25342 RWIPackageIntentOps     com.google.android.gms               W  Registries cleared for package: com.yourname.smartrecorder
2025-11-26 23:31:20.202 27134-25347 RWIPackageIntentOps     com.google.android.gms               W  Registries cleared for package: com.yourname.smartrecorder
2025-11-26 23:31:20.218 27134-31637 Icing                   com.google.android.gms               I  doRemovePackageData com.yourname.smartrecorder
2025-11-26 23:31:20.288 26823-25410 Icing                   com.google.android.gms               I  doRemovePackageData com.yourname.smartrecorder
2025-11-26 23:31:20.402 27134-25291 SQLiteLog               com.google.android.gms               W  (28) double-quoted string literal: "com.yourname.smartrecorder"
2025-11-26 23:31:20.449 26823-25358 SQLiteLog               com.google.android.gms               W  (28) double-quoted string literal: "com.yourname.smartrecorder"
2025-11-26 23:31:20.562 25367-25400 ENTM:Systemprocess      com.samsung.klmsagent                I  listeningToPackageRemoved().pkgName: com.yourname.smartrecorder
2025-11-26 23:31:20.562 25367-25400 ENTM:Systemprocess      com.samsung.klmsagent                I  listeningToPackageRemovedforELM().START - com.yourname.smartrecorder
2025-11-26 23:31:20.567 25367-25397 ENTM:Systemprocess      com.samsung.klmsagent                I  listeningToPackageRemoved().pkgName: com.yourname.smartrecorder
2025-11-26 23:31:20.567 25367-25397 ENTM:Systemprocess      com.samsung.klmsagent                I  listeningToPackageRemovedforELM().START - com.yourname.smartrecorder
2025-11-26 23:31:20.576 25367-25400 ENTM:Systemprocess      com.samsung.klmsagent                I  listeningToPackageRemovedforKLM().START - com.yourname.smartrecorder
2025-11-26 23:31:20.579 25367-25400 ENTM:DataBaseUtils      com.samsung.klmsagent                I  isSameTrackerIdInDeviceDB().START: com.yourname.smartrecorder
2025-11-26 23:31:20.583 25367-25397 ENTM:Systemprocess      com.samsung.klmsagent                I  listeningToPackageRemovedforKLM().START - com.yourname.smartrecorder
2025-11-26 23:31:20.585 25367-25397 ENTM:DataBaseUtils      com.samsung.klmsagent                I  isSameTrackerIdInDeviceDB().START: com.yourname.smartrecorder
2025-11-26 23:31:21.446  1198-1293  SettingsProvider        system_server                        I  onPackageRemoved (userId 0) PackageName = com.yourname.smartrecorder
2025-11-26 23:31:21.496  1198-1850  Telecom:Sa...erviceImpl system_server                        I  clearAccounts - packageName : com.yourname.smartrecorder / callingPid : 25543 / processName : sts
2025-11-26 23:31:21.516  1198-1293  SGM:GameManager         system_server                        I  PkgUpdateReceiver, onPackageRemoved : com.yourname.smartrecorder userHandle : UserHandle{0} userID : 0
2025-11-26 23:31:21.517  1198-1540  SGM:GosNotifyThread     system_server                        D  notifyPackageChangedToGos(), before send intent to GOS. type:15, changeType: 1, pkgName:com.yourname.smartrecorder, userHandleId:0
2025-11-26 23:31:21.518  1198-1293  SpenThemeManager        system_server                        I  package removed = com.yourname.smartrecorder
2025-11-26 23:31:21.739 25258-25258 PersistedS...edReceiver com....android.permissioncontroller  D  Received android.intent.action.PACKAGE_FULLY_REMOVED for com.yourname.smartrecorder for u95
2025-11-26 23:31:21.773  1198-1198  Telecom:Sa...erviceImpl system_server                        I  clearAccounts - packageName : com.yourname.smartrecorder / callingPid : 1198 / processName : sts
2025-11-26 23:31:21.905  1198-1293  MetaDataCollector       system_server                        D  onReceive: done pkgName=com.yourname.smartrecorder
2025-11-26 23:31:21.905  1198-1293  LauncherAppsService     system_server                        D  Calling onPackageRemoved: com.yourname.smartrecorder, EXTRA_REPLACING: false
2025-11-26 23:31:21.905  1198-1293  LauncherAppsService     system_server                        D  Calling onPackageRemoved: com.yourname.smartrecorder, listener: com.samsung.android.app.cocktailbarservice(UserHandle{0}, 4533)
2025-11-26 23:31:21.905  1198-1293  LauncherAppsService     system_server                        D  Calling onPackageRemoved: com.yourname.smartrecorder, listener: com.google.android.as(UserHandle{0}, 4110)
2025-11-26 23:31:21.906  1198-1293  LauncherAppsService     system_server                        D  Calling onPackageRemoved: com.yourname.smartrecorder, listener: com.sec.android.app.launcher(UserHandle{0}, 2188)
2025-11-26 23:31:21.906  1198-1293  LauncherAppsService     system_server                        D  Calling onPackageRemoved: com.yourname.smartrecorder, listener: com.android.systemui(UserHandle{0}, 22947)
2025-11-26 23:31:21.906  1198-1293  LauncherAppsService     system_server                        D  Calling onPackageRemoved: com.yourname.smartrecorder, listener: android(UserHandle{0}, 1198)
2025-11-26 23:31:21.906  1198-1293  LauncherApps            system_server                        D  onPackageRemoved 95,com.yourname.smartrecorder
2025-11-26 23:31:21.906 22947-23119 LauncherApps            com.android.systemui                 D  onPackageRemoved 95,com.yourname.smartrecorder
2025-11-26 23:31:21.906  1198-1293  LauncherAppsService     system_server                        D  Calling onPackageRemoved: com.yourname.smartrecorder, listener: com.samsung.android.spay(UserHandle{0}, 14462)
2025-11-26 23:31:21.906  1198-1293  LauncherAppsService     system_server                        D  Calling onPackageRemoved: com.yourname.smartrecorder, EXTRA_REPLACING: false
2025-11-26 23:31:21.906  1198-1293  LauncherAppsService     system_server                        D  Calling onPackageRemoved: com.yourname.smartrecorder, listener: com.samsung.android.app.cocktailbarservice(UserHandle{0}, 4533)
2025-11-26 23:31:21.906  1198-1293  LauncherAppsService     system_server                        D  Calling onPackageRemoved: com.yourname.smartrecorder, listener: com.google.android.as(UserHandle{0}, 4110)
2025-11-26 23:31:21.906  1198-1293  LauncherAppsService     system_server                        D  Calling onPackageRemoved: com.yourname.smartrecorder, listener: com.sec.android.app.launcher(UserHandle{0}, 2188)
2025-11-26 23:31:21.906  1198-1293  LauncherAppsService     system_server                        D  Calling onPackageRemoved: com.yourname.smartrecorder, listener: com.android.systemui(UserHandle{0}, 22947)
2025-11-26 23:31:21.906  1198-1293  LauncherAppsService     system_server                        D  Calling onPackageRemoved: com.yourname.smartrecorder, listener: android(UserHandle{0}, 1198)
2025-11-26 23:31:21.906  1198-1293  LauncherApps            system_server                        D  onPackageRemoved 0,com.yourname.smartrecorder
2025-11-26 23:31:21.906 22947-23119 LauncherApps            com.android.systemui                 D  onPackageRemoved 0,com.yourname.smartrecorder
2025-11-26 23:31:21.906  1198-1293  LauncherAppsService     system_server                        D  Calling onPackageRemoved: com.yourname.smartrecorder, listener: com.samsung.android.spay(UserHandle{0}, 14462)
2025-11-26 23:31:21.907  1198-1293  UsageStatsService       system_server                        D  onPackageRemoved com.yourname.smartrecorder
2025-11-26 23:31:21.908  4110-4121  LauncherApps            com.google.android.as                D  onPackageRemoved 95,com.yourname.smartrecorder
2025-11-26 23:31:21.909  4110-4121  LauncherApps            com.google.android.as                D  onPackageRemoved 0,com.yourname.smartrecorder
2025-11-26 23:31:21.909  4533-4533  TaskEdge.Panel          com...ndroid.app.cocktailbarservice  I  onPackageRemovedcom.yourname.smartrecorder
2025-11-26 23:31:21.910  2188-2188  Launcher.Model          com.sec.android.app.launcher         I  package removed received com.yourname.smartrecorder
2025-11-26 23:31:21.910 14462-14767 SAMSUNGWALLET           com.samsung.android.spay             I  [Hint_SimpleHintProcessMonitor] package removed : com.yourname.smartrecorder , execute : false
2025-11-26 23:31:21.910 14462-14767 SAMSUNGWALLET           com.samsung.android.spay             I  [Hint_SimpleHintProcessMonitor] package removed : com.yourname.smartrecorder , execute : true
2025-11-26 23:31:21.911  2188-2188  Launcher.Model          com.sec.android.app.launcher         I  package removed received com.yourname.smartrecorder
2025-11-26 23:31:21.912  4533-4533  TaskEdge.Panel          com...ndroid.app.cocktailbarservice  I  onPackageRemovedcom.yourname.smartrecorder
2025-11-26 23:31:21.917  2188-2465  PackageUpdatedTask      com.sec.android.app.launcher         I  Removing app iconcom.yourname.smartrecorder
2025-11-26 23:31:21.928  2188-2465  PackageUpdatedTask      com.sec.android.app.launcher         I  mAllAppsList.removePackage com.yourname.smartrecorder
2025-11-26 23:31:21.928  2188-2465  PackageUpdatedTask      com.sec.android.app.launcher         I  removed, appInfo : AppInfo(id=1657 type=APP hidden=0 container=all_apps screen=4 rank=11 rankOfList=-1 user=UserHandle{95} title=Smart Recorder componentName=ComponentInfo{com.yourname.smartrecorder/com.yourname.smartrecorder.MainActivity} screenType=0 runtimeStatusFlags=128 status=0)
2025-11-26 23:31:21.935  2188-2465  AppsModelWriter         com.sec.android.app.launcher         I  removing items from db com.yourname.smartrecorder
2025-11-26 23:31:22.011  1198-1293  UsageStatsService       system_server                        D  onPackageRemoved com.yourname.smartrecorder
2025-11-26 23:31:22.478 25573-25573 Finsky:background       pid-25573                            I  [2] Package no longer installed: com.yourname.smartrecorder
2025-11-26 23:31:22.480 25573-25573 Finsky:background       com.android.vending                  I  [2] Package no longer installed: com.yourname.smartrecorder
2025-11-26 23:31:22.819  1198-1284  CompanionD...gerService system_server                        I  onPackageRemove_Or_DataCleared() u95/com.yourname.smartrecorder
2025-11-26 23:31:22.819  1198-1284  CompanionD...gerService system_server                        I  onPackageRemove_Or_DataCleared() u0/com.yourname.smartrecorder
2025-11-26 23:31:23.578 25292-25292 PersistedS...edReceiver com....android.permissioncontroller  D  Received android.intent.action.PACKAGE_FULLY_REMOVED for com.yourname.smartrecorder for u0
2025-11-26 23:31:23.623  4089-5734  MediaProvider           com...ndroid.providers.media.module  D  Deleted 0 Android/media items belonging to com.yourname.smartrecorder on /data/user/0/com.google.android.providers.media.module/databases/external.db
2025-11-26 23:31:23.636  4089-5734  FuseDaemon              com...ndroid.providers.media.module  I  Successfully deleted rows in leveldb for owner_id:  and ownerPackageIdentifier: com.yourname.smartrecorder::0
2025-11-26 23:31:23.887 25767-25767 DWBk                    pid-25767                            I  onPackageDeleted : com.yourname.smartrecorder
2025-11-26 23:31:23.978 25767-25788 DWBa                    pid-25767                            I  couldn't find com.yourname.smartrecorder
2025-11-26 23:31:24.787  2188-2465  PackageUpdatedTask      com.sec.android.app.launcher         I  Removing app iconcom.yourname.smartrecorder
2025-11-26 23:31:24.791  2188-2465  PackageUpdatedTask      com.sec.android.app.launcher         I  mAllAppsList.removePackage com.yourname.smartrecorder
2025-11-26 23:31:24.792  2188-2465  PackageUpdatedTask      com.sec.android.app.launcher         I  removed, appInfo : AppInfo(id=1656 type=APP hidden=0 container=all_apps screen=4 rank=10 rankOfList=-1 user=UserHandle{0} title=Smart Recorder componentName=ComponentInfo{com.yourname.smartrecorder/com.yourname.smartrecorder.MainActivity} screenType=0 runtimeStatusFlags=384 status=0)
2025-11-26 23:31:24.797  2188-2465  AppsModelWriter         com.sec.android.app.launcher         I  removing items from db com.yourname.smartrecorder
2025-11-26 23:31:25.246 25885-25885 FILP/Packa...ntReceiver pid-25885                            I  pkgName : com.yourname.smartrecorder
2025-11-26 23:31:25.264  4193-4534  System.err              com.sec.android.diagmonagent         W  android.content.pm.PackageManager$NameNotFoundException: com.yourname.smartrecorder
2025-11-26 23:31:25.284 25885-25904 FILP/b                  pid-25885                            I  removeFromFS : com.yourname.smartrecorder, cursor size : 0
2025-11-26 23:31:25.300 25885-25904 FILP/b                  pid-25885                            I  Delete DB result : com.yourname.smartrecorder, 0
2025-11-26 23:31:37.749  1198-1375  PackageManager          system_server                        I  START INSTALL PACKAGE: observer{234384105}
                                                                                                              stagedDir{/data/app/vmdl719088232.tmp}
                                                                                                              stagedCid{null}
                                                                                                              pkg{com.yourname.smartrecorder}
                                                                                                              Request from{null}
2025-11-26 23:31:37.788  1198-1376  PersonaServiceHelper    system_server                        D  in trim for persona 95 setting false null com.yourname.smartrecorder
2025-11-26 23:31:37.788  1198-1376  PersonaServiceHelper    system_server                        D  in trim for persona 150 setting false null com.yourname.smartrecorder
2025-11-26 23:31:38.380   994-1079  cutils                  installd                             E  Failed to open(/data/misc/profiles/cur/150/com.yourname.smartrecorder/primary.prof): No such file or directory
2025-11-26 23:31:38.380   994-1079  installd                installd                             E  Failed to prepare /data/misc/profiles/cur/150/com.yourname.smartrecorder/primary.prof: No such file or directory
2025-11-26 23:31:38.380  1198-1376  ArtManagerService       system_server                        E  Failed to prepare profile for com.yourname.smartrecorder:/data/app/~~bRlahDWD2jGKbVZdD94KPg==/com.yourname.smartrecorder-kCybhN7z_apjh5HvTepDWA==/base.apk
2025-11-26 23:31:38.380  1198-1376  BackupManagerService    system_server                        V  [UserID:0] restoreAtInstall pkg=com.yourname.smartrecorder token=bf restoreSet=0
2025-11-26 23:31:38.381  1198-1376  AppsFilter              system_server                        I  interaction: PackageSetting{a3f1f37 com.example.realtalkenglishwithAI/10912} -> PackageSetting{6923775 com.yourname.smartrecorder/10928} BLOCKED
2025-11-26 23:31:38.381  1198-1376  AppsFilter              system_server                        I  interaction: PackageSetting{2a5730a com.marketsnap.app/10921} -> PackageSetting{6923775 com.yourname.smartrecorder/10928} BLOCKED
2025-11-26 23:31:38.381  1198-1376  AppsFilter              system_server                        I  interaction: PackageSetting{b296cb9 com.app.numerology/10925} -> PackageSetting{6923775 com.yourname.smartrecorder/10928} BLOCKED
2025-11-26 23:31:38.381  1198-1376  AppsFilter              system_server                        I  interaction: PackageSetting{a3f1f37 com.example.realtalkenglishwithAI/10912} -> PackageSetting{6923775 com.yourname.smartrecorder/10928} BLOCKED
2025-11-26 23:31:38.381  1198-1376  AppsFilter              system_server                        I  interaction: PackageSetting{2a5730a com.marketsnap.app/10921} -> PackageSetting{6923775 com.yourname.smartrecorder/10928} BLOCKED
2025-11-26 23:31:38.381  1198-1376  AppsFilter              system_server                        I  interaction: PackageSetting{b296cb9 com.app.numerology/10925} -> PackageSetting{6923775 com.yourname.smartrecorder/10928} BLOCKED
2025-11-26 23:31:38.396  9078-9105  MediaProvider           com...ndroid.providers.media.module  D  Couldn't get uid for package: com.yourname.smartrecorder
2025-11-26 23:31:38.402  9078-9105  MediaProvider           com...ndroid.providers.media.module  D  Couldn't get uid for package: com.yourname.smartrecorder
2025-11-26 23:31:38.413  1198-1446  OverlayManager          system_server                        D  reconcileSettingsForPackage pkgName=com.yourname.smartrecorder userId=0
2025-11-26 23:31:38.413  1198-1446  OverlayManager          system_server                        I  updateOverlaysForTarget() called with: targetPackage = [com.yourname.smartrecorder], userId = [0], flags = [0], skipUpdateState = [false]
2025-11-26 23:31:38.432  1706-1706  CarrierSvcBindHelper    com.android.phone                    D  onPackageAdded: com.yourname.smartrecorder
2025-11-26 23:31:38.437  1706-1706  VvmPkgInstalledRcvr     com.android.phone                    I  packageName: com.yourname.smartrecorder, systemDialer: com.samsung.android.dialer
2025-11-26 23:31:38.438  2712-2779  PackageInfoManager_FLP  com.sec.location.nsflp2              I  action : ACTION_PACKAGE_ADDED, packageName = com.yourname.smartrecorder
2025-11-26 23:31:38.439 22947-23121 PluginInstanceManager   com.android.systemui                 D  queryPkg com.yourname.smartrecorder com.android.systemui.action.PLUGIN_QS_FACTORY
2025-11-26 23:31:38.439 22947-23121 PluginInstanceManager   com.android.systemui                 D  queryPkg com.yourname.smartrecorder com.android.systemui.action.PEOPLE_HUB_PERSON_EXTRACTOR
2025-11-26 23:31:38.439 22947-23121 PluginInstanceManager   com.android.systemui                 D  queryPkg com.yourname.smartrecorder com.android.systemui.action.PLUGIN_GLOBAL_ACTIONS
2025-11-26 23:31:38.439 22947-23121 PluginInstanceManager   com.android.systemui                 D  queryPkg com.yourname.smartrecorder com.android.systemui.action.PLUGIN_AOD
2025-11-26 23:31:38.439 22947-23121 PluginInstanceManager   com.android.systemui                 D  queryPkg com.yourname.smartrecorder com.android.systemui.action.PLUGIN_QS
2025-11-26 23:31:38.439 22947-23121 PluginInstanceManager   com.android.systemui                 D  queryPkg com.yourname.smartrecorder com.android.systemui.action.PLUGIN_CLOCK
2025-11-26 23:31:38.439 22947-23121 PluginInstanceManager   com.android.systemui                 D  queryPkg com.yourname.smartrecorder com.android.systemui.action.PLUGIN_LOCKSCREEN_RIGHT_BUTTON
2025-11-26 23:31:38.439 22947-23121 PluginInstanceManager   com.android.systemui                 D  queryPkg com.yourname.smartrecorder com.android.systemui.action.PLUGIN_LOCKSCREEN_RIGHT_BUTTON
2025-11-26 23:31:38.440 22947-23121 PluginInstanceManager   com.android.systemui                 D  queryPkg com.yourname.smartrecorder com.android.systemui.action.PLUGIN_LOCKSCREEN_LEFT_BUTTON
2025-11-26 23:31:38.440 22947-23121 PluginInstanceManager   com.android.systemui                 D  queryPkg com.yourname.smartrecorder com.android.systemui.action.PLUGIN_LOCKSCREEN_LEFT_BUTTON
2025-11-26 23:31:38.440 22947-23121 PluginInstanceManager   com.android.systemui                 D  queryPkg com.yourname.smartrecorder com.android.systemui.action.PLUGIN_NOTIFICATION_ASSISTANT
2025-11-26 23:31:38.440 22947-23121 PluginInstanceManager   com.android.systemui                 D  queryPkg com.yourname.smartrecorder com.android.systemui.action.PLUGIN_OVERLAY
2025-11-26 23:31:38.440 22947-23121 PluginInstanceManager   com.android.systemui                 D  queryPkg com.yourname.smartrecorder com.android.systemui.action.PLUGIN_CLOCK
2025-11-26 23:31:38.440 22947-23121 PluginInstanceManager   com.android.systemui                 D  queryPkg com.yourname.smartrecorder com.samsung.systemui.action.PLUGIN_FACE_WIDGET
2025-11-26 23:31:38.440  1198-1647  SdkSandboxManager       system_server                        I  No SDKs used. Skipping SDK data reconcilation for CallingInfo{mUid=10928, mPackageName='com.yourname.smartrecorder, mAppProcessToken='null'}
2025-11-26 23:31:38.440 22947-23121 PluginInstanceManager   com.android.systemui                 D  queryPkg com.yourname.smartrecorder com.android.systemui.action.PLUGIN_SENSOR_MANAGER
2025-11-26 23:31:38.440 22947-23121 PluginInstanceManager   com.android.systemui                 D  queryPkg com.yourname.smartrecorder com.android.systemui.action.PLUGIN_NOTIFICATION_MENU_ROW
2025-11-26 23:31:38.440 22947-23121 PluginInstanceManager   com.android.systemui                 D  queryPkg com.yourname.smartrecorder com.android.systemui.action.PLUGIN_TOAST
2025-11-26 23:31:38.440 22947-23121 PluginInstanceManager   com.android.systemui                 D  queryPkg com.yourname.smartrecorder com.android.systemui.action.PLUGIN_VOLUME
2025-11-26 23:31:38.440  1198-1647  SdkSandboxManager       system_server                        I  No SDKs used. Skipping SDK data reconcilation for CallingInfo{mUid=9510928, mPackageName='com.yourname.smartrecorder, mAppProcessToken='null'}
2025-11-26 23:31:38.444 25699-25699 SCS@AiSearch user 0     com.samsung.android.scs              I  (PackageBroadcastReceiver) packageName: com.yourname.smartrecorder
2025-11-26 23:31:38.444 25699-25699 SCS@AiSearch user 0     com.samsung.android.scs              I  (PackageBroadcastReceiver) Packages changed: [com.yourname.smartrecorder]
2025-11-26 23:31:38.445 25699-25699 SCS@AiSearch user 0     com.samsung.android.scs              I  (PackageBroadcastReceiver) packageName: com.yourname.smartrecorder
2025-11-26 23:31:38.445 25699-25699 SCS@AiSearch user 0     com.samsung.android.scs              I  (PackageBroadcastReceiver) Packages changed: [com.yourname.smartrecorder]
2025-11-26 23:31:38.448  1706-1706  VvmPkgInstalledRcvr     com.android.phone                    I   NOT contains : com.yourname.smartrecorder
2025-11-26 23:31:38.452  4158-4158  [AirCmd]_R...ionManager com...ng.android.service.aircommand  I  onPackageChangeDetected : com.yourname.smartrecorder
2025-11-26 23:31:38.455  1198-1446  OverlayManager          system_server                        D  -> Updating overlay: target=com.yourname.smartrecorder overlays=[OverlayPaths { resourceDirs = [/product/overlay/NavigationBarMode3Button/NavigationBarMode3ButtonOverlay.apk], overlayPaths = [/product/overlay/NavigationBarMode3Button/NavigationBarMode3ButtonOverlay.apk] }] userId=0
2025-11-26 23:31:38.455  1198-1446  OMS_DEBUG               system_server                        I  [updatePackageManagerLocked] updatedPackages : [com.yourname.smartrecorder]
2025-11-26 23:31:38.455  1198-1446  SWT_ThemeManager        system_server                        I  com.yourname.smartrecorder doesn't have metadata
2025-11-26 23:31:38.456  1198-1446  OverlayManager          system_server                        D  reconcileSettingsForPackage pkgName=com.yourname.smartrecorder userId=95
2025-11-26 23:31:38.456  1198-1446  OverlayManager          system_server                        I  updateOverlaysForTarget() called with: targetPackage = [com.yourname.smartrecorder], userId = [95], flags = [0], skipUpdateState = [false]
2025-11-26 23:31:38.458  1198-1446  OverlayManager          system_server                        D  -> Updating overlay: target=com.yourname.smartrecorder overlays=[OverlayPaths { resourceDirs = [], overlayPaths = [] }] userId=95
2025-11-26 23:31:38.458  1198-1446  SWT_ThemeManager        system_server                        I  com.yourname.smartrecorder doesn't have metadata
2025-11-26 23:31:38.459  1198-1198  SGM:GameManager         system_server                        D  identifyGamePackage. com.yourname.smartrecorder, mCurrentUserId: 0, callerUserId: 0, callingMethodInfo: com.samsung.android.game.SemGameManager.isGamePackage(SemGameManager.java:104)
2025-11-26 23:31:38.459  1198-1198  SGM:PkgDataHelper       system_server                        D  getGamePkgData(). com.yourname.smartrecorder
2025-11-26 23:31:38.459  1198-1198  SGM:SemGameManager      system_server                        D  isGamePackage(), pkgName=com.yourname.smartrecorder, ret=false
2025-11-26 23:31:38.460  1198-1198  AppWidgetServiceImpl    system_server                        I  Received broadcast: android.intent.action.PACKAGE_ADDED, Updates all providers with com.yourname.smartrecorder, userId: 0
2025-11-26 23:31:38.460  1198-1198  DomainFilter            system_server                        I  packageAdded() - packageName: com.yourname.smartrecorder, uid: 0
2025-11-26 23:31:38.461  1198-1198  DualDARComnService      system_server                        D  reConnectAgentsByPkgName:: package: com.yourname.smartrecorder
2025-11-26 23:31:38.461  1706-1706  VvmPkgInstalledRcvr     com.android.phone                    I   NOT contains : com.yourname.smartrecorder
2025-11-26 23:31:38.463  1198-1198  Telecom:Sa...stReceiver system_server                        I  action : android.intent.action.PACKAGE_ADDED / packageName : com.yourname.smartrecorder
2025-11-26 23:31:38.466  1706-1706  CarrierSvcBindHelper    com.android.phone                    D  onPackageAdded: com.yourname.smartrecorder
2025-11-26 23:31:38.467  1706-1706  ImsResolver             com.android.phone                    D  maybeAddedImsService, packageName: com.yourname.smartrecorder
2025-11-26 23:31:38.467  1706-1706  ImsResolver             com.android.phone                    D  maybeAddedImsService, packageName: com.yourname.smartrecorder
2025-11-26 23:31:38.471  1198-1634  SGM:GameManager         system_server                        D  identifyGamePackage. com.yourname.smartrecorder, mCurrentUserId: 0, callerUserId: 0, callingMethodInfo: com.samsung.android.game.SemGameManager.isGamePackage(SemGameManager.java:104)
2025-11-26 23:31:38.471  1198-1634  SGM:PkgDataHelper       system_server                        D  getGamePkgData(). com.yourname.smartrecorder
2025-11-26 23:31:38.471  1198-1634  SGM:SemGameManager      system_server                        D  isGamePackage(), pkgName=com.yourname.smartrecorder, ret=false
2025-11-26 23:31:38.479  1198-1198  SGM:GameManager         system_server                        D  identifyGamePackage. com.yourname.smartrecorder, mCurrentUserId: 0, callerUserId: 0, callingMethodInfo: com.samsung.android.game.SemGameManager.isGamePackage(SemGameManager.java:104)
2025-11-26 23:31:38.479  1198-1198  SGM:PkgDataHelper       system_server                        D  getGamePkgData(). com.yourname.smartrecorder
2025-11-26 23:31:38.479  1198-1198  SGM:SemGameManager      system_server                        D  isGamePackage(), pkgName=com.yourname.smartrecorder, ret=false
2025-11-26 23:31:38.479  1198-1198  AppWidgetServiceImpl    system_server                        I  Received broadcast: android.intent.action.PACKAGE_ADDED, Updates all providers with com.yourname.smartrecorder, userId: 95
2025-11-26 23:31:38.479  1198-1198  DomainFilter            system_server                        I  packageAdded() - packageName: com.yourname.smartrecorder, uid: 95
2025-11-26 23:31:38.479  1198-1198  DualDARComnService      system_server                        D  reConnectAgentsByPkgName:: package: com.yourname.smartrecorder
2025-11-26 23:31:38.480  1198-1198  Telecom:Sa...stReceiver system_server                        I  action : android.intent.action.PACKAGE_ADDED / packageName : com.yourname.smartrecorder
2025-11-26 23:31:38.481 22947-22947 FaceWidget...dataParser com.android.systemui                 D  updatePackage() com.yourname.smartrecorder true
2025-11-26 23:31:38.482  1198-1198  ApplicationPolicy       system_server                        D  No updatable permission to DENY found for com.yourname.smartrecorder(0)
2025-11-26 23:31:38.484 22947-22947 FaceWidget...dataParser com.android.systemui                 D  removePackage() key = com.yourname.smartrecorder
2025-11-26 23:31:38.485  4879-4879  Routine@Co...LoaderImpl com.samsung.android.app.routines     I  collectInBackground - packageName:com.yourname.smartrecorder
2025-11-26 23:31:38.485  1198-1198  ApplicationPolicy       system_server                        D  No updatable permission to GRANT found for com.yourname.smartrecorder(0)
2025-11-26 23:31:38.486  4879-4879  Routine@Co...yncBacklog com.samsung.android.app.routines     I  add: null + com.yourname.smartrecorder
2025-11-26 23:31:38.501  1198-1707  SGM:GameManager         system_server                        D  identifyGamePackage. com.yourname.smartrecorder, mCurrentUserId: 0, callerUserId: 0, callingMethodInfo: com.samsung.android.game.SemGameManager.isGamePackage(SemGameManager.java:104)
2025-11-26 23:31:38.501  1198-1707  SGM:PkgDataHelper       system_server                        D  getGamePkgData(). com.yourname.smartrecorder
2025-11-26 23:31:38.501  1198-1707  SGM:SemGameManager      system_server                        D  isGamePackage(), pkgName=com.yourname.smartrecorder, ret=false
2025-11-26 23:31:38.501  1198-1707  Pageboost               system_server                        I  appinfo : com.yourname.smartrecorder 0 0 0 0
