2025-11-28 00:47:45.538  1198-2005  MdnieScena...rolService system_server                        D   packageName : com.yourname.smartrecorder    className : com.yourname.smartrecorder.MainActivity
2025-11-28 00:47:45.550  7711-7818  SmartRecor...Repository com.yourname.smartrecorder           D  [BG] [DB: recordings] INSERT_COMPLETE -> id=39dc7bdd-607d-4788-a68f-508b41ef9517, duration=78ms
2025-11-28 00:47:45.550  7711-7818  SmartRecorder/Import    com.yourname.smartrecorder           I  [MAIN] [UseCase: ImportAudioFileUseCase] Completed (recordingId=39dc7bdd-607d-4788-a68f-508b41ef9517, duration=181ms)
2025-11-28 00:47:45.550  7711-7818  SmartRecorder/Import    com.yourname.smartrecorder           I  [Performance] ImportAudioFileUseCase took 181ms (fileSize=3486308bytes)
2025-11-28 00:47:45.550  7711-7711  SmartRecorder/Import    com.yourname.smartrecorder           I  [MAIN] [ViewModel: ImportAudioViewModel] Import completed -> State: recordingId=39dc7bdd-607d-4788-a68f-508b41ef9517, title=Thoi 019
2025-11-28 00:47:45.550  7711-7711  SmartRecorder/Import    com.yourname.smartrecorder           D  Starting automatic transcription -> recordingId: 39dc7bdd-607d-4788-a68f-508b41ef9517
2025-11-28 00:47:45.551  7711-7818  SmartRecorder/UseCase   com.yourname.smartrecorder           I  [MAIN] [UseCase: GenerateTranscriptUseCase] Starting (recordingId=39dc7bdd-607d-4788-a68f-508b41ef9517, filePath=/data/user/0/com.yourname.smartrecorder/files/recordings/imported_39dc7bdd-607d-4788-a68f-508b41ef9517.m4a)
2025-11-28 00:47:45.552  7711-7818  SmartRecor...Transcript com.yourname.smartrecorder           D  Audio file info -> size: 3486308 bytes, duration: 211734 ms
2025-11-28 00:47:45.552  7711-7818  SmartRecorder/Import    com.yourname.smartrecorder           D  [ImportAudioViewModel] Transcription progress: 0%%
2025-11-28 00:47:45.552  7711-7818  SmartRecor...Transcript com.yourname.smartrecorder           D  [GenerateTranscriptUseCase] Transcription progress: 0%%
2025-11-28 00:47:45.553  7711-7818  WhisperJNI              com.yourname.smartrecorder           I  Loading model from: /data/user/0/com.yourname.smartrecorder/files/whisper-models/ggml-tiny.en.bin
2025-11-28 00:47:45.628   858-858   SurfaceFlinger          surfaceflinger                       D  Display 4633128672291735937 HWC layers:
                                                                                                         CLIENT | 0x70f529f990 | 0102 | RGBA_8888    |    0.0    0.0    0.0    0.0 |    0 3066 1440 3088 | bbq-wrapper#43620
                                                                                                         CLIENT | 0x70f52dfdd0 | 0102 | RGBA_8888    |    0.0   22.0 1440.0 3088.0 |    0    0 1440 3066 | com.yourname.smartrecorder/com.yourn[...]artrecorder.MainActivity$_7711#43611
                                                                                                         CLIENT |              | 0000 |  Unknown  |    0.0    0.0    0.0    0.0 |  693  132 1402  546 | Task=22605#37284
                                                                                                         CLIENT |              | 0002 |  Unknown  |    0.0    0.0    0.0    0.0 |  711  150 1384  528 | Background for SurfaceView[com.googl[...]oneycomb.Shell$HomeActivity]@0#41541
                                                                                                         CLIENT | 0x70f52afe90 | 0102 | 0x0000105    |    0.0    0.0  854.0  480.0 |  711  150 1384  528 | SurfaceView[com.google.android.youtu[...]b.Shell$HomeActivity]@0(BLAST)#41540
                                                                                                         CLIENT | 0x70f52da190 | 0100 | RGBA_8888    |    0.0    0.0  673.0  378.0 |  711  150 1384  528 | com.google.android.youtube/com.googl[...]comb.Shell$HomeActivity$_29596#41535
                                                                                                         DEVICE | 0x70f52ec3
2025-11-28 00:47:45.779   858-858   SurfaceFlinger          surfaceflinger                       D  Display 4633128672291735937 HWC layers:
                                                                                                         DEVICE | 0x70f52dfdd0 | 0102 | RGBA_8888    |    0.0    0.0 1440.0 3088.0 |    0    0 1440 3088 | com.yourname.smartrecorder/com.yourn[...]artrecorder.MainActivity$_7711#43611
                                                                                                         CLIENT |              | 0000 |  Unknown  |    0.0    0.0    0.0    0.0 |  693  132 1402  546 | Task=22605#37284
                                                                                                         CLIENT |              | 0002 |  Unknown  |    0.0    0.0    0.0    0.0 |  711  150 1384  528 | Background for SurfaceView[com.googl[...]oneycomb.Shell$HomeActivity]@0#41541
                                                                                                         CLIENT | 0x70f52afe90 | 0102 | 0x0000105    |    0.0    0.0  854.0  480.0 |  711  150 1384  528 | SurfaceView[com.google.android.youtu[...]b.Shell$HomeActivity]@0(BLAST)#41540
                                                                                                         CLIENT | 0x70f52da190 | 0100 | RGBA_8888    |    0.0    0.0  673.0  378.0 |  711  150 1384  528 | com.google.android.youtube/com.googl[...]comb.Shell$HomeActivity$_29596#41535
                                                                                                         DEVICE | 0x70f52ec3d0 | 0100 | RGBA_8888    |    0.0    0.0 1440.0   90.0 |    0    0 1440   90 | StatusBar$_22947#4630
                                                                                                         DEVICE | 0x70f5
2025-11-28 00:47:45.788  1198-1288  WindowManager           system_server                        I  Reparenting to original parent: Surface(name=Task=22668)/@0xae874fb, destroy=true, surface=Surface(name=ActivityRecord{6fff5e5 u0 com.yourname.smartrecorder/.MainActivity} t22668})/@0x3d0a8b6
2025-11-28 00:47:45.805   858-858   Layer                   surfaceflinger                       I  id=43616 removeFromCurrentState Surface(name=ActivityRecord{6fff5e5 u0 com.yourname.smartrecorder/.MainActivity} t22668})/@0x3d0a8b6 - animation-leash of app_transition#43616 (151)
2025-11-28 00:47:45.805   858-858   Layer                   surfaceflinger                       I  id=43617 removeFromCurrentState Surface(name=ActivityRecord{6fff5e5 u0 com.yourname.smartrecorder/.MainActivity} t22668})/@0x3d0a8b6 - animation-bounds#43617 (151)
2025-11-28 00:47:45.806   858-858   SurfaceFlinger          surfaceflinger                       I  id=43617 Removed Surface(name=ActivityRecord{6fff5e5 u0 com.yourname.smartrecorder/.MainActivity} t22668})/@0x3d0a8b6 - animation-bounds#43617 (151)
2025-11-28 00:47:45.806   858-858   SurfaceFlinger          surfaceflinger                       I  id=43616 Removed Surface(name=ActivityRecord{6fff5e5 u0 com.yourname.smartrecorder/.MainActivity} t22668})/@0x3d0a8b6 - animation-leash of app_transition#43616 (151)
2025-11-28 00:47:45.806   858-858   Layer                   surfaceflinger                       I  id=43617 Destroyed Surface(name=ActivityRecord{6fff5e5 u0 com.yourname.smartrecorder/.MainActivity} t22668})/@0x3d0a8b6 - animation-bounds#43617
2025-11-28 00:47:45.806   858-858   Layer                   surfaceflinger                       I  id=43616 Destroyed Surface(name=ActivityRecord{6fff5e5 u0 com.yourname.smartrecorder/.MainActivity} t22668})/@0x3d0a8b6 - animation-leash of app_transition#43616
2025-11-28 00:47:45.933  1198-2005  MdnieScena...rolService system_server                        D   packageName : com.yourname.smartrecorder    className : com.yourname.smartrecorder.MainActivity
2025-11-28 00:47:46.009  7711-7818  WhisperJNI              com.yourname.smartrecorder           I  Model loaded successfully
2025-11-28 00:47:46.009  7711-7818  SmartRecor...Transcript com.yourname.smartrecorder           D  Model loaded successfully
2025-11-28 00:47:46.011  7711-7818  NuMediaExtractor        com.yourname.smartrecorder           V  NuMediaExtractor constructor
2025-11-28 00:47:46.013  1198-1287  SGM:GameManager         system_server                        D  identifyForegroundApp. com.yourname.smartrecorder, mCurrentUserId: 0, callerUserId: 0
2025-11-28 00:47:46.013  1198-1287  SGM:PkgDataHelper       system_server                        D  getGamePkgData(). com.yourname.smartrecorder
2025-11-28 00:47:46.023  7711-7818  NuMediaExtractor        com.yourname.smartrecorder           V  selectTrack, track[0]: audio/mp4a-latm
2025-11-28 00:47:46.024  7711-7818  MediaCodecList          com.yourname.smartrecorder           D  codecHandlesFormat: no format, so no extra checks
2025-11-28 00:47:46.025  7711-8488  CCodec                  com.yourname.smartrecorder           I  state->set(ALLOCATING)
2025-11-28 00:47:46.026  7711-8488  CCodec                  com.yourname.smartrecorder           I  allocate(c2.android.aac.decoder)
2025-11-28 00:47:46.031  7711-8488  Codec2Client            com.yourname.smartrecorder           I  Available Codec2 services: "default" "software"
2025-11-28 00:47:46.034  7711-8488  CCodec                  com.yourname.smartrecorder           I  setting up 'default' as default (vendor) store
2025-11-28 00:47:46.047  7711-8488  CCodec                  com.yourname.smartrecorder           I  Created component [c2.android.aac.decoder]
2025-11-28 00:47:46.047  7711-8488  CCodec                  com.yourname.smartrecorder           I  [c2.android.aac.decoder] state->set(ALLOCATED)
2025-11-28 00:47:46.047  7711-8488  CCodecConfig            com.yourname.smartrecorder           D  read media type: audio/mp4a-latm
2025-11-28 00:47:46.050  7711-8488  ReflectedParamUpdater   com.yourname.smartrecorder           D  extent() != 1 for single value type: algo.buffers.max-count.values
2025-11-28 00:47:46.050  7711-8488  ReflectedParamUpdater   com.yourname.smartrecorder           D  extent() != 1 for single value type: output.subscribed-indices.values
2025-11-28 00:47:46.050  7711-8488  ReflectedParamUpdater   com.yourname.smartrecorder           D  extent() != 1 for single value type: input.buffers.allocator-ids.values
2025-11-28 00:47:46.050  7711-8488  ReflectedParamUpdater   com.yourname.smartrecorder           D  extent() != 1 for single value type: output.buffers.allocator-ids.values
2025-11-28 00:47:46.050  7711-8488  ReflectedParamUpdater   com.yourname.smartrecorder           D  extent() != 1 for single value type: algo.buffers.allocator-ids.values
2025-11-28 00:47:46.050  7711-8488  ReflectedParamUpdater   com.yourname.smartrecorder           D  extent() != 1 for single value type: output.buffers.pool-ids.values
2025-11-28 00:47:46.050  7711-8488  ReflectedParamUpdater   com.yourname.smartrecorder           D  extent() != 1 for single value type: algo.buffers.pool-ids.values
2025-11-28 00:47:46.052  7711-8488  CCodecConfig            com.yourname.smartrecorder           I  query failed after returning 20 values (BAD_INDEX)
2025-11-28 00:47:46.052  7711-8488  CCodecConfig            com.yourname.smartrecorder           D  c2 config diff is Dict {
                                                                                                      c2::u32 coded.aac-packaging.value = 0
                                                                                                      c2::u32 coded.bitrate.value = 64000
                                                                                                      c2::u32 coded.pl.level = 0
                                                                                                      c2::u32 coded.pl.profile = 8192
                                                                                                      c2::i32 coding.drc.album-mode.value = 0
                                                                                                      c2::float coding.drc.attenuation-factor.value = 1
                                                                                                      c2::float coding.drc.boost-factor.value = 1
                                                                                                      c2::i32 coding.drc.compression-mode.value = 3
                                                                                                      c2::i32 coding.drc.effect-type.value = 3
                                                                                                      c2::float coding.drc.encoded-level.value = 0.25
                                                                                                      c2::float coding.drc.reference-level.value = -16
                                                                                                      c2::u32 input.buffers.max-size.value = 8192
                                                                                                      c2::u32 input.delay.value = 0
                                                                                                      string input.media-type.value = "audio/mp4a-latm"
                                                                                                      c2::u32 output.delay.value = 2
                                                                                                      c2::float output.drc.output-loudness.value = 0.25
                                                                                                      string output.media-type.value = "audio/raw"
                                                                                                      c2::u32 raw.channel-count.value = 1
                                                                                                      c2::u32 raw.channel-mask.value = 0
                                                                                                      c2::u32 raw.max-channel-count.value = 8
                                                                                                      c2::u32 raw.sample-rate.value = 44100
                                                                                                    }
2025-11-28 00:47:46.053  7711-8488  MediaCodec              com.yourname.smartrecorder           D  flushMediametrics
2025-11-28 00:47:46.063  7711-8488  CCodec                  com.yourname.smartrecorder           D  [c2.android.aac.decoder] buffers are bound to CCodec for this session
2025-11-28 00:47:46.063  7711-8488  CCodec                  com.yourname.smartrecorder           I  appPid(7711) width(0) height(0)
2025-11-28 00:47:46.063  7711-8488  CCodecConfig            com.yourname.smartrecorder           D  no c2 equivalents for isDMCMMExtractor
2025-11-28 00:47:46.063  7711-8488  CCodecConfig            com.yourname.smartrecorder           D  no c2 equivalents for track-id
2025-11-28 00:47:46.063  7711-8488  CCodecConfig            com.yourname.smartrecorder           D  no c2 equivalents for language
2025-11-28 00:47:46.063  7711-8488  CCodecConfig            com.yourname.smartrecorder           D  no c2 equivalents for track-fourcc
2025-11-28 00:47:46.063  7711-8488  CCodecConfig            com.yourname.smartrecorder           D  no c2 equivalents for durationUs
2025-11-28 00:47:46.063  7711-8488  CCodecConfig            com.yourname.smartrecorder           D  no c2 equivalents for bits-per-sample
2025-11-28 00:47:46.063  7711-8488  CCodecConfig            com.yourname.smartrecorder           D  no c2 equivalents for flags
2025-11-28 00:47:46.063  7711-8488  CCodecConfig            com.yourname.smartrecorder           D  c2 config diff is   c2::u32 coded.bitrate.value = 128000
2025-11-28 00:47:46.064  7711-8488  Codec2Client            com.yourname.smartrecorder           W  query -- param skipped: index = 1107298332.
2025-11-28 00:47:46.064  7711-8488  CCodec                  com.yourname.smartrecorder           D  encoding statistics level = 0
2025-11-28 00:47:46.064  7711-8488  CCodec                  com.yourname.smartrecorder           D  setup formats input: AMessage(what = 0x00000000) = {
                                                                                                      int32_t aac-drc-album-mode = 0
                                                                                                      int32_t aac-drc-boost-level = 127
                                                                                                      int32_t aac-drc-cut-level = 127
                                                                                                      int32_t aac-drc-effect-type = 3
                                                                                                      int32_t aac-encoded-target-level = -1
                                                                                                      int32_t aac-max-output-channel_count = 8
                                                                                                      int32_t aac-target-ref-level = 64
                                                                                                      int32_t bitrate = 128000
                                                                                                      int32_t channel-count = 1
                                                                                                      int32_t channel-mask = 0
                                                                                                      int32_t level = 0
                                                                                                      int32_t max-input-size = 524308
                                                                                                      int32_t max-output-channel-count = 8
                                                                                                      string mime = "audio/mp4a-latm"
                                                                                                      int32_t profile = 2
                                                                                                      int32_t sample-rate = 44100
                                                                                                      int64_t durationUs = 211734058
                                                                                                    }
2025-11-28 00:47:46.064  7711-8488  CCodec                  com.yourname.smartrecorder           D  setup formats output: AMessage(what = 0x00000000) = {
                                                                                                      int32_t aac-drc-album-mode = 0
                                                                                                      int32_t aac-drc-boost-level = 127
                                                                                                      int32_t aac-drc-cut-level = 127
                                                                                                      int32_t aac-drc-effect-type = 3
                                                                                                      int32_t aac-drc-output-loudness = -1
                                                                                                      int32_t aac-encoded-target-level = -1
                                                                                                      int32_t aac-max-output-channel_count = 8
                                                                                                      int32_t aac-target-ref-level = 64
                                                                                                      int32_t channel-count = 1
                                                                                                      int32_t channel-mask = 0
                                                                                                      int32_t max-output-channel-count = 8
                                                                                                      string mime = "audio/raw"
                                                                                                      int32_t sample-rate = 44100
                                                                                                      int32_t android._config-pcm-encoding = 2
                                                                                                    }
2025-11-28 00:47:46.064  7711-8488  CCodecConfig            com.yourname.smartrecorder           I  query failed after returning 20 values (BAD_INDEX)
2025-11-28 00:47:46.070  7711-8488  CCodec                  com.yourname.smartrecorder           I  [c2.android.aac.decoder] state->set(STARTING)
2025-11-28 00:47:46.081  7711-8488  Codec2Client            com.yourname.smartrecorder           W  query -- param skipped: index = 1342179345.
2025-11-28 00:47:46.081  7711-8488  Codec2Client            com.yourname.smartrecorder           W  query -- param skipped: index = 2415921170.
2025-11-28 00:47:46.081  7711-8488  Codec2Client            com.yourname.smartrecorder           W  query -- param skipped: index = 1610614798.
2025-11-28 00:47:46.082  7711-8488  C2Store                 com.yourname.smartrecorder           D  Using ION
2025-11-28 00:47:46.083  7711-8488  CCodecBufferChannel     com.yourname.smartrecorder           D  [c2.android.aac.decoder#571] Created input block pool with allocatorID 16 => poolID 17 - OK (0)
2025-11-28 00:47:46.085  7711-8488  CCodecBufferChannel     com.yourname.smartrecorder           I  [c2.android.aac.decoder#571] Created output block pool with allocatorID 16 => poolID 3454 - OK
2025-11-28 00:47:46.085  7711-8488  CCodecBufferChannel     com.yourname.smartrecorder           D  [c2.android.aac.decoder#571] Configured output block pool ids 3454 => OK
2025-11-28 00:47:46.085  7711-8488  CCodec                  com.yourname.smartrecorder           I  [c2.android.aac.decoder] state->set(RUNNING)
2025-11-28 00:47:46.087  7711-8488  CCodecBufferChannel     com.yourname.smartrecorder           I  [c2.android.aac.decoder#571] 4 initial input buffers available
2025-11-28 00:47:46.126  7711-8488  CCodecConfig            com.yourname.smartrecorder           D  c2 config diff is   c2::u32 raw.channel-mask.value = 4
2025-11-28 00:47:46.127  7711-8488  CCodecBuffers           com.yourname.smartrecorder           D  [c2.android.aac.decoder#571:Output[N]] popFromStashAndRegister: at 0us, output format changed to AMessage(what = 0x00000000) = {
                                                                                                      int32_t aac-drc-album-mode = 0
                                                                                                      int32_t aac-drc-boost-level = 127
                                                                                                      int32_t aac-drc-cut-level = 127
                                                                                                      int32_t aac-drc-effect-type = 3
                                                                                                      int32_t aac-drc-output-loudness = -1
                                                                                                      int32_t aac-encoded-target-level = -1
                                                                                                      int32_t aac-max-output-channel_count = 8
                                                                                                      int32_t aac-target-ref-level = 64
                                                                                                      int32_t channel-count = 1
                                                                                                      int32_t channel-mask = 4
                                                                                                      int32_t max-output-channel-count = 8
                                                                                                      string mime = "audio/raw"
                                                                                                      int32_t sample-rate = 44100
                                                                                                      int32_t android._config-pcm-encoding = 2
                                                                                                    }
2025-11-28 00:47:46.279  1198-7983  SGM:GameManager         system_server                        D  identifyGamePackage. com.yourname.smartrecorder, mCurrentUserId: 0, callerUserId: 0, callingMethodInfo: com.android.server.ssrm.SortingMachine.isGame(SortingMachine.java:162)
2025-11-28 00:47:46.279  1198-7983  SGM:PkgDataHelper       system_server                        D  getGamePkgData(). com.yourname.smartrecorder
2025-11-28 00:47:46.298  7711-8492  CCodecBuffers           com.yourname.smartrecorder           D  [c2.android.aac.decoder#571:1D-Input.Impl[N]] codec released a buffer owned by client (index 2)
2025-11-28 00:47:46.299  7711-8492  CCodecBuffers           com.yourname.smartrecorder           D  [c2.android.aac.decoder#571:1D-Input.Impl[N]] codec released a buffer owned by client (index 3)
2025-11-28 00:47:46.302  7711-8492  CCodecBuffers           com.yourname.smartrecorder           D  [c2.android.aac.decoder#571:1D-Input.Impl[N]] codec released a buffer owned by client (index 1)
2025-11-28 00:47:46.304  7711-8492  CCodecBuffers           com.yourname.smartrecorder           D  [c2.android.aac.decoder#571:1D-Input.Impl[N]] codec released a buffer owned by client (index 2)
2025-11-28 00:47:46.305  7711-8492  CCodecBuffers           com.yourname.smartrecorder           D  [c2.android.aac.decoder#571:1D-Input.Impl[N]] codec released a buffer owned by client (index 3)
2025-11-28 00:47:46.310  7711-8492  CCodecBuffers           com.yourname.smartrecorder           D  [c2.android.aac.decoder#571:1D-Input.Impl[N]] codec released a buffer owned by client (index 1)
2025-11-28 00:47:46.386  7711-8492  CCodecBuffers           com.yourname.smartrecorder           D  [c2.android.aac.decoder#571:1D-Input.Impl[N]] codec released a buffer owned by client (index 3)
2025-11-28 00:47:46.399  7711-8492  CCodecBuffers           com.yourname.smartrecorder           D  [c2.android.aac.decoder#571:1D-Input.Impl[N]] codec released a buffer owned by client (index 0)
2025-11-28 00:47:46.440  7711-8492  CCodecBuffers           com.yourname.smartrecorder           D  [c2.android.aac.decoder#571:1D-Input.Impl[N]] codec released a buffer owned by client (index 0)
2025-11-28 00:47:46.442  7711-8492  CCodecBuffers           com.yourname.smartrecorder           D  [c2.android.aac.decoder#571:1D-Input.Impl[N]] codec released a buffer owned by client (index 1)
2025-11-28 00:47:46.573  7711-7818  SmartRecorder/Import    com.yourname.smartrecorder           D  [ImportAudioViewModel] Transcription progress: 20%%
2025-11-28 00:47:46.573  7711-7818  SmartRecor...Transcript com.yourname.smartrecorder           D  [GenerateTranscriptUseCase] Transcription progress: 20%%
2025-11-28 00:47:46.604  4879-4879  Routine@Co...overHelper com.samsung.android.app.routines     I  setLastResumedPackageForCover mLastResumedPackage = com.yourname.smartrecorder
2025-11-28 00:47:46.604  4879-4879  Routine@Co...cleWatcher com.samsung.android.app.routines     I  notifyLifecycleChanged mCurResumedComponent=com.yourname.smartrecorder
2025-11-28 00:47:46.616  7711-8492  CCodecBuffers           com.yourname.smartrecorder           D  [c2.android.aac.decoder#571:1D-Input.Impl[N]] codec released a buffer owned by client (index 3)
2025-11-28 00:47:46.727  7711-8492  CCodecBuffers           com.yourname.smartrecorder           D  [c2.android.aac.decoder#571:1D-Input.Impl[N]] codec released a buffer owned by client (index 3)
2025-11-28 00:47:46.730  7711-8492  CCodecBuffers           com.yourname.smartrecorder           D  [c2.android.aac.decoder#571:1D-Input.Impl[N]] codec released a buffer owned by client (index 0)
2025-11-28 00:47:47.186  7711-8492  CCodecBuffers           com.yourname.smartrecorder           D  [c2.android.aac.decoder#571:1D-Input.Impl[N]] codec released a buffer owned by client (index 1)
2025-11-28 00:47:47.381  7711-8492  CCodecBuffers           com.yourname.smartrecorder           D  [c2.android.aac.decoder#571:1D-Input.Impl[N]] codec released a buffer owned by client (index 3)
2025-11-28 00:47:47.620  1198-7983  SGM:GameManager         system_server                        D  identifyGamePackage. com.yourname.smartrecorder, mCurrentUserId: 0, callerUserId: 0, callingMethodInfo: com.android.server.ssrm.SortingMachine.isGame(SortingMachine.java:162)
2025-11-28 00:47:47.620  1198-7983  SGM:PkgDataHelper       system_server                        D  getGamePkgData(). com.yourname.smartrecorder
2025-11-28 00:47:48.001  7711-8492  CCodecBuffers           com.yourname.smartrecorder           D  [c2.android.aac.decoder#571:1D-Input.Impl[N]] codec released a buffer owned by client (index 3)
2025-11-28 00:47:48.466  7711-8492  CCodecBuffers           com.yourname.smartrecorder           D  [c2.android.aac.decoder#571:1D-Input.Impl[N]] codec released a buffer owned by client (index 3)
2025-11-28 00:47:48.608  7711-8492  CCodecBuffers           com.yourname.smartrecorder           D  [c2.android.aac.decoder#571:1D-Input.Impl[N]] codec released a buffer owned by client (index 1)
2025-11-28 00:47:49.388  7711-8492  CCodecBuffers           com.yourname.smartrecorder           D  [c2.android.aac.decoder#571:1D-Input.Impl[N]] codec released a buffer owned by client (index 2)
2025-11-28 00:47:51.084  7711-8491  BufferPoolAccessor2.0   com.yourname.smartrecorder           D  bufferpool2 0x719dc85e58 : 5(2621540 size) total buffers - 4(2097232 size) used buffers - 1/6 (recycle/alloc) - 5/4198 (fetch/transfer)
2025-11-28 00:47:51.084  7711-8491  BufferPoolAccessor2.0   com.yourname.smartrecorder           D  evictor expired: 1, evicted: 1
2025-11-28 00:47:51.401  1198-7983  SGM:GameManager         system_server                        D  identifyGamePackage. com.yourname.smartrecorder, mCurrentUserId: 0, callerUserId: 0, callingMethodInfo: com.android.server.ssrm.SortingMachine.isGame(SortingMachine.java:162)
2025-11-28 00:47:51.401  1198-7983  SGM:PkgDataHelper       system_server                        D  getGamePkgData(). com.yourname.smartrecorder
2025-11-28 00:47:52.281  1198-7983  SGM:GameManager         system_server                        D  identifyGamePackage. com.yourname.smartrecorder, mCurrentUserId: 0, callerUserId: 0, callingMethodInfo: com.android.server.ssrm.SortingMachine.isGame(SortingMachine.java:162)
2025-11-28 00:47:52.281  1198-7983  SGM:PkgDataHelper       system_server                        D  getGamePkgData(). com.yourname.smartrecorder
2025-11-28 00:47:52.618  7711-8492  CCodecBuffers           com.yourname.smartrecorder           D  [c2.android.aac.decoder#571:1D-Input.Impl[N]] codec released a buffer owned by client (index 1)
2025-11-28 00:47:53.128  7711-8492  CCodecBuffers           com.yourname.smartrecorder           D  [c2.android.aac.decoder#571:1D-Input.Impl[N]] codec released a buffer owned by client (index 3)
2025-11-28 00:47:53.253  7711-8492  CCodecBuffers           com.yourname.smartrecorder           D  [c2.android.aac.decoder#571:1D-Input.Impl[N]] codec released a buffer owned by client (index 3)
2025-11-28 00:47:53.506  7711-8492  CCodecBuffers           com.yourname.smartrecorder           D  [c2.android.aac.decoder#571:1D-Input.Impl[N]] codec released a buffer owned by client (index 1)
2025-11-28 00:47:56.089  7711-8488  BufferPoolAccessor2.0   com.yourname.smartrecorder           D  bufferpool2 0x719dc85e58 : 4(2097232 size) total buffers - 4(2097232 size) used buffers - 1/6 (recycle/alloc) - 5/9032 (fetch/transfer)
2025-11-28 00:47:56.179  7711-8488  CCodec                  com.yourname.smartrecorder           I  [c2.android.aac.decoder] state->set(STOPPING)
2025-11-28 00:47:56.179  7711-8488  CCodecBufferChannel     com.yourname.smartrecorder           D  [c2.android.aac.decoder#571] MediaCodec discarded an unknown buffer
2025-11-28 00:47:56.179  7711-8488  CCodecBufferChannel     com.yourname.smartrecorder           D  [c2.android.aac.decoder#571] MediaCodec discarded an unknown buffer
2025-11-28 00:47:56.179  7711-8488  CCodec                  com.yourname.smartrecorder           I  [c2.android.aac.decoder] state->set(ALLOCATED)
2025-11-28 00:47:56.179  7711-8488  CCodec                  com.yourname.smartrecorder           I  [c2.android.aac.decoder] state->set(RELEASING)
2025-11-28 00:47:56.180  7711-8709  CCodec                  com.yourname.smartrecorder           I  [c2.android.aac.decoder] release(1)
2025-11-28 00:47:56.180  7711-8709  CCodec                  com.yourname.smartrecorder           I  [c2.android.aac.decoder] state->set(RELEASED)
2025-11-28 00:47:56.180  7711-8488  hw-BpHwBinder           com.yourname.smartrecorder           I  onLastStrongRef automatically unlinking death recipients
2025-11-28 00:47:56.181  7711-8488  MediaCodec              com.yourname.smartrecorder           I  Codec shutdown complete
2025-11-28 00:47:56.181  7711-8488  MediaCodec              com.yourname.smartrecorder           D  flushMediametrics
2025-11-28 00:47:56.181  7711-8488  MediaCodec              com.yourname.smartrecorder           D  flushMediametrics
2025-11-28 00:47:56.355  7711-7818  NuMediaExtractor        com.yourname.smartrecorder           V  NuMediaExtractor destructor
2025-11-28 00:47:56.536  7711-7729  e.smartrecorder         com.yourname.smartrecorder           I  Background young concurrent copying GC freed 10MB AllocSpace bytes, 0(0B) LOS objects, 0% free, 68MB/68MB, paused 145us,78us total 110.108ms
2025-11-28 00:47:56.804  1198-4180  SGM:GameManager         system_server                        D  identifyForegroundApp. com.yourname.smartrecorder, mCurrentUserId: 0, callerUserId: 0
2025-11-28 00:47:56.804  1198-4180  SGM:PkgDataHelper       system_server                        D  getGamePkgData(). com.yourname.smartrecorder
2025-11-28 00:47:56.813  7711-7729  e.smartrecorder         com.yourname.smartrecorder           I  Background concurrent copying GC freed 11MB AllocSpace bytes, 2(24MB) LOS objects, 20% free, 92MB/116MB, paused 106us,79us total 276.755ms
2025-11-28 00:47:56.820  1198-5906  SGM:GameManager         system_server                        D  identifyForegroundApp. com.yourname.smartrecorder, mCurrentUserId: 0, callerUserId: 150
2025-11-28 00:47:56.820  1198-5906  SGM:PkgDataHelper       system_server                        D  getGamePkgData(). com.yourname.smartrecorder
2025-11-28 00:47:56.845  7711-7818  SmartRecorder/Import    com.yourname.smartrecorder           D  [ImportAudioViewModel] Transcription progress: 60%%
2025-11-28 00:47:56.845  7711-7818  SmartRecor...Transcript com.yourname.smartrecorder           D  [GenerateTranscriptUseCase] Transcription progress: 60%%
2025-11-28 00:47:57.694  1198-7983  SGM:GameManager         system_server                        D  identifyGamePackage. com.yourname.smartrecorder, mCurrentUserId: 0, callerUserId: 0, callingMethodInfo: com.android.server.ssrm.SortingMachine.isGame(SortingMachine.java:162)
2025-11-28 00:47:57.694  1198-7983  SGM:PkgDataHelper       system_server                        D  getGamePkgData(). com.yourname.smartrecorder
2025-11-28 00:48:01.182  7711-8491  BufferPoolAccessor2.0   com.yourname.smartrecorder           D  bufferpool2 0x719dc85e58 : 0(0 size) total buffers - 0(0 size) used buffers - 1/6 (recycle/alloc) - 5/9121 (fetch/transfer)
2025-11-28 00:48:01.182  7711-8491  BufferPoolAccessor2.0   com.yourname.smartrecorder           D  evictor expired: 1, evicted: 1
2025-11-28 00:48:11.617  1198-4185  SGM:GameManager         system_server                        D  identifyForegroundApp. com.yourname.smartrecorder, mCurrentUserId: 0, callerUserId: 0
2025-11-28 00:48:11.617  1198-4185  SGM:PkgDataHelper       system_server                        D  getGamePkgData(). com.yourname.smartrecorder
2025-11-28 00:48:11.617  1198-4344  SGM:GameManager         system_server                        D  identifyForegroundApp. com.yourname.smartrecorder, mCurrentUserId: 0, callerUserId: 150
2025-11-28 00:48:11.617  1198-4344  SGM:PkgDataHelper       system_server                        D  getGamePkgData(). com.yourname.smartrecorder
2025-11-28 00:48:32.275  7711-7818  SmartRecorder/Import    com.yourname.smartrecorder           D  [ImportAudioViewModel] Transcription progress: 80%%
2025-11-28 00:48:32.276  7711-7818  SmartRecor...Transcript com.yourname.smartrecorder           D  [GenerateTranscriptUseCase] Transcription progress: 80%%
2025-11-28 00:48:32.307  7711-7818  SmartRecorder/Import    com.yourname.smartrecorder           D  [ImportAudioViewModel] Transcription progress: 100%%
2025-11-28 00:48:32.307  7711-7818  SmartRecor...Transcript com.yourname.smartrecorder           D  [GenerateTranscriptUseCase] Transcription progress: 100%%
2025-11-28 00:48:32.307  7711-7818  SmartRecor...Transcript com.yourname.smartrecorder           D  Transcription completed: 39 segments
2025-11-28 00:48:32.310  7711-7818  SmartRecor...Transcript com.yourname.smartrecorder           D  === [WHISPER_RAW_SEGMENTS] ===
2025-11-28 00:48:32.310  7711-7818  SmartRecor...Transcript com.yourname.smartrecorder           D  #0 start=0,00s end=2,00s text="Speaker 1"
2025-11-28 00:48:32.310  7711-7818  SmartRecor...Transcript com.yourname.smartrecorder           D  #1 start=2,00s end=9,52s text="Jockerfie is my favourite subject. This year we started l..."
2025-11-28 00:48:32.310  7711-7818  SmartRecor...Transcript com.yourname.smartrecorder           D  #2 start=9,52s end=15,04s text="affected by the geographical features of places where the..."
2025-11-28 00:48:32.310  7711-7818  SmartRecor...Transcript com.yourname.smartrecorder           D  #3 start=15,04s end=19,44s text="I've always enjoyed learning about the geography of diffe..."
2025-11-28 00:48:32.311  7711-7818  SmartRecor...Transcript com.yourname.smartrecorder           D  #4 start=19,44s end=24,48s text="but I never really thought about the human implications b..."
2025-11-28 00:48:32.311  7711-7818  SmartRecor...Transcript com.yourname.smartrecorder           D  #5 start=24,48s end=30,16s text="study complex, some of the friends that find out more abo..."
2025-11-28 00:48:32.311  7711-7818  SmartRecor...Transcript com.yourname.smartrecorder           D  #6 start=30,16s end=35,76s text="in the open air, I think that'll be fun. My cousin went t..."
2025-11-28 00:48:32.311  7711-7818  SmartRecor...Transcript com.yourname.smartrecorder           D  #7 start=35,76s end=40,72s text="all sorts of meteorological data in the mountains. He sai..."
2025-11-28 00:48:32.311  7711-7818  SmartRecor...Transcript com.yourname.smartrecorder           D  #8 start=40,72s end=46,48s text="Speaker 2"
2025-11-28 00:48:32.311  7711-7818  SmartRecor...Transcript com.yourname.smartrecorder           D  #9 start=46,48s end=51,76s text="We've had several different geography teachers at my scho..."
2025-11-28 00:48:32.311  7711-7818  SmartRecor...Transcript com.yourname.smartrecorder           D  #10 start=51,76s end=56,00s text="and it's probably why I like it so much. We do all sorts ..."
2025-11-28 00:48:32.311  7711-7818  SmartRecor...Transcript com.yourname.smartrecorder           D  #11 start=56,00s end=62,00s text="The last year we looked at the lifestyles of people livin..."
2025-11-28 00:48:32.311  7711-7818  SmartRecor...Transcript com.yourname.smartrecorder           D  #12 start=62,00s end=67,52s text="desert tour, in the Arctic. Then we went onto the differe..."
2025-11-28 00:48:32.312  7711-7818  SmartRecor...Transcript com.yourname.smartrecorder           D  #13 start=67,52s end=72,80s text="in class now, and we've even got to go in and see some di..."
2025-11-28 00:48:32.312  7711-7818  SmartRecor...Transcript com.yourname.smartrecorder           D  #14 start=72,80s end=78,08s text="which was special. Me and my friends really got into that..."
2025-11-28 00:48:32.312  7711-7818  SmartRecor...Transcript com.yourname.smartrecorder           D  #15 start=78,80s end=83,12s text="My brother studied geography at university, and my dear t..."
2025-11-28 00:48:32.312  7711-7818  SmartRecor...Transcript com.yourname.smartrecorder           D  #16 start=83,12s end=87,84s text="Speaker 3"
2025-11-28 00:48:32.312  7711-7818  SmartRecor...Transcript com.yourname.smartrecorder           D  #17 start=87,84s end=95,28s text="I've always been keen on geography lessons at school, and..."
2025-11-28 00:48:32.312  7711-7818  SmartRecor...Transcript com.yourname.smartrecorder           D  #18 start=95,28s end=101,36s text="favourite subject, but now I'm beginning to find physics ..."
2025-11-28 00:48:32.312  7711-7818  SmartRecor...Transcript com.yourname.smartrecorder           D  #19 start=101,36s end=106,96s text="involved in the work we did in geography on making maps a..."
2025-11-28 00:48:32.312  7711-7818  SmartRecor...Transcript com.yourname.smartrecorder           D  #20 start=106,96s end=112,64s text="love getting out on our bikes, and whenever we have the t..."
2025-11-28 00:48:32.312  7711-7818  SmartRecor...Transcript com.yourname.smartrecorder           D  #21 start=112,64s end=117,52s text="and being good at reading maps has made a big difference ..."
2025-11-28 00:48:32.313  7711-7818  SmartRecor...Transcript com.yourname.smartrecorder           D  #22 start=117,52s end=120,96s text="let us head up on our own if they weren't sure if I'd go ..."
2025-11-28 00:48:32.313  7711-7818  SmartRecor...Transcript com.yourname.smartrecorder           D  #23 start=120,96s end=125,60s text="Speaker 4"
2025-11-28 00:48:32.313  7711-7818  SmartRecor...Transcript com.yourname.smartrecorder           D  #24 start=125,60s end=133,92s text="My bad to geography teacher at another school, so I often..."
2025-11-28 00:48:32.313  7711-7818  SmartRecor...Transcript com.yourname.smartrecorder           D  #25 start=133,92s end=140,48s text="we'd been doing in class. For example, we'd just been fin..."
2025-11-28 00:48:32.313  7711-7818  SmartRecor...Transcript com.yourname.smartrecorder           D  #26 start=140,48s end=146,32s text="and he's helped me loads with that. People imagine that's..."
2025-11-28 00:48:32.313  7711-7818  SmartRecor...Transcript com.yourname.smartrecorder           D  #27 start=146,32s end=151,20s text="but he didn't use to talk much about it when I was little..."
2025-11-28 00:48:32.313  7711-7818  SmartRecor...Transcript com.yourname.smartrecorder           D  #28 start=151,20s end=158,16s text="put me on. We have two lessons a week, which suits me bet..."
2025-11-28 00:48:32.313  7711-7818  SmartRecor...Transcript com.yourname.smartrecorder           D  #29 start=158,16s end=163,76s text="a week last year. My view, I was happy enough at the time..."
2025-11-28 00:48:32.314  7711-7818  SmartRecor...Transcript com.yourname.smartrecorder           D  #30 start=163,76s end=164,64s text="of geography then."
2025-11-28 00:48:32.314  7711-7818  SmartRecor...Transcript com.yourname.smartrecorder           D  #31 start=164,64s end=169,28s text="Speaker 5"
2025-11-28 00:48:32.314  7711-7818  SmartRecor...Transcript com.yourname.smartrecorder           D  #32 start=169,28s end=177,28s text="Me and my friends all love geography. They're not ready f..."
2025-11-28 00:48:32.314  7711-7818  SmartRecor...Transcript com.yourname.smartrecorder           D  #33 start=177,28s end=182,40s text="I was really into learning about how different countries ..."
2025-11-28 00:48:32.314  7711-7818  SmartRecor...Transcript com.yourname.smartrecorder           D  #34 start=182,40s end=188,48s text="heavy ice age or volcanoes has no place to change the way..."
2025-11-28 00:48:32.314  7711-7818  SmartRecor...Transcript com.yourname.smartrecorder           D  #35 start=188,48s end=193,76s text="exciting when you start to understand why mountains and r..."
2025-11-28 00:48:32.314  7711-7818  SmartRecor...Transcript com.yourname.smartrecorder           D  #36 start=193,76s end=199,28s text="climbing with my dad, and I'm hoping to find out more abo..."
2025-11-28 00:48:32.314  7711-7818  SmartRecor...Transcript com.yourname.smartrecorder           D  #37 start=199,28s end=204,24s text="lessons are definitely the best classes of the week, me. ..."
2025-11-28 00:48:32.314  7711-7818  SmartRecor...Transcript com.yourname.smartrecorder           D  #38 start=204,24s end=211,60s text="I like too though."
2025-11-28 00:48:32.316  7711-7818  SmartRecor...Transcript com.yourname.smartrecorder           D  === [SPEAKER_MARKERS_DETECTED] ===
2025-11-28 00:48:32.316  7711-7818  SmartRecor...Transcript com.yourname.smartrecorder           D  marker#0 segmentIndex=0 time=0,00s speaker=1 match="speaker 1"
2025-11-28 00:48:32.316  7711-7818  SmartRecor...Transcript com.yourname.smartrecorder           D  marker#1 segmentIndex=8 time=40,72s speaker=2 match="speaker 2"
2025-11-28 00:48:32.316  7711-7818  SmartRecor...Transcript com.yourname.smartrecorder           D  marker#2 segmentIndex=16 time=83,12s speaker=3 match="speaker 3"
2025-11-28 00:48:32.316  7711-7818  SmartRecor...Transcript com.yourname.smartrecorder           D  marker#3 segmentIndex=23 time=120,96s speaker=4 match="speaker 4"
2025-11-28 00:48:32.316  7711-7818  SmartRecor...Transcript com.yourname.smartrecorder           D  marker#4 segmentIndex=31 time=164,64s speaker=5 match="speaker 5"
2025-11-28 00:48:32.318  7711-7818  SmartRecor...Transcript com.yourname.smartrecorder           D  === [SPEAKER_BLOCKS_FINAL] ===
2025-11-28 00:48:32.318  7711-7818  SmartRecor...Transcript com.yourname.smartrecorder           D  block#0 speaker=Speaker 1 start=0,00s end=40,72s segments=0,1,2,3,4,5,6,7 textPreview="Jockerfie is my favourite subject. This year we started looking into how peop..."
2025-11-28 00:48:32.318  7711-7818  SmartRecor...Transcript com.yourname.smartrecorder           D  block#1 speaker=Speaker 2 start=40,72s end=83,12s segments=8,9,10,11,12,13,14,15 textPreview="We've had several different geography teachers at my school, and they've all ..."
2025-11-28 00:48:32.318  7711-7818  SmartRecor...Transcript com.yourname.smartrecorder           D  block#2 speaker=Speaker 3 start=83,12s end=120,96s segments=16,17,18,19,20,21,22 textPreview="I've always been keen on geography lessons at school, and it used to be my ab..."
2025-11-28 00:48:32.318  7711-7818  SmartRecor...Transcript com.yourname.smartrecorder           D  block#3 speaker=Speaker 4 start=120,96s end=164,64s segments=23,24,25,26,27,28,29,30 textPreview="My bad to geography teacher at another school, so I often ask him to tell me ..."
2025-11-28 00:48:32.318  7711-7818  SmartRecor...Transcript com.yourname.smartrecorder           D  block#4 speaker=Speaker 5 start=164,64s end=211,60s segments=31,32,33,34,35,36,37,38 textPreview="Me and my friends all love geography. They're not ready for the same reasons...."
2025-11-28 00:48:32.319  7711-7818  SmartRecor...Transcript com.yourname.smartrecorder           D  === [FINAL_SEGMENTS_WITH_SPEAKERS] ===
2025-11-28 00:48:32.319  7711-7818  SmartRecor...Transcript com.yourname.smartrecorder           D  #0 speaker=1 start=0,00s end=2,00s text="Speaker 1"
2025-11-28 00:48:32.319  7711-7818  SmartRecor...Transcript com.yourname.smartrecorder           D  #1 speaker=1 start=2,00s end=9,52s text="Jockerfie is my favourite subject. This year we started l..."
2025-11-28 00:48:32.319  7711-7818  SmartRecor...Transcript com.yourname.smartrecorder           D  #2 speaker=1 start=9,52s end=15,04s text="affected by the geographical features of places where the..."
2025-11-28 00:48:32.319  7711-7818  SmartRecor...Transcript com.yourname.smartrecorder           D  #3 speaker=1 start=15,04s end=19,44s text="I've always enjoyed learning about the geography of diffe..."
2025-11-28 00:48:32.319  7711-7818  SmartRecor...Transcript com.yourname.smartrecorder           D  #4 speaker=1 start=19,44s end=24,48s text="but I never really thought about the human implications b..."
2025-11-28 00:48:32.319  7711-7818  SmartRecor...Transcript com.yourname.smartrecorder           D  #5 speaker=1 start=24,48s end=30,16s text="study complex, some of the friends that find out more abo..."
2025-11-28 00:48:32.319  7711-7818  SmartRecor...Transcript com.yourname.smartrecorder           D  #6 speaker=1 start=30,16s end=35,76s text="in the open air, I think that'll be fun. My cousin went t..."
2025-11-28 00:48:32.319  7711-7818  SmartRecor...Transcript com.yourname.smartrecorder           D  #7 speaker=1 start=35,76s end=40,72s text="all sorts of meteorological data in the mountains. He sai..."
2025-11-28 00:48:32.319  7711-7818  SmartRecor...Transcript com.yourname.smartrecorder           D  #8 speaker=2 start=40,72s end=46,48s text="Speaker 2"
2025-11-28 00:48:32.320  7711-7818  SmartRecor...Transcript com.yourname.smartrecorder           D  #9 speaker=2 start=46,48s end=51,76s text="We've had several different geography teachers at my scho..."
2025-11-28 00:48:32.320  7711-7818  SmartRecor...Transcript com.yourname.smartrecorder           D  #10 speaker=2 start=51,76s end=56,00s text="and it's probably why I like it so much. We do all sorts ..."
