2025-11-26 23:33:17.397  4879-24538 Routine@Co...stenerImpl com.samsung.android.app.routines     I  onResumeComponent: componentName - ComponentInfo{com.yourname.smartrecorder/com.yourname.smartrecorder.MainActivity}
2025-11-26 23:33:17.397  1198-1539  SGM:FgCheckThread       system_server                        D  onLooperPrepared(), msg: MSG_APP_RESUME, pkgName: com.yourname.smartrecorder, userid: 0
2025-11-26 23:33:17.400   858-858   SurfaceFlinger          surfaceflinger                       I  [591b3bb com.yourname.smartrecorder/com.yourname.smartrecorder.MainActivity#21031] FrameRatePriority: -1
2025-11-26 23:33:17.402  1198-3312  InputDispatcher         system_server                        D  Focus left window (0): 591b3bb com.yourname.smartrecorder/com.yourname.smartrecorder.MainActivity
2025-11-26 23:33:17.403 26334-26334 ViewRootIm...nActivity] com.yourname.smartrecorder           I  MSG_WINDOW_FOCUS_CHANGED 0 0
2025-11-26 23:33:17.403  1198-1287  SGM:FgCheckThread       system_server                        D  notePauseComponent(), received pkgName: com.yourname.smartrecorder, userId: 0
2025-11-26 23:33:17.409  4879-4944  Routine@Co...stenerImpl com.samsung.android.app.routines     I  onPauseComponent: componentName - ComponentInfo{com.yourname.smartrecorder/com.yourname.smartrecorder.MainActivity}
2025-11-26 23:33:17.452  1198-1634  SemWifiTra...LayerUtils system_server                        W  getApplicationCategory - IOException com.yourname.smartrecorder
2025-11-26 23:33:17.452  1198-1634  System.err              system_server                        W  java.io.FileNotFoundException: https://play.google.com/store/apps/details?id=com.yourname.smartrecorder&hl=en
2025-11-26 23:33:17.466  1198-1288  WindowManager           system_server                        I  Reparenting to leash, surface=Surface(name=ActivityRecord{7ab0a59 u0 com.yourname.smartrecorder/.MainActivity} t22450})/@0x9b69f6c, leashParent=Surface(name=Task=22450)/@0x3f5577d
2025-11-26 23:33:17.466   858-884   SurfaceFlinger          surfaceflinger                       I  id=21062 createSurf flag=24000, Surface(name=ActivityRecord{7ab0a59 u0 com.yourname.smartrecorder/.MainActivity} t22450})/@0x9b69f6c - animation-leash of app_transition#21062
2025-11-26 23:33:17.469  1198-1288  WindowManager           system_server                        D  makeSurface duration=2 leash=Surface(name=Surface(name=ActivityRecord{7ab0a59 u0 com.yourname.smartrecorder/.MainActivity} t22450})/@0x9b69f6c - animation-leash of app_transition)/@0xc41b81d
2025-11-26 23:33:17.469   858-884   SurfaceFlinger          surfaceflinger                       I  id=21063 createSurf flag=80004, Surface(name=ActivityRecord{7ab0a59 u0 com.yourname.smartrecorder/.MainActivity} t22450})/@0x9b69f6c - animation-bounds#21063
2025-11-26 23:33:17.471   858-858   SurfaceFlinger          surfaceflinger                       D  Display 4633128672291735937 HWC layers:
                                                                                                         DEVICE | 0x70f52e3df0 | 0102 | RGBA_8888    |    0.0    0.0 1440.0 3088.0 |    0    0 1440 3088 | com.yourname.smartrecorder/com.yourn[...]rtrecorder.MainActivity$_26334#21034
                                                                                                         DEVICE | 0x70f52df830 | 0100 | RGBA_8888    |    0.0    0.0 1440.0   90.0 |    0    0 1440   90 | StatusBar$_22947#4630
                                                                                                         DEVICE | 0x70f52d9f50 | 0100 | RGBA_8888    |    0.0    0.0   67.0  708.0 | 1373  391 1440 1099 | com.samsung.android.app.cocktailbars[...]rvice.CocktailBarService$_4533#21033
                                                                                                         DEVICE | 0x70f52e4270 | 0100 | RGBA_8888    |    0.0    0.0 1440.0  168.0 |    0 2920 1440 3088 | NavigationBar0$_22947#4625
2025-11-26 23:33:17.485  4879-4879  Routine@Co...overHelper com.samsung.android.app.routines     I  setLastResumedPackageForCover mLastResumedPackage = com.yourname.smartrecorder
2025-11-26 23:33:17.485  4879-4879  Routine@Co...cleWatcher com.samsung.android.app.routines     I  notifyLifecycleChanged mCurResumedComponent=com.yourname.smartrecorder
2025-11-26 23:33:17.486   858-858   SurfaceFlinger          surfaceflinger                       D  Display 4633128672291735937 HWC layers:
                                                                                                         DEVICE | 0x70f52e3df0 | 0102 | RGBA_8888    |    0.0    0.0 1440.0 3088.0 |    0    0 1440 3088 | com.yourname.smartrecorder/com.yourn[...]rtrecorder.MainActivity$_26334#21034
                                                                                                     SOLID_COLOR |              | 0000 |  Unknown  |    0.0    0.0    0.0    0.0 |    0    0 1440 3088 | Dim Layer for - Task=22450#21050
                                                                                                         DEVICE | 0x70f52dd8b0 | 0100 | RGBA_8888    |    0.0    0.0 1440.0   90.0 |    0    0 1440   90 | StatusBar$_22947#4630
                                                                                                         DEVICE | 0x70f52d9f50 | 0100 | RGBA_8888    |    0.0    0.0   67.0  708.0 | 1373  391 1440 1099 | com.samsung.android.app.cocktailbars[...]rvice.CocktailBarService$_4533#21033
                                                                                                         DEVICE | 0x70f52e4270 | 0100 | RGBA_8888    |    0.0    0.0 1440.0  168.0 |    0 2920 1440 3088 | NavigationBar0$_22947#4625
2025-11-26 23:33:17.544   858-858   SurfaceFlinger          surfaceflinger                       D  Display 4633128672291735937 HWC layers:
                                                                                                         CLIENT | 0x70f52e3f10 | 0102 | RGBA_8888    |    0.0    0.0    0.0    0.0 |    0 3078 1440 3088 | bbq-wrapper#21078
                                                                                                         CLIENT | 0x70f52e3df0 | 0102 | RGBA_8888    |    0.0   10.0 1440.0 3088.0 |    0    0 1440 3078 | com.yourname.smartrecorder/com.yourn[...]rtrecorder.MainActivity$_26334#21034
                                                                                                         CLIENT | 0x70f52d6cb0 | 0102 | RGBA_8888    |    0.0    0.0    0.0    0.0 |    0 3079 1440 3088 | bbq-wrapper#21072
                                                                                                     SOLID_COLOR |              | 0000 |  Unknown  |    0.0    0.0    0.0    0.0 |    0    0 1440 3088 | Dim Layer for - Task=22450#21050
                                                                                                         DEVICE | 0x70f52e3a90 | 0100 | RGBA_8888    |    8.0    0.0 1448.0 1092.0 |    0 1887 1440 2979 | com.google.android.permissioncontrol[...]rantPermissionsActivity$_25292#21045
                                                                                                         DEVICE | 0x70f52e0d90 | 0102 | RGBA_8888    |    0.0    0.0 1440.0    1.0 |    0    0 1440  518 | bbq-wrapper#21075
                                                                                                         DEVICE | 0x70f52a4f10 | 0100 | RGBA_8888    |    0.0    0.0 1440.0 2570.0 |    0  518 1440 3088 | Splash Screen com.goo
2025-11-26 23:33:17.555   858-858   SurfaceFlinger          surfaceflinger                       D  Display 4633128672291735937 HWC layers:
                                                                                                         CLIENT | 0x70f52e3f10 | 0102 | RGBA_8888    |    0.0    0.0    0.0    0.0 |    0 3063 1440 3088 | bbq-wrapper#21078
                                                                                                         CLIENT | 0x70f52e3df0 | 0102 | RGBA_8888    |    0.0   25.0 1440.0 3088.0 |    0    0 1440 3063 | com.yourname.smartrecorder/com.yourn[...]rtrecorder.MainActivity$_26334#21034
                                                                                                         CLIENT | 0x70f52d6cb0 | 0102 | RGBA_8888    |    0.0    0.0    0.0    0.0 |    0 3065 1440 3088 | bbq-wrapper#21072
                                                                                                     SOLID_COLOR |              | 0000 |  Unknown  |    0.0    0.0    0.0    0.0 |    0    0 1440 3088 | Dim Layer for - Task=22450#21050
                                                                                                         DEVICE | 0x70f52e0d90 | 0102 | RGBA_8888    |    0.0    0.0 1440.0    1.0 |    0    0 1440  429 | bbq-wrapper#21075
                                                                                                     SOLID_COLOR |              | 0000 |  Unknown  |    0.0    0.0    0.0    0.0 |    0    0 1440 3088 | DimAnimationLayer for ActivityRecord[...]i.picker.PickActivity} t22450}#21066
                                                                                                         DEVICE | 0x70f52a4f10 | 0100 | RGBA_8888    |    0.0    0.0 1440.0 2659.0 |    0  429 1440 3088 | Splash Screen com.googl
2025-11-26 23:33:17.589   858-858   SurfaceFlinger          surfaceflinger                       D  Display 4633128672291735937 HWC layers:
                                                                                                         CLIENT | 0x70f52e3f10 | 0102 | RGBA_8888    |    0.0    0.0 1440.0    1.0 |    0 3032 1440 3088 | bbq-wrapper#21078
                                                                                                         CLIENT | 0x70f52e3df0 | 0102 | RGBA_8888    |    0.0   56.0 1440.0 3088.0 |    0    0 1440 3032 | com.yourname.smartrecorder/com.yourn[...]rtrecorder.MainActivity$_26334#21034
                                                                                                         CLIENT | 0x70f52d6cb0 | 0102 | RGBA_8888    |    0.0    0.0 1440.0    1.0 |    0 3036 1440 3088 | bbq-wrapper#21072
                                                                                                         CLIENT | 0x70f52e0d90 | 0102 | RGBA_8888    |    0.0    0.0    0.0    0.0 |    0    0 1440  241 | bbq-wrapper#21075
                                                                                                     SOLID_COLOR |              | 0000 |  Unknown  |    0.0    0.0    0.0    0.0 |    0    0 1440 3088 | DimAnimationLayer for ActivityRecord[...]i.picker.PickActivity} t22450}#21066
                                                                                                         DEVICE | 0x70f52a4f10 | 0100 | RGBA_8888    |    0.0    0.0 1440.0 2847.0 |    0  241 1440 3088 | Splash Screen com.google.android.documentsui$_22947#21060
                                                                                                         DEVICE | 0x70f52a03b0 | 0100 | RGBA_8888    |    0.0    0.0 1440.0   90.0 |    0    0 1440   9
2025-11-26 23:33:17.906  1198-1288  WindowManager           system_server                        I  Reparenting to original parent: Surface(name=Task=22450)/@0x3f5577d, destroy=true, surface=Surface(name=ActivityRecord{7ab0a59 u0 com.yourname.smartrecorder/.MainActivity} t22450})/@0x9b69f6c
2025-11-26 23:33:17.906  1198-1288  WindowManager           system_server                        V  Setting visibility of Window{591b3bb u0 com.yourname.smartrecorder/com.yourname.smartrecorder.MainActivity}: false, caller=com.android.server.wm.WindowContainer.sendAppVisibilityToClients:1246 com.android.server.wm.WindowToken.setClientVisible:431 com.android.server.wm.ActivityRecord.setClientVisible:7713 com.android.server.wm.ActivityRecord.onAnimationFinished:8612 com.android.server.wm.WindowContainer$$ExternalSyntheticLambda4.onAnimationFinished:2 
2025-11-26 23:33:17.906 26334-26334 ViewRootIm...nActivity] com.yourname.smartrecorder           I  handleAppVisibility mAppVisible = true visible = false
2025-11-26 23:33:17.918   858-858   Layer                   surfaceflinger                       I  id=21062 removeFromCurrentState Surface(name=ActivityRecord{7ab0a59 u0 com.yourname.smartrecorder/.MainActivity} t22450})/@0x9b69f6c - animation-leash of app_transition#21062 (151)
2025-11-26 23:33:17.918 26334-26490 OpenGLRenderer          com.yourname.smartrecorder           D  setSurface called with nullptr
2025-11-26 23:33:17.918 26334-26490 OpenGLRenderer          com.yourname.smartrecorder           D  setSurface() destroyed EGLSurface
2025-11-26 23:33:17.918   858-858   Layer                   surfaceflinger                       I  id=21063 removeFromCurrentState Surface(name=ActivityRecord{7ab0a59 u0 com.yourname.smartrecorder/.MainActivity} t22450})/@0x9b69f6c - animation-bounds#21063 (151)
2025-11-26 23:33:17.918 26334-26490 OpenGLRenderer          com.yourname.smartrecorder           D  destroyEglSurface
2025-11-26 23:33:17.918   858-858   Layer                   surfaceflinger                       I  Layer [com.yourname.smartrecorder/com.yourname.smartrecorder.MainActivity$_26334#21034] hidden!! flag(1)
2025-11-26 23:33:17.919   858-858   SurfaceFlinger          surfaceflinger                       I  id=21063 Removed Surface(name=ActivityRecord{7ab0a59 u0 com.yourname.smartrecorder/.MainActivity} t22450})/@0x9b69f6c - animation-bounds#21063 (151)
2025-11-26 23:33:17.919   858-858   SurfaceFlinger          surfaceflinger                       I  id=21062 Removed Surface(name=ActivityRecord{7ab0a59 u0 com.yourname.smartrecorder/.MainActivity} t22450})/@0x9b69f6c - animation-leash of app_transition#21062 (151)
2025-11-26 23:33:17.920   858-858   Layer                   surfaceflinger                       I  id=21063 Destroyed Surface(name=ActivityRecord{7ab0a59 u0 com.yourname.smartrecorder/.MainActivity} t22450})/@0x9b69f6c - animation-bounds#21063
2025-11-26 23:33:17.920   858-858   Layer                   surfaceflinger                       I  id=21062 Destroyed Surface(name=ActivityRecord{7ab0a59 u0 com.yourname.smartrecorder/.MainActivity} t22450})/@0x9b69f6c - animation-leash of app_transition#21062
2025-11-26 23:33:17.920 26334-26334 ViewRootIm...nActivity] com.yourname.smartrecorder           I  performTraversals mFirst=false windowShouldResize=false viewVisibilityChanged=true mForceNextWindowRelayout=false params=null
2025-11-26 23:33:17.921  1198-4180  WindowManager           system_server                        V  Relayout Window{591b3bb u0 com.yourname.smartrecorder/com.yourname.smartrecorder.MainActivity}: viewVisibility=8 req=1440x3088 d0
2025-11-26 23:33:17.927 26334-26334 ViewRootIm...nActivity] com.yourname.smartrecorder           I  Relayout returned: old=(0,0,1440,3088) new=(0,0,1440,3088) req=(1440,3088)8 dur=6 res=0x2 s={false 0x0} ch=true seqId=0
2025-11-26 23:33:17.930 26334-26334 ViewRootIm...nActivity] com.yourname.smartrecorder           I  stopped(true) old = false
2025-11-26 23:33:17.930 26334-26334 ViewRootIm...nActivity] com.yourname.smartrecorder           I  WindowStopped on com.yourname.smartrecorder/com.yourname.smartrecorder.MainActivity set to true
2025-11-26 23:33:17.933 26334-26334 MSHandlerLifeCycle      com.yourname.smartrecorder           I  removeMultiSplitHandler: no exist. decor=DecorView@58211d7[MainActivity]
2025-11-26 23:33:17.935  1198-4180  WindowManager           system_server                        E  win=Window{591b3bb u0 com.yourname.smartrecorder/com.yourname.smartrecorder.MainActivity} destroySurfaces: appStopped=true cleanupOnResume=false win.mWindowRemovalAllowed=false win.mRemoveOnExit=false win.mViewVisibility=8 caller=com.android.server.wm.ActivityRecord.destroySurfaces:6561 com.android.server.wm.ActivityRecord.destroySurfaces:6542 com.android.server.wm.ActivityRecord.notifyAppStopped:6606 com.android.server.wm.ActivityRecord.activityStopped:7194 com.android.server.wm.ActivityClientController.activityStopped:269 android.app.IActivityClientController$Stub.onTransact:613 com.android.server.wm.ActivityClientController.onTransact:147 
2025-11-26 23:33:17.935  1198-4180  WindowManager           system_server                        I  Destroying surface Surface(name=com.yourname.smartrecorder/com.yourname.smartrecorder.MainActivity$_26334)/@0xe10ddd9 called by com.android.server.wm.WindowStateAnimator.destroySurface:947 com.android.server.wm.WindowStateAnimator.destroySurfaceLocked:537 com.android.server.wm.WindowState.destroySurfaceUnchecked:4326 com.android.server.wm.WindowState.destroySurface:4300 com.android.server.wm.ActivityRecord.destroySurfaces:6561 com.android.server.wm.ActivityRecord.destroySurfaces:6542 com.android.server.wm.ActivityRecord.notifyAppStopped:6606 com.android.server.wm.ActivityRecord.activityStopped:7194 
2025-11-26 23:33:17.935  4879-24538 Routine@Co...stenerImpl com.samsung.android.app.routines     I  onStopComponent: componentName - ComponentInfo{com.yourname.smartrecorder/com.yourname.smartrecorder.MainActivity}
2025-11-26 23:33:17.936  1198-4180  ActivityTaskManager     system_server                        D  mStartingWindow and mStartingData is null for token=ActivityRecord{7ab0a59 u0 com.yourname.smartrecorder/.MainActivity} t22450}
2025-11-26 23:33:17.950   858-858   Layer                   surfaceflinger                       I  id=21034 removeFromCurrentState com.yourname.smartrecorder/com.yourname.smartrecorder.MainActivity$_26334#21034 (134)
2025-11-26 23:33:17.951   858-858   SurfaceFlinger          surfaceflinger                       I  id=21034 Removed com.yourname.smartrecorder/com.yourname.smartrecorder.MainActivity$_26334#21034 (134)
2025-11-26 23:33:17.951   858-858   Layer                   surfaceflinger                       I  id=21034 Destroyed com.yourname.smartrecorder/com.yourname.smartrecorder.MainActivity$_26334#21034
2025-11-26 23:33:18.362  1198-1287  SGM:GameManager         system_server                        D  identifyForegroundApp. com.yourname.smartrecorder, mCurrentUserId: 0, callerUserId: 0
2025-11-26 23:33:18.362  1198-1287  SGM:PkgDataHelper       system_server                        D  getGamePkgData(). com.yourname.smartrecorder
2025-11-26 23:33:18.542  1198-3312  MARsPolicyManager       system_server                        D  onPackageResumedFG pkgName = com.yourname.smartrecorder, userId = 0
2025-11-26 23:33:18.543  1198-3312  WindowManager           system_server                        V  Setting visibility of Window{591b3bb u0 com.yourname.smartrecorder/com.yourname.smartrecorder.MainActivity}: true, caller=com.android.server.wm.WindowContainer.sendAppVisibilityToClients:1246 com.android.server.wm.WindowToken.setClientVisible:431 com.android.server.wm.ActivityRecord.setClientVisible:7713 com.android.server.wm.ActivityRecord.setVisibility:6113 com.android.server.wm.ActivityRecord.setVisibility:6006 
2025-11-26 23:33:18.543  1198-3312  ActivityTaskManager     system_server                        D  scheduleTopResumedActivityChanged, onTop=true r=ActivityRecord{7ab0a59 u0 com.yourname.smartrecorder/.MainActivity} t22450} caller=com.android.server.wm.ActivityTaskSupervisor.scheduleTopResumedActivityStateIfNeeded:2535 com.android.server.wm.ActivityTaskSupervisor.updateTopResumedActivityIfNeeded:2527 com.android.server.wm.TaskFragment.setResumedActivity:493 com.android.server.wm.TaskFragment.onActivityStateChanged:805 com.android.server.wm.ActivityRecord.setState:6428 com.android.server.wm.TaskFragment.resumeTopActivity:1629 
2025-11-26 23:33:18.544  1198-3312  InputDispatcher         system_server                        D  Focused application(0): ActivityRecord{7ab0a59 u0 com.yourname.smartrecorder/.MainActivity} t22450}
2025-11-26 23:33:18.544 26334-26334 ViewRootIm...nActivity] com.yourname.smartrecorder           I  handleAppVisibility mAppVisible = false visible = true
2025-11-26 23:33:18.545  1198-3312  WindowManagerServiceExt system_server                        D  notifyOccludeChangeNotice: cn=ComponentInfo{com.yourname.smartrecorder/com.yourname.smartrecorder.MainActivity} occludesParent=true inMultiWindow=false styleFloating=false caller=com.android.server.wm.WindowManagerServiceExt.updateOccludeTargetIfNeeded:1402 com.android.server.wm.DisplayContent.ensureActivitiesVisible:7532 com.android.server.wm.RootWindowContainer.ensureActivitiesVisible:2248 com.android.server.wm.RootWindowContainer.ensureVisibilityAndConfig:2126 com.android.server.wm.TaskFragment.resumeTopActivity:1652 
2025-11-26 23:33:18.545  1198-3312  WindowManager           system_server                        D  rotationForOrientation, orientationSource=ActivityRecord{7ab0a59 u0 com.yourname.smartrecorder/.MainActivity} t22450}
2025-11-26 23:33:18.548 26334-26334 ViewRootIm...nActivity] com.yourname.smartrecorder           I  stopped(false) old = true
2025-11-26 23:33:18.548 26334-26334 ViewRootIm...nActivity] com.yourname.smartrecorder           I  WindowStopped on com.yourname.smartrecorder/com.yourname.smartrecorder.MainActivity set to false
2025-11-26 23:33:18.552 26334-26334 MSHandlerLifeCycle      com.yourname.smartrecorder           I  removeMultiSplitHandler: no exist. decor=DecorView@58211d7[MainActivity]
2025-11-26 23:33:18.556 26334-26334 SmartRecorder/ViewModel com.yourname.smartrecorder           D  [SmartRecorderApp] User selected audio file -> uri: content://com.android.externalstorage.documents/document/primary%3ARecordings%2FVoice%20Recorder%2FLesson%202.mp3, fileName: primary:Recordings/Voice Recorder/Lesson 2.mp3
2025-11-26 23:33:18.556 26334-26334 SmartRecorder/Import    com.yourname.smartrecorder           I  [MAIN] [ViewModel: ImportAudioViewModel] importAudioFile -> State: uri=content://com.android.externalstorage.documents/document/primary%3ARecordings%2FVoice%20Recorder%2FLesson%202.mp3, fileName=primary:Recordings/Voice Recorder/Lesson 2.mp3
2025-11-26 23:33:18.558 26334-26334 SmartRecorder/Import    com.yourname.smartrecorder           D  Import started -> uri: content://com.android.externalstorage.documents/document/primary%3ARecordings%2FVoice%20Recorder%2FLesson%202.mp3, fileName: primary:Recordings/Voice Recorder/Lesson 2.mp3
2025-11-26 23:33:18.560 26334-26334 ViewRootIm...nActivity] com.yourname.smartrecorder           I  stopped(false) old = false
2025-11-26 23:33:18.560 26334-26484 SmartRecorder/Import    com.yourname.smartrecorder           I  [MAIN] [UseCase: ImportAudioFileUseCase] Starting (uri=content://com.android.externalstorage.documents/document/primary%3ARecordings%2FVoice%20Recorder%2FLesson%202.mp3, fileName=primary:Recordings/Voice Recorder/Lesson 2.mp3)
2025-11-26 23:33:18.562 26334-26484 SmartRecorder/Import    com.yourname.smartrecorder           D  Recordings directory prepared: /data/user/0/com.yourname.smartrecorder/files/recordings
2025-11-26 23:33:18.562 26334-26334 MSHandlerLifeCycle      com.yourname.smartrecorder           I  removeMultiSplitHandler: no exist. decor=DecorView@58211d7[MainActivity]
2025-11-26 23:33:18.563 26334-26484 SmartRecorder/Import    com.yourname.smartrecorder           D  Copying file -> from: content://com.android.externalstorage.documents/document/primary%3ARecordings%2FVoice%20Recorder%2FLesson%202.mp3, to: /data/user/0/com.yourname.smartrecorder/files/recordings/imported_0b408bbe-88e5-4be2-80af-44355e75b0cf.mp3
2025-11-26 23:33:18.580  4533-4533  ActivityUtils           com...ndroid.app.cocktailbarservice  I  HomePackage : com.sec.android.app.launcher, resumePackageName : com.yourname.smartrecorder
2025-11-26 23:33:18.580  1198-1287  GameSDK@LifeCycle       system_server                        I  noteResumeComponent(): package name  : com.yourname.smartrecorder
2025-11-26 23:33:18.581  1198-1287  SGM:GameManager         system_server                        D  identifyGamePackage. com.yourname.smartrecorder, mCurrentUserId: 0, callerUserId: 0, callingMethodInfo: com.android.server.ssrm.SortingMachine.isGame(SortingMachine.java:162)
2025-11-26 23:33:18.582  1198-1287  SGM:PkgDataHelper       system_server                        D  getGamePkgData(). com.yourname.smartrecorder
2025-11-26 23:33:18.582  1198-1287  SGM:FgCheckThread       system_server                        D  noteResumeComponent(), received pkgName: com.yourname.smartrecorder, userId: 0
2025-11-26 23:33:18.582  4879-4944  Routine@Co...stenerImpl com.samsung.android.app.routines     I  onResumeComponent: componentName - ComponentInfo{com.yourname.smartrecorder/com.yourname.smartrecorder.MainActivity}
2025-11-26 23:33:18.582  1198-1539  SGM:FgCheckThread       system_server                        D  onLooperPrepared(), msg: MSG_APP_RESUME, pkgName: com.yourname.smartrecorder, userid: 0
2025-11-26 23:33:18.583  1198-1287  SGM:GameManager         system_server                        D  identifyGamePackage. com.yourname.smartrecorder, mCurrentUserId: 0, callerUserId: 0, callingMethodInfo: com.samsung.android.game.SemGameManager.isGamePackage(SemGameManager.java:104)
2025-11-26 23:33:18.583  1198-1287  SGM:PkgDataHelper       system_server                        D  getGamePkgData(). com.yourname.smartrecorder
2025-11-26 23:33:18.583  1198-1287  SGM:SemGameManager      system_server                        D  isGamePackage(), pkgName=com.yourname.smartrecorder, ret=false
2025-11-26 23:33:18.601  4879-4879  Routine@Co...overHelper com.samsung.android.app.routines     I  setLastResumedPackageForCover mLastResumedPackage = com.yourname.smartrecorder
2025-11-26 23:33:18.601  4879-4879  Routine@Co...cleWatcher com.samsung.android.app.routines     I  notifyLifecycleChanged mCurResumedComponent=com.yourname.smartrecorder
2025-11-26 23:33:18.603 26334-26484 SmartRecorder/Import    com.yourname.smartrecorder           D  File copied successfully -> bytes: 1504133, duration: 40 ms
2025-11-26 23:33:18.604 26334-26484 SmartRecorder/Import    com.yourname.smartrecorder           D  File saved -> size: 1504133 bytes, path: /data/user/0/com.yourname.smartrecorder/files/recordings/imported_0b408bbe-88e5-4be2-80af-44355e75b0cf.mp3
2025-11-26 23:33:18.605 26334-26484 MediaMetadataRetriever  com.yourname.smartrecorder           V  constructor
2025-11-26 23:33:18.606 26334-26334 ViewRootIm...nActivity] com.yourname.smartrecorder           I  performTraversals mFirst=false windowShouldResize=false viewVisibilityChanged=true mForceNextWindowRelayout=false params=null
2025-11-26 23:33:18.607  1198-1907  WindowManager           system_server                        V  Relayout Window{591b3bb u0 com.yourname.smartrecorder/com.yourname.smartrecorder.MainActivity}: viewVisibility=0 req=1440x3088 d0
2025-11-26 23:33:18.607   858-884   SurfaceFlinger          surfaceflinger                       I  id=21086 createSurf flag=40004, com.yourname.smartrecorder/com.yourname.smartrecorder.MainActivity$_26334#21086
2025-11-26 23:33:18.607  1198-1907  WindowManager           system_server                        D  makeSurface duration=1 name=com.yourname.smartrecorder/com.yourname.smartrecorder.MainActivity$_26334
2025-11-26 23:33:18.611  1198-1907  WindowManager           system_server                        V  Changing focus from null to Window{591b3bb u0 com.yourname.smartrecorder/com.yourname.smartrecorder.MainActivity} displayId=0 Callers=com.android.server.wm.RootWindowContainer.updateFocusedWindowLocked:595 com.android.server.wm.WindowManagerService.updateFocusedWindowLocked:6810 com.android.server.wm.WindowManagerService.relayoutWindow:2820 com.android.server.wm.Session.relayout:274 
2025-11-26 23:33:18.611  1198-1907  MARsPolicyManager       system_server                        D  onPackageResumedFG pkgName = com.yourname.smartrecorder, userId = 0
2025-11-26 23:33:18.612 26334-26484 MediaMetadataRetriever  com.yourname.smartrecorder           V  setDataSource(6, 0, 576460752303423487)
2025-11-26 23:33:18.614 22947-22947 NavigationBar           com.android.systemui                 D  onSystemBarAttributesChanged() -  displayId:0, appearance:8, packageName: com.yourname.smartrecorder (APPEARANCE_LIGHT_STATUS_BARS ), navbarColorManagedByIme:false
2025-11-26 23:33:18.614  1198-1907  WindowManager           system_server                        D  updateSystemBarAttributes: displayId=0, win=Window{591b3bb u0 com.yourname.smartrecorder/com.yourname.smartrecorder.MainActivity}, navColorWin=Window{fbc6bf4 u0 com.google.android.documentsui/com.android.documentsui.picker.PickActivity}, focusedCanBeNavColorWin=false, behavior=1, appearance=8, statusBarAppearanceRegions=[AppearanceRegion{ bounds=[0,0][1440,3088]}], requestedVisibilities=, from=com.android.server.wm.DisplayPolicy.focusChangedLw:3251 com.android.server.wm.DisplayContent.updateFocusedWindowLocked:4632 com.android.server.wm.RootWindowContainer.updateFocusedWindowLocked:595 
2025-11-26 23:33:18.616  4879-4879  Routine@Co...overHelper com.samsung.android.app.routines     I  setLastResumedPackageForCover mLastResumedPackage = com.yourname.smartrecorder
2025-11-26 23:33:18.616 26334-26334 ViewRootIm...nActivity] com.yourname.smartrecorder           I  updateBlastSurfaceIfNeeded mBlastBufferQueue=null isSameSurfaceControl=false
2025-11-26 23:33:18.616  4879-4879  Routine@Co...cleWatcher com.samsung.android.app.routines     I  notifyLifecycleChanged mCurResumedComponent=com.yourname.smartrecorder
2025-11-26 23:33:18.616 26334-26334 BLASTBufferQueue        com.yourname.smartrecorder           I  new BLASTBufferQueue, mName= ViewRootImpl@359723a[MainActivity] mNativeObject= 0x71adc39e30 sc.mNativeObject= 0x713dc47270 caller= android.view.ViewRootImpl.updateBlastSurfaceIfNeeded:2909 android.view.ViewRootImpl.relayoutWindow:9847 android.view.ViewRootImpl.performTraversals:3884 android.view.ViewRootImpl.doTraversal:3116 android.view.ViewRootImpl$TraversalRunnable.run:10885 android.view.Choreographer$CallbackRecord.run:1301 android.view.Choreographer$CallbackRecord.run:1309 android.view.Choreographer.doCallbacks:923 android.view.Choreographer.doFrame:852 android.view.Choreographer$FrameDisplayEventReceiver.run:1283 
2025-11-26 23:33:18.616 26334-26334 BLASTBufferQueue        com.yourname.smartrecorder           I  update, w= 1440 h= 3088 mName = ViewRootImpl@359723a[MainActivity] mNativeObject= 0x71adc39e30 sc.mNativeObject= 0x713dc47270 format= -1 caller= android.graphics.BLASTBufferQueue.<init>:84 android.view.ViewRootImpl.updateBlastSurfaceIfNeeded:2909 android.view.ViewRootImpl.relayoutWindow:9847 android.view.ViewRootImpl.performTraversals:3884 android.view.ViewRootImpl.doTraversal:3116 android.view.ViewRootImpl$TraversalRunnable.run:10885 
2025-11-26 23:33:18.616 26334-26334 ViewRootIm...nActivity] com.yourname.smartrecorder           I  Relayout returned: old=(0,0,1440,3088) new=(0,0,1440,3088) req=(1440,3088)0 dur=10 res=0x3 s={true 0x723dcb9ac0} ch=true seqId=0
2025-11-26 23:33:18.617 26334-26334 ViewRootIm...nActivity] com.yourname.smartrecorder           I  mThreadedRenderer.initialize() mSurface={isValid=true 0x723dcb9ac0} hwInitialized=true
2025-11-26 23:33:18.617 26334-26490 OpenGLRenderer          com.yourname.smartrecorder           D  eglCreateWindowSurface
2025-11-26 23:33:18.617 26334-26334 ViewRootIm...nActivity] com.yourname.smartrecorder           I  reportNextDraw android.view.ViewRootImpl.performTraversals:4438 android.view.ViewRootImpl.doTraversal:3116 android.view.ViewRootImpl$TraversalRunnable.run:10885 android.view.Choreographer$CallbackRecord.run:1301 android.view.Choreographer$CallbackRecord.run:1309 
2025-11-26 23:33:18.617 26334-26334 ViewRootIm...nActivity] com.yourname.smartrecorder           I  Setup new sync id=2
2025-11-26 23:33:18.617 26334-26334 ViewRootIm...nActivity] com.yourname.smartrecorder           I  Setting syncFrameCallback
2025-11-26 23:33:18.617 26334-26334 ViewRootIm...nActivity] com.yourname.smartrecorder           I  registerCallbacksForSync syncBuffer=false
2025-11-26 23:33:18.625 26334-26484 MediaMetadataRetriever  com.yourname.smartrecorder           V  setDataSource(fd) return(0)
2025-11-26 23:33:18.625 26334-26484 MediaMetadataRetriever  com.yourname.smartrecorder           V  extractMetadata(9)
2025-11-26 23:33:18.628 26334-26484 MediaMetadataRetriever  com.yourname.smartrecorder           V  destructor
2025-11-26 23:33:18.628 26334-26484 MediaMetadataRetriever  com.yourname.smartrecorder           V  disconnect
2025-11-26 23:33:18.629 26334-26484 SmartRecorder/Import    com.yourname.smartrecorder           D  Audio duration extracted -> 46972 ms
2025-11-26 23:33:18.629 26334-26484 SmartRecorder/Import    com.yourname.smartrecorder           D  Saving recording to database -> id: 0b408bbe-88e5-4be2-80af-44355e75b0cf, title: primary:Recordings/Voice Recorder/Lesson 2
2025-11-26 23:33:18.629 26334-26484 SmartRecor...Repository com.yourname.smartrecorder           D  [BG] [DB: recordings] INSERT -> id=0b408bbe-88e5-4be2-80af-44355e75b0cf, title=primary:Recordings/Voice Recorder/Lesson 2, duration=46972ms
2025-11-26 23:33:18.631  1198-1634  SemWifiTra...LayerUtils system_server                        W  getApplicationCategory - IOException com.yourname.smartrecorder
2025-11-26 23:33:18.632  1198-1634  System.err              system_server                        W  java.io.FileNotFoundException: https://play.google.com/store/apps/details?id=com.yourname.smartrecorder&hl=en
2025-11-26 23:33:18.635   858-858   SurfaceFlinger          surfaceflinger                       I  [591b3bb com.yourname.smartrecorder/com.yourname.smartrecorder.MainActivity#21031] FrameRatePriority: 1
2025-11-26 23:33:18.637   858-979   SurfaceFlinger          surfaceflinger                       D  [input] setFocusedWindow: 591b3bb com.yourname.smartrecorder/com.yourname.smartrecorder.MainActivity
2025-11-26 23:33:18.637  1198-4180  InputDispatcher         system_server                        D  Focus request (0): 591b3bb com.yourname.smartrecorder/com.yourname.smartrecorder.MainActivity but waiting because NOT_VISIBLE
2025-11-26 23:33:18.641 26334-26716 ViewRootIm...nActivity] com.yourname.smartrecorder           I  Received frameDrawingCallback syncResult=0 frameNum=1.
2025-11-26 23:33:18.641 26334-26716 ViewRootIm...nActivity] com.yourname.smartrecorder           I  Setting up sync and frameCommitCallback
2025-11-26 23:33:18.645 26334-26490 BLASTBufferQueue        com.yourname.smartrecorder           I  [ViewRootImpl@359723a[MainActivity]#2](f:0,a:0) onFrameAvailable the first frame is available
2025-11-26 23:33:18.645 26334-26490 ViewRootIm...nActivity] com.yourname.smartrecorder           I  Received frameCommittedCallback lastAttemptedDrawFrameNum=1 didProduceBuffer=true
2025-11-26 23:33:18.646 26334-26334 ViewRootIm...nActivity] com.yourname.smartrecorder           I  onSyncComplete
2025-11-26 23:33:18.646 26334-26334 ViewRootIm...nActivity] com.yourname.smartrecorder           I  setupSync seqId=0 mSyncId=2 fn=1 caller=android.view.ViewRootImpl$$ExternalSyntheticLambda11.accept:6 android.window.SurfaceSyncer.lambda$setupSync$1$android-window-SurfaceSyncer:128 android.window.SurfaceSyncer$$ExternalSyntheticLambda1.accept:8 android.window.SurfaceSyncer$SyncSet.checkIfSyncIsComplete:382 android.window.SurfaceSyncer$SyncSet.markSyncReady:359 android.window.SurfaceSyncer.markSyncReady:151 android.view.ViewRootImpl.performTraversals:4503 
2025-11-26 23:33:18.646 26334-26334 ViewRootIm...nActivity] com.yourname.smartrecorder           I  reportDrawFinished seqId=0 mSyncId=-1 fn=1 mSurfaceChangedTransaction=0x716dc375d0
2025-11-26 23:33:18.647  1198-1907  WindowManager           system_server                        D  finishDrawingWindow: Window{591b3bb u0 com.yourname.smartrecorder/com.yourname.smartrecorder.MainActivity} mDrawState=DRAW_PENDING seqId=0
2025-11-26 23:33:18.653  1198-1288  WindowManager           system_server                        I  Reparenting to leash, surface=Surface(name=ActivityRecord{7ab0a59 u0 com.yourname.smartrecorder/.MainActivity} t22450})/@0x9b69f6c, leashParent=Surface(name=Task=22450)/@0x3f5577d
2025-11-26 23:33:18.653   858-884   SurfaceFlinger          surfaceflinger                       I  id=21091 createSurf flag=24004, Surface(name=ActivityRecord{7ab0a59 u0 com.yourname.smartrecorder/.MainActivity} t22450})/@0x9b69f6c - animation-leash of app_transition#21091
2025-11-26 23:33:18.654  1198-1288  WindowManager           system_server                        D  makeSurface duration=1 leash=Surface(name=Surface(name=ActivityRecord{7ab0a59 u0 com.yourname.smartrecorder/.MainActivity} t22450})/@0x9b69f6c - animation-leash of app_transition)/@0x64ac629
2025-11-26 23:33:18.655   858-884   SurfaceFlinger          surfaceflinger                       I  id=21092 createSurf flag=80004, Surface(name=ActivityRecord{7ab0a59 u0 com.yourname.smartrecorder/.MainActivity} t22450})/@0x9b69f6c - animation-bounds#21092
2025-11-26 23:33:18.655  1198-1288  ActivityTaskManager     system_server                        D  mStartingWindow and mStartingData is null for token=ActivityRecord{7ab0a59 u0 com.yourname.smartrecorder/.MainActivity} t22450}
2025-11-26 23:33:18.655  1198-1288  WindowManager           system_server                        V  performShowLocked: mDrawState=HAS_DRAWN in Window{591b3bb u0 com.yourname.smartrecorder/com.yourname.smartrecorder.MainActivity}
2025-11-26 23:33:18.658 22947-22947 SamsungLig...trolHelper com.android.systemui                 D  onStatusBarAppearanceChanged() -  sbModeChanged:false, statusBarMode:MODE_TRANSPARENT, barState:SHADE, isKeyguardShowing:false, navbarColorManagedByIme:false, stackAppearancesChanged:true, (AppearanceRegion{LIGHT_STATUS_BARS bounds=[0,0][1440,3088]}, ), packageName:com.yourname.smartrecorder
2025-11-26 23:33:18.658  1198-1288  WindowManager           system_server                        D  updateSystemBarAttributes: displayId=0, win=Window{591b3bb u0 com.yourname.smartrecorder/com.yourname.smartrecorder.MainActivity}, navColorWin=Window{591b3bb u0 com.yourname.smartrecorder/com.yourname.smartrecorder.MainActivity}, focusedCanBeNavColorWin=false, behavior=1, appearance=8, statusBarAppearanceRegions=[AppearanceRegion{LIGHT_STATUS_BARS bounds=[0,0][1440,3088]}], requestedVisibilities=, from=com.android.server.wm.DisplayPolicy.finishPostLayoutPolicyLw:2531 com.android.server.wm.DisplayContent.applySurfaceChangesTransaction:5713 com.android.server.wm.RootWindowContainer.applySurfaceChangesTransaction:1234 
2025-11-26 23:33:18.658 22947-22947 SamsungLig...trolHelper com.android.systemui                 D  updateStatus(BLACK icon) NumStacks:1, StatusBarMode:MODE_TRANSPARENT, lightBarBounds:[Rect(0, 0 - 1440, 3088)], StatusBarState:SHADE, packageName:com.yourname.smartrecorder, isWhiteKeyguardStatusBarBySettings:true
2025-11-26 23:33:18.668   858-858   Layer                   surfaceflinger                       I  Layer [com.yourname.smartrecorder/com.yourname.smartrecorder.MainActivity$_26334#21086] hidden!! flag(0)
2025-11-26 23:33:18.668  1198-1288  ActivityTaskManager     system_server                        D  mStartingWindow and mStartingData is null for token=ActivityRecord{7ab0a59 u0 com.yourname.smartrecorder/.MainActivity} t22450}
2025-11-26 23:33:18.690 26334-26484 SmartRecor...Repository com.yourname.smartrecorder           D  [BG] [DB: recordings] INSERT_COMPLETE -> id=0b408bbe-88e5-4be2-80af-44355e75b0cf, duration=61ms
2025-11-26 23:33:18.690 26334-26484 SmartRecorder/Import    com.yourname.smartrecorder           I  [MAIN] [UseCase: ImportAudioFileUseCase] Completed (recordingId=0b408bbe-88e5-4be2-80af-44355e75b0cf, duration=130ms)
2025-11-26 23:33:18.690 26334-26484 SmartRecorder/Import    com.yourname.smartrecorder           I  [Performance] ImportAudioFileUseCase took 130ms (fileSize=1504133bytes)
2025-11-26 23:33:18.690 26334-26334 SmartRecorder/Import    com.yourname.smartrecorder           I  [MAIN] [ViewModel: ImportAudioViewModel] Import completed -> State: recordingId=0b408bbe-88e5-4be2-80af-44355e75b0cf, title=primary:Recordings/Voice Recorder/Lesson 2
2025-11-26 23:33:18.690 26334-26334 SmartRecorder/Import    com.yourname.smartrecorder           D  Starting automatic transcription -> recordingId: 0b408bbe-88e5-4be2-80af-44355e75b0cf
2025-11-26 23:33:18.691 26334-26484 SmartRecorder/UseCase   com.yourname.smartrecorder           I  [MAIN] [UseCase: GenerateTranscriptUseCase] Starting (recordingId=0b408bbe-88e5-4be2-80af-44355e75b0cf, filePath=/data/user/0/com.yourname.smartrecorder/files/recordings/imported_0b408bbe-88e5-4be2-80af-44355e75b0cf.mp3)
2025-11-26 23:33:18.692 26334-26484 SmartRecor...Transcript com.yourname.smartrecorder           D  Audio file info -> size: 1504133 bytes, duration: 46972 ms
2025-11-26 23:33:18.692 26334-26484 SmartRecorder/Import    com.yourname.smartrecorder           D  [ImportAudioViewModel] Transcription progress: 0%%
2025-11-26 23:33:18.693 26334-26484 SmartRecor...Transcript com.yourname.smartrecorder           D  [GenerateTranscriptUseCase] Transcription progress: 0%%
2025-11-26 23:33:18.693 26334-26484 WhisperJNI              com.yourname.smartrecorder           I  Loading model from: /data/user/0/com.yourname.smartrecorder/files/whisper-models/ggml-tiny.en.bin
2025-11-26 23:33:18.703  1198-4343  InputDispatcher         system_server                        D  Focus entered window (0): 591b3bb com.yourname.smartrecorder/com.yourname.smartrecorder.MainActivity
2025-11-26 23:33:18.717  1198-2005  MdnieScena...rolService system_server                        D   packageName : com.yourname.smartrecorder    className : com.yourname.smartrecorder.MainActivity
2025-11-26 23:33:18.719 26334-26334 ViewRootIm...nActivity] com.yourname.smartrecorder           I  MSG_WINDOW_FOCUS_CHANGED 1 0
2025-11-26 23:33:18.719 26334-26334 ViewRootIm...nActivity] com.yourname.smartrecorder           I  mThreadedRenderer.initializeIfNeeded()#2 mSurface={isValid=true 0x723dcb9ac0}
2025-11-26 23:33:18.720 26334-26334 InputMethodManager      com.yourname.smartrecorder           D  startInputInner - Id : 0
2025-11-26 23:33:18.720 26334-26334 InputMethodManager      com.yourname.smartrecorder           I  startInputInner - mService.startInputOrWindowGainedFocus
2025-11-26 23:33:18.827   858-858   SurfaceFlinger          surfaceflinger                       D  Display 4633128672291735937 HWC layers:
                                                                                                         CLIENT | 0x70f52d52d0 | 0102 | RGBA_8888    |    0.0    0.0    0.0    0.0 |    0 3066 1440 3088 | bbq-wrapper#21095
                                                                                                         DEVICE | 0x70f52ee7d0 | 0102 | RGBA_8888    |    0.0   22.0 1440.0 3088.0 |    0    0 1440 3066 | com.yourname.smartrecorder/com.yourn[...]rtrecorder.MainActivity$_26334#21086
                                                                                                         DEVICE | 0x70f52dd8b0 | 0100 | RGBA_8888    |    0.0    0.0 1440.0   90.0 |    0    0 1440   90 | StatusBar$_22947#4630
                                                                                                         DEVICE | 0x70f52d9f50 | 0100 | RGBA_8888    |    0.0    0.0   67.0  708.0 | 1373  391 1440 1099 | com.samsung.android.app.cocktailbars[...]rvice.CocktailBarService$_4533#21033
                                                                                                         DEVICE | 0x70f52e4270 | 0100 | RGBA_8888    |    0.0    0.0 1440.0  168.0 |    0 2920 1440 3088 | NavigationBar0$_22947#4625
2025-11-26 23:33:18.969  1198-1288  WindowManager           system_server                        I  Reparenting to original parent: Surface(name=Task=22450)/@0x3f5577d, destroy=true, surface=Surface(name=ActivityRecord{7ab0a59 u0 com.yourname.smartrecorder/.MainActivity} t22450})/@0x9b69f6c
2025-11-26 23:33:18.971   858-858   SurfaceFlinger          surfaceflinger                       D  Display 4633128672291735937 HWC layers:
                                                                                                         DEVICE | 0x70f52ee7d0 | 0102 | RGBA_8888    |    0.0    0.0 1440.0 3088.0 |    0    0 1440 3088 | com.yourname.smartrecorder/com.yourn[...]rtrecorder.MainActivity$_26334#21086
                                                                                                         DEVICE | 0x70f52dd8b0 | 0100 | RGBA_8888    |    0.0    0.0 1440.0   90.0 |    0    0 1440   90 | StatusBar$_22947#4630
                                                                                                         DEVICE | 0x70f52d9f50 | 0100 | RGBA_8888    |    0.0    0.0   67.0  708.0 | 1373  391 1440 1099 | com.samsung.android.app.cocktailbars[...]rvice.CocktailBarService$_4533#21033
                                                                                                         DEVICE | 0x70f52e4270 | 0100 | RGBA_8888    |    0.0    0.0 1440.0  168.0 |    0 2920 1440 3088 | NavigationBar0$_22947#4625
2025-11-26 23:33:18.985   858-858   Layer                   surfaceflinger                       I  id=21091 removeFromCurrentState Surface(name=ActivityRecord{7ab0a59 u0 com.yourname.smartrecorder/.MainActivity} t22450})/@0x9b69f6c - animation-leash of app_transition#21091 (142)
2025-11-26 23:33:18.985   858-858   Layer                   surfaceflinger                       I  id=21092 removeFromCurrentState Surface(name=ActivityRecord{7ab0a59 u0 com.yourname.smartrecorder/.MainActivity} t22450})/@0x9b69f6c - animation-bounds#21092 (142)
2025-11-26 23:33:18.986   858-858   SurfaceFlinger          surfaceflinger                       I  id=21092 Removed Surface(name=ActivityRecord{7ab0a59 u0 com.yourname.smartrecorder/.MainActivity} t22450})/@0x9b69f6c - animation-bounds#21092 (142)
2025-11-26 23:33:18.986   858-858   SurfaceFlinger          surfaceflinger                       I  id=21091 Removed Surface(name=ActivityRecord{7ab0a59 u0 com.yourname.smartrecorder/.MainActivity} t22450})/@0x9b69f6c - animation-leash of app_transition#21091 (142)
2025-11-26 23:33:18.987   858-858   Layer                   surfaceflinger                       I  id=21092 Destroyed Surface(name=ActivityRecord{7ab0a59 u0 com.yourname.smartrecorder/.MainActivity} t22450})/@0x9b69f6c - animation-bounds#21092
2025-11-26 23:33:18.987   858-858   Layer                   surfaceflinger                       I  id=21091 Destroyed Surface(name=ActivityRecord{7ab0a59 u0 com.yourname.smartrecorder/.MainActivity} t22450})/@0x9b69f6c - animation-leash of app_transition#21091
2025-11-26 23:33:19.106  1198-2005  MdnieScena...rolService system_server                        D   packageName : com.yourname.smartrecorder    className : com.yourname.smartrecorder.MainActivity
2025-11-26 23:33:19.114 26334-26484 WhisperJNI              com.yourname.smartrecorder           I  Model loaded successfully
2025-11-26 23:33:19.114 26334-26484 SmartRecor...Transcript com.yourname.smartrecorder           D  Model loaded successfully
2025-11-26 23:33:19.115 26334-26484 NuMediaExtractor        com.yourname.smartrecorder           V  NuMediaExtractor constructor
2025-11-26 23:33:19.120 26334-26484 NuMediaExtractor        com.yourname.smartrecorder           V  selectTrack, track[0]: audio/mpeg
2025-11-26 23:33:19.121 26334-26484 MediaCodecList          com.yourname.smartrecorder           D  codecHandlesFormat: no format, so no extra checks
2025-11-26 23:33:19.121 26334-26484 MediaCodecList          com.yourname.smartrecorder           D  codecHandlesFormat: no format, so no extra checks
2025-11-26 23:33:19.122 26334-27699 CCodec                  com.yourname.smartrecorder           I  state->set(ALLOCATING)
2025-11-26 23:33:19.122 26334-27699 CCodec                  com.yourname.smartrecorder           I  allocate(c2.sec.mp3.decoder)
2025-11-26 23:33:19.125 26334-27699 Codec2Client            com.yourname.smartrecorder           I  Available Codec2 services: "default" "software"
2025-11-26 23:33:19.126 26334-27699 CCodec                  com.yourname.smartrecorder           I  setting up 'default' as default (vendor) store
2025-11-26 23:33:19.139  4879-4879  Routine@Co...overHelper com.samsung.android.app.routines     I  setLastResumedPackageForCover mLastResumedPackage = com.yourname.smartrecorder
2025-11-26 23:33:19.140  4879-4879  Routine@Co...cleWatcher com.samsung.android.app.routines     I  notifyLifecycleChanged mCurResumedComponent=com.yourname.smartrecorder
2025-11-26 23:33:19.145 26334-27699 CCodec                  com.yourname.smartrecorder           I  Created component [c2.sec.mp3.decoder]
2025-11-26 23:33:19.146 26334-27699 CCodec                  com.yourname.smartrecorder           I  [c2.sec.mp3.decoder] state->set(ALLOCATED)
2025-11-26 23:33:19.146 26334-27699 CCodecConfig            com.yourname.smartrecorder           D  read media type: audio/mpeg
2025-11-26 23:33:19.149 26334-27699 ReflectedParamUpdater   com.yourname.smartrecorder           D  extent() != 1 for single value type: algo.buffers.max-count.values
2025-11-26 23:33:19.149 26334-27699 ReflectedParamUpdater   com.yourname.smartrecorder           D  extent() != 1 for single value type: output.subscribed-indices.values
2025-11-26 23:33:19.150 26334-27699 ReflectedParamUpdater   com.yourname.smartrecorder           D  extent() != 1 for single value type: input.buffers.allocator-ids.values
2025-11-26 23:33:19.150 26334-27699 ReflectedParamUpdater   com.yourname.smartrecorder           D  extent() != 1 for single value type: output.buffers.allocator-ids.values
2025-11-26 23:33:19.150 26334-27699 ReflectedParamUpdater   com.yourname.smartrecorder           D  extent() != 1 for single value type: algo.buffers.allocator-ids.values
