                                                                                                         DEVICE | 0x70f52e0b50 | 0102 | RGBA_8888    |    0.0    0.0 1440.0 3088.0 |    0    0 1440 3088 | com.app.numerology/com.app.numerology.MainActivity$_8585#25517
                                                                                                     SOLID_COLOR |              | 0000 |  Unknown  |    0.0    0.0    0.0    0.0 |    0    0 1440 3088 | Dim Layer for - Task=22495#25531
                                                                                                         DEVICE | 0x70f52eb890 | 0100 | RGBA_8888    |    8.0    0.0 1448.0  351.0 |    0 2737 1440 3088 | com.google.android.permissioncontrol[...]GrantPermissionsActivity$_5075#25526
                                                                                                         DEVICE | 0x70f52dd8b0 | 0100 | RGBA_8888    |    0.0    0.0 1440.0   90.0 |    0    0 1440   90 | StatusBar$_22947#4630
                                                                                                         DEVICE | 0x70f52d52d0 | 0100 | RGBA_8888    |    0.0    0.0   67.0  708.0 | 1373  391 1440 1099 | com.samsung.android.app.cocktailbars[...]rvice.CocktailBarService$_4533#25417
                                                                                                         DEVICE | 0x70f52d88d0 | 0100 | RGBA_8888    |    0.0    0.0 1440.0  168.0 |    0 2920 1440 3088 | NavigationBar0$_22947#4625
2025-11-27 04:16:40.843  1198-1287  SGM:GameManager         system_server                        D  identifyForegroundApp. com.app.numerology, mCurrentUserId: 0, callerUserId: 0
2025-11-27 04:16:40.843  1198-1287  SGM:PkgDataHelper       system_server                        D  getGamePkgData(). com.app.numerology
2025-11-27 04:16:41.104  5075-5075  GrantPermi...sViewModel com....android.permissioncontroller  I  Logged buttons presented and clicked permissionGroupName=android.permission-group.NOTIFICATIONS uid=10947 selectedPrecision=0 package=com.app.numerology presentedButtons=17 clickedButton=1 isPermissionRationaleShown=false sessionId=-7624225219955303808 targetSdk=36
2025-11-27 04:16:41.108  5075-5075  GrantPermi...sViewModel com....android.permissioncontroller  I  Permission grant result requestId=-7624225219955303808 callingUid=10947 callingPackage=com.app.numerology permission=android.permission.POST_NOTIFICATIONS isImplicit=false result=4 isPermissionRationaleShown=falseisPackageRestrictedByEnhancedConfirmation=false
2025-11-27 04:16:41.113  1198-1902  MARsPolicyManager       system_server                        D  onPackageResumedFG pkgName = com.app.numerology, userId = 0
2025-11-27 04:16:41.114  1198-1902  ActivityTaskManager     system_server                        D  scheduleTopResumedActivityChanged, onTop=true r=ActivityRecord{c18b4f u0 com.app.numerology/.MainActivity} t22495} caller=com.android.server.wm.ActivityTaskSupervisor.scheduleTopResumedActivityStateIfNeeded:2535 com.android.server.wm.ActivityTaskSupervisor.updateTopResumedActivityIfNeeded:2527 com.android.server.wm.TaskFragment.setResumedActivity:493 com.android.server.wm.TaskFragment.onActivityStateChanged:805 com.android.server.wm.ActivityRecord.setState:6428 com.android.server.wm.TaskFragment.resumeTopActivity:1629 
2025-11-27 04:16:41.115  1198-1902  InputDispatcher         system_server                        D  Focused application(0): ActivityRecord{c18b4f u0 com.app.numerology/.MainActivity} t22495}
2025-11-27 04:16:41.115  1198-1902  WindowManager           system_server                        V  Changing focus from Window{5adf9aa u0 com.google.android.permissioncontroller/com.android.permissioncontroller.permission.ui.GrantPermissionsActivity} to Window{ba5404b u0 com.app.numerology/com.app.numerology.MainActivity} displayId=0 Callers=com.android.server.wm.RootWindowContainer.updateFocusedWindowLocked:595 com.android.server.wm.WindowManagerService.updateFocusedWindowLocked:6810 com.android.server.wm.ActivityTaskManagerService.setResumedActivityUncheckLocked:5766 com.android.server.wm.TaskFragment.onActivityStateChanged:807 
2025-11-27 04:16:41.118 22947-22947 NavigationBar           com.android.systemui                 D  onSystemBarAttributesChanged() -  displayId:0, appearance:8, packageName: com.app.numerology (APPEARANCE_LIGHT_STATUS_BARS ), navbarColorManagedByIme:false
2025-11-27 04:16:41.118  1198-1902  WindowManager           system_server                        D  updateSystemBarAttributes: displayId=0, win=Window{ba5404b u0 com.app.numerology/com.app.numerology.MainActivity}, navColorWin=Window{5adf9aa u0 com.google.android.permissioncontroller/com.android.permissioncontroller.permission.ui.GrantPermissionsActivity}, focusedCanBeNavColorWin=false, behavior=1, appearance=8, statusBarAppearanceRegions=[AppearanceRegion{ bounds=[0,0][1440,3088]}], requestedVisibilities=, from=com.android.server.wm.DisplayPolicy.focusChangedLw:3251 com.android.server.wm.DisplayContent.updateFocusedWindowLocked:4632 com.android.server.wm.RootWindowContainer.updateFocusedWindowLocked:595 
2025-11-27 04:16:41.119  1198-1902  WindowManager           system_server                        D  rotationForOrientation, orientationSource=ActivityRecord{c18b4f u0 com.app.numerology/.MainActivity} t22495}
2025-11-27 04:16:41.125  8585-8585  Compatibil...geReporter com.app.numerology                   D  Compat change id reported: 78294732; UID 10947; state: ENABLED
2025-11-27 04:16:41.125  8585-8585  ViewRootIm...nActivity] com.app.numerology                   I  stopped(false) old = false
2025-11-27 04:16:41.126  8585-8585  DecorView               com.app.numerology                   I  notifyKeepScreenOnChanged: keepScreenOn=false
2025-11-27 04:16:41.129  1198-1902  ActivityTaskManager     system_server                        D  mStartingWindow and mStartingData is null for token=ActivityRecord{c18b4f u0 com.app.numerology/.MainActivity} t22495}
2025-11-27 04:16:41.130  1198-1902  WindowManager           system_server                        D  updateSystemBarAttributes: displayId=0, win=Window{ba5404b u0 com.app.numerology/com.app.numerology.MainActivity}, navColorWin=Window{ba5404b u0 com.app.numerology/com.app.numerology.MainActivity}, focusedCanBeNavColorWin=false, behavior=1, appearance=24, statusBarAppearanceRegions=[AppearanceRegion{LIGHT_STATUS_BARS bounds=[0,0][1440,3088]}], requestedVisibilities=, from=com.android.server.wm.DisplayPolicy.finishPostLayoutPolicyLw:2531 com.android.server.wm.DisplayContent.applySurfaceChangesTransaction:5713 com.android.server.wm.RootWindowContainer.applySurfaceChangesTransaction:1234 
2025-11-27 04:16:41.130 22947-22947 SamsungLig...trolHelper com.android.systemui                 D  onStatusBarAppearanceChanged() -  sbModeChanged:false, statusBarMode:MODE_TRANSPARENT, barState:SHADE, isKeyguardShowing:false, navbarColorManagedByIme:false, stackAppearancesChanged:true, (AppearanceRegion{LIGHT_STATUS_BARS bounds=[0,0][1440,3088]}, ), packageName:com.app.numerology
2025-11-27 04:16:41.130 22947-22947 NavigationBar           com.android.systemui                 D  onSystemBarAttributesChanged() -  displayId:0, appearance:24, packageName: com.app.numerology (APPEARANCE_LIGHT_STATUS_BARS APPEARANCE_LIGHT_NAVIGATION_BARS ), navbarColorManagedByIme:false
2025-11-27 04:16:41.130 22947-22947 SamsungLig...trolHelper com.android.systemui                 D  updateNavigation(Black button) isLightBar:false, hasLightBarNavigationBarFlag:true, packageName:com.app.numerology, DirectReplying:false, NavBarColorManagerdByIme:false, ForceDarkForScrim:false, QsCustomizing:false, PanelHasWhiteBg:true
2025-11-27 04:16:41.130 22947-22947 SamsungLig...trolHelper com.android.systemui                 D  updateStatus(BLACK icon) NumStacks:1, StatusBarMode:MODE_TRANSPARENT, lightBarBounds:[Rect(0, 0 - 1440, 3088)], StatusBarState:SHADE, packageName:com.app.numerology, isWhiteKeyguardStatusBarBySettings:true
2025-11-27 04:16:41.132  8585-8585  MSHandlerLifeCycle      com.app.numerology                   I  removeMultiSplitHandler: no exist. decor=DecorView@985997d[MainActivity]
2025-11-27 04:16:41.137   858-858   SurfaceFlinger          surfaceflinger                       I  [ba5404b com.app.numerology/com.app.numerology.MainActivity#25516] FrameRatePriority: 1
2025-11-27 04:16:41.139   858-979   SurfaceFlinger          surfaceflinger                       D  [input] setFocusedWindow: ba5404b com.app.numerology/com.app.numerology.MainActivity
2025-11-27 04:16:41.140  1198-4185  InputDispatcher         system_server                        D  Focus entered window (0): ba5404b com.app.numerology/com.app.numerology.MainActivity
2025-11-27 04:16:41.141  8585-8585  ViewRootIm...nActivity] com.app.numerology                   I  performTraversals params={(0,0)(fillxfill) sim={adjust=resize forwardNavigation} ty=BASE_APPLICATION wanim=0x1030309
                                                                                                      fl=81810100
                                                                                                      pfl=16020040
                                                                                                      vsysui=2110
                                                                                                      apr=LIGHT_STATUS_BARS LIGHT_NAVIGATION_BARS
                                                                                                      bhv=DEFAULT
                                                                                                      fitSides= naviIconColor=0}
2025-11-27 04:16:41.141  8585-8585  ViewRootIm...nActivity] com.app.numerology                   I  performTraversals mFirst=false windowShouldResize=false viewVisibilityChanged=false mForceNextWindowRelayout=false params={(0,0)(fillxfill) sim={adjust=resize forwardNavigation} ty=BASE_APPLICATION wanim=0x1030309
                                                                                                      fl=81810100
                                                                                                      pfl=16020040
                                                                                                      vsysui=2110
                                                                                                      apr=LIGHT_STATUS_BARS LIGHT_NAVIGATION_BARS
                                                                                                      bhv=DEFAULT
                                                                                                      fitSides= naviIconColor=0}
2025-11-27 04:16:41.142  1198-4185  WindowManager           system_server                        V  Relayout Window{ba5404b u0 com.app.numerology/com.app.numerology.MainActivity}: viewVisibility=0 req=1440x3088 d0
2025-11-27 04:16:41.144  8585-8585  ViewRootIm...nActivity] com.app.numerology                   I  updateBlastSurfaceIfNeeded mBlastBufferQueue=0x71adc29ad0 isSameSurfaceControl=true
2025-11-27 04:16:41.144  8585-8585  BLASTBufferQueue        com.app.numerology                   I  update, w= 1440 h= 3088 mName = ViewRootImpl@bb20a22[MainActivity] mNativeObject= 0x71adc29ad0 sc.mNativeObject= 0x713dc89690 format= -1 caller= android.view.ViewRootImpl.updateBlastSurfaceIfNeeded:2898 android.view.ViewRootImpl.relayoutWindow:9847 android.view.ViewRootImpl.performTraversals:3884 android.view.ViewRootImpl.doTraversal:3116 android.view.ViewRootImpl$TraversalRunnable.run:10885 android.view.Choreographer$CallbackRecord.run:1301 
2025-11-27 04:16:41.145  8585-8585  ViewRootIm...nActivity] com.app.numerology                   I  Relayout returned: old=(0,0,1440,3088) new=(0,0,1440,3088) req=(1440,3088)0 dur=3 res=0x0 s={true 0x723dc64840} ch=false seqId=0
2025-11-27 04:16:41.146  8585-8585  ViewRootIm...nActivity] com.app.numerology                   I  MSG_WINDOW_FOCUS_CHANGED 1 0
2025-11-27 04:16:41.146  8585-8585  ViewRootIm...nActivity] com.app.numerology                   I  mThreadedRenderer.initializeIfNeeded()#2 mSurface={isValid=true 0x723dc64840}
2025-11-27 04:16:41.146  8585-8585  InputMethodManager      com.app.numerology                   D  startInputInner - Id : 0
2025-11-27 04:16:41.146  8585-8585  InputMethodManager      com.app.numerology                   I  startInputInner - mService.startInputOrWindowGainedFocus
2025-11-27 04:16:41.158  4533-4533  ActivityUtils           com...ndroid.app.cocktailbarservice  I  HomePackage : com.sec.android.app.launcher, resumePackageName : com.app.numerology
2025-11-27 04:16:41.162  1198-1287  GameSDK@LifeCycle       system_server                        I  noteResumeComponent(): package name  : com.app.numerology
2025-11-27 04:16:41.162  1198-1287  SGM:GameManager         system_server                        D  identifyGamePackage. com.app.numerology, mCurrentUserId: 0, callerUserId: 0, callingMethodInfo: com.android.server.ssrm.SortingMachine.isGame(SortingMachine.java:162)
2025-11-27 04:16:41.162  1198-1287  SGM:PkgDataHelper       system_server                        D  getGamePkgData(). com.app.numerology
2025-11-27 04:16:41.162  1198-1287  SGM:FgCheckThread       system_server                        D  noteResumeComponent(), received pkgName: com.app.numerology, userId: 0
2025-11-27 04:16:41.162  4879-8430  Routine@Co...stenerImpl com.samsung.android.app.routines     I  onResumeComponent: componentName - ComponentInfo{com.app.numerology/com.app.numerology.MainActivity}
2025-11-27 04:16:41.162  1198-1539  SGM:FgCheckThread       system_server                        D  onLooperPrepared(), msg: MSG_APP_RESUME, pkgName: com.app.numerology, userid: 0
2025-11-27 04:16:41.163  1198-1287  SGM:GameManager         system_server                        D  identifyGamePackage. com.app.numerology, mCurrentUserId: 0, callerUserId: 0, callingMethodInfo: com.samsung.android.game.SemGameManager.isGamePackage(SemGameManager.java:104)
2025-11-27 04:16:41.163  1198-1287  SGM:PkgDataHelper       system_server                        D  getGamePkgData(). com.app.numerology
2025-11-27 04:16:41.163  1198-1287  SGM:SemGameManager      system_server                        D  isGamePackage(), pkgName=com.app.numerology, ret=false
2025-11-27 04:16:41.254  8585-8585  SettingViewModel        com.app.numerology                   D  Refreshed notification state from system: true
2025-11-27 04:16:41.256   858-858   SurfaceFlinger          surfaceflinger                       D  Display 4633128672291735937 HWC layers:
                                                                                                         DEVICE | 0x70f52edb70 | 0102 | RGBA_8888    |    0.0    0.0 1440.0 3088.0 |    0    0 1440 3088 | com.app.numerology/com.app.numerology.MainActivity$_8585#25517
                                                                                                     SOLID_COLOR |              | 0000 |  Unknown  |    0.0    0.0    0.0    0.0 |    0    0 1440 3088 | Dim Layer for - Task=22495#25531
                                                                                                         DEVICE | 0x70f52dd8b0 | 0100 | RGBA_8888    |    0.0    0.0 1440.0   90.0 |    0    0 1440   90 | StatusBar$_22947#4630
                                                                                                         DEVICE | 0x70f52d52d0 | 0100 | RGBA_8888    |    0.0    0.0   67.0  708.0 | 1373  391 1440 1099 | com.samsung.android.app.cocktailbars[...]rvice.CocktailBarService$_4533#25417
                                                                                                         DEVICE | 0x70f52e0fd0 | 0100 | RGBA_8888    |    0.0    0.0 1440.0  168.0 |    0 2920 1440 3088 | NavigationBar0$_22947#4625
2025-11-27 04:16:41.267  8585-8585  Dialog                  com.app.numerology                   I  mIsDeviceDefault = false, mIsSamsungBasicInteraction = false, isMetaDataInActivity = false
2025-11-27 04:16:41.269  8585-8585  DecorView               com.app.numerology                   I  [INFO] isPopOver=false config=false
2025-11-27 04:16:41.269  8585-8585  DecorView               com.app.numerology                   I  updateCaptionType: isFloating=true isApplication=true hasWindowDecorCaption=false this=DecorView@46c49ab[]
2025-11-27 04:16:41.269  8585-8585  DecorView               com.app.numerology                   D  setCaptionType = 0, this = DecorView@46c49ab[]
2025-11-27 04:16:41.269  8585-8585  DecorView               com.app.numerology                   I  setWindowBackground: isPopOver=false color=0 d=android.graphics.drawable.ColorDrawable@ccd2ba1
2025-11-27 04:16:41.274   858-858   SurfaceFlinger          surfaceflinger                       D  Display 4633128672291735937 HWC layers:
                                                                                                         DEVICE | 0x70f52edb70 | 0102 | RGBA_8888    |    0.0    0.0 1440.0 3088.0 |    0    0 1440 3088 | com.app.numerology/com.app.numerology.MainActivity$_8585#25517
                                                                                                         DEVICE | 0x70f52dc6b0 | 0100 | RGBA_8888    |    0.0    0.0 1440.0   90.0 |    0    0 1440   90 | StatusBar$_22947#4630
                                                                                                         DEVICE | 0x70f52d52d0 | 0100 | RGBA_8888    |    0.0    0.0   67.0  708.0 | 1373  391 1440 1099 | com.samsung.android.app.cocktailbars[...]rvice.CocktailBarService$_4533#25417
                                                                                                         DEVICE | 0x70f52d88d0 | 0100 | RGBA_8888    |    0.0    0.0 1440.0  168.0 |    0 2920 1440 3088 | NavigationBar0$_22947#4625
2025-11-27 04:16:41.286  8585-8614  NativeCust...ncyManager com.app.numerology                   D  [NativeCFMS] BpCustomFrequencyManager::BpCustomFrequencyManager()
2025-11-27 04:16:41.288   858-886   SurfaceFlinger          surfaceflinger                       I  id=25541 createSurf flag=80004, 593891b com.app.numerology/com.app.numerology.MainActivity#25541
2025-11-27 04:16:41.288  1198-4185  WindowManager           system_server                        V  Changing focus from Window{ba5404b u0 com.app.numerology/com.app.numerology.MainActivity} to Window{593891b u0 com.app.numerology/com.app.numerology.MainActivity} displayId=0 Callers=com.android.server.wm.RootWindowContainer.updateFocusedWindowLocked:595 com.android.server.wm.WindowManagerService.updateFocusedWindowLocked:6810 com.android.server.wm.WindowManagerService.addWindow:2054 com.android.server.wm.Session.addToDisplayAsUser:222 
2025-11-27 04:16:41.288  1198-4185  MARsPolicyManager       system_server                        D  onPackageResumedFG pkgName = com.app.numerology, userId = 0
2025-11-27 04:16:41.289  1198-4185  WindowManager           system_server                        D  updateSystemBarAttributes: displayId=0, win=Window{593891b u0 com.app.numerology/com.app.numerology.MainActivity}, navColorWin=Window{ba5404b u0 com.app.numerology/com.app.numerology.MainActivity}, focusedCanBeNavColorWin=false, behavior=1, appearance=16, statusBarAppearanceRegions=[AppearanceRegion{LIGHT_STATUS_BARS bounds=[0,0][1440,3088]}], requestedVisibilities=, from=com.android.server.wm.DisplayPolicy.focusChangedLw:3251 com.android.server.wm.DisplayContent.updateFocusedWindowLocked:4632 com.android.server.wm.RootWindowContainer.updateFocusedWindowLocked:595 
2025-11-27 04:16:41.289 22947-22947 NavigationBar           com.android.systemui                 D  onSystemBarAttributesChanged() -  displayId:0, appearance:16, packageName: com.app.numerology (APPEARANCE_LIGHT_NAVIGATION_BARS ), navbarColorManagedByIme:false
2025-11-27 04:16:41.290  8585-8585  InsetsController        com.app.numerology                   D  onStateChanged: InsetsState: {mDisplayFrame=Rect(0, 0 - 1440, 3088), mDisplayCutout=DisplayCutout{insets=Rect(0, 89 - 0, 0) waterfall=Insets{left=0, top=0, right=0, bottom=0} boundingRect={Bounds=[Rect(0, 0 - 0, 0), Rect(685, 0 - 755, 89), Rect(0, 0 - 0, 0), Rect(0, 0 - 0, 0)]} cutoutPathParserInfo={CutoutPathParserInfo{displayWidth=1440 displayHeight=3088 physicalDisplayWidth=1440 physicalDisplayHeight=3088 density={3.5} cutoutSpec={M 0,0 H -10 V 25.42857142857143 H 10 V 0 H 0 Z @dp} rotation={0} scale={1.0} physicalPixelDisplaySizeRatio={1.0}}}}, mRoundedCorners=RoundedCorners{[RoundedCorner{position=TopLeft, radius=112, center=Point(112, 112)}, RoundedCorner{position=TopRight, radius=112, center=Point(1328, 112)}, RoundedCorner{position=BottomRight, radius=112, center=Point(1328, 2976)}, RoundedCorner{position=BottomLeft, radius=112, center=Point(112, 2976)}]}  mRoundedCornerFrame=Rect(0, 0 - 1440, 3088), mPrivacyIndicatorBounds=PrivacyIndicatorBounds {static bounds=Rect(1286, 0 - 1440, 90) rotation=0}, mSources= { InsetsSource: {mType=ITYPE_STATUS_BAR, mFrame=[0,0][1440,90], mVisible=true, mInsetsRoundedCornerFrame=false}, InsetsSource: {mType=ITYPE_NAVIGATION_BAR, mFrame=[0,2920][1440,3088], mVisible=true, mInsetsRoundedCornerFrame=false}, InsetsSource: {mType=ITYPE_LEFT_GESTURES, mFrame=[0,0][0,3088], mVisible=true, mInsetsRoundedCornerFrame=false}, InsetsSource: {mType=ITYPE_RIGHT_GESTURES, mFrame=[1440,0][1440,3088], mVisible=true, mInsetsRoundedCornerFrame=false}, InsetsSource: {mType=ITYPE_TOP_MANDATORY_GESTURES, mFrame=[0,0][1440,131], mVisible=true, mInsetsRoundedCornerFrame=false}, InsetsSource: {mType=ITYPE_BOTTOM_MANDATORY_GESTURES, mFrame=[0,2920][1440,3088], mVisible=true, mInsetsRoundedCornerFrame=false}, InsetsSource: {mType=ITYPE_LEFT_DISPLAY_CUTOUT, mFrame=[0,0][-100000,3088], mVisible=true, mInsetsRoundedCornerFrame=false}, InsetsSource: {mType=ITYPE_TOP_DISPLAY_CUTOUT, mFrame=[0,0][1440,89], mVisible=true, mInsetsRoundedCornerFrame=false}, InsetsSource: {mType=ITYPE_RIGHT_DISPLAY_CUTOUT, mFrame=[100000,0][1440,3088], mVisible=true, mInsetsRoundedCornerFrame=false}, InsetsSource: {mType=ITYPE_BOTTOM_DISPLAY_CUTOUT, mFrame=[0,100000][1440,3088], mVisible=true, mInsetsRoundedCornerFrame=false}, InsetsSource: {mType=ITYPE_TOP_TAPPABLE_ELEMENT, mFrame=[0,0][1440,90], mVisible=true, mInsetsRoundedCornerFrame=false}, InsetsSource: {mType=ITYPE_BOTTOM_TAPPABLE_ELEMENT, mFrame=[0,2920][1440,3088], mVisible=true, mInsetsRoundedCornerFrame=false}, InsetsSource: {mType=ITYPE_IME, mFrame=[0,0][0,0], mVisibleFrame=[0,1886][1440,3088], mVisible=false, mInsetsRoundedCornerFrame=false} } host=com.app.numerology/com.app.numerology.MainActivity from=android.view.ViewRootImpl.setView:1732
2025-11-27 04:16:41.291  8585-8585  ViewRootIm...nActivity] com.app.numerology                   I  setView = com.android.internal.policy.DecorView@46c49ab TM=true
2025-11-27 04:16:41.292  8585-8585  SettingViewModel        com.app.numerology                   D  Refreshed notification state from system: true
2025-11-27 04:16:41.292  8585-8585  SettingScreen           com.app.numerology                   D  Permission dialog closed. Refreshed toggle state from system
2025-11-27 04:16:41.296  1198-2005  MdnieScena...rolService system_server                        D   packageName : com.app.numerology    className : com.app.numerology.MainActivity
2025-11-27 04:16:41.298  1198-4185  CoreBackPreview         system_server                        D  Window{593891b u0 com.app.numerology/com.app.numerology.MainActivity}: Setting back callback OnBackInvokedCallbackInfo{mCallback=android.window.IOnBackInvokedCallback$Stub$Proxy@66ba4cd, mPriority=0}
2025-11-27 04:16:41.298  1198-4185  CoreBackPreview         system_server                        D  Window{593891b u0 com.app.numerology/com.app.numerology.MainActivity}: Setting back callback OnBackInvokedCallbackInfo{mCallback=android.window.IOnBackInvokedCallback$Stub$Proxy@b99d182, mPriority=0}
2025-11-27 04:16:41.320   858-858   SurfaceFlinger          surfaceflinger                       I  [593891b com.app.numerology/com.app.numerology.MainActivity#25541] FrameRatePriority: 1
2025-11-27 04:16:41.320   858-858   SurfaceFlinger          surfaceflinger                       I  [ba5404b com.app.numerology/com.app.numerology.MainActivity#25516] FrameRatePriority: -1
2025-11-27 04:16:41.327  8585-8585  ViewRootIm...nActivity] com.app.numerology                   I  performTraversals params={(0,0)(fillxwrap) gr=CENTER sim={adjust=pan forwardNavigation} ty=APPLICATION fmt=TRANSPARENT wanim=0x103030a surfaceInsets=Rect(140, 140 - 140, 140)
                                                                                                      fl=1800002
                                                                                                      pfl=42000000
                                                                                                      bhv=DEFAULT
                                                                                                      fitTypes=STATUS_BARS NAVIGATION_BARS CAPTION_BAR
                                                                                                     dimAmount=0.6 naviIconColor=0
                                                                                                      sfl=100000}
2025-11-27 04:16:41.327  8585-8585  ViewRootIm...nActivity] com.app.numerology                   I  performTraversals mFirst=true windowShouldResize=true viewVisibilityChanged=false mForceNextWindowRelayout=false params={(0,0)(fillxwrap) gr=CENTER sim={adjust=pan forwardNavigation} ty=APPLICATION fmt=TRANSPARENT wanim=0x103030a surfaceInsets=Rect(140, 140 - 140, 140)
                                                                                                      fl=1800002
                                                                                                      pfl=42000000
                                                                                                      bhv=DEFAULT
                                                                                                      fitTypes=STATUS_BARS NAVIGATION_BARS CAPTION_BAR
                                                                                                     dimAmount=0.6 naviIconColor=0
                                                                                                      sfl=100000}
2025-11-27 04:16:41.328  1198-4185  WindowManager           system_server                        V  Relayout Window{593891b u0 com.app.numerology/com.app.numerology.MainActivity}: viewVisibility=0 req=1440x2830 d0
2025-11-27 04:16:41.328   858-1169  SurfaceFlinger          surfaceflinger                       I  id=25544 createSurf flag=40004, com.app.numerology/com.app.numerology.MainActivity$_8585#25544
2025-11-27 04:16:41.328  1198-4185  WindowManager           system_server                        D  makeSurface duration=1 name=com.app.numerology/com.app.numerology.MainActivity$_8585
2025-11-27 04:16:41.332  8585-8585  ViewRootIm...nActivity] com.app.numerology                   I  updateBlastSurfaceIfNeeded mBlastBufferQueue=null isSameSurfaceControl=false
2025-11-27 04:16:41.332  8585-8585  BLASTBufferQueue        com.app.numerology                   I  new BLASTBufferQueue, mName= ViewRootImpl@2126602[MainActivity] mNativeObject= 0x71adc33a30 sc.mNativeObject= 0x713dc88820 caller= android.view.ViewRootImpl.updateBlastSurfaceIfNeeded:2909 android.view.ViewRootImpl.relayoutWindow:9847 android.view.ViewRootImpl.performTraversals:3884 android.view.ViewRootImpl.doTraversal:3116 android.view.ViewRootImpl$TraversalRunnable.run:10885 android.view.Choreographer$CallbackRecord.run:1301 android.view.Choreographer$CallbackRecord.run:1309 android.view.Choreographer.doCallbacks:923 android.view.Choreographer.doFrame:852 android.view.Choreographer$FrameDisplayEventReceiver.run:1283 
2025-11-27 04:16:41.332  8585-8585  BLASTBufferQueue        com.app.numerology                   I  update, w= 1720 h= 3110 mName = ViewRootImpl@2126602[MainActivity] mNativeObject= 0x71adc33a30 sc.mNativeObject= 0x713dc88820 format= -2 caller= android.graphics.BLASTBufferQueue.<init>:84 android.view.ViewRootImpl.updateBlastSurfaceIfNeeded:2909 android.view.ViewRootImpl.relayoutWindow:9847 android.view.ViewRootImpl.performTraversals:3884 android.view.ViewRootImpl.doTraversal:3116 android.view.ViewRootImpl$TraversalRunnable.run:10885 
2025-11-27 04:16:41.332  8585-8585  ViewRootIm...nActivity] com.app.numerology                   I  Relayout returned: old=(0,90,1440,2920) new=(0,90,1440,2920) req=(1440,2830)0 dur=5 res=0x3 s={true 0x723dcaac50} ch=true seqId=0
2025-11-27 04:16:41.333  8585-8585  ViewRootIm...nActivity] com.app.numerology                   I  mThreadedRenderer.initialize() mSurface={isValid=true 0x723dcaac50} hwInitialized=true
2025-11-27 04:16:41.333  8585-8614  OpenGLRenderer          com.app.numerology                   D  eglCreateWindowSurface
2025-11-27 04:16:41.339  8585-8585  ViewRootIm...nActivity] com.app.numerology                   I  reportNextDraw android.view.ViewRootImpl.performTraversals:4438 android.view.ViewRootImpl.doTraversal:3116 android.view.ViewRootImpl$TraversalRunnable.run:10885 android.view.Choreographer$CallbackRecord.run:1301 android.view.Choreographer$CallbackRecord.run:1309 
2025-11-27 04:16:41.339  8585-8585  ViewRootIm...nActivity] com.app.numerology                   I  Setup new sync id=0
2025-11-27 04:16:41.339  8585-8585  ViewRootIm...nActivity] com.app.numerology                   I  Setting syncFrameCallback
2025-11-27 04:16:41.339  8585-8585  ViewRootIm...nActivity] com.app.numerology                   I  registerCallbacksForSync syncBuffer=false
2025-11-27 04:16:41.343  8585-8680  ViewRootIm...nActivity] com.app.numerology                   I  Received frameDrawingCallback syncResult=0 frameNum=1.
2025-11-27 04:16:41.343  8585-8680  ViewRootIm...nActivity] com.app.numerology                   I  Setting up sync and frameCommitCallback
2025-11-27 04:16:41.346  8585-8614  BLASTBufferQueue        com.app.numerology                   I  [ViewRootImpl@2126602[MainActivity]#1](f:0,a:0) onFrameAvailable the first frame is available
2025-11-27 04:16:41.347  8585-8614  ViewRootIm...nActivity] com.app.numerology                   I  Received frameCommittedCallback lastAttemptedDrawFrameNum=1 didProduceBuffer=true
2025-11-27 04:16:41.347  8585-8614  OpenGLRenderer          com.app.numerology                   D  CFMS:: SetUp Pid : 8585    Tid : 8614
2025-11-27 04:16:41.348  8585-8614  Parcel                  com.app.numerology                   W  Expecting binder but got null!
2025-11-27 04:16:41.348  8585-8585  ViewRootIm...nActivity] com.app.numerology                   I  onSyncComplete
2025-11-27 04:16:41.348  8585-8585  ViewRootIm...nActivity] com.app.numerology                   I  setupSync seqId=0 mSyncId=0 fn=1 caller=android.view.ViewRootImpl$$ExternalSyntheticLambda11.accept:6 android.window.SurfaceSyncer.lambda$setupSync$1$android-window-SurfaceSyncer:128 android.window.SurfaceSyncer$$ExternalSyntheticLambda1.accept:8 android.window.SurfaceSyncer$SyncSet.checkIfSyncIsComplete:382 android.window.SurfaceSyncer$SyncSet.markSyncReady:359 android.window.SurfaceSyncer.markSyncReady:151 android.view.ViewRootImpl.performTraversals:4503 
2025-11-27 04:16:41.349  8585-8585  ViewRootIm...nActivity] com.app.numerology                   I  reportDrawFinished seqId=0 mSyncId=-1 fn=1 mSurfaceChangedTransaction=0x716dc3acf0
2025-11-27 04:16:41.350  1198-4185  WindowManager           system_server                        D  finishDrawingWindow: Window{593891b u0 com.app.numerology/com.app.numerology.MainActivity} mDrawState=DRAW_PENDING seqId=0
2025-11-27 04:16:41.353  1198-1288  WindowManager           system_server                        I  Reparenting to leash, surface=Surface(name=593891b com.app.numerology/com.app.numerology.MainActivity)/@0xf9783ce, leashParent=Surface(name=ActivityRecord{c18b4f u0 com.app.numerology/.MainActivity} t22495})/@0x2c28e13
2025-11-27 04:16:41.354   858-884   SurfaceFlinger          surfaceflinger                       I  id=25545 createSurf flag=24004, Surface(name=593891b com.app.numerology/com.app.numerology.MainActivity)/@0xf9783ce - animation-leash of window_animation#25545
2025-11-27 04:16:41.354  1198-1288  WindowManager           system_server                        D  makeSurface duration=0 leash=Surface(name=Surface(name=593891b com.app.numerology/com.app.numerology.MainActivity)/@0xf9783ce - animation-leash of window_animation)/@0xd0012ef
2025-11-27 04:16:41.354  1198-1288  WindowManager           system_server                        V  performShowLocked: mDrawState=HAS_DRAWN in Window{593891b u0 com.app.numerology/com.app.numerology.MainActivity}
2025-11-27 04:16:41.355   858-979   SurfaceFlinger          surfaceflinger                       D  [input] setFocusedWindow: 593891b com.app.numerology/com.app.numerology.MainActivity
2025-11-27 04:16:41.356  1198-1850  InputDispatcher         system_server                        D  Focus request (0): 593891b com.app.numerology/com.app.numerology.MainActivity but waiting because NOT_VISIBLE
2025-11-27 04:16:41.356  1198-1850  InputDispatcher         system_server                        D  Focus left window (0): ba5404b com.app.numerology/com.app.numerology.MainActivity
2025-11-27 04:16:41.358  8585-8585  DecorView               com.app.numerology                   I  notifyKeepScreenOnChanged: keepScreenOn=false
2025-11-27 04:16:41.358  8585-8585  DecorView               com.app.numerology                   I  notifyKeepScreenOnChanged: keepScreenOn=false
2025-11-27 04:16:41.359  1198-1288  ActivityTaskManager     system_server                        D  mStartingWindow and mStartingData is null for token=ActivityRecord{c18b4f u0 com.app.numerology/.MainActivity} t22495}
2025-11-27 04:16:41.362  1198-1288  WindowManager           system_server                        D  updateSystemBarAttributes: displayId=0, win=Window{593891b u0 com.app.numerology/com.app.numerology.MainActivity}, navColorWin=Window{593891b u0 com.app.numerology/com.app.numerology.MainActivity}, focusedCanBeNavColorWin=false, behavior=1, appearance=0, statusBarAppearanceRegions=[AppearanceRegion{ bounds=[0,0][1440,3088]}], requestedVisibilities=, from=com.android.server.wm.DisplayPolicy.finishPostLayoutPolicyLw:2531 com.android.server.wm.DisplayContent.applySurfaceChangesTransaction:5713 com.android.server.wm.RootWindowContainer.applySurfaceChangesTransaction:1234 
2025-11-27 04:16:41.362  8585-8585  ViewRootIm...nActivity] com.app.numerology                   I  performTraversals params={(0,0)(fillxwrap) gr=CENTER sim={adjust=pan} ty=APPLICATION fmt=TRANSPARENT wanim=0x103030a surfaceInsets=Rect(140, 140 - 140, 140)
                                                                                                      fl=1800002
                                                                                                      pfl=2000000
                                                                                                      bhv=DEFAULT
                                                                                                      fitTypes=STATUS_BARS NAVIGATION_BARS CAPTION_BAR
                                                                                                     dimAmount=0.6 naviIconColor=0
                                                                                                      sfl=100000}
2025-11-27 04:16:41.362 22947-22947 SamsungLig...trolHelper com.android.systemui                 D  onStatusBarAppearanceChanged() -  sbModeChanged:false, statusBarMode:MODE_TRANSPARENT, barState:SHADE, isKeyguardShowing:false, navbarColorManagedByIme:false, stackAppearancesChanged:true, (AppearanceRegion{ bounds=[0,0][1440,3088]}, ), packageName:com.app.numerology
2025-11-27 04:16:41.362 22947-22947 NavigationBar           com.android.systemui                 D  onSystemBarAttributesChanged() -  displayId:0, appearance:0, packageName: com.app.numerology, navbarColorManagedByIme:false
2025-11-27 04:16:41.362  8585-8585  ViewRootIm...nActivity] com.app.numerology                   I  performTraversals mFirst=false windowShouldResize=false viewVisibilityChanged=false mForceNextWindowRelayout=false params={(0,0)(fillxwrap) gr=CENTER sim={adjust=pan} ty=APPLICATION fmt=TRANSPARENT wanim=0x103030a surfaceInsets=Rect(140, 140 - 140, 140)
                                                                                                      fl=1800002
                                                                                                      pfl=42000000
                                                                                                      bhv=DEFAULT
                                                                                                      fitTypes=STATUS_BARS NAVIGATION_BARS CAPTION_BAR
                                                                                                     dimAmount=0.6 naviIconColor=0
                                                                                                      sfl=100000}
2025-11-27 04:16:41.363 22947-22947 SamsungLig...trolHelper com.android.systemui                 D  updateNavigation(White button) isLightBar:false, hasLightBarNavigationBarFlag:false, packageName:com.app.numerology, DirectReplying:false, NavBarColorManagerdByIme:false, ForceDarkForScrim:false, QsCustomizing:false, PanelHasWhiteBg:true
2025-11-27 04:16:41.363 22947-22947 SamsungLig...trolHelper com.android.systemui                 D  updateStatus(WHITE icon) NumStacks:1, StatusBarMode:MODE_TRANSPARENT, lightBarBounds:[], StatusBarState:SHADE, packageName:com.app.numerology, isWhiteKeyguardStatusBarBySettings:true
2025-11-27 04:16:41.363  1198-1850  WindowManager           system_server                        V  Relayout Window{593891b u0 com.app.numerology/com.app.numerology.MainActivity}: viewVisibility=0 req=1440x2830 d0
2025-11-27 04:16:41.368  8585-8585  ViewRootIm...nActivity] com.app.numerology                   I  updateBlastSurfaceIfNeeded mBlastBufferQueue=0x71adc33a30 isSameSurfaceControl=true
2025-11-27 04:16:41.368  8585-8585  BLASTBufferQueue        com.app.numerology                   I  update, w= 1720 h= 3110 mName = ViewRootImpl@2126602[MainActivity] mNativeObject= 0x71adc33a30 sc.mNativeObject= 0x713dc8b580 format= -2 caller= android.view.ViewRootImpl.updateBlastSurfaceIfNeeded:2898 android.view.ViewRootImpl.relayoutWindow:9847 android.view.ViewRootImpl.performTraversals:3884 android.view.ViewRootImpl.doTraversal:3116 android.view.ViewRootImpl$TraversalRunnable.run:10885 android.view.Choreographer$CallbackRecord.run:1301 
2025-11-27 04:16:41.368  8585-8585  ViewRootIm...nActivity] com.app.numerology                   I  Relayout returned: old=(0,90,1440,2920) new=(0,90,1440,2920) req=(1440,2830)0 dur=6 res=0x0 s={true 0x723dcaac50} ch=false seqId=0
2025-11-27 04:16:41.370   858-858   Layer                   surfaceflinger                       I  Layer [com.app.numerology/com.app.numerology.MainActivity$_8585#25544] hidden!! flag(0)
2025-11-27 04:16:41.379  8585-8585  ViewRootIm...nActivity] com.app.numerology                   I  MSG_WINDOW_FOCUS_CHANGED 0 0
2025-11-27 04:16:41.405  1198-4185  InputDispatcher         system_server                        D  Focus entered window (0): 593891b com.app.numerology/com.app.numerology.MainActivity
2025-11-27 04:16:41.410   858-858   SurfaceFlinger          surfaceflinger                       D  Display 4633128672291735937 HWC layers:
                                                                                                         DEVICE | 0x70f52e0b50 | 0102 | RGBA_8888    |    0.0    0.0 1440.0 3088.0 |    0    0 1440 3088 | com.app.numerology/com.app.numerology.MainActivity$_8585#25517
                                                                                                     SOLID_COLOR |              | 0000 |  Unknown  |    0.0    0.0    0.0    0.0 |    0    0 1440 3088 | Dim Layer for - Task=22495#25546
                                                                                                         DEVICE | 0x70f52e0910 | 0100 | RGBA_8888    |  140.0    0.0 1580.0 3073.0 |    0   15 1440 3088 | com.app.numerology/com.app.numerology.MainActivity$_8585#25544
                                                                                                         DEVICE | 0x70f52dd8b0 | 0100 | RGBA_8888    |    0.0    0.0 1440.0   90.0 |    0    0 1440   90 | StatusBar$_22947#4630
                                                                                                         DEVICE | 0x70f52d52d0 | 0100 | RGBA_8888    |    0.0    0.0   67.0  708.0 | 1373  391 1440 1099 | com.samsung.android.app.cocktailbars[...]rvice.CocktailBarService$_4533#25417
                                                                                                         DEVICE | 0x70f52e0fd0 | 0100 | RGBA_8888    |    0.0    0.0 1440.0  168.0 |    0 2920 1440 3088 | NavigationBar0$_22947#4625
2025-11-27 04:16:41.427  8585-8585  ViewRootIm...nActivity] com.app.numerology                   I  MSG_WINDOW_FOCUS_CHANGED 1 0
2025-11-27 04:16:41.427  8585-8585  ViewRootIm...nActivity] com.app.numerology                   I  mThreadedRenderer.initializeIfNeeded()#2 mSurface={isValid=true 0x723dcaac50}
2025-11-27 04:16:41.428  8585-8585  InputMethodManager      com.app.numerology                   D  startInputInner - Id : 0
2025-11-27 04:16:41.428  8585-8585  InputMethodManager      com.app.numerology                   I  startInputInner - mService.startInputOrWindowGainedFocus
2025-11-27 04:16:41.461  4879-4879  Routine@Co...overHelper com.samsung.android.app.routines     I  setLastResumedPackageForCover mLastResumedPackage = com.app.numerology
2025-11-27 04:16:41.461  4879-4879  Routine@Co...cleWatcher com.samsung.android.app.routines     I  notifyLifecycleChanged mCurResumedComponent=com.app.numerology
2025-11-27 04:16:41.603  1198-1288  WindowManager           system_server                        I  Reparenting to original parent: Surface(name=ActivityRecord{c18b4f u0 com.app.numerology/.MainActivity} t22495})/@0x2c28e13, destroy=true, surface=Surface(name=593891b com.app.numerology/com.app.numerology.MainActivity)/@0xf9783ce
2025-11-27 04:16:41.620   858-858   Layer                   surfaceflinger                       I  id=25545 removeFromCurrentState Surface(name=593891b com.app.numerology/com.app.numerology.MainActivity)/@0xf9783ce - animation-leash of window_animation#25545 (120)
2025-11-27 04:16:41.620   858-858   SurfaceFlinger          surfaceflinger                       I  id=25545 Removed Surface(name=593891b com.app.numerology/com.app.numerology.MainActivity)/@0xf9783ce - animation-leash of window_animation#25545 (120)
2025-11-27 04:16:41.621   858-858   Layer                   surfaceflinger                       I  id=25545 Destroyed Surface(name=593891b com.app.numerology/com.app.numerology.MainActivity)/@0xf9783ce - animation-leash of window_animation#25545
2025-11-27 04:16:41.931  1198-1287  SGM:GameManager         system_server                        D  identifyForegroundApp. com.app.numerology, mCurrentUserId: 0, callerUserId: 0
2025-11-27 04:16:41.931  1198-1287  SGM:PkgDataHelper       system_server                        D  getGamePkgData(). com.app.numerology
2025-11-27 04:16:42.365  4879-4879  Routine@Co...overHelper com.samsung.android.app.routines     I  setLastResumedPackageForCover mLastResumedPackage = com.app.numerology
2025-11-27 04:16:42.365  4879-4879  Routine@Co...cleWatcher com.samsung.android.app.routines     I  notifyLifecycleChanged mCurResumedComponent=com.app.numerology
2025-11-27 04:16:42.444  8585-8585  ViewRootIm...nActivity] com.app.numerology                   I  ViewPostIme pointer 0
2025-11-27 04:16:42.495  8585-8585  ViewRootIm...nActivity] com.app.numerology                   I  ViewPostIme pointer 1
2025-11-27 04:16:42.512  1198-4203  CoreBackPreview         system_server                        D  Window{593891b u0 com.app.numerology/com.app.numerology.MainActivity}: Setting back callback null
2025-11-27 04:16:42.523  8585-8585  MSHandlerLifeCycle      com.app.numerology                   I  removeMultiSplitHandler: no exist. decor=DecorView@46c49ab[MainActivity]
2025-11-27 04:16:42.523  8585-8614  OpenGLRenderer          com.app.numerology                   D  setSurface called with nullptr
2025-11-27 04:16:42.523  8585-8614  OpenGLRenderer          com.app.numerology                   D  setSurface() destroyed EGLSurface
2025-11-27 04:16:42.523  8585-8614  OpenGLRenderer          com.app.numerology                   D  destroyEglSurface
2025-11-27 04:16:42.525  8585-8614  OpenGLRenderer          com.app.numerology                   D  endAllActiveAnimators on 0x71cdcc4290 (UnprojectedRipple) with handle 0x70ddcb0e10
2025-11-27 04:16:42.525  8585-8585  ViewRootIm...nActivity] com.app.numerology                   I  dispatchDetachedFromWindow
2025-11-27 04:16:42.526  1198-4203  InputManager-JNI        system_server                        W  Input channel object '593891b com.app.numerology/com.app.numerology.MainActivity (client)' was disposed without first being removed with the input manager!
2025-11-27 04:16:42.526  1198-4203  WindowManager           system_server                        V  Remove Window{593891b u0 com.app.numerology/com.app.numerology.MainActivity}: mSurfaceController=Surface(name=com.app.numerology/com.app.numerology.MainActivity$_8585)/@0x6d27c7e mAnimatingExit=false mRemoveOnExit=false mHasSurface=true surfaceShowing=true animating=false app-animation=false mWillReplaceWindow=false mDisplayFrozen=false callers=com.android.server.wm.WindowState.removeIfPossible:3047 com.android.server.wm.WindowManagerService.removeWindow:2289 com.android.server.wm.Session.remove:236 android.view.IWindowSession$Stub.onTransact:743 com.android.server.wm.Session.onTransact:188 android.os.Binder.execTransactInternal:1316 
2025-11-27 04:16:42.527  1198-4203  WindowManager           system_server                        I  Reparenting to leash, surface=Surface(name=593891b com.app.numerology/com.app.numerology.MainActivity)/@0xf9783ce, leashParent=Surface(name=ActivityRecord{c18b4f u0 com.app.numerology/.MainActivity} t22495})/@0x2c28e13
2025-11-27 04:16:42.527   858-886   SurfaceFlinger          surfaceflinger                       I  id=25549 createSurf flag=24000, Surface(name=593891b com.app.numerology/com.app.numerology.MainActivity)/@0xf9783ce - animation-leash of window_animation#25549
2025-11-27 04:16:42.527  1198-4203  WindowManager           system_server                        D  makeSurface duration=0 leash=Surface(name=Surface(name=593891b com.app.numerology/com.app.numerology.MainActivity)/@0xf9783ce - animation-leash of window_animation)/@0x6c8b4f5
2025-11-27 04:16:42.527  1198-4203  WindowManager           system_server                        V  removeIfPossible 2, Window{593891b u0 com.app.numerology/com.app.numerology.MainActivity}: mAnimatingExit=true caller=com.android.server.wm.WindowState.removeIfPossible:3047 com.android.server.wm.WindowManagerService.removeWindow:2289 com.android.server.wm.Session.remove:236 android.view.IWindowSession$Stub.onTransact:743 com.android.server.wm.Session.onTransact:188 
2025-11-27 04:16:42.527  1198-4203  WindowManager           system_server                        V  Changing focus from Window{593891b u0 com.app.numerology/com.app.numerology.MainActivity EXITING} to Window{ba5404b u0 com.app.numerology/com.app.numerology.MainActivity} displayId=0 Callers=com.android.server.wm.RootWindowContainer.updateFocusedWindowLocked:595 com.android.server.wm.WindowManagerService.updateFocusedWindowLocked:6810 com.android.server.wm.WindowState.setupWindowForRemoveOnExit:3258 com.android.server.wm.WindowState.removeIfPossible:3226 
2025-11-27 04:16:42.527  1198-4203  MARsPolicyManager       system_server                        D  onPackageResumedFG pkgName = com.app.numerology, userId = 0
2025-11-27 04:16:42.528  1198-4203  WindowManager           system_server                        D  updateSystemBarAttributes: displayId=0, win=Window{ba5404b u0 com.app.numerology/com.app.numerology.MainActivity}, navColorWin=Window{593891b u0 com.app.numerology/com.app.numerology.MainActivity EXITING}, focusedCanBeNavColorWin=false, behavior=1, appearance=8, statusBarAppearanceRegions=[AppearanceRegion{ bounds=[0,0][1440,3088]}], requestedVisibilities=, from=com.android.server.wm.DisplayPolicy.focusChangedLw:3251 com.android.server.wm.DisplayContent.updateFocusedWindowLocked:4632 com.android.server.wm.RootWindowContainer.updateFocusedWindowLocked:595 
2025-11-27 04:16:42.529 22947-22947 NavigationBar           com.android.systemui                 D  onSystemBarAttributesChanged() -  displayId:0, appearance:8, packageName: com.app.numerology (APPEARANCE_LIGHT_STATUS_BARS ), navbarColorManagedByIme:false
2025-11-27 04:16:42.529  1198-4203  WindowManager           system_server                        D  updateSystemBarAttributes: displayId=0, win=Window{ba5404b u0 com.app.numerology/com.app.numerology.MainActivity}, navColorWin=Window{ba5404b u0 com.app.numerology/com.app.numerology.MainActivity}, focusedCanBeNavColorWin=false, behavior=1, appearance=24, statusBarAppearanceRegions=[AppearanceRegion{ bounds=[0,0][1440,3088]}], requestedVisibilities=, from=com.android.server.wm.DisplayPolicy.finishPostLayoutPolicyLw:2531 com.android.server.wm.DisplayContent.applySurfaceChangesTransaction:5713 com.android.server.wm.RootWindowContainer.applySurfaceChangesTransaction:1234 
