2025-11-27 01:57:21.002  1198-1634  SGM:SemGameManager      system_server                        D  isGamePackage(), pkgName=com.yourname.smartrecorder, ret=false
2025-11-27 01:57:21.004  1198-1198  Telecom:Sa...stReceiver system_server                        I  action : android.intent.action.PACKAGE_ADDED / packageName : com.yourname.smartrecorder
2025-11-27 01:57:21.015 28690-2398  [SC]SyncAuthority       pid-28690                            I  com.yourname.smartrecorder: authority not found!
2025-11-27 01:57:21.016 28690-2398  [SC]Packag...ceiverImpl pid-28690                            I  onReceive: com.yourname.smartrecorder
2025-11-27 01:57:21.017 28690-28809 [SC]SyncAuthority       pid-28690                            I  com.yourname.smartrecorder: authority not found!
2025-11-27 01:57:21.020 28690-2398  [SC]Extern...InfoReader pid-28690                            I  load: Can't load package: com.yourname.smartrecorder
2025-11-27 01:57:21.029 22947-23121 PluginInstanceManager   com.android.systemui                 D  queryPkg com.yourname.smartrecorder com.android.systemui.action.PLUGIN_QS_FACTORY
2025-11-27 01:57:21.029 22947-23121 PluginInstanceManager   com.android.systemui                 D  queryPkg com.yourname.smartrecorder com.android.systemui.action.PEOPLE_HUB_PERSON_EXTRACTOR
2025-11-27 01:57:21.029 22947-23121 PluginInstanceManager   com.android.systemui                 D  queryPkg com.yourname.smartrecorder com.android.systemui.action.PLUGIN_GLOBAL_ACTIONS
2025-11-27 01:57:21.029 22947-23121 PluginInstanceManager   com.android.systemui                 D  queryPkg com.yourname.smartrecorder com.android.systemui.action.PLUGIN_QS
2025-11-27 01:57:21.029 22947-23121 PluginInstanceManager   com.android.systemui                 D  queryPkg com.yourname.smartrecorder com.android.systemui.action.PLUGIN_CLOCK
2025-11-27 01:57:21.029 22947-23121 PluginInstanceManager   com.android.systemui                 D  queryPkg com.yourname.smartrecorder com.android.systemui.action.PLUGIN_LOCKSCREEN_RIGHT_BUTTON
2025-11-27 01:57:21.029 22947-23121 PluginInstanceManager   com.android.systemui                 D  queryPkg com.yourname.smartrecorder com.android.systemui.action.PLUGIN_LOCKSCREEN_RIGHT_BUTTON
2025-11-27 01:57:21.029 22947-23121 PluginInstanceManager   com.android.systemui                 D  queryPkg com.yourname.smartrecorder com.android.systemui.action.PLUGIN_LOCKSCREEN_LEFT_BUTTON
2025-11-27 01:57:21.029 22947-23121 PluginInstanceManager   com.android.systemui                 D  queryPkg com.yourname.smartrecorder com.android.systemui.action.PLUGIN_LOCKSCREEN_LEFT_BUTTON
2025-11-27 01:57:21.029 22947-23121 PluginInstanceManager   com.android.systemui                 D  queryPkg com.yourname.smartrecorder com.android.systemui.action.PLUGIN_NOTIFICATION_ASSISTANT
2025-11-27 01:57:21.029 22947-23121 PluginInstanceManager   com.android.systemui                 D  queryPkg com.yourname.smartrecorder com.android.systemui.action.PLUGIN_OVERLAY
2025-11-27 01:57:21.029 22947-23121 PluginInstanceManager   com.android.systemui                 D  queryPkg com.yourname.smartrecorder com.android.systemui.action.PLUGIN_CLOCK
2025-11-27 01:57:21.029 22947-23121 PluginInstanceManager   com.android.systemui                 D  queryPkg com.yourname.smartrecorder com.samsung.systemui.action.PLUGIN_FACE_WIDGET
2025-11-27 01:57:21.029 22947-23121 PluginInstanceManager   com.android.systemui                 D  queryPkg com.yourname.smartrecorder com.android.systemui.action.PLUGIN_SENSOR_MANAGER
2025-11-27 01:57:21.030 22947-23121 PluginInstanceManager   com.android.systemui                 D  queryPkg com.yourname.smartrecorder com.android.systemui.action.PLUGIN_NOTIFICATION_MENU_ROW
2025-11-27 01:57:21.030 22947-23121 PluginInstanceManager   com.android.systemui                 D  queryPkg com.yourname.smartrecorder com.android.systemui.action.PLUGIN_AOD
2025-11-27 01:57:21.030 22947-23121 PluginInstanceManager   com.android.systemui                 D  queryPkg com.yourname.smartrecorder com.android.systemui.action.PLUGIN_TOAST
2025-11-27 01:57:21.030 22947-23121 PluginInstanceManager   com.android.systemui                 D  queryPkg com.yourname.smartrecorder com.android.systemui.action.PLUGIN_VOLUME
2025-11-27 01:57:21.032  4879-4879  Routine@Co...LoaderImpl com.samsung.android.app.routines     I  collectInBackground - packageName:com.yourname.smartrecorder
2025-11-27 01:57:21.033  4879-4879  Routine@Co...yncBacklog com.samsung.android.app.routines     I  add: com.yourname.smartrecorder + com.yourname.smartrecorder
2025-11-27 01:57:21.034  1198-1707  SGM:GameManager         system_server                        D  identifyGamePackage. com.yourname.smartrecorder, mCurrentUserId: 0, callerUserId: 0, callingMethodInfo: com.samsung.android.game.SemGameManager.isGamePackage(SemGameManager.java:104)
2025-11-27 01:57:21.034  1198-1707  SGM:PkgDataHelper       system_server                        D  getGamePkgData(). com.yourname.smartrecorder
2025-11-27 01:57:21.034  1198-1707  SGM:SemGameManager      system_server                        D  isGamePackage(), pkgName=com.yourname.smartrecorder, ret=false
2025-11-27 01:57:21.034  1198-1707  Pageboost               system_server                        I  appinfo : com.yourname.smartrecorder 0 0 0 0
2025-11-27 01:57:21.039  1198-1707  SGM:GameManager         system_server                        D  identifyGamePackage. com.yourname.smartrecorder, mCurrentUserId: 0, callerUserId: 0, callingMethodInfo: com.samsung.android.game.SemGameManager.isGamePackage(SemGameManager.java:104)
2025-11-27 01:57:21.039  1198-1707  SGM:PkgDataHelper       system_server                        D  getGamePkgData(). com.yourname.smartrecorder
2025-11-27 01:57:21.039  1198-1707  SGM:SemGameManager      system_server                        D  isGamePackage(), pkgName=com.yourname.smartrecorder, ret=false
2025-11-27 01:57:21.039  1198-1707  Pageboost               system_server                        I  Reset this app info : com.yourname.smartrecorder 
2025-11-27 01:57:21.047  1198-1198  SGM:GameManager         system_server                        D  identifyGamePackage. com.yourname.smartrecorder, mCurrentUserId: 0, callerUserId: 0, callingMethodInfo: com.samsung.android.game.SemGameManager.isGamePackage(SemGameManager.java:104)
2025-11-27 01:57:21.047  1198-1198  SGM:PkgDataHelper       system_server                        D  getGamePkgData(). com.yourname.smartrecorder
2025-11-27 01:57:21.047  1198-1198  SGM:SemGameManager      system_server                        D  isGamePackage(), pkgName=com.yourname.smartrecorder, ret=false
2025-11-27 01:57:21.047  1198-1198  AppWidgetServiceImpl    system_server                        I  Received broadcast: android.intent.action.PACKAGE_ADDED, Updates all providers with com.yourname.smartrecorder, userId: 95
2025-11-27 01:57:21.048  1198-1707  Pageboost               system_server                        I  add app to global @ runtime: com.yourname.smartrecorder
2025-11-27 01:57:21.048  1198-1198  DomainFilter            system_server                        I  packageAdded() - packageName: com.yourname.smartrecorder, uid: 95
2025-11-27 01:57:21.049  1198-1198  DualDARComnService      system_server                        D  reConnectAgentsByPkgName:: package: com.yourname.smartrecorder
2025-11-27 01:57:21.052  1198-1198  Telecom:Sa...stReceiver system_server                        I  action : android.intent.action.PACKAGE_ADDED / packageName : com.yourname.smartrecorder
2025-11-27 01:57:21.062  1198-1198  DomainFilter            system_server                        I  packageReplaced() - packageName: com.yourname.smartrecorder oldUid: 10934 newUid:10934
2025-11-27 01:57:21.068  1198-1634  SGM:GameManager         system_server                        D  identifyGamePackage. com.yourname.smartrecorder, mCurrentUserId: 0, callerUserId: 0, callingMethodInfo: com.samsung.android.game.SemGameManager.isGamePackage(SemGameManager.java:104)
2025-11-27 01:57:21.068  1198-1634  SGM:PkgDataHelper       system_server                        D  getGamePkgData(). com.yourname.smartrecorder
2025-11-27 01:57:21.068  1198-1634  SGM:SemGameManager      system_server                        D  isGamePackage(), pkgName=com.yourname.smartrecorder, ret=false
2025-11-27 01:57:21.069  1198-1198  DomainFilter            system_server                        I  packageReplaced() - packageName: com.yourname.smartrecorder oldUid: 9510934 newUid:9510934
2025-11-27 01:57:21.072 22947-23121 PluginInstanceManager   com.android.systemui                 D  queryPkg com.yourname.smartrecorder com.android.systemui.action.PLUGIN_QS_FACTORY
2025-11-27 01:57:21.072 22947-23121 PluginInstanceManager   com.android.systemui                 D  queryPkg com.yourname.smartrecorder com.android.systemui.action.PEOPLE_HUB_PERSON_EXTRACTOR
2025-11-27 01:57:21.072 22947-23121 PluginInstanceManager   com.android.systemui                 D  queryPkg com.yourname.smartrecorder com.android.systemui.action.PLUGIN_GLOBAL_ACTIONS
2025-11-27 01:57:21.072 22947-23121 PluginInstanceManager   com.android.systemui                 D  queryPkg com.yourname.smartrecorder com.android.systemui.action.PLUGIN_QS
2025-11-27 01:57:21.072 22947-23121 PluginInstanceManager   com.android.systemui                 D  queryPkg com.yourname.smartrecorder com.android.systemui.action.PLUGIN_CLOCK
2025-11-27 01:57:21.072 22947-23121 PluginInstanceManager   com.android.systemui                 D  queryPkg com.yourname.smartrecorder com.android.systemui.action.PLUGIN_LOCKSCREEN_RIGHT_BUTTON
2025-11-27 01:57:21.072 22947-23121 PluginInstanceManager   com.android.systemui                 D  queryPkg com.yourname.smartrecorder com.android.systemui.action.PLUGIN_LOCKSCREEN_RIGHT_BUTTON
2025-11-27 01:57:21.072 22947-23121 PluginInstanceManager   com.android.systemui                 D  queryPkg com.yourname.smartrecorder com.android.systemui.action.PLUGIN_LOCKSCREEN_LEFT_BUTTON
2025-11-27 01:57:21.072 22947-23121 PluginInstanceManager   com.android.systemui                 D  queryPkg com.yourname.smartrecorder com.android.systemui.action.PLUGIN_LOCKSCREEN_LEFT_BUTTON
2025-11-27 01:57:21.072 22947-23121 PluginInstanceManager   com.android.systemui                 D  queryPkg com.yourname.smartrecorder com.android.systemui.action.PLUGIN_NOTIFICATION_ASSISTANT
2025-11-27 01:57:21.072 22947-23121 PluginInstanceManager   com.android.systemui                 D  queryPkg com.yourname.smartrecorder com.android.systemui.action.PLUGIN_OVERLAY
2025-11-27 01:57:21.072 22947-23121 PluginInstanceManager   com.android.systemui                 D  queryPkg com.yourname.smartrecorder com.android.systemui.action.PLUGIN_CLOCK
2025-11-27 01:57:21.072 22947-23121 PluginInstanceManager   com.android.systemui                 D  queryPkg com.yourname.smartrecorder com.samsung.systemui.action.PLUGIN_FACE_WIDGET
2025-11-27 01:57:21.073 22947-23121 PluginInstanceManager   com.android.systemui                 D  queryPkg com.yourname.smartrecorder com.android.systemui.action.PLUGIN_SENSOR_MANAGER
2025-11-27 01:57:21.073 22947-23121 PluginInstanceManager   com.android.systemui                 D  queryPkg com.yourname.smartrecorder com.android.systemui.action.PLUGIN_NOTIFICATION_MENU_ROW
2025-11-27 01:57:21.073 22947-23121 PluginInstanceManager   com.android.systemui                 D  queryPkg com.yourname.smartrecorder com.android.systemui.action.PLUGIN_AOD
2025-11-27 01:57:21.073 22947-23121 PluginInstanceManager   com.android.systemui                 D  queryPkg com.yourname.smartrecorder com.android.systemui.action.PLUGIN_TOAST
2025-11-27 01:57:21.073 22947-23121 PluginInstanceManager   com.android.systemui                 D  queryPkg com.yourname.smartrecorder com.android.systemui.action.PLUGIN_VOLUME
2025-11-27 01:57:21.091 28690-2397  [SC]Packag...ceiverImpl pid-28690                            I  onReceive: com.yourname.smartrecorder false
2025-11-27 01:57:21.114  4879-4879  Routine@Co...JobService com.samsung.android.app.routines     I  onStartJob: collectPackageInBG - com.yourname.smartrecorder
2025-11-27 01:57:21.164  4879-4879  Routine@Co...JobService com.samsung.android.app.routines     I  packageName : com.yourname.smartrecorder, forced : true
2025-11-27 01:57:21.175 32227-32227 Finsky                  com.android.vending                  I  [2] AIM: AppInfoCacheUpdater -> invalidating apps: [com.yourname.smartrecorder]
2025-11-27 01:57:21.180 32227-32278 Finsky                  com.android.vending                  I  [11294] AIM: AppInfoManager-Perf > OnDeviceAppInfo > cacheHitCount=0, cacheMissCount=1. Missed  in cache (limit 10) : [com.yourname.smartrecorder]
2025-11-27 01:57:21.196  1198-1634  SemWifiTra...LayerUtils system_server                        W  getApplicationCategory - IOException com.yourname.smartrecorder
2025-11-27 01:57:21.196  1198-1634  System.err              system_server                        W  java.io.FileNotFoundException: https://play.google.com/store/apps/details?id=com.yourname.smartrecorder&hl=en
2025-11-27 01:57:21.217 22947-22947 FaceWidget...cViewModel com.android.systemui                 D  onPackageRemoved() pkg = com.yourname.smartrecorder, r = true
2025-11-27 01:57:21.217 22947-22947 FaceWidget...dataParser com.android.systemui                 D  removePackage() key = com.yourname.smartrecorder
2025-11-27 01:57:21.217 22947-22947 FaceWidget...dataParser com.android.systemui                 D  updatePackage() com.yourname.smartrecorder true
2025-11-27 01:57:21.219 22947-22947 FaceWidget...dataParser com.android.systemui                 D  removePackage() key = com.yourname.smartrecorder
2025-11-27 01:57:21.220  4879-18272 Routine@Co...oadManager com.samsung.android.app.routines     I  collect: com.yourname.smartrecorder
2025-11-27 01:57:21.220  4879-18272 Routine@Co...oadManager com.samsung.android.app.routines     I  collectWithCollectors - com.yourname.smartrecorder
2025-11-27 01:57:21.281  1198-1363  VerityUtils             system_server                        E  Failed to measure fs-verity, errno 25: /data/app/~~YpQnroVTcw4bLahTmdYaAw==/com.yourname.smartrecorder-07eMU24IpUxlXI8-SVz1QA==/base.apk
2025-11-27 01:57:21.291 31461-2349  SQLiteLog               com.google.android.gms               W  (28) double-quoted string literal: "com.yourname.smartrecorder"
2025-11-27 01:57:21.356  4879-4879  Routine@Co...overHelper com.samsung.android.app.routines     I  setLastResumedPackageForCover mLastResumedPackage = com.yourname.smartrecorder
2025-11-27 01:57:21.356  4879-4879  Routine@Co...cleWatcher com.samsung.android.app.routines     I  notifyLifecycleChanged mCurResumedComponent=com.yourname.smartrecorder
2025-11-27 01:57:21.477  4879-4879  Routine@Co...JobService com.samsung.android.app.routines     I  metadataLoadingFinished: collectPackageInBG - com.yourname.smartrecorder
2025-11-27 01:57:21.483  1198-1363  VerityUtils             system_server                        E  Failed to measure fs-verity, errno 25: /data/app/~~YpQnroVTcw4bLahTmdYaAw==/com.yourname.smartrecorder-07eMU24IpUxlXI8-SVz1QA==/base.apk
2025-11-27 01:57:21.619 32227-32227 Finsky                  com.android.vending                  I  [2] AIM: AppInfoCacheUpdater -> invalidating apps: [com.yourname.smartrecorder]
2025-11-27 01:57:21.622 32227-32278 Finsky                  com.android.vending                  I  [11294] AIM: AppInfoManager-Perf > OnDeviceAppInfo > cacheHitCount=0, cacheMissCount=1. Missed  in cache (limit 10) : [com.yourname.smartrecorder]
2025-11-27 01:57:21.698 30862-2425  ProximityAuth           com.google.android.gms.persistent    I  [RecentAppsMediator] Package added: (user=UserHandle{95}) com.yourname.smartrecorder
2025-11-27 01:57:21.785 32412-32412 Finsky:background       pid-32412                            I  [2] IQ: onPackageRemoved com.yourname.smartrecorder, replacing=true, uninstallingFromPlay=false
2025-11-27 01:57:21.958  2273-2305  GOS:GameServiceReceiver pid-2273                             I   PkgInstallStarted for com.yourname.smartrecorder UserID : 0
2025-11-27 01:57:21.961  1198-4178  SGM:GameManager         system_server                        D  identifyForegroundApp. com.yourname.smartrecorder, mCurrentUserId: 0, callerUserId: 0
2025-11-27 01:57:21.961  1198-4178  SGM:PkgDataHelper       system_server                        D  getGamePkgData(). com.yourname.smartrecorder
2025-11-27 01:57:22.212  2273-2636  GOS:GameIntentService   pid-2273                             I  onPackageChanged(). extras: Bundle[{changeType=2, userId=0, type=15, packageName=com.yourname.smartrecorder}]
2025-11-27 01:57:22.213  2273-2636  GOS:GameIntentService   pid-2273                             I  onPackageChanged(). changeType(INSTALL_STARTED), pkgName(com.yourname.smartrecorder), UserHandle(0), userId(0), Installed(true)
2025-11-27 01:57:22.286  1198-1293  SGM:GameManager         system_server                        I  PkgUpdateReceiver, onPackageAdded : com.yourname.smartrecorder userHandle : UserHandle{0} userId : 0
2025-11-27 01:57:22.289  1198-1540  SGM:GosNotifyThread     system_server                        D  notifyPackageChangedToGos(), before send intent to GOS. type:15, changeType: 0, pkgName:com.yourname.smartrecorder, userHandleId:0
2025-11-27 01:57:22.433  2273-2689  GOS:GameIntentService   pid-2273                             I  onHandleIntent. GameIntentService. type: 15, pkgName: com.yourname.smartrecorder
2025-11-27 01:57:22.482  1198-1363  VerityUtils             system_server                        E  Failed to measure fs-verity, errno 25: /data/app/~~YpQnroVTcw4bLahTmdYaAw==/com.yourname.smartrecorder-07eMU24IpUxlXI8-SVz1QA==/base.apk
2025-11-27 01:57:22.527  1198-1293  Enterprise...gerService system_server                        D  onPackageUpdateFinished - packageName: com.yourname.smartrecorder, uid: 10934
2025-11-27 01:57:22.528  1198-1293  MetaDataCollector       system_server                        D  onReceive: done pkgName=com.yourname.smartrecorder
2025-11-27 01:57:22.530  2188-2188  Launcher.Model          com.sec.android.app.launcher         I  package changed received : com.yourname.smartrecorder
2025-11-27 01:57:22.533  2188-2465  PackageUpdatedTask      com.sec.android.app.launcher         I  mAllAppsList.updatePackage com.yourname.smartrecorder
2025-11-27 01:57:22.536 14462-14767 SAMSUNGWALLET           com.samsung.android.spay             I  [Hint_SimpleHintProcessMonitor] package changed : com.yourname.smartrecorder , execute : true
2025-11-27 01:57:22.559  1198-1293  SGM:GameManager         system_server                        I  PkgUpdateReceiver, onPackageAdded : com.yourname.smartrecorder userHandle : UserHandle{95} userId : 95
2025-11-27 01:57:22.559  1198-1540  SGM:GosNotifyThread     system_server                        D  notifyPackageChangedToGos(), before send intent to GOS. type:15, changeType: 0, pkgName:com.yourname.smartrecorder, userHandleId:95
2025-11-27 01:57:22.571  1198-1293  Enterprise...gerService system_server                        D  onPackageUpdateFinished - packageName: com.yourname.smartrecorder, uid: 9510934
2025-11-27 01:57:22.572  2188-2188  Launcher.Model          com.sec.android.app.launcher         I  package changed received : com.yourname.smartrecorder
2025-11-27 01:57:22.572  1198-1293  MetaDataCollector       system_server                        D  onReceive: done pkgName=com.yourname.smartrecorder
2025-11-27 01:57:22.573 14462-14767 SAMSUNGWALLET           com.samsung.android.spay             I  [Hint_SimpleHintProcessMonitor] package changed : com.yourname.smartrecorder , execute : false
2025-11-27 01:57:22.574  1198-1293  SGM:GameManager         system_server                        I  PkgUpdateReceiver, onPackageReplaced : com.yourname.smartrecorder userID : UserHandle{0}
2025-11-27 01:57:22.574  1198-1293  MetaDataCollector       system_server                        D  onReceive: done pkgName=com.yourname.smartrecorder
2025-11-27 01:57:22.574  1198-1293  SGM:GameManager         system_server                        I  PkgUpdateReceiver, onPackageReplaced : com.yourname.smartrecorder userID : UserHandle{95}
2025-11-27 01:57:22.574  1198-1293  MetaDataCollector       system_server                        D  onReceive: done pkgName=com.yourname.smartrecorder
2025-11-27 01:57:22.574  1198-1540  SGM:GosNotifyThread     system_server                        D  notifyPackageChangedToGos(), before send intent to GOS. type:15, changeType: 8, pkgName:com.yourname.smartrecorder, userHandleId:0
2025-11-27 01:57:22.579  1198-1540  SGM:GosNotifyThread     system_server                        D  notifyPackageChangedToGos(), before send intent to GOS. type:15, changeType: 8, pkgName:com.yourname.smartrecorder, userHandleId:95
2025-11-27 01:57:22.656  2273-2689  GOS:GameIntentService   pid-2273                             I  onPackageChanged(). extras: Bundle[{changeType=0, userId=0, pkgName=com.yourname.smartrecorder, type=15, packageName=com.yourname.smartrecorder}]
2025-11-27 01:57:22.656  2273-2689  GOS:GameIntentService   pid-2273                             I  onPackageChanged(). changeType(INSTALLED), pkgName(com.yourname.smartrecorder), UserHandle(0), userId(0), Installed(true)
2025-11-27 01:57:22.657  2273-2689  GOS:GameIntentService   pid-2273                             I  onPkgInstalled(), appInfoCategory: -1, packageName: com.yourname.smartrecorder
2025-11-27 01:57:22.663  2273-2689  GOS:GameIntentService   pid-2273                             I  onHandleIntent. GameIntentService. type: 15, pkgName: com.yourname.smartrecorder
2025-11-27 01:57:22.663  2273-2689  GOS:GameIntentService   pid-2273                             I  onPackageChanged(). extras: Bundle[{changeType=8, userId=0, pkgName=com.yourname.smartrecorder, type=15, packageName=com.yourname.smartrecorder}]
2025-11-27 01:57:22.663  2273-2689  GOS:GameIntentService   pid-2273                             I  onPackageChanged(). changeType(REPLACED), pkgName(com.yourname.smartrecorder), UserHandle(0), userId(0), Installed(true)
2025-11-27 01:57:22.686  2188-2465  AppIconSolution         com.sec.android.app.launcher         I  getThemeIconWithBG called with public API, pkg = com.yourname.smartrecorder, mode = 48
2025-11-27 01:57:22.687  2188-2465  AppIconSolution         com.sec.android.app.launcher         I  return adaptive icon for com.yourname.smartrecorder, isNight = false
2025-11-27 01:57:22.692  2188-2465  LauncherActivityInfo    com.sec.android.app.launcher         I  packageName: com.yourname.smartrecorder, useThemeIcon: false, height: 252, width: 252, density: 640
2025-11-27 01:57:22.728  2188-2465  HsAllAppsList           com.sec.android.app.launcher         I  set ComponentInfo{com.yourname.smartrecorder/com.yourname.smartrecorder.MainActivity} app progress level to 100
2025-11-27 01:57:22.739  2188-2465  AppIconSolution         com.sec.android.app.launcher         I  return adaptive icon for com.yourname.smartrecorder, isNight = false
2025-11-27 01:57:22.787  2188-2465  PackageUpdatedTask      com.sec.android.app.launcher         I  modified, appInfo : AppInfo(id=1670 type=APP hidden=0 container=all_apps screen=4 rank=10 rankOfList=-1 user=UserHandle{0} title=Smart Recorder componentName=ComponentInfo{com.yourname.smartrecorder/com.yourname.smartrecorder.MainActivity} screenType=0 runtimeStatusFlags=384 status=0)
2025-11-27 01:57:22.940  2188-2465  PackageUpdatedTask      com.sec.android.app.launcher         I  mAllAppsList.updatePackage com.yourname.smartrecorder
2025-11-27 01:57:22.952  2188-2465  AppIconSolution         com.sec.android.app.launcher         I  getThemeIconWithBG called with public API, pkg = com.yourname.smartrecorder, mode = 48
2025-11-27 01:57:22.953  2188-2465  AppIconSolution         com.sec.android.app.launcher         I  return adaptive icon for com.yourname.smartrecorder, isNight = false
2025-11-27 01:57:22.986  2188-2465  LauncherActivityInfo    com.sec.android.app.launcher         I  packageName: com.yourname.smartrecorder, useThemeIcon: false, height: 252, width: 252, density: 640
2025-11-27 01:57:23.024  2188-2465  HsAllAppsList           com.sec.android.app.launcher         I  set ComponentInfo{com.yourname.smartrecorder/com.yourname.smartrecorder.MainActivity} app progress level to 100
2025-11-27 01:57:23.055  2188-2465  AppIconSolution         com.sec.android.app.launcher         I  return adaptive icon for com.yourname.smartrecorder, isNight = false
2025-11-27 01:57:23.168  2188-2465  PackageUpdatedTask      com.sec.android.app.launcher         I  modified, appInfo : AppInfo(id=1671 type=APP hidden=0 container=all_apps screen=4 rank=11 rankOfList=-1 user=UserHandle{95} title=Smart Recorder componentName=ComponentInfo{com.yourname.smartrecorder/com.yourname.smartrecorder.MainActivity} screenType=0 runtimeStatusFlags=128 status=0)
2025-11-27 01:57:23.251  2188-2465  SuggestedItemsFacade    com.sec.android.app.launcher         I  DPS items : Smart Recorder, ComponentInfo{com.yourname.smartrecorder/com.yourname.smartrecorder.MainActivity}
2025-11-27 01:57:23.556  1198-1363  VerityUtils             system_server                        E  Failed to measure fs-verity, errno 25: /data/app/~~YpQnroVTcw4bLahTmdYaAw==/com.yourname.smartrecorder-07eMU24IpUxlXI8-SVz1QA==/base.apk
2025-11-27 01:57:23.687 31366-2428  SQLiteLog               pid-31366                            W  (28) double-quoted string literal: "com.yourname.smartrecorder"
2025-11-27 01:57:23.756  2878-2878  FILP/Packa...ntReceiver pid-2878                             I  pkgName : com.yourname.smartrecorder
2025-11-27 01:57:23.767  2878-2905  FILP/b                  pid-2878                             I  removeFromFS : com.yourname.smartrecorder, cursor size : 0
2025-11-27 01:57:23.770  2878-2905  FILP/b                  pid-2878                             I  Delete DB result : com.yourname.smartrecorder, 0
2025-11-27 01:57:23.776  2878-2878  FILP/Packa...ntReceiver pid-2878                             I  pkgName : com.yourname.smartrecorder
2025-11-27 01:57:24.110  1198-1284  CompanionD...gerService system_server                        I  onPackageModified() u0/com.yourname.smartrecorder
2025-11-27 01:57:24.110  1198-1284  CompanionD...gerService system_server                        I  onPackageModified() u95/com.yourname.smartrecorder
2025-11-27 01:57:34.599  1198-4335  SGM:GameManager         system_server                        D  identifyForegroundApp. com.yourname.smartrecorder, mCurrentUserId: 0, callerUserId: 0
2025-11-27 01:57:34.599  1198-4335  SGM:PkgDataHelper       system_server                        D  getGamePkgData(). com.yourname.smartrecorder
2025-11-27 01:57:34.600  1198-4335  SGM:GameManager         system_server                        D  identifyForegroundApp. com.yourname.smartrecorder, mCurrentUserId: 0, callerUserId: 150
2025-11-27 01:57:34.600  1198-4335  SGM:PkgDataHelper       system_server                        D  getGamePkgData(). com.yourname.smartrecorder
2025-11-27 01:58:02.359  1198-1376  AppsFilter              system_server                        I  interaction: PackageSetting{d49e15a com.yourname.smartrecorder/10934} -> PackageSetting{2852d05 com.facebook.appmanager/10217} BLOCKED
2025-11-27 01:58:04.574  1198-4174  SGM:GameManager         system_server                        D  identifyForegroundApp. com.yourname.smartrecorder, mCurrentUserId: 0, callerUserId: 0
2025-11-27 01:58:04.575  1198-4174  SGM:PkgDataHelper       system_server                        D  getGamePkgData(). com.yourname.smartrecorder
2025-11-27 01:58:04.581  1198-4174  SGM:GameManager         system_server                        D  identifyForegroundApp. com.yourname.smartrecorder, mCurrentUserId: 0, callerUserId: 150
2025-11-27 01:58:04.581  1198-4174  SGM:PkgDataHelper       system_server                        D  getGamePkgData(). com.yourname.smartrecorder
2025-11-27 01:58:25.944  1198-1376  AppsFilter              system_server                        I  interaction: PackageSetting{55da284 com.yourname.smartrecorder/10934} -> PackageSetting{cc9a8ad com.app.numerology/10936} BLOCKED
2025-11-27 01:58:25.945  1198-1376  AppsFilter              system_server                        I  interaction: PackageSetting{55da284 com.yourname.smartrecorder/10934} -> PackageSetting{cc9a8ad com.app.numerology/10936} BLOCKED
2025-11-27 01:58:25.945  1198-1376  AppsFilter              system_server                        I  interaction: PackageSetting{55da284 com.yourname.smartrecorder/10934} -> PackageSetting{cc9a8ad com.app.numerology/10936} BLOCKED
2025-11-27 01:58:25.946  1198-1376  AppsFilter              system_server                        I  interaction: PackageSetting{55da284 com.yourname.smartrecorder/10934} -> PackageSetting{3d30c88 com.app.numerology/10936} BLOCKED
2025-11-27 01:58:25.946  1198-1376  AppsFilter              system_server                        I  interaction: PackageSetting{55da284 com.yourname.smartrecorder/10934} -> PackageSetting{3d30c88 com.app.numerology/10936} BLOCKED
2025-11-27 01:58:25.947  1198-1376  AppsFilter              system_server                        I  interaction: PackageSetting{55da284 com.yourname.smartrecorder/10934} -> PackageSetting{3d30c88 com.app.numerology/10936} BLOCKED
2025-11-27 01:58:26.580  1198-1376  AppsFilter              system_server                        I  interaction: PackageSetting{55da284 com.yourname.smartrecorder/10934} -> PackageSetting{3d30c88 com.app.numerology/10936} BLOCKED
2025-11-27 01:58:26.581  1198-1376  AppsFilter              system_server                        I  interaction: PackageSetting{55da284 com.yourname.smartrecorder/10934} -> PackageSetting{3d30c88 com.app.numerology/10936} BLOCKED
2025-11-27 01:58:32.686  2188-2465  SuggestedItemsFacade    com.sec.android.app.launcher         I  DPS items : Smart Recorder, ComponentInfo{com.yourname.smartrecorder/com.yourname.smartrecorder.MainActivity}
2025-11-27 01:58:34.594  1198-2582  SGM:GameManager         system_server                        D  identifyForegroundApp. com.yourname.smartrecorder, mCurrentUserId: 0, callerUserId: 150
2025-11-27 01:58:34.594  1198-2582  SGM:PkgDataHelper       system_server                        D  getGamePkgData(). com.yourname.smartrecorder
2025-11-27 01:58:34.600  1198-3312  SGM:GameManager         system_server                        D  identifyForegroundApp. com.yourname.smartrecorder, mCurrentUserId: 0, callerUserId: 0
2025-11-27 01:58:34.600  1198-3312  SGM:PkgDataHelper       system_server                        D  getGamePkgData(). com.yourname.smartrecorder
2025-11-27 01:58:39.961  1198-7983  SGM:GameManager         system_server                        D  identifyGamePackage. com.yourname.smartrecorder, mCurrentUserId: 0, callerUserId: 0, callingMethodInfo: com.android.server.ssrm.SortingMachine.isGame(SortingMachine.java:162)
2025-11-27 01:58:39.961  1198-7983  SGM:PkgDataHelper       system_server                        D  getGamePkgData(). com.yourname.smartrecorder
2025-11-27 01:58:45.994  1198-7983  SGM:GameManager         system_server                        D  identifyGamePackage. com.yourname.smartrecorder, mCurrentUserId: 0, callerUserId: 0, callingMethodInfo: com.android.server.ssrm.SortingMachine.isGame(SortingMachine.java:162)
2025-11-27 01:58:45.994  1198-7983  SGM:PkgDataHelper       system_server                        D  getGamePkgData(). com.yourname.smartrecorder
2025-11-27 01:59:04.601  1198-4180  SGM:GameManager         system_server                        D  identifyForegroundApp. com.yourname.smartrecorder, mCurrentUserId: 0, callerUserId: 0
2025-11-27 01:59:04.601  1198-4180  SGM:PkgDataHelper       system_server                        D  getGamePkgData(). com.yourname.smartrecorder
2025-11-27 01:59:04.603  1198-4180  SGM:GameManager         system_server                        D  identifyForegroundApp. com.yourname.smartrecorder, mCurrentUserId: 0, callerUserId: 150
2025-11-27 01:59:04.603  1198-4180  SGM:PkgDataHelper       system_server                        D  getGamePkgData(). com.yourname.smartrecorder
2025-11-27 01:59:09.969  1198-7983  SGM:GameManager         system_server                        D  identifyGamePackage. com.yourname.smartrecorder, mCurrentUserId: 0, callerUserId: 0, callingMethodInfo: com.android.server.ssrm.SortingMachine.isGame(SortingMachine.java:162)
2025-11-27 01:59:09.969  1198-7983  SGM:PkgDataHelper       system_server                        D  getGamePkgData(). com.yourname.smartrecorder
2025-11-27 01:59:32.725  1198-1198  SGM:GameManager         system_server                        D  identifyGamePackage. com.yourname.smartrecorder, mCurrentUserId: 0, callerUserId: 0, callingMethodInfo: com.android.server.ssrm.SortingMachine.isGame(SortingMachine.java:162)
2025-11-27 01:59:32.725  1198-1198  SGM:PkgDataHelper       system_server                        D  getGamePkgData(). com.yourname.smartrecorder
2025-11-27 01:59:32.841  2188-2465  AppInfo                 com.sec.android.app.launcher         I  set ComponentInfo{com.yourname.smartrecorder/com.yourname.smartrecorder.MainActivity} app progress level to 100
2025-11-27 01:59:32.854  2188-2465  SuggestedItemsFacade    com.sec.android.app.launcher         I  DPS items : Smart Recorder, ComponentInfo{com.yourname.smartrecorder/com.yourname.smartrecorder.MainActivity}
2025-11-27 02:05:56.063  2273-2305  GOS:GameServiceReceiver pid-2273                             I   PkgInstallStarted for com.yourname.smartrecorder UserID : 0
2025-11-27 02:05:56.076  1198-1375  PackageManager          system_server                        I  START INSTALL PACKAGE: observer{198990222}
                                                                                                              stagedDir{/data/app/vmdl475878910.tmp}
                                                                                                              stagedCid{null}
                                                                                                              pkg{com.yourname.smartrecorder}
                                                                                                              Request from{null}
2025-11-27 02:05:56.109  1198-1294  ActivityManager         system_server                        I  Force stopping com.yourname.smartrecorder appid=10934 user=-1: installPackageLI
2025-11-27 02:05:56.110  1198-1376  PackageManager          system_server                        I  Update package com.yourname.smartrecorder code path from /data/app/~~YpQnroVTcw4bLahTmdYaAw==/com.yourname.smartrecorder-07eMU24IpUxlXI8-SVz1QA== to /data/app/~~eo24jS9a_YplvdkpEBvXCg==/com.yourname.smartrecorder-EcncNiemMmPi6QNdt1OaoQ==; Retain data and using new
2025-11-27 02:05:56.111  1198-1376  PersonaServiceHelper    system_server                        D  in trim for persona 150 setting false PackageSetting{2f4d2cf com.yourname.smartrecorder/10934} com.yourname.smartrecorder
2025-11-27 02:05:56.116  1198-1376  AppsFilter              system_server                        I  interaction: PackageSetting{7b17396 com.example.realtalkenglishwithAI/10912} -> PackageSetting{ce7caaa com.yourname.smartrecorder/10934} BLOCKED
2025-11-27 02:05:56.117  1198-1376  AppsFilter              system_server                        I  interaction: PackageSetting{8dcce7c com.marketsnap.app/10921} -> PackageSetting{ce7caaa com.yourname.smartrecorder/10934} BLOCKED
2025-11-27 02:05:56.117  1198-1376  AppsFilter              system_server                        I  interaction: PackageSetting{3d30c88 com.app.numerology/10936} -> PackageSetting{ce7caaa com.yourname.smartrecorder/10934} BLOCKED
2025-11-27 02:05:56.117  1198-1376  AppsFilter              system_server                        I  interaction: PackageSetting{7b17396 com.example.realtalkenglishwithAI/10912} -> PackageSetting{ce7caaa com.yourname.smartrecorder/10934} BLOCKED
2025-11-27 02:05:56.117  1198-1376  AppsFilter              system_server                        I  interaction: PackageSetting{8dcce7c com.marketsnap.app/10921} -> PackageSetting{ce7caaa com.yourname.smartrecorder/10934} BLOCKED
2025-11-27 02:05:56.117  1198-1376  AppsFilter              system_server                        I  interaction: PackageSetting{3d30c88 com.app.numerology/10936} -> PackageSetting{ce7caaa com.yourname.smartrecorder/10934} BLOCKED
2025-11-27 02:05:56.117  1198-1376  AppsFilter              system_server                        I  interaction: PackageSetting{7b17396 com.example.realtalkenglishwithAI/10912} -> PackageSetting{ce7caaa com.yourname.smartrecorder/10934} BLOCKED
2025-11-27 02:05:56.118  1198-1376  AppsFilter              system_server                        I  interaction: PackageSetting{8dcce7c com.marketsnap.app/10921} -> PackageSetting{ce7caaa com.yourname.smartrecorder/10934} BLOCKED
2025-11-27 02:05:56.118  1198-1376  AppsFilter              system_server                        I  interaction: PackageSetting{3d30c88 com.app.numerology/10936} -> PackageSetting{ce7caaa com.yourname.smartrecorder/10934} BLOCKED
2025-11-27 02:05:56.118  1198-1376  AppsFilter              system_server                        I  interaction: PackageSetting{7b17396 com.example.realtalkenglishwithAI/10912} -> PackageSetting{55da284 com.yourname.smartrecorder/10934} BLOCKED
2025-11-27 02:05:56.118  1198-1376  AppsFilter              system_server                        I  interaction: PackageSetting{8dcce7c com.marketsnap.app/10921} -> PackageSetting{55da284 com.yourname.smartrecorder/10934} BLOCKED
2025-11-27 02:05:56.118  1198-1376  AppsFilter              system_server                        I  interaction: PackageSetting{3d30c88 com.app.numerology/10936} -> PackageSetting{55da284 com.yourname.smartrecorder/10934} BLOCKED
2025-11-27 02:05:56.118  1198-1376  AppsFilter              system_server                        I  interaction: PackageSetting{7b17396 com.example.realtalkenglishwithAI/10912} -> PackageSetting{55da284 com.yourname.smartrecorder/10934} BLOCKED
2025-11-27 02:05:56.118  1198-1376  AppsFilter              system_server                        I  interaction: PackageSetting{8dcce7c com.marketsnap.app/10921} -> PackageSetting{55da284 com.yourname.smartrecorder/10934} BLOCKED
2025-11-27 02:05:56.118  1198-1376  AppsFilter              system_server                        I  interaction: PackageSetting{3d30c88 com.app.numerology/10936} -> PackageSetting{55da284 com.yourname.smartrecorder/10934} BLOCKED
2025-11-27 02:05:56.119  1198-1376  AppsFilter              system_server                        I  interaction: PackageSetting{7b17396 com.example.realtalkenglishwithAI/10912} -> PackageSetting{55da284 com.yourname.smartrecorder/10934} BLOCKED
2025-11-27 02:05:56.119  1198-1376  AppsFilter              system_server                        I  interaction: PackageSetting{8dcce7c com.marketsnap.app/10921} -> PackageSetting{55da284 com.yourname.smartrecorder/10934} BLOCKED
2025-11-27 02:05:56.119  1198-1376  AppsFilter              system_server                        I  interaction: PackageSetting{3d30c88 com.app.numerology/10936} -> PackageSetting{55da284 com.yourname.smartrecorder/10934} BLOCKED
2025-11-27 02:05:56.694  2273-5351  GOS:GameIntentService   pid-2273                             I  onPackageChanged(). extras: Bundle[{changeType=2, userId=0, type=15, packageName=com.yourname.smartrecorder}]
2025-11-27 02:05:56.694  2273-5351  GOS:GameIntentService   pid-2273                             I  onPackageChanged(). changeType(INSTALL_STARTED), pkgName(com.yourname.smartrecorder), UserHandle(0), userId(0), Installed(true)
2025-11-27 02:05:56.695   994-994   cutils                  installd                             E  Failed to open(/data/misc/profiles/cur/150/com.yourname.smartrecorder/primary.prof): No such file or directory
2025-11-27 02:05:56.695   994-994   installd                installd                             E  Failed to prepare /data/misc/profiles/cur/150/com.yourname.smartrecorder/primary.prof: No such file or directory
2025-11-27 02:05:56.695  1198-1376  ArtManagerService       system_server                        E  Failed to prepare profile for com.yourname.smartrecorder:/data/app/~~eo24jS9a_YplvdkpEBvXCg==/com.yourname.smartrecorder-EcncNiemMmPi6QNdt1OaoQ==/base.apk
2025-11-27 02:05:56.696  1198-1376  AppsFilter              system_server                        I  interaction: PackageSetting{7b17396 com.example.realtalkenglishwithAI/10912} -> PackageSetting{55da284 com.yourname.smartrecorder/10934} BLOCKED
2025-11-27 02:05:56.696  1198-1376  AppsFilter              system_server                        I  interaction: PackageSetting{8dcce7c com.marketsnap.app/10921} -> PackageSetting{55da284 com.yourname.smartrecorder/10934} BLOCKED
2025-11-27 02:05:56.697  1198-1376  AppsFilter              system_server                        I  interaction: PackageSetting{3d30c88 com.app.numerology/10936} -> PackageSetting{55da284 com.yourname.smartrecorder/10934} BLOCKED
2025-11-27 02:05:56.697  1198-1376  AppsFilter              system_server                        I  interaction: PackageSetting{7b17396 com.example.realtalkenglishwithAI/10912} -> PackageSetting{55da284 com.yourname.smartrecorder/10934} BLOCKED
2025-11-27 02:05:56.697  1198-1376  AppsFilter              system_server                        I  interaction: PackageSetting{8dcce7c com.marketsnap.app/10921} -> PackageSetting{55da284 com.yourname.smartrecorder/10934} BLOCKED
2025-11-27 02:05:56.697  1198-1376  AppsFilter              system_server                        I  interaction: PackageSetting{3d30c88 com.app.numerology/10936} -> PackageSetting{55da284 com.yourname.smartrecorder/10934} BLOCKED
2025-11-27 02:05:56.714  1198-1376  ActivityManager         system_server                        I  Force stopping com.yourname.smartrecorder appid=10934 user=95: pkg removed
2025-11-27 02:05:56.720  1198-1376  ActivityManager         system_server                        I  Force stopping com.yourname.smartrecorder appid=10934 user=0: pkg removed
2025-11-27 02:05:56.760  1198-1293  SGM:GameManager         system_server                        I  PkgUpdateReceiver, onPackageRemoved : com.yourname.smartrecorder userHandle : UserHandle{95} userID : 95
2025-11-27 02:05:56.761  1198-1293  MetaDataCollector       system_server                        D  onReceive: done pkgName=com.yourname.smartrecorder
2025-11-27 02:05:56.762  1706-1706  VvmPkgInstalledRcvr     com.android.phone                    I  packageName: com.yourname.smartrecorder, systemDialer: com.samsung.android.dialer
2025-11-27 02:05:56.762  1198-1446  OverlayManager          system_server                        D  reconcileSettingsForPackage pkgName=com.yourname.smartrecorder userId=95
2025-11-27 02:05:56.762  1198-1446  OverlayManager          system_server                        I  updateOverlaysForTarget() called with: targetPackage = [com.yourname.smartrecorder], userId = [95], flags = [2], skipUpdateState = [false]
2025-11-27 02:05:56.762  1198-1446  OverlayManager          system_server                        D  reconcileSettingsForPackage pkgName=com.yourname.smartrecorder userId=0
2025-11-27 02:05:56.762  1198-1446  OverlayManager          system_server                        I  updateOverlaysForTarget() called with: targetPackage = [com.yourname.smartrecorder], userId = [0], flags = [2], skipUpdateState = [false]
2025-11-27 02:05:56.765  4089-4089  MediaProvider           com...ndroid.providers.media.module  W  WorkProfileOwnerApps cache miss for package com.yourname.smartrecorder
2025-11-27 02:05:56.768  1198-1540  SGM:GosNotifyThread     system_server                        D  notifyPackageChangedToGos(), before send intent to GOS. type:15, changeType: 1, pkgName:com.yourname.smartrecorder, userHandleId:95
2025-11-27 02:05:56.773  1198-1647  SdkSandboxManager       system_server                        I  No SDKs used. Skipping SDK data reconcilation for CallingInfo{mUid=10934, mPackageName='com.yourname.smartrecorder, mAppProcessToken='null'}
2025-11-27 02:05:56.773  1198-1647  SdkSandboxManager       system_server                        I  No SDKs used. Skipping SDK data reconcilation for CallingInfo{mUid=9510934, mPackageName='com.yourname.smartrecorder, mAppProcessToken='null'}
2025-11-27 02:05:56.774  1198-1647  SdkSandboxManager       system_server                        I  No SDKs used. Skipping SDK data reconcilation for CallingInfo{mUid=10934, mPackageName='com.yourname.smartrecorder, mAppProcessToken='null'}
2025-11-27 02:05:56.775  1198-1647  SdkSandboxManager       system_server                        I  No SDKs used. Skipping SDK data reconcilation for CallingInfo{mUid=9510934, mPackageName='com.yourname.smartrecorder, mAppProcessToken='null'}
2025-11-27 02:05:56.781  1198-1198  DomainFilter            system_server                        I  packageRemoved() - packageName: com.yourname.smartrecorder uid: 95
2025-11-27 02:05:56.786  1706-1706  VvmPkgInstalledRcvr     com.android.phone                    I   NOT contains : com.yourname.smartrecorder
2025-11-27 02:05:56.788  1198-1446  OverlayManager          system_server                        D  reconcileSettingsForPackage pkgName=com.yourname.smartrecorder userId=0
2025-11-27 02:05:56.788  1198-1446  OverlayManager          system_server                        I  updateOverlaysForTarget() called with: targetPackage = [com.yourname.smartrecorder], userId = [0], flags = [0], skipUpdateState = [false]
2025-11-27 02:05:56.788  1198-1446  SWT_ThemeManager        system_server                        I  com.yourname.smartrecorder doesn't have metadata
2025-11-27 02:05:56.788  1198-1446  OverlayManager          system_server                        D  reconcileSettingsForPackage pkgName=com.yourname.smartrecorder userId=95
2025-11-27 02:05:56.788  1198-1446  OverlayManager          system_server                        I  updateOverlaysForTarget() called with: targetPackage = [com.yourname.smartrecorder], userId = [95], flags = [0], skipUpdateState = [false]
2025-11-27 02:05:56.788  1198-1446  SWT_ThemeManager        system_server                        I  com.yourname.smartrecorder doesn't have metadata
2025-11-27 02:05:56.796  1198-1198  SdpManagerImpl.receiver system_server                        D  On android.intent.action.PACKAGE_REMOVED : DATA = package:com.yourname.smartrecorder, UID = 10934, UserId = 0, Is replacing? true
2025-11-27 02:05:56.797  1198-1198  DomainFilter            system_server                        I  packageRemoved() - packageName: com.yourname.smartrecorder uid: 0
2025-11-27 02:05:56.799  1198-1198  Telecom                 system_server                        I  CarModeTracker: Package com.yourname.smartrecorder is not tracked.: SSH.oR@QQc
2025-11-27 02:05:56.801  1198-1707  Pageboost               system_server                        I  remove app @ runtime : com.yourname.smartrecorder
2025-11-27 02:05:56.815  2712-2779  PackageInfoManager_FLP  com.sec.location.nsflp2              I  action : ACTION_PACKAGE_REMOVED, packageName = com.yourname.smartrecorder
2025-11-27 02:05:56.815  2712-2779  PackageInfoManager_FLP  com.sec.location.nsflp2              I  action : ACTION_PACKAGE_ADDED, packageName = com.yourname.smartrecorder
2025-11-27 02:05:56.842  4158-4158  [AirCmd]_R...ionManager com...ng.android.service.aircommand  I  onPackageChangeDetected : com.yourname.smartrecorder
2025-11-27 02:05:56.856  1706-1706  VvmPkgInstalledRcvr     com.android.phone                    I   NOT contains : com.yourname.smartrecorder
2025-11-27 02:05:56.857  1706-1706  CarrierSvcBindHelper    com.android.phone                    D  onPackageUpdateFinished: com.yourname.smartrecorder
2025-11-27 02:05:56.857  1706-1706  CarrierSvcBindHelper    com.android.phone                    D  onPackageModified: com.yourname.smartrecorder
2025-11-27 02:05:56.858  1198-1293  SGM:GameManager         system_server                        I  PkgUpdateReceiver, onPackageRemoved : com.yourname.smartrecorder userHandle : UserHandle{0} userID : 0
2025-11-27 02:05:56.859  1706-1706  VvmPkgInstalledRcvr     com.android.phone                    I  packageName: com.yourname.smartrecorder, systemDialer: com.samsung.android.dialer
2025-11-27 02:05:56.859  1198-1293  MetaDataCollector       system_server                        D  onReceive: done pkgName=com.yourname.smartrecorder
2025-11-27 02:05:56.859  1198-1540  SGM:GosNotifyThread     system_server                        D  notifyPackageChangedToGos(), before send intent to GOS. type:15, changeType: 1, pkgName:com.yourname.smartrecorder, userHandleId:0
2025-11-27 02:05:56.860 22947-23121 PluginInstanceManager   com.android.systemui                 D  queryPkg com.yourname.smartrecorder com.android.systemui.action.PLUGIN_QS_FACTORY
2025-11-27 02:05:56.860 22947-23121 PluginInstanceManager   com.android.systemui                 D  queryPkg com.yourname.smartrecorder com.android.systemui.action.PEOPLE_HUB_PERSON_EXTRACTOR
2025-11-27 02:05:56.860 22947-23121 PluginInstanceManager   com.android.systemui                 D  queryPkg com.yourname.smartrecorder com.android.systemui.action.PLUGIN_GLOBAL_ACTIONS
2025-11-27 02:05:56.860 22947-23121 PluginInstanceManager   com.android.systemui                 D  queryPkg com.yourname.smartrecorder com.android.systemui.action.PLUGIN_QS
2025-11-27 02:05:56.860 22947-23121 PluginInstanceManager   com.android.systemui                 D  queryPkg com.yourname.smartrecorder com.android.systemui.action.PLUGIN_CLOCK
2025-11-27 02:05:56.860 22947-23121 PluginInstanceManager   com.android.systemui                 D  queryPkg com.yourname.smartrecorder com.android.systemui.action.PLUGIN_LOCKSCREEN_RIGHT_BUTTON
