2025-11-28 20:35:25.563  1198-1704  Pageboost               system_server                        I  start alp : com.yourname.smartrecorder
2025-11-28 20:35:25.563  1198-1707  Pageboost               system_server                        I  alp for : com.yourname.smartrecorder , 0
2025-11-28 20:35:25.564  1198-1287  ChimeraSys...ntListener system_server                        I  appLaunchIntent package name is: com.yourname.smartrecorder
2025-11-28 20:35:25.572 22947-22996 ShellStartingWindow     com.android.systemui                 D  preload Icon com.yourname.smartrecorder
2025-11-28 20:35:25.575  1198-1295  ActivityManager         system_server                        I  Start proc 29050:com.yourname.smartrecorder/u0a1025 for activelaunch {com.yourname.smartrecorder/com.yourname.smartrecorder.MainActivity}
2025-11-28 20:35:25.575  1198-1295  DynamicHid...ectManager system_server                        D  [SecIpm] it's a ML_TYPE_EMPTYPROCESS protected process com.yourname.smartrecorder
2025-11-28 20:35:25.633  1198-1287  ChimeraSys...ntListener system_server                        I  appLaunchIntent package name is: com.yourname.smartrecorder
2025-11-28 20:35:25.634  1198-4479  Pageboost               system_server                        I  onAppLaunch : com.yourname.smartrecorder
2025-11-28 20:35:25.634  1198-1707  Pageboost               system_server                        I  Record App IO : com.yourname.smartrecorder pid 29050
2025-11-28 20:35:25.635  1198-4479  ActivityTaskManager     system_server                        I  START u0 {act=android.intent.action.MAIN cat=[android.intent.category.LAUNCHER] flg=0x10200000 cmp=com.yourname.smartrecorder/.MainActivity bnds=[724,1324][1052,1806]} from uid 10139
2025-11-28 20:35:25.641  1198-4479  ActivityTaskManager     system_server                        D  TaskLaunchParamsModifier:task=null activity=ActivityRecord{813ed11 u0 com.yourname.smartrecorder/.MainActivity} display-from-option=0 display-id=0 display-windowing-mode=1 suggested-display-area=DefaultTaskDisplayArea@72262064
2025-11-28 20:35:25.641  1198-4479  [secipm]                system_server                        D  mSecIpmManager Preload com.yourname.smartrecorder dex files
2025-11-28 20:35:25.641  1198-4479  ActivityTaskManager     system_server                        D  TaskLaunchParamsModifier:task=null activity=ActivityRecord{813ed11 u0 com.yourname.smartrecorder/.MainActivity} t-1} display-from-option=0 display-id=0 display-windowing-mode=1 suggested-display-area=DefaultTaskDisplayArea@72262064 inherit-from-source=fullscreen activity-options-fullscreen=Rect(0, 0 - 0, 0) non-freeform-display display-area=DefaultTaskDisplayArea@72262064 maximized-bounds
2025-11-28 20:35:25.648  1198-4479  ActivityTaskManager     system_server                        D  TaskLaunchParamsModifier:task=Task{edd4e76 #22773 type=standard A=11025:com.yourname.smartrecorder U=0 visible=false visibleRequested=false mode=fullscreen translucent=true sz=0} activity=ActivityRecord{813ed11 u0 com.yourname.smartrecorder/.MainActivity} t-1} display-from-option=0 display-id=0 display-windowing-mode=1 suggested-display-area=DefaultTaskDisplayArea@72262064 inherit-from-source=fullscreen activity-options-fullscreen=Rect(0, 0 - 0, 0) non-freeform-display display-area=DefaultTaskDisplayArea@72262064 maximized-bounds
2025-11-28 20:35:25.649   858-886   SurfaceFlinger          surfaceflinger                       I  id=55275 createSurf flag=80004, ActivityRecord{813ed11 u0 com.yourname.smartrecorder/.MainActivity} t22773}#55275
2025-11-28 20:35:25.653  1198-4479  WindowManager           system_server                        V  Added starting ActivityRecord{813ed11 u0 com.yourname.smartrecorder/.MainActivity} t22773}: startingWindow=null startingView=com.android.server.wm.StartingSurfaceController$StartingSurface@7c7dc02
2025-11-28 20:35:25.657  1198-4185  ActivityManager         system_server                        I  DSS OFF for com.yourname.smartrecorder
2025-11-28 20:35:25.659  1198-4185  DexController           system_server                        I  getTaskHasActivityIsWaitingToRun: r=ActivityRecord{813ed11 u0 com.yourname.smartrecorder/.MainActivity} t22773}, app=ProcessRecord{d23a99e 29050:com.yourname.smartrecorder/u0a1025}
2025-11-28 20:35:25.662   858-886   SurfaceFlinger          surfaceflinger                       I  id=55276 createSurf flag=80004, 9de2d49 Splash Screen com.yourname.smartrecorder#55276
2025-11-28 20:35:25.663  1198-1897  WindowManager           system_server                        V  addWindow: ActivityRecord{813ed11 u0 com.yourname.smartrecorder/.MainActivity} t22773} startingWindow=Window{9de2d49 u0 Splash Screen com.yourname.smartrecorder}
2025-11-28 20:35:25.664  1198-4185  WindowManagerServiceExt system_server                        D  notifyOccludeChangeNotice: cn=ComponentInfo{com.yourname.smartrecorder/com.yourname.smartrecorder.MainActivity} occludesParent=true inMultiWindow=false styleFloating=false caller=com.android.server.wm.WindowManagerServiceExt.updateOccludeTargetIfNeeded:1402 com.android.server.wm.DisplayContent.ensureActivitiesVisible:7532 com.android.server.wm.RootWindowContainer.ensureActivitiesVisible:2248 com.android.server.wm.RootWindowContainer.ensureActivitiesVisible:2229 com.android.server.wm.RootWindowContainer$AttachApplicationHelper.process:4260 
2025-11-28 20:35:25.665 22947-22995 InsetsController        com.android.systemui                 D  onStateChanged: InsetsState: {mDisplayFrame=Rect(0, 0 - 1440, 3088), mDisplayCutout=DisplayCutout{insets=Rect(0, 89 - 0, 0) waterfall=Insets{left=0, top=0, right=0, bottom=0} boundingRect={Bounds=[Rect(0, 0 - 0, 0), Rect(685, 0 - 755, 89), Rect(0, 0 - 0, 0), Rect(0, 0 - 0, 0)]} cutoutPathParserInfo={CutoutPathParserInfo{displayWidth=1440 displayHeight=3088 physicalDisplayWidth=1440 physicalDisplayHeight=3088 density={3.5} cutoutSpec={M 0,0 H -10 V 25.42857142857143 H 10 V 0 H 0 Z @dp} rotation={0} scale={1.0} physicalPixelDisplaySizeRatio={1.0}}}}, mRoundedCorners=RoundedCorners{[RoundedCorner{position=TopLeft, radius=112, center=Point(112, 112)}, RoundedCorner{position=TopRight, radius=112, center=Point(1328, 112)}, RoundedCorner{position=BottomRight, radius=112, center=Point(1328, 2976)}, RoundedCorner{position=BottomLeft, radius=112, center=Point(112, 2976)}]}  mRoundedCornerFrame=Rect(0, 0 - 1440, 3088), mPrivacyIndicatorBounds=PrivacyIndicatorBounds {static bounds=Rect(1286, 0 - 1440, 90) rotation=0}, mSources= { InsetsSource: {mType=ITYPE_STATUS_BAR, mFrame=[0,0][1440,90], mVisible=true, mInsetsRoundedCornerFrame=false}, InsetsSource: {mType=ITYPE_NAVIGATION_BAR, mFrame=[0,2920][1440,3088], mVisible=true, mInsetsRoundedCornerFrame=false}, InsetsSource: {mType=ITYPE_LEFT_GESTURES, mFrame=[0,0][0,3088], mVisible=true, mInsetsRoundedCornerFrame=false}, InsetsSource: {mType=ITYPE_RIGHT_GESTURES, mFrame=[1440,0][1440,3088], mVisible=true, mInsetsRoundedCornerFrame=false}, InsetsSource: {mType=ITYPE_TOP_MANDATORY_GESTURES, mFrame=[0,0][1440,131], mVisible=true, mInsetsRoundedCornerFrame=false}, InsetsSource: {mType=ITYPE_BOTTOM_MANDATORY_GESTURES, mFrame=[0,2920][1440,3088], mVisible=true, mInsetsRoundedCornerFrame=false}, InsetsSource: {mType=ITYPE_LEFT_DISPLAY_CUTOUT, mFrame=[0,0][-100000,3088], mVisible=true, mInsetsRoundedCornerFrame=false}, InsetsSource: {mType=ITYPE_TOP_DISPLAY_CUTOUT, mFrame=[0,0][1440,89], mVisible=true, mInsetsRoundedCornerFrame=false}, InsetsSource: {mType=ITYPE_RIGHT_DISPLAY_CUTOUT, mFrame=[100000,0][1440,3088], mVisible=true, mInsetsRoundedCornerFrame=false}, InsetsSource: {mType=ITYPE_BOTTOM_DISPLAY_CUTOUT, mFrame=[0,100000][1440,3088], mVisible=true, mInsetsRoundedCornerFrame=false}, InsetsSource: {mType=ITYPE_TOP_TAPPABLE_ELEMENT, mFrame=[0,0][1440,90], mVisible=true, mInsetsRoundedCornerFrame=false}, InsetsSource: {mType=ITYPE_BOTTOM_TAPPABLE_ELEMENT, mFrame=[0,2920][1440,3088], mVisible=true, mInsetsRoundedCornerFrame=false} } host=Splash Screen com.yourname.smartrecorder from=android.view.ViewRootImpl.setView:1732
2025-11-28 20:35:25.667  1198-1897  MARsPolicyManager       system_server                        D  onPackageResumedFG pkgName = com.yourname.smartrecorder, userId = 0
2025-11-28 20:35:25.668  1198-1897  WindowManager           system_server                        D  rotationForOrientation, orientationSource=ActivityRecord{813ed11 u0 com.yourname.smartrecorder/.MainActivity} t22773}
2025-11-28 20:35:25.671  1198-1897  SGM:PkgDataHelper       system_server                        D  notifyAppCreate(), pkgName: com.yourname.smartrecorder, userId: 0, sendRet: true
2025-11-28 20:35:25.671  1198-1539  SGM:FgCheckThread       system_server                        D  onLooperPrepared(), msg: MSG_APP_CREATE, pkgName: com.yourname.smartrecorder, userId: 0
2025-11-28 20:35:25.671  1198-1897  ActivityTaskManager     system_server                        D  scheduleTopResumedActivityChanged, onTop=true r=ActivityRecord{813ed11 u0 com.yourname.smartrecorder/.MainActivity} t22773} caller=com.android.server.wm.ActivityTaskSupervisor.scheduleTopResumedActivityStateIfNeeded:2535 com.android.server.wm.ActivityTaskSupervisor.updateTopResumedActivityIfNeeded:2527 com.android.server.wm.TaskFragment.setResumedActivity:493 com.android.server.wm.TaskFragment.onActivityStateChanged:805 com.android.server.wm.ActivityRecord.setState:6428 com.android.server.wm.Task.minimalResumeActivityLocked:6155 
2025-11-28 20:35:25.671  1198-1897  InputDispatcher         system_server                        D  Focused application(0): ActivityRecord{813ed11 u0 com.yourname.smartrecorder/.MainActivity} t22773}
2025-11-28 20:35:25.674  1198-1897  SGM:FgCheckThread       system_server                        D    sendRunningComponentFocus(), pkgName: com.yourname.smartrecorder, userId: 0
2025-11-28 20:35:25.674  1198-1539  SGM:FgCheckThread       system_server                        D  onLooperPrepared(), msg: MSG_TASK_FOCUSED, pkgName: com.yourname.smartrecorder, userId: 0
2025-11-28 20:35:25.674  1198-1539  SGM:FgCheckThread       system_server                        D    handleTaskFocused(), pkgName: com.yourname.smartrecorder, userID:0
2025-11-28 20:35:25.674  1198-1539  SGM:FgCheckThread       system_server                        D    handleResume(). pkgName: com.yourname.smartrecorder, userId: 0, isTunableApp: null
2025-11-28 20:35:25.675  1198-1539  SGM:FgCheckThread       system_server                        D  notifyFocusInOut(). of pkg: com.yourname.smartrecorder, type: 4, isTunableApp: false, userId: 0
2025-11-28 20:35:25.675 29050-29050 Compatibil...geReporter com.yourname.smartrecorder           D  Compat change id reported: 171979766; UID 11025; state: ENABLED
2025-11-28 20:35:25.676  1198-4342  WindowManager           system_server                        V  Relayout Window{9de2d49 u0 Splash Screen com.yourname.smartrecorder}: viewVisibility=0 req=1440x3088 d0
2025-11-28 20:35:25.676   858-886   SurfaceFlinger          surfaceflinger                       I  id=55277 createSurf flag=40004, Splash Screen com.yourname.smartrecorder$_22947#55277
2025-11-28 20:35:25.678  1198-4342  WindowManager           system_server                        D  makeSurface duration=2 name=Splash Screen com.yourname.smartrecorder$_22947
2025-11-28 20:35:25.680 22947-22995 InsetsController        com.android.systemui                 D  onStateChanged: InsetsState: {mDisplayFrame=Rect(0, 0 - 1440, 3088), mDisplayCutout=DisplayCutout{insets=Rect(0, 89 - 0, 0) waterfall=Insets{left=0, top=0, right=0, bottom=0} boundingRect={Bounds=[Rect(0, 0 - 0, 0), Rect(685, 0 - 755, 89), Rect(0, 0 - 0, 0), Rect(0, 0 - 0, 0)]} cutoutPathParserInfo={CutoutPathParserInfo{displayWidth=1440 displayHeight=3088 physicalDisplayWidth=1440 physicalDisplayHeight=3088 density={3.5} cutoutSpec={M 0,0 H -10 V 25.42857142857143 H 10 V 0 H 0 Z @dp} rotation={0} scale={1.0} physicalPixelDisplaySizeRatio={1.0}}}}, mRoundedCorners=RoundedCorners{[RoundedCorner{position=TopLeft, radius=112, center=Point(112, 112)}, RoundedCorner{position=TopRight, radius=112, center=Point(1328, 112)}, RoundedCorner{position=BottomRight, radius=112, center=Point(1328, 2976)}, RoundedCorner{position=BottomLeft, radius=112, center=Point(112, 2976)}]}  mRoundedCornerFrame=Rect(0, 0 - 1440, 3088), mPrivacyIndicatorBounds=PrivacyIndicatorBounds {static bounds=Rect(1286, 0 - 1440, 90) rotation=0}, mSources= { InsetsSource: {mType=ITYPE_STATUS_BAR, mFrame=[0,0][1440,90], mVisible=true, mInsetsRoundedCornerFrame=false}, InsetsSource: {mType=ITYPE_NAVIGATION_BAR, mFrame=[0,2920][1440,3088], mVisible=true, mInsetsRoundedCornerFrame=false}, InsetsSource: {mType=ITYPE_LEFT_GESTURES, mFrame=[0,0][0,3088], mVisible=true, mInsetsRoundedCornerFrame=false}, InsetsSource: {mType=ITYPE_RIGHT_GESTURES, mFrame=[1440,0][1440,3088], mVisible=true, mInsetsRoundedCornerFrame=false}, InsetsSource: {mType=ITYPE_TOP_MANDATORY_GESTURES, mFrame=[0,0][1440,131], mVisible=true, mInsetsRoundedCornerFrame=false}, InsetsSource: {mType=ITYPE_BOTTOM_MANDATORY_GESTURES, mFrame=[0,2920][1440,3088], mVisible=true, mInsetsRoundedCornerFrame=false}, InsetsSource: {mType=ITYPE_LEFT_DISPLAY_CUTOUT, mFrame=[0,0][-100000,3088], mVisible=true, mInsetsRoundedCornerFrame=false}, InsetsSource: {mType=ITYPE_TOP_DISPLAY_CUTOUT, mFrame=[0,0][1440,89], mVisible=true, mInsetsRoundedCornerFrame=false}, InsetsSource: {mType=ITYPE_RIGHT_DISPLAY_CUTOUT, mFrame=[100000,0][1440,3088], mVisible=true, mInsetsRoundedCornerFrame=false}, InsetsSource: {mType=ITYPE_BOTTOM_DISPLAY_CUTOUT, mFrame=[0,100000][1440,3088], mVisible=true, mInsetsRoundedCornerFrame=false}, InsetsSource: {mType=ITYPE_TOP_TAPPABLE_ELEMENT, mFrame=[0,0][1440,90], mVisible=true, mInsetsRoundedCornerFrame=false}, InsetsSource: {mType=ITYPE_BOTTOM_TAPPABLE_ELEMENT, mFrame=[0,2920][1440,3088], mVisible=true, mInsetsRoundedCornerFrame=false}, InsetsSource: {mType=ITYPE_IME, mFrame=[0,0][0,0], mVisibleFrame=[0,1886][1440,3088], mVisible=false, mInsetsRoundedCornerFrame=false} } host=Splash Screen com.yourname.smartrecorder from=android.view.ViewRootImpl.relayoutWindow:9802
2025-11-28 20:35:25.710  1198-4185  WindowManager           system_server                        D  finishDrawingWindow: Window{9de2d49 u0 Splash Screen com.yourname.smartrecorder} mDrawState=DRAW_PENDING seqId=0
2025-11-28 20:35:25.710  1198-4185  WindowManager           system_server                        V  Finishing drawing window Window{9de2d49 u0 Splash Screen com.yourname.smartrecorder}: mDrawState=DRAW_PENDING
2025-11-28 20:35:25.710  1198-4185  WindowManager           system_server                        V  Draw state now committed in Window{9de2d49 u0 Splash Screen com.yourname.smartrecorder}
2025-11-28 20:35:25.715  1198-1288  WindowManager           system_server                        D  performShow logReadyForDisplay win=Window{9de2d49 u0 Splash Screen com.yourname.smartrecorder} mToken.waitingToShow:true isTransitionSet:true
2025-11-28 20:35:25.723  1198-1288  WindowManager           system_server                        D  createAnimationAdapter(): container=Task{edd4e76 #22773 type=standard A=11025:com.yourname.smartrecorder U=0 visible=true visibleRequested=true mode=fullscreen translucent=false sz=1}
2025-11-28 20:35:25.723  4533-4533  ActivityUtils           com...ndroid.app.cocktailbarservice  I  HomePackage : com.sec.android.app.launcher, resumePackageName : com.yourname.smartrecorder
2025-11-28 20:35:25.726  1198-1288  WindowManager           system_server                        V  performShowLocked: mDrawState=HAS_DRAWN in Window{9de2d49 u0 Splash Screen com.yourname.smartrecorder}
2025-11-28 20:35:25.727  1198-1288  WindowManager           system_server                        D  	Add container=Task{edd4e76 #22773 type=standard A=11025:com.yourname.smartrecorder U=0 visible=true visibleRequested=true mode=fullscreen translucent=false sz=1}
2025-11-28 20:35:25.731   858-1169  SurfaceFlinger          surfaceflinger                       I  id=55281 createSurf flag=80000, 63bc938 ActivityRecordInputSink com.yourname.smartrecorder/.MainActivity#55281
2025-11-28 20:35:25.734  1198-1288  WindowManager           system_server                        I  container=Task{edd4e76 #22773 type=standard A=11025:com.yourname.smartrecorder U=0 visible=true visibleRequested=true mode=fullscreen translucent=false sz=1}
                                                                                                    Target:
                                                                                                      mode=0 taskId=22773 isTranslucent=false clipRect=[0,0][0,0] contentInsets=[0,90][0,168] prefixOrderIndex=29 position=[0,0] sourceContainerBounds=[0,0][1440,3088] screenSpaceBounds=[0,0][1440,3088] localBounds=[0,0][1440,3088]
                                                                                                      windowConfiguration={ mBounds=Rect(0, 0 - 1440, 3088) mAppBounds=Rect(0, 89 - 1440, 2920) mMaxBounds=Rect(0, 0 - 1440, 3088) mDisplayRotation=ROTATION_0 mWindowingMode=fullscreen mDisplayWindowingMode=fullscreen mActivityType=standard mAlwaysOnTop=undefined mRotation=ROTATION_0 mPopOver=undefined mStageConfig=undefined mFreeformTaskPinningState=unpinned mFreeformStashState=undefined mDexTaskDockingState=undefined}
                                                                                                      leash=Surface(name=Surface(name=Task=22773)/@0x16bc2c8 - animation-leash of app_transition)/@0xecb4a86
                                                                                                      taskInfo=TaskInfo{userId=0 taskId=22773 displayId=0 isRunning=true baseIntent=Intent { act=android.intent.action.MAIN cat=[android.intent.category.LAUNCHER] flg=0x10200000 cmp=com.yourname.smartrecorder/.MainActivity } baseActivity=ComponentInfo{com.yourname.smartrecorder/com.yourname.smartrecorder.MainActivity} topActivity=ComponentInfo{com.yourname.smartrecorder/com.yourname.smartrecorder.MainActivity} origActivity=null realActivity=ComponentInfo{com.yourname.smartrecorder/com.yourname.smartrecorder.MainActivity} numActivities=1 lastActiveTime=298149285 supportsSplitScreenMultiWindow=true supportsMultiWindow=true resizeMode=1 isResizeable=true minWidth=-1 minHeight=-1 defaultMinSize=220 token=WCT{RemoteToken{aeb245e Task{edd4e76 #22773 type=standard A=11025:com.yourname.smartrecorder U=0 visible=true visibleRequested=true mode=fullscreen translucent=false sz=1}}} topActivityType=1 pictureInPictureParams=null shouldDockBigOverlays=false launchIntoPipHostTaskId=0 displayCutoutSafeInsets=Rect(0, 89 - 0, 0) topActivityInfo=ActivityInfo{9e7503f com.yourname.smartrecorder.MainActivity} launchCookies=[android.os.BinderProxy@1aa8d0c] positionInParent=Point(0, 0) parentTaskId=-1 isFocused=true isVisible=true isSleeping=false topActivityInSizeCompat=false topActivityEligibleForLetterboxEducation= false locusId=null displayAreaFeatureId=1 cameraCompatControlState=hidden originallySupportedSplitScreen=true hasWallpaper=false isTopTransparentActivity=false topActivityInFixedAspectRatio=false topActivityInDisplayCompat=false topActivityInBoundsCompat=false topActivityBounds=null}
                                                                                                      allowEnterPip=true
                                                                                                      windowType=-1  hasAnimatingParent=false  backgroundColor=0container=Task{b391b2f #1 type=home ?? U=0 visible=false visibleRequested=false mode=fullscreen translucent=true sz=1}
                                                                                                    Target:
                                                                                                      mode=1 taskId=22180 isTranslucent=false clipRect=[0,0][0,0] contentInsets=[0,90][0,168] prefixOrderIndex=25 position=[0,0] sourceContainerBounds=[0,0][1440,3088] screenSpaceBounds=[0,0][1440,3088] localBounds=[0,0][1440,3088]
                                                                                                      windowConfiguration={ mBounds=Rect(0, 0 - 1440, 3088) mAppBounds=Rect(0, 89 - 1440, 2920) mMaxBounds=Rect(0, 0 - 1440, 3088) mDisplayRotation=ROTATION_0 mWindowingMode=fullscreen mDisplayWindowingMode=fullscreen mActivityType=home mAlwaysOnTop=undefined mRotation=ROTATION_0 mPopOver=undefined mStageConfig=undefined mFreeformTaskPinningState=unpinned mFreeformStashState=undefined mDexTaskDockingState=undefined}
                                                                                                      leash=Surface(name=Surface(name=Task=1)/@0xc1b1a94 - animation-leash of app_transition)/@0x5481cba
2025-11-28 20:35:25.735  1198-1287  GameSDK@LifeCycle       system_server                        I  noteResumeComponent(): package name  : com.yourname.smartrecorder
2025-11-28 20:35:25.735  1198-1287  SGM:GameManager         system_server                        D  identifyGamePackage. com.yourname.smartrecorder, mCurrentUserId: 0, callerUserId: 0, callingMethodInfo: com.android.server.ssrm.SortingMachine.isGame(SortingMachine.java:162)
2025-11-28 20:35:25.736  1198-1287  SGM:PkgDataHelper       system_server                        D  getGamePkgData(). com.yourname.smartrecorder
2025-11-28 20:35:25.736  1198-1287  SGM:FgCheckThread       system_server                        D  noteResumeComponent(), received pkgName: com.yourname.smartrecorder, userId: 0
2025-11-28 20:35:25.737  1198-1287  SGM:GameManager         system_server                        D  identifyGamePackage. com.yourname.smartrecorder, mCurrentUserId: 0, callerUserId: 0, callingMethodInfo: com.samsung.android.game.SemGameManager.isGamePackage(SemGameManager.java:104)
2025-11-28 20:35:25.737  1198-1287  SGM:PkgDataHelper       system_server                        D  getGamePkgData(). com.yourname.smartrecorder
2025-11-28 20:35:25.737  1198-1287  SGM:SemGameManager      system_server                        D  isGamePackage(), pkgName=com.yourname.smartrecorder, ret=false
2025-11-28 20:35:25.737  4879-20158 Routine@Co...stenerImpl com.samsung.android.app.routines     I  onResumeComponent: componentName - ComponentInfo{com.yourname.smartrecorder/com.yourname.smartrecorder.MainActivity}
2025-11-28 20:35:25.737  1198-1539  SGM:FgCheckThread       system_server                        D  onLooperPrepared(), msg: MSG_APP_RESUME, pkgName: com.yourname.smartrecorder, userid: 0
2025-11-28 20:35:25.744   858-858   Layer                   surfaceflinger                       I  Layer [Splash Screen com.yourname.smartrecorder$_22947#55277] hidden!! flag(0)
2025-11-28 20:35:25.784   858-858   SurfaceFlinger          surfaceflinger                       D  Display 4633128672291735937 HWC layers:
                                                                                                         CLIENT | 0x70f52e0910 | 0100 | RGBx_8888    |  120.0    0.0 1200.0 2316.0 |    0    0 1440 3088 | Wallpaper BBQ wrapper#4633
                                                                                                         CLIENT | 0x70f52ec970 | 0100 | RGBA_8888    |    0.0    0.0 1440.0 3088.0 |    0    0 1440 3088 | com.sec.android.app.launcher/com.sec[...]erActivity$_2188#55255 (blurRegions)
                                                                                                         CLIENT | 0x70f52db6f0 | 0100 | RGBA_8888    |    0.0  789.0 1440.0 2229.0 |  774 1365 1001 1592 | Splash Screen com.yourname.smartrecorder$_22947#55277
                                                                                                         DEVICE | 0x70f52e3190 | 0100 | RGBA_8888    |    0.0    0.0 1440.0   90.0 |    0    0 1440   90 | StatusBar$_22947#4630
                                                                                                         DEVICE | 0x70f52cd5f0 | 0100 | RGBA_8888    |    0.0    0.0   67.0  708.0 | 1373  391 1440 1099 | com.samsung.android.app.cocktailbars[...]rvice.CocktailBarService$_4533#55273
                                                                                                         DEVICE | 0x70f52a8870 | 0100 | RGBA_8888    |    0.0    0.0 1440.0  168.0 |    0 2920 1440 3088 | NavigationBar0$_22947#4625
2025-11-28 20:35:25.822  1198-2005  MdnieScena...rolService system_server                        D   packageName : com.yourname.smartrecorder    className : com.yourname.smartrecorder.MainActivity
2025-11-28 20:35:25.824  1198-1634  SemWifiTra...LayerUtils system_server                        W  getApplicationCategory - IOException com.yourname.smartrecorder
2025-11-28 20:35:25.824  1198-1634  System.err              system_server                        W  java.io.FileNotFoundException: https://play.google.com/store/apps/details?id=com.yourname.smartrecorder&hl=en
2025-11-28 20:35:26.012  1198-5906  WindowManager           system_server                        D  	container=Task{edd4e76 #22773 type=standard A=11025:com.yourname.smartrecorder U=0 visible=true visibleRequested=true mode=fullscreen translucent=false sz=1}
2025-11-28 20:35:26.033   858-858   SurfaceFlinger          surfaceflinger                       D  Display 4633128672291735937 HWC layers:
                                                                                                         DEVICE | 0x70f52db6f0 | 0100 | RGBA_8888    |    0.0    0.0 1440.0 3088.0 |    0    0 1440 3088 | Splash Screen com.yourname.smartrecorder$_22947#55277
                                                                                                         DEVICE | 0x70f52e3190 | 0100 | RGBA_8888    |    0.0    0.0 1440.0   90.0 |    0    0 1440   90 | StatusBar$_22947#4630
                                                                                                         DEVICE | 0x70f52cd5f0 | 0100 | RGBA_8888    |    0.0    0.0   67.0  708.0 | 1373  391 1440 1099 | com.samsung.android.app.cocktailbars[...]rvice.CocktailBarService$_4533#55273
                                                                                                         DEVICE | 0x70f52a8870 | 0100 | RGBA_8888    |    0.0    0.0 1440.0  168.0 |    0 2920 1440 3088 | NavigationBar0$_22947#4625
2025-11-28 20:35:26.104 29050-29050 nativeloader            com.yourname.smartrecorder           D  Configuring clns-4 for other apk /data/app/~~h2XhV8SDLmRpi363cCY02Q==/com.yourname.smartrecorder-DrVJz9E1uaWOZqJgIOtI8A==/base.apk. target_sdk_version=36, uses_libraries=, library_path=/data/app/~~h2XhV8SDLmRpi363cCY02Q==/com.yourname.smartrecorder-DrVJz9E1uaWOZqJgIOtI8A==/lib/arm64:/data/app/~~h2XhV8SDLmRpi363cCY02Q==/com.yourname.smartrecorder-DrVJz9E1uaWOZqJgIOtI8A==/base.apk!/lib/arm64-v8a, permitted_path=/data:/mnt/expand:/data/user/0/com.yourname.smartrecorder
2025-11-28 20:35:26.111 29050-29050 nativeloader            com.yourname.smartrecorder           D  Load libframework-connectivity-jni.so using APEX ns com_android_tethering for caller /apex/com.android.tethering/javalib/framework-connectivity.jar: ok
2025-11-28 20:35:26.113 29050-29050 GraphicsEnvironment     com.yourname.smartrecorder           V  ANGLE Developer option for 'com.yourname.smartrecorder' set to: 'default'
2025-11-28 20:35:26.114 29050-29050 GraphicsEnvironment     com.yourname.smartrecorder           V  ANGLE GameManagerService for com.yourname.smartrecorder: false
2025-11-28 20:35:26.114 29050-29050 GraphicsEnvironment     com.yourname.smartrecorder           V  App is not on the allowlist for updatable production driver.
2025-11-28 20:35:26.116 29050-29050 NetworkSecurityConfig   com.yourname.smartrecorder           D  No Network Security Config specified, using platform default
2025-11-28 20:35:26.132 29050-29050 NetworkSecurityConfig   com.yourname.smartrecorder           D  No Network Security Config specified, using platform default
2025-11-28 20:35:26.146 29050-29050 WM-WrkMgrInitializer    com.yourname.smartrecorder           D  Initializing WorkManager with default configuration.
2025-11-28 20:35:26.175 29050-29050 WM-PackageManagerHelper com.yourname.smartrecorder           D  Skipping component enablement for androidx.work.impl.background.systemjob.SystemJobService
2025-11-28 20:35:26.175 29050-29050 WM-Schedulers           com.yourname.smartrecorder           D  Created SystemJobScheduler and enabled SystemJobService
2025-11-28 20:35:26.209 29050-29050 SmartRecor...Transcript com.yourname.smartrecorder           D  SmartRecorderApplication onCreate
2025-11-28 20:35:26.211 29050-29082 Compatibil...geReporter com.yourname.smartrecorder           D  Compat change id reported: 160794467; UID 11025; state: ENABLED
2025-11-28 20:35:26.217 29050-29087 OpenGLRenderer          com.yourname.smartrecorder           D  RenderThread::requireGlContext()
2025-11-28 20:35:26.236 29050-29087 OpenGLRenderer          com.yourname.smartrecorder           D  RenderThread::setGrContext()
2025-11-28 20:35:26.242 29050-29050 DecorView               com.yourname.smartrecorder           I  [INFO] isPopOver=false config=true
2025-11-28 20:35:26.242 29050-29050 DecorView               com.yourname.smartrecorder           I  updateCaptionType: isFloating=false isApplication=true hasWindowDecorCaption=false this=DecorView@6951ec7[]
2025-11-28 20:35:26.242 29050-29050 DecorView               com.yourname.smartrecorder           D  setCaptionType = 0, this = DecorView@6951ec7[]
2025-11-28 20:35:26.244 29050-29050 DecorView               com.yourname.smartrecorder           I  getCurrentDensityDpi: from real metrics. densityDpi=560 msg=resources_loaded
2025-11-28 20:35:26.244 29050-29050 DecorView               com.yourname.smartrecorder           I  setWindowBackground: isPopOver=false color=fffafafa d=android.graphics.drawable.ColorDrawable@3776c1d
2025-11-28 20:35:26.247 29050-29050 PhoneWindow             com.yourname.smartrecorder           D  forceLight changed to false [] from com.android.internal.policy.PhoneWindow.updateForceLightNavigationBar:4314 com.android.internal.policy.PhoneWindow.setNavigationBarColor:4033 androidx.activity.EdgeToEdgeApi29.setUp:322 androidx.activity.EdgeToEdge.enable:95 androidx.activity.EdgeToEdge.enable$default:69 
2025-11-28 20:35:26.260 29050-29050 MSHandlerLifeCycle      com.yourname.smartrecorder           I  check: return. pkg=com.yourname.smartrecorder parent=null callers=com.android.internal.policy.DecorView.setVisibility:4412 android.app.ActivityThread.handleResumeActivity:5476 android.app.servertransaction.ResumeActivityItem.execute:54 android.app.servertransaction.ActivityTransactionItem.execute:45 android.app.servertransaction.TransactionExecutor.executeLifecycleState:176 
2025-11-28 20:35:26.260 29050-29050 MSHandlerLifeCycle      com.yourname.smartrecorder           I  removeMultiSplitHandler: no exist. decor=DecorView@6951ec7[]
2025-11-28 20:35:26.266 29050-29087 NativeCust...ncyManager com.yourname.smartrecorder           D  [NativeCFMS] BpCustomFrequencyManager::BpCustomFrequencyManager()
2025-11-28 20:35:26.269 29050-29050 DecorView               com.yourname.smartrecorder           I  notifyKeepScreenOnChanged: keepScreenOn=false
2025-11-28 20:35:26.273   858-1169  SurfaceFlinger          surfaceflinger                       I  id=55282 createSurf flag=80004, 7b281e9 com.yourname.smartrecorder/com.yourname.smartrecorder.MainActivity#55282
2025-11-28 20:35:26.276 29050-29050 InsetsController        com.yourname.smartrecorder           D  onStateChanged: InsetsState: {mDisplayFrame=Rect(0, 0 - 1440, 3088), mDisplayCutout=DisplayCutout{insets=Rect(0, 89 - 0, 0) waterfall=Insets{left=0, top=0, right=0, bottom=0} boundingRect={Bounds=[Rect(0, 0 - 0, 0), Rect(685, 0 - 755, 89), Rect(0, 0 - 0, 0), Rect(0, 0 - 0, 0)]} cutoutPathParserInfo={CutoutPathParserInfo{displayWidth=1440 displayHeight=3088 physicalDisplayWidth=1440 physicalDisplayHeight=3088 density={3.5} cutoutSpec={M 0,0 H -10 V 25.42857142857143 H 10 V 0 H 0 Z @dp} rotation={0} scale={1.0} physicalPixelDisplaySizeRatio={1.0}}}}, mRoundedCorners=RoundedCorners{[RoundedCorner{position=TopLeft, radius=112, center=Point(112, 112)}, RoundedCorner{position=TopRight, radius=112, center=Point(1328, 112)}, RoundedCorner{position=BottomRight, radius=112, center=Point(1328, 2976)}, RoundedCorner{position=BottomLeft, radius=112, center=Point(112, 2976)}]}  mRoundedCornerFrame=Rect(0, 0 - 1440, 3088), mPrivacyIndicatorBounds=PrivacyIndicatorBounds {static bounds=Rect(1286, 0 - 1440, 90) rotation=0}, mSources= { InsetsSource: {mType=ITYPE_STATUS_BAR, mFrame=[0,0][1440,90], mVisible=true, mInsetsRoundedCornerFrame=false}, InsetsSource: {mType=ITYPE_NAVIGATION_BAR, mFrame=[0,2920][1440,3088], mVisible=true, mInsetsRoundedCornerFrame=false}, InsetsSource: {mType=ITYPE_LEFT_GESTURES, mFrame=[0,0][0,3088], mVisible=true, mInsetsRoundedCornerFrame=false}, InsetsSource: {mType=ITYPE_RIGHT_GESTURES, mFrame=[1440,0][1440,3088], mVisible=true, mInsetsRoundedCornerFrame=false}, InsetsSource: {mType=ITYPE_TOP_MANDATORY_GESTURES, mFrame=[0,0][1440,131], mVisible=true, mInsetsRoundedCornerFrame=false}, InsetsSource: {mType=ITYPE_BOTTOM_MANDATORY_GESTURES, mFrame=[0,2920][1440,3088], mVisible=true, mInsetsRoundedCornerFrame=false}, InsetsSource: {mType=ITYPE_LEFT_DISPLAY_CUTOUT, mFrame=[0,0][-100000,3088], mVisible=true, mInsetsRoundedCornerFrame=false}, InsetsSource: {mType=ITYPE_TOP_DISPLAY_CUTOUT, mFrame=[0,0][1440,89], mVisible=true, mInsetsRoundedCornerFrame=false}, InsetsSource: {mType=ITYPE_RIGHT_DISPLAY_CUTOUT, mFrame=[100000,0][1440,3088], mVisible=true, mInsetsRoundedCornerFrame=false}, InsetsSource: {mType=ITYPE_BOTTOM_DISPLAY_CUTOUT, mFrame=[0,100000][1440,3088], mVisible=true, mInsetsRoundedCornerFrame=false}, InsetsSource: {mType=ITYPE_TOP_TAPPABLE_ELEMENT, mFrame=[0,0][1440,90], mVisible=true, mInsetsRoundedCornerFrame=false}, InsetsSource: {mType=ITYPE_BOTTOM_TAPPABLE_ELEMENT, mFrame=[0,2920][1440,3088], mVisible=true, mInsetsRoundedCornerFrame=false} } host=com.yourname.smartrecorder/com.yourname.smartrecorder.MainActivity from=android.view.ViewRootImpl.setView:1732
2025-11-28 20:35:26.277 29050-29050 ViewRootIm...nActivity] com.yourname.smartrecorder           I  setView = com.android.internal.policy.DecorView@6951ec7 TM=true
2025-11-28 20:35:26.278 29050-29050 MSHandlerLifeCycle      com.yourname.smartrecorder           I  removeMultiSplitHandler: no exist. decor=DecorView@6951ec7[MainActivity]
2025-11-28 20:35:26.283  1198-5906  CoreBackPreview         system_server                        D  Window{7b281e9 u0 com.yourname.smartrecorder/com.yourname.smartrecorder.MainActivity}: Setting back callback OnBackInvokedCallbackInfo{mCallback=android.window.IOnBackInvokedCallback$Stub$Proxy@e661d9c, mPriority=-1}
2025-11-28 20:35:26.315 29050-29085 SmartRecor...Transcript com.yourname.smartrecorder           D  Whisper model already exists in internal storage: /data/user/0/com.yourname.smartrecorder/files/whisper-models/ggml-tiny.en.bin
2025-11-28 20:35:26.397 29050-29050 e.smartrecorder         com.yourname.smartrecorder           I  hiddenapi: Accessing hidden method Landroid/os/SystemProperties;->addChangeCallback(Ljava/lang/Runnable;)V (runtime_flags=0, domain=platform, api=unsupported) from Landroidx/compose/ui/platform/AndroidComposeView$Companion; (domain=app) using reflection: allowed
2025-11-28 20:35:26.469 29050-29050 DecorView               com.yourname.smartrecorder           I  notifyKeepScreenOnChanged: keepScreenOn=false
2025-11-28 20:35:26.473 29050-29050 ViewRootIm...nActivity] com.yourname.smartrecorder           I  performTraversals params={(0,0)(fillxfill) sim={adjust=pan forwardNavigation} layoutInDisplayCutoutMode=always ty=BASE_APPLICATION wanim=0x1030309
                                                                                                      fl=81810100
                                                                                                      pfl=16020040
                                                                                                      vsysui=110
                                                                                                      apr=LIGHT_NAVIGATION_BARS
                                                                                                      bhv=DEFAULT
                                                                                                      fitSides= naviIconColor=0}
2025-11-28 20:35:26.475 29050-29050 ViewRootIm...nActivity] com.yourname.smartrecorder           I  performTraversals mFirst=true windowShouldResize=true viewVisibilityChanged=false mForceNextWindowRelayout=false params={(0,0)(fillxfill) sim={adjust=pan forwardNavigation} layoutInDisplayCutoutMode=always ty=BASE_APPLICATION wanim=0x1030309
                                                                                                      fl=81810100
                                                                                                      pfl=16020040
                                                                                                      vsysui=110
                                                                                                      apr=LIGHT_NAVIGATION_BARS
                                                                                                      bhv=DEFAULT
                                                                                                      fitSides= naviIconColor=0}
2025-11-28 20:35:26.475  1198-5906  WindowManager           system_server                        V  Relayout Window{7b281e9 u0 com.yourname.smartrecorder/com.yourname.smartrecorder.MainActivity}: viewVisibility=0 req=1440x3088 d0
2025-11-28 20:35:26.476   858-1169  SurfaceFlinger          surfaceflinger                       I  id=55283 createSurf flag=40004, com.yourname.smartrecorder/com.yourname.smartrecorder.MainActivity$_29050#55283
2025-11-28 20:35:26.477  1198-5906  WindowManager           system_server                        D  makeSurface duration=2 name=com.yourname.smartrecorder/com.yourname.smartrecorder.MainActivity$_29050
2025-11-28 20:35:26.480  1198-5906  WindowManager           system_server                        V  Changing focus from null to Window{7b281e9 u0 com.yourname.smartrecorder/com.yourname.smartrecorder.MainActivity} displayId=0 Callers=com.android.server.wm.RootWindowContainer.updateFocusedWindowLocked:595 com.android.server.wm.WindowManagerService.updateFocusedWindowLocked:6810 com.android.server.wm.WindowManagerService.relayoutWindow:2820 com.android.server.wm.Session.relayout:274 
2025-11-28 20:35:26.480  1198-5906  MARsPolicyManager       system_server                        D  onPackageResumedFG pkgName = com.yourname.smartrecorder, userId = 0
2025-11-28 20:35:26.483 22947-22947 SamsungLig...trolHelper com.android.systemui                 D  onStatusBarAppearanceChanged() -  sbModeChanged:false, statusBarMode:MODE_TRANSPARENT, barState:SHADE, isKeyguardShowing:false, navbarColorManagedByIme:false, stackAppearancesChanged:true, (AppearanceRegion{LIGHT_STATUS_BARS bounds=[0,0][1440,3088]}, ), packageName:com.yourname.smartrecorder
2025-11-28 20:35:26.484 22947-22947 NavigationBar           com.android.systemui                 D  onSystemBarAttributesChanged() -  displayId:0, appearance:16, packageName: com.yourname.smartrecorder (APPEARANCE_LIGHT_NAVIGATION_BARS ), navbarColorManagedByIme:false
2025-11-28 20:35:26.484  1198-5906  WindowManager           system_server                        D  updateSystemBarAttributes: displayId=0, win=Window{7b281e9 u0 com.yourname.smartrecorder/com.yourname.smartrecorder.MainActivity}, navColorWin=Window{9de2d49 u0 Splash Screen com.yourname.smartrecorder}, focusedCanBeNavColorWin=false, behavior=1, appearance=16, statusBarAppearanceRegions=[AppearanceRegion{LIGHT_STATUS_BARS bounds=[0,0][1440,3088]}], requestedVisibilities=, from=com.android.server.wm.DisplayPolicy.focusChangedLw:3251 com.android.server.wm.DisplayContent.updateFocusedWindowLocked:4632 com.android.server.wm.RootWindowContainer.updateFocusedWindowLocked:595 
2025-11-28 20:35:26.484 22947-22947 SamsungLig...trolHelper com.android.systemui                 D  updateNavigation(Black button) isLightBar:false, hasLightBarNavigationBarFlag:true, packageName:com.yourname.smartrecorder, DirectReplying:false, NavBarColorManagerdByIme:false, ForceDarkForScrim:false, QsCustomizing:false, PanelHasWhiteBg:true
2025-11-28 20:35:26.484 22947-22947 SamsungLig...trolHelper com.android.systemui                 D  updateStatus(BLACK icon) NumStacks:1, StatusBarMode:MODE_TRANSPARENT, lightBarBounds:[Rect(0, 0 - 1440, 3088)], StatusBarState:SHADE, packageName:com.yourname.smartrecorder, isWhiteKeyguardStatusBarBySettings:true
2025-11-28 20:35:26.487 29050-29050 ViewRootIm...nActivity] com.yourname.smartrecorder           I  updateBlastSurfaceIfNeeded mBlastBufferQueue=null isSameSurfaceControl=false
2025-11-28 20:35:26.487 29050-29050 BLASTBufferQueue        com.yourname.smartrecorder           I  new BLASTBufferQueue, mName= ViewRootImpl@312ddea[MainActivity] mNativeObject= 0x71adc2ef30 sc.mNativeObject= 0x713dc51f00 caller= android.view.ViewRootImpl.updateBlastSurfaceIfNeeded:2909 android.view.ViewRootImpl.relayoutWindow:9847 android.view.ViewRootImpl.performTraversals:3884 android.view.ViewRootImpl.doTraversal:3116 android.view.ViewRootImpl$TraversalRunnable.run:10885 android.view.Choreographer$CallbackRecord.run:1301 android.view.Choreographer$CallbackRecord.run:1309 android.view.Choreographer.doCallbacks:923 android.view.Choreographer.doFrame:852 android.view.Choreographer$FrameDisplayEventReceiver.run:1283 
2025-11-28 20:35:26.488 29050-29050 BLASTBufferQueue        com.yourname.smartrecorder           I  update, w= 1440 h= 3088 mName = ViewRootImpl@312ddea[MainActivity] mNativeObject= 0x71adc2ef30 sc.mNativeObject= 0x713dc51f00 format= -1 caller= android.graphics.BLASTBufferQueue.<init>:84 android.view.ViewRootImpl.updateBlastSurfaceIfNeeded:2909 android.view.ViewRootImpl.relayoutWindow:9847 android.view.ViewRootImpl.performTraversals:3884 android.view.ViewRootImpl.doTraversal:3116 android.view.ViewRootImpl$TraversalRunnable.run:10885 
2025-11-28 20:35:26.488 29050-29050 ViewRootIm...nActivity] com.yourname.smartrecorder           I  Relayout returned: old=(0,0,1440,3088) new=(0,0,1440,3088) req=(1440,3088)0 dur=12 res=0x3 s={true 0x723dc59df0} ch=true seqId=0
2025-11-28 20:35:26.489 29050-29050 ViewRootIm...nActivity] com.yourname.smartrecorder           I  mThreadedRenderer.initialize() mSurface={isValid=true 0x723dc59df0} hwInitialized=true
2025-11-28 20:35:26.492 29050-29087 OpenGLRenderer          com.yourname.smartrecorder           D  eglCreateWindowSurface
2025-11-28 20:35:26.492 29050-29101 Gralloc4                com.yourname.smartrecorder           I  mapper 4.x is not supported
2025-11-28 20:35:26.493 29050-29101 Gralloc3                com.yourname.smartrecorder           W  mapper 3.x is not supported
2025-11-28 20:35:26.498 29050-29101 gralloc                 com.yourname.smartrecorder           I  Arm Module v1.0
2025-11-28 20:35:26.499 29050-29101 Gralloc4                com.yourname.smartrecorder           W  allocator 4.x is not supported
2025-11-28 20:35:26.500 29050-29101 Gralloc3                com.yourname.smartrecorder           W  allocator 3.x is not supported
2025-11-28 20:35:26.500 29050-29050 ViewRootIm...nActivity] com.yourname.smartrecorder           I  reportNextDraw android.view.ViewRootImpl.performTraversals:4438 android.view.ViewRootImpl.doTraversal:3116 android.view.ViewRootImpl$TraversalRunnable.run:10885 android.view.Choreographer$CallbackRecord.run:1301 android.view.Choreographer$CallbackRecord.run:1309 
2025-11-28 20:35:26.500 29050-29050 ViewRootIm...nActivity] com.yourname.smartrecorder           I  Setup new sync id=0
2025-11-28 20:35:26.500 29050-29050 ViewRootIm...nActivity] com.yourname.smartrecorder           I  Setting syncFrameCallback
2025-11-28 20:35:26.500 29050-29050 ViewRootIm...nActivity] com.yourname.smartrecorder           I  registerCallbacksForSync syncBuffer=false
2025-11-28 20:35:26.504 29050-29102 ViewRootIm...nActivity] com.yourname.smartrecorder           I  Received frameDrawingCallback syncResult=0 frameNum=1.
2025-11-28 20:35:26.504 29050-29102 ViewRootIm...nActivity] com.yourname.smartrecorder           I  Setting up sync and frameCommitCallback
2025-11-28 20:35:26.510   858-858   SurfaceFlinger          surfaceflinger                       I  [7b281e9 com.yourname.smartrecorder/com.yourname.smartrecorder.MainActivity#55282] FrameRatePriority: 1
2025-11-28 20:35:26.513   858-979   SurfaceFlinger          surfaceflinger                       D  [input] setFocusedWindow: 7b281e9 com.yourname.smartrecorder/com.yourname.smartrecorder.MainActivity
2025-11-28 20:35:26.513  1198-5906  InputDispatcher         system_server                        D  Focus request (0): 7b281e9 com.yourname.smartrecorder/com.yourname.smartrecorder.MainActivity but waiting because NO_WINDOW
2025-11-28 20:35:26.530 29050-29087 BLASTBufferQueue        com.yourname.smartrecorder           I  [ViewRootImpl@312ddea[MainActivity]#0](f:0,a:0) onFrameAvailable the first frame is available
2025-11-28 20:35:26.531 29050-29087 ViewRootIm...nActivity] com.yourname.smartrecorder           I  Received frameCommittedCallback lastAttemptedDrawFrameNum=1 didProduceBuffer=true
2025-11-28 20:35:26.531 29050-29087 OpenGLRenderer          com.yourname.smartrecorder           D  CFMS:: SetUp Pid : 29050    Tid : 29087
2025-11-28 20:35:26.535 29050-29087 Parcel                  com.yourname.smartrecorder           W  Expecting binder but got null!
2025-11-28 20:35:26.535 29050-29050 ViewRootIm...nActivity] com.yourname.smartrecorder           I  onSyncComplete
2025-11-28 20:35:26.535 29050-29050 ViewRootIm...nActivity] com.yourname.smartrecorder           I  setupSync seqId=0 mSyncId=0 fn=1 caller=android.view.ViewRootImpl$$ExternalSyntheticLambda11.accept:6 android.window.SurfaceSyncer.lambda$setupSync$1$android-window-SurfaceSyncer:128 android.window.SurfaceSyncer$$ExternalSyntheticLambda1.accept:8 android.window.SurfaceSyncer$SyncSet.checkIfSyncIsComplete:382 android.window.SurfaceSyncer$SyncSet.markSyncReady:359 android.window.SurfaceSyncer.markSyncReady:151 android.view.ViewRootImpl.performTraversals:4503 
2025-11-28 20:35:26.535 29050-29050 ViewRootIm...nActivity] com.yourname.smartrecorder           I  reportDrawFinished seqId=0 mSyncId=-1 fn=1 mSurfaceChangedTransaction=0x716dc38c50
2025-11-28 20:35:26.536  1198-4342  WindowManager           system_server                        D  finishDrawingWindow: Window{7b281e9 u0 com.yourname.smartrecorder/com.yourname.smartrecorder.MainActivity} mDrawState=DRAW_PENDING seqId=0
2025-11-28 20:35:26.539  1198-1288  WindowManager           system_server                        V  Finish starting ActivityRecord{813ed11 u0 com.yourname.smartrecorder/.MainActivity} t22773}: first real window is shown, no animation
2025-11-28 20:35:26.540  1198-1288  WindowManager           system_server                        V  Schedule remove starting ActivityRecord{813ed11 u0 com.yourname.smartrecorder/.MainActivity} t22773} startingWindow=null startingView=null Callers=com.android.server.wm.ActivityRecord.removeStartingWindow:3246 com.android.server.wm.ActivityRecord.onFirstWindowDrawn:7482 com.android.server.wm.WindowState.performShowLocked:5519 com.android.server.wm.WindowStateAnimator.commitFinishDrawingLocked:352 com.android.server.wm.DisplayContent.lambda$new$8:1189 
2025-11-28 20:35:26.541  1198-1288  WindowManager           system_server                        V  performShowLocked: mDrawState=HAS_DRAWN in Window{7b281e9 u0 com.yourname.smartrecorder/com.yourname.smartrecorder.MainActivity}
2025-11-28 20:35:26.544  1198-1284  PkgPredict...erviceImpl system_server                        I  reportToNAP uid:11025 com.yourname.smartrecorder/com.yourname.smartrecorder.MainActivity thisTime:906
2025-11-28 20:35:26.545  1198-5906  InputDispatcher         system_server                        D  Focus entered window (0): 7b281e9 com.yourname.smartrecorder/com.yourname.smartrecorder.MainActivity
2025-11-28 20:35:26.546  1198-1288  TaskOrganizerController system_server                        D  applyStartingWindowAnimation, window=Window{7b281e9 u0 com.yourname.smartrecorder/com.yourname.smartrecorder.MainActivity}, caller=com.android.server.wm.TaskOrganizerController.removeStartingWindow:573 com.android.server.wm.StartingSurfaceController$StartingSurface.remove:287 com.android.server.wm.ActivityRecord.lambda$removeStartingWindowAnimation$6:3311 
2025-11-28 20:35:26.546  1198-1288  WindowManager           system_server                        I  Reparenting to leash, surface=Surface(name=7b281e9 com.yourname.smartrecorder/com.yourname.smartrecorder.MainActivity)/@0x3882893, leashParent=Surface(name=ActivityRecord{813ed11 u0 com.yourname.smartrecorder/.MainActivity} t22773})/@0x20840d0
2025-11-28 20:35:26.546   858-1168  SurfaceFlinger          surfaceflinger                       I  id=55286 createSurf flag=24000, Surface(name=7b281e9 com.yourname.smartrecorder/com.yourname.smartrecorder.MainActivity)/@0x3882893 - animation-leash of starting_reveal#55286
2025-11-28 20:35:26.548  1198-1288  WindowManager           system_server                        D  makeSurface duration=2 leash=Surface(name=Surface(name=7b281e9 com.yourname.smartrecorder/com.yourname.smartrecorder.MainActivity)/@0x3882893 - animation-leash of starting_reveal)/@0x3dbcbce
2025-11-28 20:35:26.550   858-858   SurfaceFlinger          surfaceflinger                       D  Display 4633128672291735937 HWC layers:
