                                                                                                      fitSides= naviIconColor=0}
2025-11-27 04:16:22.491  1198-4479  WindowManager           system_server                        V  Relayout Window{ce843ea u0 com.app.numerology/com.app.numerology.MainActivity}: viewVisibility=0 req=1440x3088 d0
2025-11-27 04:16:22.492   858-1169  SurfaceFlinger          surfaceflinger                       I  id=25448 createSurf flag=40004, com.app.numerology/com.app.numerology.MainActivity$_8145#25448
2025-11-27 04:16:22.493  1198-4479  WindowManager           system_server                        D  makeSurface duration=1 name=com.app.numerology/com.app.numerology.MainActivity$_8145
2025-11-27 04:16:22.494  1198-4479  WindowManager           system_server                        V  Changing focus from null to Window{ce843ea u0 com.app.numerology/com.app.numerology.MainActivity} displayId=0 Callers=com.android.server.wm.RootWindowContainer.updateFocusedWindowLocked:595 com.android.server.wm.WindowManagerService.updateFocusedWindowLocked:6810 com.android.server.wm.WindowManagerService.relayoutWindow:2820 com.android.server.wm.Session.relayout:274 
2025-11-27 04:16:22.494  1198-4479  MARsPolicyManager       system_server                        D  onPackageResumedFG pkgName = com.app.numerology, userId = 0
2025-11-27 04:16:22.498  1198-4479  WindowManager           system_server                        D  updateSystemBarAttributes: displayId=0, win=Window{ce843ea u0 com.app.numerology/com.app.numerology.MainActivity}, navColorWin=Window{3370fa4 u0 Splash Screen com.app.numerology}, focusedCanBeNavColorWin=false, behavior=1, appearance=24, statusBarAppearanceRegions=[AppearanceRegion{LIGHT_STATUS_BARS bounds=[0,0][1440,3088]}], requestedVisibilities=, from=com.android.server.wm.DisplayPolicy.focusChangedLw:3251 com.android.server.wm.DisplayContent.updateFocusedWindowLocked:4632 com.android.server.wm.RootWindowContainer.updateFocusedWindowLocked:595 
2025-11-27 04:16:22.498 22947-22947 SamsungLig...trolHelper com.android.systemui                 D  onStatusBarAppearanceChanged() -  sbModeChanged:false, statusBarMode:MODE_TRANSPARENT, barState:SHADE, isKeyguardShowing:false, navbarColorManagedByIme:false, stackAppearancesChanged:true, (AppearanceRegion{LIGHT_STATUS_BARS bounds=[0,0][1440,3088]}, ), packageName:com.app.numerology
2025-11-27 04:16:22.498 22947-22947 NavigationBar           com.android.systemui                 D  onSystemBarAttributesChanged() -  displayId:0, appearance:24, packageName: com.app.numerology (APPEARANCE_LIGHT_STATUS_BARS APPEARANCE_LIGHT_NAVIGATION_BARS ), navbarColorManagedByIme:false
2025-11-27 04:16:22.499 22947-22947 SamsungLig...trolHelper com.android.systemui                 D  updateStatus(BLACK icon) NumStacks:1, StatusBarMode:MODE_TRANSPARENT, lightBarBounds:[Rect(0, 0 - 1440, 3088)], StatusBarState:SHADE, packageName:com.app.numerology, isWhiteKeyguardStatusBarBySettings:true
2025-11-27 04:16:22.500  8145-8145  ViewRootIm...nActivity] com.app.numerology                   I  updateBlastSurfaceIfNeeded mBlastBufferQueue=null isSameSurfaceControl=false
2025-11-27 04:16:22.501  8145-8145  BLASTBufferQueue        com.app.numerology                   I  new BLASTBufferQueue, mName= ViewRootImpl@bf37b35[MainActivity] mNativeObject= 0x71adc36f50 sc.mNativeObject= 0x713dc498f0 caller= android.view.ViewRootImpl.updateBlastSurfaceIfNeeded:2909 android.view.ViewRootImpl.relayoutWindow:9847 android.view.ViewRootImpl.performTraversals:3884 android.view.ViewRootImpl.doTraversal:3116 android.view.ViewRootImpl$TraversalRunnable.run:10885 android.view.Choreographer$CallbackRecord.run:1301 android.view.Choreographer$CallbackRecord.run:1309 android.view.Choreographer.doCallbacks:923 android.view.Choreographer.doFrame:852 android.view.Choreographer$FrameDisplayEventReceiver.run:1283 
2025-11-27 04:16:22.501  8145-8145  BLASTBufferQueue        com.app.numerology                   I  update, w= 1440 h= 3088 mName = ViewRootImpl@bf37b35[MainActivity] mNativeObject= 0x71adc36f50 sc.mNativeObject= 0x713dc498f0 format= -1 caller= android.graphics.BLASTBufferQueue.<init>:84 android.view.ViewRootImpl.updateBlastSurfaceIfNeeded:2909 android.view.ViewRootImpl.relayoutWindow:9847 android.view.ViewRootImpl.performTraversals:3884 android.view.ViewRootImpl.doTraversal:3116 android.view.ViewRootImpl$TraversalRunnable.run:10885 
2025-11-27 04:16:22.501  8145-8145  ViewRootIm...nActivity] com.app.numerology                   I  Relayout returned: old=(0,0,1440,3088) new=(0,0,1440,3088) req=(1440,3088)0 dur=9 res=0x3 s={true 0x723dc338d0} ch=true seqId=0
2025-11-27 04:16:22.504  8145-8145  ViewRootIm...nActivity] com.app.numerology                   I  mThreadedRenderer.initialize() mSurface={isValid=true 0x723dc338d0} hwInitialized=true
2025-11-27 04:16:22.509  8145-8174  OpenGLRenderer          com.app.numerology                   D  eglCreateWindowSurface
2025-11-27 04:16:22.512  8145-8145  ViewRootIm...nActivity] com.app.numerology                   I  reportNextDraw android.view.ViewRootImpl.performTraversals:4438 android.view.ViewRootImpl.doTraversal:3116 android.view.ViewRootImpl$TraversalRunnable.run:10885 android.view.Choreographer$CallbackRecord.run:1301 android.view.Choreographer$CallbackRecord.run:1309 
2025-11-27 04:16:22.513  8145-8193  Gralloc4                com.app.numerology                   I  mapper 4.x is not supported
2025-11-27 04:16:22.514  8145-8193  Gralloc3                com.app.numerology                   W  mapper 3.x is not supported
2025-11-27 04:16:22.518  8145-8193  gralloc                 com.app.numerology                   I  Arm Module v1.0
2025-11-27 04:16:22.522  8145-8193  Gralloc4                com.app.numerology                   W  allocator 4.x is not supported
2025-11-27 04:16:22.523   858-858   SurfaceFlinger          surfaceflinger                       I  [ce843ea com.app.numerology/com.app.numerology.MainActivity#25447] FrameRatePriority: 1
2025-11-27 04:16:22.525   858-979   SurfaceFlinger          surfaceflinger                       D  [input] setFocusedWindow: ce843ea com.app.numerology/com.app.numerology.MainActivity
2025-11-27 04:16:22.526  1198-3312  InputDispatcher         system_server                        D  Focus request (0): ce843ea com.app.numerology/com.app.numerology.MainActivity but waiting because NO_WINDOW
2025-11-27 04:16:22.523  8145-8193  Gralloc3                com.app.numerology                   W  allocator 3.x is not supported
2025-11-27 04:16:22.653  8145-8152  .app.numerology         com.app.numerology                   I  Compiler allocated 6178KB to compile void android.view.ViewRootImpl.performTraversals()
2025-11-27 04:16:22.678  4879-4879  Routine@Co...overHelper com.samsung.android.app.routines     I  setLastResumedPackageForCover mLastResumedPackage = com.app.numerology
2025-11-27 04:16:22.678  4879-4879  Routine@Co...cleWatcher com.samsung.android.app.routines     I  notifyLifecycleChanged mCurResumedComponent=com.app.numerology
2025-11-27 04:16:22.998  1198-1287  SGM:GameManager         system_server                        D  identifyForegroundApp. com.app.numerology, mCurrentUserId: 0, callerUserId: 0
2025-11-27 04:16:22.998  1198-1287  SGM:PkgDataHelper       system_server                        D  getGamePkgData(). com.app.numerology
2025-11-27 04:16:23.023  8145-8145  ViewRootIm...nActivity] com.app.numerology                   I  Setup new sync id=0
2025-11-27 04:16:23.023  8145-8145  ViewRootIm...nActivity] com.app.numerology                   I  Setting syncFrameCallback
2025-11-27 04:16:23.023  8145-8145  ViewRootIm...nActivity] com.app.numerology                   I  registerCallbacksForSync syncBuffer=false
2025-11-27 04:16:23.036  8145-8196  ViewRootIm...nActivity] com.app.numerology                   I  Received frameDrawingCallback syncResult=0 frameNum=1.
2025-11-27 04:16:23.036  8145-8196  ViewRootIm...nActivity] com.app.numerology                   I  Setting up sync and frameCommitCallback
2025-11-27 04:16:23.105  1198-1376  AppsFilter              system_server                        I  interaction: PackageSetting{a3f1f37 com.example.realtalkenglishwithAI/10912} -> PackageSetting{aaae0c6 com.app.numerology/10947} BLOCKED
2025-11-27 04:16:23.105  1198-1376  AppsFilter              system_server                        I  interaction: PackageSetting{450551c com.marketsnap.app/10921} -> PackageSetting{aaae0c6 com.app.numerology/10947} BLOCKED
2025-11-27 04:16:23.105  1198-1376  AppsFilter              system_server                        I  interaction: PackageSetting{7a2d004 com.yourname.smartrecorder/10945} -> PackageSetting{aaae0c6 com.app.numerology/10947} BLOCKED
2025-11-27 04:16:23.121  8145-8174  BLASTBufferQueue        com.app.numerology                   I  [ViewRootImpl@bf37b35[MainActivity]#0](f:0,a:0) onFrameAvailable the first frame is available
2025-11-27 04:16:23.122  8145-8174  ViewRootIm...nActivity] com.app.numerology                   I  Received frameCommittedCallback lastAttemptedDrawFrameNum=1 didProduceBuffer=true
2025-11-27 04:16:23.122  8145-8174  OpenGLRenderer          com.app.numerology                   D  CFMS:: SetUp Pid : 8145    Tid : 8174
2025-11-27 04:16:23.125  8145-8174  Parcel                  com.app.numerology                   W  Expecting binder but got null!
2025-11-27 04:16:23.126  8145-8145  ViewRootIm...nActivity] com.app.numerology                   I  onSyncComplete
2025-11-27 04:16:23.126  8145-8145  ViewRootIm...nActivity] com.app.numerology                   I  setupSync seqId=0 mSyncId=0 fn=1 caller=android.view.ViewRootImpl$$ExternalSyntheticLambda11.accept:6 android.window.SurfaceSyncer.lambda$setupSync$1$android-window-SurfaceSyncer:128 android.window.SurfaceSyncer$$ExternalSyntheticLambda1.accept:8 android.window.SurfaceSyncer$SyncSet.checkIfSyncIsComplete:382 android.window.SurfaceSyncer$SyncSet.markSyncReady:359 android.window.SurfaceSyncer.markSyncReady:151 android.view.ViewRootImpl.performTraversals:4503 
2025-11-27 04:16:23.126  8145-8145  ViewRootIm...nActivity] com.app.numerology                   I  reportDrawFinished seqId=0 mSyncId=-1 fn=1 mSurfaceChangedTransaction=0x716dc4c2d0
2025-11-27 04:16:23.126  1198-1904  WindowManager           system_server                        D  finishDrawingWindow: Window{ce843ea u0 com.app.numerology/com.app.numerology.MainActivity} mDrawState=DRAW_PENDING seqId=0
2025-11-27 04:16:23.130  1198-1288  WindowManager           system_server                        V  Finish starting ActivityRecord{c18b4f u0 com.app.numerology/.MainActivity} t22495}: first real window is shown, no animation
2025-11-27 04:16:23.130  1198-1288  WindowManager           system_server                        V  Schedule remove starting ActivityRecord{c18b4f u0 com.app.numerology/.MainActivity} t22495} startingWindow=null startingView=null Callers=com.android.server.wm.ActivityRecord.removeStartingWindow:3246 com.android.server.wm.ActivityRecord.onFirstWindowDrawn:7482 com.android.server.wm.WindowState.performShowLocked:5519 com.android.server.wm.WindowStateAnimator.commitFinishDrawingLocked:352 com.android.server.wm.DisplayContent.lambda$new$8:1189 
2025-11-27 04:16:23.131  1198-1288  WindowManager           system_server                        V  performShowLocked: mDrawState=HAS_DRAWN in Window{ce843ea u0 com.app.numerology/com.app.numerology.MainActivity}
2025-11-27 04:16:23.132  1198-1284  PkgPredict...erviceImpl system_server                        I  reportToNAP uid:10947 com.app.numerology/com.app.numerology.MainActivity thisTime:1798
2025-11-27 04:16:23.134  1198-1284  ActivityTaskManager     system_server                        I  Displayed com.app.numerology/.MainActivity: +1s798ms
2025-11-27 04:16:23.134  1198-1284  Pageboost               system_server                        I  Launch time gathered : pid 8145 com.app.numerology 1798
2025-11-27 04:16:23.135  1198-1288  TaskOrganizerController system_server                        D  applyStartingWindowAnimation, window=Window{ce843ea u0 com.app.numerology/com.app.numerology.MainActivity}, caller=com.android.server.wm.TaskOrganizerController.removeStartingWindow:573 com.android.server.wm.StartingSurfaceController$StartingSurface.remove:287 com.android.server.wm.ActivityRecord.lambda$removeStartingWindowAnimation$6:3311 
2025-11-27 04:16:23.135  1198-1288  WindowManager           system_server                        I  Reparenting to leash, surface=Surface(name=ce843ea com.app.numerology/com.app.numerology.MainActivity)/@0x1602502, leashParent=Surface(name=ActivityRecord{c18b4f u0 com.app.numerology/.MainActivity} t22495})/@0x2c28e13
2025-11-27 04:16:23.135   858-1168  SurfaceFlinger          surfaceflinger                       I  id=25451 createSurf flag=24000, Surface(name=ce843ea com.app.numerology/com.app.numerology.MainActivity)/@0x1602502 - animation-leash of starting_reveal#25451
2025-11-27 04:16:23.136  1198-1288  WindowManager           system_server                        D  makeSurface duration=0 leash=Surface(name=Surface(name=ce843ea com.app.numerology/com.app.numerology.MainActivity)/@0x1602502 - animation-leash of starting_reveal)/@0xa2f8f4e
2025-11-27 04:16:23.140   858-858   Layer                   surfaceflinger                       I  Layer [com.app.numerology/com.app.numerology.MainActivity$_8145#25448] hidden!! flag(0)
2025-11-27 04:16:23.140  1198-1288  ActivityTaskManager     system_server                        D  mStartingWindow and mStartingData is null for token=ActivityRecord{c18b4f u0 com.app.numerology/.MainActivity} t22495}
2025-11-27 04:16:23.142  1198-1904  InputDispatcher         system_server                        D  Focus entered window (0): ce843ea com.app.numerology/com.app.numerology.MainActivity
2025-11-27 04:16:23.144  8145-8145  ViewRootIm...nActivity] com.app.numerology                   I  MSG_WINDOW_FOCUS_CHANGED 1 0
2025-11-27 04:16:23.144  8145-8145  ViewRootIm...nActivity] com.app.numerology                   I  mThreadedRenderer.initializeIfNeeded()#2 mSurface={isValid=true 0x723dc338d0}
2025-11-27 04:16:23.145  1198-1198  AppWidgetServiceImpl    system_server                        I  Received broadcast: android.intent.action.PACKAGE_CHANGED, Updates all providers with com.app.numerology, userId: 0
2025-11-27 04:16:23.145  1198-1198  DualDARComnService      system_server                        D  reConnectAgentsByPkgName:: package: com.app.numerology
2025-11-27 04:16:23.145  8145-8145  InputMethodManager      com.app.numerology                   D  startInputInner - Id : 0
2025-11-27 04:16:23.145  8145-8145  InputMethodManager      com.app.numerology                   I  startInputInner - mService.startInputOrWindowGainedFocus
2025-11-27 04:16:23.146   858-858   SurfaceFlinger          surfaceflinger                       D  Display 4633128672291735937 HWC layers:
                                                                                                         DEVICE | 0x70f52ee6b0 | 0102 | RGBA_8888    |    0.0    0.0 1440.0 3088.0 |    0    0 1440 3088 | com.app.numerology/com.app.numerology.MainActivity$_8145#25448
                                                                                                         DEVICE | 0x70f52e8710 | 0100 | RGBA_8888    |    0.0    0.0 1440.0 3088.0 |    0    0 1440 3088 | Splash Screen com.app.numerology$_22947#25435
                                                                                                         DEVICE | 0x70f52ec970 | 0100 | RGBA_8888    |    0.0    0.0 1440.0 3088.0 |    0    0 1440 3088 | Bubbles!$_22947#25255
                                                                                                         DEVICE | 0x70f52dd8b0 | 0100 | RGBA_8888    |    0.0    0.0 1440.0   90.0 |    0    0 1440   90 | StatusBar$_22947#4630
                                                                                                         DEVICE | 0x70f52d52d0 | 0100 | RGBA_8888    |    0.0    0.0   67.0  708.0 | 1373  391 1440 1099 | com.samsung.android.app.cocktailbars[...]rvice.CocktailBarService$_4533#25417
                                                                                                         DEVICE | 0x70f52d88d0 | 0100 | RGBA_8888    |    0.0    0.0 1440.0  168.0 |    0 2920 1440 3088 | NavigationBar0$_22947#4625
2025-11-27 04:16:23.149  1198-1446  OverlayManager          system_server                        D  reconcileSettingsForPackage pkgName=com.app.numerology userId=0
2025-11-27 04:16:23.149  1198-1446  OverlayManager          system_server                        I  updateOverlaysForTarget() called with: targetPackage = [com.app.numerology], userId = [0], flags = [0], skipUpdateState = [true]
2025-11-27 04:16:23.149  1706-1706  CarrierSvcBindHelper    com.android.phone                    D  onPackageModified: com.app.numerology
2025-11-27 04:16:23.151  1198-1284  CompanionD...gerService system_server                        I  onPackageModified() u0/com.app.numerology
2025-11-27 04:16:23.151  5381-6629  DWBh                    com.samsung.android.forest           I  onPackageAdded Already Exist : com.app.numerology
2025-11-27 04:16:23.151  1198-1853  WindowManager           system_server                        V  Relayout Window{3370fa4 u0 Splash Screen com.app.numerology}: viewVisibility=0 req=1440x3088 d0
2025-11-27 04:16:23.152 22947-23121 PluginInstanceManager   com.android.systemui                 D  queryPkg com.app.numerology com.android.systemui.action.PLUGIN_QS_FACTORY
2025-11-27 04:16:23.152 22947-23121 PluginInstanceManager   com.android.systemui                 D  queryPkg com.app.numerology com.android.systemui.action.PEOPLE_HUB_PERSON_EXTRACTOR
2025-11-27 04:16:23.152 22947-23121 PluginInstanceManager   com.android.systemui                 D  queryPkg com.app.numerology com.android.systemui.action.PLUGIN_GLOBAL_ACTIONS
2025-11-27 04:16:23.152 22947-23121 PluginInstanceManager   com.android.systemui                 D  queryPkg com.app.numerology com.android.systemui.action.PLUGIN_QS
2025-11-27 04:16:23.152 22947-23121 PluginInstanceManager   com.android.systemui                 D  queryPkg com.app.numerology com.android.systemui.action.PLUGIN_CLOCK
2025-11-27 04:16:23.152 22947-23121 PluginInstanceManager   com.android.systemui                 D  queryPkg com.app.numerology com.android.systemui.action.PLUGIN_NOTIFICATION_MENU_ROW
2025-11-27 04:16:23.152 22947-23121 PluginInstanceManager   com.android.systemui                 D  queryPkg com.app.numerology com.android.systemui.action.PLUGIN_LOCKSCREEN_RIGHT_BUTTON
2025-11-27 04:16:23.152 22947-23121 PluginInstanceManager   com.android.systemui                 D  queryPkg com.app.numerology com.android.systemui.action.PLUGIN_LOCKSCREEN_RIGHT_BUTTON
2025-11-27 04:16:23.152 22947-23121 PluginInstanceManager   com.android.systemui                 D  queryPkg com.app.numerology com.android.systemui.action.PLUGIN_LOCKSCREEN_LEFT_BUTTON
2025-11-27 04:16:23.152 22947-23121 PluginInstanceManager   com.android.systemui                 D  queryPkg com.app.numerology com.android.systemui.action.PLUGIN_LOCKSCREEN_LEFT_BUTTON
2025-11-27 04:16:23.152 22947-23121 PluginInstanceManager   com.android.systemui                 D  queryPkg com.app.numerology com.android.systemui.action.PLUGIN_NOTIFICATION_ASSISTANT
2025-11-27 04:16:23.152 22947-23121 PluginInstanceManager   com.android.systemui                 D  queryPkg com.app.numerology com.android.systemui.action.PLUGIN_OVERLAY
2025-11-27 04:16:23.152 22947-23121 PluginInstanceManager   com.android.systemui                 D  queryPkg com.app.numerology com.android.systemui.action.PLUGIN_CLOCK
2025-11-27 04:16:23.152 22947-23121 PluginInstanceManager   com.android.systemui                 D  queryPkg com.app.numerology com.samsung.systemui.action.PLUGIN_FACE_WIDGET
2025-11-27 04:16:23.152 22947-23121 PluginInstanceManager   com.android.systemui                 D  queryPkg com.app.numerology com.android.systemui.action.PLUGIN_SENSOR_MANAGER
2025-11-27 04:16:23.152 22947-23121 PluginInstanceManager   com.android.systemui                 D  queryPkg com.app.numerology com.android.systemui.action.PLUGIN_TOAST
2025-11-27 04:16:23.152 22947-23121 PluginInstanceManager   com.android.systemui                 D  queryPkg com.app.numerology com.android.systemui.action.PLUGIN_VOLUME
2025-11-27 04:16:23.152  1198-1853  WindowManager           system_server                        D  updateSystemBarAttributes: displayId=0, win=Window{ce843ea u0 com.app.numerology/com.app.numerology.MainActivity}, navColorWin=Window{3370fa4 u0 Splash Screen com.app.numerology}, focusedCanBeNavColorWin=false, behavior=1, appearance=8, statusBarAppearanceRegions=[AppearanceRegion{ bounds=[0,0][1440,3088]}], requestedVisibilities=, from=com.android.server.wm.DisplayPolicy.finishPostLayoutPolicyLw:2531 com.android.server.wm.DisplayContent.applySurfaceChangesTransaction:5713 com.android.server.wm.RootWindowContainer.applySurfaceChangesTransaction:1234 
2025-11-27 04:16:23.153  1198-1198  ApplicationPolicy       system_server                        D  No updatable permission to DENY found for com.app.numerology(0)
2025-11-27 04:16:23.154  1706-1706  ImsResolver             com.android.phone                    D  maybeAddedImsService, packageName: com.app.numerology
2025-11-27 04:16:23.154 22947-22995 InsetsController        com.android.systemui                 D  onStateChanged: InsetsState: {mDisplayFrame=Rect(0, 0 - 1440, 3088), mDisplayCutout=DisplayCutout{insets=Rect(0, 89 - 0, 0) waterfall=Insets{left=0, top=0, right=0, bottom=0} boundingRect={Bounds=[Rect(0, 0 - 0, 0), Rect(685, 0 - 755, 89), Rect(0, 0 - 0, 0), Rect(0, 0 - 0, 0)]} cutoutPathParserInfo={CutoutPathParserInfo{displayWidth=1440 displayHeight=3088 physicalDisplayWidth=1440 physicalDisplayHeight=3088 density={3.5} cutoutSpec={M 0,0 H -10 V 25.42857142857143 H 10 V 0 H 0 Z @dp} rotation={0} scale={1.0} physicalPixelDisplaySizeRatio={1.0}}}}, mRoundedCorners=RoundedCorners{[RoundedCorner{position=TopLeft, radius=112, center=Point(112, 112)}, RoundedCorner{position=TopRight, radius=112, center=Point(1328, 112)}, RoundedCorner{position=BottomRight, radius=112, center=Point(1328, 2976)}, RoundedCorner{position=BottomLeft, radius=112, center=Point(112, 2976)}]}  mRoundedCornerFrame=Rect(0, 0 - 1440, 3088), mPrivacyIndicatorBounds=PrivacyIndicatorBounds {static bounds=Rect(1286, 0 - 1440, 90) rotation=0}, mSources= { InsetsSource: {mType=ITYPE_STATUS_BAR, mFrame=[0,0][1440,90], mVisible=true, mInsetsRoundedCornerFrame=false}, InsetsSource: {mType=ITYPE_NAVIGATION_BAR, mFrame=[0,2920][1440,3088], mVisible=true, mInsetsRoundedCornerFrame=false}, InsetsSource: {mType=ITYPE_LEFT_GESTURES, mFrame=[0,0][0,3088], mVisible=true, mInsetsRoundedCornerFrame=false}, InsetsSource: {mType=ITYPE_RIGHT_GESTURES, mFrame=[1440,0][1440,3088], mVisible=true, mInsetsRoundedCornerFrame=false}, InsetsSource: {mType=ITYPE_TOP_MANDATORY_GESTURES, mFrame=[0,0][1440,131], mVisible=true, mInsetsRoundedCornerFrame=false}, InsetsSource: {mType=ITYPE_BOTTOM_MANDATORY_GESTURES, mFrame=[0,2920][1440,3088], mVisible=true, mInsetsRoundedCornerFrame=false}, InsetsSource: {mType=ITYPE_LEFT_DISPLAY_CUTOUT, mFrame=[0,0][-100000,3088], mVisible=true, mInsetsRoundedCornerFrame=false}, InsetsSource: {mType=ITYPE_TOP_DISPLAY_CUTOUT, mFrame=[0,0][1440,89], mVisible=true, mInsetsRoundedCornerFrame=false}, InsetsSource: {mType=ITYPE_RIGHT_DISPLAY_CUTOUT, mFrame=[100000,0][1440,3088], mVisible=true, mInsetsRoundedCornerFrame=false}, InsetsSource: {mType=ITYPE_BOTTOM_DISPLAY_CUTOUT, mFrame=[0,100000][1440,3088], mVisible=true, mInsetsRoundedCornerFrame=false}, InsetsSource: {mType=ITYPE_TOP_TAPPABLE_ELEMENT, mFrame=[0,0][1440,90], mVisible=true, mInsetsRoundedCornerFrame=false}, InsetsSource: {mType=ITYPE_BOTTOM_TAPPABLE_ELEMENT, mFrame=[0,2920][1440,3088], mVisible=true, mInsetsRoundedCornerFrame=false} } host=Splash Screen com.app.numerology from=android.view.ViewRootImpl.relayoutWindow:9802
2025-11-27 04:16:23.154  8145-8145  InputMethodManager      com.app.numerology                   D  startInputInner - Id : 0
2025-11-27 04:16:23.160 22947-22947 SamsungLig...trolHelper com.android.systemui                 D  onStatusBarAppearanceChanged() -  sbModeChanged:false, statusBarMode:MODE_TRANSPARENT, barState:SHADE, isKeyguardShowing:false, navbarColorManagedByIme:false, stackAppearancesChanged:true, (AppearanceRegion{ bounds=[0,0][1440,3088]}, ), packageName:com.app.numerology
2025-11-27 04:16:23.160 22947-22947 NavigationBar           com.android.systemui                 D  onSystemBarAttributesChanged() -  displayId:0, appearance:8, packageName: com.app.numerology (APPEARANCE_LIGHT_STATUS_BARS ), navbarColorManagedByIme:false
2025-11-27 04:16:23.160 22947-22947 SamsungLig...trolHelper com.android.systemui                 D  updateNavigation(White button) isLightBar:false, hasLightBarNavigationBarFlag:false, packageName:com.app.numerology, DirectReplying:false, NavBarColorManagerdByIme:false, ForceDarkForScrim:false, QsCustomizing:false, PanelHasWhiteBg:true
2025-11-27 04:16:23.160 22947-22947 FaceWidget...dataParser com.android.systemui                 D  updatePackage() com.app.numerology false
2025-11-27 04:16:23.161 22947-22947 FaceWidget...dataParser com.android.systemui                 D  removePackage() key = com.app.numerology
2025-11-27 04:16:23.162 22947-22947 SamsungLig...trolHelper com.android.systemui                 D  updateStatus(WHITE icon) NumStacks:1, StatusBarMode:MODE_TRANSPARENT, lightBarBounds:[], StatusBarState:SHADE, packageName:com.app.numerology, isWhiteKeyguardStatusBarBySettings:true
2025-11-27 04:16:23.163  8145-8145  InsetsController        com.app.numerology                   D  onStateChanged: InsetsState: {mDisplayFrame=Rect(0, 0 - 1440, 3088), mDisplayCutout=DisplayCutout{insets=Rect(0, 89 - 0, 0) waterfall=Insets{left=0, top=0, right=0, bottom=0} boundingRect={Bounds=[Rect(0, 0 - 0, 0), Rect(685, 0 - 755, 89), Rect(0, 0 - 0, 0), Rect(0, 0 - 0, 0)]} cutoutPathParserInfo={CutoutPathParserInfo{displayWidth=1440 displayHeight=3088 physicalDisplayWidth=1440 physicalDisplayHeight=3088 density={3.5} cutoutSpec={M 0,0 H -10 V 25.42857142857143 H 10 V 0 H 0 Z @dp} rotation={0} scale={1.0} physicalPixelDisplaySizeRatio={1.0}}}}, mRoundedCorners=RoundedCorners{[RoundedCorner{position=TopLeft, radius=112, center=Point(112, 112)}, RoundedCorner{position=TopRight, radius=112, center=Point(1328, 112)}, RoundedCorner{position=BottomRight, radius=112, center=Point(1328, 2976)}, RoundedCorner{position=BottomLeft, radius=112, center=Point(112, 2976)}]}  mRoundedCornerFrame=Rect(0, 0 - 1440, 3088), mPrivacyIndicatorBounds=PrivacyIndicatorBounds {static bounds=Rect(1286, 0 - 1440, 90) rotation=0}, mSources= { InsetsSource: {mType=ITYPE_STATUS_BAR, mFrame=[0,0][1440,90], mVisible=true, mInsetsRoundedCornerFrame=false}, InsetsSource: {mType=ITYPE_NAVIGATION_BAR, mFrame=[0,2920][1440,3088], mVisible=true, mInsetsRoundedCornerFrame=false}, InsetsSource: {mType=ITYPE_LEFT_GESTURES, mFrame=[0,0][0,3088], mVisible=true, mInsetsRoundedCornerFrame=false}, InsetsSource: {mType=ITYPE_RIGHT_GESTURES, mFrame=[1440,0][1440,3088], mVisible=true, mInsetsRoundedCornerFrame=false}, InsetsSource: {mType=ITYPE_TOP_MANDATORY_GESTURES, mFrame=[0,0][1440,131], mVisible=true, mInsetsRoundedCornerFrame=false}, InsetsSource: {mType=ITYPE_BOTTOM_MANDATORY_GESTURES, mFrame=[0,2920][1440,3088], mVisible=true, mInsetsRoundedCornerFrame=false}, InsetsSource: {mType=ITYPE_LEFT_DISPLAY_CUTOUT, mFrame=[0,0][-100000,3088], mVisible=true, mInsetsRoundedCornerFrame=false}, InsetsSource: {mType=ITYPE_TOP_DISPLAY_CUTOUT, mFrame=[0,0][1440,89], mVisible=true, mInsetsRoundedCornerFrame=false}, InsetsSource: {mType=ITYPE_RIGHT_DISPLAY_CUTOUT, mFrame=[100000,0][1440,3088], mVisible=true, mInsetsRoundedCornerFrame=false}, InsetsSource: {mType=ITYPE_BOTTOM_DISPLAY_CUTOUT, mFrame=[0,100000][1440,3088], mVisible=true, mInsetsRoundedCornerFrame=false}, InsetsSource: {mType=ITYPE_TOP_TAPPABLE_ELEMENT, mFrame=[0,0][1440,90], mVisible=true, mInsetsRoundedCornerFrame=false}, InsetsSource: {mType=ITYPE_BOTTOM_TAPPABLE_ELEMENT, mFrame=[0,2920][1440,3088], mVisible=true, mInsetsRoundedCornerFrame=false}, InsetsSource: {mType=ITYPE_IME, mFrame=[0,0][0,0], mVisibleFrame=[0,1886][1440,3088], mVisible=false, mInsetsRoundedCornerFrame=false} } host=com.app.numerology/com.app.numerology.MainActivity from=android.view.ViewRootImpl$ViewRootHandler.handleMessageImpl:6740
2025-11-27 04:16:23.173  1198-1198  ApplicationPolicy       system_server                        D  No updatable permission to GRANT found for com.app.numerology(0)
2025-11-27 04:16:23.205  1198-4184  WindowManager           system_server                        V  Relayout Window{3370fa4 u0 Splash Screen com.app.numerology}: viewVisibility=8 req=1440x3088 d0
2025-11-27 04:16:23.205  1198-4184  WindowManager           system_server                        D  updateSystemBarAttributes: displayId=0, win=Window{ce843ea u0 com.app.numerology/com.app.numerology.MainActivity}, navColorWin=Window{ce843ea u0 com.app.numerology/com.app.numerology.MainActivity}, focusedCanBeNavColorWin=false, behavior=1, appearance=24, statusBarAppearanceRegions=[AppearanceRegion{LIGHT_STATUS_BARS bounds=[0,0][1440,3088]}], requestedVisibilities=, from=com.android.server.wm.DisplayPolicy.finishPostLayoutPolicyLw:2531 com.android.server.wm.DisplayContent.applySurfaceChangesTransaction:5713 com.android.server.wm.RootWindowContainer.applySurfaceChangesTransaction:1234 
2025-11-27 04:16:23.206 22947-22947 SamsungLig...trolHelper com.android.systemui                 D  onStatusBarAppearanceChanged() -  sbModeChanged:false, statusBarMode:MODE_TRANSPARENT, barState:SHADE, isKeyguardShowing:false, navbarColorManagedByIme:false, stackAppearancesChanged:true, (AppearanceRegion{LIGHT_STATUS_BARS bounds=[0,0][1440,3088]}, ), packageName:com.app.numerology
2025-11-27 04:16:23.206 22947-22947 NavigationBar           com.android.systemui                 D  onSystemBarAttributesChanged() -  displayId:0, appearance:24, packageName: com.app.numerology (APPEARANCE_LIGHT_STATUS_BARS APPEARANCE_LIGHT_NAVIGATION_BARS ), navbarColorManagedByIme:false
2025-11-27 04:16:23.206 22947-22947 SamsungLig...trolHelper com.android.systemui                 D  updateNavigation(Black button) isLightBar:false, hasLightBarNavigationBarFlag:true, packageName:com.app.numerology, DirectReplying:false, NavBarColorManagerdByIme:false, ForceDarkForScrim:false, QsCustomizing:false, PanelHasWhiteBg:true
2025-11-27 04:16:23.207 22947-22947 SamsungLig...trolHelper com.android.systemui                 D  updateStatus(BLACK icon) NumStacks:1, StatusBarMode:MODE_TRANSPARENT, lightBarBounds:[Rect(0, 0 - 1440, 3088)], StatusBarState:SHADE, packageName:com.app.numerology, isWhiteKeyguardStatusBarBySettings:true
2025-11-27 04:16:23.207   858-858   Layer                   surfaceflinger                       I  Layer [Splash Screen com.app.numerology$_22947#25435] hidden!! flag(1)
2025-11-27 04:16:23.209 22947-22995 InsetsController        com.android.systemui                 D  onStateChanged: InsetsState: {mDisplayFrame=Rect(0, 0 - 1440, 3088), mDisplayCutout=DisplayCutout{insets=Rect(0, 89 - 0, 0) waterfall=Insets{left=0, top=0, right=0, bottom=0} boundingRect={Bounds=[Rect(0, 0 - 0, 0), Rect(685, 0 - 755, 89), Rect(0, 0 - 0, 0), Rect(0, 0 - 0, 0)]} cutoutPathParserInfo={CutoutPathParserInfo{displayWidth=1440 displayHeight=3088 physicalDisplayWidth=1440 physicalDisplayHeight=3088 density={3.5} cutoutSpec={M 0,0 H -10 V 25.42857142857143 H 10 V 0 H 0 Z @dp} rotation={0} scale={1.0} physicalPixelDisplaySizeRatio={1.0}}}}, mRoundedCorners=RoundedCorners{[RoundedCorner{position=TopLeft, radius=112, center=Point(112, 112)}, RoundedCorner{position=TopRight, radius=112, center=Point(1328, 112)}, RoundedCorner{position=BottomRight, radius=112, center=Point(1328, 2976)}, RoundedCorner{position=BottomLeft, radius=112, center=Point(112, 2976)}]}  mRoundedCornerFrame=Rect(0, 0 - 1440, 3088), mPrivacyIndicatorBounds=PrivacyIndicatorBounds {static bounds=Rect(1286, 0 - 1440, 90) rotation=0}, mSources= { InsetsSource: {mType=ITYPE_STATUS_BAR, mFrame=[0,0][1440,90], mVisible=true, mInsetsRoundedCornerFrame=false}, InsetsSource: {mType=ITYPE_NAVIGATION_BAR, mFrame=[0,2920][1440,3088], mVisible=true, mInsetsRoundedCornerFrame=false}, InsetsSource: {mType=ITYPE_LEFT_GESTURES, mFrame=[0,0][0,3088], mVisible=true, mInsetsRoundedCornerFrame=false}, InsetsSource: {mType=ITYPE_RIGHT_GESTURES, mFrame=[1440,0][1440,3088], mVisible=true, mInsetsRoundedCornerFrame=false}, InsetsSource: {mType=ITYPE_TOP_MANDATORY_GESTURES, mFrame=[0,0][1440,131], mVisible=true, mInsetsRoundedCornerFrame=false}, InsetsSource: {mType=ITYPE_BOTTOM_MANDATORY_GESTURES, mFrame=[0,2920][1440,3088], mVisible=true, mInsetsRoundedCornerFrame=false}, InsetsSource: {mType=ITYPE_LEFT_DISPLAY_CUTOUT, mFrame=[0,0][-100000,3088], mVisible=true, mInsetsRoundedCornerFrame=false}, InsetsSource: {mType=ITYPE_TOP_DISPLAY_CUTOUT, mFrame=[0,0][1440,89], mVisible=true, mInsetsRoundedCornerFrame=false}, InsetsSource: {mType=ITYPE_RIGHT_DISPLAY_CUTOUT, mFrame=[100000,0][1440,3088], mVisible=true, mInsetsRoundedCornerFrame=false}, InsetsSource: {mType=ITYPE_BOTTOM_DISPLAY_CUTOUT, mFrame=[0,100000][1440,3088], mVisible=true, mInsetsRoundedCornerFrame=false}, InsetsSource: {mType=ITYPE_TOP_TAPPABLE_ELEMENT, mFrame=[0,0][1440,90], mVisible=true, mInsetsRoundedCornerFrame=false}, InsetsSource: {mType=ITYPE_BOTTOM_TAPPABLE_ELEMENT, mFrame=[0,2920][1440,3088], mVisible=true, mInsetsRoundedCornerFrame=false}, InsetsSource: {mType=ITYPE_IME, mFrame=[0,0][0,0], mVisibleFrame=[0,1886][1440,3088], mVisible=false, mInsetsRoundedCornerFrame=false} } host=Splash Screen com.app.numerology from=android.view.ViewRootImpl.relayoutWindow:9802
2025-11-27 04:16:23.210   858-858   SurfaceFlinger          surfaceflinger                       D  Display 4633128672291735937 HWC layers:
                                                                                                         DEVICE | 0x70f52e3bb0 | 0102 | RGBA_8888    |    0.0    0.0 1440.0 3088.0 |    0    0 1440 3088 | com.app.numerology/com.app.numerology.MainActivity$_8145#25448
                                                                                                         DEVICE | 0x70f52e2650 | 0100 | RGBA_8888    |    0.0    0.0 1440.0 3088.0 |    0    0 1440 3088 | Bubbles!$_22947#25255
                                                                                                         DEVICE | 0x70f52a03b0 | 0100 | RGBA_8888    |    0.0    0.0 1440.0   90.0 |    0    0 1440   90 | StatusBar$_22947#4630
                                                                                                         DEVICE | 0x70f52d52d0 | 0100 | RGBA_8888    |    0.0    0.0   67.0  708.0 | 1373  391 1440 1099 | com.samsung.android.app.cocktailbars[...]rvice.CocktailBarService$_4533#25417
                                                                                                         DEVICE | 0x70f52de870 | 0100 | RGBA_8888    |    0.0    0.0 1440.0  168.0 |    0 2920 1440 3088 | NavigationBar0$_22947#4625
2025-11-27 04:16:23.215  1198-4184  WindowManager           system_server                        D  Starting window removed Window{3370fa4 u0 Splash Screen com.app.numerology}
2025-11-27 04:16:23.215  1198-4184  WindowManager           system_server                        I  Cancelling animation restarting=false, leash=Surface(name=Surface(name=ce843ea com.app.numerology/com.app.numerology.MainActivity)/@0x1602502 - animation-leash of starting_reveal)/@0xa2f8f4e
2025-11-27 04:16:23.215  1198-4184  WindowManager           system_server                        I  Reparenting to original parent: Surface(name=ActivityRecord{c18b4f u0 com.app.numerology/.MainActivity} t22495})/@0x2c28e13, destroy=false, surface=Surface(name=ce843ea com.app.numerology/com.app.numerology.MainActivity)/@0x1602502
2025-11-27 04:16:23.215  1198-4184  InputManager-JNI        system_server                        W  Input channel object '3370fa4 Splash Screen com.app.numerology (client)' was disposed without first being removed with the input manager!
2025-11-27 04:16:23.215  1198-4184  WindowManager           system_server                        V  Remove Window{3370fa4 u0 Splash Screen com.app.numerology}: mSurfaceController=Surface(name=Splash Screen com.app.numerology$_22947)/@0xb63c240 mAnimatingExit=false mRemoveOnExit=false mHasSurface=true surfaceShowing=false animating=false app-animation=false mWillReplaceWindow=false mDisplayFrozen=false callers=com.android.server.wm.WindowState.removeIfPossible:3047 com.android.server.wm.WindowManagerService.removeWindow:2289 com.android.server.wm.Session.remove:236 android.view.IWindowSession$Stub.onTransact:743 com.android.server.wm.Session.onTransact:188 android.os.Binder.execTransactInternal:1321 
2025-11-27 04:16:23.216  1198-4184  WindowManager           system_server                        I  Destroying surface Surface(name=Splash Screen com.app.numerology$_22947)/@0xb63c240 called by com.android.server.wm.WindowStateAnimator.destroySurface:947 com.android.server.wm.WindowStateAnimator.destroySurfaceLocked:537 com.android.server.wm.WindowState.removeImmediately:2975 com.android.server.wm.WindowState.removeIfPossible:3234 com.android.server.wm.WindowState.removeIfPossible:3047 com.android.server.wm.WindowManagerService.removeWindow:2289 com.android.server.wm.Session.remove:236 android.view.IWindowSession$Stub.onTransact:743 
2025-11-27 04:16:23.223   858-858   Layer                   surfaceflinger                       I  id=25434 removeFromCurrentState 3370fa4 Splash Screen com.app.numerology#25434 (121)
2025-11-27 04:16:23.223   858-858   Layer                   surfaceflinger                       I  id=25435 removeFromCurrentState Splash Screen com.app.numerology$_22947#25435 (121)
2025-11-27 04:16:23.224   858-858   Layer                   surfaceflinger                       I  id=25451 removeFromCurrentState Surface(name=ce843ea com.app.numerology/com.app.numerology.MainActivity)/@0x1602502 - animation-leash of starting_reveal#25451 (121)
2025-11-27 04:16:23.224   858-858   Layer                   surfaceflinger                       I  id=25435 removeFromCurrentState Splash Screen com.app.numerology$_22947#25435 (121)
2025-11-27 04:16:23.224   858-858   SurfaceFlinger          surfaceflinger                       I  id=25434 Removed 3370fa4 Splash Screen com.app.numerology#25434 (121)
2025-11-27 04:16:23.224   858-858   SurfaceFlinger          surfaceflinger                       I  id=25435 Removed Splash Screen com.app.numerology$_22947#25435 (121)
2025-11-27 04:16:23.224   858-858   Layer                   surfaceflinger                       I  id=25434 Destroyed 3370fa4 Splash Screen com.app.numerology#25434
2025-11-27 04:16:23.224   858-858   Layer                   surfaceflinger                       I  id=25435 Destroyed Splash Screen com.app.numerology$_22947#25435
2025-11-27 04:16:23.296  1198-2005  MdnieScena...rolService system_server                        D   packageName : com.app.numerology    className : com.app.numerology.MainActivity
2025-11-27 04:16:23.467  2188-2188  Launcher.Model          com.sec.android.app.launcher         I  package changed received : com.app.numerology
2025-11-27 04:16:23.468  2188-2465  PackageUpdatedTask      com.sec.android.app.launcher         I  mAllAppsList.updatePackage com.app.numerology
2025-11-27 04:16:23.468 14462-14767 SAMSUNGWALLET           com.samsung.android.spay             I  [Hint_SimpleHintProcessMonitor] package changed : com.app.numerology , execute : true
2025-11-27 04:16:23.505  1198-7983  SGM:GameManager         system_server                        D  identifyGamePackage. com.app.numerology, mCurrentUserId: 0, callerUserId: 0, callingMethodInfo: com.android.server.ssrm.SortingMachine.isGame(SortingMachine.java:162)
2025-11-27 04:16:23.505  1198-7983  SGM:PkgDataHelper       system_server                        D  getGamePkgData(). com.app.numerology
2025-11-27 04:16:23.654  2188-2465  AppIconSolution         com.sec.android.app.launcher         I  getThemeIconWithBG called with public API, pkg = com.app.numerology, mode = 48
2025-11-27 04:16:23.654  2188-2465  AppIconSolution         com.sec.android.app.launcher         I  return adaptive icon for com.app.numerology, isNight = false
2025-11-27 04:16:23.654  2188-2465  LauncherActivityInfo    com.sec.android.app.launcher         I  packageName: com.app.numerology, useThemeIcon: false, height: 4778, width: 4778, density: 640
2025-11-27 04:16:23.661  1198-1287  SGM:GameManager         system_server                        D  identifyForegroundApp. com.app.numerology, mCurrentUserId: 0, callerUserId: 0
2025-11-27 04:16:23.661  1198-1287  SGM:PkgDataHelper       system_server                        D  getGamePkgData(). com.app.numerology
2025-11-27 04:16:23.678  2188-2465  HsAllAppsList           com.sec.android.app.launcher         I  set ComponentInfo{com.app.numerology/com.app.numerology.MainActivity} app progress level to 100
2025-11-27 04:16:23.764  8145-8145  ViewRootIm...nActivity] com.app.numerology                   I  ViewPostIme pointer 0
2025-11-27 04:16:23.765  2188-2465  AppIconSolution         com.sec.android.app.launcher         I  return adaptive icon for com.app.numerology, isNight = false
2025-11-27 04:16:23.795  2188-2465  PackageUpdatedTask      com.sec.android.app.launcher         I  modified, appInfo : AppInfo(id=1696 type=APP hidden=0 container=all_apps screen=5 rank=1 rankOfList=-1 user=UserHandle{0} title=Thn S Hc ng Dng componentName=ComponentInfo{com.app.numerology/com.app.numerology.MainActivity} screenType=0 runtimeStatusFlags=384 status=0)
2025-11-27 04:16:23.822  8145-8145  ViewRootIm...nActivity] com.app.numerology                   I  ViewPostIme pointer 1
2025-11-27 04:16:23.981  1198-1198  SGM:GameManager         system_server                        D  identifyGamePackage. com.app.numerology, mCurrentUserId: 0, callerUserId: 0, callingMethodInfo: com.android.server.ssrm.fgapps.GameAppUtils.isGame(GameAppUtils.java:84)
2025-11-27 04:16:23.981  1198-1198  SGM:PkgDataHelper       system_server                        D  getGamePkgData(). com.app.numerology
2025-11-27 04:16:23.982  1198-1198  SGM:GameManager         system_server                        D  identifyGamePackage. com.app.numerology, mCurrentUserId: 0, callerUserId: 0, callingMethodInfo: com.android.server.ssrm.fgapps.GameAppUtils.isGame(GameAppUtils.java:84)
2025-11-27 04:16:23.982  1198-1198  SGM:PkgDataHelper       system_server                        D  getGamePkgData(). com.app.numerology
2025-11-27 04:16:23.982  8145-8145  ViewRootIm...nActivity] com.app.numerology                   I  ViewPostIme pointer 0
2025-11-27 04:16:24.055  8145-8145  ViewRootIm...nActivity] com.app.numerology                   I  ViewPostIme pointer 1
2025-11-27 04:16:24.055  1198-1198  SGM:GameManager         system_server                        D  identifyGamePackage. com.app.numerology, mCurrentUserId: 0, callerUserId: 0, callingMethodInfo: com.android.server.ssrm.fgapps.GameAppUtils.isGame(GameAppUtils.java:84)
2025-11-27 04:16:24.055  1198-1198  SGM:PkgDataHelper       system_server                        D  getGamePkgData(). com.app.numerology
2025-11-27 04:16:24.056  1198-1198  SGM:GameManager         system_server                        D  identifyGamePackage. com.app.numerology, mCurrentUserId: 0, callerUserId: 0, callingMethodInfo: com.android.server.ssrm.fgapps.GameAppUtils.isGame(GameAppUtils.java:84)
2025-11-27 04:16:24.056  1198-1198  SGM:PkgDataHelper       system_server                        D  getGamePkgData(). com.app.numerology
2025-11-27 04:16:24.086  8145-8152  .app.numerology         com.app.numerology                   I  Compiler allocated 4789KB to compile void com.app.numerology.ui.onboarding.OnboardingScreenKt.OnboardingScreen(kotlin.jvm.functions.Function0, kotlin.jvm.functions.Function0, kotlin.jvm.functions.Function0, com.app.numerology.ui.onboarding.OnboardingViewModel, androidx.compose.runtime.Composer, int, int)
2025-11-27 04:16:24.183  8145-8145  ViewRootIm...nActivity] com.app.numerology                   I  ViewPostIme pointer 0
2025-11-27 04:16:24.268  8145-8145  ViewRootIm...nActivity] com.app.numerology                   I  ViewPostIme pointer 1
2025-11-27 04:16:24.274  1198-5812  ActivityTaskManager     system_server                        D  TaskLaunchParamsModifier:task=Task{8f492dc #22495 type=standard A=10947:com.app.numerology U=0 visible=true visibleRequested=true mode=fullscreen translucent=false sz=1} activity=ActivityRecord{ae3d8a4 u0 com.google.android.permissioncontroller/com.android.permissioncontroller.permission.ui.GrantPermissionsActivity} t-1} display-area-from-source=DefaultTaskDisplayArea@72262064 display-id=0 display-windowing-mode=1 suggested-display-area=DefaultTaskDisplayArea@72262064 inherit-from-source=fullscreen activity-options-fullscreen=Rect(0, 0 - 0, 0) non-freeform-display display-area=DefaultTaskDisplayArea@72262064 maximized-bounds
2025-11-27 04:16:24.277  1198-5812  ActivityTaskManager     system_server                        D  scheduleTopResumedActivityChanged, onTop=false r=ActivityRecord{c18b4f u0 com.app.numerology/.MainActivity} t22495} caller=com.android.server.wm.ActivityTaskSupervisor.updateTopResumedActivityIfNeeded:2510 com.android.server.wm.TaskFragment.setResumedActivity:493 com.android.server.wm.TaskFragment.onActivityStateChanged:790 com.android.server.wm.ActivityRecord.setState:6428 com.android.server.wm.TaskFragment.startPausing:1880 com.android.server.wm.TaskFragment.startPausing:1817 
2025-11-27 04:16:24.297  1198-5812  WindowManager           system_server                        D  rotationForOrientation, orientationSource=ActivityRecord{c18b4f u0 com.app.numerology/.MainActivity} t22495}
2025-11-27 04:16:24.301  1198-5812  WindowManager           system_server                        V  Changing focus from Window{ce843ea u0 com.app.numerology/com.app.numerology.MainActivity} to null displayId=0 Callers=com.android.server.wm.RootWindowContainer.updateFocusedWindowLocked:595 com.android.server.wm.WindowManagerService.updateFocusedWindowLocked:6810 com.android.server.wm.ActivityTaskManagerService.setResumedActivityUncheckLocked:5766 com.android.server.wm.TaskFragment.onActivityStateChanged:807 
2025-11-27 04:16:24.301  1198-5812  MARsPolicyManager       system_server                        D  onPackageResumedFG pkgName = com.app.numerology, userId = 0
2025-11-27 04:16:24.307   858-858   SurfaceFlinger          surfaceflinger                       I  [ce843ea com.app.numerology/com.app.numerology.MainActivity#25447] FrameRatePriority: -1
2025-11-27 04:16:24.310  1198-1287  SGM:FgCheckThread       system_server                        D  notePauseComponent(), received pkgName: com.app.numerology, userId: 0
2025-11-27 04:16:24.311  4879-14050 Routine@Co...stenerImpl com.samsung.android.app.routines     I  onPauseComponent: componentName - ComponentInfo{com.app.numerology/com.app.numerology.MainActivity}
2025-11-27 04:16:24.325  1198-1747  InputDispatcher         system_server                        D  Focus left window (0): ce843ea com.app.numerology/com.app.numerology.MainActivity
2025-11-27 04:16:24.343  8145-8145  ViewRootIm...nActivity] com.app.numerology                   I  MSG_WINDOW_FOCUS_CHANGED 0 0
2025-11-27 04:16:24.389  8145-8145  ViewRootIm...nActivity] com.app.numerology                   I  ViewPostIme pointer 0
2025-11-27 04:16:24.406  1198-4180  WindowManager           system_server                        D  updateSystemBarAttributes: displayId=0, win=Window{658d5c u0 com.google.android.permissioncontroller/com.android.permissioncontroller.permission.ui.GrantPermissionsActivity}, navColorWin=Window{ce843ea u0 com.app.numerology/com.app.numerology.MainActivity}, focusedCanBeNavColorWin=false, behavior=1, appearance=16, statusBarAppearanceRegions=[AppearanceRegion{LIGHT_STATUS_BARS bounds=[0,0][1440,3088]}], requestedVisibilities=, from=com.android.server.wm.DisplayPolicy.focusChangedLw:3251 com.android.server.wm.DisplayContent.updateFocusedWindowLocked:4632 com.android.server.wm.RootWindowContainer.updateFocusedWindowLocked:595 
2025-11-27 04:16:24.462  8145-8145  ViewRootIm...nActivity] com.app.numerology                   I  ViewPostIme pointer 1
2025-11-27 04:16:24.465  8145-8145  Activity                com.app.numerology                   W  Can request only one set of permissions at a time
2025-11-27 04:16:24.480  8145-8145  InputTransport          com.app.numerology                   D  Input channel destroyed: 'ClientS', fd=128
2025-11-27 04:16:24.495   858-858   SurfaceFlinger          surfaceflinger                       D  Display 4633128672291735937 HWC layers:
                                                                                                         DEVICE | 0x70f52a8870 | 0102 | RGBA_8888    |    0.0    0.0 1440.0 3088.0 |    0    0 1440 3088 | com.app.numerology/com.app.numerology.MainActivity$_8145#25448
                                                                                                     SOLID_COLOR |              | 0000 |  Unknown  |    0.0    0.0    0.0    0.0 |    0    0 1440 3088 | Dim Layer for - Task=22495#25460
                                                                                                         DEVICE | 0x70f52e3070 | 0100 | RGBA_8888    |    8.0    0.0 1448.0  351.0 |    0 2737 1440 3088 | com.google.android.permissioncontrol[...]GrantPermissionsActivity$_5075#25455
