2025-11-29 04:27:56.590  1198-1904  WindowManagerServiceExt system_server                        D  notifyOccludeChangeNotice: cn=ComponentInfo{com.yourname.smartrecorder/com.yourname.smartrecorder.MainActivity} occludesParent=true inMultiWindow=false styleFloating=false caller=com.android.server.wm.WindowManagerServiceExt.updateOccludeTargetIfNeeded:1402 com.android.server.wm.DisplayContent.ensureActivitiesVisible:7532 com.android.server.wm.RootWindowContainer.ensureActivitiesVisible:2248 com.android.server.wm.RootWindowContainer.ensureVisibilityAndConfig:2126 com.android.server.wm.TaskFragment.resumeTopActivity:1652 
2025-11-29 04:27:56.590  1198-1904  WindowManager           system_server                        D  rotationForOrientation, orientationSource=ActivityRecord{d731c09 u0 com.yourname.smartrecorder/.MainActivity} t22870}
2025-11-29 04:27:56.592 18960-18960 ViewRootIm...nActivity] com.yourname.smartrecorder           I  handleAppVisibility mAppVisible = false visible = true
2025-11-29 04:27:56.594 18960-18960 ViewRootIm...nActivity] com.yourname.smartrecorder           I  stopped(false) old = true
2025-11-29 04:27:56.594 18960-18960 ViewRootIm...nActivity] com.yourname.smartrecorder           I  WindowStopped on com.yourname.smartrecorder/com.yourname.smartrecorder.MainActivity set to false
2025-11-29 04:27:56.602 18960-18960 MSHandlerLifeCycle      com.yourname.smartrecorder           I  removeMultiSplitHandler: no exist. decor=DecorView@6951ec7[MainActivity]
2025-11-29 04:27:56.602 18960-18960 ViewRootIm...nActivity] com.yourname.smartrecorder           I  stopped(false) old = false
2025-11-29 04:27:56.604 18960-18960 DecorView               com.yourname.smartrecorder           I  notifyKeepScreenOnChanged: keepScreenOn=false
2025-11-29 04:27:56.605  1198-1288  WindowManager           system_server                        D  createAnimationAdapter(): container=Task{483de0e #22870 type=standard A=11040:com.yourname.smartrecorder U=0 visible=true visibleRequested=true mode=fullscreen translucent=false sz=1}
2025-11-29 04:27:56.607  1198-1288  WindowManager           system_server                        D  	Add container=Task{483de0e #22870 type=standard A=11040:com.yourname.smartrecorder U=0 visible=true visibleRequested=true mode=fullscreen translucent=false sz=1}
2025-11-29 04:27:56.611  1198-1288  WindowManager           system_server                        I  container=Task{483de0e #22870 type=standard A=11040:com.yourname.smartrecorder U=0 visible=true visibleRequested=true mode=fullscreen translucent=false sz=1}
                                                                                                    Target:
                                                                                                      mode=0 taskId=22870 isTranslucent=false clipRect=[0,0][0,0] contentInsets=[0,90][0,168] prefixOrderIndex=43 position=[0,0] sourceContainerBounds=[0,0][1440,3088] screenSpaceBounds=[0,0][1440,3088] localBounds=[0,0][1440,3088]
                                                                                                      windowConfiguration={ mBounds=Rect(0, 0 - 1440, 3088) mAppBounds=Rect(0, 89 - 1440, 2920) mMaxBounds=Rect(0, 0 - 1440, 3088) mDisplayRotation=ROTATION_0 mWindowingMode=fullscreen mDisplayWindowingMode=fullscreen mActivityType=standard mAlwaysOnTop=undefined mRotation=ROTATION_0 mPopOver=undefined mStageConfig=undefined mFreeformTaskPinningState=unpinned mFreeformStashState=undefined mDexTaskDockingState=undefined}
                                                                                                      leash=Surface(name=Surface(name=Task=22870)/@0x7cd48ce - animation-leash of app_transition)/@0xb7bfb24
                                                                                                      taskInfo=TaskInfo{userId=0 taskId=22870 displayId=0 isRunning=true baseIntent=Intent { act=android.intent.action.MAIN cat=[android.intent.category.LAUNCHER] flg=0x10200000 cmp=com.yourname.smartrecorder/.MainActivity } baseActivity=ComponentInfo{com.yourname.smartrecorder/com.yourname.smartrecorder.MainActivity} topActivity=ComponentInfo{com.yourname.smartrecorder/com.yourname.smartrecorder.MainActivity} origActivity=null realActivity=ComponentInfo{com.yourname.smartrecorder/com.yourname.smartrecorder.MainActivity} numActivities=1 lastActiveTime=326500170 supportsSplitScreenMultiWindow=true supportsMultiWindow=true resizeMode=1 isResizeable=true minWidth=-1 minHeight=-1 defaultMinSize=220 token=WCT{RemoteToken{cd5a3a6 Task{483de0e #22870 type=standard A=11040:com.yourname.smartrecorder U=0 visible=true visibleRequested=true mode=fullscreen translucent=false sz=1}}} topActivityType=1 pictureInPictureParams=null shouldDockBigOverlays=false launchIntoPipHostTaskId=0 displayCutoutSafeInsets=null topActivityInfo=ActivityInfo{73771e7 com.yourname.smartrecorder.MainActivity} launchCookies=[android.os.BinderProxy@6fa1194] positionInParent=Point(0, 0) parentTaskId=-1 isFocused=true isVisible=true isSleeping=false topActivityInSizeCompat=false topActivityEligibleForLetterboxEducation= false locusId=null displayAreaFeatureId=1 cameraCompatControlState=hidden originallySupportedSplitScreen=true hasWallpaper=false isTopTransparentActivity=false topActivityInFixedAspectRatio=false topActivityInDisplayCompat=false topActivityInBoundsCompat=false topActivityBounds=null}
                                                                                                      allowEnterPip=true
                                                                                                      windowType=-1  hasAnimatingParent=false  backgroundColor=0container=Task{b391b2f #1 type=home ?? U=0 visible=false visibleRequested=false mode=fullscreen translucent=true sz=1}
                                                                                                    Target:
                                                                                                      mode=1 taskId=22180 isTranslucent=false clipRect=[0,0][0,0] contentInsets=[0,90][0,168] prefixOrderIndex=39 position=[0,0] sourceContainerBounds=[0,0][1440,3088] screenSpaceBounds=[0,0][1440,3088] localBounds=[0,0][1440,3088]
                                                                                                      windowConfiguration={ mBounds=Rect(0, 0 - 1440, 3088) mAppBounds=Rect(0, 89 - 1440, 2920) mMaxBounds=Rect(0, 0 - 1440, 3088) mDisplayRotation=ROTATION_0 mWindowingMode=fullscreen mDisplayWindowingMode=fullscreen mActivityType=home mAlwaysOnTop=undefined mRotation=ROTATION_0 mPopOver=undefined mStageConfig=undefined mFreeformTaskPinningState=unpinned mFreeformStashState=undefined mDexTaskDockingState=undefined}
                                                                                                      leash=Surface(name=Surface(name=Task=1)/@0xc1b1a94 - animation-leash of app_transition)/@0x8efc7b7
2025-11-29 04:27:56.613  1198-1904  CoreBackPreview         system_server                        D  Window{3c910bf u0 com.yourname.smartrecorder/com.yourname.smartrecorder.MainActivity}: Setting back callback OnBackInvokedCallbackInfo{mCallback=android.window.IOnBackInvokedCallback$Stub$Proxy@1f18abc, mPriority=0}
2025-11-29 04:27:56.613 18960-18960 MSHandlerLifeCycle      com.yourname.smartrecorder           I  removeMultiSplitHandler: no exist. decor=DecorView@6951ec7[MainActivity]
2025-11-29 04:27:56.626 18960-18960 ViewRootIm...nActivity] com.yourname.smartrecorder           I  performTraversals params={(0,0)(fillxfill) sim={adjust=pan forwardNavigation} layoutInDisplayCutoutMode=always ty=BASE_APPLICATION wanim=0x1030309
                                                                                                      fl=81810100
                                                                                                      pfl=16020040
                                                                                                      vsysui=110
                                                                                                      apr=LIGHT_NAVIGATION_BARS
                                                                                                      bhv=DEFAULT
                                                                                                      fitSides= naviIconColor=0}
2025-11-29 04:27:56.629 18960-18960 ViewRootIm...nActivity] com.yourname.smartrecorder           I  performTraversals mFirst=false windowShouldResize=false viewVisibilityChanged=true mForceNextWindowRelayout=false params={(0,0)(fillxfill) sim={adjust=pan forwardNavigation} layoutInDisplayCutoutMode=always ty=BASE_APPLICATION wanim=0x1030309
                                                                                                      fl=81810100
                                                                                                      pfl=16020040
                                                                                                      vsysui=110
                                                                                                      apr=LIGHT_NAVIGATION_BARS
                                                                                                      bhv=DEFAULT
                                                                                                      fitSides= naviIconColor=0}
2025-11-29 04:27:56.630  4533-4533  ActivityUtils           com...ndroid.app.cocktailbarservice  I  HomePackage : com.sec.android.app.launcher, resumePackageName : com.yourname.smartrecorder
2025-11-29 04:27:56.630  1198-1287  GameSDK@LifeCycle       system_server                        I  noteResumeComponent(): package name  : com.yourname.smartrecorder
2025-11-29 04:27:56.630  1198-1904  WindowManager           system_server                        V  Relayout Window{3c910bf u0 com.yourname.smartrecorder/com.yourname.smartrecorder.MainActivity}: viewVisibility=0 req=1440x3088 d0
2025-11-29 04:27:56.631  1198-1287  SGM:GameManager         system_server                        D  identifyGamePackage. com.yourname.smartrecorder, mCurrentUserId: 0, callerUserId: 0, callingMethodInfo: com.android.server.ssrm.SortingMachine.isGame(SortingMachine.java:162)
2025-11-29 04:27:56.631  1198-1287  SGM:PkgDataHelper       system_server                        D  getGamePkgData(). com.yourname.smartrecorder
2025-11-29 04:27:56.631   858-884   SurfaceFlinger          surfaceflinger                       I  id=63605 createSurf flag=40004, com.yourname.smartrecorder/com.yourname.smartrecorder.MainActivity$_18960#63605
2025-11-29 04:27:56.631  4879-22862 Routine@Co...stenerImpl com.samsung.android.app.routines     I  onResumeComponent: componentName - ComponentInfo{com.yourname.smartrecorder/com.yourname.smartrecorder.MainActivity}
2025-11-29 04:27:56.632  1198-1904  WindowManager           system_server                        D  makeSurface duration=1 name=com.yourname.smartrecorder/com.yourname.smartrecorder.MainActivity$_18960
2025-11-29 04:27:56.635  1198-1904  WindowManager           system_server                        V  Changing focus from null to Window{3c910bf u0 com.yourname.smartrecorder/com.yourname.smartrecorder.MainActivity} displayId=0 Callers=com.android.server.wm.RootWindowContainer.updateFocusedWindowLocked:595 com.android.server.wm.WindowManagerService.updateFocusedWindowLocked:6810 com.android.server.wm.WindowManagerService.relayoutWindow:2820 com.android.server.wm.Session.relayout:274 
2025-11-29 04:27:56.637  1198-1904  WindowManager           system_server                        D  updateSystemBarAttributes: displayId=0, win=Window{3c910bf u0 com.yourname.smartrecorder/com.yourname.smartrecorder.MainActivity}, navColorWin=Window{91f81d5 u0 SnapshotStartingWindow for taskId=22870}, focusedCanBeNavColorWin=false, behavior=1, appearance=16, statusBarAppearanceRegions=[AppearanceRegion{ bounds=[0,0][1440,3088]}], requestedVisibilities=, from=com.android.server.wm.DisplayPolicy.focusChangedLw:3251 com.android.server.wm.DisplayContent.updateFocusedWindowLocked:4632 com.android.server.wm.RootWindowContainer.updateFocusedWindowLocked:595 
2025-11-29 04:27:56.639 22947-22947 NavigationBar           com.android.systemui                 D  onSystemBarAttributesChanged() -  displayId:0, appearance:16, packageName: com.yourname.smartrecorder (APPEARANCE_LIGHT_NAVIGATION_BARS ), navbarColorManagedByIme:false
2025-11-29 04:27:56.639 22947-22947 SamsungLig...trolHelper com.android.systemui                 D  updateNavigation(Black button) isLightBar:false, hasLightBarNavigationBarFlag:true, packageName:com.yourname.smartrecorder, DirectReplying:false, NavBarColorManagerdByIme:false, ForceDarkForScrim:false, QsCustomizing:false, PanelHasWhiteBg:true
2025-11-29 04:27:56.639  1198-1287  SGM:FgCheckThread       system_server                        D  noteResumeComponent(), received pkgName: com.yourname.smartrecorder, userId: 0
2025-11-29 04:27:56.639  1198-1539  SGM:FgCheckThread       system_server                        D  onLooperPrepared(), msg: MSG_APP_RESUME, pkgName: com.yourname.smartrecorder, userid: 0
2025-11-29 04:27:56.640  1198-1539  SGM:FgCheckThread       system_server                        D    handleResume(). pkgName: com.yourname.smartrecorder, userId: 0, isTunableApp: null
2025-11-29 04:27:56.640  1198-1539  SGM:FgCheckThread       system_server                        D  notifyFocusInOut(). of pkg: com.yourname.smartrecorder, type: 4, isTunableApp: false, userId: 0
2025-11-29 04:27:56.641  1198-1287  SGM:GameManager         system_server                        D  identifyGamePackage. com.yourname.smartrecorder, mCurrentUserId: 0, callerUserId: 0, callingMethodInfo: com.samsung.android.game.SemGameManager.isGamePackage(SemGameManager.java:104)
2025-11-29 04:27:56.641  1198-1287  SGM:PkgDataHelper       system_server                        D  getGamePkgData(). com.yourname.smartrecorder
2025-11-29 04:27:56.641  1198-1287  SGM:SemGameManager      system_server                        D  isGamePackage(), pkgName=com.yourname.smartrecorder, ret=false
2025-11-29 04:27:56.647 18960-18960 ViewRootIm...nActivity] com.yourname.smartrecorder           I  updateBlastSurfaceIfNeeded mBlastBufferQueue=null isSameSurfaceControl=false
2025-11-29 04:27:56.647 18960-18960 BLASTBufferQueue        com.yourname.smartrecorder           I  new BLASTBufferQueue, mName= ViewRootImpl@312ddea[MainActivity] mNativeObject= 0x71adc30510 sc.mNativeObject= 0x713dc73270 caller= android.view.ViewRootImpl.updateBlastSurfaceIfNeeded:2909 android.view.ViewRootImpl.relayoutWindow:9847 android.view.ViewRootImpl.performTraversals:3884 android.view.ViewRootImpl.doTraversal:3116 android.view.ViewRootImpl$TraversalRunnable.run:10885 android.view.Choreographer$CallbackRecord.run:1301 android.view.Choreographer$CallbackRecord.run:1309 android.view.Choreographer.doCallbacks:923 android.view.Choreographer.doFrame:852 android.view.Choreographer$FrameDisplayEventReceiver.run:1283 
2025-11-29 04:27:56.648 18960-18960 BLASTBufferQueue        com.yourname.smartrecorder           I  update, w= 1440 h= 3088 mName = ViewRootImpl@312ddea[MainActivity] mNativeObject= 0x71adc30510 sc.mNativeObject= 0x713dc73270 format= -1 caller= android.graphics.BLASTBufferQueue.<init>:84 android.view.ViewRootImpl.updateBlastSurfaceIfNeeded:2909 android.view.ViewRootImpl.relayoutWindow:9847 android.view.ViewRootImpl.performTraversals:3884 android.view.ViewRootImpl.doTraversal:3116 android.view.ViewRootImpl$TraversalRunnable.run:10885 
2025-11-29 04:27:56.648 18960-18960 ViewRootIm...nActivity] com.yourname.smartrecorder           I  Relayout returned: old=(0,0,1440,3088) new=(0,0,1440,3088) req=(1440,3088)0 dur=17 res=0x3 s={true 0x723dc39f00} ch=true seqId=0
2025-11-29 04:27:56.649 18960-18960 ViewRootIm...nActivity] com.yourname.smartrecorder           I  mThreadedRenderer.initialize() mSurface={isValid=true 0x723dc39f00} hwInitialized=true
2025-11-29 04:27:56.649 18960-18960 ViewRootIm...nActivity] com.yourname.smartrecorder           I  reportNextDraw android.view.ViewRootImpl.performTraversals:4438 android.view.ViewRootImpl.doTraversal:3116 android.view.ViewRootImpl$TraversalRunnable.run:10885 android.view.Choreographer$CallbackRecord.run:1301 android.view.Choreographer$CallbackRecord.run:1309 
2025-11-29 04:27:56.650 18960-18960 ViewRootIm...nActivity] com.yourname.smartrecorder           I  Setup new sync id=1
2025-11-29 04:27:56.650 18960-18960 ViewRootIm...nActivity] com.yourname.smartrecorder           I  Setting syncFrameCallback
2025-11-29 04:27:56.650 18960-18960 ViewRootIm...nActivity] com.yourname.smartrecorder           I  registerCallbacksForSync syncBuffer=false
2025-11-29 04:27:56.650 18960-18987 OpenGLRenderer          com.yourname.smartrecorder           D  eglCreateWindowSurface
2025-11-29 04:27:56.654   858-858   SurfaceFlinger          surfaceflinger                       I  [3c910bf com.yourname.smartrecorder/com.yourname.smartrecorder.MainActivity#63571] FrameRatePriority: 1
2025-11-29 04:27:56.655   858-979   SurfaceFlinger          surfaceflinger                       D  [input] setFocusedWindow: 3c910bf com.yourname.smartrecorder/com.yourname.smartrecorder.MainActivity
2025-11-29 04:27:56.655  1198-1909  InputDispatcher         system_server                        D  Focus request (0): 3c910bf com.yourname.smartrecorder/com.yourname.smartrecorder.MainActivity but waiting because NO_WINDOW
2025-11-29 04:27:56.674 18960-18970 MediaRecorderJNI        com.yourname.smartrecorder           I  finalize
2025-11-29 04:27:56.674 18960-18970 MediaRecorderJNI        com.yourname.smartrecorder           I  release
2025-11-29 04:27:56.778  1198-2005  MdnieScena...rolService system_server                        D   packageName : com.yourname.smartrecorder    className : com.yourname.smartrecorder.MainActivity
2025-11-29 04:27:56.835 18960-19002 ViewRootIm...nActivity] com.yourname.smartrecorder           I  Received frameDrawingCallback syncResult=0 frameNum=1.
2025-11-29 04:27:56.836 18960-19002 ViewRootIm...nActivity] com.yourname.smartrecorder           I  Setting up sync and frameCommitCallback
2025-11-29 04:27:56.842 18960-18987 BLASTBufferQueue        com.yourname.smartrecorder           I  [ViewRootImpl@312ddea[MainActivity]#1](f:0,a:0) onFrameAvailable the first frame is available
2025-11-29 04:27:56.842 18960-18987 ViewRootIm...nActivity] com.yourname.smartrecorder           I  Received frameCommittedCallback lastAttemptedDrawFrameNum=1 didProduceBuffer=true
2025-11-29 04:27:56.843 18960-18960 ViewRootIm...nActivity] com.yourname.smartrecorder           I  onSyncComplete
2025-11-29 04:27:56.843 18960-18960 ViewRootIm...nActivity] com.yourname.smartrecorder           I  setupSync seqId=0 mSyncId=1 fn=1 caller=android.view.ViewRootImpl$$ExternalSyntheticLambda11.accept:6 android.window.SurfaceSyncer.lambda$setupSync$1$android-window-SurfaceSyncer:128 android.window.SurfaceSyncer$$ExternalSyntheticLambda1.accept:8 android.window.SurfaceSyncer$SyncSet.checkIfSyncIsComplete:382 android.window.SurfaceSyncer$SyncSet.markSyncReady:359 android.window.SurfaceSyncer.markSyncReady:151 android.view.ViewRootImpl.performTraversals:4503 
2025-11-29 04:27:56.843 18960-18960 ViewRootIm...nActivity] com.yourname.smartrecorder           I  reportDrawFinished seqId=0 mSyncId=-1 fn=1 mSurfaceChangedTransaction=0x716dc3e0b0
2025-11-29 04:27:56.844  1198-1904  WindowManager           system_server                        D  finishDrawingWindow: Window{3c910bf u0 com.yourname.smartrecorder/com.yourname.smartrecorder.MainActivity} mDrawState=DRAW_PENDING seqId=0
2025-11-29 04:27:56.847 18960-18960 SmartRecorder/ViewModel com.yourname.smartrecorder           D  [TranscriptTabContent] State -> segmentsCount: 0, isGenerating: false, isLoading: false, searchQuery: 
2025-11-29 04:27:56.849  1198-1288  WindowManager           system_server                        V  Finish starting ActivityRecord{d731c09 u0 com.yourname.smartrecorder/.MainActivity} t22870}: first real window is shown, no animation
2025-11-29 04:27:56.849  1198-1288  WindowManager           system_server                        V  Schedule remove starting ActivityRecord{d731c09 u0 com.yourname.smartrecorder/.MainActivity} t22870} startingWindow=null startingView=null Callers=com.android.server.wm.ActivityRecord.removeStartingWindow:3246 com.android.server.wm.ActivityRecord.onFirstWindowDrawn:7482 com.android.server.wm.WindowState.performShowLocked:5519 com.android.server.wm.WindowStateAnimator.commitFinishDrawingLocked:352 com.android.server.wm.DisplayContent.lambda$new$8:1189 
2025-11-29 04:27:56.850  1198-1288  WindowManager           system_server                        V  performShowLocked: mDrawState=HAS_DRAWN in Window{3c910bf u0 com.yourname.smartrecorder/com.yourname.smartrecorder.MainActivity}
2025-11-29 04:27:56.851  1198-1284  PkgPredict...erviceImpl system_server                        I  reportToNAP uid:11040 com.yourname.smartrecorder/com.yourname.smartrecorder.MainActivity thisTime:270
2025-11-29 04:27:56.855  1198-1904  InputDispatcher         system_server                        D  Focus entered window (0): 3c910bf com.yourname.smartrecorder/com.yourname.smartrecorder.MainActivity
2025-11-29 04:27:56.856  1198-1288  ActivityTaskManager     system_server                        D  mStartingWindow and mStartingData is null for token=ActivityRecord{d731c09 u0 com.yourname.smartrecorder/.MainActivity} t22870}
2025-11-29 04:27:56.862   858-858   SurfaceFlinger          surfaceflinger                       D  Display 4633128672291735937 HWC layers:
                                                                                                         CLIENT | 0x70f52e0910 | 0100 | RGBx_8888    |  120.0    0.0 1200.0 2316.0 |    0    0 1440 3088 | Wallpaper BBQ wrapper#4633
                                                                                                         CLIENT | 0x70f52e6c10 | 0100 | RGBA_8888    |    0.0    0.0 1440.0 3088.0 |    0    0 1440 3088 | com.sec.android.app.launcher/com.sec[...]erActivity$_2188#63578 (blurRegions)
                                                                                                         CLIENT | 0x70f52e68b0 | 0102 | RGBA_8888    |    0.0    8.0 1440.0 3073.0 |   26   48 1414 3001 | com.yourname.smartrecorder/com.yourn[...]rtrecorder.MainActivity$_18960#63605
                                                                                                         CLIENT | 0x70f52df4d0 | 0000 | RGBA_8888    |    0.0    8.0 1440.0 3073.0 |   26   48 1414 3001 | SnapshotStartingWindow for taskId=22870$_22947#63601
                                                                                                         DEVICE | 0x70f52def30 | 0100 | RGBA_8888    |    0.0    0.0 1440.0   90.0 |    0    0 1440   90 | StatusBar$_22947#4630
                                                                                                         DEVICE | 0x70f52d5bd0 | 0100 | RGBA_8888    |    0.0    0.0   67.0  708.0 | 1373  391 1440 1099 | com.samsung.android.app.cocktailbars[...]rvice.CocktailBarService$_4533#63599
                                                                                                         DEVICE | 0x70f529ee50 | 
2025-11-29 04:27:56.872 18960-18960 ViewRootIm...nActivity] com.yourname.smartrecorder           I  MSG_WINDOW_FOCUS_CHANGED 1 0
2025-11-29 04:27:56.872 18960-18960 ViewRootIm...nActivity] com.yourname.smartrecorder           I  mThreadedRenderer.initializeIfNeeded()#2 mSurface={isValid=true 0x723dc39f00}
2025-11-29 04:27:56.873 18960-18960 InputMethodManager      com.yourname.smartrecorder           D  startInputInner - Id : 0
2025-11-29 04:27:56.873 18960-18960 InputMethodManager      com.yourname.smartrecorder           I  startInputInner - mService.startInputOrWindowGainedFocus
2025-11-29 04:27:56.951  1198-1901  WindowManager           system_server                        I  Reparenting to leash, surface=Surface(name=91f81d5 SnapshotStartingWindow for taskId=22870)/@0xadd2bf0, leashParent=Surface(name=ActivityRecord{d731c09 u0 com.yourname.smartrecorder/.MainActivity} t22870})/@0xd332345
2025-11-29 04:27:56.976  1198-1901  WindowManager           system_server                        D  	container=Task{483de0e #22870 type=standard A=11040:com.yourname.smartrecorder U=0 visible=true visibleRequested=true mode=fullscreen translucent=false sz=1}
2025-11-29 04:27:56.997   858-858   SurfaceFlinger          surfaceflinger                       D  Display 4633128672291735937 HWC layers:
                                                                                                         DEVICE | 0x70f52e3970 | 0102 | RGBA_8888    |    0.0    0.0 1440.0 3088.0 |    0    0 1440 3088 | com.yourname.smartrecorder/com.yourn[...]rtrecorder.MainActivity$_18960#63605
                                                                                                         DEVICE | 0x70f52df4d0 | 0000 | RGBA_8888    |    0.0    0.0 1440.0 3088.0 |    0    0 1440 3088 | SnapshotStartingWindow for taskId=22870$_22947#63601
                                                                                                         DEVICE | 0x70f52def30 | 0100 | RGBA_8888    |    0.0    0.0 1440.0   90.0 |    0    0 1440   90 | StatusBar$_22947#4630
                                                                                                         DEVICE | 0x70f52d5bd0 | 0100 | RGBA_8888    |    0.0    0.0   67.0  708.0 | 1373  391 1440 1099 | com.samsung.android.app.cocktailbars[...]rvice.CocktailBarService$_4533#63599
                                                                                                         DEVICE | 0x70f52e8dd0 | 0100 | RGBA_8888    |    0.0    0.0 1440.0  168.0 |    0 2920 1440 3088 | NavigationBar0$_22947#4625
2025-11-29 04:27:57.106  1198-1288  WindowManager           system_server                        I  Reparenting to original parent: Surface(name=ActivityRecord{d731c09 u0 com.yourname.smartrecorder/.MainActivity} t22870})/@0xd332345, destroy=true, surface=Surface(name=91f81d5 SnapshotStartingWindow for taskId=22870)/@0xadd2bf0
2025-11-29 04:27:57.125   858-858   SurfaceFlinger          surfaceflinger                       D  Display 4633128672291735937 HWC layers:
                                                                                                         DEVICE | 0x70f52e3970 | 0102 | RGBA_8888    |    0.0    0.0 1440.0 3088.0 |    0    0 1440 3088 | com.yourname.smartrecorder/com.yourn[...]rtrecorder.MainActivity$_18960#63605
                                                                                                         DEVICE | 0x70f52def30 | 0100 | RGBA_8888    |    0.0    0.0 1440.0   90.0 |    0    0 1440   90 | StatusBar$_22947#4630
                                                                                                         DEVICE | 0x70f52d5bd0 | 0100 | RGBA_8888    |    0.0    0.0   67.0  708.0 | 1373  391 1440 1099 | com.samsung.android.app.cocktailbars[...]rvice.CocktailBarService$_4533#63599
                                                                                                         DEVICE | 0x70f52e8dd0 | 0100 | RGBA_8888    |    0.0    0.0 1440.0  168.0 |    0 2920 1440 3088 | NavigationBar0$_22947#4625
2025-11-29 04:27:57.158  1198-2005  MdnieScena...rolService system_server                        D   packageName : com.yourname.smartrecorder    className : com.yourname.smartrecorder.MainActivity
2025-11-29 04:27:57.380  1198-1287  SGM:GameManager         system_server                        D  identifyForegroundApp. com.yourname.smartrecorder, mCurrentUserId: 0, callerUserId: 0
2025-11-29 04:27:57.380  1198-1287  SGM:PkgDataHelper       system_server                        D  getGamePkgData(). com.yourname.smartrecorder
2025-11-29 04:27:57.832  4879-4879  Routine@Co...overHelper com.samsung.android.app.routines     I  setLastResumedPackageForCover mLastResumedPackage = com.yourname.smartrecorder
2025-11-29 04:27:57.832  4879-4879  Routine@Co...cleWatcher com.samsung.android.app.routines     I  notifyLifecycleChanged mCurResumedComponent=com.yourname.smartrecorder
2025-11-29 04:27:59.073 18960-18960 ViewRootIm...nActivity] com.yourname.smartrecorder           I  ViewPostIme pointer 0
2025-11-29 04:27:59.115 18960-18960 ViewRootIm...nActivity] com.yourname.smartrecorder           I  ViewPostIme pointer 1
2025-11-29 04:27:59.116 18960-18960 SmartRecor...Transcript com.yourname.smartrecorder           D  togglePlayPause called -> recordingId: 98a033f9-7bfe-490e-884f-505e012e0972, filePath: /data/user/0/com.yourname.smartrecorder/files/recordings/recording_006.3gp
2025-11-29 04:27:59.116 18960-18960 SmartRecor...Transcript com.yourname.smartrecorder           D  File check -> exists: true, size: 7735 bytes, canRead: true
2025-11-29 04:27:59.117 18960-18960 SmartRecor...Transcript com.yourname.smartrecorder           I  [MAIN] Starting/resuming playback -> file: /data/user/0/com.yourname.smartrecorder/files/recordings/recording_006.3gp, size: 7735 bytes
2025-11-29 04:27:59.120 18960-18960 SmartRecorder/Service   com.yourname.smartrecorder           I  [CRIT] Playback foreground service started
2025-11-29 04:27:59.121 18960-18960 SmartRecorder/Audio     com.yourname.smartrecorder           I  [MAIN] Playing audio -> file: /data/user/0/com.yourname.smartrecorder/files/recordings/recording_006.3gp, size: 7735 bytes, exists: true
2025-11-29 04:27:59.121 18960-18960 SmartRecorder/Audio     com.yourname.smartrecorder           D  [BG] Creating MediaPlayer instance
2025-11-29 04:27:59.121 18960-18960 MediaPlayer-JNI         com.yourname.smartrecorder           V  native_setup
2025-11-29 04:27:59.121 18960-18960 MediaPlayerNative       com.yourname.smartrecorder           V  constructor
2025-11-29 04:27:59.122 18960-18960 MediaPlayerNative       com.yourname.smartrecorder           V  setListener
2025-11-29 04:27:59.124 18960-18960 SmartRecorder/Audio     com.yourname.smartrecorder           D  [BG] Setting data source -> path: /data/user/0/com.yourname.smartrecorder/files/recordings/recording_006.3gp
2025-11-29 04:27:59.128 18960-18960 MediaPlayer-JNI         com.yourname.smartrecorder           V  setDataSourceFD: fd 6
2025-11-29 04:27:59.128 18960-18960 MediaPlayerNative       com.yourname.smartrecorder           V  setDataSource(6, 0, 576460752303423487)
2025-11-29 04:27:59.129   997-8776  MediaPlayerService      mediaserver                          V  Create new client(645) from AttributionSourceState{pid: 18960, uid: 11040, packageName: com.yourname.smartrecorder, attributionTag: (null), token: {no toString() implemented}, renouncedPermissions: [], next: []}, 
2025-11-29 04:27:59.136 18960-18960 SmartRecorder/Audio     com.yourname.smartrecorder           D  [BG] Preparing MediaPlayer
2025-11-29 04:27:59.136 18960-18960 MediaPlayerNative       com.yourname.smartrecorder           V  setVideoSurfaceTexture
2025-11-29 04:27:59.137 18960-18960 MediaPlayerNative       com.yourname.smartrecorder           V  prepare
2025-11-29 04:27:59.143 18960-18979 MediaPlayerNative       com.yourname.smartrecorder           V  message received msg=200, ext1=10973, ext2=0
2025-11-29 04:27:59.144 18960-18979 MediaPlayerNative       com.yourname.smartrecorder           W  info/warning (10973, 0)
2025-11-29 04:27:59.145 18960-18979 MediaPlayerNative       com.yourname.smartrecorder           V  message received msg=1, ext1=0, ext2=0
2025-11-29 04:27:59.146 18960-18979 MediaPlayerNative       com.yourname.smartrecorder           V  MediaPlayer::notify() prepared
2025-11-29 04:27:59.146 18960-18979 MediaPlayerNative       com.yourname.smartrecorder           V  signal application thread
2025-11-29 04:27:59.146 18960-18960 MediaPlayerNative       com.yourname.smartrecorder           V  prepare complete - status=0
2025-11-29 04:27:59.148 18960-18960 MediaPlayerNative       com.yourname.smartrecorder           V  invoke 76
2025-11-29 04:27:59.150 18960-18960 MediaPlayerNative       com.yourname.smartrecorder           V  getDuration_l
2025-11-29 04:27:59.150 18960-18960 MediaPlayer-JNI         com.yourname.smartrecorder           V  getDuration: 4360 (msec)
2025-11-29 04:27:59.150 18960-18960 SmartRecorder/Audio     com.yourname.smartrecorder           I  [MAIN] MediaPlayer prepared -> duration: 4360 ms (0,07 minutes)
2025-11-29 04:27:59.150 18960-18960 MediaPlayer-JNI         com.yourname.smartrecorder           V  setLooping: 0
2025-11-29 04:27:59.150 18960-18960 MediaPlayerNative       com.yourname.smartrecorder           V  MediaPlayer::setLooping
2025-11-29 04:27:59.150 18960-18960 MediaPlayer-JNI         com.yourname.smartrecorder           V  isLooping
2025-11-29 04:27:59.151 18960-18960 MediaPlayerNative       com.yourname.smartrecorder           V  isLooping
2025-11-29 04:27:59.151 18960-18960 MediaPlayer-JNI         com.yourname.smartrecorder           V  setLooping: 0
2025-11-29 04:27:59.151 18960-18960 MediaPlayerNative       com.yourname.smartrecorder           V  MediaPlayer::setLooping
2025-11-29 04:27:59.151 18960-18960 MediaPlayer-JNI         com.yourname.smartrecorder           V  isLooping
2025-11-29 04:27:59.151 18960-18960 MediaPlayerNative       com.yourname.smartrecorder           V  isLooping
2025-11-29 04:27:59.151 18960-18960 SmartRecorder/Audio     com.yourname.smartrecorder           D  [BG] Looping set to: false
2025-11-29 04:27:59.151 18960-18960 SmartRecorder/Audio     com.yourname.smartrecorder           D  [BG] Starting MediaPlayer
2025-11-29 04:27:59.151 18960-18960 MediaPlayer-JNI         com.yourname.smartrecorder           V  start
2025-11-29 04:27:59.151 18960-18960 MediaPlayerNative       com.yourname.smartrecorder           V  start
2025-11-29 04:27:59.151 18960-18960 SmartRecorder/Audio     com.yourname.smartrecorder           I  [MAIN] Audio playback started successfully -> file: /data/user/0/com.yourname.smartrecorder/files/recordings/recording_006.3gp, setupTime: 31ms
2025-11-29 04:27:59.152 18960-18960 SmartRecorder/Audio     com.yourname.smartrecorder           D  Setting looping: false
2025-11-29 04:27:59.152 18960-18960 MediaPlayer-JNI         com.yourname.smartrecorder           V  setLooping: 0
2025-11-29 04:27:59.152 18960-18960 MediaPlayerNative       com.yourname.smartrecorder           V  MediaPlayer::setLooping
2025-11-29 04:27:59.152 18960-18960 SmartRecor...Transcript com.yourname.smartrecorder           I  [MAIN] Started new playback -> duration: 4444 ms, looping: false
2025-11-29 04:27:59.154 18960-18960 SmartRecorder/Service   com.yourname.smartrecorder           I  [CRIT] [Service: PlaybackForegroundService] onCreate
2025-11-29 04:27:59.156 14064-14097 BWU@AudioP...rolManager com.samsung.android.bixby.wakeup     I  Ph_com.yourname.smartrecorder is now playing [VF-T-L] 
2025-11-29 04:27:59.160 18960-18960 MediaSessionCompat      com.yourname.smartrecorder           W  Couldn't find a unique registered media button receiver in the given context.
2025-11-29 04:27:59.163  1198-4203  MediaSessionService     system_server                        D  Media button session is changed to com.yourname.smartrecorder/PlaybackService (userId=0)
2025-11-29 04:27:59.164 22947-23697 FaceWidget...cViewModel com.android.systemui                 D  onMediaKeyEventSessionChanged() packageName = com.yourname.smartrecorder, sessionToken = android.media.session.MediaSession$Token@ad9d9b7
2025-11-29 04:27:59.166 18960-18960 SmartRecorder/Service   com.yourname.smartrecorder           I  [CRIT] [Service: PlaybackForegroundService] onStartCommand -> action=null, flags=0, startId=1
2025-11-29 04:27:59.166 18960-18960 SmartRecorder/Service   com.yourname.smartrecorder           I  [CRIT] Playback started in foreground service
2025-11-29 04:27:59.167 18960-18960 SmartRecorder/ViewModel com.yourname.smartrecorder           D  [PlaybackSessionRepository] setPlaying
2025-11-29 04:27:59.168 22947-22947 BubblesManager          com.android.systemui                 D  onNotificationChannelModified : pkg=com.yourname.smartrecorder ,modificationType:3
2025-11-29 04:27:59.168 22947-22947 BubblesManager          com.android.systemui                 D  onNotificationChannelModified : pkg=com.yourname.smartrecorder ,modificationType:1
2025-11-29 04:27:59.172 22947-22964 SecFgsMana...rollerImpl com.android.systemui                 D  onForegroundStateChanged: dialogShown:false, isForeground:true, packageName:com.yourname.smartrecorder , token:android.os.BinderProxy@2d42dc4, userId:0
2025-11-29 04:27:59.174  1198-1294  ApplicationPolicy       system_server                        D  isStatusBarNotificationAllowedAsUser: packageName = com.yourname.smartrecorder,userId = 0
2025-11-29 04:27:59.174 22947-22964 SecFgsMana...rollerImpl com.android.systemui                 D  updateUiControl[com.yourname.smartrecorder]: -1
2025-11-29 04:27:59.174  1198-1294  ApplicationPolicy       system_server                        D  isStatusBarNotificationAllowedAsUser: packageName = com.yourname.smartrecorder,userId = 0
2025-11-29 04:27:59.180  1198-1198  NotificationReminder    system_server                        D  addNotificationRecord record com.yourname.smartrecorder
2025-11-29 04:27:59.181  2188-2188  Launcher.N...onListener com.sec.android.app.launcher         I  onNotificationPosted : com.yourname.smartrecorder number : 0
2025-11-29 04:27:59.184  4533-4533  Edge.badge              com...ndroid.app.cocktailbarservice  I  updateBadge item = com.yourname.smartrecorder:0 1
2025-11-29 04:27:59.184 18960-18960 MediaPlayerNative       com.yourname.smartrecorder           V  invoke 76
2025-11-29 04:27:59.200 18960-18979 MediaPlayerNative       com.yourname.smartrecorder           V  message received msg=10000, ext1=21, ext2=3
2025-11-29 04:27:59.200 18960-18979 MediaPlayerNative       com.yourname.smartrecorder           V  message received msg=6, ext1=0, ext2=0
2025-11-29 04:27:59.200 18960-18979 MediaPlayerNative       com.yourname.smartrecorder           V  Received media started message
2025-11-29 04:27:59.211 14064-14097 BWU@AudioP...rolManager com.samsung.android.bixby.wakeup     I  Ph_com.yourname.smartrecorder is now playing [VF-T-L] 
2025-11-29 04:27:59.258  1198-1901  ApplicationPolicy       system_server                        D  isStatusBarNotificationAllowedAsUser: packageName = com.yourname.smartrecorder,userId = 0
2025-11-29 04:27:59.258  1198-1901  ApplicationPolicy       system_server                        D  isStatusBarNotificationAllowedAsUser: packageName = com.yourname.smartrecorder,userId = 0
2025-11-29 04:27:59.261  4533-4533  Edge.badge              com...ndroid.app.cocktailbarservice  I  updateBadge item = com.yourname.smartrecorder:0 1
2025-11-29 04:27:59.262  2188-2188  Launcher.N...onListener com.sec.android.app.launcher         I  onNotificationPosted : com.yourname.smartrecorder number : 0
2025-11-29 04:27:59.266 22947-22947 MediaDataManager        com.android.systemui                 D  onMediaNotificationAdded() : 0|com.yourname.smartrecorder|2|null|11040
2025-11-29 04:27:59.267 22947-22947 MediaLogger             com.android.systemui                 D  Notification added [0|com.yourname.smartrecorder|2|null|11040]
2025-11-29 04:27:59.267 22947-22947 Interrupti...teProvider com.android.systemui                 D   no Heads up : edgelighting enabled app. 0|com.yourname.smartrecorder|2|null|11040
2025-11-29 04:27:59.272 22947-22947 MediaResumeListener     com.android.systemui                 D  Checking for service component for com.yourname.smartrecorder
2025-11-29 04:27:59.274 22947-22947 MediaLogger             com.android.systemui                 D  Media player updated error: (0|com.yourname.smartrecorder|2|null|11040) isEntryNull = false, isDeviceNull = true
2025-11-29 04:27:59.277 22947-23066 MediaDeviceManager      com.android.systemui                 D  updateCurrent() = 1, name=in thoi ny, controller=android.media.session.MediaController@f97edab, route=RoutingSessionInfo{ sessionId=com.android.server.media/.SystemMediaRoute2Provider:SYSTEM_SESSION, name=null, clientPackageName=com.yourname.smartrecorder, selectedRoutes={com.android.server.media/.SystemMediaRoute2Provider:DEVICE_ROUTE}, selectableRoutes={}, deselectableRoutes={}, transferableRoutes={}, volumeHandling=0, volumeMax=0, volume=0 }, device=in thoi ny
2025-11-29 04:27:59.278 22947-23066 MediaDeviceManager      com.android.systemui                 D  updateCurrent() = 1, name=in thoi ny, controller=android.media.session.MediaController@f97edab, route=RoutingSessionInfo{ sessionId=com.android.server.media/.SystemMediaRoute2Provider:SYSTEM_SESSION, name=null, clientPackageName=com.yourname.smartrecorder, selectedRoutes={com.android.server.media/.SystemMediaRoute2Provider:DEVICE_ROUTE}, selectableRoutes={}, deselectableRoutes={}, transferableRoutes={}, volumeHandling=0, volumeMax=0, volume=0 }, device=in thoi ny
2025-11-29 04:27:59.283 22947-22947 MediaLogger             com.android.systemui                 D  Media data loaded key[0|com.yourname.smartrecorder|2|null|11040] oldKey[0|com.yourname.smartrecorder|2|null|11040] title[Reco] isActive[true]
2025-11-29 04:27:59.300 22947-22947 MediaLogger             com.android.systemui                 D  Media player added [0|com.yourname.smartrecorder|2|null|11040] isPlaying[true]
2025-11-29 04:27:59.312 22947-22947 FaceWidget...lerWrapper com.android.systemui                 D  onMediaDataLoaded, 0|com.yourname.smartrecorder|2|null|11040, 0|com.yourname.smartrecorder|2|null|11040, MediaData(userId=0, initialized=true, app=Smart Recorder, appIcon=Icon(typ=RESOURCE pkg=com.yourname.smartrecorder id=0x01080024), artist=Smart Recorder, song=Recording Th11 29, 2025, artwork=null, actions=[MediaAction(icon=android.graphics.drawable.AnimatedVectorDrawable@3e84b33, action=com.android.systemui.media.MediaDataManager$getStandardAction$2@d43bef0, contentDescription=Tm dng, background=android.graphics.drawable.AnimatedVectorDrawable@7a59c69, rebindId=null)], actionsToShowInCompact=[0], semanticActions=MediaButton(playOrPause=MediaAction(icon=android.graphics.drawable.AnimatedVectorDrawable@3e84b33, action=com.android.systemui.media.MediaDataManager$getStandardAction$2@d43bef0, contentDescription=Tm dng, background=android.graphics.drawable.AnimatedVectorDrawable@7a59c69, rebindId=null), nextOrCustom=null, prevOrCustom=null, custom0=null, custom1=null, reserveNext=false, reservePrev=false), packageName=com.yourname.smartrecorder, token=android.media.session.MediaSession$Token@ad9d9b7, clickIntent=PendingIntent{f1d10a6: android.os.BinderProxy@377c65}, device=MediaDeviceData(enabled=true, icon=0.0,0.0-120.0,120.0
                                                                                                    Loading:0ms
                                                                                                    Element:2
                                                                                                    Segment:0
                                                                                                    Attribute:2, name=in thoi ny, intent=null, id=remote_submix_media_device_id, customMediaDeviceData=SecMediaDeviceDataImpl(deviceType=1)), active=true, resumeAction=null, playbackLocation=0, resumption=false, notificationKey=0|com.yourname.smartrecorder|2|null|11040, hasCheckedForResume=true, isPlaying=true, isClearable=false, lastActive=326502851, instanceId=com.android.internal.logging.InstanceId@17fb7, appUid=11040, customMediaData=SecMediaDataImpl(uid=11040))
2025-11-29 04:27:59.312 22947-22947 FaceWidget...Repository com.android.systemui                 D  [update] key : 0|com.yourname.smartrecorder|2|null|11040, oldKey : 0|com.yourname.smartrecorder|2|null|11040, media : com.yourname.smartrecorder, sourceType : NOTIFICATION
2025-11-29 04:27:59.317 22947-22947 FaceWidget...cViewModel com.android.systemui                 D  onChanged :: PluginFaceWidgetMediaData{packageName='com.yourname.smartrecorder'isActive='true', playbackState=3', metaData=Recording Th11 29, 2025, Smart Recorder, null', (APP ICON, )'}
2025-11-29 04:27:59.317 22947-22947 FaceWidget...ionManager com.android.systemui                 D  updateFaceWidgetMusicNotificationPkg() pkgName = com.yourname.smartrecorder
2025-11-29 04:27:59.354 18960-18979 MediaPlayerNative       com.yourname.smartrecorder           V  message received msg=211, ext1=0, ext2=0
2025-11-29 04:27:59.358  1198-4203  ApplicationPolicy       system_server                        D  isStatusBarNotificationAllowedAsUser: packageName = com.yourname.smartrecorder,userId = 0
2025-11-29 04:27:59.358  1198-4203  ApplicationPolicy       system_server                        D  isStatusBarNotificationAllowedAsUser: packageName = com.yourname.smartrecorder,userId = 0
2025-11-29 04:27:59.363  4533-4533  Edge.badge              com...ndroid.app.cocktailbarservice  I  updateBadge item = com.yourname.smartrecorder:0 1
2025-11-29 04:27:59.363  2188-2188  Launcher.N...onListener com.sec.android.app.launcher         I  onNotificationPosted : com.yourname.smartrecorder number : 0
2025-11-29 04:27:59.367 22947-22947 MediaDataManager        com.android.systemui                 D  onMediaNotificationAdded() : 0|com.yourname.smartrecorder|2|null|11040
2025-11-29 04:27:59.367 22947-22947 MediaLogger             com.android.systemui                 D  Notification added [0|com.yourname.smartrecorder|2|null|11040]
2025-11-29 04:27:59.367 22947-22947 BubblesManager          com.android.systemui                 D  onEntryUpdated : shouldBubbleUp=false ,key=0|com.yourname.smartrecorder|2|null|11040
2025-11-29 04:27:59.367 22947-22947 Interrupti...teProvider com.android.systemui                 D   no Heads up : edgelighting enabled app. 0|com.yourname.smartrecorder|2|null|11040
2025-11-29 04:27:59.369 22947-22947 MediaLogger             com.android.systemui                 D  Media data loaded key[0|com.yourname.smartrecorder|2|null|11040] oldKey[0|com.yourname.smartrecorder|2|null|11040] title[Reco] isActive[true]
2025-11-29 04:27:59.371 22947-22947 MediaLogger             com.android.systemui                 D  Media player updated [0|com.yourname.smartrecorder|2|null|11040] isPlaying[true]
2025-11-29 04:27:59.382 22947-22947 FaceWidget...lerWrapper com.android.systemui                 D  onMediaDataLoaded, 0|com.yourname.smartrecorder|2|null|11040, 0|com.yourname.smartrecorder|2|null|11040, MediaData(userId=0, initialized=true, app=Smart Recorder, appIcon=Icon(typ=RESOURCE pkg=com.yourname.smartrecorder id=0x01080024), artist=Smart Recorder, song=Recording Th11 29, 2025, artwork=null, actions=[MediaAction(icon=android.graphics.drawable.AnimatedVectorDrawable@eb18718, action=com.android.systemui.media.MediaDataManager$getStandardAction$2@d500571, contentDescription=Tm dng, background=android.graphics.drawable.AnimatedVectorDrawable@320ef56, rebindId=null)], actionsToShowInCompact=[0], semanticActions=MediaButton(playOrPause=MediaAction(icon=android.graphics.drawable.AnimatedVectorDrawable@eb18718, action=com.android.systemui.media.MediaDataManager$getStandardAction$2@d500571, contentDescription=Tm dng, background=android.graphics.drawable.AnimatedVectorDrawable@320ef56, rebindId=null), nextOrCustom=null, prevOrCustom=null, custom0=null, custom1=null, reserveNext=false, reservePrev=false), packageName=com.yourname.smartrecorder, token=android.media.session.MediaSession$Token@ad9d9b7, clickIntent=PendingIntent{1f38f38: android.os.BinderProxy@377c65}, device=MediaDeviceData(enabled=true, icon=0.0,0.0-120.0,120.0
                                                                                                    Loading:0ms
                                                                                                    Element:2
                                                                                                    Segment:0
                                                                                                    Attribute:2, name=in thoi ny, intent=null, id=remote_submix_media_device_id, customMediaDeviceData=SecMediaDeviceDataImpl(deviceType=1)), active=true, resumeAction=null, playbackLocation=0, resumption=false, notificationKey=0|com.yourname.smartrecorder|2|null|11040, hasCheckedForResume=true, isPlaying=true, isClearable=false, lastActive=326502949, instanceId=com.android.internal.logging.InstanceId@17fb7, appUid=11040, customMediaData=SecMediaDataImpl(uid=11040))
2025-11-29 04:27:59.382 22947-22947 FaceWidget...Repository com.android.systemui                 D  [update] key : 0|com.yourname.smartrecorder|2|null|11040, oldKey : 0|com.yourname.smartrecorder|2|null|11040, media : com.yourname.smartrecorder, sourceType : NOTIFICATION
2025-11-29 04:27:59.390 22947-22947 FaceWidget...cViewModel com.android.systemui                 D  onChanged :: PluginFaceWidgetMediaData{packageName='com.yourname.smartrecorder'isActive='true', playbackState=3', metaData=Recording Th11 29, 2025, Smart Recorder, null', (APP ICON, )'}
2025-11-29 04:27:59.427 18960-18979 MediaPlayerNative       com.yourname.smartrecorder           V  message received msg=211, ext1=0, ext2=0
2025-11-29 04:27:59.427 18960-18979 MediaPlayerNative       com.yourname.smartrecorder           V  message received msg=211, ext1=0, ext2=0
2025-11-29 04:27:59.427 18960-18979 MediaPlayerNative       com.yourname.smartrecorder           V  message received msg=211, ext1=0, ext2=0
2025-11-29 04:27:59.459  1198-1901  ApplicationPolicy       system_server                        D  isStatusBarNotificationAllowedAsUser: packageName = com.yourname.smartrecorder,userId = 0
