                                                                                                         DEVICE | 0x70f52ce910 | 0100 | RGBA_8888    |    0.0    0.0 1440.0   90.0 |    0    0 1440   9
2025-11-28 20:19:14.910  4879-4879  Routine@Co...overHelper com.samsung.android.app.routines     I  setLastResumedPackageForCover mLastResumedPackage = com.yourname.smartrecorder
2025-11-28 20:19:14.910  4879-4879  Routine@Co...cleWatcher com.samsung.android.app.routines     I  notifyLifecycleChanged mCurResumedComponent=com.yourname.smartrecorder
2025-11-28 20:19:15.091  1198-1288  WindowManager           system_server                        I  Reparenting to original parent: Surface(name=Task=22770)/@0x318b4c2, destroy=true, surface=Surface(name=ActivityRecord{c981cb9 u0 com.yourname.smartrecorder/.MainActivity} t22770})/@0x856ff2
2025-11-28 20:19:15.091  1198-1288  WindowManager           system_server                        V  Setting visibility of Window{a010719 u0 com.yourname.smartrecorder/com.yourname.smartrecorder.MainActivity}: false, caller=com.android.server.wm.WindowContainer.sendAppVisibilityToClients:1246 com.android.server.wm.WindowToken.setClientVisible:431 com.android.server.wm.ActivityRecord.setClientVisible:7713 com.android.server.wm.ActivityRecord.onAnimationFinished:8612 com.android.server.wm.WindowContainer$$ExternalSyntheticLambda4.onAnimationFinished:2 
2025-11-28 20:19:15.092  9478-9478  ViewRootIm...nActivity] com.yourname.smartrecorder           I  handleAppVisibility mAppVisible = true visible = false
2025-11-28 20:19:15.095   858-858   SurfaceFlinger          surfaceflinger                       D  Display 4633128672291735937 HWC layers:
                                                                                                         DEVICE | 0x70f52d12b0 | 0102 | RGBA_8888    |    0.0    0.0 1440.0    1.0 |    0 2992 1440 3088 | bbq-wrapper#54809
                                                                                                         DEVICE | 0x70f52e5110 | 0102 | RGBA_8888    |    0.0   96.0 1440.0 3088.0 |    0    0 1440 2992 | com.yourname.smartrecorder/com.yourn[...]artrecorder.MainActivity$_9478#54726
                                                                                                         DEVICE | 0x70f52e5fb0 | 0102 | RGBA_8888    |    0.0    0.0 1440.0    1.0 |    0 3000 1440 3088 | bbq-wrapper#54803
                                                                                                     SOLID_COLOR |              | 0000 |  Unknown  |    0.0    0.0    0.0    0.0 |    0    0 1440 3088 | DimAnimationLayer for ActivityRecord[...]i.picker.PickActivity} t22770}#54797
                                                                                                         DEVICE | 0x70f52cac50 | 0100 | RGBA_8888    |    0.0    0.0 1440.0 3088.0 |    0    0 1440 3088 | Splash Screen com.google.android.documentsui$_22947#54791
                                                                                                         DEVICE | 0x70f52f26d0 | 0100 | RGBA_8888    |    0.0    0.0 1440.0   90.0 |    0    0 1440   90 | StatusBar$_22947#4630
                                                                                                         DEVICE | 0x70f52cd4d0 | 0100 | RGBA_8888    |    0.0    0.0   67.0  708.0 | 1373  391 1440
2025-11-28 20:19:15.106   858-858   Layer                   surfaceflinger                       I  Layer [com.yourname.smartrecorder/com.yourname.smartrecorder.MainActivity$_9478#54726] hidden!! flag(1)
2025-11-28 20:19:15.106   858-858   Layer                   surfaceflinger                       I  id=54795 removeFromCurrentState Surface(name=ActivityRecord{c981cb9 u0 com.yourname.smartrecorder/.MainActivity} t22770})/@0x856ff2 - animation-leash of app_transition#54795 (145)
2025-11-28 20:19:15.106   858-858   Layer                   surfaceflinger                       I  id=54796 removeFromCurrentState Surface(name=ActivityRecord{c981cb9 u0 com.yourname.smartrecorder/.MainActivity} t22770})/@0x856ff2 - animation-bounds#54796 (145)
2025-11-28 20:19:15.107   858-858   SurfaceFlinger          surfaceflinger                       I  id=54796 Removed Surface(name=ActivityRecord{c981cb9 u0 com.yourname.smartrecorder/.MainActivity} t22770})/@0x856ff2 - animation-bounds#54796 (145)
2025-11-28 20:19:15.107   858-858   SurfaceFlinger          surfaceflinger                       I  id=54795 Removed Surface(name=ActivityRecord{c981cb9 u0 com.yourname.smartrecorder/.MainActivity} t22770})/@0x856ff2 - animation-leash of app_transition#54795 (145)
2025-11-28 20:19:15.107   858-858   Layer                   surfaceflinger                       I  id=54796 Destroyed Surface(name=ActivityRecord{c981cb9 u0 com.yourname.smartrecorder/.MainActivity} t22770})/@0x856ff2 - animation-bounds#54796
2025-11-28 20:19:15.107   858-858   Layer                   surfaceflinger                       I  id=54795 Destroyed Surface(name=ActivityRecord{c981cb9 u0 com.yourname.smartrecorder/.MainActivity} t22770})/@0x856ff2 - animation-leash of app_transition#54795
2025-11-28 20:19:15.107  9478-9592  OpenGLRenderer          com.yourname.smartrecorder           D  setSurface called with nullptr
2025-11-28 20:19:15.107  9478-9592  OpenGLRenderer          com.yourname.smartrecorder           D  setSurface() destroyed EGLSurface
2025-11-28 20:19:15.107  9478-9592  OpenGLRenderer          com.yourname.smartrecorder           D  destroyEglSurface
2025-11-28 20:19:15.110  9478-9478  ViewRootIm...nActivity] com.yourname.smartrecorder           I  performTraversals mFirst=false windowShouldResize=false viewVisibilityChanged=true mForceNextWindowRelayout=false params=null
2025-11-28 20:19:15.110  1198-4479  WindowManager           system_server                        V  Relayout Window{a010719 u0 com.yourname.smartrecorder/com.yourname.smartrecorder.MainActivity}: viewVisibility=8 req=1440x3088 d0
2025-11-28 20:19:15.115  9478-9478  ViewRootIm...nActivity] com.yourname.smartrecorder           I  Relayout returned: old=(0,0,1440,3088) new=(0,0,1440,3088) req=(1440,3088)8 dur=3 res=0x2 s={false 0x0} ch=true seqId=0
2025-11-28 20:19:15.133  9478-9478  ViewRootIm...nActivity] com.yourname.smartrecorder           I  stopped(true) old = false
2025-11-28 20:19:15.133  9478-9478  ViewRootIm...nActivity] com.yourname.smartrecorder           I  WindowStopped on com.yourname.smartrecorder/com.yourname.smartrecorder.MainActivity set to true
2025-11-28 20:19:15.135  9478-9478  MSHandlerLifeCycle      com.yourname.smartrecorder           I  removeMultiSplitHandler: no exist. decor=DecorView@ef6d448[MainActivity]
2025-11-28 20:19:15.140  1198-4479  WindowManager           system_server                        E  win=Window{a010719 u0 com.yourname.smartrecorder/com.yourname.smartrecorder.MainActivity} destroySurfaces: appStopped=true cleanupOnResume=false win.mWindowRemovalAllowed=false win.mRemoveOnExit=false win.mViewVisibility=8 caller=com.android.server.wm.ActivityRecord.destroySurfaces:6561 com.android.server.wm.ActivityRecord.destroySurfaces:6542 com.android.server.wm.ActivityRecord.notifyAppStopped:6606 com.android.server.wm.ActivityRecord.activityStopped:7194 com.android.server.wm.ActivityClientController.activityStopped:269 android.app.IActivityClientController$Stub.onTransact:613 com.android.server.wm.ActivityClientController.onTransact:147 
2025-11-28 20:19:15.140  1198-4479  WindowManager           system_server                        I  Destroying surface Surface(name=com.yourname.smartrecorder/com.yourname.smartrecorder.MainActivity$_9478)/@0xb5b5863 called by com.android.server.wm.WindowStateAnimator.destroySurface:947 com.android.server.wm.WindowStateAnimator.destroySurfaceLocked:537 com.android.server.wm.WindowState.destroySurfaceUnchecked:4326 com.android.server.wm.WindowState.destroySurface:4300 com.android.server.wm.ActivityRecord.destroySurfaces:6561 com.android.server.wm.ActivityRecord.destroySurfaces:6542 com.android.server.wm.ActivityRecord.notifyAppStopped:6606 com.android.server.wm.ActivityRecord.activityStopped:7194 
2025-11-28 20:19:15.141  1198-4479  ActivityTaskManager     system_server                        D  mStartingWindow and mStartingData is null for token=ActivityRecord{c981cb9 u0 com.yourname.smartrecorder/.MainActivity} t22770}
2025-11-28 20:19:15.142  4879-22862 Routine@Co...stenerImpl com.samsung.android.app.routines     I  onStopComponent: componentName - ComponentInfo{com.yourname.smartrecorder/com.yourname.smartrecorder.MainActivity}
2025-11-28 20:19:15.156   858-858   Layer                   surfaceflinger                       I  id=54726 removeFromCurrentState com.yourname.smartrecorder/com.yourname.smartrecorder.MainActivity$_9478#54726 (131)
2025-11-28 20:19:15.185   858-886   SurfaceFlinger          surfaceflinger                       I  id=54726 Removed com.yourname.smartrecorder/com.yourname.smartrecorder.MainActivity$_9478#54726 (131)
2025-11-28 20:19:15.188  1198-1285  OneTimePer...serManager system_server                        V  Updating state for com.yourname.smartrecorder (11024). state=1
2025-11-28 20:19:15.190   858-858   Layer                   surfaceflinger                       I  id=54726 Destroyed com.yourname.smartrecorder/com.yourname.smartrecorder.MainActivity$_9478#54726
2025-11-28 20:19:15.286  9478-9487  MediaRecorderJNI        com.yourname.smartrecorder           I  finalize
2025-11-28 20:19:15.286  9478-9487  MediaRecorderJNI        com.yourname.smartrecorder           I  release
2025-11-28 20:19:15.722  1198-1287  SGM:GameManager         system_server                        D  identifyForegroundApp. com.yourname.smartrecorder, mCurrentUserId: 0, callerUserId: 0
2025-11-28 20:19:15.722  1198-1287  SGM:PkgDataHelper       system_server                        D  getGamePkgData(). com.yourname.smartrecorder
2025-11-28 20:19:15.812  4879-4879  Routine@Co...overHelper com.samsung.android.app.routines     I  setLastResumedPackageForCover mLastResumedPackage = com.yourname.smartrecorder
2025-11-28 20:19:15.813  4879-4879  Routine@Co...cleWatcher com.samsung.android.app.routines     I  notifyLifecycleChanged mCurResumedComponent=com.yourname.smartrecorder
2025-11-28 20:19:15.824  4879-4879  Routine@Co...overHelper com.samsung.android.app.routines     I  setLastResumedPackageForCover mLastResumedPackage = com.yourname.smartrecorder
2025-11-28 20:19:15.824  4879-4879  Routine@Co...cleWatcher com.samsung.android.app.routines     I  notifyLifecycleChanged mCurResumedComponent=com.yourname.smartrecorder
2025-11-28 20:19:16.348  4879-4879  Routine@Co...overHelper com.samsung.android.app.routines     I  setLastResumedPackageForCover mLastResumedPackage = com.yourname.smartrecorder
2025-11-28 20:19:16.348  4879-4879  Routine@Co...cleWatcher com.samsung.android.app.routines     I  notifyLifecycleChanged mCurResumedComponent=com.yourname.smartrecorder
2025-11-28 20:19:20.431  1198-4343  MARsPolicyManager       system_server                        D  onPackageResumedFG pkgName = com.yourname.smartrecorder, userId = 0
2025-11-28 20:19:20.432  1198-4343  WindowManager           system_server                        V  Setting visibility of Window{a010719 u0 com.yourname.smartrecorder/com.yourname.smartrecorder.MainActivity}: true, caller=com.android.server.wm.WindowContainer.sendAppVisibilityToClients:1246 com.android.server.wm.WindowToken.setClientVisible:431 com.android.server.wm.ActivityRecord.setClientVisible:7713 com.android.server.wm.ActivityRecord.setVisibility:6113 com.android.server.wm.ActivityRecord.setVisibility:6006 
2025-11-28 20:19:20.432  1198-4343  ActivityTaskManager     system_server                        D  scheduleTopResumedActivityChanged, onTop=true r=ActivityRecord{c981cb9 u0 com.yourname.smartrecorder/.MainActivity} t22770} caller=com.android.server.wm.ActivityTaskSupervisor.scheduleTopResumedActivityStateIfNeeded:2535 com.android.server.wm.ActivityTaskSupervisor.updateTopResumedActivityIfNeeded:2527 com.android.server.wm.TaskFragment.setResumedActivity:493 com.android.server.wm.TaskFragment.onActivityStateChanged:805 com.android.server.wm.ActivityRecord.setState:6428 com.android.server.wm.TaskFragment.resumeTopActivity:1629 
2025-11-28 20:19:20.432  1198-4343  InputDispatcher         system_server                        D  Focused application(0): ActivityRecord{c981cb9 u0 com.yourname.smartrecorder/.MainActivity} t22770}
2025-11-28 20:19:20.433  9478-9478  ViewRootIm...nActivity] com.yourname.smartrecorder           I  handleAppVisibility mAppVisible = false visible = true
2025-11-28 20:19:20.433  1198-4343  WindowManagerServiceExt system_server                        D  notifyOccludeChangeNotice: cn=ComponentInfo{com.yourname.smartrecorder/com.yourname.smartrecorder.MainActivity} occludesParent=true inMultiWindow=false styleFloating=false caller=com.android.server.wm.WindowManagerServiceExt.updateOccludeTargetIfNeeded:1402 com.android.server.wm.DisplayContent.ensureActivitiesVisible:7532 com.android.server.wm.RootWindowContainer.ensureActivitiesVisible:2248 com.android.server.wm.RootWindowContainer.ensureVisibilityAndConfig:2126 com.android.server.wm.TaskFragment.resumeTopActivity:1652 
2025-11-28 20:19:20.433  1198-4343  WindowManager           system_server                        D  rotationForOrientation, orientationSource=ActivityRecord{c981cb9 u0 com.yourname.smartrecorder/.MainActivity} t22770}
2025-11-28 20:19:20.439  9478-9478  ViewRootIm...nActivity] com.yourname.smartrecorder           I  stopped(false) old = true
2025-11-28 20:19:20.439  9478-9478  ViewRootIm...nActivity] com.yourname.smartrecorder           I  WindowStopped on com.yourname.smartrecorder/com.yourname.smartrecorder.MainActivity set to false
2025-11-28 20:19:20.443  9478-9478  MSHandlerLifeCycle      com.yourname.smartrecorder           I  removeMultiSplitHandler: no exist. decor=DecorView@ef6d448[MainActivity]
2025-11-28 20:19:20.445  9478-9478  SmartRecorder/ViewModel com.yourname.smartrecorder           D  [SmartRecorderApp] User selected audio file -> uri: content://com.android.externalstorage.documents/document/primary%3ARecordings%2FVoice%20Recorder%2FGhi%20nh%E1%BB%9B%20001.m4a, fileName: primary:Recordings/Voice Recorder/Ghi nh 001.m4a
2025-11-28 20:19:20.445  9478-9478  SmartRecorder/Import    com.yourname.smartrecorder           I  [MAIN] [ViewModel: ImportAudioViewModel] importAudioFile -> State: uri=content://com.android.externalstorage.documents/document/primary%3ARecordings%2FVoice%20Recorder%2FGhi%20nh%E1%BB%9B%20001.m4a, fileName=primary:Recordings/Voice Recorder/Ghi nh 001.m4a
2025-11-28 20:19:20.447  9478-9478  SmartRecorder/Import    com.yourname.smartrecorder           D  Import started -> uri: content://com.android.externalstorage.documents/document/primary%3ARecordings%2FVoice%20Recorder%2FGhi%20nh%E1%BB%9B%20001.m4a, fileName: primary:Recordings/Voice Recorder/Ghi nh 001.m4a
2025-11-28 20:19:20.448  9478-9478  ViewRootIm...nActivity] com.yourname.smartrecorder           I  stopped(false) old = false
2025-11-28 20:19:20.449  9478-9590  SmartRecorder/Import    com.yourname.smartrecorder           I  [MAIN] [UseCase: ImportAudioFileUseCase] Starting (uri=content://com.android.externalstorage.documents/document/primary%3ARecordings%2FVoice%20Recorder%2FGhi%20nh%E1%BB%9B%20001.m4a, fileName=primary:Recordings/Voice Recorder/Ghi nh 001.m4a)
2025-11-28 20:19:20.449  9478-9590  SmartRecorder/Import    com.yourname.smartrecorder           D  Recordings directory prepared: /data/user/0/com.yourname.smartrecorder/files/recordings
2025-11-28 20:19:20.449  9478-9590  SmartRecorder/Import    com.yourname.smartrecorder           D  Copying file -> from: content://com.android.externalstorage.documents/document/primary%3ARecordings%2FVoice%20Recorder%2FGhi%20nh%E1%BB%9B%20001.m4a, to: /data/user/0/com.yourname.smartrecorder/files/recordings/imported_be8fd2f9-0dfe-41b6-9352-780bae3de9c7.m4a
2025-11-28 20:19:20.450  9478-9478  MSHandlerLifeCycle      com.yourname.smartrecorder           I  removeMultiSplitHandler: no exist. decor=DecorView@ef6d448[MainActivity]
2025-11-28 20:19:20.470  4533-4533  ActivityUtils           com...ndroid.app.cocktailbarservice  I  HomePackage : com.sec.android.app.launcher, resumePackageName : com.yourname.smartrecorder
2025-11-28 20:19:20.471  1198-1287  GameSDK@LifeCycle       system_server                        I  noteResumeComponent(): package name  : com.yourname.smartrecorder
2025-11-28 20:19:20.472  1198-1287  SGM:GameManager         system_server                        D  identifyGamePackage. com.yourname.smartrecorder, mCurrentUserId: 0, callerUserId: 0, callingMethodInfo: com.android.server.ssrm.SortingMachine.isGame(SortingMachine.java:162)
2025-11-28 20:19:20.472  1198-1287  SGM:PkgDataHelper       system_server                        D  getGamePkgData(). com.yourname.smartrecorder
2025-11-28 20:19:20.472  4879-22862 Routine@Co...stenerImpl com.samsung.android.app.routines     I  onResumeComponent: componentName - ComponentInfo{com.yourname.smartrecorder/com.yourname.smartrecorder.MainActivity}
2025-11-28 20:19:20.472  1198-1287  SGM:FgCheckThread       system_server                        D  noteResumeComponent(), received pkgName: com.yourname.smartrecorder, userId: 0
2025-11-28 20:19:20.472  1198-1539  SGM:FgCheckThread       system_server                        D  onLooperPrepared(), msg: MSG_APP_RESUME, pkgName: com.yourname.smartrecorder, userid: 0
2025-11-28 20:19:20.473  1198-1287  SGM:GameManager         system_server                        D  identifyGamePackage. com.yourname.smartrecorder, mCurrentUserId: 0, callerUserId: 0, callingMethodInfo: com.samsung.android.game.SemGameManager.isGamePackage(SemGameManager.java:104)
2025-11-28 20:19:20.473  1198-1287  SGM:PkgDataHelper       system_server                        D  getGamePkgData(). com.yourname.smartrecorder
2025-11-28 20:19:20.473  1198-1287  SGM:SemGameManager      system_server                        D  isGamePackage(), pkgName=com.yourname.smartrecorder, ret=false
2025-11-28 20:19:20.474  1198-1285  OneTimePer...serManager system_server                        V  Updating state for com.yourname.smartrecorder (11024). state=2
2025-11-28 20:19:20.479  9478-9590  SmartRecorder/Import    com.yourname.smartrecorder           D  File copied successfully -> bytes: 527326, duration: 30 ms
2025-11-28 20:19:20.479  9478-9590  SmartRecorder/Import    com.yourname.smartrecorder           D  File saved -> size: 527326 bytes, path: /data/user/0/com.yourname.smartrecorder/files/recordings/imported_be8fd2f9-0dfe-41b6-9352-780bae3de9c7.m4a
2025-11-28 20:19:20.479  9478-9590  MediaMetadataRetriever  com.yourname.smartrecorder           V  constructor
2025-11-28 20:19:20.481  9478-9478  ViewRootIm...nActivity] com.yourname.smartrecorder           I  performTraversals mFirst=false windowShouldResize=false viewVisibilityChanged=true mForceNextWindowRelayout=false params=null
2025-11-28 20:19:20.482  1198-4343  WindowManager           system_server                        V  Relayout Window{a010719 u0 com.yourname.smartrecorder/com.yourname.smartrecorder.MainActivity}: viewVisibility=0 req=1440x3088 d0
2025-11-28 20:19:20.482   858-886   SurfaceFlinger          surfaceflinger                       I  id=54817 createSurf flag=40004, com.yourname.smartrecorder/com.yourname.smartrecorder.MainActivity$_9478#54817
2025-11-28 20:19:20.482  1198-4343  WindowManager           system_server                        D  makeSurface duration=0 name=com.yourname.smartrecorder/com.yourname.smartrecorder.MainActivity$_9478
2025-11-28 20:19:20.484  1198-4343  WindowManager           system_server                        V  Changing focus from null to Window{a010719 u0 com.yourname.smartrecorder/com.yourname.smartrecorder.MainActivity} displayId=0 Callers=com.android.server.wm.RootWindowContainer.updateFocusedWindowLocked:595 com.android.server.wm.WindowManagerService.updateFocusedWindowLocked:6810 com.android.server.wm.WindowManagerService.relayoutWindow:2820 com.android.server.wm.Session.relayout:274 
2025-11-28 20:19:20.484  1198-4343  MARsPolicyManager       system_server                        D  onPackageResumedFG pkgName = com.yourname.smartrecorder, userId = 0
2025-11-28 20:19:20.486  1198-4343  WindowManager           system_server                        D  updateSystemBarAttributes: displayId=0, win=Window{a010719 u0 com.yourname.smartrecorder/com.yourname.smartrecorder.MainActivity}, navColorWin=Window{b7daa8a u0 com.google.android.documentsui/com.android.documentsui.picker.PickActivity}, focusedCanBeNavColorWin=false, behavior=1, appearance=16, statusBarAppearanceRegions=[AppearanceRegion{LIGHT_STATUS_BARS bounds=[0,0][1440,3088]}], requestedVisibilities=, from=com.android.server.wm.DisplayPolicy.focusChangedLw:3251 com.android.server.wm.DisplayContent.updateFocusedWindowLocked:4632 com.android.server.wm.RootWindowContainer.updateFocusedWindowLocked:595 
2025-11-28 20:19:20.486 22947-22947 NavigationBar           com.android.systemui                 D  onSystemBarAttributesChanged() -  displayId:0, appearance:16, packageName: com.yourname.smartrecorder (APPEARANCE_LIGHT_NAVIGATION_BARS ), navbarColorManagedByIme:false
2025-11-28 20:19:20.489  9478-9590  MediaMetadataRetriever  com.yourname.smartrecorder           V  setDataSource(77, 0, 576460752303423487)
2025-11-28 20:19:20.490  9478-9478  ViewRootIm...nActivity] com.yourname.smartrecorder           I  updateBlastSurfaceIfNeeded mBlastBufferQueue=null isSameSurfaceControl=false
2025-11-28 20:19:20.491  9478-9478  BLASTBufferQueue        com.yourname.smartrecorder           I  new BLASTBufferQueue, mName= ViewRootImpl@eb901d5[MainActivity] mNativeObject= 0x71adc2bd30 sc.mNativeObject= 0x713dc87220 caller= android.view.ViewRootImpl.updateBlastSurfaceIfNeeded:2909 android.view.ViewRootImpl.relayoutWindow:9847 android.view.ViewRootImpl.performTraversals:3884 android.view.ViewRootImpl.doTraversal:3116 android.view.ViewRootImpl$TraversalRunnable.run:10885 android.view.Choreographer$CallbackRecord.run:1301 android.view.Choreographer$CallbackRecord.run:1309 android.view.Choreographer.doCallbacks:923 android.view.Choreographer.doFrame:852 android.view.Choreographer$FrameDisplayEventReceiver.run:1283 
2025-11-28 20:19:20.491  9478-9478  BLASTBufferQueue        com.yourname.smartrecorder           I  update, w= 1440 h= 3088 mName = ViewRootImpl@eb901d5[MainActivity] mNativeObject= 0x71adc2bd30 sc.mNativeObject= 0x713dc87220 format= -1 caller= android.graphics.BLASTBufferQueue.<init>:84 android.view.ViewRootImpl.updateBlastSurfaceIfNeeded:2909 android.view.ViewRootImpl.relayoutWindow:9847 android.view.ViewRootImpl.performTraversals:3884 android.view.ViewRootImpl.doTraversal:3116 android.view.ViewRootImpl$TraversalRunnable.run:10885 
2025-11-28 20:19:20.491  9478-9478  ViewRootIm...nActivity] com.yourname.smartrecorder           I  Relayout returned: old=(0,0,1440,3088) new=(0,0,1440,3088) req=(1440,3088)0 dur=9 res=0x3 s={true 0x723dc68c60} ch=true seqId=0
2025-11-28 20:19:20.492  9478-9478  ViewRootIm...nActivity] com.yourname.smartrecorder           I  mThreadedRenderer.initialize() mSurface={isValid=true 0x723dc68c60} hwInitialized=true
2025-11-28 20:19:20.492  9478-9478  ViewRootIm...nActivity] com.yourname.smartrecorder           I  reportNextDraw android.view.ViewRootImpl.performTraversals:4438 android.view.ViewRootImpl.doTraversal:3116 android.view.ViewRootImpl$TraversalRunnable.run:10885 android.view.Choreographer$CallbackRecord.run:1301 android.view.Choreographer$CallbackRecord.run:1309 
2025-11-28 20:19:20.492  9478-9478  ViewRootIm...nActivity] com.yourname.smartrecorder           I  Setup new sync id=1
2025-11-28 20:19:20.492  9478-9592  OpenGLRenderer          com.yourname.smartrecorder           D  eglCreateWindowSurface
2025-11-28 20:19:20.492  9478-9478  ViewRootIm...nActivity] com.yourname.smartrecorder           I  Setting syncFrameCallback
2025-11-28 20:19:20.492  9478-9478  ViewRootIm...nActivity] com.yourname.smartrecorder           I  registerCallbacksForSync syncBuffer=false
2025-11-28 20:19:20.503  9478-9590  MediaMetadataRetriever  com.yourname.smartrecorder           V  setDataSource(fd) return(0)
2025-11-28 20:19:20.503  9478-9590  MediaMetadataRetriever  com.yourname.smartrecorder           V  extractMetadata(9)
2025-11-28 20:19:20.504  9478-9590  MediaMetadataRetriever  com.yourname.smartrecorder           V  destructor
2025-11-28 20:19:20.504  9478-9590  MediaMetadataRetriever  com.yourname.smartrecorder           V  disconnect
2025-11-28 20:19:20.505  9478-9590  SmartRecorder/Import    com.yourname.smartrecorder           D  Audio duration extracted -> 30138 ms
2025-11-28 20:19:20.505  9478-9590  SmartRecorder/Import    com.yourname.smartrecorder           D  Saving recording to database -> id: be8fd2f9-0dfe-41b6-9352-780bae3de9c7, title: Ghi nh 001
2025-11-28 20:19:20.505  9478-9590  SmartRecor...Repository com.yourname.smartrecorder           D  [BG] [DB: recordings] INSERT -> id=be8fd2f9-0dfe-41b6-9352-780bae3de9c7, title=Ghi nh 001, duration=30138ms
2025-11-28 20:19:20.507   858-858   SurfaceFlinger          surfaceflinger                       I  [a010719 com.yourname.smartrecorder/com.yourname.smartrecorder.MainActivity#54725] FrameRatePriority: 1
2025-11-28 20:19:20.508   858-979   SurfaceFlinger          surfaceflinger                       D  [input] setFocusedWindow: a010719 com.yourname.smartrecorder/com.yourname.smartrecorder.MainActivity
2025-11-28 20:19:20.508  1198-4479  InputDispatcher         system_server                        D  Focus request (0): a010719 com.yourname.smartrecorder/com.yourname.smartrecorder.MainActivity but waiting because NOT_VISIBLE
2025-11-28 20:19:20.510  9478-9590  SmartRecor...Repository com.yourname.smartrecorder           D  [BG] [DB: recordings] INSERT_COMPLETE -> id=be8fd2f9-0dfe-41b6-9352-780bae3de9c7, duration=4ms
2025-11-28 20:19:20.510  9478-9590  SmartRecorder/Import    com.yourname.smartrecorder           I  [MAIN] [UseCase: ImportAudioFileUseCase] Completed (recordingId=be8fd2f9-0dfe-41b6-9352-780bae3de9c7, duration=62ms)
2025-11-28 20:19:20.510  9478-9590  SmartRecorder/Import    com.yourname.smartrecorder           I  [Performance] ImportAudioFileUseCase took 62ms (fileSize=527326bytes)
2025-11-28 20:19:20.511  9478-9628  ViewRootIm...nActivity] com.yourname.smartrecorder           I  Received frameDrawingCallback syncResult=0 frameNum=1.
2025-11-28 20:19:20.511  9478-9628  ViewRootIm...nActivity] com.yourname.smartrecorder           I  Setting up sync and frameCommitCallback
2025-11-28 20:19:20.513  9478-9592  BLASTBufferQueue        com.yourname.smartrecorder           I  [ViewRootImpl@eb901d5[MainActivity]#1](f:0,a:0) onFrameAvailable the first frame is available
2025-11-28 20:19:20.514  9478-9592  ViewRootIm...nActivity] com.yourname.smartrecorder           I  Received frameCommittedCallback lastAttemptedDrawFrameNum=1 didProduceBuffer=true
2025-11-28 20:19:20.514  9478-9478  ViewRootIm...nActivity] com.yourname.smartrecorder           I  onSyncComplete
2025-11-28 20:19:20.515  9478-9478  ViewRootIm...nActivity] com.yourname.smartrecorder           I  setupSync seqId=0 mSyncId=1 fn=1 caller=android.view.ViewRootImpl$$ExternalSyntheticLambda11.accept:6 android.window.SurfaceSyncer.lambda$setupSync$1$android-window-SurfaceSyncer:128 android.window.SurfaceSyncer$$ExternalSyntheticLambda1.accept:8 android.window.SurfaceSyncer$SyncSet.checkIfSyncIsComplete:382 android.window.SurfaceSyncer$SyncSet.markSyncReady:359 android.window.SurfaceSyncer.markSyncReady:151 android.view.ViewRootImpl.performTraversals:4503 
2025-11-28 20:19:20.515  9478-9478  ViewRootIm...nActivity] com.yourname.smartrecorder           I  reportDrawFinished seqId=0 mSyncId=-1 fn=1 mSurfaceChangedTransaction=0x716dc348d0
2025-11-28 20:19:20.515  1198-4479  WindowManager           system_server                        D  finishDrawingWindow: Window{a010719 u0 com.yourname.smartrecorder/com.yourname.smartrecorder.MainActivity} mDrawState=DRAW_PENDING seqId=0
2025-11-28 20:19:20.521  9478-9478  SmartRecorder/Import    com.yourname.smartrecorder           I  [MAIN] [ViewModel: ImportAudioViewModel] Import completed -> State: recordingId=be8fd2f9-0dfe-41b6-9352-780bae3de9c7, title=Ghi nh 001
2025-11-28 20:19:20.521  9478-9478  SmartRecorder/Import    com.yourname.smartrecorder           D  Starting automatic transcription -> recordingId: be8fd2f9-0dfe-41b6-9352-780bae3de9c7
2025-11-28 20:19:20.522  1198-1288  WindowManager           system_server                        I  Reparenting to leash, surface=Surface(name=ActivityRecord{c981cb9 u0 com.yourname.smartrecorder/.MainActivity} t22770})/@0x856ff2, leashParent=Surface(name=Task=22770)/@0x318b4c2
2025-11-28 20:19:20.522   858-886   SurfaceFlinger          surfaceflinger                       I  id=54822 createSurf flag=24004, Surface(name=ActivityRecord{c981cb9 u0 com.yourname.smartrecorder/.MainActivity} t22770})/@0x856ff2 - animation-leash of app_transition#54822
2025-11-28 20:19:20.522  9478-9590  SmartRecorder/UseCase   com.yourname.smartrecorder           I  [MAIN] [UseCase: GenerateTranscriptUseCase] Starting (recordingId=be8fd2f9-0dfe-41b6-9352-780bae3de9c7, filePath=/data/user/0/com.yourname.smartrecorder/files/recordings/imported_be8fd2f9-0dfe-41b6-9352-780bae3de9c7.m4a)
2025-11-28 20:19:20.523  1198-1288  WindowManager           system_server                        D  makeSurface duration=0 leash=Surface(name=Surface(name=ActivityRecord{c981cb9 u0 com.yourname.smartrecorder/.MainActivity} t22770})/@0x856ff2 - animation-leash of app_transition)/@0x7958f5e
2025-11-28 20:19:20.523  9478-9590  SmartRecor...Transcript com.yourname.smartrecorder           D  Audio file info -> size: 527326 bytes, duration: 30138 ms
2025-11-28 20:19:20.523   858-1167  SurfaceFlinger          surfaceflinger                       I  id=54823 createSurf flag=80004, Surface(name=ActivityRecord{c981cb9 u0 com.yourname.smartrecorder/.MainActivity} t22770})/@0x856ff2 - animation-bounds#54823
2025-11-28 20:19:20.524  9478-9590  SmartRecorder/Import    com.yourname.smartrecorder           D  [ImportAudioViewModel] Transcription progress: 0%%
2025-11-28 20:19:20.525  9478-9590  WhisperJNI              com.yourname.smartrecorder           I  Loading model from: /data/user/0/com.yourname.smartrecorder/files/whisper-models/ggml-tiny.en.bin
2025-11-28 20:19:20.526  1198-1288  ActivityTaskManager     system_server                        D  mStartingWindow and mStartingData is null for token=ActivityRecord{c981cb9 u0 com.yourname.smartrecorder/.MainActivity} t22770}
2025-11-28 20:19:20.526  1198-1288  WindowManager           system_server                        V  performShowLocked: mDrawState=HAS_DRAWN in Window{a010719 u0 com.yourname.smartrecorder/com.yourname.smartrecorder.MainActivity}
2025-11-28 20:19:20.528 22947-22947 SamsungLig...trolHelper com.android.systemui                 D  onStatusBarAppearanceChanged() -  sbModeChanged:false, statusBarMode:MODE_TRANSPARENT, barState:SHADE, isKeyguardShowing:false, navbarColorManagedByIme:false, stackAppearancesChanged:true, (AppearanceRegion{ bounds=[0,0][1440,3088]}, ), packageName:com.yourname.smartrecorder
2025-11-28 20:19:20.528  1198-1288  WindowManager           system_server                        D  updateSystemBarAttributes: displayId=0, win=Window{a010719 u0 com.yourname.smartrecorder/com.yourname.smartrecorder.MainActivity}, navColorWin=Window{a010719 u0 com.yourname.smartrecorder/com.yourname.smartrecorder.MainActivity}, focusedCanBeNavColorWin=false, behavior=1, appearance=16, statusBarAppearanceRegions=[AppearanceRegion{ bounds=[0,0][1440,3088]}], requestedVisibilities=, from=com.android.server.wm.DisplayPolicy.finishPostLayoutPolicyLw:2531 com.android.server.wm.DisplayContent.applySurfaceChangesTransaction:5713 com.android.server.wm.RootWindowContainer.applySurfaceChangesTransaction:1234 
2025-11-28 20:19:20.529 22947-22947 SamsungLig...trolHelper com.android.systemui                 D  updateStatus(WHITE icon) NumStacks:1, StatusBarMode:MODE_TRANSPARENT, lightBarBounds:[], StatusBarState:SHADE, packageName:com.yourname.smartrecorder, isWhiteKeyguardStatusBarBySettings:true
2025-11-28 20:19:20.540   858-858   Layer                   surfaceflinger                       I  Layer [com.yourname.smartrecorder/com.yourname.smartrecorder.MainActivity$_9478#54817] hidden!! flag(0)
2025-11-28 20:19:20.541  1198-1288  ActivityTaskManager     system_server                        D  mStartingWindow and mStartingData is null for token=ActivityRecord{c981cb9 u0 com.yourname.smartrecorder/.MainActivity} t22770}
2025-11-28 20:19:20.575  1198-4479  InputDispatcher         system_server                        D  Focus entered window (0): a010719 com.yourname.smartrecorder/com.yourname.smartrecorder.MainActivity
2025-11-28 20:19:20.576  9478-9478  ViewRootIm...nActivity] com.yourname.smartrecorder           I  MSG_WINDOW_FOCUS_CHANGED 1 0
2025-11-28 20:19:20.576  9478-9478  ViewRootIm...nActivity] com.yourname.smartrecorder           I  mThreadedRenderer.initializeIfNeeded()#2 mSurface={isValid=true 0x723dc68c60}
2025-11-28 20:19:20.576  9478-9478  InputMethodManager      com.yourname.smartrecorder           D  startInputInner - Id : 0
2025-11-28 20:19:20.576  9478-9478  InputMethodManager      com.yourname.smartrecorder           I  startInputInner - mService.startInputOrWindowGainedFocus
2025-11-28 20:19:20.610  1198-2005  MdnieScena...rolService system_server                        D   packageName : com.yourname.smartrecorder    className : com.yourname.smartrecorder.MainActivity
2025-11-28 20:19:20.638  1198-7983  SGM:GameManager         system_server                        D  identifyGamePackage. com.yourname.smartrecorder, mCurrentUserId: 0, callerUserId: 0, callingMethodInfo: com.android.server.ssrm.SortingMachine.isGame(SortingMachine.java:162)
2025-11-28 20:19:20.638  1198-7983  SGM:PkgDataHelper       system_server                        D  getGamePkgData(). com.yourname.smartrecorder
2025-11-28 20:19:20.696   858-858   SurfaceFlinger          surfaceflinger                       D  Display 4633128672291735937 HWC layers:
                                                                                                         CLIENT | 0x70f52e6790 | 0102 | RGBA_8888    |    0.0    0.0    0.0    0.0 |    0 3066 1440 3088 | bbq-wrapper#54826
                                                                                                         DEVICE | 0x70f5291bf0 | 0102 | RGBA_8888    |    0.0   22.0 1440.0 3088.0 |    0    0 1440 3066 | com.yourname.smartrecorder/com.yourn[...]artrecorder.MainActivity$_9478#54817
                                                                                                         DEVICE | 0x70f52f26d0 | 0100 | RGBA_8888    |    0.0    0.0 1440.0   90.0 |    0    0 1440   90 | StatusBar$_22947#4630
                                                                                                         DEVICE | 0x70f52cd4d0 | 0100 | RGBA_8888    |    0.0    0.0   67.0  708.0 | 1373  391 1440 1099 | com.samsung.android.app.cocktailbars[...]rvice.CocktailBarService$_4533#54647
                                                                                                         DEVICE | 0x70f52dc590 | 0100 | RGBA_8888    |    0.0    0.0 1440.0  168.0 |    0 2920 1440 3088 | NavigationBar0$_22947#4625
2025-11-28 20:19:20.844   858-858   SurfaceFlinger          surfaceflinger                       D  Display 4633128672291735937 HWC layers:
                                                                                                         DEVICE | 0x70f5291bf0 | 0102 | RGBA_8888    |    0.0    0.0 1440.0 3088.0 |    0    0 1440 3088 | com.yourname.smartrecorder/com.yourn[...]artrecorder.MainActivity$_9478#54817
                                                                                                         DEVICE | 0x70f52f26d0 | 0100 | RGBA_8888    |    0.0    0.0 1440.0   90.0 |    0    0 1440   90 | StatusBar$_22947#4630
                                                                                                         DEVICE | 0x70f52cd4d0 | 0100 | RGBA_8888    |    0.0    0.0   67.0  708.0 | 1373  391 1440 1099 | com.samsung.android.app.cocktailbars[...]rvice.CocktailBarService$_4533#54647
                                                                                                         DEVICE | 0x70f52dc590 | 0100 | RGBA_8888    |    0.0    0.0 1440.0  168.0 |    0 2920 1440 3088 | NavigationBar0$_22947#4625
2025-11-28 20:19:20.858  1198-1288  WindowManager           system_server                        I  Reparenting to original parent: Surface(name=Task=22770)/@0x318b4c2, destroy=true, surface=Surface(name=ActivityRecord{c981cb9 u0 com.yourname.smartrecorder/.MainActivity} t22770})/@0x856ff2
2025-11-28 20:19:20.874   858-858   Layer                   surfaceflinger                       I  id=54822 removeFromCurrentState Surface(name=ActivityRecord{c981cb9 u0 com.yourname.smartrecorder/.MainActivity} t22770})/@0x856ff2 - animation-leash of app_transition#54822 (138)
2025-11-28 20:19:20.874   858-858   Layer                   surfaceflinger                       I  id=54823 removeFromCurrentState Surface(name=ActivityRecord{c981cb9 u0 com.yourname.smartrecorder/.MainActivity} t22770})/@0x856ff2 - animation-bounds#54823 (138)
2025-11-28 20:19:20.875   858-858   SurfaceFlinger          surfaceflinger                       I  id=54823 Removed Surface(name=ActivityRecord{c981cb9 u0 com.yourname.smartrecorder/.MainActivity} t22770})/@0x856ff2 - animation-bounds#54823 (138)
2025-11-28 20:19:20.875   858-858   SurfaceFlinger          surfaceflinger                       I  id=54822 Removed Surface(name=ActivityRecord{c981cb9 u0 com.yourname.smartrecorder/.MainActivity} t22770})/@0x856ff2 - animation-leash of app_transition#54822 (138)
2025-11-28 20:19:20.875   858-858   Layer                   surfaceflinger                       I  id=54823 Destroyed Surface(name=ActivityRecord{c981cb9 u0 com.yourname.smartrecorder/.MainActivity} t22770})/@0x856ff2 - animation-bounds#54823
2025-11-28 20:19:20.875   858-858   Layer                   surfaceflinger                       I  id=54822 Destroyed Surface(name=ActivityRecord{c981cb9 u0 com.yourname.smartrecorder/.MainActivity} t22770})/@0x856ff2 - animation-leash of app_transition#54822
2025-11-28 20:19:20.959  9478-9590  WhisperJNI              com.yourname.smartrecorder           I  Model loaded successfully
2025-11-28 20:19:20.959  9478-9590  SmartRecor...Transcript com.yourname.smartrecorder           D  Model loaded successfully
2025-11-28 20:19:20.960  9478-9590  NuMediaExtractor        com.yourname.smartrecorder           V  NuMediaExtractor constructor
2025-11-28 20:19:20.968  9478-9590  NuMediaExtractor        com.yourname.smartrecorder           V  selectTrack, track[0]: audio/mp4a-latm
2025-11-28 20:19:20.969  9478-9590  MediaCodecList          com.yourname.smartrecorder           D  codecHandlesFormat: no format, so no extra checks
2025-11-28 20:19:20.969  9478-10247 CCodec                  com.yourname.smartrecorder           I  state->set(ALLOCATING)
2025-11-28 20:19:20.969  9478-10247 CCodec                  com.yourname.smartrecorder           I  allocate(c2.android.aac.decoder)
2025-11-28 20:19:20.973  9478-10247 Codec2Client            com.yourname.smartrecorder           I  Available Codec2 services: "default" "software"
2025-11-28 20:19:20.974  9478-10247 CCodec                  com.yourname.smartrecorder           I  setting up 'default' as default (vendor) store
2025-11-28 20:19:20.980  9478-10247 CCodec                  com.yourname.smartrecorder           I  Created component [c2.android.aac.decoder]
2025-11-28 20:19:20.980  9478-10247 CCodec                  com.yourname.smartrecorder           I  [c2.android.aac.decoder] state->set(ALLOCATED)
2025-11-28 20:19:20.981  9478-10247 CCodecConfig            com.yourname.smartrecorder           D  read media type: audio/mp4a-latm
2025-11-28 20:19:20.982  9478-10247 ReflectedParamUpdater   com.yourname.smartrecorder           D  extent() != 1 for single value type: algo.buffers.max-count.values
2025-11-28 20:19:20.982  9478-10247 ReflectedParamUpdater   com.yourname.smartrecorder           D  extent() != 1 for single value type: output.subscribed-indices.values
2025-11-28 20:19:20.982  9478-10247 ReflectedParamUpdater   com.yourname.smartrecorder           D  extent() != 1 for single value type: input.buffers.allocator-ids.values
2025-11-28 20:19:20.982  9478-10247 ReflectedParamUpdater   com.yourname.smartrecorder           D  extent() != 1 for single value type: output.buffers.allocator-ids.values
2025-11-28 20:19:20.982  9478-10247 ReflectedParamUpdater   com.yourname.smartrecorder           D  extent() != 1 for single value type: algo.buffers.allocator-ids.values
2025-11-28 20:19:20.983  9478-10247 ReflectedParamUpdater   com.yourname.smartrecorder           D  extent() != 1 for single value type: output.buffers.pool-ids.values
2025-11-28 20:19:20.983  9478-10247 ReflectedParamUpdater   com.yourname.smartrecorder           D  extent() != 1 for single value type: algo.buffers.pool-ids.values
2025-11-28 20:19:20.984  9478-10247 CCodecConfig            com.yourname.smartrecorder           I  query failed after returning 20 values (BAD_INDEX)
2025-11-28 20:19:20.985  9478-10247 CCodecConfig            com.yourname.smartrecorder           D  c2 config diff is Dict {
                                                                                                      c2::u32 coded.aac-packaging.value = 0
                                                                                                      c2::u32 coded.bitrate.value = 64000
                                                                                                      c2::u32 coded.pl.level = 0
                                                                                                      c2::u32 coded.pl.profile = 8192
                                                                                                      c2::i32 coding.drc.album-mode.value = 0
                                                                                                      c2::float coding.drc.attenuation-factor.value = 1
                                                                                                      c2::float coding.drc.boost-factor.value = 1
                                                                                                      c2::i32 coding.drc.compression-mode.value = 3
                                                                                                      c2::i32 coding.drc.effect-type.value = 3
                                                                                                      c2::float coding.drc.encoded-level.value = 0.25
                                                                                                      c2::float coding.drc.reference-level.value = -16
                                                                                                      c2::u32 input.buffers.max-size.value = 8192
                                                                                                      c2::u32 input.delay.value = 0
                                                                                                      string input.media-type.value = "audio/mp4a-latm"
                                                                                                      c2::u32 output.delay.value = 2
                                                                                                      c2::float output.drc.output-loudness.value = 0.25
                                                                                                      string output.media-type.value = "audio/raw"
                                                                                                      c2::u32 raw.channel-count.value = 1
                                                                                                      c2::u32 raw.channel-mask.value = 0
                                                                                                      c2::u32 raw.max-channel-count.value = 8
                                                                                                      c2::u32 raw.sample-rate.value = 44100
                                                                                                    }
2025-11-28 20:19:20.985  9478-10247 MediaCodec              com.yourname.smartrecorder           D  flushMediametrics
2025-11-28 20:19:20.987  9478-10247 CCodec                  com.yourname.smartrecorder           D  [c2.android.aac.decoder] buffers are bound to CCodec for this session
2025-11-28 20:19:20.987  9478-10247 CCodec                  com.yourname.smartrecorder           I  appPid(9478) width(0) height(0)
2025-11-28 20:19:20.987  9478-10247 CCodecConfig            com.yourname.smartrecorder           D  no c2 equivalents for isDMCMMExtractor
2025-11-28 20:19:20.987  9478-10247 CCodecConfig            com.yourname.smartrecorder           D  no c2 equivalents for track-id
2025-11-28 20:19:20.987  9478-10247 CCodecConfig            com.yourname.smartrecorder           D  no c2 equivalents for language
2025-11-28 20:19:20.987  9478-10247 CCodecConfig            com.yourname.smartrecorder           D  no c2 equivalents for track-fourcc
2025-11-28 20:19:20.987  9478-10247 CCodecConfig            com.yourname.smartrecorder           D  no c2 equivalents for durationUs
2025-11-28 20:19:20.987  9478-10247 CCodecConfig            com.yourname.smartrecorder           D  no c2 equivalents for bits-per-sample
2025-11-28 20:19:20.987  9478-10247 CCodecConfig            com.yourname.smartrecorder           D  no c2 equivalents for flags
2025-11-28 20:19:20.987  9478-10247 CCodecConfig            com.yourname.smartrecorder           D  c2 config diff is   c2::u32 coded.bitrate.value = 128000
2025-11-28 20:19:20.987  9478-10247 Codec2Client            com.yourname.smartrecorder           W  query -- param skipped: index = 1107298332.
2025-11-28 20:19:20.988  9478-10247 CCodec                  com.yourname.smartrecorder           D  encoding statistics level = 0
2025-11-28 20:19:20.988  9478-10247 CCodec                  com.yourname.smartrecorder           D  setup formats input: AMessage(what = 0x00000000) = {
                                                                                                      int32_t aac-drc-album-mode = 0
                                                                                                      int32_t aac-drc-boost-level = 127
                                                                                                      int32_t aac-drc-cut-level = 127
                                                                                                      int32_t aac-drc-effect-type = 3
                                                                                                      int32_t aac-encoded-target-level = -1
                                                                                                      int32_t aac-max-output-channel_count = 8
                                                                                                      int32_t aac-target-ref-level = 64
                                                                                                      int32_t bitrate = 128000
                                                                                                      int32_t channel-count = 1
                                                                                                      int32_t channel-mask = 0
                                                                                                      int32_t level = 0
                                                                                                      int32_t max-input-size = 524308
                                                                                                      int32_t max-output-channel-count = 8
                                                                                                      string mime = "audio/mp4a-latm"
                                                                                                      int32_t profile = 2
                                                                                                      int32_t sample-rate = 44100
                                                                                                      int64_t durationUs = 30138253
                                                                                                    }
2025-11-28 20:19:20.988  9478-10247 CCodec                  com.yourname.smartrecorder           D  setup formats output: AMessage(what = 0x00000000) = {
                                                                                                      int32_t aac-drc-album-mode = 0
                                                                                                      int32_t aac-drc-boost-level = 127
                                                                                                      int32_t aac-drc-cut-level = 127
                                                                                                      int32_t aac-drc-effect-type = 3
                                                                                                      int32_t aac-drc-output-loudness = -1
