2025-11-28 16:17:05.494  1198-1707  Pageboost               system_server                        I  alp for : com.yourname.smartrecorder , 0
2025-11-28 16:17:05.550  1198-1287  ChimeraSys...ntListener system_server                        I  appLaunchIntent package name is: com.yourname.smartrecorder
2025-11-28 16:17:05.550  1198-1902  Pageboost               system_server                        I  onAppLaunch : com.yourname.smartrecorder
2025-11-28 16:17:05.551  1198-1707  Pageboost               system_server                        I  Record App IO : com.yourname.smartrecorder pid 0
2025-11-28 16:17:05.552  1198-1902  ActivityTaskManager     system_server                        I  START u0 {act=android.intent.action.MAIN cat=[android.intent.category.LAUNCHER] flg=0x10200000 cmp=com.yourname.smartrecorder/.MainActivity bnds=[724,834][1052,1316]} from uid 10139
2025-11-28 16:17:05.558  1198-1902  ActivityTaskManager     system_server                        D  TaskLaunchParamsModifier:task=null activity=ActivityRecord{4e70a6a u0 com.yourname.smartrecorder/.MainActivity} display-from-option=0 display-id=0 display-windowing-mode=1 suggested-display-area=DefaultTaskDisplayArea@72262064
2025-11-28 16:17:05.558  1198-1902  [secipm]                system_server                        D  mSecIpmManager Preload com.yourname.smartrecorder dex files
2025-11-28 16:17:05.558  1198-1902  ActivityTaskManager     system_server                        D  TaskLaunchParamsModifier:task=null activity=ActivityRecord{4e70a6a u0 com.yourname.smartrecorder/.MainActivity} t-1} display-from-option=0 display-id=0 display-windowing-mode=1 suggested-display-area=DefaultTaskDisplayArea@72262064 inherit-from-source=fullscreen activity-options-fullscreen=Rect(0, 0 - 0, 0) non-freeform-display display-area=DefaultTaskDisplayArea@72262064 maximized-bounds
2025-11-28 16:17:05.560  1198-1902  ActivityTaskManager     system_server                        D  TaskLaunchParamsModifier:task=Task{387eb5b #22743 type=standard A=11009:com.yourname.smartrecorder U=0 visible=false visibleRequested=false mode=fullscreen translucent=true sz=0} activity=ActivityRecord{4e70a6a u0 com.yourname.smartrecorder/.MainActivity} t-1} display-from-option=0 display-id=0 display-windowing-mode=1 suggested-display-area=DefaultTaskDisplayArea@72262064 inherit-from-source=fullscreen activity-options-fullscreen=Rect(0, 0 - 0, 0) non-freeform-display display-area=DefaultTaskDisplayArea@72262064 maximized-bounds
2025-11-28 16:17:05.561   858-1169  SurfaceFlinger          surfaceflinger                       I  id=51197 createSurf flag=80004, ActivityRecord{4e70a6a u0 com.yourname.smartrecorder/.MainActivity} t22743}#51197
2025-11-28 16:17:05.563  1198-1902  WindowManager           system_server                        V  Added starting ActivityRecord{4e70a6a u0 com.yourname.smartrecorder/.MainActivity} t22743}: startingWindow=null startingView=com.android.server.wm.StartingSurfaceController$StartingSurface@e4fe237
2025-11-28 16:17:05.570  1198-1902  MARsPolicyManager       system_server                        D  onPackageResumedFG pkgName = com.yourname.smartrecorder, userId = 0
2025-11-28 16:17:05.571  1198-1902  WindowManagerServiceExt system_server                        D  notifyOccludeChangeNotice: cn=ComponentInfo{com.yourname.smartrecorder/com.yourname.smartrecorder.MainActivity} occludesParent=true inMultiWindow=false styleFloating=false caller=com.android.server.wm.WindowManagerServiceExt.updateOccludeTargetIfNeeded:1402 com.android.server.wm.DisplayContent.ensureActivitiesVisible:7532 com.android.server.wm.RootWindowContainer.ensureActivitiesVisible:2248 com.android.server.wm.RootWindowContainer.ensureActivitiesVisible:2229 com.android.server.wm.TaskFragment.completePause:2076 
2025-11-28 16:17:05.575   858-1169  SurfaceFlinger          surfaceflinger                       I  id=51198 createSurf flag=80004, 718ebbe Splash Screen com.yourname.smartrecorder#51198
2025-11-28 16:17:05.576  1198-1902  WindowManager           system_server                        V  addWindow: ActivityRecord{4e70a6a u0 com.yourname.smartrecorder/.MainActivity} t22743} startingWindow=Window{718ebbe u0 Splash Screen com.yourname.smartrecorder}
2025-11-28 16:17:05.576  1198-1902  WindowManager           system_server                        D  rotationForOrientation, orientationSource=ActivityRecord{4e70a6a u0 com.yourname.smartrecorder/.MainActivity} t22743}
2025-11-28 16:17:05.577 22947-22995 InsetsController        com.android.systemui                 D  onStateChanged: InsetsState: {mDisplayFrame=Rect(0, 0 - 1440, 3088), mDisplayCutout=DisplayCutout{insets=Rect(0, 89 - 0, 0) waterfall=Insets{left=0, top=0, right=0, bottom=0} boundingRect={Bounds=[Rect(0, 0 - 0, 0), Rect(685, 0 - 755, 89), Rect(0, 0 - 0, 0), Rect(0, 0 - 0, 0)]} cutoutPathParserInfo={CutoutPathParserInfo{displayWidth=1440 displayHeight=3088 physicalDisplayWidth=1440 physicalDisplayHeight=3088 density={3.5} cutoutSpec={M 0,0 H -10 V 25.42857142857143 H 10 V 0 H 0 Z @dp} rotation={0} scale={1.0} physicalPixelDisplaySizeRatio={1.0}}}}, mRoundedCorners=RoundedCorners{[RoundedCorner{position=TopLeft, radius=112, center=Point(112, 112)}, RoundedCorner{position=TopRight, radius=112, center=Point(1328, 112)}, RoundedCorner{position=BottomRight, radius=112, center=Point(1328, 2976)}, RoundedCorner{position=BottomLeft, radius=112, center=Point(112, 2976)}]}  mRoundedCornerFrame=Rect(0, 0 - 1440, 3088), mPrivacyIndicatorBounds=PrivacyIndicatorBounds {static bounds=Rect(1286, 0 - 1440, 90) rotation=0}, mSources= { InsetsSource: {mType=ITYPE_STATUS_BAR, mFrame=[0,0][1440,90], mVisible=true, mInsetsRoundedCornerFrame=false}, InsetsSource: {mType=ITYPE_NAVIGATION_BAR, mFrame=[0,2920][1440,3088], mVisible=true, mInsetsRoundedCornerFrame=false}, InsetsSource: {mType=ITYPE_LEFT_GESTURES, mFrame=[0,0][0,3088], mVisible=true, mInsetsRoundedCornerFrame=false}, InsetsSource: {mType=ITYPE_RIGHT_GESTURES, mFrame=[1440,0][1440,3088], mVisible=true, mInsetsRoundedCornerFrame=false}, InsetsSource: {mType=ITYPE_TOP_MANDATORY_GESTURES, mFrame=[0,0][1440,131], mVisible=true, mInsetsRoundedCornerFrame=false}, InsetsSource: {mType=ITYPE_BOTTOM_MANDATORY_GESTURES, mFrame=[0,2920][1440,3088], mVisible=true, mInsetsRoundedCornerFrame=false}, InsetsSource: {mType=ITYPE_LEFT_DISPLAY_CUTOUT, mFrame=[0,0][-100000,3088], mVisible=true, mInsetsRoundedCornerFrame=false}, InsetsSource: {mType=ITYPE_TOP_DISPLAY_CUTOUT, mFrame=[0,0][1440,89], mVisible=true, mInsetsRoundedCornerFrame=false}, InsetsSource: {mType=ITYPE_RIGHT_DISPLAY_CUTOUT, mFrame=[100000,0][1440,3088], mVisible=true, mInsetsRoundedCornerFrame=false}, InsetsSource: {mType=ITYPE_BOTTOM_DISPLAY_CUTOUT, mFrame=[0,100000][1440,3088], mVisible=true, mInsetsRoundedCornerFrame=false}, InsetsSource: {mType=ITYPE_TOP_TAPPABLE_ELEMENT, mFrame=[0,0][1440,90], mVisible=true, mInsetsRoundedCornerFrame=false}, InsetsSource: {mType=ITYPE_BOTTOM_TAPPABLE_ELEMENT, mFrame=[0,2920][1440,3088], mVisible=true, mInsetsRoundedCornerFrame=false}, InsetsSource: {mType=ITYPE_IME, mFrame=[0,0][0,0], mVisibleFrame=[0,1886][1440,3088], mVisible=false, mInsetsRoundedCornerFrame=false} } host=Splash Screen com.yourname.smartrecorder from=android.view.ViewRootImpl.setView:1732
2025-11-28 16:17:05.581  1198-1907  WindowManager           system_server                        V  Relayout Window{718ebbe u0 Splash Screen com.yourname.smartrecorder}: viewVisibility=0 req=1440x3088 d0
2025-11-28 16:17:05.582   858-886   SurfaceFlinger          surfaceflinger                       I  id=51199 createSurf flag=40004, Splash Screen com.yourname.smartrecorder$_22947#51199
2025-11-28 16:17:05.583  1198-1907  WindowManager           system_server                        D  makeSurface duration=1 name=Splash Screen com.yourname.smartrecorder$_22947
2025-11-28 16:17:05.589  1198-1295  ActivityManager         system_server                        I  Start proc 30856:com.yourname.smartrecorder/u0a1009 for next-top-activity {com.yourname.smartrecorder/com.yourname.smartrecorder.MainActivity}
2025-11-28 16:17:05.589  1198-1295  DynamicHid...ectManager system_server                        D  [SecIpm] it's a ML_TYPE_EMPTYPROCESS protected process com.yourname.smartrecorder
2025-11-28 16:17:05.606 30856-30856 e.smartrecorder         com.yourname.smartrecorder           I  Late-enabling -Xcheck:jni
2025-11-28 16:17:05.611  1198-1902  WindowManager           system_server                        D  finishDrawingWindow: Window{718ebbe u0 Splash Screen com.yourname.smartrecorder} mDrawState=DRAW_PENDING seqId=0
2025-11-28 16:17:05.611  1198-1902  WindowManager           system_server                        V  Finishing drawing window Window{718ebbe u0 Splash Screen com.yourname.smartrecorder}: mDrawState=DRAW_PENDING
2025-11-28 16:17:05.611  1198-1902  WindowManager           system_server                        V  Draw state now committed in Window{718ebbe u0 Splash Screen com.yourname.smartrecorder}
2025-11-28 16:17:05.612  1198-1288  WindowManager           system_server                        D  performShow logReadyForDisplay win=Window{718ebbe u0 Splash Screen com.yourname.smartrecorder} mToken.waitingToShow:true isTransitionSet:true
2025-11-28 16:17:05.616  1198-1288  WindowManager           system_server                        D  createAnimationAdapter(): container=Task{387eb5b #22743 type=standard A=11009:com.yourname.smartrecorder U=0 visible=true visibleRequested=true mode=fullscreen translucent=false sz=1}
2025-11-28 16:17:05.617  1198-1288  WindowManager           system_server                        V  performShowLocked: mDrawState=HAS_DRAWN in Window{718ebbe u0 Splash Screen com.yourname.smartrecorder}
2025-11-28 16:17:05.618  1198-1288  WindowManager           system_server                        D  	Add container=Task{387eb5b #22743 type=standard A=11009:com.yourname.smartrecorder U=0 visible=true visibleRequested=true mode=fullscreen translucent=false sz=1}
2025-11-28 16:17:05.621  1198-1288  WindowManager           system_server                        D  updateSystemBarAttributes: displayId=0, win=Window{e574210 u0 com.google.android.youtube/com.google.android.youtube.app.honeycomb.Shell$HomeActivity}, navColorWin=Window{718ebbe u0 Splash Screen com.yourname.smartrecorder}, focusedCanBeNavColorWin=false, behavior=2, appearance=16, statusBarAppearanceRegions=[AppearanceRegion{LIGHT_STATUS_BARS bounds=[0,0][1440,3088]}], requestedVisibilities=ITYPE_STATUS_BAR: visible, ITYPE_NAVIGATION_BAR: visible, ITYPE_IME: invisible, ITYPE_CLIMATE_BAR: visible, ITYPE_EXTRA_NAVIGATION_BAR: visible, ITYPE_LOCAL_NAVIGATION_BAR_1: visible, ITYPE_LOCAL_NAVIGATION_BAR_2: visible, from=com.android.server.wm.DisplayPolicy.finishPostLayoutPolicyLw:2531 com.android.server.wm.DisplayContent.applySurfaceChangesTransaction:5713 com.android.server.wm.RootWindowContainer.applySurfaceChangesTransaction:1234 
2025-11-28 16:17:05.621   858-886   SurfaceFlinger          surfaceflinger                       I  id=51205 createSurf flag=80000, 4c81055 ActivityRecordInputSink com.yourname.smartrecorder/.MainActivity#51205
2025-11-28 16:17:05.624  1198-1288  WindowManager           system_server                        I  container=Task{387eb5b #22743 type=standard A=11009:com.yourname.smartrecorder U=0 visible=true visibleRequested=true mode=fullscreen translucent=false sz=1}
                                                                                                    Target:
                                                                                                      mode=0 taskId=22743 isTranslucent=false clipRect=[0,0][0,0] contentInsets=[0,90][0,168] prefixOrderIndex=75 position=[0,0] sourceContainerBounds=[0,0][1440,3088] screenSpaceBounds=[0,0][1440,3088] localBounds=[0,0][1440,3088]
                                                                                                      windowConfiguration={ mBounds=Rect(0, 0 - 1440, 3088) mAppBounds=Rect(0, 89 - 1440, 2920) mMaxBounds=Rect(0, 0 - 1440, 3088) mDisplayRotation=ROTATION_0 mWindowingMode=fullscreen mDisplayWindowingMode=fullscreen mActivityType=standard mAlwaysOnTop=undefined mRotation=ROTATION_0 mPopOver=undefined mStageConfig=undefined mFreeformTaskPinningState=unpinned mFreeformStashState=undefined mDexTaskDockingState=undefined}
                                                                                                      leash=Surface(name=Surface(name=Task=22743)/@0x6ad3285 - animation-leash of app_transition)/@0x50138da
                                                                                                      taskInfo=TaskInfo{userId=0 taskId=22743 displayId=0 isRunning=true baseIntent=Intent { act=android.intent.action.MAIN cat=[android.intent.category.LAUNCHER] flg=0x10200000 cmp=com.yourname.smartrecorder/.MainActivity } baseActivity=ComponentInfo{com.yourname.smartrecorder/com.yourname.smartrecorder.MainActivity} topActivity=ComponentInfo{com.yourname.smartrecorder/com.yourname.smartrecorder.MainActivity} origActivity=null realActivity=ComponentInfo{com.yourname.smartrecorder/com.yourname.smartrecorder.MainActivity} numActivities=1 lastActiveTime=282649145 supportsSplitScreenMultiWindow=true supportsMultiWindow=true resizeMode=1 isResizeable=true minWidth=-1 minHeight=-1 defaultMinSize=220 token=WCT{RemoteToken{60c72e7 Task{387eb5b #22743 type=standard A=11009:com.yourname.smartrecorder U=0 visible=true visibleRequested=true mode=fullscreen translucent=false sz=1}}} topActivityType=1 pictureInPictureParams=null shouldDockBigOverlays=false launchIntoPipHostTaskId=0 displayCutoutSafeInsets=Rect(0, 89 - 0, 0) topActivityInfo=ActivityInfo{3f97e94 com.yourname.smartrecorder.MainActivity} launchCookies=[android.os.BinderProxy@442d3d] positionInParent=Point(0, 0) parentTaskId=-1 isFocused=false isVisible=true isSleeping=false topActivityInSizeCompat=false topActivityEligibleForLetterboxEducation= false locusId=null displayAreaFeatureId=1 cameraCompatControlState=hidden originallySupportedSplitScreen=true hasWallpaper=false isTopTransparentActivity=false topActivityInFixedAspectRatio=false topActivityInDisplayCompat=false topActivityInBoundsCompat=false topActivityBounds=null}
                                                                                                      allowEnterPip=true
                                                                                                      windowType=-1  hasAnimatingParent=false  backgroundColor=0container=Task{b391b2f #1 type=home ?? U=0 visible=false visibleRequested=false mode=fullscreen translucent=true sz=1}
                                                                                                    Target:
                                                                                                      mode=1 taskId=22180 isTranslucent=false clipRect=[0,0][0,0] contentInsets=[0,90][0,168] prefixOrderIndex=71 position=[0,0] sourceContainerBounds=[0,0][1440,3088] screenSpaceBounds=[0,0][1440,3088] localBounds=[0,0][1440,3088]
                                                                                                      windowConfiguration={ mBounds=Rect(0, 0 - 1440, 3088) mAppBounds=Rect(0, 89 - 1440, 2920) mMaxBounds=Rect(0, 0 - 1440, 3088) mDisplayRotation=ROTATION_0 mWindowingMode=fullscreen mDisplayWindowingMode=fullscreen mActivityType=home mAlwaysOnTop=undefined mRotation=ROTATION_0 mPopOver=undefined mStageConfig=undefined mFreeformTaskPinningState=unpinned mFreeformStashState=undefined mDexTaskDockingState=undefined}
                                                                                                      leash=Surface(name=Surface(name=Task=1)/@0xc1b1a94 - animation-leash of app_transition)/@0x449abfc
2025-11-28 16:17:05.626 30856-30856 e.smartrecorder         com.yourname.smartrecorder           I  Using CollectorTypeCC GC.
2025-11-28 16:17:05.630   858-858   Layer                   surfaceflinger                       I  Layer [Splash Screen com.yourname.smartrecorder$_22947#51199] hidden!! flag(0)
2025-11-28 16:17:05.638 30856-30856 nativeloader            com.yourname.smartrecorder           D  Load libframework-connectivity-tiramisu-jni.so using APEX ns com_android_tethering for caller /apex/com.android.tethering/javalib/framework-connectivity-t.jar: ok
2025-11-28 16:17:05.641 30856-30856 ActivityThread          com.yourname.smartrecorder           D  setConscryptValidator
2025-11-28 16:17:05.641 30856-30856 ActivityThread          com.yourname.smartrecorder           D  setConscryptValidator - put
2025-11-28 16:17:05.645  1198-1902  ActivityManager         system_server                        I  DSS OFF for com.yourname.smartrecorder
2025-11-28 16:17:05.648  1198-1902  DexController           system_server                        I  getTaskHasActivityIsWaitingToRun: r=ActivityRecord{4e70a6a u0 com.yourname.smartrecorder/.MainActivity} t22743}, app=ProcessRecord{36e7728 30856:com.yourname.smartrecorder/u0a1009}
2025-11-28 16:17:05.649  1198-1902  WindowManager           system_server                        D  rotationForOrientation, orientationSource=ActivityRecord{4e70a6a u0 com.yourname.smartrecorder/.MainActivity} t22743}
2025-11-28 16:17:05.657  1198-1902  SGM:PkgDataHelper       system_server                        D  notifyAppCreate(), pkgName: com.yourname.smartrecorder, userId: 0, sendRet: true
2025-11-28 16:17:05.657  1198-1539  SGM:FgCheckThread       system_server                        D  onLooperPrepared(), msg: MSG_APP_CREATE, pkgName: com.yourname.smartrecorder, userId: 0
2025-11-28 16:17:05.658  1198-1902  MARsPolicyManager       system_server                        D  onPackageResumedFG pkgName = com.yourname.smartrecorder, userId = 0
2025-11-28 16:17:05.658  1198-1902  ActivityTaskManager     system_server                        D  scheduleTopResumedActivityChanged, onTop=true r=ActivityRecord{4e70a6a u0 com.yourname.smartrecorder/.MainActivity} t22743} caller=com.android.server.wm.ActivityTaskSupervisor.scheduleTopResumedActivityStateIfNeeded:2535 com.android.server.wm.ActivityTaskSupervisor.updateTopResumedActivityIfNeeded:2527 com.android.server.wm.TaskFragment.setResumedActivity:493 com.android.server.wm.TaskFragment.onActivityStateChanged:805 com.android.server.wm.ActivityRecord.setState:6428 com.android.server.wm.Task.minimalResumeActivityLocked:6155 
2025-11-28 16:17:05.658  1198-1902  InputDispatcher         system_server                        D  Focused application(0): ActivityRecord{4e70a6a u0 com.yourname.smartrecorder/.MainActivity} t22743}
2025-11-28 16:17:05.659  1198-1902  SGM:FgCheckThread       system_server                        D    sendRunningComponentFocus(), pkgName: com.yourname.smartrecorder, userId: 0
2025-11-28 16:17:05.659  1198-1539  SGM:FgCheckThread       system_server                        D  onLooperPrepared(), msg: MSG_TASK_FOCUSED, pkgName: com.yourname.smartrecorder, userId: 0
2025-11-28 16:17:05.659  1198-1539  SGM:FgCheckThread       system_server                        D    handleTaskFocused(), pkgName: com.yourname.smartrecorder, userID:0
2025-11-28 16:17:05.659  1198-1539  SGM:FgCheckThread       system_server                        D    handleResume(). pkgName: com.yourname.smartrecorder, userId: 0, isTunableApp: null
2025-11-28 16:17:05.659  1198-1539  SGM:FgCheckThread       system_server                        D  notifyFocusInOut(). of pkg: com.yourname.smartrecorder, type: 4, isTunableApp: false, userId: 0
2025-11-28 16:17:05.665 30856-30856 Compatibil...geReporter com.yourname.smartrecorder           D  Compat change id reported: 171979766; UID 11009; state: ENABLED
2025-11-28 16:17:05.675   858-858   SurfaceFlinger          surfaceflinger                       D  Display 4633128672291735937 HWC layers:
                                                                                                         CLIENT | 0x70f52e0910 | 0100 | RGBx_8888    |  120.0    0.0 1200.0 2316.0 |    0    0 1440 3088 | Wallpaper BBQ wrapper#4633
                                                                                                         CLIENT | 0x70f52ef670 | 0100 | RGBA_8888    |    0.0    0.0 1440.0 3088.0 |    0    0 1440 3088 | com.sec.android.app.launcher/com.sec[...]erActivity$_2188#51185 (blurRegions)
                                                                                                         CLIENT | 0x70f52daa90 | 0100 | RGBA_8888    |    0.0  527.0 1440.0 1967.0 |  774  875 1001 1102 | Splash Screen com.yourname.smartrecorder$_22947#51199
                                                                                                         CLIENT |              | 0000 |  Unknown  |    0.0    0.0    0.0    0.0 |  694 2219 1402 2633 | Task=22702#46682
                                                                                                         CLIENT |              | 0002 |  Unknown  |    0.0    0.0    0.0    0.0 |  712 2237 1384 2615 | Background for SurfaceView[com.googl[...]oneycomb.Shell$HomeActivity]@0#51179
                                                                                                         CLIENT | 0x70f52f01b0 | 0102 | 0x0000105    |    0.0    0.0 1280.0  720.0 |  712 2237 1384 2615 | SurfaceView[com.google.android.youtu[...]b.Shell$HomeActivity]@0(BLAST)#51178
                                                                                                         CLIENT | 0x70f52e5fb0 | 0100 | RGB
2025-11-28 16:17:05.712  1198-1287  GameSDK@LifeCycle       system_server                        I  noteResumeComponent(): package name  : com.yourname.smartrecorder
2025-11-28 16:17:05.713  1198-1287  SGM:GameManager         system_server                        D  identifyGamePackage. com.yourname.smartrecorder, mCurrentUserId: 0, callerUserId: 0, callingMethodInfo: com.android.server.ssrm.SortingMachine.isGame(SortingMachine.java:162)
2025-11-28 16:17:05.713  1198-1287  SGM:PkgDataHelper       system_server                        D  getGamePkgData(). com.yourname.smartrecorder
2025-11-28 16:17:05.713  4879-20158 Routine@Co...stenerImpl com.samsung.android.app.routines     I  onResumeComponent: componentName - ComponentInfo{com.yourname.smartrecorder/com.yourname.smartrecorder.MainActivity}
2025-11-28 16:17:05.713  1198-1287  SGM:FgCheckThread       system_server                        D  noteResumeComponent(), received pkgName: com.yourname.smartrecorder, userId: 0
2025-11-28 16:17:05.713  1198-1539  SGM:FgCheckThread       system_server                        D  onLooperPrepared(), msg: MSG_APP_RESUME, pkgName: com.yourname.smartrecorder, userid: 0
2025-11-28 16:17:05.715  1198-1287  SGM:GameManager         system_server                        D  identifyGamePackage. com.yourname.smartrecorder, mCurrentUserId: 0, callerUserId: 0, callingMethodInfo: com.samsung.android.game.SemGameManager.isGamePackage(SemGameManager.java:104)
2025-11-28 16:17:05.715  1198-1287  SGM:PkgDataHelper       system_server                        D  getGamePkgData(). com.yourname.smartrecorder
2025-11-28 16:17:05.715  1198-1287  SGM:SemGameManager      system_server                        D  isGamePackage(), pkgName=com.yourname.smartrecorder, ret=false
2025-11-28 16:17:05.717  4533-4533  ActivityUtils           com...ndroid.app.cocktailbarservice  I  HomePackage : com.sec.android.app.launcher, resumePackageName : com.yourname.smartrecorder
2025-11-28 16:17:05.734  1198-1634  SemWifiTra...LayerUtils system_server                        W  getApplicationCategory - IOException com.yourname.smartrecorder
2025-11-28 16:17:05.734  1198-1634  System.err              system_server                        W  java.io.FileNotFoundException: https://play.google.com/store/apps/details?id=com.yourname.smartrecorder&hl=en
2025-11-28 16:17:05.802  1198-2005  MdnieScena...rolService system_server                        D   packageName : com.yourname.smartrecorder    className : com.yourname.smartrecorder.MainActivity
2025-11-28 16:17:05.900  1198-2582  WindowManager           system_server                        D  	container=Task{387eb5b #22743 type=standard A=11009:com.yourname.smartrecorder U=0 visible=true visibleRequested=true mode=fullscreen translucent=false sz=1}
2025-11-28 16:17:05.921   858-858   SurfaceFlinger          surfaceflinger                       D  Display 4633128672291735937 HWC layers:
                                                                                                         DEVICE | 0x70f52daa90 | 0100 | RGBA_8888    |    0.0    0.0 1440.0 3088.0 |    0    0 1440 3088 | Splash Screen com.yourname.smartrecorder$_22947#51199
                                                                                                         CLIENT |              | 0000 |  Unknown  |    0.0    0.0    0.0    0.0 |  694 2220 1402 2634 | Task=22702#46682
                                                                                                         CLIENT |              | 0002 |  Unknown  |    0.0    0.0    0.0    0.0 |  712 2238 1384 2616 | Background for SurfaceView[com.googl[...]oneycomb.Shell$HomeActivity]@0#51179
                                                                                                         CLIENT | 0x70f52f01b0 | 0102 | 0x0000105    |    0.0    0.0 1280.0  720.0 |  712 2238 1384 2616 | SurfaceView[com.google.android.youtu[...]b.Shell$HomeActivity]@0(BLAST)#51178
                                                                                                         CLIENT | 0x70f52d0d10 | 0100 | RGBA_8888    |    0.0    0.0  672.0  378.0 |  712 2238 1384 2616 | com.google.android.youtube/com.googl[...]comb.Shell$HomeActivity$_29596#51175
                                                                                                         DEVICE | 0x70f52ea7b0 | 0100 | RGBA_8888    |    0.0    0.0 1440.0   90.0 |    0    0 1440   90 | StatusBar$_22947#4630
                                                                                                         DEVICE | 0x70f529f990 | 0100 | RGBA_888
2025-11-28 16:17:06.061   858-858   SurfaceFlinger          surfaceflinger                       D  Display 4633128672291735937 HWC layers:
                                                                                                         DEVICE | 0x70f52daa90 | 0100 | RGBA_8888    |    0.0    0.0 1440.0 3088.0 |    0    0 1440 3088 | Splash Screen com.yourname.smartrecorder$_22947#51199
                                                                                                         CLIENT |              | 0000 |  Unknown  |    0.0    0.0    0.0    0.0 |  692 2014 1400 2428 | Task=22702#46682
                                                                                                         CLIENT |              | 0002 |  Unknown  |    0.0    0.0    0.0    0.0 |  710 2032 1382 2410 | Background for SurfaceView[com.googl[...]oneycomb.Shell$HomeActivity]@0#51179
                                                                                                         CLIENT | 0x70f52f01b0 | 0102 | 0x0000105    |    0.0    0.0 1280.0  720.0 |  710 2032 1382 2410 | SurfaceView[com.google.android.youtu[...]b.Shell$HomeActivity]@0(BLAST)#51178
                                                                                                         CLIENT | 0x70f52d0d10 | 0100 | RGBA_8888    |    0.0    0.0  672.0  378.0 |  710 2032 1382 2410 | com.google.android.youtube/com.googl[...]comb.Shell$HomeActivity$_29596#51175
                                                                                                         DEVICE | 0x70f52ed810 | 0100 | RGBA_8888    |    0.0    0.0 1440.0 3088.0 |    0    0 1440 3088 | dismiss-button-overlay$_22947#51208
                                                                                                         DEVICE | 0x70f52ea7b0 | 0
2025-11-28 16:17:06.069  1198-1198  SGM:GameManager         system_server                        D  identifyGamePackage. com.yourname.smartrecorder, mCurrentUserId: 0, callerUserId: 0, callingMethodInfo: com.android.server.ssrm.fgapps.GameAppUtils.isGame(GameAppUtils.java:84)
2025-11-28 16:17:06.069  1198-1198  SGM:PkgDataHelper       system_server                        D  getGamePkgData(). com.yourname.smartrecorder
2025-11-28 16:17:06.070  1198-1198  SGM:GameManager         system_server                        D  identifyGamePackage. com.yourname.smartrecorder, mCurrentUserId: 0, callerUserId: 0, callingMethodInfo: com.android.server.ssrm.fgapps.GameAppUtils.isGame(GameAppUtils.java:84)
2025-11-28 16:17:06.070  1198-1198  SGM:PkgDataHelper       system_server                        D  getGamePkgData(). com.yourname.smartrecorder
2025-11-28 16:17:06.121 30856-30856 nativeloader            com.yourname.smartrecorder           D  Configuring clns-4 for other apk /data/app/~~Yl82_fqejaZSD4ay2D5vQA==/com.yourname.smartrecorder-_egiLUNedAhw621-q6NcQQ==/base.apk. target_sdk_version=36, uses_libraries=, library_path=/data/app/~~Yl82_fqejaZSD4ay2D5vQA==/com.yourname.smartrecorder-_egiLUNedAhw621-q6NcQQ==/lib/arm64:/data/app/~~Yl82_fqejaZSD4ay2D5vQA==/com.yourname.smartrecorder-_egiLUNedAhw621-q6NcQQ==/base.apk!/lib/arm64-v8a, permitted_path=/data:/mnt/expand:/data/user/0/com.yourname.smartrecorder
2025-11-28 16:17:06.128 30856-30856 nativeloader            com.yourname.smartrecorder           D  Load libframework-connectivity-jni.so using APEX ns com_android_tethering for caller /apex/com.android.tethering/javalib/framework-connectivity.jar: ok
2025-11-28 16:17:06.135 30856-30856 GraphicsEnvironment     com.yourname.smartrecorder           V  ANGLE Developer option for 'com.yourname.smartrecorder' set to: 'default'
2025-11-28 16:17:06.136 30856-30856 GraphicsEnvironment     com.yourname.smartrecorder           V  ANGLE GameManagerService for com.yourname.smartrecorder: false
2025-11-28 16:17:06.136 30856-30856 GraphicsEnvironment     com.yourname.smartrecorder           V  App is not on the allowlist for updatable production driver.
2025-11-28 16:17:06.139 30856-30856 NetworkSecurityConfig   com.yourname.smartrecorder           D  No Network Security Config specified, using platform default
2025-11-28 16:17:06.156 30856-30856 NetworkSecurityConfig   com.yourname.smartrecorder           D  No Network Security Config specified, using platform default
2025-11-28 16:17:06.171 30856-30856 WM-WrkMgrInitializer    com.yourname.smartrecorder           D  Initializing WorkManager with default configuration.
2025-11-28 16:17:06.200  1198-2582  PackageManager          system_server                        D  setEnabledSetting : userId = 0 packageName = com.yourname.smartrecorder cmp = androidx.work.impl.background.systemjob.SystemJobService newState = 1 callingPackage = 11009/com.yourname.smartrecorder
2025-11-28 16:17:06.200  1198-2582  ApplicationPolicy       system_server                        D  getApplicationStateEnabled : pkg = com.yourname.smartrecorder userId : 0
2025-11-28 16:17:06.202  1198-2582  ApplicationPolicy       system_server                        D  getApplicationComponentState : pkg = com.yourname.smartrecorder userId : 0
2025-11-28 16:17:06.205 30856-30856 WM-PackageManagerHelper com.yourname.smartrecorder           D  androidx.work.impl.background.systemjob.SystemJobService enabled
2025-11-28 16:17:06.205 30856-30856 WM-Schedulers           com.yourname.smartrecorder           D  Created SystemJobScheduler and enabled SystemJobService
2025-11-28 16:17:06.238 30856-30856 SmartRecor...Transcript com.yourname.smartrecorder           D  SmartRecorderApplication onCreate
2025-11-28 16:17:06.247 30856-30880 OpenGLRenderer          com.yourname.smartrecorder           D  RenderThread::requireGlContext()
2025-11-28 16:17:06.265 30856-30880 OpenGLRenderer          com.yourname.smartrecorder           D  RenderThread::setGrContext()
2025-11-28 16:17:06.270 30856-30856 DecorView               com.yourname.smartrecorder           I  [INFO] isPopOver=false config=true
2025-11-28 16:17:06.270 30856-30856 DecorView               com.yourname.smartrecorder           I  updateCaptionType: isFloating=false isApplication=true hasWindowDecorCaption=false this=DecorView@b7682e1[]
2025-11-28 16:17:06.270 30856-30856 DecorView               com.yourname.smartrecorder           D  setCaptionType = 0, this = DecorView@b7682e1[]
2025-11-28 16:17:06.271 30856-30876 Compatibil...geReporter com.yourname.smartrecorder           D  Compat change id reported: 160794467; UID 11009; state: ENABLED
2025-11-28 16:17:06.272 30856-30856 DecorView               com.yourname.smartrecorder           I  getCurrentDensityDpi: from real metrics. densityDpi=560 msg=resources_loaded
2025-11-28 16:17:06.272 30856-30856 DecorView               com.yourname.smartrecorder           I  setWindowBackground: isPopOver=false color=fffafafa d=android.graphics.drawable.ColorDrawable@6951ec7
2025-11-28 16:17:06.275 30856-30856 PhoneWindow             com.yourname.smartrecorder           D  forceLight changed to false [] from com.android.internal.policy.PhoneWindow.updateForceLightNavigationBar:4314 com.android.internal.policy.PhoneWindow.setNavigationBarColor:4033 androidx.activity.EdgeToEdgeApi29.setUp:322 androidx.activity.EdgeToEdge.enable:95 androidx.activity.EdgeToEdge.enable$default:69 
2025-11-28 16:17:06.288 30856-30856 MSHandlerLifeCycle      com.yourname.smartrecorder           I  check: return. pkg=com.yourname.smartrecorder parent=null callers=com.android.internal.policy.DecorView.setVisibility:4412 android.app.ActivityThread.handleResumeActivity:5476 android.app.servertransaction.ResumeActivityItem.execute:54 android.app.servertransaction.ActivityTransactionItem.execute:45 android.app.servertransaction.TransactionExecutor.executeLifecycleState:176 
2025-11-28 16:17:06.288 30856-30856 MSHandlerLifeCycle      com.yourname.smartrecorder           I  removeMultiSplitHandler: no exist. decor=DecorView@b7682e1[]
2025-11-28 16:17:06.297 30856-30880 NativeCust...ncyManager com.yourname.smartrecorder           D  [NativeCFMS] BpCustomFrequencyManager::BpCustomFrequencyManager()
2025-11-28 16:17:06.300 30856-30856 DecorView               com.yourname.smartrecorder           I  notifyKeepScreenOnChanged: keepScreenOn=false
2025-11-28 16:17:06.304   858-1169  SurfaceFlinger          surfaceflinger                       I  id=51209 createSurf flag=80004, 3f937f2 com.yourname.smartrecorder/com.yourname.smartrecorder.MainActivity#51209
2025-11-28 16:17:06.307 30856-30856 InsetsController        com.yourname.smartrecorder           D  onStateChanged: InsetsState: {mDisplayFrame=Rect(0, 0 - 1440, 3088), mDisplayCutout=DisplayCutout{insets=Rect(0, 89 - 0, 0) waterfall=Insets{left=0, top=0, right=0, bottom=0} boundingRect={Bounds=[Rect(0, 0 - 0, 0), Rect(685, 0 - 755, 89), Rect(0, 0 - 0, 0), Rect(0, 0 - 0, 0)]} cutoutPathParserInfo={CutoutPathParserInfo{displayWidth=1440 displayHeight=3088 physicalDisplayWidth=1440 physicalDisplayHeight=3088 density={3.5} cutoutSpec={M 0,0 H -10 V 25.42857142857143 H 10 V 0 H 0 Z @dp} rotation={0} scale={1.0} physicalPixelDisplaySizeRatio={1.0}}}}, mRoundedCorners=RoundedCorners{[RoundedCorner{position=TopLeft, radius=112, center=Point(112, 112)}, RoundedCorner{position=TopRight, radius=112, center=Point(1328, 112)}, RoundedCorner{position=BottomRight, radius=112, center=Point(1328, 2976)}, RoundedCorner{position=BottomLeft, radius=112, center=Point(112, 2976)}]}  mRoundedCornerFrame=Rect(0, 0 - 1440, 3088), mPrivacyIndicatorBounds=PrivacyIndicatorBounds {static bounds=Rect(1286, 0 - 1440, 90) rotation=0}, mSources= { InsetsSource: {mType=ITYPE_STATUS_BAR, mFrame=[0,0][1440,90], mVisible=true, mInsetsRoundedCornerFrame=false}, InsetsSource: {mType=ITYPE_NAVIGATION_BAR, mFrame=[0,2920][1440,3088], mVisible=true, mInsetsRoundedCornerFrame=false}, InsetsSource: {mType=ITYPE_LEFT_GESTURES, mFrame=[0,0][0,3088], mVisible=true, mInsetsRoundedCornerFrame=false}, InsetsSource: {mType=ITYPE_RIGHT_GESTURES, mFrame=[1440,0][1440,3088], mVisible=true, mInsetsRoundedCornerFrame=false}, InsetsSource: {mType=ITYPE_TOP_MANDATORY_GESTURES, mFrame=[0,0][1440,131], mVisible=true, mInsetsRoundedCornerFrame=false}, InsetsSource: {mType=ITYPE_BOTTOM_MANDATORY_GESTURES, mFrame=[0,2920][1440,3088], mVisible=true, mInsetsRoundedCornerFrame=false}, InsetsSource: {mType=ITYPE_LEFT_DISPLAY_CUTOUT, mFrame=[0,0][-100000,3088], mVisible=true, mInsetsRoundedCornerFrame=false}, InsetsSource: {mType=ITYPE_TOP_DISPLAY_CUTOUT, mFrame=[0,0][1440,89], mVisible=true, mInsetsRoundedCornerFrame=false}, InsetsSource: {mType=ITYPE_RIGHT_DISPLAY_CUTOUT, mFrame=[100000,0][1440,3088], mVisible=true, mInsetsRoundedCornerFrame=false}, InsetsSource: {mType=ITYPE_BOTTOM_DISPLAY_CUTOUT, mFrame=[0,100000][1440,3088], mVisible=true, mInsetsRoundedCornerFrame=false}, InsetsSource: {mType=ITYPE_TOP_TAPPABLE_ELEMENT, mFrame=[0,0][1440,90], mVisible=true, mInsetsRoundedCornerFrame=false}, InsetsSource: {mType=ITYPE_BOTTOM_TAPPABLE_ELEMENT, mFrame=[0,2920][1440,3088], mVisible=true, mInsetsRoundedCornerFrame=false} } host=com.yourname.smartrecorder/com.yourname.smartrecorder.MainActivity from=android.view.ViewRootImpl.setView:1732
2025-11-28 16:17:06.309 30856-30856 ViewRootIm...nActivity] com.yourname.smartrecorder           I  setView = com.android.internal.policy.DecorView@b7682e1 TM=true
2025-11-28 16:17:06.310 30856-30856 MSHandlerLifeCycle      com.yourname.smartrecorder           I  removeMultiSplitHandler: no exist. decor=DecorView@b7682e1[MainActivity]
2025-11-28 16:17:06.318  1198-2582  CoreBackPreview         system_server                        D  Window{3f937f2 u0 com.yourname.smartrecorder/com.yourname.smartrecorder.MainActivity}: Setting back callback OnBackInvokedCallbackInfo{mCallback=android.window.IOnBackInvokedCallback$Stub$Proxy@c786df9, mPriority=-1}
2025-11-28 16:17:06.346 30856-30878 SmartRecor...Transcript com.yourname.smartrecorder           D  First launch - downloading Whisper model to internal storage...
2025-11-28 16:17:06.350 30856-30878 SmartRecor...Transcript com.yourname.smartrecorder           D  Acquired download lock, starting download...
2025-11-28 16:17:06.351 30856-30878 SmartRecor...Transcript com.yourname.smartrecorder           D  Downloading from URL 1/3
2025-11-28 16:17:06.423   858-858   SurfaceFlinger          surfaceflinger                       D  Display 4633128672291735937 HWC layers:
                                                                                                         DEVICE | 0x70f52daa90 | 0100 | RGBA_8888    |    0.0    0.0 1440.0 3088.0 |    0    0 1440 3088 | Splash Screen com.yourname.smartrecorder$_22947#51199
                                                                                                         CLIENT |              | 0000 |  Unknown  |    0.0    0.0    0.0    0.0 |  695  120 1403  534 | Task=22702#46682
                                                                                                         CLIENT |              | 0002 |  Unknown  |    0.0    0.0    0.0    0.0 |  713  138 1385  516 | Background for SurfaceView[com.googl[...]oneycomb.Shell$HomeActivity]@0#51179
                                                                                                         CLIENT | 0x70f52f01b0 | 0102 | 0x0000105    |    0.0    0.0 1280.0  720.0 |  713  138 1385  516 | SurfaceView[com.google.android.youtu[...]b.Shell$HomeActivity]@0(BLAST)#51178
                                                                                                         CLIENT | 0x70f52d0d10 | 0100 | RGBA_8888    |    0.0    0.0  672.0  378.0 |  713  138 1385  516 | com.google.android.youtube/com.googl[...]comb.Shell$HomeActivity$_29596#51175
                                                                                                         DEVICE | 0x70f52ea7b0 | 0100 | RGBA_8888    |    0.0    0.0 1440.0   90.0 |    0    0 1440   90 | StatusBar$_22947#4630
                                                                                                         DEVICE | 0x70f529f990 | 0100 | RGBA_888
2025-11-28 16:17:06.425 30856-30856 e.smartrecorder         com.yourname.smartrecorder           I  hiddenapi: Accessing hidden method Landroid/os/SystemProperties;->addChangeCallback(Ljava/lang/Runnable;)V (runtime_flags=0, domain=platform, api=unsupported) from Landroidx/compose/ui/platform/AndroidComposeView$Companion; (domain=app) using reflection: allowed
2025-11-28 16:17:06.503 30856-30856 DecorView               com.yourname.smartrecorder           I  notifyKeepScreenOnChanged: keepScreenOn=false
2025-11-28 16:17:06.509 30856-30856 ViewRootIm...nActivity] com.yourname.smartrecorder           I  performTraversals params={(0,0)(fillxfill) sim={adjust=pan forwardNavigation} layoutInDisplayCutoutMode=always ty=BASE_APPLICATION wanim=0x1030309
                                                                                                      fl=81810100
                                                                                                      pfl=16020040
                                                                                                      vsysui=110
                                                                                                      apr=LIGHT_NAVIGATION_BARS
                                                                                                      bhv=DEFAULT
                                                                                                      fitSides= naviIconColor=0}
2025-11-28 16:17:06.512 30856-30856 ViewRootIm...nActivity] com.yourname.smartrecorder           I  performTraversals mFirst=true windowShouldResize=true viewVisibilityChanged=false mForceNextWindowRelayout=false params={(0,0)(fillxfill) sim={adjust=pan forwardNavigation} layoutInDisplayCutoutMode=always ty=BASE_APPLICATION wanim=0x1030309
                                                                                                      fl=81810100
                                                                                                      pfl=16020040
                                                                                                      vsysui=110
                                                                                                      apr=LIGHT_NAVIGATION_BARS
                                                                                                      bhv=DEFAULT
                                                                                                      fitSides= naviIconColor=0}
2025-11-28 16:17:06.512  1198-2582  WindowManager           system_server                        V  Relayout Window{3f937f2 u0 com.yourname.smartrecorder/com.yourname.smartrecorder.MainActivity}: viewVisibility=0 req=1440x3088 d0
2025-11-28 16:17:06.513   858-1167  SurfaceFlinger          surfaceflinger                       I  id=51210 createSurf flag=40004, com.yourname.smartrecorder/com.yourname.smartrecorder.MainActivity$_30856#51210
2025-11-28 16:17:06.514  1198-2582  WindowManager           system_server                        D  makeSurface duration=2 name=com.yourname.smartrecorder/com.yourname.smartrecorder.MainActivity$_30856
2025-11-28 16:17:06.517  1198-2582  WindowManager           system_server                        V  Changing focus from null to Window{3f937f2 u0 com.yourname.smartrecorder/com.yourname.smartrecorder.MainActivity} displayId=0 Callers=com.android.server.wm.RootWindowContainer.updateFocusedWindowLocked:595 com.android.server.wm.WindowManagerService.updateFocusedWindowLocked:6810 com.android.server.wm.WindowManagerService.relayoutWindow:2820 com.android.server.wm.Session.relayout:274 
2025-11-28 16:17:06.517  1198-2582  MARsPolicyManager       system_server                        D  onPackageResumedFG pkgName = com.yourname.smartrecorder, userId = 0
2025-11-28 16:17:06.522  1198-2582  WindowManager           system_server                        D  updateSystemBarAttributes: displayId=0, win=Window{3f937f2 u0 com.yourname.smartrecorder/com.yourname.smartrecorder.MainActivity}, navColorWin=Window{718ebbe u0 Splash Screen com.yourname.smartrecorder}, focusedCanBeNavColorWin=false, behavior=1, appearance=16, statusBarAppearanceRegions=[AppearanceRegion{LIGHT_STATUS_BARS bounds=[0,0][1440,3088]}], requestedVisibilities=, from=com.android.server.wm.DisplayPolicy.focusChangedLw:3251 com.android.server.wm.DisplayContent.updateFocusedWindowLocked:4632 com.android.server.wm.RootWindowContainer.updateFocusedWindowLocked:595 
2025-11-28 16:17:06.530 30856-30856 ViewRootIm...nActivity] com.yourname.smartrecorder           I  updateBlastSurfaceIfNeeded mBlastBufferQueue=null isSameSurfaceControl=false
2025-11-28 16:17:06.531 30856-30856 BLASTBufferQueue        com.yourname.smartrecorder           I  new BLASTBufferQueue, mName= ViewRootImpl@eb901d5[MainActivity] mNativeObject= 0x71adc30510 sc.mNativeObject= 0x713dc4a760 caller= android.view.ViewRootImpl.updateBlastSurfaceIfNeeded:2909 android.view.ViewRootImpl.relayoutWindow:9847 android.view.ViewRootImpl.performTraversals:3884 android.view.ViewRootImpl.doTraversal:3116 android.view.ViewRootImpl$TraversalRunnable.run:10885 android.view.Choreographer$CallbackRecord.run:1301 android.view.Choreographer$CallbackRecord.run:1309 android.view.Choreographer.doCallbacks:923 android.view.Choreographer.doFrame:852 android.view.Choreographer$FrameDisplayEventReceiver.run:1283 
2025-11-28 16:17:06.531 30856-30856 BLASTBufferQueue        com.yourname.smartrecorder           I  update, w= 1440 h= 3088 mName = ViewRootImpl@eb901d5[MainActivity] mNativeObject= 0x71adc30510 sc.mNativeObject= 0x713dc4a760 format= -1 caller= android.graphics.BLASTBufferQueue.<init>:84 android.view.ViewRootImpl.updateBlastSurfaceIfNeeded:2909 android.view.ViewRootImpl.relayoutWindow:9847 android.view.ViewRootImpl.performTraversals:3884 android.view.ViewRootImpl.doTraversal:3116 android.view.ViewRootImpl$TraversalRunnable.run:10885 
2025-11-28 16:17:06.531 30856-30856 ViewRootIm...nActivity] com.yourname.smartrecorder           I  Relayout returned: old=(0,0,1440,3088) new=(0,0,1440,3088) req=(1440,3088)0 dur=18 res=0x3 s={true 0x723dc37cf0} ch=true seqId=0
2025-11-28 16:17:06.533   858-858   SurfaceFlinger          surfaceflinger                       I  [3f937f2 com.yourname.smartrecorder/com.yourname.smartrecorder.MainActivity#51209] FrameRatePriority: 1
2025-11-28 16:17:06.533 30856-30856 ViewRootIm...nActivity] com.yourname.smartrecorder           I  mThreadedRenderer.initialize() mSurface={isValid=true 0x723dc37cf0} hwInitialized=true
2025-11-28 16:17:06.534   858-979   SurfaceFlinger          surfaceflinger                       D  [input] setFocusedWindow: 3f937f2 com.yourname.smartrecorder/com.yourname.smartrecorder.MainActivity
2025-11-28 16:17:06.534  1198-2582  InputDispatcher         system_server                        D  Focus request (0): 3f937f2 com.yourname.smartrecorder/com.yourname.smartrecorder.MainActivity but waiting because NO_WINDOW
2025-11-28 16:17:06.536 30856-30880 OpenGLRenderer          com.yourname.smartrecorder           D  eglCreateWindowSurface
2025-11-28 16:17:06.539 30856-30904 Gralloc4                com.yourname.smartrecorder           I  mapper 4.x is not supported
2025-11-28 16:17:06.539 30856-30904 Gralloc3                com.yourname.smartrecorder           W  mapper 3.x is not supported
2025-11-28 16:17:06.542 30856-30904 gralloc                 com.yourname.smartrecorder           I  Arm Module v1.0
2025-11-28 16:17:06.544 30856-30856 ViewRootIm...nActivity] com.yourname.smartrecorder           I  reportNextDraw android.view.ViewRootImpl.performTraversals:4438 android.view.ViewRootImpl.doTraversal:3116 android.view.ViewRootImpl$TraversalRunnable.run:10885 android.view.Choreographer$CallbackRecord.run:1301 android.view.Choreographer$CallbackRecord.run:1309 
2025-11-28 16:17:06.544 30856-30856 ViewRootIm...nActivity] com.yourname.smartrecorder           I  Setup new sync id=0
2025-11-28 16:17:06.544 30856-30856 ViewRootIm...nActivity] com.yourname.smartrecorder           I  Setting syncFrameCallback
2025-11-28 16:17:06.544 30856-30856 ViewRootIm...nActivity] com.yourname.smartrecorder           I  registerCallbacksForSync syncBuffer=false
2025-11-28 16:17:06.545 30856-30904 Gralloc4                com.yourname.smartrecorder           W  allocator 4.x is not supported
2025-11-28 16:17:06.545 30856-30904 Gralloc3                com.yourname.smartrecorder           W  allocator 3.x is not supported
2025-11-28 16:17:06.548 30856-30907 ViewRootIm...nActivity] com.yourname.smartrecorder           I  Received frameDrawingCallback syncResult=0 frameNum=1.
2025-11-28 16:17:06.548 30856-30907 ViewRootIm...nActivity] com.yourname.smartrecorder           I  Setting up sync and frameCommitCallback
2025-11-28 16:17:06.583 30856-30880 BLASTBufferQueue        com.yourname.smartrecorder           I  [ViewRootImpl@eb901d5[MainActivity]#0](f:0,a:0) onFrameAvailable the first frame is available
2025-11-28 16:17:06.583 30856-30880 ViewRootIm...nActivity] com.yourname.smartrecorder           I  Received frameCommittedCallback lastAttemptedDrawFrameNum=1 didProduceBuffer=true
2025-11-28 16:17:06.584 30856-30880 OpenGLRenderer          com.yourname.smartrecorder           D  CFMS:: SetUp Pid : 30856    Tid : 30880
2025-11-28 16:17:06.587 30856-30880 Parcel                  com.yourname.smartrecorder           W  Expecting binder but got null!
2025-11-28 16:17:06.588 30856-30856 ViewRootIm...nActivity] com.yourname.smartrecorder           I  onSyncComplete
