2025-11-28 17:38:25.959 13882-13882 SmartRecor...Repository com.yourname.smartrecorder           D  [Flow: getTranscriptSegments] Emitted -> recordingId=3c2e7509-2224-453a-aecd-27200813f154, count=19
2025-11-28 17:38:25.959 13882-13882 SmartRecorder/UseCase   com.yourname.smartrecorder           I  [MAIN] [UseCase: GetTranscriptUseCase] Emitted (recordingId=3c2e7509-2224-453a-aecd-27200813f154, count=19)
2025-11-28 17:38:25.959 13882-13882 SmartRecor...Transcript com.yourname.smartrecorder           D  Transcript segments received -> count: 19, recordingId: 3c2e7509-2224-453a-aecd-27200813f154
2025-11-28 17:38:25.959 13882-13882 SmartRecor...Transcript com.yourname.smartrecorder           D  Segments updated in UI -> count: 19
2025-11-28 17:38:25.959 13882-13882 SmartRecor...Transcript com.yourname.smartrecorder           I  [MAIN] [ViewModel: TranscriptViewModel] loadRecording completed -> State: duration=446ms, segments=19, notes=0
2025-11-28 17:38:25.959 13882-13882 SmartRecor...Transcript com.yourname.smartrecorder           I  [Performance] loadRecording took 446ms
2025-11-28 17:38:28.036  1198-2733  FreecessController      system_server                        D  com.yourname.smartrecorder(11015) is important[!isUidIdle]
2025-11-28 17:38:28.336 13882-13882 ViewRootIm...nActivity] com.yourname.smartrecorder           I  ViewPostIme pointer 0
2025-11-28 17:38:28.426 13882-13882 e.smartrecorder         com.yourname.smartrecorder           I  hiddenapi: Accessing hidden method Landroid/view/ViewTreeObserver;->dispatchOnScrollChanged()V (runtime_flags=0, domain=platform, api=unsupported) from Landroidx/compose/ui/platform/AndroidComposeView$Companion; (domain=app) using reflection: allowed
2025-11-28 17:38:28.427 13882-13882 Compatibil...geReporter com.yourname.smartrecorder           D  Compat change id reported: 171228096; UID 11015; state: ENABLED
2025-11-28 17:38:28.511  1198-1198  SGM:GameManager         system_server                        D  identifyGamePackage. com.yourname.smartrecorder, mCurrentUserId: 0, callerUserId: 0, callingMethodInfo: com.android.server.ssrm.fgapps.GameAppUtils.isGame(GameAppUtils.java:84)
2025-11-28 17:38:28.511  1198-1198  SGM:PkgDataHelper       system_server                        D  getGamePkgData(). com.yourname.smartrecorder
2025-11-28 17:38:28.512  1198-1198  SGM:GameManager         system_server                        D  identifyGamePackage. com.yourname.smartrecorder, mCurrentUserId: 0, callerUserId: 0, callingMethodInfo: com.android.server.ssrm.fgapps.GameAppUtils.isGame(GameAppUtils.java:84)
2025-11-28 17:38:28.512  1198-1198  SGM:PkgDataHelper       system_server                        D  getGamePkgData(). com.yourname.smartrecorder
2025-11-28 17:38:28.512 13882-13882 ViewRootIm...nActivity] com.yourname.smartrecorder           I  ViewPostIme pointer 1
2025-11-28 17:38:28.951  1198-1198  SGM:GameManager         system_server                        D  identifyGamePackage. com.yourname.smartrecorder, mCurrentUserId: 0, callerUserId: 0, callingMethodInfo: com.android.server.ssrm.fgapps.GameAppUtils.isGame(GameAppUtils.java:84)
2025-11-28 17:38:28.952  1198-1198  SGM:PkgDataHelper       system_server                        D  getGamePkgData(). com.yourname.smartrecorder
2025-11-28 17:38:28.952  1198-1198  SGM:GameManager         system_server                        D  identifyGamePackage. com.yourname.smartrecorder, mCurrentUserId: 0, callerUserId: 0, callingMethodInfo: com.android.server.ssrm.fgapps.GameAppUtils.isGame(GameAppUtils.java:84)
2025-11-28 17:38:28.952  1198-1198  SGM:PkgDataHelper       system_server                        D  getGamePkgData(). com.yourname.smartrecorder
2025-11-28 17:38:28.962   858-858   SurfaceFlinger          surfaceflinger                       D  Display 4633128672291735937 HWC layers:
                                                                                                         DEVICE | 0x70f52ebad0 | 0102 | RGBA_8888    |    0.0    0.0 1440.0 3088.0 |    0    0 1440 3088 | com.yourname.smartrecorder/com.yourn[...]rtrecorder.MainActivity$_13882#52564
                                                                                                         CLIENT |              | 0000 |  Unknown  |    0.0    0.0    0.0    0.0 |  153  295  861  709 | Task=22702#46682
                                                                                                         CLIENT |              | 0002 |  Unknown  |    0.0    0.0    0.0    0.0 |  171  313  843  691 | Background for SurfaceView[com.googl[...]oneycomb.Shell$HomeActivity]@0#52213
                                                                                                         CLIENT | 0x70f52d01d0 | 0102 | 0x0000105    |    0.0    0.0 1280.0  720.0 |  171  313  843  691 | SurfaceView[com.google.android.youtu[...]b.Shell$HomeActivity]@0(BLAST)#52212
                                                                                                         CLIENT | 0x70f52e9250 | 0100 | RGBA_8888    |    0.0    0.0  672.0  378.0 |  171  313  843  691 | com.google.android.youtube/com.googl[...]comb.Shell$HomeActivity$_29596#52209
                                                                                                         DEVICE | 0x70f52ef1f0 | 0100 | RGBA_8888    |    0.0    0.0 1440.0 3088.0 |    0    0 1440 3088 | dismiss-button-overlay$_22947#52580
                                                                                                         D
2025-11-28 17:38:29.296   858-858   SurfaceFlinger          surfaceflinger                       D  Display 4633128672291735937 HWC layers:
                                                                                                         DEVICE | 0x70f52ebad0 | 0102 | RGBA_8888    |    0.0    0.0 1440.0 3088.0 |    0    0 1440 3088 | com.yourname.smartrecorder/com.yourn[...]rtrecorder.MainActivity$_13882#52564
                                                                                                         CLIENT |              | 0000 |  Unknown  |    0.0    0.0    0.0    0.0 |  650  126 1358  540 | Task=22702#46682
                                                                                                         CLIENT |              | 0002 |  Unknown  |    0.0    0.0    0.0    0.0 |  668  144 1340  522 | Background for SurfaceView[com.googl[...]oneycomb.Shell$HomeActivity]@0#52213
                                                                                                         CLIENT | 0x70f52e7870 | 0102 | 0x0000105    |    0.0    0.0 1280.0  720.0 |  668  144 1340  522 | SurfaceView[com.google.android.youtu[...]b.Shell$HomeActivity]@0(BLAST)#52212
                                                                                                         CLIENT | 0x70f52e9250 | 0100 | RGBA_8888    |    0.0    0.0  672.0  378.0 |  668  144 1340  522 | com.google.android.youtube/com.googl[...]comb.Shell$HomeActivity$_29596#52209
                                                                                                         DEVICE | 0x70f52ed6f0 | 0100 | RGBA_8888    |    0.0    0.0  672.0  378.0 |   56  467  728  845 | PipMenuView#52269
                                                                                                         DEVICE | 0x70f52ce9
2025-11-28 17:38:30.110 13882-13882 ViewRootIm...nActivity] com.yourname.smartrecorder           I  ViewPostIme pointer 0
2025-11-28 17:38:30.653 13882-13882 ViewRootIm...nActivity] com.yourname.smartrecorder           I  ViewPostIme pointer 1
2025-11-28 17:38:31.102 13882-13882 ViewRootIm...nActivity] com.yourname.smartrecorder           I  ViewPostIme pointer 0
2025-11-28 17:38:31.754  1198-1198  SGM:GameManager         system_server                        D  identifyGamePackage. com.yourname.smartrecorder, mCurrentUserId: 0, callerUserId: 0, callingMethodInfo: com.android.server.ssrm.fgapps.GameAppUtils.isGame(GameAppUtils.java:84)
2025-11-28 17:38:31.754 13882-13882 ViewRootIm...nActivity] com.yourname.smartrecorder           I  ViewPostIme pointer 1
2025-11-28 17:38:31.754  1198-1198  SGM:PkgDataHelper       system_server                        D  getGamePkgData(). com.yourname.smartrecorder
2025-11-28 17:38:31.755  1198-1198  SGM:GameManager         system_server                        D  identifyGamePackage. com.yourname.smartrecorder, mCurrentUserId: 0, callerUserId: 0, callingMethodInfo: com.android.server.ssrm.fgapps.GameAppUtils.isGame(GameAppUtils.java:84)
2025-11-28 17:38:31.755  1198-1198  SGM:PkgDataHelper       system_server                        D  getGamePkgData(). com.yourname.smartrecorder
2025-11-28 17:38:32.170 13882-13882 ViewRootIm...nActivity] com.yourname.smartrecorder           I  ViewPostIme pointer 0
2025-11-28 17:38:32.370 13882-13882 ViewRootIm...nActivity] com.yourname.smartrecorder           I  ViewPostIme pointer 1
2025-11-28 17:38:32.370  1198-1198  SGM:GameManager         system_server                        D  identifyGamePackage. com.yourname.smartrecorder, mCurrentUserId: 0, callerUserId: 0, callingMethodInfo: com.android.server.ssrm.fgapps.GameAppUtils.isGame(GameAppUtils.java:84)
2025-11-28 17:38:32.370  1198-1198  SGM:PkgDataHelper       system_server                        D  getGamePkgData(). com.yourname.smartrecorder
2025-11-28 17:38:32.371  1198-1198  SGM:GameManager         system_server                        D  identifyGamePackage. com.yourname.smartrecorder, mCurrentUserId: 0, callerUserId: 0, callingMethodInfo: com.android.server.ssrm.fgapps.GameAppUtils.isGame(GameAppUtils.java:84)
2025-11-28 17:38:32.371  1198-1198  SGM:PkgDataHelper       system_server                        D  getGamePkgData(). com.yourname.smartrecorder
2025-11-28 17:38:32.837 13882-13882 ViewRootIm...nActivity] com.yourname.smartrecorder           I  ViewPostIme pointer 0
2025-11-28 17:38:32.895 13882-13882 ViewRootIm...nActivity] com.yourname.smartrecorder           I  ViewPostIme pointer 1
2025-11-28 17:38:34.371 13882-13882 ViewRootIm...nActivity] com.yourname.smartrecorder           I  ViewPostIme pointer 0
2025-11-28 17:38:35.247  1198-1198  SGM:GameManager         system_server                        D  identifyGamePackage. com.yourname.smartrecorder, mCurrentUserId: 0, callerUserId: 0, callingMethodInfo: com.android.server.ssrm.fgapps.GameAppUtils.isGame(GameAppUtils.java:84)
2025-11-28 17:38:35.248  1198-1198  SGM:PkgDataHelper       system_server                        D  getGamePkgData(). com.yourname.smartrecorder
2025-11-28 17:38:35.248 13882-13882 ViewRootIm...nActivity] com.yourname.smartrecorder           I  ViewPostIme pointer 1
2025-11-28 17:38:35.249  1198-1198  SGM:GameManager         system_server                        D  identifyGamePackage. com.yourname.smartrecorder, mCurrentUserId: 0, callerUserId: 0, callingMethodInfo: com.android.server.ssrm.fgapps.GameAppUtils.isGame(GameAppUtils.java:84)
2025-11-28 17:38:35.249  1198-1198  SGM:PkgDataHelper       system_server                        D  getGamePkgData(). com.yourname.smartrecorder
2025-11-28 17:38:36.296 13882-13882 ViewRootIm...nActivity] com.yourname.smartrecorder           I  ViewPostIme pointer 0
2025-11-28 17:38:36.414 13882-13882 ViewRootIm...nActivity] com.yourname.smartrecorder           I  ViewPostIme pointer 1
2025-11-28 17:38:36.416  1198-1198  SGM:GameManager         system_server                        D  identifyGamePackage. com.yourname.smartrecorder, mCurrentUserId: 0, callerUserId: 0, callingMethodInfo: com.android.server.ssrm.fgapps.GameAppUtils.isGame(GameAppUtils.java:84)
2025-11-28 17:38:36.416  1198-1198  SGM:PkgDataHelper       system_server                        D  getGamePkgData(). com.yourname.smartrecorder
2025-11-28 17:38:36.417  1198-1198  SGM:GameManager         system_server                        D  identifyGamePackage. com.yourname.smartrecorder, mCurrentUserId: 0, callerUserId: 0, callingMethodInfo: com.android.server.ssrm.fgapps.GameAppUtils.isGame(GameAppUtils.java:84)
2025-11-28 17:38:36.417  1198-1198  SGM:PkgDataHelper       system_server                        D  getGamePkgData(). com.yourname.smartrecorder
2025-11-28 17:38:38.036  1198-2733  FreecessController      system_server                        D  com.yourname.smartrecorder(11015) is important[!isUidIdle]
2025-11-28 17:38:48.038  1198-2733  FreecessController      system_server                        D  com.yourname.smartrecorder(11015) is important[!isUidIdle]
