2025-11-27 16:52:37.533  3773-3773  MSHandlerLifeCycle      com.yourname.smartrecorder           I  removeMultiSplitHandler: no exist. decor=DecorView@85c7806[MainActivity]
2025-11-27 16:52:37.542   858-858   SurfaceFlinger          surfaceflinger                       I  [1ef55ae com.yourname.smartrecorder/com.yourname.smartrecorder.MainActivity#33931] FrameRatePriority: 1
2025-11-27 16:52:37.543   858-979   SurfaceFlinger          surfaceflinger                       D  [input] setFocusedWindow: 1ef55ae com.yourname.smartrecorder/com.yourname.smartrecorder.MainActivity
2025-11-27 16:52:37.545  1198-2582  InputDispatcher         system_server                        D  Focus entered window (0): 1ef55ae com.yourname.smartrecorder/com.yourname.smartrecorder.MainActivity
2025-11-27 16:52:37.545  3773-3773  ViewRootIm...nActivity] com.yourname.smartrecorder           I  performTraversals params={(0,0)(fillxfill) sim={adjust=pan forwardNavigation} layoutInDisplayCutoutMode=always ty=BASE_APPLICATION wanim=0x1030309
                                                                                                      fl=81810100
                                                                                                      pfl=16020040
                                                                                                      vsysui=110
                                                                                                      apr=LIGHT_NAVIGATION_BARS
                                                                                                      bhv=DEFAULT
                                                                                                      fitSides= naviIconColor=0}
2025-11-27 16:52:37.548  3773-3773  ViewRootIm...nActivity] com.yourname.smartrecorder           I  performTraversals mFirst=false windowShouldResize=false viewVisibilityChanged=false mForceNextWindowRelayout=false params={(0,0)(fillxfill) sim={adjust=pan forwardNavigation} layoutInDisplayCutoutMode=always ty=BASE_APPLICATION wanim=0x1030309
                                                                                                      fl=81810100
                                                                                                      pfl=16020040
                                                                                                      vsysui=110
                                                                                                      apr=LIGHT_NAVIGATION_BARS
                                                                                                      bhv=DEFAULT
                                                                                                      fitSides= naviIconColor=0}
2025-11-27 16:52:37.548  1198-2582  WindowManager           system_server                        V  Relayout Window{1ef55ae u0 com.yourname.smartrecorder/com.yourname.smartrecorder.MainActivity}: viewVisibility=0 req=1440x3088 d0
2025-11-27 16:52:37.551  3773-3773  ViewRootIm...nActivity] com.yourname.smartrecorder           I  updateBlastSurfaceIfNeeded mBlastBufferQueue=0x71adc28e50 isSameSurfaceControl=true
2025-11-27 16:52:37.551  3773-3773  BLASTBufferQueue        com.yourname.smartrecorder           I  update, w= 1440 h= 3088 mName = ViewRootImpl@eb901d5[MainActivity] mNativeObject= 0x71adc28e50 sc.mNativeObject= 0x713dc72560 format= -1 caller= android.view.ViewRootImpl.updateBlastSurfaceIfNeeded:2898 android.view.ViewRootImpl.relayoutWindow:9847 android.view.ViewRootImpl.performTraversals:3884 android.view.ViewRootImpl.doTraversal:3116 android.view.ViewRootImpl$TraversalRunnable.run:10885 android.view.Choreographer$CallbackRecord.run:1301 
2025-11-27 16:52:37.552  3773-3773  ViewRootIm...nActivity] com.yourname.smartrecorder           I  Relayout returned: old=(0,0,1440,3088) new=(0,0,1440,3088) req=(1440,3088)0 dur=3 res=0x0 s={true 0x723dc35ae0} ch=false seqId=0
2025-11-27 16:52:37.552  4533-4533  ActivityUtils           com...ndroid.app.cocktailbarservice  I  HomePackage : com.sec.android.app.launcher, resumePackageName : com.yourname.smartrecorder
2025-11-27 16:52:37.552  3773-3773  ViewRootIm...nActivity] com.yourname.smartrecorder           I  MSG_WINDOW_FOCUS_CHANGED 1 0
2025-11-27 16:52:37.552  3773-3773  ViewRootIm...nActivity] com.yourname.smartrecorder           I  mThreadedRenderer.initializeIfNeeded()#2 mSurface={isValid=true 0x723dc35ae0}
2025-11-27 16:52:37.553  3773-3773  InputMethodManager      com.yourname.smartrecorder           D  startInputInner - Id : 0
2025-11-27 16:52:37.553  3773-3773  InputMethodManager      com.yourname.smartrecorder           I  startInputInner - mService.startInputOrWindowGainedFocus
2025-11-27 16:52:37.553  1198-1287  SGM:GameManager         system_server                        D  identifyGamePackage. com.yourname.smartrecorder, mCurrentUserId: 0, callerUserId: 0, callingMethodInfo: com.samsung.android.game.SemGameManager.isGamePackage(SemGameManager.java:104)
2025-11-27 16:52:37.553  1198-1287  SGM:PkgDataHelper       system_server                        D  getGamePkgData(). com.yourname.smartrecorder
2025-11-27 16:52:37.553  1198-1287  SGM:SemGameManager      system_server                        D  isGamePackage(), pkgName=com.yourname.smartrecorder, ret=false
2025-11-27 16:52:37.553  1198-1287  GameSDK@LifeCycle       system_server                        I  noteResumeComponent(): package name  : com.yourname.smartrecorder
2025-11-27 16:52:37.553  1198-1287  SGM:GameManager         system_server                        D  identifyGamePackage. com.yourname.smartrecorder, mCurrentUserId: 0, callerUserId: 0, callingMethodInfo: com.android.server.ssrm.SortingMachine.isGame(SortingMachine.java:162)
2025-11-27 16:52:37.553  1198-1287  SGM:PkgDataHelper       system_server                        D  getGamePkgData(). com.yourname.smartrecorder
2025-11-27 16:52:37.554  1198-1287  SGM:FgCheckThread       system_server                        D  noteResumeComponent(), received pkgName: com.yourname.smartrecorder, userId: 0
2025-11-27 16:52:37.554  1198-1539  SGM:FgCheckThread       system_server                        D  onLooperPrepared(), msg: MSG_APP_RESUME, pkgName: com.yourname.smartrecorder, userid: 0
2025-11-27 16:52:37.554  4879-4927  Routine@Co...stenerImpl com.samsung.android.app.routines     I  onResumeComponent: componentName - ComponentInfo{com.yourname.smartrecorder/com.yourname.smartrecorder.MainActivity}
2025-11-27 16:52:37.719  1198-2005  MdnieScena...rolService system_server                        D   packageName : com.yourname.smartrecorder    className : com.yourname.smartrecorder.MainActivity
2025-11-27 16:52:38.038  3773-3773  ViewRootIm...nActivity] com.yourname.smartrecorder           I  ViewPostIme pointer 0
2025-11-27 16:52:38.055  1198-1287  SGM:GameManager         system_server                        D  identifyForegroundApp. com.yourname.smartrecorder, mCurrentUserId: 0, callerUserId: 0
2025-11-27 16:52:38.055  1198-1287  SGM:PkgDataHelper       system_server                        D  getGamePkgData(). com.yourname.smartrecorder
2025-11-27 16:52:38.096  3773-3773  ViewRootIm...nActivity] com.yourname.smartrecorder           I  ViewPostIme pointer 1
2025-11-27 16:52:38.098  3773-3773  SmartRecorder/ViewModel com.yourname.smartrecorder           D  [SettingsScreen] Event received: RequestNotificationPermission
2025-11-27 16:52:38.098  3773-3773  SmartRecorder/ViewModel com.yourname.smartrecorder           D  [SettingsScreen] RequestNotificationPermission -> hasPermission: false
2025-11-27 16:52:38.098  3773-3773  SmartRecorder/ViewModel com.yourname.smartrecorder           D  [SettingsScreen] Launching notification permission dialog
2025-11-27 16:52:38.099  1198-1901  ActivityTaskManager     system_server                        D  TaskLaunchParamsModifier:task=Task{f0791c4 #22568 type=standard A=10974:com.yourname.smartrecorder U=0 visible=true visibleRequested=true mode=fullscreen translucent=false sz=1} activity=ActivityRecord{c9ac779 u0 com.google.android.permissioncontroller/com.android.permissioncontroller.permission.ui.GrantPermissionsActivity} t-1} display-area-from-source=DefaultTaskDisplayArea@72262064 display-id=0 display-windowing-mode=1 suggested-display-area=DefaultTaskDisplayArea@72262064 inherit-from-source=fullscreen activity-options-fullscreen=Rect(0, 0 - 0, 0) non-freeform-display display-area=DefaultTaskDisplayArea@72262064 maximized-bounds
2025-11-27 16:52:38.100  1198-1901  ActivityTaskManager     system_server                        D  scheduleTopResumedActivityChanged, onTop=false r=ActivityRecord{be714d7 u0 com.yourname.smartrecorder/.MainActivity} t22568} caller=com.android.server.wm.ActivityTaskSupervisor.updateTopResumedActivityIfNeeded:2510 com.android.server.wm.TaskFragment.setResumedActivity:493 com.android.server.wm.TaskFragment.onActivityStateChanged:790 com.android.server.wm.ActivityRecord.setState:6428 com.android.server.wm.TaskFragment.startPausing:1880 com.android.server.wm.TaskFragment.startPausing:1817 
2025-11-27 16:52:38.105  1198-1901  WindowManager           system_server                        D  rotationForOrientation, orientationSource=ActivityRecord{be714d7 u0 com.yourname.smartrecorder/.MainActivity} t22568}
2025-11-27 16:52:38.109  1198-1901  WindowManager           system_server                        V  Changing focus from Window{1ef55ae u0 com.yourname.smartrecorder/com.yourname.smartrecorder.MainActivity} to null displayId=0 Callers=com.android.server.wm.RootWindowContainer.updateFocusedWindowLocked:595 com.android.server.wm.WindowManagerService.updateFocusedWindowLocked:6810 com.android.server.wm.ActivityTaskManagerService.setResumedActivityUncheckLocked:5766 com.android.server.wm.TaskFragment.onActivityStateChanged:807 
2025-11-27 16:52:38.109  1198-1901  MARsPolicyManager       system_server                        D  onPackageResumedFG pkgName = com.yourname.smartrecorder, userId = 0
2025-11-27 16:52:38.111  1198-1901  WindowManager           system_server                        D  updateSystemBarAttributes: displayId=0, win=Window{94b7cfc u0 com.google.android.youtube/com.google.android.youtube.app.honeycomb.Shell$HomeActivity}, navColorWin=Window{1ef55ae u0 com.yourname.smartrecorder/com.yourname.smartrecorder.MainActivity}, focusedCanBeNavColorWin=false, behavior=2, appearance=16, statusBarAppearanceRegions=[AppearanceRegion{ bounds=[0,0][1440,3088]}], requestedVisibilities=ITYPE_STATUS_BAR: visible, ITYPE_NAVIGATION_BAR: visible, ITYPE_CLIMATE_BAR: visible, ITYPE_EXTRA_NAVIGATION_BAR: visible, ITYPE_LOCAL_NAVIGATION_BAR_1: visible, ITYPE_LOCAL_NAVIGATION_BAR_2: visible, from=com.android.server.wm.DisplayPolicy.focusChangedLw:3251 com.android.server.wm.DisplayContent.updateFocusedWindowLocked:4632 com.android.server.wm.RootWindowContainer.updateFocusedWindowLocked:595 
2025-11-27 16:52:38.118  4879-27030 Routine@Co...stenerImpl com.samsung.android.app.routines     I  onPauseComponent: componentName - ComponentInfo{com.yourname.smartrecorder/com.yourname.smartrecorder.MainActivity}
2025-11-27 16:52:38.118  1198-1287  SGM:FgCheckThread       system_server                        D  notePauseComponent(), received pkgName: com.yourname.smartrecorder, userId: 0
2025-11-27 16:52:38.126   858-858   SurfaceFlinger          surfaceflinger                       I  [1ef55ae com.yourname.smartrecorder/com.yourname.smartrecorder.MainActivity#33931] FrameRatePriority: -1
2025-11-27 16:52:38.144  1198-4344  InputDispatcher         system_server                        D  Focus left window (0): 1ef55ae com.yourname.smartrecorder/com.yourname.smartrecorder.MainActivity
2025-11-27 16:52:38.145  3773-3773  ViewRootIm...nActivity] com.yourname.smartrecorder           I  MSG_WINDOW_FOCUS_CHANGED 0 0
2025-11-27 16:52:38.154  1198-4344  ActivityTaskManager     system_server                        D  scheduleTopResumedActivityChanged, onTop=true r=ActivityRecord{be714d7 u0 com.yourname.smartrecorder/.MainActivity} t22568} caller=com.android.server.wm.ActivityTaskSupervisor.scheduleTopResumedActivityStateIfNeeded:2535 com.android.server.wm.ActivityTaskSupervisor.updateTopResumedActivityIfNeeded:2527 com.android.server.wm.TaskFragment.setResumedActivity:493 com.android.server.wm.TaskFragment.onActivityStateChanged:805 com.android.server.wm.ActivityRecord.setState:6428 com.android.server.wm.TaskFragment.resumeTopActivity:1629 
2025-11-27 16:52:38.154  1198-4344  InputDispatcher         system_server                        D  Focused application(0): ActivityRecord{be714d7 u0 com.yourname.smartrecorder/.MainActivity} t22568}
2025-11-27 16:52:38.155  1198-4344  WindowManager           system_server                        V  Changing focus from null to Window{1ef55ae u0 com.yourname.smartrecorder/com.yourname.smartrecorder.MainActivity} displayId=0 Callers=com.android.server.wm.RootWindowContainer.updateFocusedWindowLocked:595 com.android.server.wm.WindowManagerService.updateFocusedWindowLocked:6810 com.android.server.wm.ActivityTaskManagerService.setResumedActivityUncheckLocked:5766 com.android.server.wm.TaskFragment.onActivityStateChanged:807 
2025-11-27 16:52:38.157  1198-4344  WindowManager           system_server                        D  updateSystemBarAttributes: displayId=0, win=Window{1ef55ae u0 com.yourname.smartrecorder/com.yourname.smartrecorder.MainActivity}, navColorWin=Window{1ef55ae u0 com.yourname.smartrecorder/com.yourname.smartrecorder.MainActivity}, focusedCanBeNavColorWin=false, behavior=1, appearance=16, statusBarAppearanceRegions=[AppearanceRegion{ bounds=[0,0][1440,3088]}], requestedVisibilities=, from=com.android.server.wm.DisplayPolicy.focusChangedLw:3251 com.android.server.wm.DisplayContent.updateFocusedWindowLocked:4632 com.android.server.wm.RootWindowContainer.updateFocusedWindowLocked:595 
2025-11-27 16:52:38.158  1198-4344  WindowManager           system_server                        D  rotationForOrientation, orientationSource=ActivityRecord{be714d7 u0 com.yourname.smartrecorder/.MainActivity} t22568}
2025-11-27 16:52:38.163  3773-3773  ViewRootIm...nActivity] com.yourname.smartrecorder           I  stopped(false) old = false
2025-11-27 16:52:38.163  1198-4344  ActivityTaskManager     system_server                        D  mStartingWindow and mStartingData is null for token=ActivityRecord{be714d7 u0 com.yourname.smartrecorder/.MainActivity} t22568}
2025-11-27 16:52:38.165  3773-3773  DecorView               com.yourname.smartrecorder           I  notifyKeepScreenOnChanged: keepScreenOn=false
2025-11-27 16:52:38.166  3773-3773  MSHandlerLifeCycle      com.yourname.smartrecorder           I  removeMultiSplitHandler: no exist. decor=DecorView@85c7806[MainActivity]
2025-11-27 16:52:38.176   858-858   SurfaceFlinger          surfaceflinger                       I  [1ef55ae com.yourname.smartrecorder/com.yourname.smartrecorder.MainActivity#33931] FrameRatePriority: 1
2025-11-27 16:52:38.177   858-979   SurfaceFlinger          surfaceflinger                       D  [input] setFocusedWindow: 1ef55ae com.yourname.smartrecorder/com.yourname.smartrecorder.MainActivity
2025-11-27 16:52:38.178  1198-1902  InputDispatcher         system_server                        D  Focus entered window (0): 1ef55ae com.yourname.smartrecorder/com.yourname.smartrecorder.MainActivity
2025-11-27 16:52:38.180  3773-3773  ViewRootIm...nActivity] com.yourname.smartrecorder           I  performTraversals params={(0,0)(fillxfill) sim={adjust=pan forwardNavigation} layoutInDisplayCutoutMode=always ty=BASE_APPLICATION wanim=0x1030309
                                                                                                      fl=81810100
                                                                                                      pfl=16020040
                                                                                                      vsysui=110
                                                                                                      apr=LIGHT_NAVIGATION_BARS
                                                                                                      bhv=DEFAULT
                                                                                                      fitSides= naviIconColor=0}
2025-11-27 16:52:38.182  3773-3773  ViewRootIm...nActivity] com.yourname.smartrecorder           I  performTraversals mFirst=false windowShouldResize=false viewVisibilityChanged=false mForceNextWindowRelayout=false params={(0,0)(fillxfill) sim={adjust=pan forwardNavigation} layoutInDisplayCutoutMode=always ty=BASE_APPLICATION wanim=0x1030309
                                                                                                      fl=81810100
                                                                                                      pfl=16020040
                                                                                                      vsysui=110
                                                                                                      apr=LIGHT_NAVIGATION_BARS
                                                                                                      bhv=DEFAULT
                                                                                                      fitSides= naviIconColor=0}
2025-11-27 16:52:38.182  1198-1902  WindowManager           system_server                        V  Relayout Window{1ef55ae u0 com.yourname.smartrecorder/com.yourname.smartrecorder.MainActivity}: viewVisibility=0 req=1440x3088 d0
2025-11-27 16:52:38.185  3773-3773  ViewRootIm...nActivity] com.yourname.smartrecorder           I  updateBlastSurfaceIfNeeded mBlastBufferQueue=0x71adc28e50 isSameSurfaceControl=true
2025-11-27 16:52:38.185  3773-3773  BLASTBufferQueue        com.yourname.smartrecorder           I  update, w= 1440 h= 3088 mName = ViewRootImpl@eb901d5[MainActivity] mNativeObject= 0x71adc28e50 sc.mNativeObject= 0x713dc809a0 format= -1 caller= android.view.ViewRootImpl.updateBlastSurfaceIfNeeded:2898 android.view.ViewRootImpl.relayoutWindow:9847 android.view.ViewRootImpl.performTraversals:3884 android.view.ViewRootImpl.doTraversal:3116 android.view.ViewRootImpl$TraversalRunnable.run:10885 android.view.Choreographer$CallbackRecord.run:1301 
2025-11-27 16:52:38.185  3773-3773  ViewRootIm...nActivity] com.yourname.smartrecorder           I  Relayout returned: old=(0,0,1440,3088) new=(0,0,1440,3088) req=(1440,3088)0 dur=3 res=0x0 s={true 0x723dc35ae0} ch=false seqId=0
2025-11-27 16:52:38.185  3773-3773  ViewRootIm...nActivity] com.yourname.smartrecorder           I  MSG_WINDOW_FOCUS_CHANGED 1 0
2025-11-27 16:52:38.185  3773-3773  ViewRootIm...nActivity] com.yourname.smartrecorder           I  mThreadedRenderer.initializeIfNeeded()#2 mSurface={isValid=true 0x723dc35ae0}
2025-11-27 16:52:38.186  3773-3773  InputMethodManager      com.yourname.smartrecorder           D  startInputInner - Id : 0
2025-11-27 16:52:38.186  3773-3773  InputMethodManager      com.yourname.smartrecorder           I  startInputInner - mService.startInputOrWindowGainedFocus
2025-11-27 16:52:38.189  1198-1287  GameSDK@LifeCycle       system_server                        I  noteResumeComponent(): package name  : com.yourname.smartrecorder
2025-11-27 16:52:38.189  1198-1287  SGM:GameManager         system_server                        D  identifyGamePackage. com.yourname.smartrecorder, mCurrentUserId: 0, callerUserId: 0, callingMethodInfo: com.android.server.ssrm.SortingMachine.isGame(SortingMachine.java:162)
2025-11-27 16:52:38.189  1198-1287  SGM:PkgDataHelper       system_server                        D  getGamePkgData(). com.yourname.smartrecorder
2025-11-27 16:52:38.189  4533-4533  ActivityUtils           com...ndroid.app.cocktailbarservice  I  HomePackage : com.sec.android.app.launcher, resumePackageName : com.yourname.smartrecorder
2025-11-27 16:52:38.189  1198-1287  SGM:FgCheckThread       system_server                        D  noteResumeComponent(), received pkgName: com.yourname.smartrecorder, userId: 0
2025-11-27 16:52:38.189  4879-14050 Routine@Co...stenerImpl com.samsung.android.app.routines     I  onResumeComponent: componentName - ComponentInfo{com.yourname.smartrecorder/com.yourname.smartrecorder.MainActivity}
2025-11-27 16:52:38.189  1198-1539  SGM:FgCheckThread       system_server                        D  onLooperPrepared(), msg: MSG_APP_RESUME, pkgName: com.yourname.smartrecorder, userid: 0
2025-11-27 16:52:38.255  3773-3773  ViewRootIm...nActivity] com.yourname.smartrecorder           I  ViewPostIme pointer 0
2025-11-27 16:52:38.257  1198-1198  SGM:GameManager         system_server                        D  identifyGamePackage. com.yourname.smartrecorder, mCurrentUserId: 0, callerUserId: 0, callingMethodInfo: com.android.server.ssrm.fgapps.GameAppUtils.isGame(GameAppUtils.java:84)
2025-11-27 16:52:38.257  1198-1198  SGM:PkgDataHelper       system_server                        D  getGamePkgData(). com.yourname.smartrecorder
2025-11-27 16:52:38.258  1198-1198  SGM:GameManager         system_server                        D  identifyGamePackage. com.yourname.smartrecorder, mCurrentUserId: 0, callerUserId: 0, callingMethodInfo: com.android.server.ssrm.fgapps.GameAppUtils.isGame(GameAppUtils.java:84)
2025-11-27 16:52:38.258  1198-1198  SGM:PkgDataHelper       system_server                        D  getGamePkgData(). com.yourname.smartrecorder
2025-11-27 16:52:38.281  1198-1198  SGM:GameManager         system_server                        D  identifyGamePackage. com.yourname.smartrecorder, mCurrentUserId: 0, callerUserId: 0, callingMethodInfo: com.android.server.ssrm.fgapps.GameAppUtils.isGame(GameAppUtils.java:84)
2025-11-27 16:52:38.281  1198-1198  SGM:PkgDataHelper       system_server                        D  getGamePkgData(). com.yourname.smartrecorder
2025-11-27 16:52:38.281  3773-3773  ViewRootIm...nActivity] com.yourname.smartrecorder           I  ViewPostIme pointer 1
2025-11-27 16:52:38.282  1198-1198  SGM:GameManager         system_server                        D  identifyGamePackage. com.yourname.smartrecorder, mCurrentUserId: 0, callerUserId: 0, callingMethodInfo: com.android.server.ssrm.fgapps.GameAppUtils.isGame(GameAppUtils.java:84)
2025-11-27 16:52:38.282  1198-1198  SGM:PkgDataHelper       system_server                        D  getGamePkgData(). com.yourname.smartrecorder
2025-11-27 16:52:38.283  3773-3773  SmartRecorder/ViewModel com.yourname.smartrecorder           D  [SettingsScreen] Event received: RequestNotificationPermission
2025-11-27 16:52:38.283  3773-3773  SmartRecorder/ViewModel com.yourname.smartrecorder           D  [SettingsScreen] RequestNotificationPermission -> hasPermission: false
2025-11-27 16:52:38.283  3773-3773  SmartRecorder/ViewModel com.yourname.smartrecorder           D  [SettingsScreen] Launching notification permission dialog
2025-11-27 16:52:38.285  1198-4344  ActivityTaskManager     system_server                        D  TaskLaunchParamsModifier:task=Task{f0791c4 #22568 type=standard A=10974:com.yourname.smartrecorder U=0 visible=true visibleRequested=true mode=fullscreen translucent=false sz=1} activity=ActivityRecord{d54f44e u0 com.google.android.permissioncontroller/com.android.permissioncontroller.permission.ui.GrantPermissionsActivity} t-1} display-area-from-source=DefaultTaskDisplayArea@72262064 display-id=0 display-windowing-mode=1 suggested-display-area=DefaultTaskDisplayArea@72262064 inherit-from-source=fullscreen activity-options-fullscreen=Rect(0, 0 - 0, 0) non-freeform-display display-area=DefaultTaskDisplayArea@72262064 maximized-bounds
2025-11-27 16:52:38.288  1198-4344  ActivityTaskManager     system_server                        D  scheduleTopResumedActivityChanged, onTop=false r=ActivityRecord{be714d7 u0 com.yourname.smartrecorder/.MainActivity} t22568} caller=com.android.server.wm.ActivityTaskSupervisor.updateTopResumedActivityIfNeeded:2510 com.android.server.wm.TaskFragment.setResumedActivity:493 com.android.server.wm.TaskFragment.onActivityStateChanged:790 com.android.server.wm.ActivityRecord.setState:6428 com.android.server.wm.TaskFragment.startPausing:1880 com.android.server.wm.TaskFragment.startPausing:1817 
2025-11-27 16:52:38.295  1198-3876  WindowManager           system_server                        D  rotationForOrientation, orientationSource=ActivityRecord{be714d7 u0 com.yourname.smartrecorder/.MainActivity} t22568}
2025-11-27 16:52:38.298  1198-3876  WindowManager           system_server                        V  Changing focus from Window{1ef55ae u0 com.yourname.smartrecorder/com.yourname.smartrecorder.MainActivity} to null displayId=0 Callers=com.android.server.wm.RootWindowContainer.updateFocusedWindowLocked:595 com.android.server.wm.WindowManagerService.updateFocusedWindowLocked:6810 com.android.server.wm.ActivityTaskManagerService.setResumedActivityUncheckLocked:5766 com.android.server.wm.TaskFragment.onActivityStateChanged:807 
2025-11-27 16:52:38.298  1198-3876  MARsPolicyManager       system_server                        D  onPackageResumedFG pkgName = com.yourname.smartrecorder, userId = 0
2025-11-27 16:52:38.304  1198-3876  WindowManager           system_server                        D  updateSystemBarAttributes: displayId=0, win=Window{94b7cfc u0 com.google.android.youtube/com.google.android.youtube.app.honeycomb.Shell$HomeActivity}, navColorWin=Window{1ef55ae u0 com.yourname.smartrecorder/com.yourname.smartrecorder.MainActivity}, focusedCanBeNavColorWin=false, behavior=2, appearance=16, statusBarAppearanceRegions=[AppearanceRegion{ bounds=[0,0][1440,3088]}], requestedVisibilities=ITYPE_STATUS_BAR: visible, ITYPE_NAVIGATION_BAR: visible, ITYPE_CLIMATE_BAR: visible, ITYPE_EXTRA_NAVIGATION_BAR: visible, ITYPE_LOCAL_NAVIGATION_BAR_1: visible, ITYPE_LOCAL_NAVIGATION_BAR_2: visible, from=com.android.server.wm.DisplayPolicy.focusChangedLw:3251 com.android.server.wm.DisplayContent.updateFocusedWindowLocked:4632 com.android.server.wm.RootWindowContainer.updateFocusedWindowLocked:595 
2025-11-27 16:52:38.308  1198-1287  SGM:FgCheckThread       system_server                        D  notePauseComponent(), received pkgName: com.yourname.smartrecorder, userId: 0
2025-11-27 16:52:38.308  4879-27030 Routine@Co...stenerImpl com.samsung.android.app.routines     I  onPauseComponent: componentName - ComponentInfo{com.yourname.smartrecorder/com.yourname.smartrecorder.MainActivity}
2025-11-27 16:52:38.310   858-858   SurfaceFlinger          surfaceflinger                       I  [1ef55ae com.yourname.smartrecorder/com.yourname.smartrecorder.MainActivity#33931] FrameRatePriority: -1
2025-11-27 16:52:38.327  1198-1901  InputDispatcher         system_server                        D  Focus left window (0): 1ef55ae com.yourname.smartrecorder/com.yourname.smartrecorder.MainActivity
2025-11-27 16:52:38.328  3773-3773  ViewRootIm...nActivity] com.yourname.smartrecorder           I  MSG_WINDOW_FOCUS_CHANGED 0 0
2025-11-27 16:52:38.356  1198-1901  ActivityTaskManager     system_server                        D  scheduleTopResumedActivityChanged, onTop=true r=ActivityRecord{be714d7 u0 com.yourname.smartrecorder/.MainActivity} t22568} caller=com.android.server.wm.ActivityTaskSupervisor.scheduleTopResumedActivityStateIfNeeded:2535 com.android.server.wm.ActivityTaskSupervisor.updateTopResumedActivityIfNeeded:2527 com.android.server.wm.TaskFragment.setResumedActivity:493 com.android.server.wm.TaskFragment.onActivityStateChanged:805 com.android.server.wm.ActivityRecord.setState:6428 com.android.server.wm.TaskFragment.resumeTopActivity:1629 
2025-11-27 16:52:38.356  1198-1901  InputDispatcher         system_server                        D  Focused application(0): ActivityRecord{be714d7 u0 com.yourname.smartrecorder/.MainActivity} t22568}
2025-11-27 16:52:38.357  1198-1901  WindowManager           system_server                        V  Changing focus from null to Window{1ef55ae u0 com.yourname.smartrecorder/com.yourname.smartrecorder.MainActivity} displayId=0 Callers=com.android.server.wm.RootWindowContainer.updateFocusedWindowLocked:595 com.android.server.wm.WindowManagerService.updateFocusedWindowLocked:6810 com.android.server.wm.ActivityTaskManagerService.setResumedActivityUncheckLocked:5766 com.android.server.wm.TaskFragment.onActivityStateChanged:807 
2025-11-27 16:52:38.358  1198-1901  WindowManager           system_server                        D  updateSystemBarAttributes: displayId=0, win=Window{1ef55ae u0 com.yourname.smartrecorder/com.yourname.smartrecorder.MainActivity}, navColorWin=Window{1ef55ae u0 com.yourname.smartrecorder/com.yourname.smartrecorder.MainActivity}, focusedCanBeNavColorWin=false, behavior=1, appearance=16, statusBarAppearanceRegions=[AppearanceRegion{ bounds=[0,0][1440,3088]}], requestedVisibilities=, from=com.android.server.wm.DisplayPolicy.focusChangedLw:3251 com.android.server.wm.DisplayContent.updateFocusedWindowLocked:4632 com.android.server.wm.RootWindowContainer.updateFocusedWindowLocked:595 
2025-11-27 16:52:38.358  1198-1901  WindowManager           system_server                        D  rotationForOrientation, orientationSource=ActivityRecord{be714d7 u0 com.yourname.smartrecorder/.MainActivity} t22568}
2025-11-27 16:52:38.360  3773-3773  ViewRootIm...nActivity] com.yourname.smartrecorder           I  stopped(false) old = false
2025-11-27 16:52:38.361  3773-3773  DecorView               com.yourname.smartrecorder           I  notifyKeepScreenOnChanged: keepScreenOn=false
2025-11-27 16:52:38.362  1198-1901  ActivityTaskManager     system_server                        D  mStartingWindow and mStartingData is null for token=ActivityRecord{be714d7 u0 com.yourname.smartrecorder/.MainActivity} t22568}
2025-11-27 16:52:38.363  3773-3773  MSHandlerLifeCycle      com.yourname.smartrecorder           I  removeMultiSplitHandler: no exist. decor=DecorView@85c7806[MainActivity]
2025-11-27 16:52:38.377   858-858   SurfaceFlinger          surfaceflinger                       I  [1ef55ae com.yourname.smartrecorder/com.yourname.smartrecorder.MainActivity#33931] FrameRatePriority: 1
2025-11-27 16:52:38.378  3773-3773  ViewRootIm...nActivity] com.yourname.smartrecorder           I  performTraversals params={(0,0)(fillxfill) sim={adjust=pan forwardNavigation} layoutInDisplayCutoutMode=always ty=BASE_APPLICATION wanim=0x1030309
                                                                                                      fl=81810100
                                                                                                      pfl=16020040
                                                                                                      vsysui=110
                                                                                                      apr=LIGHT_NAVIGATION_BARS
                                                                                                      bhv=DEFAULT
                                                                                                      fitSides= naviIconColor=0}
2025-11-27 16:52:38.378   858-979   SurfaceFlinger          surfaceflinger                       D  [input] setFocusedWindow: 1ef55ae com.yourname.smartrecorder/com.yourname.smartrecorder.MainActivity
2025-11-27 16:52:38.378  1198-3876  InputDispatcher         system_server                        D  Focus entered window (0): 1ef55ae com.yourname.smartrecorder/com.yourname.smartrecorder.MainActivity
2025-11-27 16:52:38.378  3773-3773  ViewRootIm...nActivity] com.yourname.smartrecorder           I  performTraversals mFirst=false windowShouldResize=false viewVisibilityChanged=false mForceNextWindowRelayout=false params={(0,0)(fillxfill) sim={adjust=pan forwardNavigation} layoutInDisplayCutoutMode=always ty=BASE_APPLICATION wanim=0x1030309
                                                                                                      fl=81810100
                                                                                                      pfl=16020040
                                                                                                      vsysui=110
                                                                                                      apr=LIGHT_NAVIGATION_BARS
                                                                                                      bhv=DEFAULT
                                                                                                      fitSides= naviIconColor=0}
2025-11-27 16:52:38.379  1198-3876  WindowManager           system_server                        V  Relayout Window{1ef55ae u0 com.yourname.smartrecorder/com.yourname.smartrecorder.MainActivity}: viewVisibility=0 req=1440x3088 d0
2025-11-27 16:52:38.384  3773-3773  ViewRootIm...nActivity] com.yourname.smartrecorder           I  updateBlastSurfaceIfNeeded mBlastBufferQueue=0x71adc28e50 isSameSurfaceControl=true
2025-11-27 16:52:38.384  3773-3773  BLASTBufferQueue        com.yourname.smartrecorder           I  update, w= 1440 h= 3088 mName = ViewRootImpl@eb901d5[MainActivity] mNativeObject= 0x71adc28e50 sc.mNativeObject= 0x713dc87fe0 format= -1 caller= android.view.ViewRootImpl.updateBlastSurfaceIfNeeded:2898 android.view.ViewRootImpl.relayoutWindow:9847 android.view.ViewRootImpl.performTraversals:3884 android.view.ViewRootImpl.doTraversal:3116 android.view.ViewRootImpl$TraversalRunnable.run:10885 android.view.Choreographer$CallbackRecord.run:1301 
2025-11-27 16:52:38.384  3773-3773  ViewRootIm...nActivity] com.yourname.smartrecorder           I  Relayout returned: old=(0,0,1440,3088) new=(0,0,1440,3088) req=(1440,3088)0 dur=6 res=0x0 s={true 0x723dc35ae0} ch=false seqId=0
2025-11-27 16:52:38.385  3773-3773  ViewRootIm...nActivity] com.yourname.smartrecorder           I  MSG_WINDOW_FOCUS_CHANGED 1 0
2025-11-27 16:52:38.385  3773-3773  ViewRootIm...nActivity] com.yourname.smartrecorder           I  mThreadedRenderer.initializeIfNeeded()#2 mSurface={isValid=true 0x723dc35ae0}
2025-11-27 16:52:38.385  3773-3773  InputMethodManager      com.yourname.smartrecorder           D  startInputInner - Id : 0
2025-11-27 16:52:38.385  3773-3773  InputMethodManager      com.yourname.smartrecorder           I  startInputInner - mService.startInputOrWindowGainedFocus
2025-11-27 16:52:38.388  4533-4533  ActivityUtils           com...ndroid.app.cocktailbarservice  I  HomePackage : com.sec.android.app.launcher, resumePackageName : com.yourname.smartrecorder
2025-11-27 16:52:38.389  1198-1287  SGM:GameManager         system_server                        D  identifyGamePackage. com.yourname.smartrecorder, mCurrentUserId: 0, callerUserId: 0, callingMethodInfo: com.samsung.android.game.SemGameManager.isGamePackage(SemGameManager.java:104)
2025-11-27 16:52:38.389  1198-1287  SGM:PkgDataHelper       system_server                        D  getGamePkgData(). com.yourname.smartrecorder
2025-11-27 16:52:38.389  1198-1287  SGM:SemGameManager      system_server                        D  isGamePackage(), pkgName=com.yourname.smartrecorder, ret=false
2025-11-27 16:52:38.389  1198-1287  GameSDK@LifeCycle       system_server                        I  noteResumeComponent(): package name  : com.yourname.smartrecorder
2025-11-27 16:52:38.390  1198-1287  SGM:GameManager         system_server                        D  identifyGamePackage. com.yourname.smartrecorder, mCurrentUserId: 0, callerUserId: 0, callingMethodInfo: com.android.server.ssrm.SortingMachine.isGame(SortingMachine.java:162)
2025-11-27 16:52:38.390  1198-1287  SGM:PkgDataHelper       system_server                        D  getGamePkgData(). com.yourname.smartrecorder
2025-11-27 16:52:38.390  1198-1287  SGM:FgCheckThread       system_server                        D  noteResumeComponent(), received pkgName: com.yourname.smartrecorder, userId: 0
2025-11-27 16:52:38.390  1198-1539  SGM:FgCheckThread       system_server                        D  onLooperPrepared(), msg: MSG_APP_RESUME, pkgName: com.yourname.smartrecorder, userid: 0
2025-11-27 16:52:38.390  4879-27030 Routine@Co...stenerImpl com.samsung.android.app.routines     I  onResumeComponent: componentName - ComponentInfo{com.yourname.smartrecorder/com.yourname.smartrecorder.MainActivity}
2025-11-27 16:52:38.438  3773-3773  ViewRootIm...nActivity] com.yourname.smartrecorder           I  ViewPostIme pointer 0
2025-11-27 16:52:38.469  3773-3773  ViewRootIm...nActivity] com.yourname.smartrecorder           I  ViewPostIme pointer 1
2025-11-27 16:52:38.474  3773-3773  SmartRecorder/ViewModel com.yourname.smartrecorder           D  [SettingsScreen] Event received: RequestNotificationPermission
2025-11-27 16:52:38.474  3773-3773  SmartRecorder/ViewModel com.yourname.smartrecorder           D  [SettingsScreen] RequestNotificationPermission -> hasPermission: false
2025-11-27 16:52:38.474  3773-3773  SmartRecorder/ViewModel com.yourname.smartrecorder           D  [SettingsScreen] Launching notification permission dialog
2025-11-27 16:52:38.475  1198-3876  ActivityTaskManager     system_server                        D  TaskLaunchParamsModifier:task=Task{f0791c4 #22568 type=standard A=10974:com.yourname.smartrecorder U=0 visible=true visibleRequested=true mode=fullscreen translucent=false sz=1} activity=ActivityRecord{4e05ee2 u0 com.google.android.permissioncontroller/com.android.permissioncontroller.permission.ui.GrantPermissionsActivity} t-1} display-area-from-source=DefaultTaskDisplayArea@72262064 display-id=0 display-windowing-mode=1 suggested-display-area=DefaultTaskDisplayArea@72262064 inherit-from-source=fullscreen activity-options-fullscreen=Rect(0, 0 - 0, 0) non-freeform-display display-area=DefaultTaskDisplayArea@72262064 maximized-bounds
2025-11-27 16:52:38.476  1198-3876  ActivityTaskManager     system_server                        D  scheduleTopResumedActivityChanged, onTop=false r=ActivityRecord{be714d7 u0 com.yourname.smartrecorder/.MainActivity} t22568} caller=com.android.server.wm.ActivityTaskSupervisor.updateTopResumedActivityIfNeeded:2510 com.android.server.wm.TaskFragment.setResumedActivity:493 com.android.server.wm.TaskFragment.onActivityStateChanged:790 com.android.server.wm.ActivityRecord.setState:6428 com.android.server.wm.TaskFragment.startPausing:1880 com.android.server.wm.TaskFragment.startPausing:1817 
2025-11-27 16:52:38.485  1198-3876  WindowManager           system_server                        D  rotationForOrientation, orientationSource=ActivityRecord{be714d7 u0 com.yourname.smartrecorder/.MainActivity} t22568}
2025-11-27 16:52:38.486  1198-3876  WindowManager           system_server                        V  Changing focus from Window{1ef55ae u0 com.yourname.smartrecorder/com.yourname.smartrecorder.MainActivity} to null displayId=0 Callers=com.android.server.wm.RootWindowContainer.updateFocusedWindowLocked:595 com.android.server.wm.WindowManagerService.updateFocusedWindowLocked:6810 com.android.server.wm.ActivityTaskManagerService.setResumedActivityUncheckLocked:5766 com.android.server.wm.TaskFragment.onActivityStateChanged:807 
2025-11-27 16:52:38.486  1198-3876  MARsPolicyManager       system_server                        D  onPackageResumedFG pkgName = com.yourname.smartrecorder, userId = 0
2025-11-27 16:52:38.490  1198-3876  WindowManager           system_server                        D  updateSystemBarAttributes: displayId=0, win=Window{94b7cfc u0 com.google.android.youtube/com.google.android.youtube.app.honeycomb.Shell$HomeActivity}, navColorWin=Window{1ef55ae u0 com.yourname.smartrecorder/com.yourname.smartrecorder.MainActivity}, focusedCanBeNavColorWin=false, behavior=2, appearance=16, statusBarAppearanceRegions=[AppearanceRegion{ bounds=[0,0][1440,3088]}], requestedVisibilities=ITYPE_STATUS_BAR: visible, ITYPE_NAVIGATION_BAR: visible, ITYPE_CLIMATE_BAR: visible, ITYPE_EXTRA_NAVIGATION_BAR: visible, ITYPE_LOCAL_NAVIGATION_BAR_1: visible, ITYPE_LOCAL_NAVIGATION_BAR_2: visible, from=com.android.server.wm.DisplayPolicy.focusChangedLw:3251 com.android.server.wm.DisplayContent.updateFocusedWindowLocked:4632 com.android.server.wm.RootWindowContainer.updateFocusedWindowLocked:595 
2025-11-27 16:52:38.493   858-858   SurfaceFlinger          surfaceflinger                       I  [1ef55ae com.yourname.smartrecorder/com.yourname.smartrecorder.MainActivity#33931] FrameRatePriority: -1
2025-11-27 16:52:38.494  1198-1287  SGM:FgCheckThread       system_server                        D  notePauseComponent(), received pkgName: com.yourname.smartrecorder, userId: 0
2025-11-27 16:52:38.494  4879-4927  Routine@Co...stenerImpl com.samsung.android.app.routines     I  onPauseComponent: componentName - ComponentInfo{com.yourname.smartrecorder/com.yourname.smartrecorder.MainActivity}
2025-11-27 16:52:38.511  1198-4344  InputDispatcher         system_server                        D  Focus left window (0): 1ef55ae com.yourname.smartrecorder/com.yourname.smartrecorder.MainActivity
2025-11-27 16:52:38.512  3773-3773  ViewRootIm...nActivity] com.yourname.smartrecorder           I  MSG_WINDOW_FOCUS_CHANGED 0 0
2025-11-27 16:52:38.541  1198-1901  ActivityTaskManager     system_server                        D  scheduleTopResumedActivityChanged, onTop=true r=ActivityRecord{be714d7 u0 com.yourname.smartrecorder/.MainActivity} t22568} caller=com.android.server.wm.ActivityTaskSupervisor.scheduleTopResumedActivityStateIfNeeded:2535 com.android.server.wm.ActivityTaskSupervisor.updateTopResumedActivityIfNeeded:2527 com.android.server.wm.TaskFragment.setResumedActivity:493 com.android.server.wm.TaskFragment.onActivityStateChanged:805 com.android.server.wm.ActivityRecord.setState:6428 com.android.server.wm.TaskFragment.resumeTopActivity:1629 
2025-11-27 16:52:38.542  1198-1901  InputDispatcher         system_server                        D  Focused application(0): ActivityRecord{be714d7 u0 com.yourname.smartrecorder/.MainActivity} t22568}
2025-11-27 16:52:38.542  1198-1901  WindowManager           system_server                        V  Changing focus from null to Window{1ef55ae u0 com.yourname.smartrecorder/com.yourname.smartrecorder.MainActivity} displayId=0 Callers=com.android.server.wm.RootWindowContainer.updateFocusedWindowLocked:595 com.android.server.wm.WindowManagerService.updateFocusedWindowLocked:6810 com.android.server.wm.ActivityTaskManagerService.setResumedActivityUncheckLocked:5766 com.android.server.wm.TaskFragment.onActivityStateChanged:807 
2025-11-27 16:52:38.544  1198-1901  WindowManager           system_server                        D  updateSystemBarAttributes: displayId=0, win=Window{1ef55ae u0 com.yourname.smartrecorder/com.yourname.smartrecorder.MainActivity}, navColorWin=Window{1ef55ae u0 com.yourname.smartrecorder/com.yourname.smartrecorder.MainActivity}, focusedCanBeNavColorWin=false, behavior=1, appearance=16, statusBarAppearanceRegions=[AppearanceRegion{ bounds=[0,0][1440,3088]}], requestedVisibilities=, from=com.android.server.wm.DisplayPolicy.focusChangedLw:3251 com.android.server.wm.DisplayContent.updateFocusedWindowLocked:4632 com.android.server.wm.RootWindowContainer.updateFocusedWindowLocked:595 
2025-11-27 16:52:38.544  1198-1901  WindowManager           system_server                        D  rotationForOrientation, orientationSource=ActivityRecord{be714d7 u0 com.yourname.smartrecorder/.MainActivity} t22568}
2025-11-27 16:52:38.547  1198-1901  ActivityTaskManager     system_server                        D  mStartingWindow and mStartingData is null for token=ActivityRecord{be714d7 u0 com.yourname.smartrecorder/.MainActivity} t22568}
2025-11-27 16:52:38.548  3773-3773  ViewRootIm...nActivity] com.yourname.smartrecorder           I  stopped(false) old = false
2025-11-27 16:52:38.549  3773-3773  DecorView               com.yourname.smartrecorder           I  notifyKeepScreenOnChanged: keepScreenOn=false
2025-11-27 16:52:38.550  3773-3773  MSHandlerLifeCycle      com.yourname.smartrecorder           I  removeMultiSplitHandler: no exist. decor=DecorView@85c7806[MainActivity]
2025-11-27 16:52:38.560   858-858   SurfaceFlinger          surfaceflinger                       I  [1ef55ae com.yourname.smartrecorder/com.yourname.smartrecorder.MainActivity#33931] FrameRatePriority: 1
2025-11-27 16:52:38.561  3773-3773  ViewRootIm...nActivity] com.yourname.smartrecorder           I  performTraversals params={(0,0)(fillxfill) sim={adjust=pan forwardNavigation} layoutInDisplayCutoutMode=always ty=BASE_APPLICATION wanim=0x1030309
                                                                                                      fl=81810100
                                                                                                      pfl=16020040
                                                                                                      vsysui=110
                                                                                                      apr=LIGHT_NAVIGATION_BARS
                                                                                                      bhv=DEFAULT
                                                                                                      fitSides= naviIconColor=0}
2025-11-27 16:52:38.562  3773-3773  ViewRootIm...nActivity] com.yourname.smartrecorder           I  performTraversals mFirst=false windowShouldResize=false viewVisibilityChanged=false mForceNextWindowRelayout=false params={(0,0)(fillxfill) sim={adjust=pan forwardNavigation} layoutInDisplayCutoutMode=always ty=BASE_APPLICATION wanim=0x1030309
                                                                                                      fl=81810100
                                                                                                      pfl=16020040
                                                                                                      vsysui=110
                                                                                                      apr=LIGHT_NAVIGATION_BARS
                                                                                                      bhv=DEFAULT
                                                                                                      fitSides= naviIconColor=0}
2025-11-27 16:52:38.562  1198-4344  WindowManager           system_server                        V  Relayout Window{1ef55ae u0 com.yourname.smartrecorder/com.yourname.smartrecorder.MainActivity}: viewVisibility=0 req=1440x3088 d0
2025-11-27 16:52:38.563   858-979   SurfaceFlinger          surfaceflinger                       D  [input] setFocusedWindow: 1ef55ae com.yourname.smartrecorder/com.yourname.smartrecorder.MainActivity
2025-11-27 16:52:38.563  1198-1902  InputDispatcher         system_server                        D  Focus entered window (0): 1ef55ae com.yourname.smartrecorder/com.yourname.smartrecorder.MainActivity
2025-11-27 16:52:38.566  3773-3773  ViewRootIm...nActivity] com.yourname.smartrecorder           I  updateBlastSurfaceIfNeeded mBlastBufferQueue=0x71adc28e50 isSameSurfaceControl=true
2025-11-27 16:52:38.566  3773-3773  BLASTBufferQueue        com.yourname.smartrecorder           I  update, w= 1440 h= 3088 mName = ViewRootImpl@eb901d5[MainActivity] mNativeObject= 0x71adc28e50 sc.mNativeObject= 0x713dc90330 format= -1 caller= android.view.ViewRootImpl.updateBlastSurfaceIfNeeded:2898 android.view.ViewRootImpl.relayoutWindow:9847 android.view.ViewRootImpl.performTraversals:3884 android.view.ViewRootImpl.doTraversal:3116 android.view.ViewRootImpl$TraversalRunnable.run:10885 android.view.Choreographer$CallbackRecord.run:1301 
2025-11-27 16:52:38.566  3773-3773  ViewRootIm...nActivity] com.yourname.smartrecorder           I  Relayout returned: old=(0,0,1440,3088) new=(0,0,1440,3088) req=(1440,3088)0 dur=4 res=0x0 s={true 0x723dc35ae0} ch=false seqId=0
2025-11-27 16:52:38.567  3773-3773  ViewRootIm...nActivity] com.yourname.smartrecorder           I  MSG_WINDOW_FOCUS_CHANGED 1 0
2025-11-27 16:52:38.567  3773-3773  ViewRootIm...nActivity] com.yourname.smartrecorder           I  mThreadedRenderer.initializeIfNeeded()#2 mSurface={isValid=true 0x723dc35ae0}
2025-11-27 16:52:38.567  3773-3773  InputMethodManager      com.yourname.smartrecorder           D  startInputInner - Id : 0
2025-11-27 16:52:38.567  3773-3773  InputMethodManager      com.yourname.smartrecorder           I  startInputInner - mService.startInputOrWindowGainedFocus
2025-11-27 16:52:38.580  1198-1287  GameSDK@LifeCycle       system_server                        I  noteResumeComponent(): package name  : com.yourname.smartrecorder
2025-11-27 16:52:38.581  1198-1287  SGM:GameManager         system_server                        D  identifyGamePackage. com.yourname.smartrecorder, mCurrentUserId: 0, callerUserId: 0, callingMethodInfo: com.android.server.ssrm.SortingMachine.isGame(SortingMachine.java:162)
2025-11-27 16:52:38.581  1198-1287  SGM:PkgDataHelper       system_server                        D  getGamePkgData(). com.yourname.smartrecorder
2025-11-27 16:52:38.581  1198-1287  SGM:FgCheckThread       system_server                        D  noteResumeComponent(), received pkgName: com.yourname.smartrecorder, userId: 0
2025-11-27 16:52:38.581  1198-1539  SGM:FgCheckThread       system_server                        D  onLooperPrepared(), msg: MSG_APP_RESUME, pkgName: com.yourname.smartrecorder, userid: 0
2025-11-27 16:52:38.581  4879-27030 Routine@Co...stenerImpl com.samsung.android.app.routines     I  onResumeComponent: componentName - ComponentInfo{com.yourname.smartrecorder/com.yourname.smartrecorder.MainActivity}
2025-11-27 16:52:38.588  4533-4533  ActivityUtils           com...ndroid.app.cocktailbarservice  I  HomePackage : com.sec.android.app.launcher, resumePackageName : com.yourname.smartrecorder
