                                                                                                         DEVICE | 0x70f52ecbb0 | 0100 | RGBA_8888    |    8.0    0.0 1448.0  367.0 |    0 2721 1440 3088 | com.google.android.permissioncontrol[...]rantPermissionsActivity$_30184#20425
                                                                                                         DEVICE | 0x70f52dc6b0 | 0100 | RGBA_8888    |    0.0    0.0 1440.0   90.0 |    0    0 1440   90 | StatusBar$_22947#4630
                                                                                                         DEVICE | 0x70f52e1d50 | 0100 | RGBA_8888    |    0.0    0.0   67.0  708.0 | 1373  391 1440 1099 | com.samsung.android.app.cocktailbars[...]rvice.CocktailBarService$_4533#20347
                                                                                                         DEVICE | 0x70f52d88d0 | 0100 | RGBA_8888    |    0.0    0.0 1440.0  168.0 |    0 2920 1440 3088 | NavigationBar0$_22947#4625
2025-11-26 22:51:19.799 31562-31582 SmartRecor...Transcript com.yourname.smartrecorder           D  Model download progress: 80%
2025-11-26 22:51:19.799 31562-31582 SmartRecor...Transcript com.yourname.smartrecorder           D  Model download progress: 80%
2025-11-26 22:51:19.799 31562-31582 SmartRecor...Transcript com.yourname.smartrecorder           D  Model download progress: 80%
2025-11-26 22:51:19.800 31562-31582 SmartRecor...Transcript com.yourname.smartrecorder           D  Model download progress: 80%
2025-11-26 22:51:19.800 31562-31582 SmartRecor...Transcript com.yourname.smartrecorder           D  Model download progress: 80%
2025-11-26 22:51:19.800 31562-31582 SmartRecor...Transcript com.yourname.smartrecorder           D  Model download progress: 80%
2025-11-26 22:51:19.801 31562-31582 SmartRecor...Transcript com.yourname.smartrecorder           D  Model download progress: 80%
2025-11-26 22:51:19.801 31562-31582 SmartRecor...Transcript com.yourname.smartrecorder           D  Model download progress: 80%
2025-11-26 22:51:19.802 31562-31582 SmartRecor...Transcript com.yourname.smartrecorder           D  Model download progress: 80%
2025-11-26 22:51:19.802 31562-31582 SmartRecor...Transcript com.yourname.smartrecorder           D  Model download progress: 80%
2025-11-26 22:51:19.803 31562-31582 SmartRecor...Transcript com.yourname.smartrecorder           D  Model download progress: 80%
2025-11-26 22:51:19.803 31562-31582 SmartRecor...Transcript com.yourname.smartrecorder           D  Model download progress: 80%
2025-11-26 22:51:19.803 31562-31582 SmartRecor...Transcript com.yourname.smartrecorder           D  Model download progress: 80%
2025-11-26 22:51:19.803 31562-31582 SmartRecor...Transcript com.yourname.smartrecorder           D  Model download progress: 80%
2025-11-26 22:51:19.804 31562-31582 SmartRecor...Transcript com.yourname.smartrecorder           D  Model download progress: 80%
2025-11-26 22:51:19.804 31562-31582 SmartRecor...Transcript com.yourname.smartrecorder           D  Model download progress: 80%
2025-11-26 22:51:19.805 31562-31582 SmartRecor...Transcript com.yourname.smartrecorder           D  Model download progress: 80%
2025-11-26 22:51:19.805 31562-31582 SmartRecor...Transcript com.yourname.smartrecorder           D  Model download progress: 80%
2025-11-26 22:51:19.807 31562-31582 SmartRecor...Transcript com.yourname.smartrecorder           D  Model download progress: 80%
2025-11-26 22:51:19.807 31562-31582 SmartRecor...Transcript com.yourname.smartrecorder           D  Model download progress: 80%
2025-11-26 22:51:19.807 31562-31582 SmartRecor...Transcript com.yourname.smartrecorder           D  Model download progress: 80%
2025-11-26 22:51:19.808 31562-31582 SmartRecor...Transcript com.yourname.smartrecorder           D  Model download progress: 80%
2025-11-26 22:51:19.808 31562-31582 SmartRecor...Transcript com.yourname.smartrecorder           D  Model download progress: 80%
2025-11-26 22:51:19.808 31562-31582 SmartRecor...Transcript com.yourname.smartrecorder           D  Model download progress: 80%
2025-11-26 22:51:19.809 31562-31582 SmartRecor...Transcript com.yourname.smartrecorder           D  Model download progress: 80%
2025-11-26 22:51:19.809 31562-31582 SmartRecor...Transcript com.yourname.smartrecorder           D  Model download progress: 80%
2025-11-26 22:51:19.810 31562-31582 SmartRecor...Transcript com.yourname.smartrecorder           D  Model download progress: 80%
2025-11-26 22:51:19.810 31562-31582 SmartRecor...Transcript com.yourname.smartrecorder           D  Model download progress: 80%
2025-11-26 22:51:19.811 31562-31582 SmartRecor...Transcript com.yourname.smartrecorder           D  Model download progress: 80%
2025-11-26 22:51:19.811 31562-31582 SmartRecor...Transcript com.yourname.smartrecorder           D  Model download progress: 80%
2025-11-26 22:51:19.812 31562-31582 SmartRecor...Transcript com.yourname.smartrecorder           D  Model download progress: 80%
2025-11-26 22:51:19.812 31562-31582 SmartRecor...Transcript com.yourname.smartrecorder           D  Model download progress: 80%
2025-11-26 22:51:19.814 31562-31582 SmartRecor...Transcript com.yourname.smartrecorder           D  Model download progress: 80%
2025-11-26 22:51:19.815 31562-31582 SmartRecor...Transcript com.yourname.smartrecorder           D  Model download progress: 80%
2025-11-26 22:51:19.815 31562-31582 SmartRecor...Transcript com.yourname.smartrecorder           D  Model download progress: 80%
2025-11-26 22:51:19.815 31562-31582 SmartRecor...Transcript com.yourname.smartrecorder           D  Model download progress: 80%
2025-11-26 22:51:19.815 31562-31582 SmartRecor...Transcript com.yourname.smartrecorder           D  Model download progress: 80%
2025-11-26 22:51:19.815 31562-31582 SmartRecor...Transcript com.yourname.smartrecorder           D  Model download progress: 80%
2025-11-26 22:51:19.815 31562-31582 SmartRecor...Transcript com.yourname.smartrecorder           D  Model download progress: 80%
2025-11-26 22:51:19.816 31562-31582 SmartRecor...Transcript com.yourname.smartrecorder           D  Model download progress: 80%
2025-11-26 22:51:19.816 31562-31582 SmartRecor...Transcript com.yourname.smartrecorder           D  Model download progress: 80%
2025-11-26 22:51:19.816 31562-31582 SmartRecor...Transcript com.yourname.smartrecorder           D  Model download progress: 80%
2025-11-26 22:51:19.817 31562-31582 SmartRecor...Transcript com.yourname.smartrecorder           D  Model download progress: 80%
2025-11-26 22:51:19.817 31562-31582 SmartRecor...Transcript com.yourname.smartrecorder           D  Model download progress: 80%
2025-11-26 22:51:19.819 31562-31582 SmartRecor...Transcript com.yourname.smartrecorder           D  Model download progress: 80%
2025-11-26 22:51:19.819 31562-31582 SmartRecor...Transcript com.yourname.smartrecorder           D  Model download progress: 80%
2025-11-26 22:51:19.819 31562-31582 SmartRecor...Transcript com.yourname.smartrecorder           D  Model download progress: 80%
2025-11-26 22:51:19.819 31562-31582 SmartRecor...Transcript com.yourname.smartrecorder           D  Model download progress: 80%
2025-11-26 22:51:19.820 31562-31582 SmartRecor...Transcript com.yourname.smartrecorder           D  Model download progress: 80%
2025-11-26 22:51:19.820 31562-31582 SmartRecor...Transcript com.yourname.smartrecorder           D  Model download progress: 80%
2025-11-26 22:51:19.820 31562-31582 SmartRecor...Transcript com.yourname.smartrecorder           D  Model download progress: 80%
2025-11-26 22:51:19.820 31562-31582 SmartRecor...Transcript com.yourname.smartrecorder           D  Model download progress: 80%
2025-11-26 22:51:19.821 31562-31582 SmartRecor...Transcript com.yourname.smartrecorder           D  Model download progress: 80%
2025-11-26 22:51:19.821 31562-31582 SmartRecor...Transcript com.yourname.smartrecorder           D  Model download progress: 80%
2025-11-26 22:51:19.822 31562-31582 SmartRecor...Transcript com.yourname.smartrecorder           D  Model download progress: 80%
2025-11-26 22:51:19.822 31562-31582 SmartRecor...Transcript com.yourname.smartrecorder           D  Model download progress: 80%
2025-11-26 22:51:19.823 31562-31582 SmartRecor...Transcript com.yourname.smartrecorder           D  Model download progress: 80%
2025-11-26 22:51:19.823 31562-31582 SmartRecor...Transcript com.yourname.smartrecorder           D  Model download progress: 80%
2025-11-26 22:51:19.826 31562-31582 SmartRecor...Transcript com.yourname.smartrecorder           D  Model download progress: 80%
2025-11-26 22:51:19.826 31562-31582 SmartRecor...Transcript com.yourname.smartrecorder           D  Model download progress: 80%
2025-11-26 22:51:19.826 31562-31582 SmartRecor...Transcript com.yourname.smartrecorder           D  Model download progress: 80%
2025-11-26 22:51:19.826 31562-31582 SmartRecor...Transcript com.yourname.smartrecorder           D  Model download progress: 80%
2025-11-26 22:51:19.826 31562-31582 SmartRecor...Transcript com.yourname.smartrecorder           D  Model download progress: 80%
2025-11-26 22:51:19.827 31562-31582 SmartRecor...Transcript com.yourname.smartrecorder           D  Model download progress: 80%
2025-11-26 22:51:19.828 31562-31582 SmartRecor...Transcript com.yourname.smartrecorder           D  Model download progress: 80%
2025-11-26 22:51:19.828 31562-31582 SmartRecor...Transcript com.yourname.smartrecorder           D  Model download progress: 80%
2025-11-26 22:51:19.828 31562-31582 SmartRecor...Transcript com.yourname.smartrecorder           D  Model download progress: 80%
2025-11-26 22:51:19.829 31562-31582 SmartRecor...Transcript com.yourname.smartrecorder           D  Model download progress: 80%
2025-11-26 22:51:19.829 31562-31582 SmartRecor...Transcript com.yourname.smartrecorder           D  Model download progress: 80%
2025-11-26 22:51:19.829 31562-31582 SmartRecor...Transcript com.yourname.smartrecorder           D  Model download progress: 80%
2025-11-26 22:51:19.829 31562-31582 SmartRecor...Transcript com.yourname.smartrecorder           D  Model download progress: 80%
2025-11-26 22:51:19.829 31562-31582 SmartRecor...Transcript com.yourname.smartrecorder           D  Model download progress: 80%
2025-11-26 22:51:19.830 31562-31582 SmartRecor...Transcript com.yourname.smartrecorder           D  Model download progress: 80%
2025-11-26 22:51:19.830 31562-31582 SmartRecor...Transcript com.yourname.smartrecorder           D  Model download progress: 80%
2025-11-26 22:51:19.831 31562-31582 SmartRecor...Transcript com.yourname.smartrecorder           D  Model download progress: 80%
2025-11-26 22:51:19.831 31562-31582 SmartRecor...Transcript com.yourname.smartrecorder           D  Model download progress: 80%
2025-11-26 22:51:19.835 31562-31582 SmartRecor...Transcript com.yourname.smartrecorder           D  Model download progress: 80%
2025-11-26 22:51:19.835 31562-31582 SmartRecor...Transcript com.yourname.smartrecorder           D  Model download progress: 80%
2025-11-26 22:51:19.835 31562-31582 SmartRecor...Transcript com.yourname.smartrecorder           D  Model download progress: 80%
2025-11-26 22:51:19.835 31562-31582 SmartRecor...Transcript com.yourname.smartrecorder           D  Model download progress: 80%
2025-11-26 22:51:19.835 31562-31582 SmartRecor...Transcript com.yourname.smartrecorder           D  Model download progress: 80%
2025-11-26 22:51:19.836 31562-31582 SmartRecor...Transcript com.yourname.smartrecorder           D  Model download progress: 80%
2025-11-26 22:51:19.837 31562-31582 SmartRecor...Transcript com.yourname.smartrecorder           D  Model download progress: 80%
2025-11-26 22:51:19.838 31562-31582 SmartRecor...Transcript com.yourname.smartrecorder           D  Model download progress: 80%
2025-11-26 22:51:19.838 31562-31582 SmartRecor...Transcript com.yourname.smartrecorder           D  Model download progress: 80%
2025-11-26 22:51:19.838 31562-31582 SmartRecor...Transcript com.yourname.smartrecorder           D  Model download progress: 80%
2025-11-26 22:51:19.838 31562-31582 SmartRecor...Transcript com.yourname.smartrecorder           D  Model download progress: 80%
2025-11-26 22:51:19.838 31562-31582 SmartRecor...Transcript com.yourname.smartrecorder           D  Model download progress: 80%
2025-11-26 22:51:19.838 31562-31582 SmartRecor...Transcript com.yourname.smartrecorder           D  Model download progress: 80%
2025-11-26 22:51:19.838 31562-31582 SmartRecor...Transcript com.yourname.smartrecorder           D  Model download progress: 80%
2025-11-26 22:51:19.839 31562-31582 SmartRecor...Transcript com.yourname.smartrecorder           D  Model download progress: 80%
2025-11-26 22:51:19.839 31562-31582 SmartRecor...Transcript com.yourname.smartrecorder           D  Model download progress: 80%
2025-11-26 22:51:19.840 31562-31582 SmartRecor...Transcript com.yourname.smartrecorder           D  Model download progress: 80%
2025-11-26 22:51:19.840 31562-31582 SmartRecor...Transcript com.yourname.smartrecorder           D  Model download progress: 80%
2025-11-26 22:51:19.840 31562-31582 SmartRecor...Transcript com.yourname.smartrecorder           D  Model download progress: 80%
2025-11-26 22:51:20.153  1198-1287  SGM:GameManager         system_server                        D  identifyForegroundApp. com.yourname.smartrecorder, mCurrentUserId: 0, callerUserId: 0
2025-11-26 22:51:20.153  1198-1287  SGM:PkgDataHelper       system_server                        D  getGamePkgData(). com.yourname.smartrecorder
2025-11-26 22:51:20.262 31562-31582 SmartRecor...Transcript com.yourname.smartrecorder           D  Model download progress: 90%
2025-11-26 22:51:20.262 31562-31582 SmartRecor...Transcript com.yourname.smartrecorder           D  Model download progress: 90%
2025-11-26 22:51:20.262 31562-31582 SmartRecor...Transcript com.yourname.smartrecorder           D  Model download progress: 90%
2025-11-26 22:51:20.262 31562-31582 SmartRecor...Transcript com.yourname.smartrecorder           D  Model download progress: 90%
2025-11-26 22:51:20.262 31562-31582 SmartRecor...Transcript com.yourname.smartrecorder           D  Model download progress: 90%
2025-11-26 22:51:20.262 31562-31582 SmartRecor...Transcript com.yourname.smartrecorder           D  Model download progress: 90%
2025-11-26 22:51:20.265 31562-31582 SmartRecor...Transcript com.yourname.smartrecorder           D  Model download progress: 90%
2025-11-26 22:51:20.265 31562-31582 SmartRecor...Transcript com.yourname.smartrecorder           D  Model download progress: 90%
2025-11-26 22:51:20.265 31562-31582 SmartRecor...Transcript com.yourname.smartrecorder           D  Model download progress: 90%
2025-11-26 22:51:20.265 31562-31582 SmartRecor...Transcript com.yourname.smartrecorder           D  Model download progress: 90%
2025-11-26 22:51:20.265 31562-31582 SmartRecor...Transcript com.yourname.smartrecorder           D  Model download progress: 90%
2025-11-26 22:51:20.266 31562-31582 SmartRecor...Transcript com.yourname.smartrecorder           D  Model download progress: 90%
2025-11-26 22:51:20.266 31562-31582 SmartRecor...Transcript com.yourname.smartrecorder           D  Model download progress: 90%
2025-11-26 22:51:20.266 31562-31582 SmartRecor...Transcript com.yourname.smartrecorder           D  Model download progress: 90%
2025-11-26 22:51:20.266 31562-31582 SmartRecor...Transcript com.yourname.smartrecorder           D  Model download progress: 90%
2025-11-26 22:51:20.266 31562-31582 SmartRecor...Transcript com.yourname.smartrecorder           D  Model download progress: 90%
2025-11-26 22:51:20.266 31562-31582 SmartRecor...Transcript com.yourname.smartrecorder           D  Model download progress: 90%
2025-11-26 22:51:20.266 31562-31582 SmartRecor...Transcript com.yourname.smartrecorder           D  Model download progress: 90%
2025-11-26 22:51:20.267 31562-31582 SmartRecor...Transcript com.yourname.smartrecorder           D  Model download progress: 90%
2025-11-26 22:51:20.267 31562-31582 SmartRecor...Transcript com.yourname.smartrecorder           D  Model download progress: 90%
2025-11-26 22:51:20.270 31562-31582 SmartRecor...Transcript com.yourname.smartrecorder           D  Model download progress: 90%
2025-11-26 22:51:20.270 31562-31582 SmartRecor...Transcript com.yourname.smartrecorder           D  Model download progress: 90%
2025-11-26 22:51:20.271 31562-31582 SmartRecor...Transcript com.yourname.smartrecorder           D  Model download progress: 90%
2025-11-26 22:51:20.271 31562-31582 SmartRecor...Transcript com.yourname.smartrecorder           D  Model download progress: 90%
2025-11-26 22:51:20.271 31562-31582 SmartRecor...Transcript com.yourname.smartrecorder           D  Model download progress: 90%
2025-11-26 22:51:20.271 31562-31582 SmartRecor...Transcript com.yourname.smartrecorder           D  Model download progress: 90%
2025-11-26 22:51:20.271 31562-31582 SmartRecor...Transcript com.yourname.smartrecorder           D  Model download progress: 90%
2025-11-26 22:51:20.271 31562-31582 SmartRecor...Transcript com.yourname.smartrecorder           D  Model download progress: 90%
2025-11-26 22:51:20.271 31562-31582 SmartRecor...Transcript com.yourname.smartrecorder           D  Model download progress: 90%
2025-11-26 22:51:20.272 31562-31582 SmartRecor...Transcript com.yourname.smartrecorder           D  Model download progress: 90%
2025-11-26 22:51:20.272 31562-31582 SmartRecor...Transcript com.yourname.smartrecorder           D  Model download progress: 90%
2025-11-26 22:51:20.273 31562-31582 SmartRecor...Transcript com.yourname.smartrecorder           D  Model download progress: 90%
2025-11-26 22:51:20.273 31562-31582 SmartRecor...Transcript com.yourname.smartrecorder           D  Model download progress: 90%
2025-11-26 22:51:20.274 31562-31582 SmartRecor...Transcript com.yourname.smartrecorder           D  Model download progress: 90%
2025-11-26 22:51:20.274 31562-31582 SmartRecor...Transcript com.yourname.smartrecorder           D  Model download progress: 90%
2025-11-26 22:51:20.274 31562-31582 SmartRecor...Transcript com.yourname.smartrecorder           D  Model download progress: 90%
2025-11-26 22:51:20.274 31562-31582 SmartRecor...Transcript com.yourname.smartrecorder           D  Model download progress: 90%
2025-11-26 22:51:20.277 31562-31582 SmartRecor...Transcript com.yourname.smartrecorder           D  Model download progress: 90%
2025-11-26 22:51:20.278 31562-31582 SmartRecor...Transcript com.yourname.smartrecorder           D  Model download progress: 90%
2025-11-26 22:51:20.278 31562-31582 SmartRecor...Transcript com.yourname.smartrecorder           D  Model download progress: 90%
2025-11-26 22:51:20.278 31562-31582 SmartRecor...Transcript com.yourname.smartrecorder           D  Model download progress: 90%
2025-11-26 22:51:20.278 31562-31582 SmartRecor...Transcript com.yourname.smartrecorder           D  Model download progress: 90%
2025-11-26 22:51:20.278 31562-31582 SmartRecor...Transcript com.yourname.smartrecorder           D  Model download progress: 90%
2025-11-26 22:51:20.278 31562-31582 SmartRecor...Transcript com.yourname.smartrecorder           D  Model download progress: 90%
2025-11-26 22:51:20.278 31562-31582 SmartRecor...Transcript com.yourname.smartrecorder           D  Model download progress: 90%
2025-11-26 22:51:20.279 31562-31582 SmartRecor...Transcript com.yourname.smartrecorder           D  Model download progress: 90%
2025-11-26 22:51:20.279 31562-31582 SmartRecor...Transcript com.yourname.smartrecorder           D  Model download progress: 90%
2025-11-26 22:51:20.280 31562-31582 SmartRecor...Transcript com.yourname.smartrecorder           D  Model download progress: 90%
2025-11-26 22:51:20.280 31562-31582 SmartRecor...Transcript com.yourname.smartrecorder           D  Model download progress: 90%
2025-11-26 22:51:20.281 31562-31582 SmartRecor...Transcript com.yourname.smartrecorder           D  Model download progress: 90%
2025-11-26 22:51:20.281 31562-31582 SmartRecor...Transcript com.yourname.smartrecorder           D  Model download progress: 90%
2025-11-26 22:51:20.281 31562-31582 SmartRecor...Transcript com.yourname.smartrecorder           D  Model download progress: 90%
2025-11-26 22:51:20.282 31562-31582 SmartRecor...Transcript com.yourname.smartrecorder           D  Model download progress: 90%
2025-11-26 22:51:20.282 31562-31582 SmartRecor...Transcript com.yourname.smartrecorder           D  Model download progress: 90%
2025-11-26 22:51:20.282 31562-31582 SmartRecor...Transcript com.yourname.smartrecorder           D  Model download progress: 90%
2025-11-26 22:51:20.283 31562-31582 SmartRecor...Transcript com.yourname.smartrecorder           D  Model download progress: 90%
2025-11-26 22:51:20.283 31562-31582 SmartRecor...Transcript com.yourname.smartrecorder           D  Model download progress: 90%
2025-11-26 22:51:20.284 31562-31582 SmartRecor...Transcript com.yourname.smartrecorder           D  Model download progress: 90%
2025-11-26 22:51:20.284 31562-31582 SmartRecor...Transcript com.yourname.smartrecorder           D  Model download progress: 90%
2025-11-26 22:51:20.285 31562-31582 SmartRecor...Transcript com.yourname.smartrecorder           D  Model download progress: 90%
2025-11-26 22:51:20.285 31562-31582 SmartRecor...Transcript com.yourname.smartrecorder           D  Model download progress: 90%
2025-11-26 22:51:20.285 31562-31582 SmartRecor...Transcript com.yourname.smartrecorder           D  Model download progress: 90%
2025-11-26 22:51:20.285 31562-31582 SmartRecor...Transcript com.yourname.smartrecorder           D  Model download progress: 90%
2025-11-26 22:51:20.289 31562-31582 SmartRecor...Transcript com.yourname.smartrecorder           D  Model download progress: 90%
2025-11-26 22:51:20.289 31562-31582 SmartRecor...Transcript com.yourname.smartrecorder           D  Model download progress: 90%
2025-11-26 22:51:20.289 31562-31582 SmartRecor...Transcript com.yourname.smartrecorder           D  Model download progress: 90%
2025-11-26 22:51:20.289 31562-31582 SmartRecor...Transcript com.yourname.smartrecorder           D  Model download progress: 90%
2025-11-26 22:51:20.290 31562-31582 SmartRecor...Transcript com.yourname.smartrecorder           D  Model download progress: 90%
2025-11-26 22:51:20.290 31562-31582 SmartRecor...Transcript com.yourname.smartrecorder           D  Model download progress: 90%
2025-11-26 22:51:20.290 31562-31582 SmartRecor...Transcript com.yourname.smartrecorder           D  Model download progress: 90%
2025-11-26 22:51:20.291 31562-31582 SmartRecor...Transcript com.yourname.smartrecorder           D  Model download progress: 90%
2025-11-26 22:51:20.291 31562-31582 SmartRecor...Transcript com.yourname.smartrecorder           D  Model download progress: 90%
2025-11-26 22:51:20.291 31562-31582 SmartRecor...Transcript com.yourname.smartrecorder           D  Model download progress: 90%
2025-11-26 22:51:20.294 31562-31582 SmartRecor...Transcript com.yourname.smartrecorder           D  Model download progress: 90%
2025-11-26 22:51:20.294 31562-31582 SmartRecor...Transcript com.yourname.smartrecorder           D  Model download progress: 90%
2025-11-26 22:51:20.295 31562-31582 SmartRecor...Transcript com.yourname.smartrecorder           D  Model download progress: 90%
2025-11-26 22:51:20.295 31562-31582 SmartRecor...Transcript com.yourname.smartrecorder           D  Model download progress: 90%
2025-11-26 22:51:20.297 31562-31582 SmartRecor...Transcript com.yourname.smartrecorder           D  Model download progress: 90%
2025-11-26 22:51:20.297 31562-31582 SmartRecor...Transcript com.yourname.smartrecorder           D  Model download progress: 90%
2025-11-26 22:51:20.297 31562-31582 SmartRecor...Transcript com.yourname.smartrecorder           D  Model download progress: 90%
2025-11-26 22:51:20.297 31562-31582 SmartRecor...Transcript com.yourname.smartrecorder           D  Model download progress: 90%
2025-11-26 22:51:20.297 31562-31582 SmartRecor...Transcript com.yourname.smartrecorder           D  Model download progress: 90%
2025-11-26 22:51:20.297 31562-31582 SmartRecor...Transcript com.yourname.smartrecorder           D  Model download progress: 90%
2025-11-26 22:51:20.297 31562-31582 SmartRecor...Transcript com.yourname.smartrecorder           D  Model download progress: 90%
2025-11-26 22:51:20.297 31562-31582 SmartRecor...Transcript com.yourname.smartrecorder           D  Model download progress: 90%
2025-11-26 22:51:20.298 31562-31582 SmartRecor...Transcript com.yourname.smartrecorder           D  Model download progress: 90%
2025-11-26 22:51:20.298 31562-31582 SmartRecor...Transcript com.yourname.smartrecorder           D  Model download progress: 90%
2025-11-26 22:51:20.302 31562-31582 SmartRecor...Transcript com.yourname.smartrecorder           D  Model download progress: 90%
2025-11-26 22:51:20.302 31562-31582 SmartRecor...Transcript com.yourname.smartrecorder           D  Model download progress: 90%
2025-11-26 22:51:20.303 31562-31582 SmartRecor...Transcript com.yourname.smartrecorder           D  Model download progress: 90%
2025-11-26 22:51:20.303 31562-31582 SmartRecor...Transcript com.yourname.smartrecorder           D  Model download progress: 90%
2025-11-26 22:51:20.303 31562-31582 SmartRecor...Transcript com.yourname.smartrecorder           D  Model download progress: 90%
2025-11-26 22:51:20.303 31562-31582 SmartRecor...Transcript com.yourname.smartrecorder           D  Model download progress: 90%
2025-11-26 22:51:20.303 31562-31582 SmartRecor...Transcript com.yourname.smartrecorder           D  Model download progress: 90%
2025-11-26 22:51:20.303 31562-31582 SmartRecor...Transcript com.yourname.smartrecorder           D  Model download progress: 90%
2025-11-26 22:51:20.303 31562-31582 SmartRecor...Transcript com.yourname.smartrecorder           D  Model download progress: 90%
2025-11-26 22:51:20.303 31562-31582 SmartRecor...Transcript com.yourname.smartrecorder           D  Model download progress: 90%
2025-11-26 22:51:20.304 31562-31582 SmartRecor...Transcript com.yourname.smartrecorder           D  Model download progress: 90%
2025-11-26 22:51:20.539 30184-30184 GrantPermi...sViewModel com....android.permissioncontroller  I  Logged buttons presented and clicked permissionGroupName=android.permission-group.READ_MEDIA_AURAL uid=10923 selectedPrecision=0 package=com.yourname.smartrecorder presentedButtons=9 clickedButton=1 isPermissionRationaleShown=false sessionId=-2147250372002073767 targetSdk=36
2025-11-26 22:51:20.543 30184-30184 GrantPermi...sViewModel com....android.permissioncontroller  I  Permission grant result requestId=-2147250372002073767 callingUid=10923 callingPackage=com.yourname.smartrecorder permission=android.permission.READ_MEDIA_AUDIO isImplicit=false result=4 isPermissionRationaleShown=falseisPackageRestrictedByEnhancedConfirmation=false
2025-11-26 22:51:20.546  9078-18188 MediaProvider           com...ndroid.providers.media.module  D  Couldn't get uid for package: com.yourname.smartrecorder
2025-11-26 22:51:20.549  1198-4335  MARsPolicyManager       system_server                        D  onPackageResumedFG pkgName = com.yourname.smartrecorder, userId = 0
2025-11-26 22:51:20.550  1198-4335  ActivityTaskManager     system_server                        D  scheduleTopResumedActivityChanged, onTop=true r=ActivityRecord{f919d66 u0 com.yourname.smartrecorder/.MainActivity} t22440} caller=com.android.server.wm.ActivityTaskSupervisor.scheduleTopResumedActivityStateIfNeeded:2535 com.android.server.wm.ActivityTaskSupervisor.updateTopResumedActivityIfNeeded:2527 com.android.server.wm.TaskFragment.setResumedActivity:493 com.android.server.wm.TaskFragment.onActivityStateChanged:805 com.android.server.wm.ActivityRecord.setState:6428 com.android.server.wm.TaskFragment.resumeTopActivity:1629 
2025-11-26 22:51:20.550  1198-4335  InputDispatcher         system_server                        D  Focused application(0): ActivityRecord{f919d66 u0 com.yourname.smartrecorder/.MainActivity} t22440}
2025-11-26 22:51:20.550  1198-4335  WindowManager           system_server                        V  Changing focus from Window{617a3ce u0 com.google.android.permissioncontroller/com.android.permissioncontroller.permission.ui.GrantPermissionsActivity} to Window{d04e379 u0 com.yourname.smartrecorder/com.yourname.smartrecorder.MainActivity} displayId=0 Callers=com.android.server.wm.RootWindowContainer.updateFocusedWindowLocked:595 com.android.server.wm.WindowManagerService.updateFocusedWindowLocked:6810 com.android.server.wm.ActivityTaskManagerService.setResumedActivityUncheckLocked:5766 com.android.server.wm.TaskFragment.onActivityStateChanged:807 
2025-11-26 22:51:20.552 22947-22947 NavigationBar           com.android.systemui                 D  onSystemBarAttributesChanged() -  displayId:0, appearance:8, packageName: com.yourname.smartrecorder (APPEARANCE_LIGHT_STATUS_BARS ), navbarColorManagedByIme:false
2025-11-26 22:51:20.552  1198-4335  WindowManager           system_server                        D  updateSystemBarAttributes: displayId=0, win=Window{d04e379 u0 com.yourname.smartrecorder/com.yourname.smartrecorder.MainActivity}, navColorWin=Window{617a3ce u0 com.google.android.permissioncontroller/com.android.permissioncontroller.permission.ui.GrantPermissionsActivity}, focusedCanBeNavColorWin=false, behavior=1, appearance=8, statusBarAppearanceRegions=[AppearanceRegion{ bounds=[0,0][1440,3088]}], requestedVisibilities=, from=com.android.server.wm.DisplayPolicy.focusChangedLw:3251 com.android.server.wm.DisplayContent.updateFocusedWindowLocked:4632 com.android.server.wm.RootWindowContainer.updateFocusedWindowLocked:595 
2025-11-26 22:51:20.553  1198-4335  WindowManager           system_server                        D  rotationForOrientation, orientationSource=ActivityRecord{f919d66 u0 com.yourname.smartrecorder/.MainActivity} t22440}
2025-11-26 22:51:20.559 31562-31562 Compatibil...geReporter com.yourname.smartrecorder           D  Compat change id reported: 78294732; UID 10923; state: ENABLED
2025-11-26 22:51:20.560 31562-31562 SmartRecorder/ViewModel com.yourname.smartrecorder           D  [SmartRecorderApp] Storage permission result -> granted: true
2025-11-26 22:51:20.563  1198-4335  ActivityTaskManager     system_server                        D  mStartingWindow and mStartingData is null for token=ActivityRecord{f919d66 u0 com.yourname.smartrecorder/.MainActivity} t22440}
2025-11-26 22:51:20.564  1198-4335  WindowManager           system_server                        D  updateSystemBarAttributes: displayId=0, win=Window{d04e379 u0 com.yourname.smartrecorder/com.yourname.smartrecorder.MainActivity}, navColorWin=Window{d04e379 u0 com.yourname.smartrecorder/com.yourname.smartrecorder.MainActivity}, focusedCanBeNavColorWin=false, behavior=1, appearance=8, statusBarAppearanceRegions=[AppearanceRegion{LIGHT_STATUS_BARS bounds=[0,0][1440,3088]}], requestedVisibilities=, from=com.android.server.wm.DisplayPolicy.finishPostLayoutPolicyLw:2531 com.android.server.wm.DisplayContent.applySurfaceChangesTransaction:5713 com.android.server.wm.RootWindowContainer.applySurfaceChangesTransaction:1234 
2025-11-26 22:51:20.565 22947-22947 SamsungLig...trolHelper com.android.systemui                 D  onStatusBarAppearanceChanged() -  sbModeChanged:false, statusBarMode:MODE_TRANSPARENT, barState:SHADE, isKeyguardShowing:false, navbarColorManagedByIme:false, stackAppearancesChanged:true, (AppearanceRegion{LIGHT_STATUS_BARS bounds=[0,0][1440,3088]}, ), packageName:com.yourname.smartrecorder
2025-11-26 22:51:20.565 22947-22947 SamsungLig...trolHelper com.android.systemui                 D  updateStatus(BLACK icon) NumStacks:1, StatusBarMode:MODE_TRANSPARENT, lightBarBounds:[Rect(0, 0 - 1440, 3088)], StatusBarState:SHADE, packageName:com.yourname.smartrecorder, isWhiteKeyguardStatusBarBySettings:true
2025-11-26 22:51:20.570   858-858   SurfaceFlinger          surfaceflinger                       I  [d04e379 com.yourname.smartrecorder/com.yourname.smartrecorder.MainActivity#20417] FrameRatePriority: 1
2025-11-26 22:51:20.570  1198-4203  BaseRestrictionMgr      system_server                        D  Package: com.google.android.documentsui, userid: 0, hostingType: activity is allowed by freecess, caller is: com.yourname.smartrecorder
2025-11-26 22:51:20.572  1198-4203  AppsFilter              system_server                        I  interaction: PackageSetting{25af569 com.yourname.smartrecorder/10923} -> PackageSetting{24b6ea9 com.google.android.documentsui/10063} BLOCKED
2025-11-26 22:51:20.573  1198-4203  ActivityTaskManager     system_server                        D  TaskLaunchParamsModifier:task=Task{1d948a7 #22440 type=standard A=10923:com.yourname.smartrecorder U=0 visible=true visibleRequested=true mode=fullscreen translucent=false sz=2} activity=ActivityRecord{13de88f u0 com.google.android.documentsui/com.android.documentsui.picker.PickActivity} t-1} display-area-from-source=DefaultTaskDisplayArea@72262064 display-id=0 display-windowing-mode=1 suggested-display-area=DefaultTaskDisplayArea@72262064 inherit-from-source=fullscreen activity-options-fullscreen=Rect(0, 0 - 0, 0) non-freeform-display display-area=DefaultTaskDisplayArea@72262064 maximized-bounds
2025-11-26 22:51:20.575   858-979   SurfaceFlinger          surfaceflinger                       D  [input] setFocusedWindow: d04e379 com.yourname.smartrecorder/com.yourname.smartrecorder.MainActivity
2025-11-26 22:51:20.575  1198-1901  InputDispatcher         system_server                        D  Focus entered window (0): d04e379 com.yourname.smartrecorder/com.yourname.smartrecorder.MainActivity
2025-11-26 22:51:20.579  1198-4203  ActivityTaskManager     system_server                        D  scheduleTopResumedActivityChanged, onTop=false r=ActivityRecord{f919d66 u0 com.yourname.smartrecorder/.MainActivity} t22440} caller=com.android.server.wm.ActivityTaskSupervisor.updateTopResumedActivityIfNeeded:2510 com.android.server.wm.TaskFragment.setResumedActivity:493 com.android.server.wm.TaskFragment.onActivityStateChanged:790 com.android.server.wm.ActivityRecord.setState:6428 com.android.server.wm.TaskFragment.startPausing:1880 com.android.server.wm.TaskFragment.startPausing:1817 
2025-11-26 22:51:20.582 31562-31562 ViewRootIm...nActivity] com.yourname.smartrecorder           I  stopped(false) old = false
2025-11-26 22:51:20.582 31562-31562 DecorView               com.yourname.smartrecorder           I  notifyKeepScreenOnChanged: keepScreenOn=false
2025-11-26 22:51:20.584 31562-31562 MSHandlerLifeCycle      com.yourname.smartrecorder           I  removeMultiSplitHandler: no exist. decor=DecorView@48ff518[MainActivity]
2025-11-26 22:51:20.591  1198-1219  WindowManager           system_server                        V  Changing focus from Window{d04e379 u0 com.yourname.smartrecorder/com.yourname.smartrecorder.MainActivity} to null displayId=0 Callers=com.android.server.wm.RootWindowContainer.updateFocusedWindowLocked:595 com.android.server.wm.WindowManagerService.updateFocusedWindowLocked:6810 com.android.server.wm.ActivityTaskManagerService.setResumedActivityUncheckLocked:5766 com.android.server.wm.TaskFragment.onActivityStateChanged:807 
2025-11-26 22:51:20.591  1198-1219  MARsPolicyManager       system_server                        D  onPackageResumedFG pkgName = com.yourname.smartrecorder, userId = 0
2025-11-26 22:51:20.607 31562-31562 ViewRootIm...nActivity] com.yourname.smartrecorder           I  performTraversals params={(0,0)(fillxfill) sim={adjust=pan forwardNavigation} layoutInDisplayCutoutMode=always ty=BASE_APPLICATION wanim=0x1030309
                                                                                                      fl=81810100
                                                                                                      pfl=16020040
                                                                                                      vsysui=2100
                                                                                                      apr=LIGHT_STATUS_BARS
                                                                                                      bhv=DEFAULT
                                                                                                      fitSides= naviIconColor=0}
2025-11-26 22:51:20.608 31562-31562 ViewRootIm...nActivity] com.yourname.smartrecorder           I  performTraversals mFirst=false windowShouldResize=false viewVisibilityChanged=false mForceNextWindowRelayout=false params={(0,0)(fillxfill) sim={adjust=pan forwardNavigation} layoutInDisplayCutoutMode=always ty=BASE_APPLICATION wanim=0x1030309
                                                                                                      fl=81810100
                                                                                                      pfl=16020040
                                                                                                      vsysui=2100
                                                                                                      apr=LIGHT_STATUS_BARS
                                                                                                      bhv=DEFAULT
                                                                                                      fitSides= naviIconColor=0}
2025-11-26 22:51:20.609  1198-1901  WindowManager           system_server                        V  Relayout Window{d04e379 u0 com.yourname.smartrecorder/com.yourname.smartrecorder.MainActivity}: viewVisibility=0 req=1440x3088 d0
2025-11-26 22:51:20.613 31562-31562 ViewRootIm...nActivity] com.yourname.smartrecorder           I  updateBlastSurfaceIfNeeded mBlastBufferQueue=0x71adc2ec10 isSameSurfaceControl=true
2025-11-26 22:51:20.613 31562-31562 BLASTBufferQueue        com.yourname.smartrecorder           I  update, w= 1440 h= 3088 mName = ViewRootImpl@764cf[MainActivity] mNativeObject= 0x71adc2ec10 sc.mNativeObject= 0x713dc6bce0 format= -1 caller= android.view.ViewRootImpl.updateBlastSurfaceIfNeeded:2898 android.view.ViewRootImpl.relayoutWindow:9847 android.view.ViewRootImpl.performTraversals:3884 android.view.ViewRootImpl.doTraversal:3116 android.view.ViewRootImpl$TraversalRunnable.run:10885 android.view.Choreographer$CallbackRecord.run:1301 
2025-11-26 22:51:20.613 31562-31562 ViewRootIm...nActivity] com.yourname.smartrecorder           I  Relayout returned: old=(0,0,1440,3088) new=(0,0,1440,3088) req=(1440,3088)0 dur=5 res=0x0 s={true 0x723dc68c60} ch=false seqId=0
2025-11-26 22:51:20.613 31562-31562 ViewRootIm...nActivity] com.yourname.smartrecorder           I  MSG_WINDOW_FOCUS_CHANGED 1 0
2025-11-26 22:51:20.613 31562-31562 ViewRootIm...nActivity] com.yourname.smartrecorder           I  mThreadedRenderer.initializeIfNeeded()#2 mSurface={isValid=true 0x723dc68c60}
2025-11-26 22:51:20.614 31562-31562 InputMethodManager      com.yourname.smartrecorder           D  startInputInner - Id : 0
2025-11-26 22:51:20.614 31562-31562 InputMethodManager      com.yourname.smartrecorder           I  startInputInner - mService.startInputOrWindowGainedFocus
2025-11-26 22:51:20.617  4533-4533  ActivityUtils           com...ndroid.app.cocktailbarservice  I  HomePackage : com.sec.android.app.launcher, resumePackageName : com.yourname.smartrecorder
2025-11-26 22:51:20.619   858-858   SurfaceFlinger          surfaceflinger                       I  [d04e379 com.yourname.smartrecorder/com.yourname.smartrecorder.MainActivity#20417] FrameRatePriority: -1
2025-11-26 22:51:20.621  1198-1786  InputDispatcher         system_server                        D  Focus left window (0): d04e379 com.yourname.smartrecorder/com.yourname.smartrecorder.MainActivity
2025-11-26 22:51:20.622 31562-31562 ViewRootIm...nActivity] com.yourname.smartrecorder           I  MSG_WINDOW_FOCUS_CHANGED 0 0
2025-11-26 22:51:20.622  1198-1287  GameSDK@LifeCycle       system_server                        I  noteResumeComponent(): package name  : com.yourname.smartrecorder
2025-11-26 22:51:20.623  1198-1287  SGM:GameManager         system_server                        D  identifyGamePackage. com.yourname.smartrecorder, mCurrentUserId: 0, callerUserId: 0, callingMethodInfo: com.android.server.ssrm.SortingMachine.isGame(SortingMachine.java:162)
2025-11-26 22:51:20.623  1198-1287  SGM:PkgDataHelper       system_server                        D  getGamePkgData(). com.yourname.smartrecorder
2025-11-26 22:51:20.624  1198-1287  SGM:FgCheckThread       system_server                        D  noteResumeComponent(), received pkgName: com.yourname.smartrecorder, userId: 0
2025-11-26 22:51:20.624  4879-8432  Routine@Co...stenerImpl com.samsung.android.app.routines     I  onResumeComponent: componentName - ComponentInfo{com.yourname.smartrecorder/com.yourname.smartrecorder.MainActivity}
2025-11-26 22:51:20.624  1198-1539  SGM:FgCheckThread       system_server                        D  onLooperPrepared(), msg: MSG_APP_RESUME, pkgName: com.yourname.smartrecorder, userid: 0
2025-11-26 22:51:20.631  4879-22862 Routine@Co...stenerImpl com.samsung.android.app.routines     I  onPauseComponent: componentName - ComponentInfo{com.yourname.smartrecorder/com.yourname.smartrecorder.MainActivity}
2025-11-26 22:51:20.631  1198-1287  SGM:FgCheckThread       system_server                        D  notePauseComponent(), received pkgName: com.yourname.smartrecorder, userId: 0
2025-11-26 22:51:20.688   858-858   SurfaceFlinger          surfaceflinger                       D  Display 4633128672291735937 HWC layers:
                                                                                                         DEVICE | 0x70f52cf450 | 0102 | RGBA_8888    |    0.0    0.0 1440.0 3088.0 |    0    0 1440 3088 | com.yourname.smartrecorder/com.yourn[...]rtrecorder.MainActivity$_31562#20418
                                                                                                     SOLID_COLOR |              | 0000 |  Unknown  |    0.0    0.0    0.0    0.0 |    0    0 1440 3088 | Dim Layer for - Task=22440#20430
                                                                                                         DEVICE | 0x70f52dd8b0 | 0100 | RGBA_8888    |    0.0    0.0 1440.0   90.0 |    0    0 1440   90 | StatusBar$_22947#4630
                                                                                                         DEVICE | 0x70f52e1d50 | 0100 | RGBA_8888    |    0.0    0.0   67.0  708.0 | 1373  391 1440 1099 | com.samsung.android.app.cocktailbars[...]rvice.CocktailBarService$_4533#20347
                                                                                                         DEVICE | 0x70f52d88d0 | 0100 | RGBA_8888    |    0.0    0.0 1440.0  168.0 |    0 2920 1440 3088 | NavigationBar0$_22947#4625
2025-11-26 22:51:20.704   858-858   SurfaceFlinger          surfaceflinger                       D  Display 4633128672291735937 HWC layers:
                                                                                                         DEVICE | 0x70f52cf450 | 0102 | RGBA_8888    |    0.0    0.0 1440.0 3088.0 |    0    0 1440 3088 | com.yourname.smartrecorder/com.yourn[...]rtrecorder.MainActivity$_31562#20418
                                                                                                         DEVICE | 0x70f52dc6b0 | 0100 | RGBA_8888    |    0.0    0.0 1440.0   90.0 |    0    0 1440   90 | StatusBar$_22947#4630
                                                                                                         DEVICE | 0x70f52e1d50 | 0100 | RGBA_8888    |    0.0    0.0   67.0  708.0 | 1373  391 1440 1099 | com.samsung.android.app.cocktailbars[...]rvice.CocktailBarService$_4533#20347
                                                                                                         DEVICE | 0x70f52d88d0 | 0100 | RGBA_8888    |    0.0    0.0 1440.0  168.0 |    0 2920 1440 3088 | NavigationBar0$_22947#4625
2025-11-26 22:51:20.708  4879-4879  Routine@Co...overHelper com.samsung.android.app.routines     I  setLastResumedPackageForCover mLastResumedPackage = com.yourname.smartrecorder
2025-11-26 22:51:20.708  4879-4879  Routine@Co...cleWatcher com.samsung.android.app.routines     I  notifyLifecycleChanged mCurResumedComponent=com.yourname.smartrecorder
2025-11-26 22:51:20.734  1198-1634  SemWifiTra...LayerUtils system_server                        W  getApplicationCategory - IOException com.yourname.smartrecorder
2025-11-26 22:51:20.734  1198-1634  System.err              system_server                        W  java.io.FileNotFoundException: https://play.google.com/store/apps/details?id=com.yourname.smartrecorder&hl=en
2025-11-26 22:51:20.740 31562-31582 SmartRecor...Transcript com.yourname.smartrecorder           D  Model download progress: 100%
2025-11-26 22:51:20.740 31562-31582 SmartRecor...Transcript com.yourname.smartrecorder           D  Model download progress: 100%
2025-11-26 22:51:20.754 31562-31582 SmartRecor...Transcript com.yourname.smartrecorder           D  Model downloaded successfully
2025-11-26 22:51:20.754 31562-31582 SmartRecor...Transcript com.yourname.smartrecorder           D  Model download progress: 100%
2025-11-26 22:51:20.755 31562-31582 SmartRecor...Transcript com.yourname.smartrecorder           D  Whisper model downloaded and saved to internal storage: /data/user/0/com.yourname.smartrecorder/files/whisper-models/ggml-tiny.en.bin
2025-11-26 22:51:20.777  1198-4203  WindowManager           system_server                        D  updateSystemBarAttributes: displayId=0, win=Window{93d4bc3 u0 com.google.android.documentsui/com.android.documentsui.picker.PickActivity}, navColorWin=Window{d04e379 u0 com.yourname.smartrecorder/com.yourname.smartrecorder.MainActivity}, focusedCanBeNavColorWin=false, behavior=1, appearance=0, statusBarAppearanceRegions=[AppearanceRegion{LIGHT_STATUS_BARS bounds=[0,0][1440,3088]}], requestedVisibilities=, from=com.android.server.wm.DisplayPolicy.focusChangedLw:3251 com.android.server.wm.DisplayContent.updateFocusedWindowLocked:4632 com.android.server.wm.RootWindowContainer.updateFocusedWindowLocked:595 
2025-11-26 22:51:20.828  1198-1288  WindowManager           system_server                        I  Reparenting to leash, surface=Surface(name=ActivityRecord{f919d66 u0 com.yourname.smartrecorder/.MainActivity} t22440})/@0xb5dfeed, leashParent=Surface(name=Task=22440)/@0x34f5f7c
2025-11-26 22:51:20.828   858-1167  SurfaceFlinger          surfaceflinger                       I  id=20447 createSurf flag=24000, Surface(name=ActivityRecord{f919d66 u0 com.yourname.smartrecorder/.MainActivity} t22440})/@0xb5dfeed - animation-leash of app_transition#20447
2025-11-26 22:51:20.829  1198-1288  WindowManager           system_server                        D  makeSurface duration=0 leash=Surface(name=Surface(name=ActivityRecord{f919d66 u0 com.yourname.smartrecorder/.MainActivity} t22440})/@0xb5dfeed - animation-leash of app_transition)/@0x12fd596
2025-11-26 22:51:20.829   858-886   SurfaceFlinger          surfaceflinger                       I  id=20448 createSurf flag=80004, Surface(name=ActivityRecord{f919d66 u0 com.yourname.smartrecorder/.MainActivity} t22440})/@0xb5dfeed - animation-bounds#20448
2025-11-26 22:51:20.912   858-858   SurfaceFlinger          surfaceflinger                       D  Display 4633128672291735937 HWC layers:
                                                                                                         CLIENT | 0x70f52dce90 | 0102 | RGBA_8888    |    0.0    0.0    0.0    0.0 |    0 3078 1440 3088 | bbq-wrapper#20461
                                                                                                         CLIENT | 0x70f52cf450 | 0102 | RGBA_8888    |    0.0   10.0 1440.0 3088.0 |    0    0 1440 3078 | com.yourname.smartrecorder/com.yourn[...]rtrecorder.MainActivity$_31562#20418
                                                                                                         CLIENT | 0x70f52e1c30 | 0102 | RGBA_8888    |    0.0    0.0    0.0    0.0 |    0 3079 1440 3088 | bbq-wrapper#20455
                                                                                                         DEVICE | 0x70f52d36b0 | 0102 | RGBA_8888    |    0.0    0.0 1440.0    1.0 |    0    0 1440  518 | bbq-wrapper#20458
                                                                                                         DEVICE | 0x70f52e3970 | 0102 | RGBA_8888    |    0.0    0.0 1440.0 2570.0 |    0  518 1440 3088 | com.google.android.documentsui/com.a[...]sui.picker.PickActivity$_29780#20442
                                                                                                         DEVICE | 0x70f52dd8b0 | 0100 | RGBA_8888    |    0.0    0.0 1440.0   90.0 |    0    0 1440   90 | StatusBar$_22947#4630
                                                                                                         DEVICE | 0x70f52e1d50 | 0100 | RGBA_8888    |    0.0    0.0   67.0  708.0 | 1373  391 1440 1099 | com.samsung.android.app.cockta
2025-11-26 22:51:20.929   858-858   SurfaceFlinger          surfaceflinger                       D  Display 4633128672291735937 HWC layers:
                                                                                                         CLIENT | 0x70f52dce90 | 0102 | RGBA_8888    |    0.0    0.0    0.0    0.0 |    0 3064 1440 3088 | bbq-wrapper#20461
                                                                                                         CLIENT | 0x70f52cf450 | 0102 | RGBA_8888    |    0.0   24.0 1440.0 3088.0 |    0    0 1440 3064 | com.yourname.smartrecorder/com.yourn[...]rtrecorder.MainActivity$_31562#20418
