2025-11-28 16:17:20.491  1198-1904  WindowManager           system_server                        D  updateSystemBarAttributes: displayId=0, win=Window{3f937f2 u0 com.yourname.smartrecorder/com.yourname.smartrecorder.MainActivity}, navColorWin=Window{5e63e2d u0 com.google.android.documentsui/com.android.documentsui.picker.PickActivity}, focusedCanBeNavColorWin=false, behavior=1, appearance=16, statusBarAppearanceRegions=[AppearanceRegion{LIGHT_STATUS_BARS bounds=[0,0][1440,3088]}], requestedVisibilities=, from=com.android.server.wm.DisplayPolicy.focusChangedLw:3251 com.android.server.wm.DisplayContent.updateFocusedWindowLocked:4632 com.android.server.wm.RootWindowContainer.updateFocusedWindowLocked:595 
2025-11-28 16:17:20.494 30856-30856 ViewRootIm...nActivity] com.yourname.smartrecorder           I  updateBlastSurfaceIfNeeded mBlastBufferQueue=null isSameSurfaceControl=false
2025-11-28 16:17:20.494 30856-30856 BLASTBufferQueue        com.yourname.smartrecorder           I  new BLASTBufferQueue, mName= ViewRootImpl@eb901d5[MainActivity] mNativeObject= 0x71adc46950 sc.mNativeObject= 0x713dc4e3e0 caller= android.view.ViewRootImpl.updateBlastSurfaceIfNeeded:2909 android.view.ViewRootImpl.relayoutWindow:9847 android.view.ViewRootImpl.performTraversals:3884 android.view.ViewRootImpl.doTraversal:3116 android.view.ViewRootImpl$TraversalRunnable.run:10885 android.view.Choreographer$CallbackRecord.run:1301 android.view.Choreographer$CallbackRecord.run:1309 android.view.Choreographer.doCallbacks:923 android.view.Choreographer.doFrame:852 android.view.Choreographer$FrameDisplayEventReceiver.run:1283 
2025-11-28 16:17:20.494 30856-30856 BLASTBufferQueue        com.yourname.smartrecorder           I  update, w= 1440 h= 3088 mName = ViewRootImpl@eb901d5[MainActivity] mNativeObject= 0x71adc46950 sc.mNativeObject= 0x713dc4e3e0 format= -1 caller= android.graphics.BLASTBufferQueue.<init>:84 android.view.ViewRootImpl.updateBlastSurfaceIfNeeded:2909 android.view.ViewRootImpl.relayoutWindow:9847 android.view.ViewRootImpl.performTraversals:3884 android.view.ViewRootImpl.doTraversal:3116 android.view.ViewRootImpl$TraversalRunnable.run:10885 
2025-11-28 16:17:20.495 30856-30856 ViewRootIm...nActivity] com.yourname.smartrecorder           I  Relayout returned: old=(0,0,1440,3088) new=(0,0,1440,3088) req=(1440,3088)0 dur=8 res=0x3 s={true 0x723dcc6720} ch=true seqId=0
2025-11-28 16:17:20.495 30856-30856 ViewRootIm...nActivity] com.yourname.smartrecorder           I  mThreadedRenderer.initialize() mSurface={isValid=true 0x723dcc6720} hwInitialized=true
2025-11-28 16:17:20.495 30856-30880 OpenGLRenderer          com.yourname.smartrecorder           D  eglCreateWindowSurface
2025-11-28 16:17:20.495 30856-30856 ViewRootIm...nActivity] com.yourname.smartrecorder           I  reportNextDraw android.view.ViewRootImpl.performTraversals:4438 android.view.ViewRootImpl.doTraversal:3116 android.view.ViewRootImpl$TraversalRunnable.run:10885 android.view.Choreographer$CallbackRecord.run:1301 android.view.Choreographer$CallbackRecord.run:1309 
2025-11-28 16:17:20.495 30856-30856 ViewRootIm...nActivity] com.yourname.smartrecorder           I  Setup new sync id=1
2025-11-28 16:17:20.495 30856-30856 ViewRootIm...nActivity] com.yourname.smartrecorder           I  Setting syncFrameCallback
2025-11-28 16:17:20.495 30856-30856 ViewRootIm...nActivity] com.yourname.smartrecorder           I  registerCallbacksForSync syncBuffer=false
2025-11-28 16:17:20.497 30856-30894 SmartRecorder/Import    com.yourname.smartrecorder           D  File copied successfully -> bytes: 1504133, duration: 53 ms
2025-11-28 16:17:20.499 30856-30894 SmartRecorder/Import    com.yourname.smartrecorder           D  File saved -> size: 1504133 bytes, path: /data/user/0/com.yourname.smartrecorder/files/recordings/imported_d25b3d13-6847-4db0-8535-1d450e4cf8d4.mp3
2025-11-28 16:17:20.500 30856-30894 MediaMetadataRetriever  com.yourname.smartrecorder           V  constructor
2025-11-28 16:17:20.517 30856-30906 ViewRootIm...nActivity] com.yourname.smartrecorder           I  Received frameDrawingCallback syncResult=0 frameNum=1.
2025-11-28 16:17:20.517 30856-30906 ViewRootIm...nActivity] com.yourname.smartrecorder           I  Setting up sync and frameCommitCallback
2025-11-28 16:17:20.520   858-858   SurfaceFlinger          surfaceflinger                       I  [3f937f2 com.yourname.smartrecorder/com.yourname.smartrecorder.MainActivity#51209] FrameRatePriority: 1
2025-11-28 16:17:20.521   858-979   SurfaceFlinger          surfaceflinger                       D  [input] setFocusedWindow: 3f937f2 com.yourname.smartrecorder/com.yourname.smartrecorder.MainActivity
2025-11-28 16:17:20.525 30856-30880 BLASTBufferQueue        com.yourname.smartrecorder           I  [ViewRootImpl@eb901d5[MainActivity]#1](f:0,a:0) onFrameAvailable the first frame is available
2025-11-28 16:17:20.526 30856-30880 ViewRootIm...nActivity] com.yourname.smartrecorder           I  Received frameCommittedCallback lastAttemptedDrawFrameNum=1 didProduceBuffer=true
2025-11-28 16:17:20.526 30856-30856 ViewRootIm...nActivity] com.yourname.smartrecorder           I  onSyncComplete
2025-11-28 16:17:20.527 30856-30856 ViewRootIm...nActivity] com.yourname.smartrecorder           I  setupSync seqId=0 mSyncId=1 fn=1 caller=android.view.ViewRootImpl$$ExternalSyntheticLambda11.accept:6 android.window.SurfaceSyncer.lambda$setupSync$1$android-window-SurfaceSyncer:128 android.window.SurfaceSyncer$$ExternalSyntheticLambda1.accept:8 android.window.SurfaceSyncer$SyncSet.checkIfSyncIsComplete:382 android.window.SurfaceSyncer$SyncSet.markSyncReady:359 android.window.SurfaceSyncer.markSyncReady:151 android.view.ViewRootImpl.performTraversals:4503 
2025-11-28 16:17:20.527 30856-30856 ViewRootIm...nActivity] com.yourname.smartrecorder           I  reportDrawFinished seqId=0 mSyncId=-1 fn=1 mSurfaceChangedTransaction=0x716dc33490
2025-11-28 16:17:20.528  1198-1904  InputDispatcher         system_server                        D  Focus request (0): 3f937f2 com.yourname.smartrecorder/com.yourname.smartrecorder.MainActivity but waiting because NO_WINDOW
2025-11-28 16:17:20.531 30856-30894 MediaMetadataRetriever  com.yourname.smartrecorder           V  setDataSource(6, 0, 576460752303423487)
2025-11-28 16:17:20.532  1198-1850  WindowManager           system_server                        D  finishDrawingWindow: Window{3f937f2 u0 com.yourname.smartrecorder/com.yourname.smartrecorder.MainActivity} mDrawState=DRAW_PENDING seqId=0
2025-11-28 16:17:20.539  1198-1288  WindowManager           system_server                        I  Reparenting to leash, surface=Surface(name=ActivityRecord{4e70a6a u0 com.yourname.smartrecorder/.MainActivity} t22743})/@0x9587125, leashParent=Surface(name=Task=22743)/@0x6ad3285
2025-11-28 16:17:20.540   858-1167  SurfaceFlinger          surfaceflinger                       I  id=51305 createSurf flag=24004, Surface(name=ActivityRecord{4e70a6a u0 com.yourname.smartrecorder/.MainActivity} t22743})/@0x9587125 - animation-leash of app_transition#51305
2025-11-28 16:17:20.542  1198-1288  WindowManager           system_server                        D  makeSurface duration=3 leash=Surface(name=Surface(name=ActivityRecord{4e70a6a u0 com.yourname.smartrecorder/.MainActivity} t22743})/@0x9587125 - animation-leash of app_transition)/@0x66aadfa
2025-11-28 16:17:20.542   858-884   SurfaceFlinger          surfaceflinger                       I  id=51306 createSurf flag=80004, Surface(name=ActivityRecord{4e70a6a u0 com.yourname.smartrecorder/.MainActivity} t22743})/@0x9587125 - animation-bounds#51306
2025-11-28 16:17:20.544  1198-1288  ActivityTaskManager     system_server                        D  mStartingWindow and mStartingData is null for token=ActivityRecord{4e70a6a u0 com.yourname.smartrecorder/.MainActivity} t22743}
2025-11-28 16:17:20.544  1198-1288  WindowManager           system_server                        V  performShowLocked: mDrawState=HAS_DRAWN in Window{3f937f2 u0 com.yourname.smartrecorder/com.yourname.smartrecorder.MainActivity}
2025-11-28 16:17:20.547  1198-1288  WindowManager           system_server                        D  updateSystemBarAttributes: displayId=0, win=Window{3f937f2 u0 com.yourname.smartrecorder/com.yourname.smartrecorder.MainActivity}, navColorWin=Window{3f937f2 u0 com.yourname.smartrecorder/com.yourname.smartrecorder.MainActivity}, focusedCanBeNavColorWin=false, behavior=1, appearance=16, statusBarAppearanceRegions=[AppearanceRegion{ bounds=[0,0][1440,3088]}], requestedVisibilities=, from=com.android.server.wm.DisplayPolicy.finishPostLayoutPolicyLw:2531 com.android.server.wm.DisplayContent.applySurfaceChangesTransaction:5713 com.android.server.wm.RootWindowContainer.applySurfaceChangesTransaction:1234 
2025-11-28 16:17:20.548 22947-22947 SamsungLig...trolHelper com.android.systemui                 D  onStatusBarAppearanceChanged() -  sbModeChanged:false, statusBarMode:MODE_TRANSPARENT, barState:SHADE, isKeyguardShowing:false, navbarColorManagedByIme:false, stackAppearancesChanged:true, (AppearanceRegion{ bounds=[0,0][1440,3088]}, ), packageName:com.yourname.smartrecorder
2025-11-28 16:17:20.549 22947-22947 SamsungLig...trolHelper com.android.systemui                 D  updateStatus(WHITE icon) NumStacks:1, StatusBarMode:MODE_TRANSPARENT, lightBarBounds:[], StatusBarState:SHADE, packageName:com.yourname.smartrecorder, isWhiteKeyguardStatusBarBySettings:true
2025-11-28 16:17:20.553   858-858   Layer                   surfaceflinger                       I  Layer [com.yourname.smartrecorder/com.yourname.smartrecorder.MainActivity$_30856#51300] hidden!! flag(0)
2025-11-28 16:17:20.553  1198-1288  ActivityTaskManager     system_server                        D  mStartingWindow and mStartingData is null for token=ActivityRecord{4e70a6a u0 com.yourname.smartrecorder/.MainActivity} t22743}
2025-11-28 16:17:20.573 30856-30894 MediaMetadataRetriever  com.yourname.smartrecorder           V  setDataSource(fd) return(0)
2025-11-28 16:17:20.573 30856-30894 MediaMetadataRetriever  com.yourname.smartrecorder           V  extractMetadata(9)
2025-11-28 16:17:20.587 30856-30894 MediaMetadataRetriever  com.yourname.smartrecorder           V  destructor
2025-11-28 16:17:20.588 30856-30894 MediaMetadataRetriever  com.yourname.smartrecorder           V  disconnect
2025-11-28 16:17:20.588 30856-30894 SmartRecorder/Import    com.yourname.smartrecorder           D  Audio duration extracted -> 46972 ms
2025-11-28 16:17:20.588 30856-30894 SmartRecorder/Import    com.yourname.smartrecorder           D  Saving recording to database -> id: d25b3d13-6847-4db0-8535-1d450e4cf8d4, title: Lesson 2
2025-11-28 16:17:20.589 30856-30894 SmartRecor...Repository com.yourname.smartrecorder           D  [BG] [DB: recordings] INSERT -> id=d25b3d13-6847-4db0-8535-1d450e4cf8d4, title=Lesson 2, duration=46972ms
2025-11-28 16:17:20.604  1198-1904  InputDispatcher         system_server                        D  Focus entered window (0): 3f937f2 com.yourname.smartrecorder/com.yourname.smartrecorder.MainActivity
2025-11-28 16:17:20.605 30856-30856 ViewRootIm...nActivity] com.yourname.smartrecorder           I  MSG_WINDOW_FOCUS_CHANGED 1 0
2025-11-28 16:17:20.605 30856-30856 ViewRootIm...nActivity] com.yourname.smartrecorder           I  mThreadedRenderer.initializeIfNeeded()#2 mSurface={isValid=true 0x723dcc6720}
2025-11-28 16:17:20.606 30856-30856 InputMethodManager      com.yourname.smartrecorder           D  startInputInner - Id : 0
2025-11-28 16:17:20.606 30856-30856 InputMethodManager      com.yourname.smartrecorder           I  startInputInner - mService.startInputOrWindowGainedFocus
2025-11-28 16:17:20.615  1198-2005  MdnieScena...rolService system_server                        D   packageName : com.yourname.smartrecorder    className : com.yourname.smartrecorder.MainActivity
2025-11-28 16:17:20.624 30856-30894 SmartRecor...Repository com.yourname.smartrecorder           D  [BG] [DB: recordings] INSERT_COMPLETE -> id=d25b3d13-6847-4db0-8535-1d450e4cf8d4, duration=34ms
2025-11-28 16:17:20.624 30856-30894 SmartRecorder/Import    com.yourname.smartrecorder           I  [MAIN] [UseCase: ImportAudioFileUseCase] Completed (recordingId=d25b3d13-6847-4db0-8535-1d450e4cf8d4, duration=190ms)
2025-11-28 16:17:20.624 30856-30894 SmartRecorder/Import    com.yourname.smartrecorder           I  [Performance] ImportAudioFileUseCase took 190ms (fileSize=1504133bytes)
2025-11-28 16:17:20.625 30856-30856 SmartRecorder/Import    com.yourname.smartrecorder           I  [MAIN] [ViewModel: ImportAudioViewModel] Import completed -> State: recordingId=d25b3d13-6847-4db0-8535-1d450e4cf8d4, title=Lesson 2
2025-11-28 16:17:20.625 30856-30856 SmartRecorder/Import    com.yourname.smartrecorder           D  Starting automatic transcription -> recordingId: d25b3d13-6847-4db0-8535-1d450e4cf8d4
2025-11-28 16:17:20.626 30856-30894 SmartRecorder/UseCase   com.yourname.smartrecorder           I  [MAIN] [UseCase: GenerateTranscriptUseCase] Starting (recordingId=d25b3d13-6847-4db0-8535-1d450e4cf8d4, filePath=/data/user/0/com.yourname.smartrecorder/files/recordings/imported_d25b3d13-6847-4db0-8535-1d450e4cf8d4.mp3)
2025-11-28 16:17:20.626 30856-30894 SmartRecor...Transcript com.yourname.smartrecorder           D  Audio file info -> size: 1504133 bytes, duration: 46972 ms
2025-11-28 16:17:20.627 30856-30894 SmartRecorder/Import    com.yourname.smartrecorder           D  [ImportAudioViewModel] Transcription progress: 0%%
2025-11-28 16:17:20.627 30856-30894 SmartRecor...Transcript com.yourname.smartrecorder           D  [GenerateTranscriptUseCase] Transcription progress: 0%%
2025-11-28 16:17:20.627 30856-30894 WhisperJNI              com.yourname.smartrecorder           I  Loading model from: /data/user/0/com.yourname.smartrecorder/files/whisper-models/ggml-tiny.en.bin
2025-11-28 16:17:20.727   858-858   SurfaceFlinger          surfaceflinger                       D  Display 4633128672291735937 HWC layers:
                                                                                                         CLIENT | 0x70f52e3730 | 0102 | RGBA_8888    |    0.0    0.0    0.0    0.0 |    0 3066 1440 3088 | bbq-wrapper#51312
                                                                                                         CLIENT | 0x70f52dcd70 | 0102 | RGBA_8888    |    0.0   22.0 1440.0 3088.0 |    0    0 1440 3066 | com.yourname.smartrecorder/com.yourn[...]rtrecorder.MainActivity$_30856#51300
                                                                                                         CLIENT |              | 0000 |  Unknown  |    0.0    0.0    0.0    0.0 |  694  128 1402  542 | Task=22702#46682
                                                                                                         CLIENT |              | 0002 |  Unknown  |    0.0    0.0    0.0    0.0 |  712  146 1384  524 | Background for SurfaceView[com.googl[...]oneycomb.Shell$HomeActivity]@0#51179
                                                                                                         CLIENT | 0x70f52f01b0 | 0102 | 0x0000105    |    0.0    0.0 1280.0  720.0 |  712  146 1384  524 | SurfaceView[com.google.android.youtu[...]b.Shell$HomeActivity]@0(BLAST)#51178
                                                                                                         CLIENT | 0x70f52e7e10 | 0100 | RGBA_8888    |    0.0    0.0  672.0  378.0 |  712  146 1384  524 | com.google.android.youtube/com.googl[...]comb.Shell$HomeActivity$_29596#51175
                                                                                                         DEVICE | 0x70f52ea7
2025-11-28 16:17:20.873  1198-1288  WindowManager           system_server                        I  Reparenting to original parent: Surface(name=Task=22743)/@0x6ad3285, destroy=true, surface=Surface(name=ActivityRecord{4e70a6a u0 com.yourname.smartrecorder/.MainActivity} t22743})/@0x9587125
2025-11-28 16:17:20.878   858-858   SurfaceFlinger          surfaceflinger                       D  Display 4633128672291735937 HWC layers:
                                                                                                         DEVICE | 0x70f52dcd70 | 0102 | RGBA_8888    |    0.0    0.0 1440.0 3088.0 |    0    0 1440 3088 | com.yourname.smartrecorder/com.yourn[...]rtrecorder.MainActivity$_30856#51300
                                                                                                         CLIENT |              | 0000 |  Unknown  |    0.0    0.0    0.0    0.0 |  694  128 1402  542 | Task=22702#46682
                                                                                                         CLIENT |              | 0002 |  Unknown  |    0.0    0.0    0.0    0.0 |  712  146 1384  524 | Background for SurfaceView[com.googl[...]oneycomb.Shell$HomeActivity]@0#51179
                                                                                                         CLIENT | 0x70f52f01b0 | 0102 | 0x0000105    |    0.0    0.0 1280.0  720.0 |  712  146 1384  524 | SurfaceView[com.google.android.youtu[...]b.Shell$HomeActivity]@0(BLAST)#51178
                                                                                                         CLIENT | 0x70f52e7e10 | 0100 | RGBA_8888    |    0.0    0.0  672.0  378.0 |  712  146 1384  524 | com.google.android.youtube/com.googl[...]comb.Shell$HomeActivity$_29596#51175
                                                                                                         DEVICE | 0x70f52ced90 | 0100 | RGBA_8888    |    0.0    0.0 1440.0   90.0 |    0    0 1440   90 | StatusBar$_22947#4630
                                                                                                         DEVICE | 0x70f5
2025-11-28 16:17:20.883 30856-30856 ViewRootIm...nActivity] com.yourname.smartrecorder           I  ViewPostIme pointer 0
2025-11-28 16:17:20.888   858-858   Layer                   surfaceflinger                       I  id=51305 removeFromCurrentState Surface(name=ActivityRecord{4e70a6a u0 com.yourname.smartrecorder/.MainActivity} t22743})/@0x9587125 - animation-leash of app_transition#51305 (214)
2025-11-28 16:17:20.888   858-858   Layer                   surfaceflinger                       I  id=51306 removeFromCurrentState Surface(name=ActivityRecord{4e70a6a u0 com.yourname.smartrecorder/.MainActivity} t22743})/@0x9587125 - animation-bounds#51306 (214)
2025-11-28 16:17:20.888   858-858   SurfaceFlinger          surfaceflinger                       I  id=51306 Removed Surface(name=ActivityRecord{4e70a6a u0 com.yourname.smartrecorder/.MainActivity} t22743})/@0x9587125 - animation-bounds#51306 (214)
2025-11-28 16:17:20.888   858-858   SurfaceFlinger          surfaceflinger                       I  id=51305 Removed Surface(name=ActivityRecord{4e70a6a u0 com.yourname.smartrecorder/.MainActivity} t22743})/@0x9587125 - animation-leash of app_transition#51305 (214)
2025-11-28 16:17:20.889   858-858   Layer                   surfaceflinger                       I  id=51306 Destroyed Surface(name=ActivityRecord{4e70a6a u0 com.yourname.smartrecorder/.MainActivity} t22743})/@0x9587125 - animation-bounds#51306
2025-11-28 16:17:20.889   858-858   Layer                   surfaceflinger                       I  id=51305 Destroyed Surface(name=ActivityRecord{4e70a6a u0 com.yourname.smartrecorder/.MainActivity} t22743})/@0x9587125 - animation-leash of app_transition#51305
2025-11-28 16:17:21.021  1198-2005  MdnieScena...rolService system_server                        D   packageName : com.yourname.smartrecorder    className : com.yourname.smartrecorder.MainActivity
2025-11-28 16:17:21.110 30856-30894 WhisperJNI              com.yourname.smartrecorder           I  Model loaded successfully
2025-11-28 16:17:21.110 30856-30894 SmartRecor...Transcript com.yourname.smartrecorder           D  Model loaded successfully
2025-11-28 16:17:21.111 30856-30894 NuMediaExtractor        com.yourname.smartrecorder           V  NuMediaExtractor constructor
2025-11-28 16:17:21.112  1198-1287  SGM:GameManager         system_server                        D  identifyForegroundApp. com.yourname.smartrecorder, mCurrentUserId: 0, callerUserId: 0
2025-11-28 16:17:21.112  1198-1287  SGM:PkgDataHelper       system_server                        D  getGamePkgData(). com.yourname.smartrecorder
2025-11-28 16:17:21.119 30856-30894 NuMediaExtractor        com.yourname.smartrecorder           V  selectTrack, track[0]: audio/mpeg
2025-11-28 16:17:21.121 30856-30894 MediaCodecList          com.yourname.smartrecorder           D  codecHandlesFormat: no format, so no extra checks
2025-11-28 16:17:21.121 30856-30894 MediaCodecList          com.yourname.smartrecorder           D  codecHandlesFormat: no format, so no extra checks
2025-11-28 16:17:21.122 30856-32391 CCodec                  com.yourname.smartrecorder           I  state->set(ALLOCATING)
2025-11-28 16:17:21.123 30856-32391 CCodec                  com.yourname.smartrecorder           I  allocate(c2.sec.mp3.decoder)
2025-11-28 16:17:21.127 30856-32391 Codec2Client            com.yourname.smartrecorder           I  Available Codec2 services: "default" "software"
2025-11-28 16:17:21.129 30856-32391 CCodec                  com.yourname.smartrecorder           I  setting up 'default' as default (vendor) store
2025-11-28 16:17:21.143 30856-32391 CCodec                  com.yourname.smartrecorder           I  Created component [c2.sec.mp3.decoder]
2025-11-28 16:17:21.143 30856-32391 CCodec                  com.yourname.smartrecorder           I  [c2.sec.mp3.decoder] state->set(ALLOCATED)
2025-11-28 16:17:21.144 30856-32391 CCodecConfig            com.yourname.smartrecorder           D  read media type: audio/mpeg
2025-11-28 16:17:21.145 30856-32391 ReflectedParamUpdater   com.yourname.smartrecorder           D  extent() != 1 for single value type: algo.buffers.max-count.values
2025-11-28 16:17:21.145 30856-32391 ReflectedParamUpdater   com.yourname.smartrecorder           D  extent() != 1 for single value type: output.subscribed-indices.values
2025-11-28 16:17:21.145 30856-32391 ReflectedParamUpdater   com.yourname.smartrecorder           D  extent() != 1 for single value type: input.buffers.allocator-ids.values
2025-11-28 16:17:21.145 30856-32391 ReflectedParamUpdater   com.yourname.smartrecorder           D  extent() != 1 for single value type: output.buffers.allocator-ids.values
2025-11-28 16:17:21.145 30856-32391 ReflectedParamUpdater   com.yourname.smartrecorder           D  extent() != 1 for single value type: algo.buffers.allocator-ids.values
2025-11-28 16:17:21.145 30856-32391 ReflectedParamUpdater   com.yourname.smartrecorder           D  extent() != 1 for single value type: output.buffers.pool-ids.values
2025-11-28 16:17:21.145 30856-32391 ReflectedParamUpdater   com.yourname.smartrecorder           D  extent() != 1 for single value type: algo.buffers.pool-ids.values
2025-11-28 16:17:21.146 30856-32391 CCodecConfig            com.yourname.smartrecorder           I  query failed after returning 7 values (BAD_INDEX)
2025-11-28 16:17:21.146 30856-32391 CCodecConfig            com.yourname.smartrecorder           D  c2 config diff is Dict {
                                                                                                      c2::u32 coded.bitrate.value = 64000
                                                                                                      c2::u32 input.buffers.max-size.value = 8192
                                                                                                      c2::u32 input.delay.value = 0
                                                                                                      string input.media-type.value = "audio/mpeg"
                                                                                                      string output.media-type.value = "audio/raw"
                                                                                                      c2::u32 raw.channel-count.value = 2
                                                                                                      c2::u32 raw.sample-rate.value = 44100
                                                                                                    }
2025-11-28 16:17:21.147 30856-32391 MediaCodec              com.yourname.smartrecorder           D  flushMediametrics
2025-11-28 16:17:21.148 30856-32391 CCodec                  com.yourname.smartrecorder           D  [c2.sec.mp3.decoder] buffers are bound to CCodec for this session
2025-11-28 16:17:21.148 30856-32391 CCodec                  com.yourname.smartrecorder           I  appPid(30856) width(0) height(0)
2025-11-28 16:17:21.148 30856-32391 CCodecConfig            com.yourname.smartrecorder           D  no c2 equivalents for track-id
2025-11-28 16:17:21.148 30856-32391 CCodecConfig            com.yourname.smartrecorder           D  no c2 equivalents for durationUs
2025-11-28 16:17:21.148 30856-32391 CCodecConfig            com.yourname.smartrecorder           D  no c2 equivalents for bits-per-sample
2025-11-28 16:17:21.148 30856-32391 CCodecConfig            com.yourname.smartrecorder           D  no c2 equivalents for flags
2025-11-28 16:17:21.149 30856-32391 CCodecConfig            com.yourname.smartrecorder           D  c2 config diff is   c2::u32 coded.bitrate.value = 256000
2025-11-28 16:17:21.149 30856-32391 Codec2Client            com.yourname.smartrecorder           W  query -- param skipped: index = 1107298332.
2025-11-28 16:17:21.149 30856-32391 CCodec                  com.yourname.smartrecorder           D  encoding statistics level = 0
2025-11-28 16:17:21.149 30856-32391 CCodec                  com.yourname.smartrecorder           D  setup formats input: AMessage(what = 0x00000000) = {
                                                                                                      int32_t bitrate = 256000
                                                                                                      int32_t channel-count = 2
                                                                                                      int32_t max-input-size = 8192
                                                                                                      string mime = "audio/mpeg"
                                                                                                      int32_t sample-rate = 44100
                                                                                                      int64_t durationUs = 46972156
                                                                                                    }
2025-11-28 16:17:21.149 30856-32391 CCodec                  com.yourname.smartrecorder           D  setup formats output: AMessage(what = 0x00000000) = {
                                                                                                      int32_t channel-count = 2
                                                                                                      string mime = "audio/raw"
                                                                                                      int32_t sample-rate = 44100
                                                                                                      int32_t android._config-pcm-encoding = 2
                                                                                                    }
2025-11-28 16:17:21.149 30856-32391 CCodecConfig            com.yourname.smartrecorder           I  query failed after returning 7 values (BAD_INDEX)
2025-11-28 16:17:21.152 30856-32391 CCodec                  com.yourname.smartrecorder           I  [c2.sec.mp3.decoder] state->set(STARTING)
2025-11-28 16:17:21.156 30856-32391 Codec2Client            com.yourname.smartrecorder           W  query -- param skipped: index = 1342179345.
2025-11-28 16:17:21.156 30856-32391 Codec2Client            com.yourname.smartrecorder           W  query -- param skipped: index = 2415921170.
2025-11-28 16:17:21.156 30856-32391 C2Store                 com.yourname.smartrecorder           D  Using ION
2025-11-28 16:17:21.156 30856-32391 CCodecBufferChannel     com.yourname.smartrecorder           D  [c2.sec.mp3.decoder#914] Created input block pool with allocatorID 16 => poolID 17 - OK (0)
2025-11-28 16:17:21.161 30856-32391 CCodecBufferChannel     com.yourname.smartrecorder           I  [c2.sec.mp3.decoder#914] Created output block pool with allocatorID 16 => poolID 67 - OK
2025-11-28 16:17:21.161 30856-32391 CCodecBufferChannel     com.yourname.smartrecorder           D  [c2.sec.mp3.decoder#914] Configured output block pool ids 67 => OK
2025-11-28 16:17:21.161 30856-32391 CCodec                  com.yourname.smartrecorder           I  [c2.sec.mp3.decoder] state->set(RUNNING)
2025-11-28 16:17:21.162 30856-32391 CCodecBufferChannel     com.yourname.smartrecorder           I  [c2.sec.mp3.decoder#914] 4 initial input buffers available
2025-11-28 16:17:21.285 30856-30894 SmartRecorder/Import    com.yourname.smartrecorder           D  [ImportAudioViewModel] Transcription progress: 20%%
2025-11-28 16:17:21.285 30856-30894 SmartRecor...Transcript com.yourname.smartrecorder           D  [GenerateTranscriptUseCase] Transcription progress: 20%%
2025-11-28 16:17:21.317 30856-30856 ViewRootIm...nActivity] com.yourname.smartrecorder           I  ViewPostIme pointer 1
2025-11-28 16:17:21.318  1198-1198  SGM:GameManager         system_server                        D  identifyGamePackage. com.yourname.smartrecorder, mCurrentUserId: 0, callerUserId: 0, callingMethodInfo: com.android.server.ssrm.fgapps.GameAppUtils.isGame(GameAppUtils.java:84)
2025-11-28 16:17:21.318  1198-1198  SGM:PkgDataHelper       system_server                        D  getGamePkgData(). com.yourname.smartrecorder
2025-11-28 16:17:21.319  1198-1198  SGM:GameManager         system_server                        D  identifyGamePackage. com.yourname.smartrecorder, mCurrentUserId: 0, callerUserId: 0, callingMethodInfo: com.android.server.ssrm.fgapps.GameAppUtils.isGame(GameAppUtils.java:84)
2025-11-28 16:17:21.319  1198-1198  SGM:PkgDataHelper       system_server                        D  getGamePkgData(). com.yourname.smartrecorder
2025-11-28 16:17:21.678  4879-4879  Routine@Co...overHelper com.samsung.android.app.routines     I  setLastResumedPackageForCover mLastResumedPackage = com.yourname.smartrecorder
2025-11-28 16:17:21.678  4879-4879  Routine@Co...cleWatcher com.samsung.android.app.routines     I  notifyLifecycleChanged mCurResumedComponent=com.yourname.smartrecorder
2025-11-28 16:17:22.534  1198-7983  SGM:GameManager         system_server                        D  identifyGamePackage. com.yourname.smartrecorder, mCurrentUserId: 0, callerUserId: 0, callingMethodInfo: com.android.server.ssrm.SortingMachine.isGame(SortingMachine.java:162)
2025-11-28 16:17:22.534  1198-7983  SGM:PkgDataHelper       system_server                        D  getGamePkgData(). com.yourname.smartrecorder
2025-11-28 16:17:23.068 30856-32391 CCodec                  com.yourname.smartrecorder           I  [c2.sec.mp3.decoder] state->set(STOPPING)
2025-11-28 16:17:23.068 30856-32391 CCodecBufferChannel     com.yourname.smartrecorder           D  [c2.sec.mp3.decoder#914] MediaCodec discarded an unknown buffer
2025-11-28 16:17:23.068 30856-32391 CCodecBufferChannel     com.yourname.smartrecorder           D  [c2.sec.mp3.decoder#914] MediaCodec discarded an unknown buffer
2025-11-28 16:17:23.068 30856-32391 CCodecBufferChannel     com.yourname.smartrecorder           D  [c2.sec.mp3.decoder#914] MediaCodec discarded an unknown buffer
2025-11-28 16:17:23.068 30856-32391 CCodec                  com.yourname.smartrecorder           I  [c2.sec.mp3.decoder] state->set(ALLOCATED)
2025-11-28 16:17:23.068 30856-32391 CCodec                  com.yourname.smartrecorder           I  [c2.sec.mp3.decoder] state->set(RELEASING)
2025-11-28 16:17:23.069 30856-32400 CCodec                  com.yourname.smartrecorder           I  [c2.sec.mp3.decoder] release(1)
2025-11-28 16:17:23.069 30856-32400 CCodec                  com.yourname.smartrecorder           I  [c2.sec.mp3.decoder] state->set(RELEASED)
2025-11-28 16:17:23.070 30856-32391 hw-BpHwBinder           com.yourname.smartrecorder           I  onLastStrongRef automatically unlinking death recipients
2025-11-28 16:17:23.072 30856-32391 MediaCodec              com.yourname.smartrecorder           I  Codec shutdown complete
2025-11-28 16:17:23.072 30856-32391 MediaCodec              com.yourname.smartrecorder           D  flushMediametrics
2025-11-28 16:17:23.072 30856-32391 MediaCodec              com.yourname.smartrecorder           D  flushMediametrics
2025-11-28 16:17:23.328 30856-30894 NuMediaExtractor        com.yourname.smartrecorder           V  NuMediaExtractor destructor
2025-11-28 16:17:23.437 30856-30894 SmartRecorder/Import    com.yourname.smartrecorder           D  [ImportAudioViewModel] Transcription progress: 60%%
2025-11-28 16:17:23.437 30856-30894 SmartRecor...Transcript com.yourname.smartrecorder           D  [GenerateTranscriptUseCase] Transcription progress: 60%%
2025-11-28 16:17:24.552  1198-7983  SGM:GameManager         system_server                        D  identifyGamePackage. com.yourname.smartrecorder, mCurrentUserId: 0, callerUserId: 0, callingMethodInfo: com.android.server.ssrm.SortingMachine.isGame(SortingMachine.java:162)
2025-11-28 16:17:24.552  1198-7983  SGM:PkgDataHelper       system_server                        D  getGamePkgData(). com.yourname.smartrecorder
2025-11-28 16:17:28.160 30856-32394 BufferPoolAccessor2.0   com.yourname.smartrecorder           D  bufferpool2 0x719dc30c48 : 0(0 size) total buffers - 0(0 size) used buffers - 0/5 (recycle/alloc) - 4/3596 (fetch/transfer)
2025-11-28 16:17:28.160 30856-32394 BufferPoolAccessor2.0   com.yourname.smartrecorder           D  evictor expired: 1, evicted: 1
2025-11-28 16:17:30.789 30856-30894 SmartRecorder/Import    com.yourname.smartrecorder           D  [ImportAudioViewModel] Transcription progress: 80%%
2025-11-28 16:17:30.789 30856-30894 SmartRecor...Transcript com.yourname.smartrecorder           D  [GenerateTranscriptUseCase] Transcription progress: 80%%
2025-11-28 16:17:30.805 30856-30894 SmartRecorder/Import    com.yourname.smartrecorder           D  [ImportAudioViewModel] Transcription progress: 100%%
2025-11-28 16:17:30.805 30856-30894 SmartRecor...Transcript com.yourname.smartrecorder           D  [GenerateTranscriptUseCase] Transcription progress: 100%%
2025-11-28 16:17:30.805 30856-30894 SmartRecor...Transcript com.yourname.smartrecorder           D  Transcription completed: 20 segments
2025-11-28 16:17:30.806 30856-30894 SmartRecor...Transcript com.yourname.smartrecorder           D  Generated 20 RAW transcript segments (no speaker processing)
2025-11-28 16:17:30.806 30856-30894 SmartRecor...Transcript com.yourname.smartrecorder           D  Saving RAW transcript segments to database (fast path)
2025-11-28 16:17:30.806 30856-30894 SmartRecor...Repository com.yourname.smartrecorder           D  [BG] [DB: transcript_segments] INSERT -> recordingId=d25b3d13-6847-4db0-8535-1d450e4cf8d4, count=20
2025-11-28 16:17:30.819 30856-30894 SmartRecor...Repository com.yourname.smartrecorder           D  [BG] [DB: transcript_segments] INSERT_COMPLETE -> recordingId=d25b3d13-6847-4db0-8535-1d450e4cf8d4, count=20, duration=13ms
2025-11-28 16:17:30.819 30856-30894 SmartRecor...Transcript com.yourname.smartrecorder           D  Raw segments saved -> triggering navigation callback
2025-11-28 16:17:30.819 30856-30894 SmartRecorder/Import    com.yourname.smartrecorder           D  Raw segments saved -> navigating immediately -> recordingId: d25b3d13-6847-4db0-8535-1d450e4cf8d4
2025-11-28 16:17:30.819 30856-30894 SmartRecorder/UseCase   com.yourname.smartrecorder           I  [MAIN] [UseCase: GenerateTranscriptUseCase] Completed (recordingId=d25b3d13-6847-4db0-8535-1d450e4cf8d4, segments=20, duration=10193ms)
2025-11-28 16:17:30.819 30856-30894 SmartRecor...Transcript com.yourname.smartrecorder           I  [Performance] GenerateTranscriptUseCase took 10193ms (segments=20, fileSize=1504133bytes)
2025-11-28 16:17:30.821 30856-30856 SmartRecorder/Import    com.yourname.smartrecorder           I  [MAIN] [ViewModel: ImportAudioViewModel] Transcription completed -> State: recordingId=d25b3d13-6847-4db0-8535-1d450e4cf8d4
2025-11-28 16:17:30.866 30856-30856 SmartRecorder/ViewModel com.yourname.smartrecorder           D  [SmartRecorderApp] Navigating to imported recording transcript -> recordingId: d25b3d13-6847-4db0-8535-1d450e4cf8d4
2025-11-28 16:17:30.869 30856-30856 SmartRecorder/Import    com.yourname.smartrecorder           D  Import handled - clearing navigation state
2025-11-28 16:17:30.888  1198-1897  CoreBackPreview         system_server                        D  Window{3f937f2 u0 com.yourname.smartrecorder/com.yourname.smartrecorder.MainActivity}: Setting back callback OnBackInvokedCallbackInfo{mCallback=android.window.IOnBackInvokedCallback$Stub$Proxy@bec9473, mPriority=0}
2025-11-28 16:17:31.073 30856-30856 SmartRecorder/ViewModel com.yourname.smartrecorder           D  [TranscriptScreen] Screen loaded -> recordingId: d25b3d13-6847-4db0-8535-1d450e4cf8d4
2025-11-28 16:17:31.073 30856-30856 SmartRecor...Transcript com.yourname.smartrecorder           I  [MAIN] [ViewModel: TranscriptViewModel] loadRecording -> State: recordingId=d25b3d13-6847-4db0-8535-1d450e4cf8d4
2025-11-28 16:17:31.074 30856-30856 SmartRecor...Transcript com.yourname.smartrecorder           D  Loading recording details -> recordingId: d25b3d13-6847-4db0-8535-1d450e4cf8d4
2025-11-28 16:17:31.074 30856-30856 SmartRecorder/UseCase   com.yourname.smartrecorder           I  [MAIN] [UseCase: GetRecordingDetailUseCase] Starting (recordingId=d25b3d13-6847-4db0-8535-1d450e4cf8d4)
2025-11-28 16:17:31.074 30856-30856 SmartRecor...Repository com.yourname.smartrecorder           D  [BG] [DB: recordings] SELECT -> id=d25b3d13-6847-4db0-8535-1d450e4cf8d4
2025-11-28 16:17:31.074 30856-30856 SmartRecorder/ViewModel com.yourname.smartrecorder           D  [TranscriptScreen] User switched tab -> tab: TRANSCRIPT
2025-11-28 16:17:31.076 30856-30856 SmartRecorder/ViewModel com.yourname.smartrecorder           D  [TranscriptTabContent] State -> segmentsCount: 0, isGenerating: false, isLoading: false, searchQuery: 
2025-11-28 16:17:31.105 30856-30856 SmartRecor...Repository com.yourname.smartrecorder           D  [BG] [DB: recordings] SELECT_COMPLETE -> id=d25b3d13-6847-4db0-8535-1d450e4cf8d4, found=true
2025-11-28 16:17:31.105 30856-30856 SmartRecorder/UseCase   com.yourname.smartrecorder           I  [MAIN] [UseCase: GetRecordingDetailUseCase] Completed (recordingId=d25b3d13-6847-4db0-8535-1d450e4cf8d4, found=true, duration=31ms)
2025-11-28 16:17:31.105 30856-30856 SmartRecor...Transcript com.yourname.smartrecorder           D  Recording loaded -> id: d25b3d13-6847-4db0-8535-1d450e4cf8d4, title: Lesson 2, duration: 46972 ms, file: /data/user/0/com.yourname.smartrecorder/files/recordings/imported_d25b3d13-6847-4db0-8535-1d450e4cf8d4.mp3
2025-11-28 16:17:31.106 30856-30856 SmartRecorder/UseCase   com.yourname.smartrecorder           I  [MAIN] [UseCase: GetTranscriptUseCase] Invoked (recordingId=d25b3d13-6847-4db0-8535-1d450e4cf8d4)
2025-11-28 16:17:31.106 30856-30856 SmartRecor...Repository com.yourname.smartrecorder           D  [Flow: getTranscriptSegments] Subscribed -> recordingId=d25b3d13-6847-4db0-8535-1d450e4cf8d4
2025-11-28 16:17:31.108 30856-30856 SmartRecor...Repository com.yourname.smartrecorder           D  [Flow: getNotesByRecordingId] Subscribed -> recordingId=d25b3d13-6847-4db0-8535-1d450e4cf8d4
2025-11-28 16:17:31.108 30856-30856 SmartRecorder/UseCase   com.yourname.smartrecorder           I  [MAIN] [UseCase: GetBookmarksUseCase] Invoked (recordingId=d25b3d13-6847-4db0-8535-1d450e4cf8d4)
2025-11-28 16:17:31.108 30856-30856 SmartRecor...Repository com.yourname.smartrecorder           D  [Flow: getBookmarksByRecordingId] Subscribed -> recordingId=d25b3d13-6847-4db0-8535-1d450e4cf8d4
2025-11-28 16:17:31.110 30856-30856 SmartRecorder/ViewModel com.yourname.smartrecorder           D  [TranscriptTabContent] State -> segmentsCount: 0, isGenerating: false, isLoading: true, searchQuery: 
2025-11-28 16:17:31.140 30856-30856 SmartRecor...Repository com.yourname.smartrecorder           D  [Flow: getBookmarksByRecordingId] Emitted -> recordingId=d25b3d13-6847-4db0-8535-1d450e4cf8d4, count=0
2025-11-28 16:17:31.140 30856-30856 SmartRecorder/UseCase   com.yourname.smartrecorder           I  [MAIN] [UseCase: GetBookmarksUseCase] Emitted (recordingId=d25b3d13-6847-4db0-8535-1d450e4cf8d4, count=0)
2025-11-28 16:17:31.140 30856-30856 SmartRecor...Transcript com.yourname.smartrecorder           D  Bookmarks loaded: 0
2025-11-28 16:17:31.140 30856-30856 SmartRecor...Repository com.yourname.smartrecorder           D  [Flow: getNotesByRecordingId] Emitted -> recordingId=d25b3d13-6847-4db0-8535-1d450e4cf8d4, count=0
2025-11-28 16:17:31.141 30856-30856 SmartRecor...Transcript com.yourname.smartrecorder           D  Notes loaded -> count: 0
2025-11-28 16:17:31.141 30856-30856 SmartRecor...Repository com.yourname.smartrecorder           D  [Flow: getTranscriptSegments] Emitted -> recordingId=d25b3d13-6847-4db0-8535-1d450e4cf8d4, count=19
2025-11-28 16:17:31.141 30856-30856 SmartRecorder/UseCase   com.yourname.smartrecorder           I  [MAIN] [UseCase: GetTranscriptUseCase] Emitted (recordingId=d25b3d13-6847-4db0-8535-1d450e4cf8d4, count=19)
2025-11-28 16:17:31.141 30856-30856 SmartRecor...Transcript com.yourname.smartrecorder           D  Transcript segments received -> count: 19, recordingId: d25b3d13-6847-4db0-8535-1d450e4cf8d4
2025-11-28 16:17:31.141 30856-30856 SmartRecor...Transcript com.yourname.smartrecorder           D  Segments updated in UI -> count: 19
2025-11-28 16:17:31.141 30856-30856 SmartRecor...Transcript com.yourname.smartrecorder           D  Segments need processing -> triggering background processing
2025-11-28 16:17:31.142 30856-30856 SmartRecor...Transcript com.yourname.smartrecorder           I  [MAIN] [ViewModel: TranscriptViewModel] loadRecording completed -> State: duration=69ms, segments=19, notes=0
2025-11-28 16:17:31.142 30856-30856 SmartRecor...Transcript com.yourname.smartrecorder           I  [Performance] loadRecording took 69ms
2025-11-28 16:17:31.142 30856-30878 SmartRecorder/UseCase   com.yourname.smartrecorder           I  [MAIN] [UseCase: GenerateSummaryUseCase] Starting (textLength=420)
2025-11-28 16:17:31.142 30856-30878 SmartRecorder/UseCase   com.yourname.smartrecorder           D  Found 19 sentences
2025-11-28 16:17:31.143 30856-30878 SmartRecorder/UseCase   com.yourname.smartrecorder           D  No summary cues found, using first 3 sentences
2025-11-28 16:17:31.144 30856-30878 SmartRecorder/UseCase   com.yourname.smartrecorder           I  [MAIN] [UseCase: GenerateSummaryUseCase] Completed (summaryLength=65, sentences=3, duration=2ms)
2025-11-28 16:17:31.144 30856-30878 SmartRecorder/UseCase   com.yourname.smartrecorder           I  [Performance] GenerateSummaryUseCase took 2ms (textLength=420, summaryLength=65)
2025-11-28 16:17:31.144 30856-30878 SmartRecor...Transcript com.yourname.smartrecorder           I  [Performance] GenerateSummary took 2ms
2025-11-28 16:17:31.144 30856-30878 SmartRecorder/UseCase   com.yourname.smartrecorder           I  [MAIN] [UseCase: ExtractKeywordsUseCase] Starting (textLength=420, topN=10)
2025-11-28 16:17:31.145 30856-30878 SmartRecorder/UseCase   com.yourname.smartrecorder           I  [MAIN] [UseCase: ExtractKeywordsUseCase] Completed (keywords=10, duration=1ms)
2025-11-28 16:17:31.145 30856-30878 SmartRecorder/UseCase   com.yourname.smartrecorder           I  [Performance] ExtractKeywordsUseCase took 1ms (textLength=420, keywords=10)
2025-11-28 16:17:31.145 30856-30878 SmartRecor...Transcript com.yourname.smartrecorder           I  [Performance] ExtractKeywords took 1ms (count=10)
2025-11-28 16:17:31.145 30856-30878 SmartRecor...Transcript com.yourname.smartrecorder           D  Questions detected: 7
2025-11-28 16:17:31.270 30856-30856 SmartRecorder/ViewModel com.yourname.smartrecorder           D  [TranscriptTabContent] State -> segmentsCount: 19, isGenerating: false, isLoading: false, searchQuery: 
2025-11-28 16:17:31.322  1198-1895  SGM:GameManager         system_server                        D  identifyForegroundApp. com.yourname.smartrecorder, mCurrentUserId: 0, callerUserId: 0
2025-11-28 16:17:31.322  1198-1895  SGM:PkgDataHelper       system_server                        D  getGamePkgData(). com.yourname.smartrecorder
2025-11-28 16:17:31.347  1198-1895  SGM:GameManager         system_server                        D  identifyForegroundApp. com.yourname.smartrecorder, mCurrentUserId: 0, callerUserId: 150
2025-11-28 16:17:31.347  1198-1895  SGM:PkgDataHelper       system_server                        D  getGamePkgData(). com.yourname.smartrecorder
2025-11-28 16:17:31.443 30856-30878 SmartRecor...Transcript com.yourname.smartrecorder           D  Starting background transcript processing -> recordingId: d25b3d13-6847-4db0-8535-1d450e4cf8d4
2025-11-28 16:17:31.443 30856-30878 SmartRecorder/UseCase   com.yourname.smartrecorder           I  [MAIN] [UseCase: ProcessTranscriptUseCase] Starting (recordingId=d25b3d13-6847-4db0-8535-1d450e4cf8d4)
2025-11-28 16:17:31.443 30856-30878 SmartRecor...Repository com.yourname.smartrecorder           D  [BG] [DB: transcript_segments] SELECT -> recordingId=d25b3d13-6847-4db0-8535-1d450e4cf8d4 (sync)
2025-11-28 16:17:31.445 30856-30878 SmartRecor...Repository com.yourname.smartrecorder           D  [BG] [DB: transcript_segments] SELECT_COMPLETE -> recordingId=d25b3d13-6847-4db0-8535-1d450e4cf8d4, count=19
2025-11-28 16:17:31.445 30856-30878 SmartRecor...Transcript com.yourname.smartrecorder           D  Processing 19 raw segments -> recordingId: d25b3d13-6847-4db0-8535-1d450e4cf8d4
2025-11-28 16:17:31.446 30856-30878 SmartRecor...Transcript com.yourname.smartrecorder           D  === [WHISPER_RAW_SEGMENTS] ===
2025-11-28 16:17:31.446 30856-30878 SmartRecor...Transcript com.yourname.smartrecorder           D  #0 start=2,00s end=5,00s text="I'm on business."
2025-11-28 16:17:31.446 30856-30878 SmartRecor...Transcript com.yourname.smartrecorder           D  #1 start=5,00s end=7,72s text="Why did you come to the UK?"
2025-11-28 16:17:31.446 30856-30878 SmartRecor...Transcript com.yourname.smartrecorder           D  #2 start=7,72s end=10,22s text="I came here to work."
2025-11-28 16:17:31.446 30856-30878 SmartRecor...Transcript com.yourname.smartrecorder           D  #3 start=10,22s end=12,80s text="I came here to study."
2025-11-28 16:17:31.447 30856-30878 SmartRecor...Transcript com.yourname.smartrecorder           D  #4 start=12,80s end=15,44s text="I wanted to live abroad."
2025-11-28 16:17:31.447 30856-30878 SmartRecor...Transcript com.yourname.smartrecorder           D  #5 start=15,44s end=17,84s text="How long have you lived here?"
2025-11-28 16:17:31.447 30856-30878 SmartRecor...Transcript com.yourname.smartrecorder           D  #6 start=17,84s end=20,08s text="I've only just arrived."
2025-11-28 16:17:31.447 30856-30878 SmartRecor...Transcript com.yourname.smartrecorder           D  #7 start=20,08s end=22,12s text="A few months."
2025-11-28 16:17:31.447 30856-30878 SmartRecor...Transcript com.yourname.smartrecorder           D  #8 start=22,12s end=24,84s text="Just over two years."
2025-11-28 16:17:31.447 30856-30878 SmartRecor...Transcript com.yourname.smartrecorder           D  #9 start=24,84s end=28,00s text="How long are you planning to stay here?"
2025-11-28 16:17:31.448 30856-30878 SmartRecor...Transcript com.yourname.smartrecorder           D  #10 start=28,00s end=29,80s text="Another year."
2025-11-28 16:17:31.448 30856-30878 SmartRecor...Transcript com.yourname.smartrecorder           D  #11 start=29,80s end=31,80s text="Do you like it here?"
2025-11-28 16:17:31.448 30856-30878 SmartRecor...Transcript com.yourname.smartrecorder           D  #12 start=31,80s end=33,80s text="I like it a lot."
2025-11-28 16:17:31.449 30856-30878 SmartRecor...Transcript com.yourname.smartrecorder           D  #13 start=33,80s end=35,80s text="What do you like about it?"
2025-11-28 16:17:31.449 30856-30878 SmartRecor...Transcript com.yourname.smartrecorder           D  #14 start=35,80s end=38,80s text="I like the food."
2025-11-28 16:17:31.449 30856-30878 SmartRecor...Transcript com.yourname.smartrecorder           D  #15 start=38,80s end=40,80s text="I like the weather."
2025-11-28 16:17:31.449 30856-30878 SmartRecor...Transcript com.yourname.smartrecorder           D  #16 start=40,80s end=42,80s text="I like the people."
2025-11-28 16:17:31.449 30856-30878 SmartRecor...Transcript com.yourname.smartrecorder           D  #17 start=42,80s end=44,80s text="When's your birthday?"
2025-11-28 16:17:31.449 30856-30878 SmartRecor...Transcript com.yourname.smartrecorder           D  #18 start=44,80s end=46,80s text="Who do you live with?"
2025-11-28 16:17:31.450 30856-30878 SmartRecor...Transcript com.yourname.smartrecorder           D  === [SPEAKER_MARKERS_DETECTED] ===
2025-11-28 16:17:31.450 30856-30878 SmartRecor...Transcript com.yourname.smartrecorder           W  No speaker markers found in transcript
2025-11-28 16:17:31.450 30856-30878 SmartRecor...Transcript com.yourname.smartrecorder           W  No speaker markers detected, using single block for all segments
2025-11-28 16:17:31.450 30856-30878 SmartRecor...Transcript com.yourname.smartrecorder           D  === [SPEAKER_BLOCKS_FINAL] ===
