2025-11-27 16:50:55.481  1198-2733  FreecessController      system_server                        D  com.yourname.smartrecorder(10974) is important[!isUidIdle]
2025-11-27 16:51:05.482  1198-2733  FreecessController      system_server                        D  com.yourname.smartrecorder(10974) is important[!isUidIdle]
2025-11-27 16:51:15.483  1198-2733  FreecessController      system_server                        D  com.yourname.smartrecorder(10974) is important[!isUidIdle]
2025-11-27 16:51:25.483  1198-2733  FreecessController      system_server                        D  com.yourname.smartrecorder(10974) is important[!isUidIdle]
2025-11-27 16:51:35.484  1198-2733  FreecessController      system_server                        D  com.yourname.smartrecorder(10974) is important[!isUidIdle]
2025-11-27 16:51:45.484  1198-2733  FreecessController      system_server                        D  com.yourname.smartrecorder(10974) is important[!isUidIdle]
2025-11-27 16:51:55.484  1198-2733  FreecessController      system_server                        D  com.yourname.smartrecorder(10974) is important[!isUidIdle]
2025-11-27 16:52:00.241  1198-1376  AppsFilter              system_server                        I  interaction: PackageSetting{781d3f5 com.yourname.smartrecorder/10974} -> PackageSetting{b70a44f com.facebook.appmanager/10217} BLOCKED
2025-11-27 16:52:04.144  1198-1704  Pageboost               system_server                        I  start alp : com.yourname.smartrecorder
2025-11-27 16:52:04.144  1198-1707  Pageboost               system_server                        I  alp for : com.yourname.smartrecorder , 0
2025-11-27 16:52:04.181  1198-4342  Pageboost               system_server                        I  onAppLaunch : com.yourname.smartrecorder
2025-11-27 16:52:04.181  1198-1707  Pageboost               system_server                        I  Record App IO : com.yourname.smartrecorder pid 0
2025-11-27 16:52:04.182  1198-4342  ActivityTaskManager     system_server                        I  START u0 {act=android.intent.action.MAIN cat=[android.intent.category.LAUNCHER] flg=0x10200000 cmp=com.yourname.smartrecorder/.MainActivity bnds=[724,1324][1052,1806]} from uid 10139
2025-11-27 16:52:04.185  1198-4342  ActivityTaskManager     system_server                        D  TaskLaunchParamsModifier:task=null activity=ActivityRecord{be714d7 u0 com.yourname.smartrecorder/.MainActivity} display-from-option=0 display-id=0 display-windowing-mode=1 suggested-display-area=DefaultTaskDisplayArea@72262064
2025-11-27 16:52:04.185  1198-4342  [secipm]                system_server                        D  mSecIpmManager Preload com.yourname.smartrecorder dex files
2025-11-27 16:52:04.185  1198-4342  ActivityTaskManager     system_server                        D  TaskLaunchParamsModifier:task=null activity=ActivityRecord{be714d7 u0 com.yourname.smartrecorder/.MainActivity} t-1} display-from-option=0 display-id=0 display-windowing-mode=1 suggested-display-area=DefaultTaskDisplayArea@72262064 inherit-from-source=fullscreen activity-options-fullscreen=Rect(0, 0 - 0, 0) non-freeform-display display-area=DefaultTaskDisplayArea@72262064 maximized-bounds
2025-11-27 16:52:04.187  1198-1287  ChimeraSys...ntListener system_server                        I  appLaunchIntent package name is: com.yourname.smartrecorder
2025-11-27 16:52:04.188  1198-4342  ActivityTaskManager     system_server                        D  TaskLaunchParamsModifier:task=Task{f0791c4 #22568 type=standard A=10974:com.yourname.smartrecorder U=0 visible=false visibleRequested=false mode=fullscreen translucent=true sz=0} activity=ActivityRecord{be714d7 u0 com.yourname.smartrecorder/.MainActivity} t-1} display-from-option=0 display-id=0 display-windowing-mode=1 suggested-display-area=DefaultTaskDisplayArea@72262064 inherit-from-source=fullscreen activity-options-fullscreen=Rect(0, 0 - 0, 0) non-freeform-display display-area=DefaultTaskDisplayArea@72262064 maximized-bounds
2025-11-27 16:52:04.189   858-1169  SurfaceFlinger          surfaceflinger                       I  id=33922 createSurf flag=80004, ActivityRecord{be714d7 u0 com.yourname.smartrecorder/.MainActivity} t22568}#33922
2025-11-27 16:52:04.192  1198-4342  WindowManager           system_server                        V  Added starting ActivityRecord{be714d7 u0 com.yourname.smartrecorder/.MainActivity} t22568}: startingWindow=null startingView=com.android.server.wm.StartingSurfaceController$StartingSurface@9ce0630
2025-11-27 16:52:04.217   858-1169  SurfaceFlinger          surfaceflinger                       I  id=33923 createSurf flag=80004, 45ced92 Splash Screen com.yourname.smartrecorder#33923
2025-11-27 16:52:04.218  1198-4342  WindowManager           system_server                        V  addWindow: ActivityRecord{be714d7 u0 com.yourname.smartrecorder/.MainActivity} t22568} startingWindow=Window{45ced92 u0 Splash Screen com.yourname.smartrecorder}
2025-11-27 16:52:04.219  1198-4203  MARsPolicyManager       system_server                        D  onPackageResumedFG pkgName = com.yourname.smartrecorder, userId = 0
2025-11-27 16:52:04.219 22947-22995 InsetsController        com.android.systemui                 D  onStateChanged: InsetsState: {mDisplayFrame=Rect(0, 0 - 1440, 3088), mDisplayCutout=DisplayCutout{insets=Rect(0, 89 - 0, 0) waterfall=Insets{left=0, top=0, right=0, bottom=0} boundingRect={Bounds=[Rect(0, 0 - 0, 0), Rect(685, 0 - 755, 89), Rect(0, 0 - 0, 0), Rect(0, 0 - 0, 0)]} cutoutPathParserInfo={CutoutPathParserInfo{displayWidth=1440 displayHeight=3088 physicalDisplayWidth=1440 physicalDisplayHeight=3088 density={3.5} cutoutSpec={M 0,0 H -10 V 25.42857142857143 H 10 V 0 H 0 Z @dp} rotation={0} scale={1.0} physicalPixelDisplaySizeRatio={1.0}}}}, mRoundedCorners=RoundedCorners{[RoundedCorner{position=TopLeft, radius=112, center=Point(112, 112)}, RoundedCorner{position=TopRight, radius=112, center=Point(1328, 112)}, RoundedCorner{position=BottomRight, radius=112, center=Point(1328, 2976)}, RoundedCorner{position=BottomLeft, radius=112, center=Point(112, 2976)}]}  mRoundedCornerFrame=Rect(0, 0 - 1440, 3088), mPrivacyIndicatorBounds=PrivacyIndicatorBounds {static bounds=Rect(1286, 0 - 1440, 90) rotation=0}, mSources= { InsetsSource: {mType=ITYPE_STATUS_BAR, mFrame=[0,0][1440,90], mVisible=true, mInsetsRoundedCornerFrame=false}, InsetsSource: {mType=ITYPE_NAVIGATION_BAR, mFrame=[0,2920][1440,3088], mVisible=true, mInsetsRoundedCornerFrame=false}, InsetsSource: {mType=ITYPE_LEFT_GESTURES, mFrame=[0,0][0,3088], mVisible=true, mInsetsRoundedCornerFrame=false}, InsetsSource: {mType=ITYPE_RIGHT_GESTURES, mFrame=[1440,0][1440,3088], mVisible=true, mInsetsRoundedCornerFrame=false}, InsetsSource: {mType=ITYPE_TOP_MANDATORY_GESTURES, mFrame=[0,0][1440,131], mVisible=true, mInsetsRoundedCornerFrame=false}, InsetsSource: {mType=ITYPE_BOTTOM_MANDATORY_GESTURES, mFrame=[0,2920][1440,3088], mVisible=true, mInsetsRoundedCornerFrame=false}, InsetsSource: {mType=ITYPE_LEFT_DISPLAY_CUTOUT, mFrame=[0,0][-100000,3088], mVisible=true, mInsetsRoundedCornerFrame=false}, InsetsSource: {mType=ITYPE_TOP_DISPLAY_CUTOUT, mFrame=[0,0][1440,89], mVisible=true, mInsetsRoundedCornerFrame=false}, InsetsSource: {mType=ITYPE_RIGHT_DISPLAY_CUTOUT, mFrame=[100000,0][1440,3088], mVisible=true, mInsetsRoundedCornerFrame=false}, InsetsSource: {mType=ITYPE_BOTTOM_DISPLAY_CUTOUT, mFrame=[0,100000][1440,3088], mVisible=true, mInsetsRoundedCornerFrame=false}, InsetsSource: {mType=ITYPE_TOP_TAPPABLE_ELEMENT, mFrame=[0,0][1440,90], mVisible=true, mInsetsRoundedCornerFrame=false}, InsetsSource: {mType=ITYPE_BOTTOM_TAPPABLE_ELEMENT, mFrame=[0,2920][1440,3088], mVisible=true, mInsetsRoundedCornerFrame=false} } host=Splash Screen com.yourname.smartrecorder from=android.view.ViewRootImpl.setView:1732
2025-11-27 16:52:04.221  1198-4203  WindowManagerServiceExt system_server                        D  notifyOccludeChangeNotice: cn=ComponentInfo{com.yourname.smartrecorder/com.yourname.smartrecorder.MainActivity} occludesParent=true inMultiWindow=false styleFloating=false caller=com.android.server.wm.WindowManagerServiceExt.updateOccludeTargetIfNeeded:1402 com.android.server.wm.DisplayContent.ensureActivitiesVisible:7532 com.android.server.wm.RootWindowContainer.ensureActivitiesVisible:2248 com.android.server.wm.RootWindowContainer.ensureActivitiesVisible:2229 com.android.server.wm.TaskFragment.completePause:2076 
2025-11-27 16:52:04.224  1198-4342  WindowManager           system_server                        V  Relayout Window{45ced92 u0 Splash Screen com.yourname.smartrecorder}: viewVisibility=0 req=1440x3088 d0
2025-11-27 16:52:04.224   858-1169  SurfaceFlinger          surfaceflinger                       I  id=33924 createSurf flag=40004, Splash Screen com.yourname.smartrecorder$_22947#33924
2025-11-27 16:52:04.224  1198-4342  WindowManager           system_server                        D  makeSurface duration=1 name=Splash Screen com.yourname.smartrecorder$_22947
2025-11-27 16:52:04.231  1198-4342  WindowManager           system_server                        D  rotationForOrientation, orientationSource=ActivityRecord{be714d7 u0 com.yourname.smartrecorder/.MainActivity} t22568}
2025-11-27 16:52:04.235 22947-22995 InsetsController        com.android.systemui                 D  onStateChanged: InsetsState: {mDisplayFrame=Rect(0, 0 - 1440, 3088), mDisplayCutout=DisplayCutout{insets=Rect(0, 89 - 0, 0) waterfall=Insets{left=0, top=0, right=0, bottom=0} boundingRect={Bounds=[Rect(0, 0 - 0, 0), Rect(685, 0 - 755, 89), Rect(0, 0 - 0, 0), Rect(0, 0 - 0, 0)]} cutoutPathParserInfo={CutoutPathParserInfo{displayWidth=1440 displayHeight=3088 physicalDisplayWidth=1440 physicalDisplayHeight=3088 density={3.5} cutoutSpec={M 0,0 H -10 V 25.42857142857143 H 10 V 0 H 0 Z @dp} rotation={0} scale={1.0} physicalPixelDisplaySizeRatio={1.0}}}}, mRoundedCorners=RoundedCorners{[RoundedCorner{position=TopLeft, radius=112, center=Point(112, 112)}, RoundedCorner{position=TopRight, radius=112, center=Point(1328, 112)}, RoundedCorner{position=BottomRight, radius=112, center=Point(1328, 2976)}, RoundedCorner{position=BottomLeft, radius=112, center=Point(112, 2976)}]}  mRoundedCornerFrame=Rect(0, 0 - 1440, 3088), mPrivacyIndicatorBounds=PrivacyIndicatorBounds {static bounds=Rect(1286, 0 - 1440, 90) rotation=0}, mSources= { InsetsSource: {mType=ITYPE_STATUS_BAR, mFrame=[0,0][1440,90], mVisible=true, mInsetsRoundedCornerFrame=false}, InsetsSource: {mType=ITYPE_NAVIGATION_BAR, mFrame=[0,2920][1440,3088], mVisible=true, mInsetsRoundedCornerFrame=false}, InsetsSource: {mType=ITYPE_LEFT_GESTURES, mFrame=[0,0][0,3088], mVisible=true, mInsetsRoundedCornerFrame=false}, InsetsSource: {mType=ITYPE_RIGHT_GESTURES, mFrame=[1440,0][1440,3088], mVisible=true, mInsetsRoundedCornerFrame=false}, InsetsSource: {mType=ITYPE_TOP_MANDATORY_GESTURES, mFrame=[0,0][1440,131], mVisible=true, mInsetsRoundedCornerFrame=false}, InsetsSource: {mType=ITYPE_BOTTOM_MANDATORY_GESTURES, mFrame=[0,2920][1440,3088], mVisible=true, mInsetsRoundedCornerFrame=false}, InsetsSource: {mType=ITYPE_LEFT_DISPLAY_CUTOUT, mFrame=[0,0][-100000,3088], mVisible=true, mInsetsRoundedCornerFrame=false}, InsetsSource: {mType=ITYPE_TOP_DISPLAY_CUTOUT, mFrame=[0,0][1440,89], mVisible=true, mInsetsRoundedCornerFrame=false}, InsetsSource: {mType=ITYPE_RIGHT_DISPLAY_CUTOUT, mFrame=[100000,0][1440,3088], mVisible=true, mInsetsRoundedCornerFrame=false}, InsetsSource: {mType=ITYPE_BOTTOM_DISPLAY_CUTOUT, mFrame=[0,100000][1440,3088], mVisible=true, mInsetsRoundedCornerFrame=false}, InsetsSource: {mType=ITYPE_TOP_TAPPABLE_ELEMENT, mFrame=[0,0][1440,90], mVisible=true, mInsetsRoundedCornerFrame=false}, InsetsSource: {mType=ITYPE_BOTTOM_TAPPABLE_ELEMENT, mFrame=[0,2920][1440,3088], mVisible=true, mInsetsRoundedCornerFrame=false}, InsetsSource: {mType=ITYPE_IME, mFrame=[0,0][0,0], mVisibleFrame=[0,1886][1440,3088], mVisible=false, mInsetsRoundedCornerFrame=false} } host=Splash Screen com.yourname.smartrecorder from=android.view.ViewRootImpl.relayoutWindow:9802
2025-11-27 16:52:04.248  1198-1218  WindowManager           system_server                        D  finishDrawingWindow: Window{45ced92 u0 Splash Screen com.yourname.smartrecorder} mDrawState=DRAW_PENDING seqId=0
2025-11-27 16:52:04.248  1198-1218  WindowManager           system_server                        V  Finishing drawing window Window{45ced92 u0 Splash Screen com.yourname.smartrecorder}: mDrawState=DRAW_PENDING
2025-11-27 16:52:04.248  1198-1218  WindowManager           system_server                        V  Draw state now committed in Window{45ced92 u0 Splash Screen com.yourname.smartrecorder}
2025-11-27 16:52:04.249  1198-1288  WindowManager           system_server                        D  performShow logReadyForDisplay win=Window{45ced92 u0 Splash Screen com.yourname.smartrecorder} mToken.waitingToShow:true isTransitionSet:true
2025-11-27 16:52:04.251  1198-1288  WindowManager           system_server                        D  createAnimationAdapter(): container=Task{f0791c4 #22568 type=standard A=10974:com.yourname.smartrecorder U=0 visible=true visibleRequested=true mode=fullscreen translucent=false sz=1}
2025-11-27 16:52:04.252  1198-1288  WindowManager           system_server                        V  performShowLocked: mDrawState=HAS_DRAWN in Window{45ced92 u0 Splash Screen com.yourname.smartrecorder}
2025-11-27 16:52:04.252  1198-1288  WindowManager           system_server                        D  	Add container=Task{f0791c4 #22568 type=standard A=10974:com.yourname.smartrecorder U=0 visible=true visibleRequested=true mode=fullscreen translucent=false sz=1}
2025-11-27 16:52:04.253  1198-1288  WindowManager           system_server                        D  updateSystemBarAttributes: displayId=0, win=Window{94b7cfc u0 com.google.android.youtube/com.google.android.youtube.app.honeycomb.Shell$HomeActivity}, navColorWin=Window{45ced92 u0 Splash Screen com.yourname.smartrecorder}, focusedCanBeNavColorWin=false, behavior=2, appearance=16, statusBarAppearanceRegions=[AppearanceRegion{LIGHT_STATUS_BARS bounds=[0,0][1440,3088]}], requestedVisibilities=ITYPE_STATUS_BAR: visible, ITYPE_NAVIGATION_BAR: visible, ITYPE_CLIMATE_BAR: visible, ITYPE_EXTRA_NAVIGATION_BAR: visible, ITYPE_LOCAL_NAVIGATION_BAR_1: visible, ITYPE_LOCAL_NAVIGATION_BAR_2: visible, from=com.android.server.wm.DisplayPolicy.finishPostLayoutPolicyLw:2531 com.android.server.wm.DisplayContent.applySurfaceChangesTransaction:5713 com.android.server.wm.RootWindowContainer.applySurfaceChangesTransaction:1234 
2025-11-27 16:52:04.254   858-1169  SurfaceFlinger          surfaceflinger                       I  id=33930 createSurf flag=80000, 233c56 ActivityRecordInputSink com.yourname.smartrecorder/.MainActivity#33930
2025-11-27 16:52:04.256  1198-1288  WindowManager           system_server                        I  container=Task{f0791c4 #22568 type=standard A=10974:com.yourname.smartrecorder U=0 visible=true visibleRequested=true mode=fullscreen translucent=false sz=1}
                                                                                                    Target:
                                                                                                      mode=0 taskId=22568 isTranslucent=false clipRect=[0,0][0,0] contentInsets=[0,90][0,168] prefixOrderIndex=32 position=[0,0] sourceContainerBounds=[0,0][1440,3088] screenSpaceBounds=[0,0][1440,3088] localBounds=[0,0][1440,3088]
                                                                                                      windowConfiguration={ mBounds=Rect(0, 0 - 1440, 3088) mAppBounds=Rect(0, 89 - 1440, 2920) mMaxBounds=Rect(0, 0 - 1440, 3088) mDisplayRotation=ROTATION_0 mWindowingMode=fullscreen mDisplayWindowingMode=fullscreen mActivityType=standard mAlwaysOnTop=undefined mRotation=ROTATION_0 mPopOver=undefined mStageConfig=undefined mFreeformTaskPinningState=unpinned mFreeformStashState=undefined mDexTaskDockingState=undefined}
                                                                                                      leash=Surface(name=Surface(name=Task=22568)/@0xf9e1cb - animation-leash of app_transition)/@0xb332da8
                                                                                                      taskInfo=TaskInfo{userId=0 taskId=22568 displayId=0 isRunning=true baseIntent=Intent { act=android.intent.action.MAIN cat=[android.intent.category.LAUNCHER] flg=0x10200000 cmp=com.yourname.smartrecorder/.MainActivity } baseActivity=ComponentInfo{com.yourname.smartrecorder/com.yourname.smartrecorder.MainActivity} topActivity=ComponentInfo{com.yourname.smartrecorder/com.yourname.smartrecorder.MainActivity} origActivity=null realActivity=ComponentInfo{com.yourname.smartrecorder/com.yourname.smartrecorder.MainActivity} numActivities=1 lastActiveTime=198347059 supportsSplitScreenMultiWindow=true supportsMultiWindow=true resizeMode=1 isResizeable=true minWidth=-1 minHeight=-1 defaultMinSize=220 token=WCT{RemoteToken{2c2cfa7 Task{f0791c4 #22568 type=standard A=10974:com.yourname.smartrecorder U=0 visible=true visibleRequested=true mode=fullscreen translucent=false sz=1}}} topActivityType=1 pictureInPictureParams=null shouldDockBigOverlays=false launchIntoPipHostTaskId=0 displayCutoutSafeInsets=Rect(0, 89 - 0, 0) topActivityInfo=ActivityInfo{a617c54 com.yourname.smartrecorder.MainActivity} launchCookies=[android.os.BinderProxy@c5bb7fd] positionInParent=Point(0, 0) parentTaskId=-1 isFocused=false isVisible=true isSleeping=false topActivityInSizeCompat=false topActivityEligibleForLetterboxEducation= false locusId=null displayAreaFeatureId=1 cameraCompatControlState=hidden originallySupportedSplitScreen=true hasWallpaper=false isTopTransparentActivity=false topActivityInFixedAspectRatio=false topActivityInDisplayCompat=false topActivityInBoundsCompat=false topActivityBounds=null}
                                                                                                      allowEnterPip=true
                                                                                                      windowType=-1  hasAnimatingParent=false  backgroundColor=0container=Task{b391b2f #1 type=home ?? U=0 visible=false visibleRequested=false mode=fullscreen translucent=true sz=1}
                                                                                                    Target:
                                                                                                      mode=1 taskId=22180 isTranslucent=false clipRect=[0,0][0,0] contentInsets=[0,90][0,168] prefixOrderIndex=28 position=[0,0] sourceContainerBounds=[0,0][1440,3088] screenSpaceBounds=[0,0][1440,3088] localBounds=[0,0][1440,3088]
                                                                                                      windowConfiguration={ mBounds=Rect(0, 0 - 1440, 3088) mAppBounds=Rect(0, 89 - 1440, 2920) mMaxBounds=Rect(0, 0 - 1440, 3088) mDisplayRotation=ROTATION_0 mWindowingMode=fullscreen mDisplayWindowingMode=fullscreen mActivityType=home mAlwaysOnTop=undefined mRotation=ROTATION_0 mPopOver=undefined mStageConfig=undefined mFreeformTaskPinningState=unpinned mFreeformStashState=undefined mDexTaskDockingState=undefined}
                                                                                                      leash=Surface(name=Surface(name=Task=1)/@0xc1b1a94 - animation-leash of app_transition)/@0x706149a
2025-11-27 16:52:04.265  1198-1295  ActivityManager         system_server                        I  Start proc 3773:com.yourname.smartrecorder/u0a974 for next-top-activity {com.yourname.smartrecorder/com.yourname.smartrecorder.MainActivity}
2025-11-27 16:52:04.305   858-858   SurfaceFlinger          surfaceflinger                       D  Display 4633128672291735937 HWC layers:
                                                                                                         CLIENT | 0x70f52e0910 | 0100 | RGBx_8888    |  120.0    0.0 1200.0 2316.0 |    0    0 1440 3088 | Wallpaper BBQ wrapper#4633
                                                                                                         CLIENT | 0x70f52e7990 | 0100 | RGBA_8888    |    0.0    0.0 1440.0 3088.0 |    0    0 1440 3088 | com.sec.android.app.launcher/com.sec[...]erActivity$_2188#33913 (blurRegions)
                                                                                                         CLIENT | 0x70f52ef310 | 0100 | RGBA_8888    |    0.0  789.0 1440.0 2229.0 |  774 1365 1001 1592 | Splash Screen com.yourname.smartrecorder$_22947#33924
                                                                                                         CLIENT |              | 0000 |  Unknown  |    0.0    0.0    0.0    0.0 |  688  563 1396  977 | Task=22537#30805
                                                                                                         CLIENT |              | 0002 |  Unknown  |    0.0    0.0    0.0    0.0 |  706  581 1378  959 | Background for SurfaceView[com.googl[...]oneycomb.Shell$HomeActivity]@0#31780
                                                                                                         CLIENT | 0x70f52e5230 | 0102 | 0x0000105    |    0.0    0.0 1280.0  720.0 |  706  581 1378  959 | SurfaceView[com.google.android.youtu[...]b.Shell$HomeActivity]@0(BLAST)#31779
                                                                                                         CLIENT | 0x70f52daf10 | 0100 | RGB
2025-11-27 16:52:04.344  1198-1904  ActivityManager         system_server                        I  DSS OFF for com.yourname.smartrecorder
2025-11-27 16:52:04.346  1198-1904  DexController           system_server                        I  getTaskHasActivityIsWaitingToRun: r=ActivityRecord{be714d7 u0 com.yourname.smartrecorder/.MainActivity} t22568}, app=ProcessRecord{7d850de 3773:com.yourname.smartrecorder/u0a974}
2025-11-27 16:52:04.347  1198-1904  WindowManager           system_server                        D  rotationForOrientation, orientationSource=ActivityRecord{be714d7 u0 com.yourname.smartrecorder/.MainActivity} t22568}
2025-11-27 16:52:04.351  1198-1904  SGM:PkgDataHelper       system_server                        D  notifyAppCreate(), pkgName: com.yourname.smartrecorder, userId: 0, sendRet: true
2025-11-27 16:52:04.351  1198-1539  SGM:FgCheckThread       system_server                        D  onLooperPrepared(), msg: MSG_APP_CREATE, pkgName: com.yourname.smartrecorder, userId: 0
2025-11-27 16:52:04.351  1198-1904  MARsPolicyManager       system_server                        D  onPackageResumedFG pkgName = com.yourname.smartrecorder, userId = 0
2025-11-27 16:52:04.352  1198-1904  ActivityTaskManager     system_server                        D  scheduleTopResumedActivityChanged, onTop=true r=ActivityRecord{be714d7 u0 com.yourname.smartrecorder/.MainActivity} t22568} caller=com.android.server.wm.ActivityTaskSupervisor.scheduleTopResumedActivityStateIfNeeded:2535 com.android.server.wm.ActivityTaskSupervisor.updateTopResumedActivityIfNeeded:2527 com.android.server.wm.TaskFragment.setResumedActivity:493 com.android.server.wm.TaskFragment.onActivityStateChanged:805 com.android.server.wm.ActivityRecord.setState:6428 com.android.server.wm.Task.minimalResumeActivityLocked:6155 
2025-11-27 16:52:04.352  1198-1904  InputDispatcher         system_server                        D  Focused application(0): ActivityRecord{be714d7 u0 com.yourname.smartrecorder/.MainActivity} t22568}
2025-11-27 16:52:04.353  1198-1904  SGM:FgCheckThread       system_server                        D    sendRunningComponentFocus(), pkgName: com.yourname.smartrecorder, userId: 0
2025-11-27 16:52:04.353  1198-1539  SGM:FgCheckThread       system_server                        D  onLooperPrepared(), msg: MSG_TASK_FOCUSED, pkgName: com.yourname.smartrecorder, userId: 0
2025-11-27 16:52:04.353  1198-1539  SGM:FgCheckThread       system_server                        D    handleTaskFocused(), pkgName: com.yourname.smartrecorder, userID:0
2025-11-27 16:52:04.353  1198-1539  SGM:FgCheckThread       system_server                        D    handleResume(). pkgName: com.yourname.smartrecorder, userId: 0, isTunableApp: null
2025-11-27 16:52:04.353  1198-1539  SGM:FgCheckThread       system_server                        D  notifyFocusInOut(). of pkg: com.yourname.smartrecorder, type: 4, isTunableApp: false, userId: 0
---------------------------- PROCESS STARTED (3773) for package com.yourname.smartrecorder ----------------------------
2025-11-27 16:52:04.363  3773-3773  Compatibil...geReporter com.yourname.smartrecorder           D  Compat change id reported: 171979766; UID 10974; state: ENABLED
2025-11-27 16:52:04.366  1198-1634  SemWifiTra...LayerUtils system_server                        W  getApplicationCategory - IOException com.yourname.smartrecorder
2025-11-27 16:52:04.366  1198-1634  System.err              system_server                        W  java.io.FileNotFoundException: https://play.google.com/store/apps/details?id=com.yourname.smartrecorder&hl=en
2025-11-27 16:52:04.447  4533-4533  ActivityUtils           com...ndroid.app.cocktailbarservice  I  HomePackage : com.sec.android.app.launcher, resumePackageName : com.yourname.smartrecorder
2025-11-27 16:52:04.454  1198-1287  SGM:GameManager         system_server                        D  identifyGamePackage. com.yourname.smartrecorder, mCurrentUserId: 0, callerUserId: 0, callingMethodInfo: com.samsung.android.game.SemGameManager.isGamePackage(SemGameManager.java:104)
2025-11-27 16:52:04.454  1198-1287  SGM:PkgDataHelper       system_server                        D  getGamePkgData(). com.yourname.smartrecorder
2025-11-27 16:52:04.454  1198-1287  SGM:SemGameManager      system_server                        D  isGamePackage(), pkgName=com.yourname.smartrecorder, ret=false
2025-11-27 16:52:04.455  1198-1287  GameSDK@LifeCycle       system_server                        I  noteResumeComponent(): package name  : com.yourname.smartrecorder
2025-11-27 16:52:04.457  1198-1287  SGM:GameManager         system_server                        D  identifyGamePackage. com.yourname.smartrecorder, mCurrentUserId: 0, callerUserId: 0, callingMethodInfo: com.android.server.ssrm.SortingMachine.isGame(SortingMachine.java:162)
2025-11-27 16:52:04.457  1198-1287  SGM:PkgDataHelper       system_server                        D  getGamePkgData(). com.yourname.smartrecorder
2025-11-27 16:52:04.457  1198-1287  SGM:FgCheckThread       system_server                        D  noteResumeComponent(), received pkgName: com.yourname.smartrecorder, userId: 0
2025-11-27 16:52:04.457  4879-12301 Routine@Co...stenerImpl com.samsung.android.app.routines     I  onResumeComponent: componentName - ComponentInfo{com.yourname.smartrecorder/com.yourname.smartrecorder.MainActivity}
2025-11-27 16:52:04.457  1198-1539  SGM:FgCheckThread       system_server                        D  onLooperPrepared(), msg: MSG_APP_RESUME, pkgName: com.yourname.smartrecorder, userid: 0
2025-11-27 16:52:04.468  1198-4344  SGM:GameManager         system_server                        D  identifyForegroundApp. com.yourname.smartrecorder, mCurrentUserId: 0, callerUserId: 150
2025-11-27 16:52:04.468  1198-4344  SGM:PkgDataHelper       system_server                        D  getGamePkgData(). com.yourname.smartrecorder
2025-11-27 16:52:04.470  1198-4344  SGM:GameManager         system_server                        D  identifyForegroundApp. com.yourname.smartrecorder, mCurrentUserId: 0, callerUserId: 0
2025-11-27 16:52:04.470  1198-4344  SGM:PkgDataHelper       system_server                        D  getGamePkgData(). com.yourname.smartrecorder
2025-11-27 16:52:04.544  1198-1904  WindowManager           system_server                        D  	container=Task{f0791c4 #22568 type=standard A=10974:com.yourname.smartrecorder U=0 visible=true visibleRequested=true mode=fullscreen translucent=false sz=1}
2025-11-27 16:52:04.560  1198-2005  MdnieScena...rolService system_server                        D   packageName : com.yourname.smartrecorder    className : com.yourname.smartrecorder.MainActivity
2025-11-27 16:52:04.571   858-858   SurfaceFlinger          surfaceflinger                       D  Display 4633128672291735937 HWC layers:
                                                                                                         DEVICE | 0x70f52ef310 | 0100 | RGBA_8888    |    0.0    0.0 1440.0 3088.0 |    0    0 1440 3088 | Splash Screen com.yourname.smartrecorder$_22947#33924
                                                                                                         CLIENT |              | 0000 |  Unknown  |    0.0    0.0    0.0    0.0 |  688  563 1396  977 | Task=22537#30805
                                                                                                         CLIENT |              | 0002 |  Unknown  |    0.0    0.0    0.0    0.0 |  706  581 1378  959 | Background for SurfaceView[com.googl[...]oneycomb.Shell$HomeActivity]@0#31780
                                                                                                         CLIENT | 0x70f52e5230 | 0102 | 0x0000105    |    0.0    0.0 1280.0  720.0 |  706  581 1378  959 | SurfaceView[com.google.android.youtu[...]b.Shell$HomeActivity]@0(BLAST)#31779
                                                                                                         CLIENT | 0x70f52daf10 | 0100 | RGBA_8888    |    0.0    0.0  672.0  378.0 |  706  581 1378  959 | com.google.android.youtube/com.googl[...]comb.Shell$HomeActivity$_29596#31776
                                                                                                         DEVICE | 0x70f52dd8b0 | 0100 | RGBA_8888    |    0.0    0.0 1440.0 3088.0 |    0    0 1440 3088 | Bubbles!$_22947#32634
                                                                                                         DEVICE | 0x70f52c84f0 | 0100 | RGBA_888
2025-11-27 16:52:04.877  3773-3773  nativeloader            com.yourname.smartrecorder           D  Configuring clns-4 for other apk /data/app/~~_ZhevP__138LiQn5DIJdjQ==/com.yourname.smartrecorder-9W4H5WTXWboAHj4_NQq1SA==/base.apk. target_sdk_version=36, uses_libraries=, library_path=/data/app/~~_ZhevP__138LiQn5DIJdjQ==/com.yourname.smartrecorder-9W4H5WTXWboAHj4_NQq1SA==/lib/arm64:/data/app/~~_ZhevP__138LiQn5DIJdjQ==/com.yourname.smartrecorder-9W4H5WTXWboAHj4_NQq1SA==/base.apk!/lib/arm64-v8a, permitted_path=/data:/mnt/expand:/data/user/0/com.yourname.smartrecorder
2025-11-27 16:52:04.884  3773-3773  nativeloader            com.yourname.smartrecorder           D  Load libframework-connectivity-jni.so using APEX ns com_android_tethering for caller /apex/com.android.tethering/javalib/framework-connectivity.jar: ok
2025-11-27 16:52:04.890  3773-3773  GraphicsEnvironment     com.yourname.smartrecorder           V  ANGLE Developer option for 'com.yourname.smartrecorder' set to: 'default'
2025-11-27 16:52:04.890  3773-3773  GraphicsEnvironment     com.yourname.smartrecorder           V  ANGLE GameManagerService for com.yourname.smartrecorder: false
2025-11-27 16:52:04.890  3773-3773  GraphicsEnvironment     com.yourname.smartrecorder           V  App is not on the allowlist for updatable production driver.
2025-11-27 16:52:04.893  3773-3773  NetworkSecurityConfig   com.yourname.smartrecorder           D  No Network Security Config specified, using platform default
2025-11-27 16:52:04.912  3773-3773  NetworkSecurityConfig   com.yourname.smartrecorder           D  No Network Security Config specified, using platform default
2025-11-27 16:52:04.928  3773-3773  WM-WrkMgrInitializer    com.yourname.smartrecorder           D  Initializing WorkManager with default configuration.
2025-11-27 16:52:04.959  1198-4344  PackageManager          system_server                        D  setEnabledSetting : userId = 0 packageName = com.yourname.smartrecorder cmp = androidx.work.impl.background.systemjob.SystemJobService newState = 1 callingPackage = 10974/com.yourname.smartrecorder
2025-11-27 16:52:04.960  1198-4344  ApplicationPolicy       system_server                        D  getApplicationStateEnabled : pkg = com.yourname.smartrecorder userId : 0
2025-11-27 16:52:04.962  1198-4344  ApplicationPolicy       system_server                        D  getApplicationComponentState : pkg = com.yourname.smartrecorder userId : 0
2025-11-27 16:52:04.965  3773-3773  WM-PackageManagerHelper com.yourname.smartrecorder           D  androidx.work.impl.background.systemjob.SystemJobService enabled
2025-11-27 16:52:04.965  3773-3773  WM-Schedulers           com.yourname.smartrecorder           D  Created SystemJobScheduler and enabled SystemJobService
2025-11-27 16:52:05.001  3773-3773  SmartRecor...Transcript com.yourname.smartrecorder           D  SmartRecorderApplication onCreate
2025-11-27 16:52:05.012  3773-3805  OpenGLRenderer          com.yourname.smartrecorder           D  RenderThread::requireGlContext()
2025-11-27 16:52:05.032  3773-3801  Compatibil...geReporter com.yourname.smartrecorder           D  Compat change id reported: 160794467; UID 10974; state: ENABLED
2025-11-27 16:52:05.033  3773-3805  OpenGLRenderer          com.yourname.smartrecorder           D  RenderThread::setGrContext()
2025-11-27 16:52:05.038  3773-3773  DecorView               com.yourname.smartrecorder           I  [INFO] isPopOver=false config=true
2025-11-27 16:52:05.038  3773-3773  DecorView               com.yourname.smartrecorder           I  updateCaptionType: isFloating=false isApplication=true hasWindowDecorCaption=false this=DecorView@85c7806[]
2025-11-27 16:52:05.038  3773-3773  DecorView               com.yourname.smartrecorder           D  setCaptionType = 0, this = DecorView@85c7806[]
2025-11-27 16:52:05.040  3773-3773  DecorView               com.yourname.smartrecorder           I  getCurrentDensityDpi: from real metrics. densityDpi=560 msg=resources_loaded
2025-11-27 16:52:05.040  3773-3773  DecorView               com.yourname.smartrecorder           I  setWindowBackground: isPopOver=false color=fffafafa d=android.graphics.drawable.ColorDrawable@1c8ecf4
2025-11-27 16:52:05.043  3773-3773  PhoneWindow             com.yourname.smartrecorder           D  forceLight changed to false [] from com.android.internal.policy.PhoneWindow.updateForceLightNavigationBar:4314 com.android.internal.policy.PhoneWindow.setNavigationBarColor:4033 androidx.activity.EdgeToEdgeApi29.setUp:322 androidx.activity.EdgeToEdge.enable:95 androidx.activity.EdgeToEdge.enable$default:69 
2025-11-27 16:52:05.058  3773-3773  MSHandlerLifeCycle      com.yourname.smartrecorder           I  check: return. pkg=com.yourname.smartrecorder parent=null callers=com.android.internal.policy.DecorView.setVisibility:4412 android.app.ActivityThread.handleResumeActivity:5476 android.app.servertransaction.ResumeActivityItem.execute:54 android.app.servertransaction.ActivityTransactionItem.execute:45 android.app.servertransaction.TransactionExecutor.executeLifecycleState:176 
2025-11-27 16:52:05.058  3773-3773  MSHandlerLifeCycle      com.yourname.smartrecorder           I  removeMultiSplitHandler: no exist. decor=DecorView@85c7806[]
2025-11-27 16:52:05.066  3773-3805  NativeCust...ncyManager com.yourname.smartrecorder           D  [NativeCFMS] BpCustomFrequencyManager::BpCustomFrequencyManager()
2025-11-27 16:52:05.068  3773-3773  DecorView               com.yourname.smartrecorder           I  notifyKeepScreenOnChanged: keepScreenOn=false
2025-11-27 16:52:05.070   858-1168  SurfaceFlinger          surfaceflinger                       I  id=33931 createSurf flag=80004, 1ef55ae com.yourname.smartrecorder/com.yourname.smartrecorder.MainActivity#33931
2025-11-27 16:52:05.073  3773-3773  InsetsController        com.yourname.smartrecorder           D  onStateChanged: InsetsState: {mDisplayFrame=Rect(0, 0 - 1440, 3088), mDisplayCutout=DisplayCutout{insets=Rect(0, 89 - 0, 0) waterfall=Insets{left=0, top=0, right=0, bottom=0} boundingRect={Bounds=[Rect(0, 0 - 0, 0), Rect(685, 0 - 755, 89), Rect(0, 0 - 0, 0), Rect(0, 0 - 0, 0)]} cutoutPathParserInfo={CutoutPathParserInfo{displayWidth=1440 displayHeight=3088 physicalDisplayWidth=1440 physicalDisplayHeight=3088 density={3.5} cutoutSpec={M 0,0 H -10 V 25.42857142857143 H 10 V 0 H 0 Z @dp} rotation={0} scale={1.0} physicalPixelDisplaySizeRatio={1.0}}}}, mRoundedCorners=RoundedCorners{[RoundedCorner{position=TopLeft, radius=112, center=Point(112, 112)}, RoundedCorner{position=TopRight, radius=112, center=Point(1328, 112)}, RoundedCorner{position=BottomRight, radius=112, center=Point(1328, 2976)}, RoundedCorner{position=BottomLeft, radius=112, center=Point(112, 2976)}]}  mRoundedCornerFrame=Rect(0, 0 - 1440, 3088), mPrivacyIndicatorBounds=PrivacyIndicatorBounds {static bounds=Rect(1286, 0 - 1440, 90) rotation=0}, mSources= { InsetsSource: {mType=ITYPE_STATUS_BAR, mFrame=[0,0][1440,90], mVisible=true, mInsetsRoundedCornerFrame=false}, InsetsSource: {mType=ITYPE_NAVIGATION_BAR, mFrame=[0,2920][1440,3088], mVisible=true, mInsetsRoundedCornerFrame=false}, InsetsSource: {mType=ITYPE_LEFT_GESTURES, mFrame=[0,0][0,3088], mVisible=true, mInsetsRoundedCornerFrame=false}, InsetsSource: {mType=ITYPE_RIGHT_GESTURES, mFrame=[1440,0][1440,3088], mVisible=true, mInsetsRoundedCornerFrame=false}, InsetsSource: {mType=ITYPE_TOP_MANDATORY_GESTURES, mFrame=[0,0][1440,131], mVisible=true, mInsetsRoundedCornerFrame=false}, InsetsSource: {mType=ITYPE_BOTTOM_MANDATORY_GESTURES, mFrame=[0,2920][1440,3088], mVisible=true, mInsetsRoundedCornerFrame=false}, InsetsSource: {mType=ITYPE_LEFT_DISPLAY_CUTOUT, mFrame=[0,0][-100000,3088], mVisible=true, mInsetsRoundedCornerFrame=false}, InsetsSource: {mType=ITYPE_TOP_DISPLAY_CUTOUT, mFrame=[0,0][1440,89], mVisible=true, mInsetsRoundedCornerFrame=false}, InsetsSource: {mType=ITYPE_RIGHT_DISPLAY_CUTOUT, mFrame=[100000,0][1440,3088], mVisible=true, mInsetsRoundedCornerFrame=false}, InsetsSource: {mType=ITYPE_BOTTOM_DISPLAY_CUTOUT, mFrame=[0,100000][1440,3088], mVisible=true, mInsetsRoundedCornerFrame=false}, InsetsSource: {mType=ITYPE_TOP_TAPPABLE_ELEMENT, mFrame=[0,0][1440,90], mVisible=true, mInsetsRoundedCornerFrame=false}, InsetsSource: {mType=ITYPE_BOTTOM_TAPPABLE_ELEMENT, mFrame=[0,2920][1440,3088], mVisible=true, mInsetsRoundedCornerFrame=false} } host=com.yourname.smartrecorder/com.yourname.smartrecorder.MainActivity from=android.view.ViewRootImpl.setView:1732
2025-11-27 16:52:05.074  3773-3773  ViewRootIm...nActivity] com.yourname.smartrecorder           I  setView = com.android.internal.policy.DecorView@85c7806 TM=true
2025-11-27 16:52:05.075  3773-3773  MSHandlerLifeCycle      com.yourname.smartrecorder           I  removeMultiSplitHandler: no exist. decor=DecorView@85c7806[MainActivity]
2025-11-27 16:52:05.080  1198-1904  CoreBackPreview         system_server                        D  Window{1ef55ae u0 com.yourname.smartrecorder/com.yourname.smartrecorder.MainActivity}: Setting back callback OnBackInvokedCallbackInfo{mCallback=android.window.IOnBackInvokedCallback$Stub$Proxy@e1d83e5, mPriority=-1}
2025-11-27 16:52:05.109  3773-3803  SmartRecor...Transcript com.yourname.smartrecorder           D  First launch - downloading Whisper model to internal storage...
2025-11-27 16:52:05.114  3773-3803  SmartRecor...Transcript com.yourname.smartrecorder           D  Acquired download lock, starting download...
2025-11-27 16:52:05.114  3773-3803  SmartRecor...Transcript com.yourname.smartrecorder           D  Downloading from URL 1/3
2025-11-27 16:52:05.204  3773-3773  e.smartrecorder         com.yourname.smartrecorder           I  hiddenapi: Accessing hidden method Landroid/os/SystemProperties;->addChangeCallback(Ljava/lang/Runnable;)V (runtime_flags=0, domain=platform, api=unsupported) from Landroidx/compose/ui/platform/AndroidComposeView$Companion; (domain=app) using reflection: allowed
2025-11-27 16:52:05.291  3773-3773  DecorView               com.yourname.smartrecorder           I  notifyKeepScreenOnChanged: keepScreenOn=false
2025-11-27 16:52:05.296  3773-3773  ViewRootIm...nActivity] com.yourname.smartrecorder           I  performTraversals params={(0,0)(fillxfill) sim={adjust=pan forwardNavigation} layoutInDisplayCutoutMode=always ty=BASE_APPLICATION wanim=0x1030309
                                                                                                      fl=81810100
                                                                                                      pfl=16020040
                                                                                                      vsysui=110
                                                                                                      apr=LIGHT_NAVIGATION_BARS
                                                                                                      bhv=DEFAULT
                                                                                                      fitSides= naviIconColor=0}
2025-11-27 16:52:05.300  3773-3773  ViewRootIm...nActivity] com.yourname.smartrecorder           I  performTraversals mFirst=true windowShouldResize=true viewVisibilityChanged=false mForceNextWindowRelayout=false params={(0,0)(fillxfill) sim={adjust=pan forwardNavigation} layoutInDisplayCutoutMode=always ty=BASE_APPLICATION wanim=0x1030309
                                                                                                      fl=81810100
                                                                                                      pfl=16020040
                                                                                                      vsysui=110
                                                                                                      apr=LIGHT_NAVIGATION_BARS
                                                                                                      bhv=DEFAULT
                                                                                                      fitSides= naviIconColor=0}
2025-11-27 16:52:05.300  1198-4344  WindowManager           system_server                        V  Relayout Window{1ef55ae u0 com.yourname.smartrecorder/com.yourname.smartrecorder.MainActivity}: viewVisibility=0 req=1440x3088 d0
2025-11-27 16:52:05.301   858-1168  SurfaceFlinger          surfaceflinger                       I  id=33932 createSurf flag=40004, com.yourname.smartrecorder/com.yourname.smartrecorder.MainActivity$_3773#33932
2025-11-27 16:52:05.301  1198-4344  WindowManager           system_server                        D  makeSurface duration=1 name=com.yourname.smartrecorder/com.yourname.smartrecorder.MainActivity$_3773
2025-11-27 16:52:05.305  1198-4344  WindowManager           system_server                        V  Changing focus from null to Window{1ef55ae u0 com.yourname.smartrecorder/com.yourname.smartrecorder.MainActivity} displayId=0 Callers=com.android.server.wm.RootWindowContainer.updateFocusedWindowLocked:595 com.android.server.wm.WindowManagerService.updateFocusedWindowLocked:6810 com.android.server.wm.WindowManagerService.relayoutWindow:2820 com.android.server.wm.Session.relayout:274 
2025-11-27 16:52:05.305  1198-4344  MARsPolicyManager       system_server                        D  onPackageResumedFG pkgName = com.yourname.smartrecorder, userId = 0
2025-11-27 16:52:05.309  1198-4344  WindowManager           system_server                        D  updateSystemBarAttributes: displayId=0, win=Window{1ef55ae u0 com.yourname.smartrecorder/com.yourname.smartrecorder.MainActivity}, navColorWin=Window{45ced92 u0 Splash Screen com.yourname.smartrecorder}, focusedCanBeNavColorWin=false, behavior=1, appearance=16, statusBarAppearanceRegions=[AppearanceRegion{LIGHT_STATUS_BARS bounds=[0,0][1440,3088]}], requestedVisibilities=, from=com.android.server.wm.DisplayPolicy.focusChangedLw:3251 com.android.server.wm.DisplayContent.updateFocusedWindowLocked:4632 com.android.server.wm.RootWindowContainer.updateFocusedWindowLocked:595 
2025-11-27 16:52:05.312  3773-3773  ViewRootIm...nActivity] com.yourname.smartrecorder           I  updateBlastSurfaceIfNeeded mBlastBufferQueue=null isSameSurfaceControl=false
2025-11-27 16:52:05.313  3773-3773  BLASTBufferQueue        com.yourname.smartrecorder           I  new BLASTBufferQueue, mName= ViewRootImpl@eb901d5[MainActivity] mNativeObject= 0x71adc28e50 sc.mNativeObject= 0x713dc4b260 caller= android.view.ViewRootImpl.updateBlastSurfaceIfNeeded:2909 android.view.ViewRootImpl.relayoutWindow:9847 android.view.ViewRootImpl.performTraversals:3884 android.view.ViewRootImpl.doTraversal:3116 android.view.ViewRootImpl$TraversalRunnable.run:10885 android.view.Choreographer$CallbackRecord.run:1301 android.view.Choreographer$CallbackRecord.run:1309 android.view.Choreographer.doCallbacks:923 android.view.Choreographer.doFrame:852 android.view.Choreographer$FrameDisplayEventReceiver.run:1283 
2025-11-27 16:52:05.313  3773-3773  BLASTBufferQueue        com.yourname.smartrecorder           I  update, w= 1440 h= 3088 mName = ViewRootImpl@eb901d5[MainActivity] mNativeObject= 0x71adc28e50 sc.mNativeObject= 0x713dc4b260 format= -1 caller= android.graphics.BLASTBufferQueue.<init>:84 android.view.ViewRootImpl.updateBlastSurfaceIfNeeded:2909 android.view.ViewRootImpl.relayoutWindow:9847 android.view.ViewRootImpl.performTraversals:3884 android.view.ViewRootImpl.doTraversal:3116 android.view.ViewRootImpl$TraversalRunnable.run:10885 
2025-11-27 16:52:05.313  3773-3773  ViewRootIm...nActivity] com.yourname.smartrecorder           I  Relayout returned: old=(0,0,1440,3088) new=(0,0,1440,3088) req=(1440,3088)0 dur=12 res=0x3 s={true 0x723dc35ae0} ch=true seqId=0
2025-11-27 16:52:05.316  3773-3773  ViewRootIm...nActivity] com.yourname.smartrecorder           I  mThreadedRenderer.initialize() mSurface={isValid=true 0x723dc35ae0} hwInitialized=true
2025-11-27 16:52:05.319  3773-3805  OpenGLRenderer          com.yourname.smartrecorder           D  eglCreateWindowSurface
2025-11-27 16:52:05.321  3773-3829  Gralloc4                com.yourname.smartrecorder           I  mapper 4.x is not supported
2025-11-27 16:52:05.322  3773-3829  Gralloc3                com.yourname.smartrecorder           W  mapper 3.x is not supported
2025-11-27 16:52:05.324  3773-3829  gralloc                 com.yourname.smartrecorder           I  Arm Module v1.0
2025-11-27 16:52:05.327  3773-3829  Gralloc4                com.yourname.smartrecorder           W  allocator 4.x is not supported
2025-11-27 16:52:05.327  3773-3773  ViewRootIm...nActivity] com.yourname.smartrecorder           I  reportNextDraw android.view.ViewRootImpl.performTraversals:4438 android.view.ViewRootImpl.doTraversal:3116 android.view.ViewRootImpl$TraversalRunnable.run:10885 android.view.Choreographer$CallbackRecord.run:1301 android.view.Choreographer$CallbackRecord.run:1309 
2025-11-27 16:52:05.328  3773-3773  ViewRootIm...nActivity] com.yourname.smartrecorder           I  Setup new sync id=0
2025-11-27 16:52:05.328  3773-3773  ViewRootIm...nActivity] com.yourname.smartrecorder           I  Setting syncFrameCallback
2025-11-27 16:52:05.328  3773-3829  Gralloc3                com.yourname.smartrecorder           W  allocator 3.x is not supported
2025-11-27 16:52:05.328  3773-3773  ViewRootIm...nActivity] com.yourname.smartrecorder           I  registerCallbacksForSync syncBuffer=false
2025-11-27 16:52:05.332  3773-3831  ViewRootIm...nActivity] com.yourname.smartrecorder           I  Received frameDrawingCallback syncResult=0 frameNum=1.
2025-11-27 16:52:05.332  3773-3831  ViewRootIm...nActivity] com.yourname.smartrecorder           I  Setting up sync and frameCommitCallback
2025-11-27 16:52:05.333   858-858   SurfaceFlinger          surfaceflinger                       I  [1ef55ae com.yourname.smartrecorder/com.yourname.smartrecorder.MainActivity#33931] FrameRatePriority: 1
2025-11-27 16:52:05.335   858-979   SurfaceFlinger          surfaceflinger                       D  [input] setFocusedWindow: 1ef55ae com.yourname.smartrecorder/com.yourname.smartrecorder.MainActivity
2025-11-27 16:52:05.335  1198-4178  InputDispatcher         system_server                        D  Focus request (0): 1ef55ae com.yourname.smartrecorder/com.yourname.smartrecorder.MainActivity but waiting because NO_WINDOW
2025-11-27 16:52:05.362  3773-3805  BLASTBufferQueue        com.yourname.smartrecorder           I  [ViewRootImpl@eb901d5[MainActivity]#0](f:0,a:0) onFrameAvailable the first frame is available
2025-11-27 16:52:05.363  3773-3805  ViewRootIm...nActivity] com.yourname.smartrecorder           I  Received frameCommittedCallback lastAttemptedDrawFrameNum=1 didProduceBuffer=true
2025-11-27 16:52:05.363  3773-3805  OpenGLRenderer          com.yourname.smartrecorder           D  CFMS:: SetUp Pid : 3773    Tid : 3805
2025-11-27 16:52:05.367  3773-3805  Parcel                  com.yourname.smartrecorder           W  Expecting binder but got null!
2025-11-27 16:52:05.367  3773-3773  ViewRootIm...nActivity] com.yourname.smartrecorder           I  onSyncComplete
2025-11-27 16:52:05.367  3773-3773  ViewRootIm...nActivity] com.yourname.smartrecorder           I  setupSync seqId=0 mSyncId=0 fn=1 caller=android.view.ViewRootImpl$$ExternalSyntheticLambda11.accept:6 android.window.SurfaceSyncer.lambda$setupSync$1$android-window-SurfaceSyncer:128 android.window.SurfaceSyncer$$ExternalSyntheticLambda1.accept:8 android.window.SurfaceSyncer$SyncSet.checkIfSyncIsComplete:382 android.window.SurfaceSyncer$SyncSet.markSyncReady:359 android.window.SurfaceSyncer.markSyncReady:151 android.view.ViewRootImpl.performTraversals:4503 
2025-11-27 16:52:05.367  3773-3773  ViewRootIm...nActivity] com.yourname.smartrecorder           I  reportDrawFinished seqId=0 mSyncId=-1 fn=1 mSurfaceChangedTransaction=0x716dc3b710
