                                                                                                         DEVICE | 0x70f52f03f0 | 0102 | RGBA_8888    |    0.0    0.0 1440.0 3088.0 |    0    0 1440 3088 | com.yourname.smartrecorder/com.yourn[...]rtrecorder.MainActivity$_29050#55283
                                                                                                         DEVICE | 0x70f52db6f0 | 0100 | RGBA_8888    |    0.0    0.0 1440.0 3088.0 |    0    0 1440 3088 | Splash Screen com.yourname.smartrecorder$_22947#55277
                                                                                                         DEVICE | 0x70f52d5e10 | 0100 | RGBA_8888    |    0.0    0.0 1440.0   90.0 |    0    0 1440   90 | StatusBar$_22947#4630
                                                                                                         DEVICE | 0x70f52cd5f0 | 0100 | RGBA_8888    |    0.0    0.0   67.0  708.0 | 1373  391 1440 1099 | com.samsung.android.app.cocktailbars[...]rvice.CocktailBarService$_4533#55273
                                                                                                         DEVICE | 0x70f52ed150 | 0100 | RGBA_8888    |    0.0    0.0 1440.0  168.0 |    0 2920 1440 3088 | NavigationBar0$_22947#4625
2025-11-28 20:35:26.551  1198-1284  ActivityTaskManager     system_server                        I  Displayed com.yourname.smartrecorder/.MainActivity: +906ms
2025-11-28 20:35:26.551  1198-1284  Pageboost               system_server                        I  Launch time gathered : pid 29050 com.yourname.smartrecorder 906
2025-11-28 20:35:26.554  1198-1288  ActivityTaskManager     system_server                        D  mStartingWindow and mStartingData is null for token=ActivityRecord{813ed11 u0 com.yourname.smartrecorder/.MainActivity} t22773}
2025-11-28 20:35:26.556 29050-29050 ViewRootIm...nActivity] com.yourname.smartrecorder           I  MSG_WINDOW_FOCUS_CHANGED 1 0
2025-11-28 20:35:26.557 29050-29050 ViewRootIm...nActivity] com.yourname.smartrecorder           I  mThreadedRenderer.initializeIfNeeded()#2 mSurface={isValid=true 0x723dc59df0}
2025-11-28 20:35:26.557 29050-29050 InputMethodManager      com.yourname.smartrecorder           D  startInputInner - Id : 0
2025-11-28 20:35:26.557 29050-29050 InputMethodManager      com.yourname.smartrecorder           I  startInputInner - mService.startInputOrWindowGainedFocus
2025-11-28 20:35:26.569  1198-5906  WindowManager           system_server                        V  Relayout Window{9de2d49 u0 Splash Screen com.yourname.smartrecorder}: viewVisibility=0 req=1440x3088 d0
2025-11-28 20:35:26.569  1198-5906  WindowManager           system_server                        D  updateSystemBarAttributes: displayId=0, win=Window{7b281e9 u0 com.yourname.smartrecorder/com.yourname.smartrecorder.MainActivity}, navColorWin=Window{9de2d49 u0 Splash Screen com.yourname.smartrecorder}, focusedCanBeNavColorWin=false, behavior=1, appearance=0, statusBarAppearanceRegions=[AppearanceRegion{ bounds=[0,0][1440,3088]}], requestedVisibilities=, from=com.android.server.wm.DisplayPolicy.finishPostLayoutPolicyLw:2531 com.android.server.wm.DisplayContent.applySurfaceChangesTransaction:5713 com.android.server.wm.RootWindowContainer.applySurfaceChangesTransaction:1234 
2025-11-28 20:35:26.570 22947-22947 SamsungLig...trolHelper com.android.systemui                 D  onStatusBarAppearanceChanged() -  sbModeChanged:false, statusBarMode:MODE_TRANSPARENT, barState:SHADE, isKeyguardShowing:false, navbarColorManagedByIme:false, stackAppearancesChanged:true, (AppearanceRegion{ bounds=[0,0][1440,3088]}, ), packageName:com.yourname.smartrecorder
2025-11-28 20:35:26.570 22947-22947 NavigationBar           com.android.systemui                 D  onSystemBarAttributesChanged() -  displayId:0, appearance:0, packageName: com.yourname.smartrecorder, navbarColorManagedByIme:false
2025-11-28 20:35:26.570 22947-22947 SamsungLig...trolHelper com.android.systemui                 D  updateNavigation(White button) isLightBar:false, hasLightBarNavigationBarFlag:false, packageName:com.yourname.smartrecorder, DirectReplying:false, NavBarColorManagerdByIme:false, ForceDarkForScrim:false, QsCustomizing:false, PanelHasWhiteBg:true
2025-11-28 20:35:26.570 22947-22947 SamsungLig...trolHelper com.android.systemui                 D  updateStatus(WHITE icon) NumStacks:1, StatusBarMode:MODE_TRANSPARENT, lightBarBounds:[], StatusBarState:SHADE, packageName:com.yourname.smartrecorder, isWhiteKeyguardStatusBarBySettings:true
2025-11-28 20:35:26.573 22947-22995 InsetsController        com.android.systemui                 D  onStateChanged: InsetsState: {mDisplayFrame=Rect(0, 0 - 1440, 3088), mDisplayCutout=DisplayCutout{insets=Rect(0, 89 - 0, 0) waterfall=Insets{left=0, top=0, right=0, bottom=0} boundingRect={Bounds=[Rect(0, 0 - 0, 0), Rect(685, 0 - 755, 89), Rect(0, 0 - 0, 0), Rect(0, 0 - 0, 0)]} cutoutPathParserInfo={CutoutPathParserInfo{displayWidth=1440 displayHeight=3088 physicalDisplayWidth=1440 physicalDisplayHeight=3088 density={3.5} cutoutSpec={M 0,0 H -10 V 25.42857142857143 H 10 V 0 H 0 Z @dp} rotation={0} scale={1.0} physicalPixelDisplaySizeRatio={1.0}}}}, mRoundedCorners=RoundedCorners{[RoundedCorner{position=TopLeft, radius=112, center=Point(112, 112)}, RoundedCorner{position=TopRight, radius=112, center=Point(1328, 112)}, RoundedCorner{position=BottomRight, radius=112, center=Point(1328, 2976)}, RoundedCorner{position=BottomLeft, radius=112, center=Point(112, 2976)}]}  mRoundedCornerFrame=Rect(0, 0 - 1440, 3088), mPrivacyIndicatorBounds=PrivacyIndicatorBounds {static bounds=Rect(1286, 0 - 1440, 90) rotation=0}, mSources= { InsetsSource: {mType=ITYPE_STATUS_BAR, mFrame=[0,0][1440,90], mVisible=true, mInsetsRoundedCornerFrame=false}, InsetsSource: {mType=ITYPE_NAVIGATION_BAR, mFrame=[0,2920][1440,3088], mVisible=true, mInsetsRoundedCornerFrame=false}, InsetsSource: {mType=ITYPE_LEFT_GESTURES, mFrame=[0,0][0,3088], mVisible=true, mInsetsRoundedCornerFrame=false}, InsetsSource: {mType=ITYPE_RIGHT_GESTURES, mFrame=[1440,0][1440,3088], mVisible=true, mInsetsRoundedCornerFrame=false}, InsetsSource: {mType=ITYPE_TOP_MANDATORY_GESTURES, mFrame=[0,0][1440,131], mVisible=true, mInsetsRoundedCornerFrame=false}, InsetsSource: {mType=ITYPE_BOTTOM_MANDATORY_GESTURES, mFrame=[0,2920][1440,3088], mVisible=true, mInsetsRoundedCornerFrame=false}, InsetsSource: {mType=ITYPE_LEFT_DISPLAY_CUTOUT, mFrame=[0,0][-100000,3088], mVisible=true, mInsetsRoundedCornerFrame=false}, InsetsSource: {mType=ITYPE_TOP_DISPLAY_CUTOUT, mFrame=[0,0][1440,89], mVisible=true, mInsetsRoundedCornerFrame=false}, InsetsSource: {mType=ITYPE_RIGHT_DISPLAY_CUTOUT, mFrame=[100000,0][1440,3088], mVisible=true, mInsetsRoundedCornerFrame=false}, InsetsSource: {mType=ITYPE_BOTTOM_DISPLAY_CUTOUT, mFrame=[0,100000][1440,3088], mVisible=true, mInsetsRoundedCornerFrame=false}, InsetsSource: {mType=ITYPE_TOP_TAPPABLE_ELEMENT, mFrame=[0,0][1440,90], mVisible=true, mInsetsRoundedCornerFrame=false}, InsetsSource: {mType=ITYPE_BOTTOM_TAPPABLE_ELEMENT, mFrame=[0,2920][1440,3088], mVisible=true, mInsetsRoundedCornerFrame=false} } host=Splash Screen com.yourname.smartrecorder from=android.view.ViewRootImpl.relayoutWindow:9802
2025-11-28 20:35:26.573 29050-29050 InputMethodManager      com.yourname.smartrecorder           D  startInputInner - Id : 0
2025-11-28 20:35:26.591 29050-29050 InsetsController        com.yourname.smartrecorder           D  onStateChanged: InsetsState: {mDisplayFrame=Rect(0, 0 - 1440, 3088), mDisplayCutout=DisplayCutout{insets=Rect(0, 89 - 0, 0) waterfall=Insets{left=0, top=0, right=0, bottom=0} boundingRect={Bounds=[Rect(0, 0 - 0, 0), Rect(685, 0 - 755, 89), Rect(0, 0 - 0, 0), Rect(0, 0 - 0, 0)]} cutoutPathParserInfo={CutoutPathParserInfo{displayWidth=1440 displayHeight=3088 physicalDisplayWidth=1440 physicalDisplayHeight=3088 density={3.5} cutoutSpec={M 0,0 H -10 V 25.42857142857143 H 10 V 0 H 0 Z @dp} rotation={0} scale={1.0} physicalPixelDisplaySizeRatio={1.0}}}}, mRoundedCorners=RoundedCorners{[RoundedCorner{position=TopLeft, radius=112, center=Point(112, 112)}, RoundedCorner{position=TopRight, radius=112, center=Point(1328, 112)}, RoundedCorner{position=BottomRight, radius=112, center=Point(1328, 2976)}, RoundedCorner{position=BottomLeft, radius=112, center=Point(112, 2976)}]}  mRoundedCornerFrame=Rect(0, 0 - 1440, 3088), mPrivacyIndicatorBounds=PrivacyIndicatorBounds {static bounds=Rect(1286, 0 - 1440, 90) rotation=0}, mSources= { InsetsSource: {mType=ITYPE_STATUS_BAR, mFrame=[0,0][1440,90], mVisible=true, mInsetsRoundedCornerFrame=false}, InsetsSource: {mType=ITYPE_NAVIGATION_BAR, mFrame=[0,2920][1440,3088], mVisible=true, mInsetsRoundedCornerFrame=false}, InsetsSource: {mType=ITYPE_LEFT_GESTURES, mFrame=[0,0][0,3088], mVisible=true, mInsetsRoundedCornerFrame=false}, InsetsSource: {mType=ITYPE_RIGHT_GESTURES, mFrame=[1440,0][1440,3088], mVisible=true, mInsetsRoundedCornerFrame=false}, InsetsSource: {mType=ITYPE_TOP_MANDATORY_GESTURES, mFrame=[0,0][1440,131], mVisible=true, mInsetsRoundedCornerFrame=false}, InsetsSource: {mType=ITYPE_BOTTOM_MANDATORY_GESTURES, mFrame=[0,2920][1440,3088], mVisible=true, mInsetsRoundedCornerFrame=false}, InsetsSource: {mType=ITYPE_LEFT_DISPLAY_CUTOUT, mFrame=[0,0][-100000,3088], mVisible=true, mInsetsRoundedCornerFrame=false}, InsetsSource: {mType=ITYPE_TOP_DISPLAY_CUTOUT, mFrame=[0,0][1440,89], mVisible=true, mInsetsRoundedCornerFrame=false}, InsetsSource: {mType=ITYPE_RIGHT_DISPLAY_CUTOUT, mFrame=[100000,0][1440,3088], mVisible=true, mInsetsRoundedCornerFrame=false}, InsetsSource: {mType=ITYPE_BOTTOM_DISPLAY_CUTOUT, mFrame=[0,100000][1440,3088], mVisible=true, mInsetsRoundedCornerFrame=false}, InsetsSource: {mType=ITYPE_TOP_TAPPABLE_ELEMENT, mFrame=[0,0][1440,90], mVisible=true, mInsetsRoundedCornerFrame=false}, InsetsSource: {mType=ITYPE_BOTTOM_TAPPABLE_ELEMENT, mFrame=[0,2920][1440,3088], mVisible=true, mInsetsRoundedCornerFrame=false}, InsetsSource: {mType=ITYPE_IME, mFrame=[0,0][0,0], mVisibleFrame=[0,1886][1440,3088], mVisible=false, mInsetsRoundedCornerFrame=false} } host=com.yourname.smartrecorder/com.yourname.smartrecorder.MainActivity from=android.view.ViewRootImpl$ViewRootHandler.handleMessageImpl:6740
2025-11-28 20:35:26.619  1198-1897  WindowManager           system_server                        V  Relayout Window{9de2d49 u0 Splash Screen com.yourname.smartrecorder}: viewVisibility=8 req=1440x3088 d0
2025-11-28 20:35:26.620  1198-1897  WindowManager           system_server                        D  updateSystemBarAttributes: displayId=0, win=Window{7b281e9 u0 com.yourname.smartrecorder/com.yourname.smartrecorder.MainActivity}, navColorWin=Window{7b281e9 u0 com.yourname.smartrecorder/com.yourname.smartrecorder.MainActivity}, focusedCanBeNavColorWin=false, behavior=1, appearance=16, statusBarAppearanceRegions=[AppearanceRegion{ bounds=[0,0][1440,3088]}], requestedVisibilities=, from=com.android.server.wm.DisplayPolicy.finishPostLayoutPolicyLw:2531 com.android.server.wm.DisplayContent.applySurfaceChangesTransaction:5713 com.android.server.wm.RootWindowContainer.applySurfaceChangesTransaction:1234 
2025-11-28 20:35:26.620 22947-22947 NavigationBar           com.android.systemui                 D  onSystemBarAttributesChanged() -  displayId:0, appearance:16, packageName: com.yourname.smartrecorder (APPEARANCE_LIGHT_NAVIGATION_BARS ), navbarColorManagedByIme:false
2025-11-28 20:35:26.621 22947-22947 SamsungLig...trolHelper com.android.systemui                 D  updateNavigation(Black button) isLightBar:false, hasLightBarNavigationBarFlag:true, packageName:com.yourname.smartrecorder, DirectReplying:false, NavBarColorManagerdByIme:false, ForceDarkForScrim:false, QsCustomizing:false, PanelHasWhiteBg:true
2025-11-28 20:35:26.621 22947-22995 InsetsController        com.android.systemui                 D  onStateChanged: InsetsState: {mDisplayFrame=Rect(0, 0 - 1440, 3088), mDisplayCutout=DisplayCutout{insets=Rect(0, 89 - 0, 0) waterfall=Insets{left=0, top=0, right=0, bottom=0} boundingRect={Bounds=[Rect(0, 0 - 0, 0), Rect(685, 0 - 755, 89), Rect(0, 0 - 0, 0), Rect(0, 0 - 0, 0)]} cutoutPathParserInfo={CutoutPathParserInfo{displayWidth=1440 displayHeight=3088 physicalDisplayWidth=1440 physicalDisplayHeight=3088 density={3.5} cutoutSpec={M 0,0 H -10 V 25.42857142857143 H 10 V 0 H 0 Z @dp} rotation={0} scale={1.0} physicalPixelDisplaySizeRatio={1.0}}}}, mRoundedCorners=RoundedCorners{[RoundedCorner{position=TopLeft, radius=112, center=Point(112, 112)}, RoundedCorner{position=TopRight, radius=112, center=Point(1328, 112)}, RoundedCorner{position=BottomRight, radius=112, center=Point(1328, 2976)}, RoundedCorner{position=BottomLeft, radius=112, center=Point(112, 2976)}]}  mRoundedCornerFrame=Rect(0, 0 - 1440, 3088), mPrivacyIndicatorBounds=PrivacyIndicatorBounds {static bounds=Rect(1286, 0 - 1440, 90) rotation=0}, mSources= { InsetsSource: {mType=ITYPE_STATUS_BAR, mFrame=[0,0][1440,90], mVisible=true, mInsetsRoundedCornerFrame=false}, InsetsSource: {mType=ITYPE_NAVIGATION_BAR, mFrame=[0,2920][1440,3088], mVisible=true, mInsetsRoundedCornerFrame=false}, InsetsSource: {mType=ITYPE_LEFT_GESTURES, mFrame=[0,0][0,3088], mVisible=true, mInsetsRoundedCornerFrame=false}, InsetsSource: {mType=ITYPE_RIGHT_GESTURES, mFrame=[1440,0][1440,3088], mVisible=true, mInsetsRoundedCornerFrame=false}, InsetsSource: {mType=ITYPE_TOP_MANDATORY_GESTURES, mFrame=[0,0][1440,131], mVisible=true, mInsetsRoundedCornerFrame=false}, InsetsSource: {mType=ITYPE_BOTTOM_MANDATORY_GESTURES, mFrame=[0,2920][1440,3088], mVisible=true, mInsetsRoundedCornerFrame=false}, InsetsSource: {mType=ITYPE_LEFT_DISPLAY_CUTOUT, mFrame=[0,0][-100000,3088], mVisible=true, mInsetsRoundedCornerFrame=false}, InsetsSource: {mType=ITYPE_TOP_DISPLAY_CUTOUT, mFrame=[0,0][1440,89], mVisible=true, mInsetsRoundedCornerFrame=false}, InsetsSource: {mType=ITYPE_RIGHT_DISPLAY_CUTOUT, mFrame=[100000,0][1440,3088], mVisible=true, mInsetsRoundedCornerFrame=false}, InsetsSource: {mType=ITYPE_BOTTOM_DISPLAY_CUTOUT, mFrame=[0,100000][1440,3088], mVisible=true, mInsetsRoundedCornerFrame=false}, InsetsSource: {mType=ITYPE_TOP_TAPPABLE_ELEMENT, mFrame=[0,0][1440,90], mVisible=true, mInsetsRoundedCornerFrame=false}, InsetsSource: {mType=ITYPE_BOTTOM_TAPPABLE_ELEMENT, mFrame=[0,2920][1440,3088], mVisible=true, mInsetsRoundedCornerFrame=false}, InsetsSource: {mType=ITYPE_IME, mFrame=[0,0][0,0], mVisibleFrame=[0,1886][1440,3088], mVisible=false, mInsetsRoundedCornerFrame=false} } host=Splash Screen com.yourname.smartrecorder from=android.view.ViewRootImpl.relayoutWindow:9802
2025-11-28 20:35:26.623  1198-1897  WindowManager           system_server                        D  Starting window removed Window{9de2d49 u0 Splash Screen com.yourname.smartrecorder}
2025-11-28 20:35:26.623  1198-1897  WindowManager           system_server                        I  Cancelling animation restarting=false, leash=Surface(name=Surface(name=7b281e9 com.yourname.smartrecorder/com.yourname.smartrecorder.MainActivity)/@0x3882893 - animation-leash of starting_reveal)/@0x3dbcbce
2025-11-28 20:35:26.624  1198-1897  WindowManager           system_server                        I  Reparenting to original parent: Surface(name=ActivityRecord{813ed11 u0 com.yourname.smartrecorder/.MainActivity} t22773})/@0x20840d0, destroy=false, surface=Surface(name=7b281e9 com.yourname.smartrecorder/com.yourname.smartrecorder.MainActivity)/@0x3882893
2025-11-28 20:35:26.624  1198-1897  InputManager-JNI        system_server                        W  Input channel object '9de2d49 Splash Screen com.yourname.smartrecorder (client)' was disposed without first being removed with the input manager!
2025-11-28 20:35:26.624  1198-1897  WindowManager           system_server                        V  Remove Window{9de2d49 u0 Splash Screen com.yourname.smartrecorder}: mSurfaceController=Surface(name=Splash Screen com.yourname.smartrecorder$_22947)/@0xe30bfa9 mAnimatingExit=false mRemoveOnExit=false mHasSurface=true surfaceShowing=false animating=false app-animation=false mWillReplaceWindow=false mDisplayFrozen=false callers=com.android.server.wm.WindowState.removeIfPossible:3047 com.android.server.wm.WindowManagerService.removeWindow:2289 com.android.server.wm.Session.remove:236 android.view.IWindowSession$Stub.onTransact:743 com.android.server.wm.Session.onTransact:188 android.os.Binder.execTransactInternal:1321 
2025-11-28 20:35:26.624  1198-1897  WindowManager           system_server                        I  Destroying surface Surface(name=Splash Screen com.yourname.smartrecorder$_22947)/@0xe30bfa9 called by com.android.server.wm.WindowStateAnimator.destroySurface:947 com.android.server.wm.WindowStateAnimator.destroySurfaceLocked:537 com.android.server.wm.WindowState.removeImmediately:2975 com.android.server.wm.WindowState.removeIfPossible:3234 com.android.server.wm.WindowState.removeIfPossible:3047 com.android.server.wm.WindowManagerService.removeWindow:2289 com.android.server.wm.Session.remove:236 android.view.IWindowSession$Stub.onTransact:743 
2025-11-28 20:35:26.627   858-858   Layer                   surfaceflinger                       I  Layer [Splash Screen com.yourname.smartrecorder$_22947#55277] hidden!! flag(1)
2025-11-28 20:35:26.627   858-858   Layer                   surfaceflinger                       I  id=55276 removeFromCurrentState 9de2d49 Splash Screen com.yourname.smartrecorder#55276 (123)
2025-11-28 20:35:26.627   858-858   Layer                   surfaceflinger                       I  id=55277 removeFromCurrentState Splash Screen com.yourname.smartrecorder$_22947#55277 (123)
2025-11-28 20:35:26.628   858-858   Layer                   surfaceflinger                       I  id=55286 removeFromCurrentState Surface(name=7b281e9 com.yourname.smartrecorder/com.yourname.smartrecorder.MainActivity)/@0x3882893 - animation-leash of starting_reveal#55286 (123)
2025-11-28 20:35:26.628   858-858   Layer                   surfaceflinger                       I  id=55277 removeFromCurrentState Splash Screen com.yourname.smartrecorder$_22947#55277 (123)
2025-11-28 20:35:26.628   858-858   SurfaceFlinger          surfaceflinger                       I  id=55276 Removed 9de2d49 Splash Screen com.yourname.smartrecorder#55276 (123)
2025-11-28 20:35:26.628   858-858   SurfaceFlinger          surfaceflinger                       I  id=55277 Removed Splash Screen com.yourname.smartrecorder$_22947#55277 (123)
2025-11-28 20:35:26.629   858-858   Layer                   surfaceflinger                       I  id=55276 Destroyed 9de2d49 Splash Screen com.yourname.smartrecorder#55276
2025-11-28 20:35:26.630   858-858   Layer                   surfaceflinger                       I  id=55277 Destroyed Splash Screen com.yourname.smartrecorder$_22947#55277
2025-11-28 20:35:26.632   858-858   SurfaceFlinger          surfaceflinger                       D  Display 4633128672291735937 HWC layers:
                                                                                                         DEVICE | 0x70f52e84d0 | 0102 | RGBA_8888    |    0.0    0.0 1440.0 3088.0 |    0    0 1440 3088 | com.yourname.smartrecorder/com.yourn[...]rtrecorder.MainActivity$_29050#55283
                                                                                                         DEVICE | 0x70f52e3190 | 0100 | RGBA_8888    |    0.0    0.0 1440.0   90.0 |    0    0 1440   90 | StatusBar$_22947#4630
                                                                                                         DEVICE | 0x70f52cd5f0 | 0100 | RGBA_8888    |    0.0    0.0   67.0  708.0 | 1373  391 1440 1099 | com.samsung.android.app.cocktailbars[...]rvice.CocktailBarService$_4533#55273
                                                                                                         DEVICE | 0x70f52d5cf0 | 0100 | RGBA_8888    |    0.0    0.0 1440.0  168.0 |    0 2920 1440 3088 | NavigationBar0$_22947#4625
2025-11-28 20:35:26.712  1198-2005  MdnieScena...rolService system_server                        D   packageName : com.yourname.smartrecorder    className : com.yourname.smartrecorder.MainActivity
2025-11-28 20:35:26.731 29050-29054 e.smartrecorder         com.yourname.smartrecorder           I  Compiler allocated 6178KB to compile void android.view.ViewRootImpl.performTraversals()
2025-11-28 20:35:26.802 29050-29050 SmartRecorder/Database  com.yourname.smartrecorder           D  Initializing Room database -> name: smart_recorder_db
2025-11-28 20:35:26.805 29050-29050 SmartRecorder/Database  com.yourname.smartrecorder           D  [BG] [DB: SmartRecorderDatabase] DATABASE_INIT -> duration=3ms
2025-11-28 20:35:26.805 29050-29050 SmartRecorder/Database  com.yourname.smartrecorder           I  [Performance] Database initialization took 3ms
2025-11-28 20:35:26.809 29050-29050 SmartRecor...Transcript com.yourname.smartrecorder           I  [MAIN] [ViewModel: RecordViewModel] checkModelReady -> State: Starting model check (silent)
2025-11-28 20:35:26.812 29050-29050 SmartRecorder/Recording com.yourname.smartrecorder           D  Registered service action receiver
2025-11-28 20:35:26.826 29050-29050 nativeloader            com.yourname.smartrecorder           D  Load /data/app/~~h2XhV8SDLmRpi363cCY02Q==/com.yourname.smartrecorder-DrVJz9E1uaWOZqJgIOtI8A==/base.apk!/lib/arm64-v8a/libwhisper.so using class loader ns clns-4 (caller=/data/app/~~h2XhV8SDLmRpi363cCY02Q==/com.yourname.smartrecorder-DrVJz9E1uaWOZqJgIOtI8A==/base.apk!classes5.dex): ok
2025-11-28 20:35:26.826 29050-29050 WhisperEngine           com.yourname.smartrecorder           D  Native library loaded
2025-11-28 20:35:26.943  4879-4879  Routine@Co...overHelper com.samsung.android.app.routines     I  setLastResumedPackageForCover mLastResumedPackage = com.yourname.smartrecorder
2025-11-28 20:35:26.943  4879-4879  Routine@Co...cleWatcher com.samsung.android.app.routines     I  notifyLifecycleChanged mCurResumedComponent=com.yourname.smartrecorder
2025-11-28 20:35:27.023 29050-29050 SmartRecor...Transcript com.yourname.smartrecorder           D  [RecordViewModel] Model is ready
2025-11-28 20:35:27.076  1198-1287  SGM:GameManager         system_server                        D  identifyForegroundApp. com.yourname.smartrecorder, mCurrentUserId: 0, callerUserId: 0
2025-11-28 20:35:27.076  1198-1287  SGM:PkgDataHelper       system_server                        D  getGamePkgData(). com.yourname.smartrecorder
2025-11-28 20:35:27.750 29050-29050 ViewRootIm...nActivity] com.yourname.smartrecorder           I  ViewPostIme pointer 0
2025-11-28 20:35:27.808 29050-29050 ViewRootIm...nActivity] com.yourname.smartrecorder           I  ViewPostIme pointer 1
2025-11-28 20:35:27.809 29050-29050 SmartRecorder/ViewModel com.yourname.smartrecorder           D  [SmartRecorderApp] User clicked start record button
2025-11-28 20:35:27.810 29050-29050 SmartRecorder/ViewModel com.yourname.smartrecorder           D  [SmartRecorderApp] Requesting record audio permission
2025-11-28 20:35:27.815  1198-4185  ActivityTaskManager     system_server                        D  TaskLaunchParamsModifier:task=Task{edd4e76 #22773 type=standard A=11025:com.yourname.smartrecorder U=0 visible=true visibleRequested=true mode=fullscreen translucent=false sz=1} activity=ActivityRecord{da1b5dd u0 com.google.android.permissioncontroller/com.android.permissioncontroller.permission.ui.GrantPermissionsActivity} t-1} display-area-from-source=DefaultTaskDisplayArea@72262064 display-id=0 display-windowing-mode=1 suggested-display-area=DefaultTaskDisplayArea@72262064 inherit-from-source=fullscreen activity-options-fullscreen=Rect(0, 0 - 0, 0) non-freeform-display display-area=DefaultTaskDisplayArea@72262064 maximized-bounds
2025-11-28 20:35:27.819  1198-4185  ActivityTaskManager     system_server                        D  scheduleTopResumedActivityChanged, onTop=false r=ActivityRecord{813ed11 u0 com.yourname.smartrecorder/.MainActivity} t22773} caller=com.android.server.wm.ActivityTaskSupervisor.updateTopResumedActivityIfNeeded:2510 com.android.server.wm.TaskFragment.setResumedActivity:493 com.android.server.wm.TaskFragment.onActivityStateChanged:790 com.android.server.wm.ActivityRecord.setState:6428 com.android.server.wm.TaskFragment.startPausing:1880 com.android.server.wm.TaskFragment.startPausing:1817 
2025-11-28 20:35:27.825  1198-1897  WindowManager           system_server                        D  rotationForOrientation, orientationSource=ActivityRecord{813ed11 u0 com.yourname.smartrecorder/.MainActivity} t22773}
2025-11-28 20:35:27.827  1198-1897  WindowManager           system_server                        V  Changing focus from Window{7b281e9 u0 com.yourname.smartrecorder/com.yourname.smartrecorder.MainActivity} to null displayId=0 Callers=com.android.server.wm.RootWindowContainer.updateFocusedWindowLocked:595 com.android.server.wm.WindowManagerService.updateFocusedWindowLocked:6810 com.android.server.wm.ActivityTaskManagerService.setResumedActivityUncheckLocked:5766 com.android.server.wm.TaskFragment.onActivityStateChanged:807 
2025-11-28 20:35:27.827  1198-1897  MARsPolicyManager       system_server                        D  onPackageResumedFG pkgName = com.yourname.smartrecorder, userId = 0
2025-11-28 20:35:27.836  1198-1287  SGM:FgCheckThread       system_server                        D  notePauseComponent(), received pkgName: com.yourname.smartrecorder, userId: 0
2025-11-28 20:35:27.836  4879-20158 Routine@Co...stenerImpl com.samsung.android.app.routines     I  onPauseComponent: componentName - ComponentInfo{com.yourname.smartrecorder/com.yourname.smartrecorder.MainActivity}
2025-11-28 20:35:27.843   858-858   SurfaceFlinger          surfaceflinger                       I  [7b281e9 com.yourname.smartrecorder/com.yourname.smartrecorder.MainActivity#55282] FrameRatePriority: -1
2025-11-28 20:35:27.861  1198-1897  InputDispatcher         system_server                        D  Focus left window (0): 7b281e9 com.yourname.smartrecorder/com.yourname.smartrecorder.MainActivity
2025-11-28 20:35:27.861 29050-29050 ViewRootIm...nActivity] com.yourname.smartrecorder           I  MSG_WINDOW_FOCUS_CHANGED 0 0
2025-11-28 20:35:27.888  1198-4342  WindowManager           system_server                        D  updateSystemBarAttributes: displayId=0, win=Window{2b7c674 u0 com.google.android.permissioncontroller/com.android.permissioncontroller.permission.ui.GrantPermissionsActivity}, navColorWin=Window{7b281e9 u0 com.yourname.smartrecorder/com.yourname.smartrecorder.MainActivity}, focusedCanBeNavColorWin=false, behavior=1, appearance=16, statusBarAppearanceRegions=[AppearanceRegion{ bounds=[0,0][1440,3088]}], requestedVisibilities=, from=com.android.server.wm.DisplayPolicy.focusChangedLw:3251 com.android.server.wm.DisplayContent.updateFocusedWindowLocked:4632 com.android.server.wm.RootWindowContainer.updateFocusedWindowLocked:595 
2025-11-28 20:35:27.930 29050-29050 InputTransport          com.yourname.smartrecorder           D  Input channel destroyed: 'ClientS', fd=129
2025-11-28 20:35:27.932   858-858   SurfaceFlinger          surfaceflinger                       D  Display 4633128672291735937 HWC layers:
                                                                                                         DEVICE | 0x70f52e9910 | 0102 | RGBA_8888    |    0.0    0.0 1440.0 3088.0 |    0    0 1440 3088 | com.yourname.smartrecorder/com.yourn[...]rtrecorder.MainActivity$_29050#55283
                                                                                                         DEVICE | 0x70f52e2f50 | 0100 | RGBA_8888    |    8.0    0.0 1448.0  177.0 |    0 2911 1440 3088 | com.google.android.permissioncontrol[...]rantPermissionsActivity$_13004#55290
                                                                                                         DEVICE | 0x70f52f26d0 | 0100 | RGBA_8888    |    0.0    0.0 1440.0   90.0 |    0    0 1440   90 | StatusBar$_22947#4630
                                                                                                         DEVICE | 0x70f52cd5f0 | 0100 | RGBA_8888    |    0.0    0.0   67.0  708.0 | 1373  391 1440 1099 | com.samsung.android.app.cocktailbars[...]rvice.CocktailBarService$_4533#55273
                                                                                                         DEVICE | 0x70f52dc590 | 0100 | RGBA_8888    |    0.0    0.0 1440.0  168.0 |    0 2920 1440 3088 | NavigationBar0$_22947#4625
2025-11-28 20:35:27.962   858-858   SurfaceFlinger          surfaceflinger                       D  Display 4633128672291735937 HWC layers:
                                                                                                         DEVICE | 0x70f52e84d0 | 0102 | RGBA_8888    |    0.0    0.0 1440.0 3088.0 |    0    0 1440 3088 | com.yourname.smartrecorder/com.yourn[...]rtrecorder.MainActivity$_29050#55283
                                                                                                     SOLID_COLOR |              | 0000 |  Unknown  |    0.0    0.0    0.0    0.0 |    0    0 1440 3088 | Dim Layer for - Task=22773#55295
                                                                                                         DEVICE | 0x70f52dbdb0 | 0100 | RGBA_8888    |    8.0    0.0 1448.0  632.0 |    0 2456 1440 3088 | com.google.android.permissioncontrol[...]rantPermissionsActivity$_13004#55290
                                                                                                         DEVICE | 0x70f52f26d0 | 0100 | RGBA_8888    |    0.0    0.0 1440.0   90.0 |    0    0 1440   90 | StatusBar$_22947#4630
                                                                                                         DEVICE | 0x70f52cd5f0 | 0100 | RGBA_8888    |    0.0    0.0   67.0  708.0 | 1373  391 1440 1099 | com.samsung.android.app.cocktailbars[...]rvice.CocktailBarService$_4533#55273
                                                                                                         DEVICE | 0x70f52ed150 | 0100 | RGBA_8888    |    0.0    0.0 1440.0  168.0 |    0 2920 1440 3088 | NavigationBar0$_22947#4625
2025-11-28 20:35:28.435  1198-1287  SGM:GameManager         system_server                        D  identifyForegroundApp. com.yourname.smartrecorder, mCurrentUserId: 0, callerUserId: 0
2025-11-28 20:35:28.435  1198-1287  SGM:PkgDataHelper       system_server                        D  getGamePkgData(). com.yourname.smartrecorder
2025-11-28 20:35:28.812 13004-13004 GrantPermi...sViewModel com....android.permissioncontroller  I  Logged buttons presented and clicked permissionGroupName=android.permission-group.MICROPHONE uid=11025 selectedPrecision=0 package=com.yourname.smartrecorder presentedButtons=44 clickedButton=4 isPermissionRationaleShown=false sessionId=7358647867602278404 targetSdk=36
2025-11-28 20:35:28.821  1198-1853  MARsPolicyManager       system_server                        D  onPackageResumedFG pkgName = com.yourname.smartrecorder, userId = 0
2025-11-28 20:35:28.822  1198-1853  ActivityTaskManager     system_server                        D  scheduleTopResumedActivityChanged, onTop=true r=ActivityRecord{813ed11 u0 com.yourname.smartrecorder/.MainActivity} t22773} caller=com.android.server.wm.ActivityTaskSupervisor.scheduleTopResumedActivityStateIfNeeded:2535 com.android.server.wm.ActivityTaskSupervisor.updateTopResumedActivityIfNeeded:2527 com.android.server.wm.TaskFragment.setResumedActivity:493 com.android.server.wm.TaskFragment.onActivityStateChanged:805 com.android.server.wm.ActivityRecord.setState:6428 com.android.server.wm.TaskFragment.resumeTopActivity:1629 
2025-11-28 20:35:28.822  1198-1853  InputDispatcher         system_server                        D  Focused application(0): ActivityRecord{813ed11 u0 com.yourname.smartrecorder/.MainActivity} t22773}
2025-11-28 20:35:28.822  1198-1853  WindowManager           system_server                        V  Changing focus from Window{2b7c674 u0 com.google.android.permissioncontroller/com.android.permissioncontroller.permission.ui.GrantPermissionsActivity} to Window{7b281e9 u0 com.yourname.smartrecorder/com.yourname.smartrecorder.MainActivity} displayId=0 Callers=com.android.server.wm.RootWindowContainer.updateFocusedWindowLocked:595 com.android.server.wm.WindowManagerService.updateFocusedWindowLocked:6810 com.android.server.wm.ActivityTaskManagerService.setResumedActivityUncheckLocked:5766 com.android.server.wm.TaskFragment.onActivityStateChanged:807 
2025-11-28 20:35:28.825  1198-1853  WindowManager           system_server                        D  updateSystemBarAttributes: displayId=0, win=Window{7b281e9 u0 com.yourname.smartrecorder/com.yourname.smartrecorder.MainActivity}, navColorWin=Window{2b7c674 u0 com.google.android.permissioncontroller/com.android.permissioncontroller.permission.ui.GrantPermissionsActivity}, focusedCanBeNavColorWin=false, behavior=1, appearance=0, statusBarAppearanceRegions=[AppearanceRegion{ bounds=[0,0][1440,3088]}], requestedVisibilities=, from=com.android.server.wm.DisplayPolicy.focusChangedLw:3251 com.android.server.wm.DisplayContent.updateFocusedWindowLocked:4632 com.android.server.wm.RootWindowContainer.updateFocusedWindowLocked:595 
2025-11-28 20:35:28.825  1198-1853  WindowManager           system_server                        D  rotationForOrientation, orientationSource=ActivityRecord{813ed11 u0 com.yourname.smartrecorder/.MainActivity} t22773}
2025-11-28 20:35:28.831 29050-29050 Compatibil...geReporter com.yourname.smartrecorder           D  Compat change id reported: 78294732; UID 11025; state: ENABLED
2025-11-28 20:35:28.832 29050-29050 SmartRecorder/ViewModel com.yourname.smartrecorder           D  [SmartRecorderApp] Record audio permission result -> granted: true
2025-11-28 20:35:28.833 29050-29050 SmartRecorder/Recording com.yourname.smartrecorder           I  [MAIN] [ViewModel: RecordViewModel] onStartClick
2025-11-28 20:35:28.833  1198-1853  ActivityTaskManager     system_server                        D  mStartingWindow and mStartingData is null for token=ActivityRecord{813ed11 u0 com.yourname.smartrecorder/.MainActivity} t22773}
2025-11-28 20:35:28.834 29050-29050 SmartRecorder/Recording com.yourname.smartrecorder           D  Getting recordings directory
2025-11-28 20:35:28.834 29050-29050 SmartRecorder/Recording com.yourname.smartrecorder           D  Starting recording -> outputDir: /data/user/0/com.yourname.smartrecorder/files/recordings
2025-11-28 20:35:28.835  1198-1853  WindowManager           system_server                        D  updateSystemBarAttributes: displayId=0, win=Window{7b281e9 u0 com.yourname.smartrecorder/com.yourname.smartrecorder.MainActivity}, navColorWin=Window{7b281e9 u0 com.yourname.smartrecorder/com.yourname.smartrecorder.MainActivity}, focusedCanBeNavColorWin=false, behavior=1, appearance=16, statusBarAppearanceRegions=[AppearanceRegion{ bounds=[0,0][1440,3088]}], requestedVisibilities=, from=com.android.server.wm.DisplayPolicy.finishPostLayoutPolicyLw:2531 com.android.server.wm.DisplayContent.applySurfaceChangesTransaction:5713 com.android.server.wm.RootWindowContainer.applySurfaceChangesTransaction:1234 
2025-11-28 20:35:28.835 22947-22947 NavigationBar           com.android.systemui                 D  onSystemBarAttributesChanged() -  displayId:0, appearance:16, packageName: com.yourname.smartrecorder (APPEARANCE_LIGHT_NAVIGATION_BARS ), navbarColorManagedByIme:false
2025-11-28 20:35:28.835 22947-22947 SamsungLig...trolHelper com.android.systemui                 D  updateNavigation(Black button) isLightBar:false, hasLightBarNavigationBarFlag:true, packageName:com.yourname.smartrecorder, DirectReplying:false, NavBarColorManagerdByIme:false, ForceDarkForScrim:false, QsCustomizing:false, PanelHasWhiteBg:true
2025-11-28 20:35:28.836 29050-29050 SmartRecorder/UseCase   com.yourname.smartrecorder           I  [MAIN] [UseCase: StartRecordingUseCase] Starting (recordingId=43a70352-d9ef-4ce7-b1ab-50f54703c452, outputDir=/data/user/0/com.yourname.smartrecorder/files/recordings)
2025-11-28 20:35:28.836 29050-29050 SmartRecorder/Audio     com.yourname.smartrecorder           D  Starting recording -> file: /data/user/0/com.yourname.smartrecorder/files/recordings/recording_003.3gp
2025-11-28 20:35:28.837 29050-29085 SmartRecorder/Audio     com.yourname.smartrecorder           D  Output directory prepared: /data/user/0/com.yourname.smartrecorder/files/recordings
2025-11-28 20:35:28.837 29050-29085 MediaRecorder           com.yourname.smartrecorder           D  Constructor MediaRecorder
2025-11-28 20:35:28.838 29050-29085 MediaRecorderJNI        com.yourname.smartrecorder           I  setup
2025-11-28 20:35:28.839 29050-29050 ViewRootIm...nActivity] com.yourname.smartrecorder           I  stopped(false) old = false
2025-11-28 20:35:28.840 29050-29050 DecorView               com.yourname.smartrecorder           I  notifyKeepScreenOnChanged: keepScreenOn=false
2025-11-28 20:35:28.841 29050-29050 MSHandlerLifeCycle      com.yourname.smartrecorder           I  removeMultiSplitHandler: no exist. decor=DecorView@6951ec7[MainActivity]
2025-11-28 20:35:28.842   997-8797  MediaPlayerService      mediaserver                          V  Create new media recorder client from pid AttributionSourceState{pid: 29050, uid: 11025, packageName: com.yourname.smartrecorder, attributionTag: (null), token: {no toString() implemented}, renouncedPermissions: [], next: []}
2025-11-28 20:35:28.843   858-858   SurfaceFlinger          surfaceflinger                       I  [7b281e9 com.yourname.smartrecorder/com.yourname.smartrecorder.MainActivity#55282] FrameRatePriority: 1
2025-11-28 20:35:28.844 29050-29085 MediaRecorderJNI        com.yourname.smartrecorder           I  setAudioSource(1)
2025-11-28 20:35:28.845 29050-29050 ViewRootIm...nActivity] com.yourname.smartrecorder           I  performTraversals params={(0,0)(fillxfill) sim={adjust=pan forwardNavigation} layoutInDisplayCutoutMode=always ty=BASE_APPLICATION wanim=0x1030309
                                                                                                      fl=81810100
                                                                                                      pfl=16020040
                                                                                                      vsysui=110
                                                                                                      apr=LIGHT_NAVIGATION_BARS
                                                                                                      bhv=DEFAULT
                                                                                                      fitSides= naviIconColor=0}
2025-11-28 20:35:28.845   858-979   SurfaceFlinger          surfaceflinger                       D  [input] setFocusedWindow: 7b281e9 com.yourname.smartrecorder/com.yourname.smartrecorder.MainActivity
2025-11-28 20:35:28.845 29050-29050 ViewRootIm...nActivity] com.yourname.smartrecorder           I  performTraversals mFirst=false windowShouldResize=false viewVisibilityChanged=false mForceNextWindowRelayout=false params={(0,0)(fillxfill) sim={adjust=pan forwardNavigation} layoutInDisplayCutoutMode=always ty=BASE_APPLICATION wanim=0x1030309
                                                                                                      fl=81810100
                                                                                                      pfl=16020040
                                                                                                      vsysui=110
                                                                                                      apr=LIGHT_NAVIGATION_BARS
                                                                                                      bhv=DEFAULT
                                                                                                      fitSides= naviIconColor=0}
2025-11-28 20:35:28.846  1198-1901  WindowManager           system_server                        V  Relayout Window{7b281e9 u0 com.yourname.smartrecorder/com.yourname.smartrecorder.MainActivity}: viewVisibility=0 req=1440x3088 d0
2025-11-28 20:35:28.847  1198-4184  InputDispatcher         system_server                        D  Focus entered window (0): 7b281e9 com.yourname.smartrecorder/com.yourname.smartrecorder.MainActivity
2025-11-28 20:35:28.848 29050-29050 ViewRootIm...nActivity] com.yourname.smartrecorder           I  updateBlastSurfaceIfNeeded mBlastBufferQueue=0x71adc2ef30 isSameSurfaceControl=true
2025-11-28 20:35:28.849 29050-29050 BLASTBufferQueue        com.yourname.smartrecorder           I  update, w= 1440 h= 3088 mName = ViewRootImpl@312ddea[MainActivity] mNativeObject= 0x71adc2ef30 sc.mNativeObject= 0x713dc78230 format= -1 caller= android.view.ViewRootImpl.updateBlastSurfaceIfNeeded:2898 android.view.ViewRootImpl.relayoutWindow:9847 android.view.ViewRootImpl.performTraversals:3884 android.view.ViewRootImpl.doTraversal:3116 android.view.ViewRootImpl$TraversalRunnable.run:10885 android.view.Choreographer$CallbackRecord.run:1301 
2025-11-28 20:35:28.849 29050-29050 ViewRootIm...nActivity] com.yourname.smartrecorder           I  Relayout returned: old=(0,0,1440,3088) new=(0,0,1440,3088) req=(1440,3088)0 dur=3 res=0x0 s={true 0x723dc59df0} ch=false seqId=0
2025-11-28 20:35:28.849 29050-29050 ViewRootIm...nActivity] com.yourname.smartrecorder           I  MSG_WINDOW_FOCUS_CHANGED 1 0
2025-11-28 20:35:28.849 29050-29050 ViewRootIm...nActivity] com.yourname.smartrecorder           I  mThreadedRenderer.initializeIfNeeded()#2 mSurface={isValid=true 0x723dc59df0}
2025-11-28 20:35:28.849 29050-29050 InputMethodManager      com.yourname.smartrecorder           D  startInputInner - Id : 0
2025-11-28 20:35:28.849 29050-29050 InputMethodManager      com.yourname.smartrecorder           I  startInputInner - mService.startInputOrWindowGainedFocus
2025-11-28 20:35:28.857 29050-29085 MediaRecorderJNI        com.yourname.smartrecorder           I  setAudioEncoder(1)
2025-11-28 20:35:28.857 29050-29085 MediaRecorderJNI        com.yourname.smartrecorder           I  setParameter(), params: audio-param-sampling-rate=16000
2025-11-28 20:35:28.857 29050-29085 MediaRecorderJNI        com.yourname.smartrecorder           I  setParameter(), params: audio-param-number-of-channels=1
2025-11-28 20:35:28.857 29050-29085 SmartRecorder/Audio     com.yourname.smartrecorder           D  MediaRecorder configured -> format: THREE_GPP, encoder: AMR_NB, sampleRate: 16000, channels: 1
2025-11-28 20:35:28.858 29050-29085 MediaRecorderJNI        com.yourname.smartrecorder           I  setOutputFile
2025-11-28 20:35:28.859 29050-29085 MediaRecorderJNI        com.yourname.smartrecorder           I  prepare
2025-11-28 20:35:28.861 29050-29085 MediaRecorder           com.yourname.smartrecorder           I  prepare elapsed time : 4 ms
2025-11-28 20:35:28.862 29050-29085 MediaRecorderJNI        com.yourname.smartrecorder           I  start
2025-11-28 20:35:28.868  4533-4533  ActivityUtils           com...ndroid.app.cocktailbarservice  I  HomePackage : com.sec.android.app.launcher, resumePackageName : com.yourname.smartrecorder
2025-11-28 20:35:28.871  1198-1287  GameSDK@LifeCycle       system_server                        I  noteResumeComponent(): package name  : com.yourname.smartrecorder
2025-11-28 20:35:28.872  1198-1287  SGM:GameManager         system_server                        D  identifyGamePackage. com.yourname.smartrecorder, mCurrentUserId: 0, callerUserId: 0, callingMethodInfo: com.android.server.ssrm.SortingMachine.isGame(SortingMachine.java:162)
2025-11-28 20:35:28.872  1198-1287  SGM:PkgDataHelper       system_server                        D  getGamePkgData(). com.yourname.smartrecorder
2025-11-28 20:35:28.872  1198-1287  SGM:FgCheckThread       system_server                        D  noteResumeComponent(), received pkgName: com.yourname.smartrecorder, userId: 0
2025-11-28 20:35:28.872  4879-27030 Routine@Co...stenerImpl com.samsung.android.app.routines     I  onResumeComponent: componentName - ComponentInfo{com.yourname.smartrecorder/com.yourname.smartrecorder.MainActivity}
2025-11-28 20:35:28.873  1198-1539  SGM:FgCheckThread       system_server                        D  onLooperPrepared(), msg: MSG_APP_RESUME, pkgName: com.yourname.smartrecorder, userid: 0
2025-11-28 20:35:28.873  1198-1287  SGM:GameManager         system_server                        D  identifyGamePackage. com.yourname.smartrecorder, mCurrentUserId: 0, callerUserId: 0, callingMethodInfo: com.samsung.android.game.SemGameManager.isGamePackage(SemGameManager.java:104)
2025-11-28 20:35:28.873  1198-1287  SGM:PkgDataHelper       system_server                        D  getGamePkgData(). com.yourname.smartrecorder
2025-11-28 20:35:28.873  1198-1287  SGM:SemGameManager      system_server                        D  isGamePackage(), pkgName=com.yourname.smartrecorder, ret=false
2025-11-28 20:35:28.935  1198-4180  AudioServi...ityMonitor system_server                        V  updateSoundAppPolicy packageName = com.yourname.smartrecorder
2025-11-28 20:35:28.937  1198-4180  SGM:GameManager         system_server                        D  identifyGamePackage. com.yourname.smartrecorder, mCurrentUserId: 0, callerUserId: 0, callingMethodInfo: com.samsung.android.game.SemGameManager.isGamePackage(SemGameManager.java:104)
2025-11-28 20:35:28.937  1198-4180  SGM:PkgDataHelper       system_server                        D  getGamePkgData(). com.yourname.smartrecorder
2025-11-28 20:35:28.937  1198-4180  SGM:SemGameManager      system_server                        D  isGamePackage(), pkgName=com.yourname.smartrecorder, ret=false
2025-11-28 20:35:28.938 29050-29085 SmartRecorder/Audio     com.yourname.smartrecorder           I  Recording started successfully -> file: /data/user/0/com.yourname.smartrecorder/files/recordings/recording_003.3gp, setupTime: 101ms
2025-11-28 20:35:28.938 12522-12581 WakeupMult...ordManager com.samsung.android.bixby.wakeup     I  Ph_[WakeupAudioRecordingConfiguration, com.yourname.smartrecorder, 1] [VF-T-L] 
2025-11-28 20:35:28.938 29050-29050 SmartRecorder/UseCase   com.yourname.smartrecorder           I  [MAIN] [UseCase: StartRecordingUseCase] Completed (recordingId=43a70352-d9ef-4ce7-b1ab-50f54703c452, duration=103ms, fileName=recording_003.3gp)
2025-11-28 20:35:28.938 29050-29050 SmartRecorder/UseCase   com.yourname.smartrecorder           I  [Performance] StartRecordingUseCase took 103ms
2025-11-28 20:35:28.939 29050-29050 SmartRecorder/Recording com.yourname.smartrecorder           I  [MAIN] [ViewModel: RecordViewModel] Recording started -> State: recordingId=43a70352-d9ef-4ce7-b1ab-50f54703c452, startTime=1764333328939
2025-11-28 20:35:28.941 12522-12581 BWU@Wakeup...ordManager com.samsung.android.bixby.wakeup     I  Ph_com.yourname.smartrecorder is allowed? false [VF-T-L] 
2025-11-28 20:35:28.946 29050-29050 SmartRecorder/Service   com.yourname.smartrecorder           I  [CRIT] Recording foreground service started
2025-11-28 20:35:28.946 29050-29050 SmartRecorder/Service   com.yourname.smartrecorder           D  [BG] Auto-save stopped
2025-11-28 20:35:28.946 29050-29050 SmartRecorder/Service   com.yourname.smartrecorder           D  [BG] Auto-save started
2025-11-28 20:35:28.951 29050-29050 SmartRecorder/Service   com.yourname.smartrecorder           I  [CRIT] [Service: RecordingForegroundService] onCreate
2025-11-28 20:35:28.953 29050-29050 SmartRecorder/Service   com.yourname.smartrecorder           I  [CRIT] [Service: RecordingForegroundService] onStartCommand -> action=null, flags=0, startId=1
2025-11-28 20:35:28.953 29050-29050 SmartRecorder/Service   com.yourname.smartrecorder           I  [CRIT] Recording started in foreground service
2025-11-28 20:35:28.958 22947-24713 SecFgsMana...rollerImpl com.android.systemui                 D  onForegroundStateChanged: dialogShown:false, isForeground:true, packageName:com.yourname.smartrecorder , token:android.os.BinderProxy@f0460f6, userId:0
2025-11-28 20:35:28.959 29050-29050 SmartRecorder/Service   com.yourname.smartrecorder           D  [BG] Recording state saved
2025-11-28 20:35:28.959 22947-24713 SecFgsMana...rollerImpl com.android.systemui                 D  updateUiControl[com.yourname.smartrecorder]: -1
2025-11-28 20:35:28.959  1198-1294  ApplicationPolicy       system_server                        D  isStatusBarNotificationAllowedAsUser: packageName = com.yourname.smartrecorder,userId = 0
2025-11-28 20:35:28.959  1198-1294  ApplicationPolicy       system_server                        D  isStatusBarNotificationAllowedAsUser: packageName = com.yourname.smartrecorder,userId = 0
2025-11-28 20:35:28.963   858-858   SurfaceFlinger          surfaceflinger                       D  Display 4633128672291735937 HWC layers:
                                                                                                         DEVICE | 0x70f52e84d0 | 0102 | RGBA_8888    |    0.0    0.0 1440.0 3088.0 |    0    0 1440 3088 | com.yourname.smartrecorder/com.yourn[...]rtrecorder.MainActivity$_29050#55283
                                                                                                     SOLID_COLOR |              | 0000 |  Unknown  |    0.0    0.0    0.0    0.0 |    0    0 1440 3088 | Dim Layer for - Task=22773#55295
                                                                                                         DEVICE | 0x70f52d5e10 | 0100 | RGBA_8888    |    0.0    0.0 1440.0   90.0 |    0    0 1440   90 | StatusBar$_22947#4630
                                                                                                         DEVICE | 0x70f52cd5f0 | 0100 | RGBA_8888    |    0.0    0.0   67.0  708.0 | 1373  391 1440 1099 | com.samsung.android.app.cocktailbars[...]rvice.CocktailBarService$_4533#55273
