Initialized native services in: C:\Users\Bui Van Son\.gradle\native
Initialized jansi services in: C:\Users\Bui Van Son\.gradle\native
Found daemon DaemonInfo{pid=4736, address=[dea079dd-1d9f-4917-bbe3-5a82383b2bbb port:36503, addresses:[/127.0.0.1]], state=Idle, lastBusy=1764362044664, context=DefaultDaemonContext[uid=a7bb9643-d643-4340-a665-7b5e42cdc6a5,javaHome=C:\Program Files\Android\Android Studio\jbr,javaVersion=21,javaVendor=JetBrains s.r.o.,daemonRegistryDir=C:\Users\Bui Van Son\.gradle\daemon,pid=4736,idleTimeout=10800000,priority=NORMAL,applyInstrumentationAgent=true,nativeServicesMode=ENABLED,daemonOpts=-XX:MaxMetaspaceSize=1024m,-XX:+HeapDumpOnOutOfMemoryError,-XX:+UseParallelGC,-Xmx4096m,-Dfile.encoding=UTF-8,-Duser.country=US,-Duser.language=en,-Duser.variant]} however its context does not match the desired criteria.
At least one daemon option is different.
Wanted: DaemonRequestContext{jvmCriteria=C:\Program Files\Android\Android Studio\jbr (no JDK specified, using current Java home), daemonOpts=[-Xmx2048m, -Dfile.encoding=UTF-8, -Duser.country=US, -Duser.language=en, -Duser.variant], applyInstrumentationAgent=true, nativeServicesMode=ENABLED, priority=NORMAL}
Actual: DefaultDaemonContext[uid=a7bb9643-d643-4340-a665-7b5e42cdc6a5,javaHome=C:\Program Files\Android\Android Studio\jbr,javaVersion=21,javaVendor=JetBrains s.r.o.,daemonRegistryDir=C:\Users\Bui Van Son\.gradle\daemon,pid=4736,idleTimeout=10800000,priority=NORMAL,applyInstrumentationAgent=true,nativeServicesMode=ENABLED,daemonOpts=-XX:MaxMetaspaceSize=1024m,-XX:+HeapDumpOnOutOfMemoryError,-XX:+UseParallelGC,-Xmx4096m,-Dfile.encoding=UTF-8,-Duser.country=US,-Duser.language=en,-Duser.variant]

  Looking for a different daemon...
The client will now receive all logging from the daemon (pid: 21636). The daemon log file: C:\Users\Bui Van Son\.gradle\daemon\8.13\daemon-21636.out.log
Starting 11th build in daemon [uptime: 33 mins 10.145 secs, performance: 100%, GC rate: 0.00/s, heap usage: 0% of 2 GiB]
Using 12 worker leases.
Calculating task graph as no cached configuration is available for tasks: test
Now considering [D:\AndroidStudioProjects\SmartRecorderNotes] as hierarchies to watch
Watching the file system is configured to be enabled if available
File system watching is active
Starting Build
Settings evaluated using settings file 'D:\AndroidStudioProjects\SmartRecorderNotes\settings.gradle.kts'.
Using local directory build cache for the root build (location = C:\Users\Bui Van Son\.gradle\caches\build-cache-1, remove unused entries = after 7 days).
Projects loaded. Root project using build file 'D:\AndroidStudioProjects\SmartRecorderNotes\build.gradle.kts'.
Included projects: [root project 'SmartRecorderNotes', project ':app']

> Configure project :
Evaluating root project 'SmartRecorderNotes' using build file 'D:\AndroidStudioProjects\SmartRecorderNotes\build.gradle.kts'.
Resolved plugin [id: 'com.android.application', version: '8.13.1', apply: false]
Resolved plugin [id: 'org.jetbrains.kotlin.android', version: '2.2.21', apply: false]
Resolved plugin [id: 'org.jetbrains.kotlin.plugin.compose', version: '2.2.21', apply: false]
Resolved plugin [id: 'com.google.dagger.hilt.android', version: '2.57', apply: false]
Resolved plugin [id: 'com.google.devtools.ksp', version: '2.2.21-2.0.4', apply: false]
Resolved plugin [id: 'androidx.room', version: '2.7.0', apply: false]

> Configure project :app
Evaluating project ':app' using build file 'D:\AndroidStudioProjects\SmartRecorderNotes\app\build.gradle.kts'.
Resolved plugin [id: 'com.android.application', version: '8.13.1']
Resolved plugin [id: 'org.jetbrains.kotlin.android', version: '2.2.21']
Resolved plugin [id: 'org.jetbrains.kotlin.plugin.compose', version: '2.2.21']
Resolved plugin [id: 'com.google.dagger.hilt.android', version: '2.57']
Resolved plugin [id: 'com.google.devtools.ksp', version: '2.2.21-2.0.4']
Resolved plugin [id: 'androidx.room', version: '2.7.0']
Using default execution profile
Build a881cc92-a824-46ee-96c1-7f8a9554b942 is started
Using Kotlin Gradle Plugin gradle813 variant
C/C++: android.ndkVersion from module build.gradle is [25.2.9519653]
C/C++: android.ndkPath from module build.gradle is not set
C/C++: ndk.dir in local.properties is not set
C/C++: Not considering ANDROID_NDK_HOME because support was removed after deprecation period.
C/C++: sdkFolder is C:\Users\Bui Van Son\AppData\Local\Android\Sdk
C/C++: android.ndkVersion from module build.gradle is [25.2.9519653]
C/C++: android.ndkPath from module build.gradle is not set
C/C++: ndk.dir in local.properties is not set
C/C++: Not considering ANDROID_NDK_HOME because support was removed after deprecation period.
C/C++: sdkFolder is C:\Users\Bui Van Son\AppData\Local\Android\Sdk
C/C++: android.ndkVersion from module build.gradle is [25.2.9519653]
C/C++: android.ndkPath from module build.gradle is not set
C/C++: ndk.dir in local.properties is not set
C/C++: Not considering ANDROID_NDK_HOME because support was removed after deprecation period.
C/C++: sdkFolder is C:\Users\Bui Van Son\AppData\Local\Android\Sdk
C/C++: android.ndkVersion from module build.gradle is [25.2.9519653]
C/C++: android.ndkPath from module build.gradle is not set
C/C++: ndk.dir in local.properties is not set
C/C++: Not considering ANDROID_NDK_HOME because support was removed after deprecation period.
C/C++: sdkFolder is C:\Users\Bui Van Son\AppData\Local\Android\Sdk
C/C++: android.ndkVersion from module build.gradle is [25.2.9519653]
C/C++: android.ndkPath from module build.gradle is not set
C/C++: ndk.dir in local.properties is not set
C/C++: Not considering ANDROID_NDK_HOME because support was removed after deprecation period.
C/C++: sdkFolder is C:\Users\Bui Van Son\AppData\Local\Android\Sdk
C/C++: android.ndkVersion from module build.gradle is [25.2.9519653]
C/C++: android.ndkPath from module build.gradle is not set
C/C++: ndk.dir in local.properties is not set
C/C++: Not considering ANDROID_NDK_HOME because support was removed after deprecation period.
C/C++: sdkFolder is C:\Users\Bui Van Son\AppData\Local\Android\Sdk
C/C++: android.ndkVersion from module build.gradle is [25.2.9519653]
C/C++: android.ndkPath from module build.gradle is not set
C/C++: ndk.dir in local.properties is not set
C/C++: Not considering ANDROID_NDK_HOME because support was removed after deprecation period.
C/C++: sdkFolder is C:\Users\Bui Van Son\AppData\Local\Android\Sdk
C/C++: android.ndkVersion from module build.gradle is [25.2.9519653]
C/C++: android.ndkPath from module build.gradle is not set
C/C++: ndk.dir in local.properties is not set
C/C++: Not considering ANDROID_NDK_HOME because support was removed after deprecation period.
C/C++: sdkFolder is C:\Users\Bui Van Son\AppData\Local\Android\Sdk
C/C++: android.ndkVersion from module build.gradle is [25.2.9519653]
C/C++: android.ndkPath from module build.gradle is not set
C/C++: ndk.dir in local.properties is not set
C/C++: Not considering ANDROID_NDK_HOME because support was removed after deprecation period.
C/C++: sdkFolder is C:\Users\Bui Van Son\AppData\Local\Android\Sdk
C/C++: android.ndkVersion from module build.gradle is [25.2.9519653]
C/C++: android.ndkPath from module build.gradle is not set
C/C++: ndk.dir in local.properties is not set
C/C++: Not considering ANDROID_NDK_HOME because support was removed after deprecation period.
C/C++: sdkFolder is C:\Users\Bui Van Son\AppData\Local\Android\Sdk
C/C++: android.ndkVersion from module build.gradle is [25.2.9519653]
C/C++: android.ndkPath from module build.gradle is not set
C/C++: ndk.dir in local.properties is not set
C/C++: Not considering ANDROID_NDK_HOME because support was removed after deprecation period.
C/C++: sdkFolder is C:\Users\Bui Van Son\AppData\Local\Android\Sdk
Detected Android Gradle Plugin compose compiler configuration
Detected Android Gradle Plugin compose compiler configuration
Detected Android Gradle Plugin compose compiler configuration
Detected Android Gradle Plugin compose compiler configuration
Detected Android Gradle Plugin compose compiler configuration
All projects evaluated.
Task name matched 'test'
Selected primary task 'test' from project :
Adding -Xuse-inline-scopes-numbers Kotlin compiler flag for task :app:compileDebugKotlin
Tasks to be executed: [task ':app:preBuild', task ':app:preDebugBuild', task ':app:checkKotlinGradlePluginConfigurationErrors', task ':app:checkDebugAarMetadata', task ':app:processDebugNavigationResources', task ':app:compileDebugNavigationResources', task ':app:generateDebugResValues', task ':app:mapDebugSourceSetPaths', task ':app:generateDebugResources', task ':app:mergeDebugResources', task ':app:packageDebugResources', task ':app:parseDebugLocalResources', task ':app:createDebugCompatibleScreenManifests', task ':app:extractDeepLinksDebug', task ':app:processDebugMainManifest', task ':app:processDebugManifest', task ':app:processDebugManifestForPackage', task ':app:processDebugResources', task ':app:kspDebugKotlin', task ':app:compileDebugKotlin', task ':app:javaPreCompileDebug', task ':app:compileDebugJavaWithJavac', task ':app:hiltAggregateDepsDebug', task ':app:hiltJavaCompileDebug', task ':app:bundleDebugClassesToCompileJar', task ':app:kspDebugUnitTestKotlin', task ':app:compileDebugUnitTestKotlin', task ':app:preDebugUnitTestBuild', task ':app:javaPreCompileDebugUnitTest', task ':app:compileDebugUnitTestJavaWithJavac', task ':app:preReleaseBuild', task ':app:checkReleaseAarMetadata', task ':app:processReleaseNavigationResources', task ':app:compileReleaseNavigationResources', task ':app:generateReleaseResValues', task ':app:mapReleaseSourceSetPaths', task ':app:generateReleaseResources', task ':app:mergeReleaseResources', task ':app:packageReleaseResources', task ':app:parseReleaseLocalResources', task ':app:createReleaseCompatibleScreenManifests', task ':app:extractDeepLinksRelease', task ':app:processReleaseMainManifest', task ':app:processReleaseManifest', task ':app:processReleaseManifestForPackage', task ':app:processReleaseResources', task ':app:kspReleaseKotlin', task ':app:compileReleaseKotlin', task ':app:javaPreCompileRelease', task ':app:compileReleaseJavaWithJavac', task ':app:buildKotlinToolingMetadata', task ':app:hiltAggregateDepsRelease', task ':app:hiltJavaCompileRelease', task ':app:bundleReleaseClassesToCompileJar', task ':app:kspReleaseUnitTestKotlin', task ':app:compileReleaseUnitTestKotlin', task ':app:preReleaseUnitTestBuild', task ':app:javaPreCompileReleaseUnitTest', task ':app:compileReleaseUnitTestJavaWithJavac', task ':app:copyRoomSchemas', task ':app:transformDebugClassesWithAsm', task ':app:bundleDebugClassesToRuntimeJar', task ':app:processDebugJavaRes', task ':app:hiltAggregateDepsDebugUnitTest', task ':app:hiltJavaCompileDebugUnitTest', task ':app:processDebugUnitTestJavaRes', task ':app:transformDebugUnitTestClassesWithAsm', task ':app:testDebugUnitTest', task ':app:transformReleaseClassesWithAsm', task ':app:bundleReleaseClassesToRuntimeJar', task ':app:processReleaseJavaRes', task ':app:hiltAggregateDepsReleaseUnitTest', task ':app:hiltJavaCompileReleaseUnitTest', task ':app:processReleaseUnitTestJavaRes', task ':app:transformReleaseUnitTestClassesWithAsm', task ':app:testReleaseUnitTest', task ':app:test']
Tasks that were excluded: []
Adding -Xuse-inline-scopes-numbers Kotlin compiler flag for task :app:compileDebugAndroidTestKotlin
Build a881cc92-a824-46ee-96c1-7f8a9554b942 is closed
Using local directory build cache for the root build (location = C:\Users\Bui Van Son\.gradle\caches\build-cache-1, remove unused entries = after 7 days).
Ignoring listeners of task graph ready event, as this build (:) has already executed work.
Resolve mutations for :app:preBuild (Thread[#858,Execution worker,5,main]) started.
Resolve mutations for :app:buildKotlinToolingMetadata (Thread[#859,Execution worker Thread 2,5,main]) started.
work action Unknown value (Thread[#862,Execution worker Thread 5,5,main]) started.
Resolve mutations for :app:checkKotlinGradlePluginConfigurationErrors (Thread[#860,Execution worker Thread 3,5,main]) started.
work action Unknown value (Thread[#861,Execution worker Thread 4,5,main]) started.
work action Unknown value (Thread[#864,Execution worker Thread 7,5,main]) started.
:app:checkKotlinGradlePluginConfigurationErrors (Thread[#867,Execution worker Thread 10,5,main]) started.
:app:buildKotlinToolingMetadata (Thread[#859,Execution worker Thread 2,5,main]) started.
:app:preBuild (Thread[#858,Execution worker,5,main]) started.

> Task :app:preBuild UP-TO-DATE
Skipping task ':app:preBuild' as it has no actions.

> Task :app:checkKotlinGradlePluginConfigurationErrors SKIPPED
Skipping task ':app:checkKotlinGradlePluginConfigurationErrors' as task onlyIf 'errorDiagnostics are present' is false.
Resolve mutations for :app:preDebugBuild (Thread[#858,Execution worker,5,main]) started.
Resolve mutations for :app:preDebugUnitTestBuild (Thread[#862,Execution worker Thread 5,5,main]) started.
Resolve mutations for :app:preReleaseBuild (Thread[#860,Execution worker Thread 3,5,main]) started.
Resolve mutations for :app:preReleaseUnitTestBuild (Thread[#865,Execution worker Thread 8,5,main]) started.
:app:preDebugBuild (Thread[#858,Execution worker,5,main]) started.

> Task :app:preDebugBuild UP-TO-DATE
Skipping task ':app:preDebugBuild' as it has no actions.
Resolve mutations for :app:checkDebugAarMetadata (Thread[#858,Execution worker,5,main]) started.
Resolve mutations for :app:processDebugNavigationResources (Thread[#866,Execution worker Thread 9,5,main]) started.
Resolve mutations for :app:generateDebugResValues (Thread[#865,Execution worker Thread 8,5,main]) started.
Resolve mutations for :app:createDebugCompatibleScreenManifests (Thread[#862,Execution worker Thread 5,5,main]) started.
Resolve mutations for :app:javaPreCompileDebug (Thread[#860,Execution worker Thread 3,5,main]) started.
:app:preDebugUnitTestBuild (Thread[#863,Execution worker Thread 6,5,main]) started.
:app:generateDebugResValues (Thread[#862,Execution worker Thread 5,5,main]) started.
:app:createDebugCompatibleScreenManifests (Thread[#860,Execution worker Thread 3,5,main]) started.

> Task :app:preDebugUnitTestBuild UP-TO-DATE
Skipping task ':app:preDebugUnitTestBuild' as it has no actions.
:app:preReleaseBuild (Thread[#857,included builds,5,main]) started.
:app:javaPreCompileDebug (Thread[#864,Execution worker Thread 7,5,main]) started.
:app:preReleaseUnitTestBuild (Thread[#868,Execution worker Thread 11,5,main]) started.
Resolve mutations for :app:javaPreCompileDebugUnitTest (Thread[#863,Execution worker Thread 6,5,main]) started.
:app:checkDebugAarMetadata (Thread[#858,Execution worker,5,main]) started.

> Task :app:preReleaseUnitTestBuild UP-TO-DATE
Skipping task ':app:preReleaseUnitTestBuild' as it has no actions.
:app:processDebugNavigationResources (Thread[#866,Execution worker Thread 9,5,main]) started.
Resolve mutations for :app:javaPreCompileReleaseUnitTest (Thread[#868,Execution worker Thread 11,5,main]) started.
:app:javaPreCompileDebugUnitTest (Thread[#863,Execution worker Thread 6,5,main]) started.

> Task :app:preReleaseBuild UP-TO-DATE
Skipping task ':app:preReleaseBuild' as it has no actions.
:app:javaPreCompileReleaseUnitTest (Thread[#868,Execution worker Thread 11,5,main]) started.
Resolve mutations for :app:checkReleaseAarMetadata (Thread[#867,Execution worker Thread 10,5,main]) started.
Resolve mutations for :app:processReleaseNavigationResources (Thread[#861,Execution worker Thread 4,5,main]) started.
Resolve mutations for :app:generateReleaseResValues (Thread[#865,Execution worker Thread 8,5,main]) started.
:app:checkReleaseAarMetadata (Thread[#867,Execution worker Thread 10,5,main]) started.
:app:processReleaseNavigationResources (Thread[#861,Execution worker Thread 4,5,main]) started.
Resolve mutations for :app:createReleaseCompatibleScreenManifests (Thread[#857,included builds,5,main]) started.
:app:generateReleaseResValues (Thread[#865,Execution worker Thread 8,5,main]) started.

> Task :app:generateDebugResValues UP-TO-DATE
Build cache key for task ':app:generateDebugResValues' is 6eca506757062d712e99e1dd652fdf2d
Skipping task ':app:generateDebugResValues' as it is up-to-date.

> Task :app:javaPreCompileDebug UP-TO-DATE
Build cache key for task ':app:javaPreCompileDebug' is 87e9b3051544abe374e880852a951750
Skipping task ':app:javaPreCompileDebug' as it is up-to-date.

> Task :app:createDebugCompatibleScreenManifests UP-TO-DATE
Caching disabled for task ':app:createDebugCompatibleScreenManifests' because:
  Caching has been disabled for the task
Skipping task ':app:createDebugCompatibleScreenManifests' as it is up-to-date.
:app:createReleaseCompatibleScreenManifests (Thread[#864,Execution worker Thread 7,5,main]) started.
Resolve mutations for :app:mapDebugSourceSetPaths (Thread[#862,Execution worker Thread 5,5,main]) started.
Resolve mutations for :app:generateDebugResources (Thread[#860,Execution worker Thread 3,5,main]) started.
Resolve mutations for :app:extractDeepLinksDebug (Thread[#857,included builds,5,main]) started.
:app:mapDebugSourceSetPaths (Thread[#862,Execution worker Thread 5,5,main]) started.
:app:extractDeepLinksDebug (Thread[#857,included builds,5,main]) started.
:app:generateDebugResources (Thread[#860,Execution worker Thread 3,5,main]) started.

> Task :app:generateDebugResources UP-TO-DATE
Build cache key for task ':app:generateDebugResources' is e29e5b32e6c31b53c881800eee58d5c1
Skipping task ':app:generateDebugResources' as it is up-to-date.

> Task :app:extractDeepLinksDebug UP-TO-DATE
Build cache key for task ':app:extractDeepLinksDebug' is 316dd221517578c1d8683ae3c3fc3ab5
Skipping task ':app:extractDeepLinksDebug' as it is up-to-date.
Resolve mutations for :app:mergeDebugResources (Thread[#860,Execution worker Thread 3,5,main]) started.
Resolve mutations for :app:packageDebugResources (Thread[#857,included builds,5,main]) started.
:app:packageDebugResources (Thread[#857,included builds,5,main]) started.
:app:mergeDebugResources (Thread[#860,Execution worker Thread 3,5,main]) started.

> Task :app:processDebugNavigationResources UP-TO-DATE
Build cache key for task ':app:processDebugNavigationResources' is 2b0908e507326fd290757b131a12c2e9
Skipping task ':app:processDebugNavigationResources' as it is up-to-date.

> Task :app:checkDebugAarMetadata UP-TO-DATE
Caching disabled for task ':app:checkDebugAarMetadata' because:
  Caching has been disabled for the task
Skipping task ':app:checkDebugAarMetadata' as it is up-to-date.
Resolve mutations for :app:compileDebugNavigationResources (Thread[#866,Execution worker Thread 9,5,main]) started.
Resolve mutations for :app:processDebugMainManifest (Thread[#858,Execution worker,5,main]) started.

> Task :app:packageDebugResources UP-TO-DATE
Build cache key for task ':app:packageDebugResources' is bb5f33deff430062b1aa8286e1127b47
Skipping task ':app:packageDebugResources' as it is up-to-date.
:app:processDebugMainManifest (Thread[#858,Execution worker,5,main]) started.
:app:compileDebugNavigationResources (Thread[#866,Execution worker Thread 9,5,main]) started.
Resolve mutations for :app:parseDebugLocalResources (Thread[#857,included builds,5,main]) started.
:app:parseDebugLocalResources (Thread[#857,included builds,5,main]) started.

> Task :app:mapDebugSourceSetPaths UP-TO-DATE
Caching disabled for task ':app:mapDebugSourceSetPaths' because:
  Caching has been disabled for the task
Skipping task ':app:mapDebugSourceSetPaths' as it is up-to-date.

> Task :app:mergeDebugResources UP-TO-DATE
Build cache key for task ':app:mergeDebugResources' is e562d391ac570c9f05ac395d71ae997d
Skipping task ':app:mergeDebugResources' as it is up-to-date.
Resolve mutations for :app:javaPreCompileRelease (Thread[#860,Execution worker Thread 3,5,main]) started.
:app:javaPreCompileRelease (Thread[#860,Execution worker Thread 3,5,main]) started.

> Task :app:compileDebugNavigationResources UP-TO-DATE
Build cache key for task ':app:compileDebugNavigationResources' is bacf7cb4a5213785080e41cefd6cb672
Skipping task ':app:compileDebugNavigationResources' as it is up-to-date.

> Task :app:parseDebugLocalResources UP-TO-DATE
Build cache key for task ':app:parseDebugLocalResources' is b5b9a08ec1dc6c09ab1e2d7e7f2031ad
Skipping task ':app:parseDebugLocalResources' as it is up-to-date.

> Task :app:processDebugMainManifest UP-TO-DATE
Build cache key for task ':app:processDebugMainManifest' is 03d80bb3fe9c7fddc50c10163c2df9ae
Skipping task ':app:processDebugMainManifest' as it is up-to-date.
Resolve mutations for :app:processDebugManifest (Thread[#858,Execution worker,5,main]) started.
:app:processDebugManifest (Thread[#858,Execution worker,5,main]) started.

> Task :app:processDebugManifest UP-TO-DATE
Build cache key for task ':app:processDebugManifest' is 3f5e9fb7303c409982dc7b9cedbf92b2
Skipping task ':app:processDebugManifest' as it is up-to-date.
Resolve mutations for :app:processDebugManifestForPackage (Thread[#858,Execution worker,5,main]) started.
:app:processDebugManifestForPackage (Thread[#858,Execution worker,5,main]) started.

> Task :app:processDebugManifestForPackage UP-TO-DATE
Build cache key for task ':app:processDebugManifestForPackage' is aefb0feca1a2bdfe3ee8be7b37355d8d
Skipping task ':app:processDebugManifestForPackage' as it is up-to-date.
Resolve mutations for :app:processDebugResources (Thread[#858,Execution worker,5,main]) started.
:app:processDebugResources (Thread[#858,Execution worker,5,main]) started.

> Task :app:createReleaseCompatibleScreenManifests
Caching disabled for task ':app:createReleaseCompatibleScreenManifests' because:
  Caching has been disabled for the task
Task ':app:createReleaseCompatibleScreenManifests' is not up-to-date because:
  Output property 'outputFolder' file D:\AndroidStudioProjects\SmartRecorderNotes\app\build\intermediates\compatible_screen_manifest\release\createReleaseCompatibleScreenManifests has been removed.
  Output property 'outputFolder' file D:\AndroidStudioProjects\SmartRecorderNotes\app\build\intermediates\compatible_screen_manifest\release\createReleaseCompatibleScreenManifests\output-metadata.json has been removed.

> Task :app:processReleaseNavigationResources FROM-CACHE
Build cache key for task ':app:processReleaseNavigationResources' is 2b0908e507326fd290757b131a12c2e9
Task ':app:processReleaseNavigationResources' is not up-to-date because:
  Output property 'outputDir' file D:\AndroidStudioProjects\SmartRecorderNotes\app\build\generated\updated_navigation_xml\release has been removed.
Loaded cache entry for task ':app:processReleaseNavigationResources' with cache key 2b0908e507326fd290757b131a12c2e9

> Task :app:javaPreCompileRelease FROM-CACHE
Build cache key for task ':app:javaPreCompileRelease' is 87e9b3051544abe374e880852a951750
Task ':app:javaPreCompileRelease' is not up-to-date because:
  Output property 'annotationProcessorListFile' file D:\AndroidStudioProjects\SmartRecorderNotes\app\build\intermediates\annotation_processor_list\release\javaPreCompileRelease\annotationProcessors.json has been removed.
Loaded cache entry for task ':app:javaPreCompileRelease' with cache key 87e9b3051544abe374e880852a951750

> Task :app:generateReleaseResValues FROM-CACHE
Build cache key for task ':app:generateReleaseResValues' is 6eca506757062d712e99e1dd652fdf2d
Task ':app:generateReleaseResValues' is not up-to-date because:
  Output property 'outputDirectory' file D:\AndroidStudioProjects\SmartRecorderNotes\app\build\generated\res\resValues\release has been removed.
Loaded cache entry for task ':app:generateReleaseResValues' with cache key 6eca506757062d712e99e1dd652fdf2d
Resolve mutations for :app:compileReleaseNavigationResources (Thread[#861,Execution worker Thread 4,5,main]) started.

> Task :app:javaPreCompileDebugUnitTest FROM-CACHE
Build cache key for task ':app:javaPreCompileDebugUnitTest' is 2bac3bae617a96006e99b137f3f675ca
Task ':app:javaPreCompileDebugUnitTest' is not up-to-date because:
  Output property 'annotationProcessorListFile' file D:\AndroidStudioProjects\SmartRecorderNotes\app\build\intermediates\annotation_processor_list\debugUnitTest\javaPreCompileDebugUnitTest\annotationProcessors.json has been removed.
Loaded cache entry for task ':app:javaPreCompileDebugUnitTest' with cache key 2bac3bae617a96006e99b137f3f675ca

> Task :app:javaPreCompileReleaseUnitTest FROM-CACHE
Build cache key for task ':app:javaPreCompileReleaseUnitTest' is 2bac3bae617a96006e99b137f3f675ca
Task ':app:javaPreCompileReleaseUnitTest' is not up-to-date because:
  Output property 'annotationProcessorListFile' file D:\AndroidStudioProjects\SmartRecorderNotes\app\build\intermediates\annotation_processor_list\releaseUnitTest\javaPreCompileReleaseUnitTest\annotationProcessors.json has been removed.
Loaded cache entry for task ':app:javaPreCompileReleaseUnitTest' with cache key 2bac3bae617a96006e99b137f3f675ca
Resolve mutations for :app:mapReleaseSourceSetPaths (Thread[#865,Execution worker Thread 8,5,main]) started.
Resolve mutations for :app:extractDeepLinksRelease (Thread[#866,Execution worker Thread 9,5,main]) started.
Resolve mutations for :app:generateReleaseResources (Thread[#860,Execution worker Thread 3,5,main]) started.
:app:compileReleaseNavigationResources (Thread[#861,Execution worker Thread 4,5,main]) started.
:app:extractDeepLinksRelease (Thread[#866,Execution worker Thread 9,5,main]) started.
:app:mapReleaseSourceSetPaths (Thread[#865,Execution worker Thread 8,5,main]) started.
:app:generateReleaseResources (Thread[#860,Execution worker Thread 3,5,main]) started.

> Task :app:compileReleaseNavigationResources FROM-CACHE
Build cache key for task ':app:compileReleaseNavigationResources' is bacf7cb4a5213785080e41cefd6cb672
Task ':app:compileReleaseNavigationResources' is not up-to-date because:
  Output property 'outputDir' file D:\AndroidStudioProjects\SmartRecorderNotes\app\build\intermediates\compiled_navigation_res\release\compileReleaseNavigationResources has been removed.
Loaded cache entry for task ':app:compileReleaseNavigationResources' with cache key bacf7cb4a5213785080e41cefd6cb672

> Task :app:extractDeepLinksRelease FROM-CACHE
Build cache key for task ':app:extractDeepLinksRelease' is 316dd221517578c1d8683ae3c3fc3ab5
Task ':app:extractDeepLinksRelease' is not up-to-date because:
  Output property 'navigationJson' file D:\AndroidStudioProjects\SmartRecorderNotes\app\build\intermediates\navigation_json\release\extractDeepLinksRelease\navigation.json has been removed.
Loaded cache entry for task ':app:extractDeepLinksRelease' with cache key 316dd221517578c1d8683ae3c3fc3ab5
Resolve mutations for :app:processReleaseMainManifest (Thread[#866,Execution worker Thread 9,5,main]) started.
:app:processReleaseMainManifest (Thread[#866,Execution worker Thread 9,5,main]) started.

> Task :app:generateReleaseResources FROM-CACHE
Build cache key for task ':app:generateReleaseResources' is e29e5b32e6c31b53c881800eee58d5c1
Task ':app:generateReleaseResources' is not up-to-date because:
  Output property 'validationReportFile' file D:\AndroidStudioProjects\SmartRecorderNotes\app\build\intermediates\nested_resources_validation_report\release\generateReleaseResources\nestedResourcesValidationReport.txt has been removed.
Loaded cache entry for task ':app:generateReleaseResources' with cache key e29e5b32e6c31b53c881800eee58d5c1
Resolve mutations for :app:mergeReleaseResources (Thread[#860,Execution worker Thread 3,5,main]) started.
Resolve mutations for :app:packageReleaseResources (Thread[#861,Execution worker Thread 4,5,main]) started.
:app:packageReleaseResources (Thread[#861,Execution worker Thread 4,5,main]) started.
:app:mergeReleaseResources (Thread[#860,Execution worker Thread 3,5,main]) started.

> Task :app:processDebugResources UP-TO-DATE
Build cache key for task ':app:processDebugResources' is 61e32c3aab3cbc408fd269b6c79c3dc6
Skipping task ':app:processDebugResources' as it is up-to-date.
Resolve mutations for :app:kspDebugKotlin (Thread[#858,Execution worker,5,main]) started.
:app:kspDebugKotlin (Thread[#858,Execution worker,5,main]) started.

> Task :app:mapReleaseSourceSetPaths
Caching disabled for task ':app:mapReleaseSourceSetPaths' because:
  Caching has been disabled for the task
Task ':app:mapReleaseSourceSetPaths' is not up-to-date because:
  Output property 'filepathMappingFile' file D:\AndroidStudioProjects\SmartRecorderNotes\app\build\intermediates\source_set_path_map\release\mapReleaseSourceSetPaths\file-map.txt has been removed.

> Task :app:packageReleaseResources FROM-CACHE
Build cache key for task ':app:packageReleaseResources' is 36f48de9d3b5c9a439d3185fc621356c
Task ':app:packageReleaseResources' is not up-to-date because:
  Output property 'dataBindingLayoutInfoOutFolder' file D:\AndroidStudioProjects\SmartRecorderNotes\app\build\intermediates\data_binding_layout_info_type_package\release\packageReleaseResources\out has been removed.
  Output property 'incrementalFolder' file D:\AndroidStudioProjects\SmartRecorderNotes\app\build\intermediates\incremental\release\packageReleaseResources has been removed.
  Output property 'incrementalFolder' file D:\AndroidStudioProjects\SmartRecorderNotes\app\build\intermediates\incremental\release\packageReleaseResources\compile-file-map.properties has been removed.
  and more...
Loaded cache entry for task ':app:packageReleaseResources' with cache key 36f48de9d3b5c9a439d3185fc621356c
Resolve mutations for :app:parseReleaseLocalResources (Thread[#861,Execution worker Thread 4,5,main]) started.
:app:parseReleaseLocalResources (Thread[#861,Execution worker Thread 4,5,main]) started.

> Task :app:parseReleaseLocalResources FROM-CACHE
Build cache key for task ':app:parseReleaseLocalResources' is b5b9a08ec1dc6c09ab1e2d7e7f2031ad
Task ':app:parseReleaseLocalResources' is not up-to-date because:
  Output property 'librarySymbolsFile' file D:\AndroidStudioProjects\SmartRecorderNotes\app\build\intermediates\local_only_symbol_list\release\parseReleaseLocalResources\R-def.txt has been removed.
Loaded cache entry for task ':app:parseReleaseLocalResources' with cache key b5b9a08ec1dc6c09ab1e2d7e7f2031ad

> Task :app:buildKotlinToolingMetadata
Caching disabled for task ':app:buildKotlinToolingMetadata' because:
  Caching has been disabled for the task
Task ':app:buildKotlinToolingMetadata' is not up-to-date because:
  Output property 'outputDirectory' file D:\AndroidStudioProjects\SmartRecorderNotes\app\build\kotlinToolingMetadata has been removed.
  Output property 'outputDirectory' file D:\AndroidStudioProjects\SmartRecorderNotes\app\build\kotlinToolingMetadata\kotlin-tooling-metadata.json has been removed.

> Task :app:checkReleaseAarMetadata
Caching disabled for task ':app:checkReleaseAarMetadata' because:
  Caching has been disabled for the task
Task ':app:checkReleaseAarMetadata' is not up-to-date because:
  Output property 'dummyOutputDirectory' file D:\AndroidStudioProjects\SmartRecorderNotes\app\build\intermediates\aar_metadata_check\release\checkReleaseAarMetadata has been removed.

> Task :app:processReleaseMainManifest
Build cache key for task ':app:processReleaseMainManifest' is 8245533527f5825661218dac81a876a8
Task ':app:processReleaseMainManifest' is not up-to-date because:
  Output property 'mergeBlameFile' file D:\AndroidStudioProjects\SmartRecorderNotes\app\build\intermediates\manifest_merge_blame_file\release\processReleaseMainManifest\manifest-merger-blame-release-report.txt has been removed.
  Output property 'mergedManifest' file D:\AndroidStudioProjects\SmartRecorderNotes\app\build\intermediates\merged_manifest\release\processReleaseMainManifest\AndroidManifest.xml has been removed.
  Output property 'reportFile' file D:\AndroidStudioProjects\SmartRecorderNotes\app\build\outputs\logs\manifest-merger-release-report.txt has been removed.
Loading library manifest C:\Users\Bui Van Son\.gradle\caches\8.13\transforms\703b33c5b2c827fa889b0c6c5ffaf0f8\transformed\hilt-work-1.1.0\AndroidManifest.xml
Loading library manifest C:\Users\Bui Van Son\.gradle\caches\8.13\transforms\a701e00a8d42cee3a45a7b1a44e6c13b\transformed\hilt-navigation-compose-1.2.0\AndroidManifest.xml
Loading library manifest C:\Users\Bui Van Son\.gradle\caches\8.13\transforms\6a09d055c8762614453b81db5ffa7f13\transformed\hilt-navigation-1.2.0\AndroidManifest.xml
Loading library manifest C:\Users\Bui Van Son\.gradle\caches\8.13\transforms\8e4da61e23000d691c0ec7af60be439a\transformed\hilt-android-2.57\AndroidManifest.xml
Loading library manifest C:\Users\Bui Van Son\.gradle\caches\8.13\transforms\9c33034346c812ea883d96b1683c26df\transformed\navigation-runtime-release\AndroidManifest.xml
Loading library manifest C:\Users\Bui Van Son\.gradle\caches\8.13\transforms\a85a396c5a852be6c04c2c959fc18a64\transformed\navigation-common-release\AndroidManifest.xml
Loading library manifest C:\Users\Bui Van Son\.gradle\caches\8.13\transforms\e55dd75176a2dc519188f34bf9df6230\transformed\navigation-compose-release\AndroidManifest.xml
Loading library manifest C:\Users\Bui Van Son\.gradle\caches\8.13\transforms\688c924d17b362326c6bbd2a5be7aa8f\transformed\fragment-1.5.1\AndroidManifest.xml
Loading library manifest C:\Users\Bui Van Son\.gradle\caches\8.13\transforms\299b9412931af4faaf4477811c6da653\transformed\activity-1.10.1\AndroidManifest.xml
Loading library manifest C:\Users\Bui Van Son\.gradle\caches\8.13\transforms\b1bea8dfa4f1ada06261578cd7365ef6\transformed\work-runtime-ktx-2.9.0\AndroidManifest.xml
Loading library manifest C:\Users\Bui Van Son\.gradle\caches\8.13\transforms\b24f75006ec6367c76113a3898a85aa1\transformed\work-runtime-2.9.0\AndroidManifest.xml
Loading library manifest C:\Users\Bui Van Son\.gradle\caches\8.13\transforms\e86af7e591ddca76e04b51024c949dca\transformed\loader-1.0.0\AndroidManifest.xml
Loading library manifest C:\Users\Bui Van Son\.gradle\caches\8.13\transforms\903e0e4861ba17465d874556b55a7804\transformed\media-1.7.0\AndroidManifest.xml
Loading library manifest C:\Users\Bui Van Son\.gradle\caches\8.13\transforms\f61d7fbe8a9c96558f0178dd75559b62\transformed\material3\AndroidManifest.xml
Loading library manifest C:\Users\Bui Van Son\.gradle\caches\8.13\transforms\ef9b8f2a0f57b379a4866e174230338a\transformed\animation-core\AndroidManifest.xml
Loading library manifest C:\Users\Bui Van Son\.gradle\caches\8.13\transforms\6e18f4b1072cdee0be6d8fc64f0daec5\transformed\material-ripple\AndroidManifest.xml
Loading library manifest C:\Users\Bui Van Son\.gradle\caches\8.13\transforms\29c26405a3f80e37e2d7bbe2c8058d49\transformed\animation\AndroidManifest.xml
Loading library manifest C:\Users\Bui Van Son\.gradle\caches\8.13\transforms\8c9b444760b717b726e33a5b4f44b6ec\transformed\foundation-layout\AndroidManifest.xml
Loading library manifest C:\Users\Bui Van Son\.gradle\caches\8.13\transforms\a95c841c6164ce7d243897149fc58fde\transformed\foundation-release\AndroidManifest.xml
Loading library manifest C:\Users\Bui Van Son\.gradle\caches\8.13\transforms\2ea96fe25c7dd91adbbc451716ecbce1\transformed\ui-unit\AndroidManifest.xml
Loading library manifest C:\Users\Bui Van Son\.gradle\caches\8.13\transforms\0ec96f69b72fcaab3634aac8aea8455e\transformed\ui-geometry\AndroidManifest.xml
Loading library manifest C:\Users\Bui Van Son\.gradle\caches\8.13\transforms\66a88df7bbbd269d57722d6d7d3d43f9\transformed\ui-util\AndroidManifest.xml
Loading library manifest C:\Users\Bui Van Son\.gradle\caches\8.13\transforms\672b07c19325b510b7032524f1dfccc6\transformed\ui-text\AndroidManifest.xml
Loading library manifest C:\Users\Bui Van Son\.gradle\caches\8.13\transforms\60b2c440fce9cde4c81c4e258e24e2a2\transformed\ui-tooling-preview\AndroidManifest.xml
Loading library manifest C:\Users\Bui Van Son\.gradle\caches\8.13\transforms\4d65e2a6be61e072cacd15060f9772b8\transformed\ui-graphics-release\AndroidManifest.xml
Loading library manifest C:\Users\Bui Van Son\.gradle\caches\8.13\transforms\b3c05d9836b22339d580a18eeb52d628\transformed\viewpager-1.0.0\AndroidManifest.xml
Loading library manifest C:\Users\Bui Van Son\.gradle\caches\8.13\transforms\bf4feaa15d2eb6218f7f05086adb0d78\transformed\autofill-1.0.0\AndroidManifest.xml
Loading library manifest C:\Users\Bui Van Son\.gradle\caches\8.13\transforms\82eff196045702c853abe9c79c08bebb\transformed\graphics-path-1.0.1\AndroidManifest.xml
Loading library manifest C:\Users\Bui Van Son\.gradle\caches\8.13\transforms\e9fcad5c5abfbef670c0b2c38ae2784d\transformed\customview-1.0.0\AndroidManifest.xml
Loading library manifest C:\Users\Bui Van Son\.gradle\caches\8.13\transforms\4a4f6ca795bb301744d1feada68de4d4\transformed\emoji2-1.4.0\AndroidManifest.xml
Loading library manifest C:\Users\Bui Van Son\.gradle\caches\8.13\transforms\b2ed03c5a1001764a2b47093f59e529f\transformed\core-1.16.0\AndroidManifest.xml
Loading library manifest C:\Users\Bui Van Son\.gradle\caches\8.13\transforms\7f99b1c973b9e5c077f804a626f3e07f\transformed\lifecycle-process-2.9.4\AndroidManifest.xml
Loading library manifest C:\Users\Bui Van Son\.gradle\caches\8.13\transforms\88c7cf9776e143e2bb05f162a8eab0eb\transformed\lifecycle-livedata-core-ktx-2.9.4\AndroidManifest.xml
Loading library manifest C:\Users\Bui Van Son\.gradle\caches\8.13\transforms\9b3c8c3361f5dfab57e70c0335920f15\transformed\lifecycle-viewmodel-savedstate-2.9.4\AndroidManifest.xml
Loading library manifest C:\Users\Bui Van Son\.gradle\caches\8.13\transforms\7ec932a52e45e5fe662b81be51210f88\transformed\lifecycle-viewmodel-savedstate-release\AndroidManifest.xml
Loading library manifest C:\Users\Bui Van Son\.gradle\caches\8.13\transforms\8e35c659f5867cfa277f5eb86d1d5433\transformed\lifecycle-viewmodel-2.9.4\AndroidManifest.xml
Loading library manifest C:\Users\Bui Van Son\.gradle\caches\8.13\transforms\b50918759ff96c1b7667d678402925b7\transformed\lifecycle-viewmodel-release\AndroidManifest.xml
Loading library manifest C:\Users\Bui Van Son\.gradle\caches\8.13\transforms\fd3184c6b3e6d5fd65233b4b1d87439a\transformed\runtime-annotation\AndroidManifest.xml
Loading library manifest C:\Users\Bui Van Son\.gradle\caches\8.13\transforms\ebddf69b82e992f047a7cfe366e45543\transformed\runtime\AndroidManifest.xml
Loading library manifest C:\Users\Bui Van Son\.gradle\caches\8.13\transforms\7eaa423d9c6765e75800d58b6c5daca3\transformed\runtime-saveable\AndroidManifest.xml
Loading library manifest C:\Users\Bui Van Son\.gradle\caches\8.13\transforms\68af8f672967d65d61fabf78e97aa46d\transformed\savedstate-ktx-1.3.3\AndroidManifest.xml
Loading library manifest C:\Users\Bui Van Son\.gradle\caches\8.13\transforms\d4250fb55192534e9f6b1275f0b0fb32\transformed\savedstate-compose\AndroidManifest.xml
Loading library manifest C:\Users\Bui Van Son\.gradle\caches\8.13\transforms\da69c36c9e946f59c60904f7c1ff5a46\transformed\savedstate-1.3.3\AndroidManifest.xml
Loading library manifest C:\Users\Bui Van Son\.gradle\caches\8.13\transforms\ec31ec906c44f8c8124d4515667cb158\transformed\savedstate-release\AndroidManifest.xml
Loading library manifest C:\Users\Bui Van Son\.gradle\caches\8.13\transforms\b37b25a4bcc93ae1a034e1959762d1b1\transformed\lifecycle-runtime-release\AndroidManifest.xml
Loading library manifest C:\Users\Bui Van Son\.gradle\caches\8.13\transforms\7835a96ab567300db4ce20ee535dd3c0\transformed\lifecycle-service-2.9.4\AndroidManifest.xml
Loading library manifest C:\Users\Bui Van Son\.gradle\caches\8.13\transforms\addb197b7b600930d8c739f75f1155b0\transformed\lifecycle-livedata-2.9.4\AndroidManifest.xml
Loading library manifest C:\Users\Bui Van Son\.gradle\caches\8.13\transforms\29019e946c2e21354f20c6ef1d02dfd2\transformed\lifecycle-livedata-core-2.9.4\AndroidManifest.xml
Loading library manifest C:\Users\Bui Van Son\.gradle\caches\8.13\transforms\4895ac0f463d50009d466ee7b170d2a8\transformed\lifecycle-viewmodel-ktx-2.9.4\AndroidManifest.xml
Loading library manifest C:\Users\Bui Van Son\.gradle\caches\8.13\transforms\eeceeb5ad11bf531dc6ce17c28bede03\transformed\lifecycle-runtime-compose-release\AndroidManifest.xml
Loading library manifest C:\Users\Bui Van Son\.gradle\caches\8.13\transforms\9cefa50563ccd978feb86375f6426e1d\transformed\lifecycle-runtime-ktx\AndroidManifest.xml
Loading library manifest C:\Users\Bui Van Son\.gradle\caches\8.13\transforms\2ee6fc45f767c21e084d11745042ce62\transformed\lifecycle-viewmodel-compose-release\AndroidManifest.xml
Loading library manifest C:\Users\Bui Van Son\.gradle\caches\8.13\transforms\e6cb88672b3ffa8073fb41813bc47d83\transformed\material-icons-extended-release\AndroidManifest.xml
Loading library manifest C:\Users\Bui Van Son\.gradle\caches\8.13\transforms\1bfc533349d256fc64e3f226f3339416\transformed\material-icons-core-release\AndroidManifest.xml
Loading library manifest C:\Users\Bui Van Son\.gradle\caches\8.13\transforms\98a191728b2dbc9e6266312696a6c263\transformed\ui-release\AndroidManifest.xml
Loading library manifest C:\Users\Bui Van Son\.gradle\caches\8.13\transforms\9044804732bf47e0e7806db4f90bd6f7\transformed\activity-ktx-1.10.1\AndroidManifest.xml
Loading library manifest C:\Users\Bui Van Son\.gradle\caches\8.13\transforms\2c850304817315c62fe275f6d4141d07\transformed\activity-compose-1.10.1\AndroidManifest.xml
Loading library manifest C:\Users\Bui Van Son\.gradle\caches\8.13\transforms\643703d3e1c83f3c0f5b34bd97e56d46\transformed\customview-poolingcontainer-1.0.0\AndroidManifest.xml
Loading library manifest C:\Users\Bui Van Son\.gradle\caches\8.13\transforms\a7a3e15647280b9ad73256e148131b19\transformed\core-ktx-1.16.0\AndroidManifest.xml
Loading library manifest C:\Users\Bui Van Son\.gradle\caches\8.13\transforms\4aabe46c0b790cd9c7d508071f77c187\transformed\room-runtime-release\AndroidManifest.xml
Loading library manifest C:\Users\Bui Van Son\.gradle\caches\8.13\transforms\0c79eca250f38e6afb57b8d0a2b35e48\transformed\room-ktx-2.7.0\AndroidManifest.xml
Loading library manifest C:\Users\Bui Van Son\.gradle\caches\8.13\transforms\1731b83d616a5824320eb5f51e619ca5\transformed\datastore-core-release\AndroidManifest.xml
Loading library manifest C:\Users\Bui Van Son\.gradle\caches\8.13\transforms\2e7f0f403a8d331ec4344d77b25c105d\transformed\datastore-release\AndroidManifest.xml
Loading library manifest C:\Users\Bui Van Son\.gradle\caches\8.13\transforms\4be6270dc5b8e07f50794e34d959ada3\transformed\datastore-preferences-release\AndroidManifest.xml
Loading library manifest C:\Users\Bui Van Son\.gradle\caches\8.13\transforms\7bae84b72cca38a736839f9a94e70d46\transformed\annotation-experimental-1.4.1\AndroidManifest.xml
Loading library manifest C:\Users\Bui Van Son\.gradle\caches\8.13\transforms\16890ee98d0e41abe75819f84dbaff84\transformed\core-viewtree-1.0.0\AndroidManifest.xml
Loading library manifest C:\Users\Bui Van Son\.gradle\caches\8.13\transforms\3ed36580b002287b3c0723de5bffc489\transformed\interpolator-1.0.0\AndroidManifest.xml
Loading library manifest C:\Users\Bui Van Son\.gradle\caches\8.13\transforms\adae42d8578df0b02efbc53ef067b311\transformed\profileinstaller-1.4.0\AndroidManifest.xml
Loading library manifest C:\Users\Bui Van Son\.gradle\caches\8.13\transforms\70510dec378b051f033f9e97039d2cdc\transformed\startup-runtime-1.1.1\AndroidManifest.xml
Loading library manifest C:\Users\Bui Van Son\.gradle\caches\8.13\transforms\ac29cfd7bbc2113baa7f618443b12c5f\transformed\tracing-1.2.0\AndroidManifest.xml
Loading library manifest C:\Users\Bui Van Son\.gradle\caches\8.13\transforms\2b08fbd5f41111758eb77234dcab5f14\transformed\versionedparcelable-1.1.1\AndroidManifest.xml
Loading library manifest C:\Users\Bui Van Son\.gradle\caches\8.13\transforms\8454ab484b5946482ae7c01cab398422\transformed\core-runtime-2.2.0\AndroidManifest.xml
Loading library manifest C:\Users\Bui Van Son\.gradle\caches\8.13\transforms\6ecfd6fa7f1d654bf20d940f79732bb3\transformed\sqlite-framework-release\AndroidManifest.xml
Loading library manifest C:\Users\Bui Van Son\.gradle\caches\8.13\transforms\030077f149a32719be5fd0323d9c3e40\transformed\sqlite-release\AndroidManifest.xml
Loading library manifest C:\Users\Bui Van Son\.gradle\caches\8.13\transforms\d4dbf28afa9b2b0d4b2fce32354cc749\transformed\dagger-lint-aar-2.57\AndroidManifest.xml
Merging main manifest D:\AndroidStudioProjects\SmartRecorderNotes\app\src\main\AndroidManifest.xml

Merging library manifest C:\Users\Bui Van Son\.gradle\caches\8.13\transforms\703b33c5b2c827fa889b0c6c5ffaf0f8\transformed\hilt-work-1.1.0\AndroidManifest.xml
Merging manifest with lower [androidx.hilt:hilt-work:1.1.0] AndroidManifest.xml:17:1-22:12
uses-sdk defined in both files...
Merging uses-sdk with lower [androidx.hilt:hilt-work:1.1.0] AndroidManifest.xml:20:5-44
Merging library manifest C:\Users\Bui Van Son\.gradle\caches\8.13\transforms\a701e00a8d42cee3a45a7b1a44e6c13b\transformed\hilt-navigation-compose-1.2.0\AndroidManifest.xml
Merging manifest with lower [androidx.hilt:hilt-navigation-compose:1.2.0] AndroidManifest.xml:2:1-7:12
uses-sdk defined in both files...
Merging uses-sdk with lower [androidx.hilt:hilt-navigation-compose:1.2.0] AndroidManifest.xml:5:5-44
Merging library manifest C:\Users\Bui Van Son\.gradle\caches\8.13\transforms\6a09d055c8762614453b81db5ffa7f13\transformed\hilt-navigation-1.2.0\AndroidManifest.xml
Merging manifest with lower [androidx.hilt:hilt-navigation:1.2.0] AndroidManifest.xml:2:1-7:12
uses-sdk defined in both files...
Merging uses-sdk with lower [androidx.hilt:hilt-navigation:1.2.0] AndroidManifest.xml:5:5-44
Merging library manifest C:\Users\Bui Van Son\.gradle\caches\8.13\transforms\8e4da61e23000d691c0ec7af60be439a\transformed\hilt-android-2.57\AndroidManifest.xml
Merging manifest with lower [com.google.dagger:hilt-android:2.57] AndroidManifest.xml:16:1-19:12
uses-sdk defined in both files...
Merging uses-sdk with lower [com.google.dagger:hilt-android:2.57] AndroidManifest.xml:18:3-42
Merging library manifest C:\Users\Bui Van Son\.gradle\caches\8.13\transforms\9c33034346c812ea883d96b1683c26df\transformed\navigation-runtime-release\AndroidManifest.xml
Merging manifest with lower [androidx.navigation:navigation-runtime-android:2.9.4] AndroidManifest.xml:17:1-22:12
uses-sdk defined in both files...
Merging uses-sdk with lower [androidx.navigation:navigation-runtime-android:2.9.4] AndroidManifest.xml:20:5-44
Merging library manifest C:\Users\Bui Van Son\.gradle\caches\8.13\transforms\a85a396c5a852be6c04c2c959fc18a64\transformed\navigation-common-release\AndroidManifest.xml
Merging manifest with lower [androidx.navigation:navigation-common-android:2.9.4] AndroidManifest.xml:17:1-22:12
uses-sdk defined in both files...
Merging uses-sdk with lower [androidx.navigation:navigation-common-android:2.9.4] AndroidManifest.xml:20:5-44
Merging library manifest C:\Users\Bui Van Son\.gradle\caches\8.13\transforms\e55dd75176a2dc519188f34bf9df6230\transformed\navigation-compose-release\AndroidManifest.xml
Merging manifest with lower [androidx.navigation:navigation-compose-android:2.9.4] AndroidManifest.xml:2:1-7:12
uses-sdk defined in both files...
Merging uses-sdk with lower [androidx.navigation:navigation-compose-android:2.9.4] AndroidManifest.xml:5:5-44
Merging library manifest C:\Users\Bui Van Son\.gradle\caches\8.13\transforms\688c924d17b362326c6bbd2a5be7aa8f\transformed\fragment-1.5.1\AndroidManifest.xml
Merging manifest with lower [androidx.fragment:fragment:1.5.1] AndroidManifest.xml:17:1-24:12
uses-sdk defined in both files...
Merging uses-sdk with lower [androidx.fragment:fragment:1.5.1] AndroidManifest.xml:20:5-22:41
Merging library manifest C:\Users\Bui Van Son\.gradle\caches\8.13\transforms\299b9412931af4faaf4477811c6da653\transformed\activity-1.10.1\AndroidManifest.xml
Merging manifest with lower [androidx.activity:activity:1.10.1] AndroidManifest.xml:17:1-22:12
uses-sdk defined in both files...
Merging uses-sdk with lower [androidx.activity:activity:1.10.1] AndroidManifest.xml:20:5-44
Merging library manifest C:\Users\Bui Van Son\.gradle\caches\8.13\transforms\b1bea8dfa4f1ada06261578cd7365ef6\transformed\work-runtime-ktx-2.9.0\AndroidManifest.xml
Merging manifest with lower [androidx.work:work-runtime-ktx:2.9.0] AndroidManifest.xml:17:1-22:12
uses-sdk defined in both files...
Merging uses-sdk with lower [androidx.work:work-runtime-ktx:2.9.0] AndroidManifest.xml:20:5-44
Merging library manifest C:\Users\Bui Van Son\.gradle\caches\8.13\transforms\b24f75006ec6367c76113a3898a85aa1\transformed\work-runtime-2.9.0\AndroidManifest.xml
Merging manifest with lower [androidx.work:work-runtime:2.9.0] AndroidManifest.xml:17:1-145:12
uses-sdk defined in both files...
Merging uses-sdk with lower [androidx.work:work-runtime:2.9.0] AndroidManifest.xml:21:5-44
Adopted [uses-permission: null]
uses-permission#android.permission.ACCESS_NETWORK_STATE defined in both files...
Merging uses-permission#android.permission.ACCESS_NETWORK_STATE with lower [androidx.work:work-runtime:2.9.0] AndroidManifest.xml:24:5-79
Adopted [uses-permission: null]
uses-permission#android.permission.FOREGROUND_SERVICE defined in both files...
Merging uses-permission#android.permission.FOREGROUND_SERVICE with lower [androidx.work:work-runtime:2.9.0] AndroidManifest.xml:26:5-77
application defined in both files...
Merging application with lower [androidx.work:work-runtime:2.9.0] AndroidManifest.xml:28:5-143:19
Adopted [provider: null]
Adopted [service: null]
Adopted [service: null]
Adopted [service: null]
Adopted [receiver: null]
Adopted [receiver: null]
Adopted [receiver: null]
Adopted [receiver: null]
Adopted [receiver: null]
Adopted [receiver: null]
Adopted [receiver: null]
Adopted [receiver: null]
Merging library manifest C:\Users\Bui Van Son\.gradle\caches\8.13\transforms\e86af7e591ddca76e04b51024c949dca\transformed\loader-1.0.0\AndroidManifest.xml
Merging manifest with lower [androidx.loader:loader:1.0.0] AndroidManifest.xml:17:1-22:12
uses-sdk defined in both files...
Merging uses-sdk with lower [androidx.loader:loader:1.0.0] AndroidManifest.xml:20:5-44
Merging library manifest C:\Users\Bui Van Son\.gradle\caches\8.13\transforms\903e0e4861ba17465d874556b55a7804\transformed\media-1.7.0\AndroidManifest.xml
Merging manifest with lower [androidx.media:media:1.7.0] AndroidManifest.xml:2:1-7:12
uses-sdk defined in both files...
Merging uses-sdk with lower [androidx.media:media:1.7.0] AndroidManifest.xml:5:5-44
Merging library manifest C:\Users\Bui Van Son\.gradle\caches\8.13\transforms\f61d7fbe8a9c96558f0178dd75559b62\transformed\material3\AndroidManifest.xml
Merging manifest with lower [androidx.compose.material3:material3-android:1.4.0] AndroidManifest.xml:17:1-22:12
uses-sdk defined in both files...
Merging uses-sdk with lower [androidx.compose.material3:material3-android:1.4.0] AndroidManifest.xml:20:5-44
Merging library manifest C:\Users\Bui Van Son\.gradle\caches\8.13\transforms\ef9b8f2a0f57b379a4866e174230338a\transformed\animation-core\AndroidManifest.xml
Merging manifest with lower [androidx.compose.animation:animation-core-android:1.9.4] AndroidManifest.xml:2:1-7:12
uses-sdk defined in both files...
Merging uses-sdk with lower [androidx.compose.animation:animation-core-android:1.9.4] AndroidManifest.xml:5:5-44
Merging library manifest C:\Users\Bui Van Son\.gradle\caches\8.13\transforms\6e18f4b1072cdee0be6d8fc64f0daec5\transformed\material-ripple\AndroidManifest.xml
Merging manifest with lower [androidx.compose.material:material-ripple-android:1.9.4] AndroidManifest.xml:2:1-7:12
uses-sdk defined in both files...
Merging uses-sdk with lower [androidx.compose.material:material-ripple-android:1.9.4] AndroidManifest.xml:5:5-44
Merging library manifest C:\Users\Bui Van Son\.gradle\caches\8.13\transforms\29c26405a3f80e37e2d7bbe2c8058d49\transformed\animation\AndroidManifest.xml
Merging manifest with lower [androidx.compose.animation:animation-android:1.9.4] AndroidManifest.xml:2:1-7:12
uses-sdk defined in both files...
Merging uses-sdk with lower [androidx.compose.animation:animation-android:1.9.4] AndroidManifest.xml:5:5-44
Merging library manifest C:\Users\Bui Van Son\.gradle\caches\8.13\transforms\8c9b444760b717b726e33a5b4f44b6ec\transformed\foundation-layout\AndroidManifest.xml
Merging manifest with lower [androidx.compose.foundation:foundation-layout-android:1.9.4] AndroidManifest.xml:2:1-7:12
uses-sdk defined in both files...
Merging uses-sdk with lower [androidx.compose.foundation:foundation-layout-android:1.9.4] AndroidManifest.xml:5:5-44
Merging library manifest C:\Users\Bui Van Son\.gradle\caches\8.13\transforms\a95c841c6164ce7d243897149fc58fde\transformed\foundation-release\AndroidManifest.xml
Merging manifest with lower [androidx.compose.foundation:foundation-android:1.9.4] AndroidManifest.xml:2:1-7:12
uses-sdk defined in both files...
Merging uses-sdk with lower [androidx.compose.foundation:foundation-android:1.9.4] AndroidManifest.xml:5:5-44
Merging library manifest C:\Users\Bui Van Son\.gradle\caches\8.13\transforms\2ea96fe25c7dd91adbbc451716ecbce1\transformed\ui-unit\AndroidManifest.xml
Merging manifest with lower [androidx.compose.ui:ui-unit-android:1.9.4] AndroidManifest.xml:2:1-7:12
uses-sdk defined in both files...
Merging uses-sdk with lower [androidx.compose.ui:ui-unit-android:1.9.4] AndroidManifest.xml:5:5-44
Merging library manifest C:\Users\Bui Van Son\.gradle\caches\8.13\transforms\0ec96f69b72fcaab3634aac8aea8455e\transformed\ui-geometry\AndroidManifest.xml
Merging manifest with lower [androidx.compose.ui:ui-geometry-android:1.9.4] AndroidManifest.xml:2:1-7:12
uses-sdk defined in both files...
Merging uses-sdk with lower [androidx.compose.ui:ui-geometry-android:1.9.4] AndroidManifest.xml:5:5-44
Merging library manifest C:\Users\Bui Van Son\.gradle\caches\8.13\transforms\66a88df7bbbd269d57722d6d7d3d43f9\transformed\ui-util\AndroidManifest.xml
Merging manifest with lower [androidx.compose.ui:ui-util-android:1.9.4] AndroidManifest.xml:2:1-7:12
uses-sdk defined in both files...
Merging uses-sdk with lower [androidx.compose.ui:ui-util-android:1.9.4] AndroidManifest.xml:5:5-44
Merging library manifest C:\Users\Bui Van Son\.gradle\caches\8.13\transforms\672b07c19325b510b7032524f1dfccc6\transformed\ui-text\AndroidManifest.xml
Merging manifest with lower [androidx.compose.ui:ui-text-android:1.9.4] AndroidManifest.xml:2:1-7:12
uses-sdk defined in both files...
Merging uses-sdk with lower [androidx.compose.ui:ui-text-android:1.9.4] AndroidManifest.xml:5:5-44
Merging library manifest C:\Users\Bui Van Son\.gradle\caches\8.13\transforms\60b2c440fce9cde4c81c4e258e24e2a2\transformed\ui-tooling-preview\AndroidManifest.xml
Merging manifest with lower [androidx.compose.ui:ui-tooling-preview-android:1.9.4] AndroidManifest.xml:17:1-22:12
uses-sdk defined in both files...
Merging uses-sdk with lower [androidx.compose.ui:ui-tooling-preview-android:1.9.4] AndroidManifest.xml:20:5-44
Merging library manifest C:\Users\Bui Van Son\.gradle\caches\8.13\transforms\4d65e2a6be61e072cacd15060f9772b8\transformed\ui-graphics-release\AndroidManifest.xml
Merging manifest with lower [androidx.compose.ui:ui-graphics-android:1.9.4] AndroidManifest.xml:2:1-7:12
uses-sdk defined in both files...
Merging uses-sdk with lower [androidx.compose.ui:ui-graphics-android:1.9.4] AndroidManifest.xml:5:5-44
Merging library manifest C:\Users\Bui Van Son\.gradle\caches\8.13\transforms\b3c05d9836b22339d580a18eeb52d628\transformed\viewpager-1.0.0\AndroidManifest.xml
Merging manifest with lower [androidx.viewpager:viewpager:1.0.0] AndroidManifest.xml:17:1-22:12
uses-sdk defined in both files...
Merging uses-sdk with lower [androidx.viewpager:viewpager:1.0.0] AndroidManifest.xml:20:5-44
Merging library manifest C:\Users\Bui Van Son\.gradle\caches\8.13\transforms\bf4feaa15d2eb6218f7f05086adb0d78\transformed\autofill-1.0.0\AndroidManifest.xml
Merging manifest with lower [androidx.autofill:autofill:1.0.0] AndroidManifest.xml:17:1-24:12
uses-sdk defined in both files...
Merging uses-sdk with lower [androidx.autofill:autofill:1.0.0] AndroidManifest.xml:20:5-22:41
Merging library manifest C:\Users\Bui Van Son\.gradle\caches\8.13\transforms\82eff196045702c853abe9c79c08bebb\transformed\graphics-path-1.0.1\AndroidManifest.xml
Merging manifest with lower [androidx.graphics:graphics-path:1.0.1] AndroidManifest.xml:2:1-7:12
uses-sdk defined in both files...
Merging uses-sdk with lower [androidx.graphics:graphics-path:1.0.1] AndroidManifest.xml:5:5-44
Merging library manifest C:\Users\Bui Van Son\.gradle\caches\8.13\transforms\e9fcad5c5abfbef670c0b2c38ae2784d\transformed\customview-1.0.0\AndroidManifest.xml
Merging manifest with lower [androidx.customview:customview:1.0.0] AndroidManifest.xml:17:1-22:12
uses-sdk defined in both files...
Merging uses-sdk with lower [androidx.customview:customview:1.0.0] AndroidManifest.xml:20:5-44
Merging library manifest C:\Users\Bui Van Son\.gradle\caches\8.13\transforms\4a4f6ca795bb301744d1feada68de4d4\transformed\emoji2-1.4.0\AndroidManifest.xml
Merging manifest with lower [androidx.emoji2:emoji2:1.4.0] AndroidManifest.xml:17:1-35:12
uses-sdk defined in both files...
Merging uses-sdk with lower [androidx.emoji2:emoji2:1.4.0] AndroidManifest.xml:21:5-44
application defined in both files...
Merging application with lower [androidx.emoji2:emoji2:1.4.0] AndroidManifest.xml:23:5-33:19
provider#androidx.startup.InitializationProvider defined in both files...
Merging provider#androidx.startup.InitializationProvider with lower [androidx.emoji2:emoji2:1.4.0] AndroidManifest.xml:24:9-32:20
Adopted [meta-data: null]
Merging library manifest C:\Users\Bui Van Son\.gradle\caches\8.13\transforms\b2ed03c5a1001764a2b47093f59e529f\transformed\core-1.16.0\AndroidManifest.xml
Merging manifest with lower [androidx.core:core:1.16.0] AndroidManifest.xml:17:1-30:12
uses-sdk defined in both files...
Merging uses-sdk with lower [androidx.core:core:1.16.0] AndroidManifest.xml:20:5-44
Adopted [permission: null]
Adopted [uses-permission: null]
application defined in both files...
Merging application with lower [androidx.core:core:1.16.0] AndroidManifest.xml:28:5-89
Merging library manifest C:\Users\Bui Van Son\.gradle\caches\8.13\transforms\7f99b1c973b9e5c077f804a626f3e07f\transformed\lifecycle-process-2.9.4\AndroidManifest.xml
Merging manifest with lower [androidx.lifecycle:lifecycle-process:2.9.4] AndroidManifest.xml:17:1-35:12
uses-sdk defined in both files...
Merging uses-sdk with lower [androidx.lifecycle:lifecycle-process:2.9.4] AndroidManifest.xml:21:5-44
application defined in both files...
Merging application with lower [androidx.lifecycle:lifecycle-process:2.9.4] AndroidManifest.xml:23:5-33:19
provider#androidx.startup.InitializationProvider defined in both files...
Merging provider#androidx.startup.InitializationProvider with lower [androidx.lifecycle:lifecycle-process:2.9.4] AndroidManifest.xml:24:9-32:20
Adopted [meta-data: null]
Merging library manifest C:\Users\Bui Van Son\.gradle\caches\8.13\transforms\88c7cf9776e143e2bb05f162a8eab0eb\transformed\lifecycle-livedata-core-ktx-2.9.4\AndroidManifest.xml
Merging manifest with lower [androidx.lifecycle:lifecycle-livedata-core-ktx:2.9.4] AndroidManifest.xml:2:1-7:12
uses-sdk defined in both files...
Merging uses-sdk with lower [androidx.lifecycle:lifecycle-livedata-core-ktx:2.9.4] AndroidManifest.xml:5:5-44
Merging library manifest C:\Users\Bui Van Son\.gradle\caches\8.13\transforms\9b3c8c3361f5dfab57e70c0335920f15\transformed\lifecycle-viewmodel-savedstate-2.9.4\AndroidManifest.xml
Merging manifest with lower [androidx.lifecycle:lifecycle-viewmodel-savedstate:2.9.4] AndroidManifest.xml:2:1-5:12
uses-sdk defined in both files...
Merging uses-sdk with lower [androidx.lifecycle:lifecycle-viewmodel-savedstate:2.9.4] AndroidManifest.xml:4:5-43
Merging library manifest C:\Users\Bui Van Son\.gradle\caches\8.13\transforms\7ec932a52e45e5fe662b81be51210f88\transformed\lifecycle-viewmodel-savedstate-release\AndroidManifest.xml
Merging manifest with lower [androidx.lifecycle:lifecycle-viewmodel-savedstate-android:2.9.4] AndroidManifest.xml:17:1-22:12
uses-sdk defined in both files...
Merging uses-sdk with lower [androidx.lifecycle:lifecycle-viewmodel-savedstate-android:2.9.4] AndroidManifest.xml:20:5-44
Merging library manifest C:\Users\Bui Van Son\.gradle\caches\8.13\transforms\8e35c659f5867cfa277f5eb86d1d5433\transformed\lifecycle-viewmodel-2.9.4\AndroidManifest.xml
Merging manifest with lower [androidx.lifecycle:lifecycle-viewmodel:2.9.4] AndroidManifest.xml:2:1-5:12
uses-sdk defined in both files...
Merging uses-sdk with lower [androidx.lifecycle:lifecycle-viewmodel:2.9.4] AndroidManifest.xml:4:5-43
Merging library manifest C:\Users\Bui Van Son\.gradle\caches\8.13\transforms\b50918759ff96c1b7667d678402925b7\transformed\lifecycle-viewmodel-release\AndroidManifest.xml
Merging manifest with lower [androidx.lifecycle:lifecycle-viewmodel-android:2.9.4] AndroidManifest.xml:17:1-22:12
uses-sdk defined in both files...
Merging uses-sdk with lower [androidx.lifecycle:lifecycle-viewmodel-android:2.9.4] AndroidManifest.xml:20:5-44
Merging library manifest C:\Users\Bui Van Son\.gradle\caches\8.13\transforms\fd3184c6b3e6d5fd65233b4b1d87439a\transformed\runtime-annotation\AndroidManifest.xml
Merging manifest with lower [androidx.compose.runtime:runtime-annotation-android:1.9.4] AndroidManifest.xml:2:1-7:12
uses-sdk defined in both files...
Merging uses-sdk with lower [androidx.compose.runtime:runtime-annotation-android:1.9.4] AndroidManifest.xml:5:5-44
Merging library manifest C:\Users\Bui Van Son\.gradle\caches\8.13\transforms\ebddf69b82e992f047a7cfe366e45543\transformed\runtime\AndroidManifest.xml
Merging manifest with lower [androidx.compose.runtime:runtime-android:1.9.4] AndroidManifest.xml:2:1-7:12
uses-sdk defined in both files...
Merging uses-sdk with lower [androidx.compose.runtime:runtime-android:1.9.4] AndroidManifest.xml:5:5-44
Merging library manifest C:\Users\Bui Van Son\.gradle\caches\8.13\transforms\7eaa423d9c6765e75800d58b6c5daca3\transformed\runtime-saveable\AndroidManifest.xml
Merging manifest with lower [androidx.compose.runtime:runtime-saveable-android:1.9.4] AndroidManifest.xml:2:1-7:12
uses-sdk defined in both files...
Merging uses-sdk with lower [androidx.compose.runtime:runtime-saveable-android:1.9.4] AndroidManifest.xml:5:5-44
Merging library manifest C:\Users\Bui Van Son\.gradle\caches\8.13\transforms\68af8f672967d65d61fabf78e97aa46d\transformed\savedstate-ktx-1.3.3\AndroidManifest.xml
Merging manifest with lower [androidx.savedstate:savedstate-ktx:1.3.3] AndroidManifest.xml:2:1-7:12
uses-sdk defined in both files...
Merging uses-sdk with lower [androidx.savedstate:savedstate-ktx:1.3.3] AndroidManifest.xml:5:5-44
Merging library manifest C:\Users\Bui Van Son\.gradle\caches\8.13\transforms\d4250fb55192534e9f6b1275f0b0fb32\transformed\savedstate-compose\AndroidManifest.xml
Merging manifest with lower [androidx.savedstate:savedstate-compose-android:1.3.3] AndroidManifest.xml:2:1-7:12
uses-sdk defined in both files...
Merging uses-sdk with lower [androidx.savedstate:savedstate-compose-android:1.3.3] AndroidManifest.xml:5:5-44
Merging library manifest C:\Users\Bui Van Son\.gradle\caches\8.13\transforms\da69c36c9e946f59c60904f7c1ff5a46\transformed\savedstate-1.3.3\AndroidManifest.xml
Merging manifest with lower [androidx.savedstate:savedstate:1.3.3] AndroidManifest.xml:2:1-5:12
uses-sdk defined in both files...
Merging uses-sdk with lower [androidx.savedstate:savedstate:1.3.3] AndroidManifest.xml:4:5-43
Merging library manifest C:\Users\Bui Van Son\.gradle\caches\8.13\transforms\ec31ec906c44f8c8124d4515667cb158\transformed\savedstate-release\AndroidManifest.xml
Merging manifest with lower [androidx.savedstate:savedstate-android:1.3.3] AndroidManifest.xml:17:1-22:12
uses-sdk defined in both files...
Merging uses-sdk with lower [androidx.savedstate:savedstate-android:1.3.3] AndroidManifest.xml:20:5-44
Merging library manifest C:\Users\Bui Van Son\.gradle\caches\8.13\transforms\b37b25a4bcc93ae1a034e1959762d1b1\transformed\lifecycle-runtime-release\AndroidManifest.xml
Merging manifest with lower [androidx.lifecycle:lifecycle-runtime-android:2.9.4] AndroidManifest.xml:17:1-22:12
uses-sdk defined in both files...
Merging uses-sdk with lower [androidx.lifecycle:lifecycle-runtime-android:2.9.4] AndroidManifest.xml:20:5-44
Merging library manifest C:\Users\Bui Van Son\.gradle\caches\8.13\transforms\7835a96ab567300db4ce20ee535dd3c0\transformed\lifecycle-service-2.9.4\AndroidManifest.xml
Merging manifest with lower [androidx.lifecycle:lifecycle-service:2.9.4] AndroidManifest.xml:2:1-7:12
uses-sdk defined in both files...
Merging uses-sdk with lower [androidx.lifecycle:lifecycle-service:2.9.4] AndroidManifest.xml:5:5-44
Merging library manifest C:\Users\Bui Van Son\.gradle\caches\8.13\transforms\addb197b7b600930d8c739f75f1155b0\transformed\lifecycle-livedata-2.9.4\AndroidManifest.xml
Merging manifest with lower [androidx.lifecycle:lifecycle-livedata:2.9.4] AndroidManifest.xml:17:1-22:12
uses-sdk defined in both files...
Merging uses-sdk with lower [androidx.lifecycle:lifecycle-livedata:2.9.4] AndroidManifest.xml:20:5-44
Merging library manifest C:\Users\Bui Van Son\.gradle\caches\8.13\transforms\29019e946c2e21354f20c6ef1d02dfd2\transformed\lifecycle-livedata-core-2.9.4\AndroidManifest.xml
Merging manifest with lower [androidx.lifecycle:lifecycle-livedata-core:2.9.4] AndroidManifest.xml:17:1-22:12
uses-sdk defined in both files...
Merging uses-sdk with lower [androidx.lifecycle:lifecycle-livedata-core:2.9.4] AndroidManifest.xml:20:5-44
Merging library manifest C:\Users\Bui Van Son\.gradle\caches\8.13\transforms\4895ac0f463d50009d466ee7b170d2a8\transformed\lifecycle-viewmodel-ktx-2.9.4\AndroidManifest.xml
Merging manifest with lower [androidx.lifecycle:lifecycle-viewmodel-ktx:2.9.4] AndroidManifest.xml:2:1-7:12
uses-sdk defined in both files...
Merging uses-sdk with lower [androidx.lifecycle:lifecycle-viewmodel-ktx:2.9.4] AndroidManifest.xml:5:5-44
Merging library manifest C:\Users\Bui Van Son\.gradle\caches\8.13\transforms\eeceeb5ad11bf531dc6ce17c28bede03\transformed\lifecycle-runtime-compose-release\AndroidManifest.xml
Merging manifest with lower [androidx.lifecycle:lifecycle-runtime-compose-android:2.9.4] AndroidManifest.xml:2:1-7:12
uses-sdk defined in both files...
Merging uses-sdk with lower [androidx.lifecycle:lifecycle-runtime-compose-android:2.9.4] AndroidManifest.xml:5:5-44
Merging library manifest C:\Users\Bui Van Son\.gradle\caches\8.13\transforms\9cefa50563ccd978feb86375f6426e1d\transformed\lifecycle-runtime-ktx\AndroidManifest.xml
Merging manifest with lower [androidx.lifecycle:lifecycle-runtime-ktx-android:2.9.4] AndroidManifest.xml:2:1-7:12
uses-sdk defined in both files...
Merging uses-sdk with lower [androidx.lifecycle:lifecycle-runtime-ktx-android:2.9.4] AndroidManifest.xml:5:5-44
Merging library manifest C:\Users\Bui Van Son\.gradle\caches\8.13\transforms\2ee6fc45f767c21e084d11745042ce62\transformed\lifecycle-viewmodel-compose-release\AndroidManifest.xml
Merging manifest with lower [androidx.lifecycle:lifecycle-viewmodel-compose-android:2.9.4] AndroidManifest.xml:2:1-7:12
uses-sdk defined in both files...
Merging uses-sdk with lower [androidx.lifecycle:lifecycle-viewmodel-compose-android:2.9.4] AndroidManifest.xml:5:5-44
Merging library manifest C:\Users\Bui Van Son\.gradle\caches\8.13\transforms\e6cb88672b3ffa8073fb41813bc47d83\transformed\material-icons-extended-release\AndroidManifest.xml
Merging manifest with lower [androidx.compose.material:material-icons-extended-android:1.7.8] AndroidManifest.xml:2:1-7:12
uses-sdk defined in both files...
Merging uses-sdk with lower [androidx.compose.material:material-icons-extended-android:1.7.8] AndroidManifest.xml:5:5-44
Merging library manifest C:\Users\Bui Van Son\.gradle\caches\8.13\transforms\1bfc533349d256fc64e3f226f3339416\transformed\material-icons-core-release\AndroidManifest.xml
Merging manifest with lower [androidx.compose.material:material-icons-core-android:1.7.8] AndroidManifest.xml:2:1-7:12
uses-sdk defined in both files...
Merging uses-sdk with lower [androidx.compose.material:material-icons-core-android:1.7.8] AndroidManifest.xml:5:5-44
Merging library manifest C:\Users\Bui Van Son\.gradle\caches\8.13\transforms\98a191728b2dbc9e6266312696a6c263\transformed\ui-release\AndroidManifest.xml
Merging manifest with lower [androidx.compose.ui:ui-android:1.9.4] AndroidManifest.xml:2:1-7:12
uses-sdk defined in both files...
Merging uses-sdk with lower [androidx.compose.ui:ui-android:1.9.4] AndroidManifest.xml:5:5-44
Merging library manifest C:\Users\Bui Van Son\.gradle\caches\8.13\transforms\9044804732bf47e0e7806db4f90bd6f7\transformed\activity-ktx-1.10.1\AndroidManifest.xml
Merging manifest with lower [androidx.activity:activity-ktx:1.10.1] AndroidManifest.xml:2:1-7:12
uses-sdk defined in both files...
Merging uses-sdk with lower [androidx.activity:activity-ktx:1.10.1] AndroidManifest.xml:5:5-44
Merging library manifest C:\Users\Bui Van Son\.gradle\caches\8.13\transforms\2c850304817315c62fe275f6d4141d07\transformed\activity-compose-1.10.1\AndroidManifest.xml
Merging manifest with lower [androidx.activity:activity-compose:1.10.1] AndroidManifest.xml:2:1-7:12
uses-sdk defined in both files...
Merging uses-sdk with lower [androidx.activity:activity-compose:1.10.1] AndroidManifest.xml:5:5-44
Merging library manifest C:\Users\Bui Van Son\.gradle\caches\8.13\transforms\643703d3e1c83f3c0f5b34bd97e56d46\transformed\customview-poolingcontainer-1.0.0\AndroidManifest.xml
Merging manifest with lower [androidx.customview:customview-poolingcontainer:1.0.0] AndroidManifest.xml:17:1-23:12
uses-sdk defined in both files...
Merging uses-sdk with lower [androidx.customview:customview-poolingcontainer:1.0.0] AndroidManifest.xml:20:5-21:38
Merging library manifest C:\Users\Bui Van Son\.gradle\caches\8.13\transforms\a7a3e15647280b9ad73256e148131b19\transformed\core-ktx-1.16.0\AndroidManifest.xml
Merging manifest with lower [androidx.core:core-ktx:1.16.0] AndroidManifest.xml:2:1-7:12
uses-sdk defined in both files...
Merging uses-sdk with lower [androidx.core:core-ktx:1.16.0] AndroidManifest.xml:5:5-44
Merging library manifest C:\Users\Bui Van Son\.gradle\caches\8.13\transforms\4aabe46c0b790cd9c7d508071f77c187\transformed\room-runtime-release\AndroidManifest.xml
Merging manifest with lower [androidx.room:room-runtime-android:2.7.0] AndroidManifest.xml:17:1-31:12
uses-sdk defined in both files...
Merging uses-sdk with lower [androidx.room:room-runtime-android:2.7.0] AndroidManifest.xml:21:5-44
application defined in both files...
Merging application with lower [androidx.room:room-runtime-android:2.7.0] AndroidManifest.xml:23:5-29:19
Adopted [service: null]
Merging library manifest C:\Users\Bui Van Son\.gradle\caches\8.13\transforms\0c79eca250f38e6afb57b8d0a2b35e48\transformed\room-ktx-2.7.0\AndroidManifest.xml
Merging manifest with lower [androidx.room:room-ktx:2.7.0] AndroidManifest.xml:17:1-22:12
uses-sdk defined in both files...
Merging uses-sdk with lower [androidx.room:room-ktx:2.7.0] AndroidManifest.xml:20:5-44
Merging library manifest C:\Users\Bui Van Son\.gradle\caches\8.13\transforms\1731b83d616a5824320eb5f51e619ca5\transformed\datastore-core-release\AndroidManifest.xml
Merging manifest with lower [androidx.datastore:datastore-core-android:1.1.2] AndroidManifest.xml:2:1-7:12
uses-sdk defined in both files...
Merging uses-sdk with lower [androidx.datastore:datastore-core-android:1.1.2] AndroidManifest.xml:5:5-44
Merging library manifest C:\Users\Bui Van Son\.gradle\caches\8.13\transforms\2e7f0f403a8d331ec4344d77b25c105d\transformed\datastore-release\AndroidManifest.xml
Merging manifest with lower [androidx.datastore:datastore-android:1.1.2] AndroidManifest.xml:17:1-22:12
uses-sdk defined in both files...
Merging uses-sdk with lower [androidx.datastore:datastore-android:1.1.2] AndroidManifest.xml:20:5-44
Merging library manifest C:\Users\Bui Van Son\.gradle\caches\8.13\transforms\4be6270dc5b8e07f50794e34d959ada3\transformed\datastore-preferences-release\AndroidManifest.xml
Merging manifest with lower [androidx.datastore:datastore-preferences-android:1.1.2] AndroidManifest.xml:17:1-22:12
uses-sdk defined in both files...
Merging uses-sdk with lower [androidx.datastore:datastore-preferences-android:1.1.2] AndroidManifest.xml:20:5-44
Merging library manifest C:\Users\Bui Van Son\.gradle\caches\8.13\transforms\7bae84b72cca38a736839f9a94e70d46\transformed\annotation-experimental-1.4.1\AndroidManifest.xml
Merging manifest with lower [androidx.annotation:annotation-experimental:1.4.1] AndroidManifest.xml:2:1-7:12
uses-sdk defined in both files...
Merging uses-sdk with lower [androidx.annotation:annotation-experimental:1.4.1] AndroidManifest.xml:5:5-44
Merging library manifest C:\Users\Bui Van Son\.gradle\caches\8.13\transforms\16890ee98d0e41abe75819f84dbaff84\transformed\core-viewtree-1.0.0\AndroidManifest.xml
Merging manifest with lower [androidx.core:core-viewtree:1.0.0] AndroidManifest.xml:2:1-7:12
uses-sdk defined in both files...
Merging uses-sdk with lower [androidx.core:core-viewtree:1.0.0] AndroidManifest.xml:5:5-44
Merging library manifest C:\Users\Bui Van Son\.gradle\caches\8.13\transforms\3ed36580b002287b3c0723de5bffc489\transformed\interpolator-1.0.0\AndroidManifest.xml
Merging manifest with lower [androidx.interpolator:interpolator:1.0.0] AndroidManifest.xml:17:1-22:12
uses-sdk defined in both files...
Merging uses-sdk with lower [androidx.interpolator:interpolator:1.0.0] AndroidManifest.xml:20:5-44
Merging library manifest C:\Users\Bui Van Son\.gradle\caches\8.13\transforms\adae42d8578df0b02efbc53ef067b311\transformed\profileinstaller-1.4.0\AndroidManifest.xml
Merging manifest with lower [androidx.profileinstaller:profileinstaller:1.4.0] AndroidManifest.xml:17:1-55:12
uses-sdk defined in both files...
Merging uses-sdk with lower [androidx.profileinstaller:profileinstaller:1.4.0] AndroidManifest.xml:21:5-44
application defined in both files...
Merging application with lower [androidx.profileinstaller:profileinstaller:1.4.0] AndroidManifest.xml:23:5-53:19
provider#androidx.startup.InitializationProvider defined in both files...
Merging provider#androidx.startup.InitializationProvider with lower [androidx.profileinstaller:profileinstaller:1.4.0] AndroidManifest.xml:24:9-32:20
Adopted [meta-data: null]
Adopted [receiver: null]
Merging library manifest C:\Users\Bui Van Son\.gradle\caches\8.13\transforms\70510dec378b051f033f9e97039d2cdc\transformed\startup-runtime-1.1.1\AndroidManifest.xml
Merging manifest with lower [androidx.startup:startup-runtime:1.1.1] AndroidManifest.xml:17:1-33:12
uses-sdk defined in both files...
Merging uses-sdk with lower [androidx.startup:startup-runtime:1.1.1] AndroidManifest.xml:21:5-23:41
application defined in both files...
Merging application with lower [androidx.startup:startup-runtime:1.1.1] AndroidManifest.xml:25:5-31:19
provider#androidx.startup.InitializationProvider defined in both files...
Merging provider#androidx.startup.InitializationProvider with lower [androidx.startup:startup-runtime:1.1.1] AndroidManifest.xml:26:9-30:34
Merging library manifest C:\Users\Bui Van Son\.gradle\caches\8.13\transforms\ac29cfd7bbc2113baa7f618443b12c5f\transformed\tracing-1.2.0\AndroidManifest.xml
Merging manifest with lower [androidx.tracing:tracing:1.2.0] AndroidManifest.xml:17:1-22:12
uses-sdk defined in both files...
Merging uses-sdk with lower [androidx.tracing:tracing:1.2.0] AndroidManifest.xml:20:5-44
Merging library manifest C:\Users\Bui Van Son\.gradle\caches\8.13\transforms\2b08fbd5f41111758eb77234dcab5f14\transformed\versionedparcelable-1.1.1\AndroidManifest.xml
Merging manifest with lower [androidx.versionedparcelable:versionedparcelable:1.1.1] AndroidManifest.xml:17:1-27:12
uses-sdk defined in both files...
Merging uses-sdk with lower [androidx.versionedparcelable:versionedparcelable:1.1.1] AndroidManifest.xml:20:5-22:41
application defined in both files...
Merging application with lower [androidx.versionedparcelable:versionedparcelable:1.1.1] AndroidManifest.xml:24:5-25:19
Merging library manifest C:\Users\Bui Van Son\.gradle\caches\8.13\transforms\8454ab484b5946482ae7c01cab398422\transformed\core-runtime-2.2.0\AndroidManifest.xml
Merging manifest with lower [androidx.arch.core:core-runtime:2.2.0] AndroidManifest.xml:17:1-22:12
uses-sdk defined in both files...
Merging uses-sdk with lower [androidx.arch.core:core-runtime:2.2.0] AndroidManifest.xml:20:5-44
Merging library manifest C:\Users\Bui Van Son\.gradle\caches\8.13\transforms\6ecfd6fa7f1d654bf20d940f79732bb3\transformed\sqlite-framework-release\AndroidManifest.xml
Merging manifest with lower [androidx.sqlite:sqlite-framework-android:2.5.0] AndroidManifest.xml:17:1-22:12
uses-sdk defined in both files...
Merging uses-sdk with lower [androidx.sqlite:sqlite-framework-android:2.5.0] AndroidManifest.xml:20:5-44
Merging library manifest C:\Users\Bui Van Son\.gradle\caches\8.13\transforms\030077f149a32719be5fd0323d9c3e40\transformed\sqlite-release\AndroidManifest.xml
Merging manifest with lower [androidx.sqlite:sqlite-android:2.5.0] AndroidManifest.xml:17:1-22:12
uses-sdk defined in both files...
Merging uses-sdk with lower [androidx.sqlite:sqlite-android:2.5.0] AndroidManifest.xml:20:5-44
Merging library manifest C:\Users\Bui Van Son\.gradle\caches\8.13\transforms\d4dbf28afa9b2b0d4b2fce32354cc749\transformed\dagger-lint-aar-2.57\AndroidManifest.xml
Merging manifest with lower [com.google.dagger:dagger-lint-aar:2.57] AndroidManifest.xml:16:1-19:12
uses-sdk defined in both files...
Merging uses-sdk with lower [com.google.dagger:dagger-lint-aar:2.57] AndroidManifest.xml:18:3-42
Merging result: SUCCESS
1<?xml version="1.0" encoding="utf-8"?>
2<manifest xmlns:android="http://schemas.android.com/apk/res/android"
3    package="com.yourname.smartrecorder"
4    android:versionCode="1"
5    android:versionName="1.0.0" >
6
7    <uses-sdk
8        android:minSdkVersion="24"
9        android:targetSdkVersion="36" />
10
11    <uses-permission android:name="android.permission.INTERNET" />
11-->D:\AndroidStudioProjects\SmartRecorderNotes\app\src\main\AndroidManifest.xml:5:5-67
11-->D:\AndroidStudioProjects\SmartRecorderNotes\app\src\main\AndroidManifest.xml:5:22-64
12    <uses-permission android:name="android.permission.ACCESS_NETWORK_STATE" />
12-->D:\AndroidStudioProjects\SmartRecorderNotes\app\src\main\AndroidManifest.xml:6:5-79
12-->D:\AndroidStudioProjects\SmartRecorderNotes\app\src\main\AndroidManifest.xml:6:22-76
13    <uses-permission android:name="android.permission.RECORD_AUDIO" />
13-->D:\AndroidStudioProjects\SmartRecorderNotes\app\src\main\AndroidManifest.xml:7:5-71
13-->D:\AndroidStudioProjects\SmartRecorderNotes\app\src\main\AndroidManifest.xml:7:22-68
14    <uses-permission
14-->D:\AndroidStudioProjects\SmartRecorderNotes\app\src\main\AndroidManifest.xml:8:5-9:38
15        android:name="android.permission.WRITE_EXTERNAL_STORAGE"
15-->D:\AndroidStudioProjects\SmartRecorderNotes\app\src\main\AndroidManifest.xml:8:22-78
16        android:maxSdkVersion="32" />
16-->D:\AndroidStudioProjects\SmartRecorderNotes\app\src\main\AndroidManifest.xml:9:9-35
17    <uses-permission
17-->D:\AndroidStudioProjects\SmartRecorderNotes\app\src\main\AndroidManifest.xml:10:5-11:38
18        android:name="android.permission.READ_EXTERNAL_STORAGE"
18-->D:\AndroidStudioProjects\SmartRecorderNotes\app\src\main\AndroidManifest.xml:10:22-77
19        android:maxSdkVersion="32" />
19-->D:\AndroidStudioProjects\SmartRecorderNotes\app\src\main\AndroidManifest.xml:11:9-35
20    <uses-permission android:name="android.permission.READ_MEDIA_AUDIO" />
20-->D:\AndroidStudioProjects\SmartRecorderNotes\app\src\main\AndroidManifest.xml:12:5-75
20-->D:\AndroidStudioProjects\SmartRecorderNotes\app\src\main\AndroidManifest.xml:12:22-72
21    <uses-permission android:name="android.permission.POST_NOTIFICATIONS" />
21-->D:\AndroidStudioProjects\SmartRecorderNotes\app\src\main\AndroidManifest.xml:13:5-77
21-->D:\AndroidStudioProjects\SmartRecorderNotes\app\src\main\AndroidManifest.xml:13:22-74
22    <uses-permission android:name="android.permission.FOREGROUND_SERVICE" />
22-->D:\AndroidStudioProjects\SmartRecorderNotes\app\src\main\AndroidManifest.xml:14:5-77
22-->D:\AndroidStudioProjects\SmartRecorderNotes\app\src\main\AndroidManifest.xml:14:22-74
23    <uses-permission android:name="android.permission.FOREGROUND_SERVICE_MICROPHONE" />
23-->D:\AndroidStudioProjects\SmartRecorderNotes\app\src\main\AndroidManifest.xml:15:5-88
23-->D:\AndroidStudioProjects\SmartRecorderNotes\app\src\main\AndroidManifest.xml:15:22-85
24    <uses-permission android:name="android.permission.FOREGROUND_SERVICE_MEDIA_PLAYBACK" />
24-->D:\AndroidStudioProjects\SmartRecorderNotes\app\src\main\AndroidManifest.xml:16:5-92
24-->D:\AndroidStudioProjects\SmartRecorderNotes\app\src\main\AndroidManifest.xml:16:22-89
25    <uses-permission android:name="android.permission.WAKE_LOCK" />
25-->[androidx.work:work-runtime:2.9.0] C:\Users\Bui Van Son\.gradle\caches\8.13\transforms\b24f75006ec6367c76113a3898a85aa1\transformed\work-runtime-2.9.0\AndroidManifest.xml:23:5-68
25-->[androidx.work:work-runtime:2.9.0] C:\Users\Bui Van Son\.gradle\caches\8.13\transforms\b24f75006ec6367c76113a3898a85aa1\transformed\work-runtime-2.9.0\AndroidManifest.xml:23:22-65
26    <uses-permission android:name="android.permission.RECEIVE_BOOT_COMPLETED" />
26-->[androidx.work:work-runtime:2.9.0] C:\Users\Bui Van Son\.gradle\caches\8.13\transforms\b24f75006ec6367c76113a3898a85aa1\transformed\work-runtime-2.9.0\AndroidManifest.xml:25:5-81
26-->[androidx.work:work-runtime:2.9.0] C:\Users\Bui Van Son\.gradle\caches\8.13\transforms\b24f75006ec6367c76113a3898a85aa1\transformed\work-runtime-2.9.0\AndroidManifest.xml:25:22-78
27
28    <permission
28-->[androidx.core:core:1.16.0] C:\Users\Bui Van Son\.gradle\caches\8.13\transforms\b2ed03c5a1001764a2b47093f59e529f\transformed\core-1.16.0\AndroidManifest.xml:22:5-24:47
29        android:name="com.yourname.smartrecorder.DYNAMIC_RECEIVER_NOT_EXPORTED_PERMISSION"
29-->[androidx.core:core:1.16.0] C:\Users\Bui Van Son\.gradle\caches\8.13\transforms\b2ed03c5a1001764a2b47093f59e529f\transformed\core-1.16.0\AndroidManifest.xml:23:9-81
30        android:protectionLevel="signature" />
30-->[androidx.core:core:1.16.0] C:\Users\Bui Van Son\.gradle\caches\8.13\transforms\b2ed03c5a1001764a2b47093f59e529f\transformed\core-1.16.0\AndroidManifest.xml:24:9-44
31
32    <uses-permission android:name="com.yourname.smartrecorder.DYNAMIC_RECEIVER_NOT_EXPORTED_PERMISSION" />
32-->[androidx.core:core:1.16.0] C:\Users\Bui Van Son\.gradle\caches\8.13\transforms\b2ed03c5a1001764a2b47093f59e529f\transformed\core-1.16.0\AndroidManifest.xml:26:5-97
32-->[androidx.core:core:1.16.0] C:\Users\Bui Van Son\.gradle\caches\8.13\transforms\b2ed03c5a1001764a2b47093f59e529f\transformed\core-1.16.0\AndroidManifest.xml:26:22-94
33
34    <application
34-->D:\AndroidStudioProjects\SmartRecorderNotes\app\src\main\AndroidManifest.xml:18:5-53:19
35        android:name="com.yourname.smartrecorder.SmartRecorderApplication"
35-->D:\AndroidStudioProjects\SmartRecorderNotes\app\src\main\AndroidManifest.xml:19:9-49
36        android:allowBackup="true"
36-->D:\AndroidStudioProjects\SmartRecorderNotes\app\src\main\AndroidManifest.xml:20:9-35
37        android:appComponentFactory="androidx.core.app.CoreComponentFactory"
37-->[androidx.core:core:1.16.0] C:\Users\Bui Van Son\.gradle\caches\8.13\transforms\b2ed03c5a1001764a2b47093f59e529f\transformed\core-1.16.0\AndroidManifest.xml:28:18-86
38        android:dataExtractionRules="@xml/data_extraction_rules"
38-->D:\AndroidStudioProjects\SmartRecorderNotes\app\src\main\AndroidManifest.xml:21:9-65
39        android:enableOnBackInvokedCallback="true"
39-->D:\AndroidStudioProjects\SmartRecorderNotes\app\src\main\AndroidManifest.xml:23:9-51
40        android:extractNativeLibs="false"
41        android:fullBackupContent="@xml/backup_rules"
41-->D:\AndroidStudioProjects\SmartRecorderNotes\app\src\main\AndroidManifest.xml:22:9-54
42        android:icon="@mipmap/ic_launcher"
42-->D:\AndroidStudioProjects\SmartRecorderNotes\app\src\main\AndroidManifest.xml:24:9-43
43        android:label="@string/app_name"
43-->D:\AndroidStudioProjects\SmartRecorderNotes\app\src\main\AndroidManifest.xml:25:9-41
44        android:roundIcon="@mipmap/ic_launcher_round"
44-->D:\AndroidStudioProjects\SmartRecorderNotes\app\src\main\AndroidManifest.xml:26:9-54
45        android:supportsRtl="true"
45-->D:\AndroidStudioProjects\SmartRecorderNotes\app\src\main\AndroidManifest.xml:27:9-35
46        android:theme="@style/Theme.SmartRecorder" >
46-->D:\AndroidStudioProjects\SmartRecorderNotes\app\src\main\AndroidManifest.xml:28:9-51
47        <activity
47-->D:\AndroidStudioProjects\SmartRecorderNotes\app\src\main\AndroidManifest.xml:29:9-40:20
48            android:name="com.yourname.smartrecorder.MainActivity"
48-->D:\AndroidStudioProjects\SmartRecorderNotes\app\src\main\AndroidManifest.xml:30:13-41
49            android:exported="true"
49-->D:\AndroidStudioProjects\SmartRecorderNotes\app\src\main\AndroidManifest.xml:31:13-36
50            android:label="@string/app_name"
50-->D:\AndroidStudioProjects\SmartRecorderNotes\app\src\main\AndroidManifest.xml:33:13-45
51            android:launchMode="singleTop"
51-->D:\AndroidStudioProjects\SmartRecorderNotes\app\src\main\AndroidManifest.xml:32:13-43
52            android:screenOrientation="portrait"
52-->D:\AndroidStudioProjects\SmartRecorderNotes\app\src\main\AndroidManifest.xml:35:13-49
53            android:theme="@style/Theme.SmartRecorder" >
53-->D:\AndroidStudioProjects\SmartRecorderNotes\app\src\main\AndroidManifest.xml:34:13-55
54            <intent-filter>
54-->D:\AndroidStudioProjects\SmartRecorderNotes\app\src\main\AndroidManifest.xml:36:13-39:29
55                <action android:name="android.intent.action.MAIN" />
55-->D:\AndroidStudioProjects\SmartRecorderNotes\app\src\main\AndroidManifest.xml:37:17-69
55-->D:\AndroidStudioProjects\SmartRecorderNotes\app\src\main\AndroidManifest.xml:37:25-66
56
57                <category android:name="android.intent.category.LAUNCHER" />
57-->D:\AndroidStudioProjects\SmartRecorderNotes\app\src\main\AndroidManifest.xml:38:17-77
57-->D:\AndroidStudioProjects\SmartRecorderNotes\app\src\main\AndroidManifest.xml:38:27-74
58            </intent-filter>
59        </activity>
60
61        <service
61-->D:\AndroidStudioProjects\SmartRecorderNotes\app\src\main\AndroidManifest.xml:42:9-46:58
62            android:name="com.yourname.smartrecorder.core.service.RecordingForegroundService"
62-->D:\AndroidStudioProjects\SmartRecorderNotes\app\src\main\AndroidManifest.xml:43:13-68
63            android:enabled="true"
63-->D:\AndroidStudioProjects\SmartRecorderNotes\app\src\main\AndroidManifest.xml:44:13-35
64            android:exported="false"
64-->D:\AndroidStudioProjects\SmartRecorderNotes\app\src\main\AndroidManifest.xml:45:13-37
65            android:foregroundServiceType="microphone" />
65-->D:\AndroidStudioProjects\SmartRecorderNotes\app\src\main\AndroidManifest.xml:46:13-55
66        <service
66-->D:\AndroidStudioProjects\SmartRecorderNotes\app\src\main\AndroidManifest.xml:48:9-52:61
67            android:name="com.yourname.smartrecorder.core.service.PlaybackForegroundService"
67-->D:\AndroidStudioProjects\SmartRecorderNotes\app\src\main\AndroidManifest.xml:49:13-67
68            android:enabled="true"
68-->D:\AndroidStudioProjects\SmartRecorderNotes\app\src\main\AndroidManifest.xml:50:13-35
69            android:exported="false"
69-->D:\AndroidStudioProjects\SmartRecorderNotes\app\src\main\AndroidManifest.xml:51:13-37
70            android:foregroundServiceType="mediaPlayback" />
70-->D:\AndroidStudioProjects\SmartRecorderNotes\app\src\main\AndroidManifest.xml:52:13-58
71
72        <provider
72-->[androidx.work:work-runtime:2.9.0] C:\Users\Bui Van Son\.gradle\caches\8.13\transforms\b24f75006ec6367c76113a3898a85aa1\transformed\work-runtime-2.9.0\AndroidManifest.xml:29:9-37:20
73            android:name="androidx.startup.InitializationProvider"
73-->[androidx.work:work-runtime:2.9.0] C:\Users\Bui Van Son\.gradle\caches\8.13\transforms\b24f75006ec6367c76113a3898a85aa1\transformed\work-runtime-2.9.0\AndroidManifest.xml:30:13-67
74            android:authorities="com.yourname.smartrecorder.androidx-startup"
74-->[androidx.work:work-runtime:2.9.0] C:\Users\Bui Van Son\.gradle\caches\8.13\transforms\b24f75006ec6367c76113a3898a85aa1\transformed\work-runtime-2.9.0\AndroidManifest.xml:31:13-68
75            android:exported="false" >
75-->[androidx.work:work-runtime:2.9.0] C:\Users\Bui Van Son\.gradle\caches\8.13\transforms\b24f75006ec6367c76113a3898a85aa1\transformed\work-runtime-2.9.0\AndroidManifest.xml:32:13-37
76            <meta-data
76-->[androidx.work:work-runtime:2.9.0] C:\Users\Bui Van Son\.gradle\caches\8.13\transforms\b24f75006ec6367c76113a3898a85aa1\transformed\work-runtime-2.9.0\AndroidManifest.xml:34:13-36:52
77                android:name="androidx.work.WorkManagerInitializer"
77-->[androidx.work:work-runtime:2.9.0] C:\Users\Bui Van Son\.gradle\caches\8.13\transforms\b24f75006ec6367c76113a3898a85aa1\transformed\work-runtime-2.9.0\AndroidManifest.xml:35:17-68
78                android:value="androidx.startup" />
78-->[androidx.work:work-runtime:2.9.0] C:\Users\Bui Van Son\.gradle\caches\8.13\transforms\b24f75006ec6367c76113a3898a85aa1\transformed\work-runtime-2.9.0\AndroidManifest.xml:36:17-49
79            <meta-data
79-->[androidx.emoji2:emoji2:1.4.0] C:\Users\Bui Van Son\.gradle\caches\8.13\transforms\4a4f6ca795bb301744d1feada68de4d4\transformed\emoji2-1.4.0\AndroidManifest.xml:29:13-31:52
80                android:name="androidx.emoji2.text.EmojiCompatInitializer"
80-->[androidx.emoji2:emoji2:1.4.0] C:\Users\Bui Van Son\.gradle\caches\8.13\transforms\4a4f6ca795bb301744d1feada68de4d4\transformed\emoji2-1.4.0\AndroidManifest.xml:30:17-75
81                android:value="androidx.startup" />
81-->[androidx.emoji2:emoji2:1.4.0] C:\Users\Bui Van Son\.gradle\caches\8.13\transforms\4a4f6ca795bb301744d1feada68de4d4\transformed\emoji2-1.4.0\AndroidManifest.xml:31:17-49
82            <meta-data
82-->[androidx.lifecycle:lifecycle-process:2.9.4] C:\Users\Bui Van Son\.gradle\caches\8.13\transforms\7f99b1c973b9e5c077f804a626f3e07f\transformed\lifecycle-process-2.9.4\AndroidManifest.xml:29:13-31:52
83                android:name="androidx.lifecycle.ProcessLifecycleInitializer"
83-->[androidx.lifecycle:lifecycle-process:2.9.4] C:\Users\Bui Van Son\.gradle\caches\8.13\transforms\7f99b1c973b9e5c077f804a626f3e07f\transformed\lifecycle-process-2.9.4\AndroidManifest.xml:30:17-78
84                android:value="androidx.startup" />
84-->[androidx.lifecycle:lifecycle-process:2.9.4] C:\Users\Bui Van Son\.gradle\caches\8.13\transforms\7f99b1c973b9e5c077f804a626f3e07f\transformed\lifecycle-process-2.9.4\AndroidManifest.xml:31:17-49
85            <meta-data
85-->[androidx.profileinstaller:profileinstaller:1.4.0] C:\Users\Bui Van Son\.gradle\caches\8.13\transforms\adae42d8578df0b02efbc53ef067b311\transformed\profileinstaller-1.4.0\AndroidManifest.xml:29:13-31:52
86                android:name="androidx.profileinstaller.ProfileInstallerInitializer"
86-->[androidx.profileinstaller:profileinstaller:1.4.0] C:\Users\Bui Van Son\.gradle\caches\8.13\transforms\adae42d8578df0b02efbc53ef067b311\transformed\profileinstaller-1.4.0\AndroidManifest.xml:30:17-85
87                android:value="androidx.startup" />
87-->[androidx.profileinstaller:profileinstaller:1.4.0] C:\Users\Bui Van Son\.gradle\caches\8.13\transforms\adae42d8578df0b02efbc53ef067b311\transformed\profileinstaller-1.4.0\AndroidManifest.xml:31:17-49
88        </provider>
89
90        <service
90-->[androidx.work:work-runtime:2.9.0] C:\Users\Bui Van Son\.gradle\caches\8.13\transforms\b24f75006ec6367c76113a3898a85aa1\transformed\work-runtime-2.9.0\AndroidManifest.xml:39:9-45:35
91            android:name="androidx.work.impl.background.systemalarm.SystemAlarmService"
91-->[androidx.work:work-runtime:2.9.0] C:\Users\Bui Van Son\.gradle\caches\8.13\transforms\b24f75006ec6367c76113a3898a85aa1\transformed\work-runtime-2.9.0\AndroidManifest.xml:40:13-88
92            android:directBootAware="false"
92-->[androidx.work:work-runtime:2.9.0] C:\Users\Bui Van Son\.gradle\caches\8.13\transforms\b24f75006ec6367c76113a3898a85aa1\transformed\work-runtime-2.9.0\AndroidManifest.xml:41:13-44
93            android:enabled="@bool/enable_system_alarm_service_default"
93-->[androidx.work:work-runtime:2.9.0] C:\Users\Bui Van Son\.gradle\caches\8.13\transforms\b24f75006ec6367c76113a3898a85aa1\transformed\work-runtime-2.9.0\AndroidManifest.xml:42:13-72
94            android:exported="false" />
94-->[androidx.work:work-runtime:2.9.0] C:\Users\Bui Van Son\.gradle\caches\8.13\transforms\b24f75006ec6367c76113a3898a85aa1\transformed\work-runtime-2.9.0\AndroidManifest.xml:43:13-37
95        <service
95-->[androidx.work:work-runtime:2.9.0] C:\Users\Bui Van Son\.gradle\caches\8.13\transforms\b24f75006ec6367c76113a3898a85aa1\transformed\work-runtime-2.9.0\AndroidManifest.xml:46:9-52:35
96            android:name="androidx.work.impl.background.systemjob.SystemJobService"
96-->[androidx.work:work-runtime:2.9.0] C:\Users\Bui Van Son\.gradle\caches\8.13\transforms\b24f75006ec6367c76113a3898a85aa1\transformed\work-runtime-2.9.0\AndroidManifest.xml:47:13-84
97            android:directBootAware="false"
97-->[androidx.work:work-runtime:2.9.0] C:\Users\Bui Van Son\.gradle\caches\8.13\transforms\b24f75006ec6367c76113a3898a85aa1\transformed\work-runtime-2.9.0\AndroidManifest.xml:48:13-44
98            android:enabled="@bool/enable_system_job_service_default"
98-->[androidx.work:work-runtime:2.9.0] C:\Users\Bui Van Son\.gradle\caches\8.13\transforms\b24f75006ec6367c76113a3898a85aa1\transformed\work-runtime-2.9.0\AndroidManifest.xml:49:13-70
99            android:exported="true"
99-->[androidx.work:work-runtime:2.9.0] C:\Users\Bui Van Son\.gradle\caches\8.13\transforms\b24f75006ec6367c76113a3898a85aa1\transformed\work-runtime-2.9.0\AndroidManifest.xml:50:13-36
100            android:permission="android.permission.BIND_JOB_SERVICE" />
100-->[androidx.work:work-runtime:2.9.0] C:\Users\Bui Van Son\.gradle\caches\8.13\transforms\b24f75006ec6367c76113a3898a85aa1\transformed\work-runtime-2.9.0\AndroidManifest.xml:51:13-69
101        <service
101-->[androidx.work:work-runtime:2.9.0] C:\Users\Bui Van Son\.gradle\caches\8.13\transforms\b24f75006ec6367c76113a3898a85aa1\transformed\work-runtime-2.9.0\AndroidManifest.xml:53:9-59:35
102            android:name="androidx.work.impl.foreground.SystemForegroundService"
102-->[androidx.work:work-runtime:2.9.0] C:\Users\Bui Van Son\.gradle\caches\8.13\transforms\b24f75006ec6367c76113a3898a85aa1\transformed\work-runtime-2.9.0\AndroidManifest.xml:54:13-81
103            android:directBootAware="false"
103-->[androidx.work:work-runtime:2.9.0] C:\Users\Bui Van Son\.gradle\caches\8.13\transforms\b24f75006ec6367c76113a3898a85aa1\transformed\work-runtime-2.9.0\AndroidManifest.xml:55:13-44
104            android:enabled="@bool/enable_system_foreground_service_default"
104-->[androidx.work:work-runtime:2.9.0] C:\Users\Bui Van Son\.gradle\caches\8.13\transforms\b24f75006ec6367c76113a3898a85aa1\transformed\work-runtime-2.9.0\AndroidManifest.xml:56:13-77
105            android:exported="false" />
105-->[androidx.work:work-runtime:2.9.0] C:\Users\Bui Van Son\.gradle\caches\8.13\transforms\b24f75006ec6367c76113a3898a85aa1\transformed\work-runtime-2.9.0\AndroidManifest.xml:57:13-37
106
107        <receiver
107-->[androidx.work:work-runtime:2.9.0] C:\Users\Bui Van Son\.gradle\caches\8.13\transforms\b24f75006ec6367c76113a3898a85aa1\transformed\work-runtime-2.9.0\AndroidManifest.xml:61:9-66:35
108            android:name="androidx.work.impl.utils.ForceStopRunnable$BroadcastReceiver"
108-->[androidx.work:work-runtime:2.9.0] C:\Users\Bui Van Son\.gradle\caches\8.13\transforms\b24f75006ec6367c76113a3898a85aa1\transformed\work-runtime-2.9.0\AndroidManifest.xml:62:13-88
109            android:directBootAware="false"
109-->[androidx.work:work-runtime:2.9.0] C:\Users\Bui Van Son\.gradle\caches\8.13\transforms\b24f75006ec6367c76113a3898a85aa1\transformed\work-runtime-2.9.0\AndroidManifest.xml:63:13-44
110            android:enabled="true"
110-->[androidx.work:work-runtime:2.9.0] C:\Users\Bui Van Son\.gradle\caches\8.13\transforms\b24f75006ec6367c76113a3898a85aa1\transformed\work-runtime-2.9.0\AndroidManifest.xml:64:13-35
111            android:exported="false" />
111-->[androidx.work:work-runtime:2.9.0] C:\Users\Bui Van Son\.gradle\caches\8.13\transforms\b24f75006ec6367c76113a3898a85aa1\transformed\work-runtime-2.9.0\AndroidManifest.xml:65:13-37
112        <receiver
112-->[androidx.work:work-runtime:2.9.0] C:\Users\Bui Van Son\.gradle\caches\8.13\transforms\b24f75006ec6367c76113a3898a85aa1\transformed\work-runtime-2.9.0\AndroidManifest.xml:67:9-77:20
113            android:name="androidx.work.impl.background.systemalarm.ConstraintProxy$BatteryChargingProxy"
113-->[androidx.work:work-runtime:2.9.0] C:\Users\Bui Van Son\.gradle\caches\8.13\transforms\b24f75006ec6367c76113a3898a85aa1\transformed\work-runtime-2.9.0\AndroidManifest.xml:68:13-106
114            android:directBootAware="false"
114-->[androidx.work:work-runtime:2.9.0] C:\Users\Bui Van Son\.gradle\caches\8.13\transforms\b24f75006ec6367c76113a3898a85aa1\transformed\work-runtime-2.9.0\AndroidManifest.xml:69:13-44
115            android:enabled="false"
115-->[androidx.work:work-runtime:2.9.0] C:\Users\Bui Van Son\.gradle\caches\8.13\transforms\b24f75006ec6367c76113a3898a85aa1\transformed\work-runtime-2.9.0\AndroidManifest.xml:70:13-36
116            android:exported="false" >
116-->[androidx.work:work-runtime:2.9.0] C:\Users\Bui Van Son\.gradle\caches\8.13\transforms\b24f75006ec6367c76113a3898a85aa1\transformed\work-runtime-2.9.0\AndroidManifest.xml:71:13-37
117            <intent-filter>
117-->[androidx.work:work-runtime:2.9.0] C:\Users\Bui Van Son\.gradle\caches\8.13\transforms\b24f75006ec6367c76113a3898a85aa1\transformed\work-runtime-2.9.0\AndroidManifest.xml:73:13-76:29
118                <action android:name="android.intent.action.ACTION_POWER_CONNECTED" />
118-->[androidx.work:work-runtime:2.9.0] C:\Users\Bui Van Son\.gradle\caches\8.13\transforms\b24f75006ec6367c76113a3898a85aa1\transformed\work-runtime-2.9.0\AndroidManifest.xml:74:17-87
118-->[androidx.work:work-runtime:2.9.0] C:\Users\Bui Van Son\.gradle\caches\8.13\transforms\b24f75006ec6367c76113a3898a85aa1\transformed\work-runtime-2.9.0\AndroidManifest.xml:74:25-84
119                <action android:name="android.intent.action.ACTION_POWER_DISCONNECTED" />
119-->[androidx.work:work-runtime:2.9.0] C:\Users\Bui Van Son\.gradle\caches\8.13\transforms\b24f75006ec6367c76113a3898a85aa1\transformed\work-runtime-2.9.0\AndroidManifest.xml:75:17-90
119-->[androidx.work:work-runtime:2.9.0] C:\Users\Bui Van Son\.gradle\caches\8.13\transforms\b24f75006ec6367c76113a3898a85aa1\transformed\work-runtime-2.9.0\AndroidManifest.xml:75:25-87
120            </intent-filter>
121        </receiver>
122        <receiver
122-->[androidx.work:work-runtime:2.9.0] C:\Users\Bui Van Son\.gradle\caches\8.13\transforms\b24f75006ec6367c76113a3898a85aa1\transformed\work-runtime-2.9.0\AndroidManifest.xml:78:9-88:20
123            android:name="androidx.work.impl.background.systemalarm.ConstraintProxy$BatteryNotLowProxy"
123-->[androidx.work:work-runtime:2.9.0] C:\Users\Bui Van Son\.gradle\caches\8.13\transforms\b24f75006ec6367c76113a3898a85aa1\transformed\work-runtime-2.9.0\AndroidManifest.xml:79:13-104
124            android:directBootAware="false"
124-->[androidx.work:work-runtime:2.9.0] C:\Users\Bui Van Son\.gradle\caches\8.13\transforms\b24f75006ec6367c76113a3898a85aa1\transformed\work-runtime-2.9.0\AndroidManifest.xml:80:13-44
125            android:enabled="false"
125-->[androidx.work:work-runtime:2.9.0] C:\Users\Bui Van Son\.gradle\caches\8.13\transforms\b24f75006ec6367c76113a3898a85aa1\transformed\work-runtime-2.9.0\AndroidManifest.xml:81:13-36
126            android:exported="false" >
126-->[androidx.work:work-runtime:2.9.0] C:\Users\Bui Van Son\.gradle\caches\8.13\transforms\b24f75006ec6367c76113a3898a85aa1\transformed\work-runtime-2.9.0\AndroidManifest.xml:82:13-37
127            <intent-filter>
127-->[androidx.work:work-runtime:2.9.0] C:\Users\Bui Van Son\.gradle\caches\8.13\transforms\b24f75006ec6367c76113a3898a85aa1\transformed\work-runtime-2.9.0\AndroidManifest.xml:84:13-87:29
128                <action android:name="android.intent.action.BATTERY_OKAY" />
128-->[androidx.work:work-runtime:2.9.0] C:\Users\Bui Van Son\.gradle\caches\8.13\transforms\b24f75006ec6367c76113a3898a85aa1\transformed\work-runtime-2.9.0\AndroidManifest.xml:85:17-77
128-->[androidx.work:work-runtime:2.9.0] C:\Users\Bui Van Son\.gradle\caches\8.13\transforms\b24f75006ec6367c76113a3898a85aa1\transformed\work-runtime-2.9.0\AndroidManifest.xml:85:25-74
129                <action android:name="android.intent.action.BATTERY_LOW" />
129-->[androidx.work:work-runtime:2.9.0] C:\Users\Bui Van Son\.gradle\caches\8.13\transforms\b24f75006ec6367c76113a3898a85aa1\transformed\work-runtime-2.9.0\AndroidManifest.xml:86:17-76
129-->[androidx.work:work-runtime:2.9.0] C:\Users\Bui Van Son\.gradle\caches\8.13\transforms\b24f75006ec6367c76113a3898a85aa1\transformed\work-runtime-2.9.0\AndroidManifest.xml:86:25-73
130            </intent-filter>
131        </receiver>
132        <receiver
132-->[androidx.work:work-runtime:2.9.0] C:\Users\Bui Van Son\.gradle\caches\8.13\transforms\b24f75006ec6367c76113a3898a85aa1\transformed\work-runtime-2.9.0\AndroidManifest.xml:89:9-99:20
133            android:name="androidx.work.impl.background.systemalarm.ConstraintProxy$StorageNotLowProxy"
133-->[androidx.work:work-runtime:2.9.0] C:\Users\Bui Van Son\.gradle\caches\8.13\transforms\b24f75006ec6367c76113a3898a85aa1\transformed\work-runtime-2.9.0\AndroidManifest.xml:90:13-104
134            android:directBootAware="false"
134-->[androidx.work:work-runtime:2.9.0] C:\Users\Bui Van Son\.gradle\caches\8.13\transforms\b24f75006ec6367c76113a3898a85aa1\transformed\work-runtime-2.9.0\AndroidManifest.xml:91:13-44
135            android:enabled="false"
135-->[androidx.work:work-runtime:2.9.0] C:\Users\Bui Van Son\.gradle\caches\8.13\transforms\b24f75006ec6367c76113a3898a85aa1\transformed\work-runtime-2.9.0\AndroidManifest.xml:92:13-36
136            android:exported="false" >
136-->[androidx.work:work-runtime:2.9.0] C:\Users\Bui Van Son\.gradle\caches\8.13\transforms\b24f75006ec6367c76113a3898a85aa1\transformed\work-runtime-2.9.0\AndroidManifest.xml:93:13-37
137            <intent-filter>
137-->[androidx.work:work-runtime:2.9.0] C:\Users\Bui Van Son\.gradle\caches\8.13\transforms\b24f75006ec6367c76113a3898a85aa1\transformed\work-runtime-2.9.0\AndroidManifest.xml:95:13-98:29
138                <action android:name="android.intent.action.DEVICE_STORAGE_LOW" />
138-->[androidx.work:work-runtime:2.9.0] C:\Users\Bui Van Son\.gradle\caches\8.13\transforms\b24f75006ec6367c76113a3898a85aa1\transformed\work-runtime-2.9.0\AndroidManifest.xml:96:17-83
138-->[androidx.work:work-runtime:2.9.0] C:\Users\Bui Van Son\.gradle\caches\8.13\transforms\b24f75006ec6367c76113a3898a85aa1\transformed\work-runtime-2.9.0\AndroidManifest.xml:96:25-80
139                <action android:name="android.intent.action.DEVICE_STORAGE_OK" />
139-->[androidx.work:work-runtime:2.9.0] C:\Users\Bui Van Son\.gradle\caches\8.13\transforms\b24f75006ec6367c76113a3898a85aa1\transformed\work-runtime-2.9.0\AndroidManifest.xml:97:17-82
139-->[androidx.work:work-runtime:2.9.0] C:\Users\Bui Van Son\.gradle\caches\8.13\transforms\b24f75006ec6367c76113a3898a85aa1\transformed\work-runtime-2.9.0\AndroidManifest.xml:97:25-79
140            </intent-filter>
141        </receiver>
142        <receiver
142-->[androidx.work:work-runtime:2.9.0] C:\Users\Bui Van Son\.gradle\caches\8.13\transforms\b24f75006ec6367c76113a3898a85aa1\transformed\work-runtime-2.9.0\AndroidManifest.xml:100:9-109:20
143            android:name="androidx.work.impl.background.systemalarm.ConstraintProxy$NetworkStateProxy"
143-->[androidx.work:work-runtime:2.9.0] C:\Users\Bui Van Son\.gradle\caches\8.13\transforms\b24f75006ec6367c76113a3898a85aa1\transformed\work-runtime-2.9.0\AndroidManifest.xml:101:13-103
144            android:directBootAware="false"
144-->[androidx.work:work-runtime:2.9.0] C:\Users\Bui Van Son\.gradle\caches\8.13\transforms\b24f75006ec6367c76113a3898a85aa1\transformed\work-runtime-2.9.0\AndroidManifest.xml:102:13-44
145            android:enabled="false"
145-->[androidx.work:work-runtime:2.9.0] C:\Users\Bui Van Son\.gradle\caches\8.13\transforms\b24f75006ec6367c76113a3898a85aa1\transformed\work-runtime-2.9.0\AndroidManifest.xml:103:13-36
146            android:exported="false" >
146-->[androidx.work:work-runtime:2.9.0] C:\Users\Bui Van Son\.gradle\caches\8.13\transforms\b24f75006ec6367c76113a3898a85aa1\transformed\work-runtime-2.9.0\AndroidManifest.xml:104:13-37
147            <intent-filter>
147-->[androidx.work:work-runtime:2.9.0] C:\Users\Bui Van Son\.gradle\caches\8.13\transforms\b24f75006ec6367c76113a3898a85aa1\transformed\work-runtime-2.9.0\AndroidManifest.xml:106:13-108:29
148                <action android:name="android.net.conn.CONNECTIVITY_CHANGE" />
148-->[androidx.work:work-runtime:2.9.0] C:\Users\Bui Van Son\.gradle\caches\8.13\transforms\b24f75006ec6367c76113a3898a85aa1\transformed\work-runtime-2.9.0\AndroidManifest.xml:107:17-79
148-->[androidx.work:work-runtime:2.9.0] C:\Users\Bui Van Son\.gradle\caches\8.13\transforms\b24f75006ec6367c76113a3898a85aa1\transformed\work-runtime-2.9.0\AndroidManifest.xml:107:25-76
149            </intent-filter>
150        </receiver>
151        <receiver
151-->[androidx.work:work-runtime:2.9.0] C:\Users\Bui Van Son\.gradle\caches\8.13\transforms\b24f75006ec6367c76113a3898a85aa1\transformed\work-runtime-2.9.0\AndroidManifest.xml:110:9-121:20
152            android:name="androidx.work.impl.background.systemalarm.RescheduleReceiver"
152-->[androidx.work:work-runtime:2.9.0] C:\Users\Bui Van Son\.gradle\caches\8.13\transforms\b24f75006ec6367c76113a3898a85aa1\transformed\work-runtime-2.9.0\AndroidManifest.xml:111:13-88
153            android:directBootAware="false"
153-->[androidx.work:work-runtime:2.9.0] C:\Users\Bui Van Son\.gradle\caches\8.13\transforms\b24f75006ec6367c76113a3898a85aa1\transformed\work-runtime-2.9.0\AndroidManifest.xml:112:13-44
154            android:enabled="false"
154-->[androidx.work:work-runtime:2.9.0] C:\Users\Bui Van Son\.gradle\caches\8.13\transforms\b24f75006ec6367c76113a3898a85aa1\transformed\work-runtime-2.9.0\AndroidManifest.xml:113:13-36
155            android:exported="false" >
155-->[androidx.work:work-runtime:2.9.0] C:\Users\Bui Van Son\.gradle\caches\8.13\transforms\b24f75006ec6367c76113a3898a85aa1\transformed\work-runtime-2.9.0\AndroidManifest.xml:114:13-37
156            <intent-filter>
156-->[androidx.work:work-runtime:2.9.0] C:\Users\Bui Van Son\.gradle\caches\8.13\transforms\b24f75006ec6367c76113a3898a85aa1\transformed\work-runtime-2.9.0\AndroidManifest.xml:116:13-120:29
157                <action android:name="android.intent.action.BOOT_COMPLETED" />
157-->[androidx.work:work-runtime:2.9.0] C:\Users\Bui Van Son\.gradle\caches\8.13\transforms\b24f75006ec6367c76113a3898a85aa1\transformed\work-runtime-2.9.0\AndroidManifest.xml:117:17-79
157-->[androidx.work:work-runtime:2.9.0] C:\Users\Bui Van Son\.gradle\caches\8.13\transforms\b24f75006ec6367c76113a3898a85aa1\transformed\work-runtime-2.9.0\AndroidManifest.xml:117:25-76
158                <action android:name="android.intent.action.TIME_SET" />
158-->[androidx.work:work-runtime:2.9.0] C:\Users\Bui Van Son\.gradle\caches\8.13\transforms\b24f75006ec6367c76113a3898a85aa1\transformed\work-runtime-2.9.0\AndroidManifest.xml:118:17-73
158-->[androidx.work:work-runtime:2.9.0] C:\Users\Bui Van Son\.gradle\caches\8.13\transforms\b24f75006ec6367c76113a3898a85aa1\transformed\work-runtime-2.9.0\AndroidManifest.xml:118:25-70
159                <action android:name="android.intent.action.TIMEZONE_CHANGED" />
159-->[androidx.work:work-runtime:2.9.0] C:\Users\Bui Van Son\.gradle\caches\8.13\transforms\b24f75006ec6367c76113a3898a85aa1\transformed\work-runtime-2.9.0\AndroidManifest.xml:119:17-81
159-->[androidx.work:work-runtime:2.9.0] C:\Users\Bui Van Son\.gradle\caches\8.13\transforms\b24f75006ec6367c76113a3898a85aa1\transformed\work-runtime-2.9.0\AndroidManifest.xml:119:25-78
160            </intent-filter>
161        </receiver>
162        <receiver
162-->[androidx.work:work-runtime:2.9.0] C:\Users\Bui Van Son\.gradle\caches\8.13\transforms\b24f75006ec6367c76113a3898a85aa1\transformed\work-runtime-2.9.0\AndroidManifest.xml:122:9-131:20
163            android:name="androidx.work.impl.background.systemalarm.ConstraintProxyUpdateReceiver"
163-->[androidx.work:work-runtime:2.9.0] C:\Users\Bui Van Son\.gradle\caches\8.13\transforms\b24f75006ec6367c76113a3898a85aa1\transformed\work-runtime-2.9.0\AndroidManifest.xml:123:13-99
164            android:directBootAware="false"
164-->[androidx.work:work-runtime:2.9.0] C:\Users\Bui Van Son\.gradle\caches\8.13\transforms\b24f75006ec6367c76113a3898a85aa1\transformed\work-runtime-2.9.0\AndroidManifest.xml:124:13-44
165            android:enabled="@bool/enable_system_alarm_service_default"
165-->[androidx.work:work-runtime:2.9.0] C:\Users\Bui Van Son\.gradle\caches\8.13\transforms\b24f75006ec6367c76113a3898a85aa1\transformed\work-runtime-2.9.0\AndroidManifest.xml:125:13-72
166            android:exported="false" >
166-->[androidx.work:work-runtime:2.9.0] C:\Users\Bui Van Son\.gradle\caches\8.13\transforms\b24f75006ec6367c76113a3898a85aa1\transformed\work-runtime-2.9.0\AndroidManifest.xml:126:13-37
167            <intent-filter>
167-->[androidx.work:work-runtime:2.9.0] C:\Users\Bui Van Son\.gradle\caches\8.13\transforms\b24f75006ec6367c76113a3898a85aa1\transformed\work-runtime-2.9.0\AndroidManifest.xml:128:13-130:29
168                <action android:name="androidx.work.impl.background.systemalarm.UpdateProxies" />
168-->[androidx.work:work-runtime:2.9.0] C:\Users\Bui Van Son\.gradle\caches\8.13\transforms\b24f75006ec6367c76113a3898a85aa1\transformed\work-runtime-2.9.0\AndroidManifest.xml:129:17-98
168-->[androidx.work:work-runtime:2.9.0] C:\Users\Bui Van Son\.gradle\caches\8.13\transforms\b24f75006ec6367c76113a3898a85aa1\transformed\work-runtime-2.9.0\AndroidManifest.xml:129:25-95
169            </intent-filter>
170        </receiver>
171        <receiver
171-->[androidx.work:work-runtime:2.9.0] C:\Users\Bui Van Son\.gradle\caches\8.13\transforms\b24f75006ec6367c76113a3898a85aa1\transformed\work-runtime-2.9.0\AndroidManifest.xml:132:9-142:20
172            android:name="androidx.work.impl.diagnostics.DiagnosticsReceiver"
172-->[androidx.work:work-runtime:2.9.0] C:\Users\Bui Van Son\.gradle\caches\8.13\transforms\b24f75006ec6367c76113a3898a85aa1\transformed\work-runtime-2.9.0\AndroidManifest.xml:133:13-78
173            android:directBootAware="false"
173-->[androidx.work:work-runtime:2.9.0] C:\Users\Bui Van Son\.gradle\caches\8.13\transforms\b24f75006ec6367c76113a3898a85aa1\transformed\work-runtime-2.9.0\AndroidManifest.xml:134:13-44
174            android:enabled="true"
174-->[androidx.work:work-runtime:2.9.0] C:\Users\Bui Van Son\.gradle\caches\8.13\transforms\b24f75006ec6367c76113a3898a85aa1\transformed\work-runtime-2.9.0\AndroidManifest.xml:135:13-35
175            android:exported="true"
175-->[androidx.work:work-runtime:2.9.0] C:\Users\Bui Van Son\.gradle\caches\8.13\transforms\b24f75006ec6367c76113a3898a85aa1\transformed\work-runtime-2.9.0\AndroidManifest.xml:136:13-36
176            android:permission="android.permission.DUMP" >
176-->[androidx.work:work-runtime:2.9.0] C:\Users\Bui Van Son\.gradle\caches\8.13\transforms\b24f75006ec6367c76113a3898a85aa1\transformed\work-runtime-2.9.0\AndroidManifest.xml:137:13-57
177            <intent-filter>
177-->[androidx.work:work-runtime:2.9.0] C:\Users\Bui Van Son\.gradle\caches\8.13\transforms\b24f75006ec6367c76113a3898a85aa1\transformed\work-runtime-2.9.0\AndroidManifest.xml:139:13-141:29
178                <action android:name="androidx.work.diagnostics.REQUEST_DIAGNOSTICS" />
178-->[androidx.work:work-runtime:2.9.0] C:\Users\Bui Van Son\.gradle\caches\8.13\transforms\b24f75006ec6367c76113a3898a85aa1\transformed\work-runtime-2.9.0\AndroidManifest.xml:140:17-88
178-->[androidx.work:work-runtime:2.9.0] C:\Users\Bui Van Son\.gradle\caches\8.13\transforms\b24f75006ec6367c76113a3898a85aa1\transformed\work-runtime-2.9.0\AndroidManifest.xml:140:25-85
179            </intent-filter>
180        </receiver>
181
182        <service
182-->[androidx.room:room-runtime-android:2.7.0] C:\Users\Bui Van Son\.gradle\caches\8.13\transforms\4aabe46c0b790cd9c7d508071f77c187\transformed\room-runtime-release\AndroidManifest.xml:24:9-28:63
183            android:name="androidx.room.MultiInstanceInvalidationService"
183-->[androidx.room:room-runtime-android:2.7.0] C:\Users\Bui Van Son\.gradle\caches\8.13\transforms\4aabe46c0b790cd9c7d508071f77c187\transformed\room-runtime-release\AndroidManifest.xml:25:13-74
184            android:directBootAware="true"
184-->[androidx.room:room-runtime-android:2.7.0] C:\Users\Bui Van Son\.gradle\caches\8.13\transforms\4aabe46c0b790cd9c7d508071f77c187\transformed\room-runtime-release\AndroidManifest.xml:26:13-43
185            android:exported="false" />
185-->[androidx.room:room-runtime-android:2.7.0] C:\Users\Bui Van Son\.gradle\caches\8.13\transforms\4aabe46c0b790cd9c7d508071f77c187\transformed\room-runtime-release\AndroidManifest.xml:27:13-37
186
187        <receiver
187-->[androidx.profileinstaller:profileinstaller:1.4.0] C:\Users\Bui Van Son\.gradle\caches\8.13\transforms\adae42d8578df0b02efbc53ef067b311\transformed\profileinstaller-1.4.0\AndroidManifest.xml:34:9-52:20
188            android:name="androidx.profileinstaller.ProfileInstallReceiver"
188-->[androidx.profileinstaller:profileinstaller:1.4.0] C:\Users\Bui Van Son\.gradle\caches\8.13\transforms\adae42d8578df0b02efbc53ef067b311\transformed\profileinstaller-1.4.0\AndroidManifest.xml:35:13-76
189            android:directBootAware="false"
189-->[androidx.profileinstaller:profileinstaller:1.4.0] C:\Users\Bui Van Son\.gradle\caches\8.13\transforms\adae42d8578df0b02efbc53ef067b311\transformed\profileinstaller-1.4.0\AndroidManifest.xml:36:13-44
190            android:enabled="true"
190-->[androidx.profileinstaller:profileinstaller:1.4.0] C:\Users\Bui Van Son\.gradle\caches\8.13\transforms\adae42d8578df0b02efbc53ef067b311\transformed\profileinstaller-1.4.0\AndroidManifest.xml:37:13-35
191            android:exported="true"
191-->[androidx.profileinstaller:profileinstaller:1.4.0] C:\Users\Bui Van Son\.gradle\caches\8.13\transforms\adae42d8578df0b02efbc53ef067b311\transformed\profileinstaller-1.4.0\AndroidManifest.xml:38:13-36
192            android:permission="android.permission.DUMP" >
192-->[androidx.profileinstaller:profileinstaller:1.4.0] C:\Users\Bui Van Son\.gradle\caches\8.13\transforms\adae42d8578df0b02efbc53ef067b311\transformed\profileinstaller-1.4.0\AndroidManifest.xml:39:13-57
193            <intent-filter>
193-->[androidx.profileinstaller:profileinstaller:1.4.0] C:\Users\Bui Van Son\.gradle\caches\8.13\transforms\adae42d8578df0b02efbc53ef067b311\transformed\profileinstaller-1.4.0\AndroidManifest.xml:40:13-42:29
194                <action android:name="androidx.profileinstaller.action.INSTALL_PROFILE" />
194-->[androidx.profileinstaller:profileinstaller:1.4.0] C:\Users\Bui Van Son\.gradle\caches\8.13\transforms\adae42d8578df0b02efbc53ef067b311\transformed\profileinstaller-1.4.0\AndroidManifest.xml:41:17-91
194-->[androidx.profileinstaller:profileinstaller:1.4.0] C:\Users\Bui Van Son\.gradle\caches\8.13\transforms\adae42d8578df0b02efbc53ef067b311\transformed\profileinstaller-1.4.0\AndroidManifest.xml:41:25-88
195            </intent-filter>
196            <intent-filter>
196-->[androidx.profileinstaller:profileinstaller:1.4.0] C:\Users\Bui Van Son\.gradle\caches\8.13\transforms\adae42d8578df0b02efbc53ef067b311\transformed\profileinstaller-1.4.0\AndroidManifest.xml:43:13-45:29
197                <action android:name="androidx.profileinstaller.action.SKIP_FILE" />
197-->[androidx.profileinstaller:profileinstaller:1.4.0] C:\Users\Bui Van Son\.gradle\caches\8.13\transforms\adae42d8578df0b02efbc53ef067b311\transformed\profileinstaller-1.4.0\AndroidManifest.xml:44:17-85
197-->[androidx.profileinstaller:profileinstaller:1.4.0] C:\Users\Bui Van Son\.gradle\caches\8.13\transforms\adae42d8578df0b02efbc53ef067b311\transformed\profileinstaller-1.4.0\AndroidManifest.xml:44:25-82
198            </intent-filter>
199            <intent-filter>
199-->[androidx.profileinstaller:profileinstaller:1.4.0] C:\Users\Bui Van Son\.gradle\caches\8.13\transforms\adae42d8578df0b02efbc53ef067b311\transformed\profileinstaller-1.4.0\AndroidManifest.xml:46:13-48:29
200                <action android:name="androidx.profileinstaller.action.SAVE_PROFILE" />
200-->[androidx.profileinstaller:profileinstaller:1.4.0] C:\Users\Bui Van Son\.gradle\caches\8.13\transforms\adae42d8578df0b02efbc53ef067b311\transformed\profileinstaller-1.4.0\AndroidManifest.xml:47:17-88
200-->[androidx.profileinstaller:profileinstaller:1.4.0] C:\Users\Bui Van Son\.gradle\caches\8.13\transforms\adae42d8578df0b02efbc53ef067b311\transformed\profileinstaller-1.4.0\AndroidManifest.xml:47:25-85
201            </intent-filter>
202            <intent-filter>
202-->[androidx.profileinstaller:profileinstaller:1.4.0] C:\Users\Bui Van Son\.gradle\caches\8.13\transforms\adae42d8578df0b02efbc53ef067b311\transformed\profileinstaller-1.4.0\AndroidManifest.xml:49:13-51:29
203                <action android:name="androidx.profileinstaller.action.BENCHMARK_OPERATION" />
203-->[androidx.profileinstaller:profileinstaller:1.4.0] C:\Users\Bui Van Son\.gradle\caches\8.13\transforms\adae42d8578df0b02efbc53ef067b311\transformed\profileinstaller-1.4.0\AndroidManifest.xml:50:17-95
203-->[androidx.profileinstaller:profileinstaller:1.4.0] C:\Users\Bui Van Son\.gradle\caches\8.13\transforms\adae42d8578df0b02efbc53ef067b311\transformed\profileinstaller-1.4.0\AndroidManifest.xml:50:25-92
204            </intent-filter>
205        </receiver>
206    </application>
207
208</manifest>

Merged manifest saved to D:\AndroidStudioProjects\SmartRecorderNotes\app\build\intermediates\merged_manifest\release\processReleaseMainManifest\AndroidManifest.xml
Stored cache entry for task ':app:processReleaseMainManifest' with cache key 8245533527f5825661218dac81a876a8
Resolve mutations for :app:processReleaseManifest (Thread[#866,Execution worker Thread 9,5,main]) started.
:app:processReleaseManifest (Thread[#866,Execution worker Thread 9,5,main]) started.

> Task :app:processReleaseManifest
Build cache key for task ':app:processReleaseManifest' is b4ecae800699eba15359041abed0e399
Task ':app:processReleaseManifest' is not up-to-date because:
  Output property 'multiApkManifestOutputDirectory' file D:\AndroidStudioProjects\SmartRecorderNotes\app\build\intermediates\merged_manifests\release\processReleaseManifest has been removed.
  Output property 'multiApkManifestOutputDirectory' file D:\AndroidStudioProjects\SmartRecorderNotes\app\build\intermediates\merged_manifests\release\processReleaseManifest\AndroidManifest.xml has been removed.
  Output property 'multiApkManifestOutputDirectory' file D:\AndroidStudioProjects\SmartRecorderNotes\app\build\intermediates\merged_manifests\release\processReleaseManifest\output-metadata.json has been removed.
Stored cache entry for task ':app:processReleaseManifest' with cache key b4ecae800699eba15359041abed0e399
Resolve mutations for :app:processReleaseManifestForPackage (Thread[#866,Execution worker Thread 9,5,main]) started.
:app:processReleaseManifestForPackage (Thread[#866,Execution worker Thread 9,5,main]) started.

> Task :app:processReleaseManifestForPackage
Build cache key for task ':app:processReleaseManifestForPackage' is 03d149ac220d1cf1c48f06cc2583473e
Task ':app:processReleaseManifestForPackage' is not up-to-date because:
  Output property 'packageManifests' file D:\AndroidStudioProjects\SmartRecorderNotes\app\build\intermediates\packaged_manifests\release\processReleaseManifestForPackage has been removed.
  Output property 'packageManifests' file D:\AndroidStudioProjects\SmartRecorderNotes\app\build\intermediates\packaged_manifests\release\processReleaseManifestForPackage\AndroidManifest.xml has been removed.
  Output property 'packageManifests' file D:\AndroidStudioProjects\SmartRecorderNotes\app\build\intermediates\packaged_manifests\release\processReleaseManifestForPackage\output-metadata.json has been removed.
Stored cache entry for task ':app:processReleaseManifestForPackage' with cache key 03d149ac220d1cf1c48f06cc2583473e

> Task :app:mergeReleaseResources
Build cache key for task ':app:mergeReleaseResources' is 48c6325f473ac6b861fb247b64313895
Task ':app:mergeReleaseResources' is not up-to-date because:
  Output property 'blameLogOutputFolder' file D:\AndroidStudioProjects\SmartRecorderNotes\app\build\intermediates\merged_res_blame_folder\release\mergeReleaseResources\out has been removed.
  Output property 'blameLogOutputFolder' file D:\AndroidStudioProjects\SmartRecorderNotes\app\build\intermediates\merged_res_blame_folder\release\mergeReleaseResources\out\multi-v2 has been removed.
  Output property 'blameLogOutputFolder' file D:\AndroidStudioProjects\SmartRecorderNotes\app\build\intermediates\merged_res_blame_folder\release\mergeReleaseResources\out\multi-v2\mergeReleaseResources.json has been removed.
  and more...
The input changes require a full rebuild for incremental task ':app:mergeReleaseResources'.
[MergeResources] Inputs are non-incremental full task action.
Compiling XML table D:\AndroidStudioProjects\SmartRecorderNotes\app\build\intermediates\incremental\release\mergeReleaseResources\merged.dir\values-pt\values-pt.xml to D:\AndroidStudioProjects\SmartRecorderNotes\app\build\intermediates\merged_res\release\mergeReleaseResources\values-pt_values-pt.arsc.flat
Compiling XML table D:\AndroidStudioProjects\SmartRecorderNotes\app\build\intermediates\incremental\release\mergeReleaseResources\merged.dir\values-de\values-de.xml to D:\AndroidStudioProjects\SmartRecorderNotes\app\build\intermediates\merged_res\release\mergeReleaseResources\values-de_values-de.arsc.flat
Compiling XML table D:\AndroidStudioProjects\SmartRecorderNotes\app\build\intermediates\incremental\release\mergeReleaseResources\merged.dir\values-hi\values-hi.xml to D:\AndroidStudioProjects\SmartRecorderNotes\app\build\intermediates\merged_res\release\mergeReleaseResources\values-hi_values-hi.arsc.flat
Compiling XML table D:\AndroidStudioProjects\SmartRecorderNotes\app\build\intermediates\incremental\release\mergeReleaseResources\merged.dir\values-lo\values-lo.xml to D:\AndroidStudioProjects\SmartRecorderNotes\app\build\intermediates\merged_res\release\mergeReleaseResources\values-lo_values-lo.arsc.flat
Compiling XML table D:\AndroidStudioProjects\SmartRecorderNotes\app\build\intermediates\incremental\release\mergeReleaseResources\merged.dir\values\values.xml to D:\AndroidStudioProjects\SmartRecorderNotes\app\build\intermediates\merged_res\release\mergeReleaseResources\values_values.arsc.flat
Compiling XML table D:\AndroidStudioProjects\SmartRecorderNotes\app\build\intermediates\incremental\release\mergeReleaseResources\merged.dir\values-lt\values-lt.xml to D:\AndroidStudioProjects\SmartRecorderNotes\app\build\intermediates\merged_res\release\mergeReleaseResources\values-lt_values-lt.arsc.flat
Compiling XML table D:\AndroidStudioProjects\SmartRecorderNotes\app\build\intermediates\incremental\release\mergeReleaseResources\merged.dir\values-hr\values-hr.xml to D:\AndroidStudioProjects\SmartRecorderNotes\app\build\intermediates\merged_res\release\mergeReleaseResources\values-hr_values-hr.arsc.flat
Compiling XML table D:\AndroidStudioProjects\SmartRecorderNotes\app\build\intermediates\incremental\release\mergeReleaseResources\merged.dir\values-lv\values-lv.xml to D:\AndroidStudioProjects\SmartRecorderNotes\app\build\intermediates\merged_res\release\mergeReleaseResources\values-lv_values-lv.arsc.flat
Compiling XML table D:\AndroidStudioProjects\SmartRecorderNotes\app\build\intermediates\incremental\release\mergeReleaseResources\merged.dir\values-hu\values-hu.xml to D:\AndroidStudioProjects\SmartRecorderNotes\app\build\intermediates\merged_res\release\mergeReleaseResources\values-hu_values-hu.arsc.flat
Compiling XML table D:\AndroidStudioProjects\SmartRecorderNotes\app\build\intermediates\incremental\release\mergeReleaseResources\merged.dir\values-en-rIN\values-en-rIN.xml to D:\AndroidStudioProjects\SmartRecorderNotes\app\build\intermediates\merged_res\release\mergeReleaseResources\values-en-rIN_values-en-rIN.arsc.flat
Compiling XML table D:\AndroidStudioProjects\SmartRecorderNotes\app\build\intermediates\incremental\release\mergeReleaseResources\merged.dir\values-hy\values-hy.xml to D:\AndroidStudioProjects\SmartRecorderNotes\app\build\intermediates\merged_res\release\mergeReleaseResources\values-hy_values-hy.arsc.flat
Compiling XML table D:\AndroidStudioProjects\SmartRecorderNotes\app\build\intermediates\incremental\release\mergeReleaseResources\merged.dir\values-uz\values-uz.xml to D:\AndroidStudioProjects\SmartRecorderNotes\app\build\intermediates\merged_res\release\mergeReleaseResources\values-uz_values-uz.arsc.flat
Compiling XML table D:\AndroidStudioProjects\SmartRecorderNotes\app\build\intermediates\incremental\release\mergeReleaseResources\merged.dir\values-af\values-af.xml to D:\AndroidStudioProjects\SmartRecorderNotes\app\build\intermediates\merged_res\release\mergeReleaseResources\values-af_values-af.arsc.flat
Compiling XML table D:\AndroidStudioProjects\SmartRecorderNotes\app\build\intermediates\incremental\release\mergeReleaseResources\merged.dir\values-mk\values-mk.xml to D:\AndroidStudioProjects\SmartRecorderNotes\app\build\intermediates\merged_res\release\mergeReleaseResources\values-mk_values-mk.arsc.flat
Compiling XML table D:\AndroidStudioProjects\SmartRecorderNotes\app\build\intermediates\incremental\release\mergeReleaseResources\merged.dir\values-fr-rCA\values-fr-rCA.xml to D:\AndroidStudioProjects\SmartRecorderNotes\app\build\intermediates\merged_res\release\mergeReleaseResources\values-fr-rCA_values-fr-rCA.arsc.flat
Compiling XML table D:\AndroidStudioProjects\SmartRecorderNotes\app\build\intermediates\incremental\release\mergeReleaseResources\merged.dir\values-mr\values-mr.xml to D:\AndroidStudioProjects\SmartRecorderNotes\app\build\intermediates\merged_res\release\mergeReleaseResources\values-mr_values-mr.arsc.flat
Compiling XML table D:\AndroidStudioProjects\SmartRecorderNotes\app\build\intermediates\incremental\release\mergeReleaseResources\merged.dir\values-mn\values-mn.xml to D:\AndroidStudioProjects\SmartRecorderNotes\app\build\intermediates\merged_res\release\mergeReleaseResources\values-mn_values-mn.arsc.flat
Compiling XML table D:\AndroidStudioProjects\SmartRecorderNotes\app\build\intermediates\incremental\release\mergeReleaseResources\merged.dir\values-ml\values-ml.xml to D:\AndroidStudioProjects\SmartRecorderNotes\app\build\intermediates\merged_res\release\mergeReleaseResources\values-ml_values-ml.arsc.flat
Compiling XML table D:\AndroidStudioProjects\SmartRecorderNotes\app\build\intermediates\incremental\release\mergeReleaseResources\merged.dir\values-el\values-el.xml to D:\AndroidStudioProjects\SmartRecorderNotes\app\build\intermediates\merged_res\release\mergeReleaseResources\values-el_values-el.arsc.flat
Compiling XML table D:\AndroidStudioProjects\SmartRecorderNotes\app\build\intermediates\incremental\release\mergeReleaseResources\merged.dir\values-ms\values-ms.xml to D:\AndroidStudioProjects\SmartRecorderNotes\app\build\intermediates\merged_res\release\mergeReleaseResources\values-ms_values-ms.arsc.flat
Compiling XML table D:\AndroidStudioProjects\SmartRecorderNotes\app\build\intermediates\incremental\release\mergeReleaseResources\merged.dir\values-in\values-in.xml to D:\AndroidStudioProjects\SmartRecorderNotes\app\build\intermediates\merged_res\release\mergeReleaseResources\values-in_values-in.arsc.flat
Compiling XML table D:\AndroidStudioProjects\SmartRecorderNotes\app\build\intermediates\incremental\release\mergeReleaseResources\merged.dir\values-is\values-is.xml to D:\AndroidStudioProjects\SmartRecorderNotes\app\build\intermediates\merged_res\release\mergeReleaseResources\values-is_values-is.arsc.flat
Compiling XML table D:\AndroidStudioProjects\SmartRecorderNotes\app\build\intermediates\incremental\release\mergeReleaseResources\merged.dir\values-am\values-am.xml to D:\AndroidStudioProjects\SmartRecorderNotes\app\build\intermediates\merged_res\release\mergeReleaseResources\values-am_values-am.arsc.flat
Compiling XML table D:\AndroidStudioProjects\SmartRecorderNotes\app\build\intermediates\incremental\release\mergeReleaseResources\merged.dir\values-my\values-my.xml to D:\AndroidStudioProjects\SmartRecorderNotes\app\build\intermediates\merged_res\release\mergeReleaseResources\values-my_values-my.arsc.flat
Compiling XML table D:\AndroidStudioProjects\SmartRecorderNotes\app\build\intermediates\incremental\release\mergeReleaseResources\merged.dir\values-et\values-et.xml to D:\AndroidStudioProjects\SmartRecorderNotes\app\build\intermediates\merged_res\release\mergeReleaseResources\values-et_values-et.arsc.flat
Compiling XML table D:\AndroidStudioProjects\SmartRecorderNotes\app\build\intermediates\incremental\release\mergeReleaseResources\merged.dir\values-iw\values-iw.xml to D:\AndroidStudioProjects\SmartRecorderNotes\app\build\intermediates\merged_res\release\mergeReleaseResources\values-iw_values-iw.arsc.flat
Compiling XML table D:\AndroidStudioProjects\SmartRecorderNotes\app\build\intermediates\incremental\release\mergeReleaseResources\merged.dir\values-es\values-es.xml to D:\AndroidStudioProjects\SmartRecorderNotes\app\build\intermediates\merged_res\release\mergeReleaseResources\values-es_values-es.arsc.flat
Compiling XML table D:\AndroidStudioProjects\SmartRecorderNotes\app\build\intermediates\incremental\release\mergeReleaseResources\merged.dir\values-nb\values-nb.xml to D:\AndroidStudioProjects\SmartRecorderNotes\app\build\intermediates\merged_res\release\mergeReleaseResources\values-nb_values-nb.arsc.flat
Compiling XML table D:\AndroidStudioProjects\SmartRecorderNotes\app\build\intermediates\incremental\release\mergeReleaseResources\merged.dir\values-v23\values-v23.xml to D:\AndroidStudioProjects\SmartRecorderNotes\app\build\intermediates\merged_res\release\mergeReleaseResources\values-v23_values-v23.arsc.flat
Compiling XML table D:\AndroidStudioProjects\SmartRecorderNotes\app\build\intermediates\incremental\release\mergeReleaseResources\merged.dir\values-es-rUS\values-es-rUS.xml to D:\AndroidStudioProjects\SmartRecorderNotes\app\build\intermediates\merged_res\release\mergeReleaseResources\values-es-rUS_values-es-rUS.arsc.flat
Compiling XML table D:\AndroidStudioProjects\SmartRecorderNotes\app\build\intermediates\incremental\release\mergeReleaseResources\merged.dir\values-ru\values-ru.xml to D:\AndroidStudioProjects\SmartRecorderNotes\app\build\intermediates\merged_res\release\mergeReleaseResources\values-ru_values-ru.arsc.flat
Compiling XML table D:\AndroidStudioProjects\SmartRecorderNotes\app\build\intermediates\incremental\release\mergeReleaseResources\merged.dir\values-ja\values-ja.xml to D:\AndroidStudioProjects\SmartRecorderNotes\app\build\intermediates\merged_res\release\mergeReleaseResources\values-ja_values-ja.arsc.flat
Compiling XML table D:\AndroidStudioProjects\SmartRecorderNotes\app\build\intermediates\incremental\release\mergeReleaseResources\merged.dir\values-b+sr+Latn\values-b+sr+Latn.xml to D:\AndroidStudioProjects\SmartRecorderNotes\app\build\intermediates\merged_res\release\mergeReleaseResources\values-b+sr+Latn_values-b+sr+Latn.arsc.flat
Compiling XML table D:\AndroidStudioProjects\SmartRecorderNotes\app\build\intermediates\incremental\release\mergeReleaseResources\merged.dir\values-az\values-az.xml to D:\AndroidStudioProjects\SmartRecorderNotes\app\build\intermediates\merged_res\release\mergeReleaseResources\values-az_values-az.arsc.flat
Compiling XML table D:\AndroidStudioProjects\SmartRecorderNotes\app\build\intermediates\incremental\release\mergeReleaseResources\merged.dir\values-nl\values-nl.xml to D:\AndroidStudioProjects\SmartRecorderNotes\app\build\intermediates\merged_res\release\mergeReleaseResources\values-nl_values-nl.arsc.flat
Compiling XML table D:\AndroidStudioProjects\SmartRecorderNotes\app\build\intermediates\incremental\release\mergeReleaseResources\merged.dir\values-sk\values-sk.xml to D:\AndroidStudioProjects\SmartRecorderNotes\app\build\intermediates\merged_res\release\mergeReleaseResources\values-sk_values-sk.arsc.flat
Compiling XML table D:\AndroidStudioProjects\SmartRecorderNotes\app\build\intermediates\incremental\release\mergeReleaseResources\merged.dir\values-be\values-be.xml to D:\AndroidStudioProjects\SmartRecorderNotes\app\build\intermediates\merged_res\release\mergeReleaseResources\values-be_values-be.arsc.flat
Compiling XML table D:\AndroidStudioProjects\SmartRecorderNotes\app\build\intermediates\incremental\release\mergeReleaseResources\merged.dir\values-it\values-it.xml to D:\AndroidStudioProjects\SmartRecorderNotes\app\build\intermediates\merged_res\release\mergeReleaseResources\values-it_values-it.arsc.flat
Compiling XML table D:\AndroidStudioProjects\SmartRecorderNotes\app\build\intermediates\incremental\release\mergeReleaseResources\merged.dir\values-bg\values-bg.xml to D:\AndroidStudioProjects\SmartRecorderNotes\app\build\intermediates\merged_res\release\mergeReleaseResources\values-bg_values-bg.arsc.flat
Compiling XML table D:\AndroidStudioProjects\SmartRecorderNotes\app\build\intermediates\incremental\release\mergeReleaseResources\merged.dir\values-ne\values-ne.xml to D:\AndroidStudioProjects\SmartRecorderNotes\app\build\intermediates\merged_res\release\mergeReleaseResources\values-ne_values-ne.arsc.flat
Compiling XML table D:\AndroidStudioProjects\SmartRecorderNotes\app\build\intermediates\incremental\release\mergeReleaseResources\merged.dir\values-v24\values-v24.xml to D:\AndroidStudioProjects\SmartRecorderNotes\app\build\intermediates\merged_res\release\mergeReleaseResources\values-v24_values-v24.arsc.flat
Compiling XML table D:\AndroidStudioProjects\SmartRecorderNotes\app\build\intermediates\incremental\release\mergeReleaseResources\merged.dir\values-en-rGB\values-en-rGB.xml to D:\AndroidStudioProjects\SmartRecorderNotes\app\build\intermediates\merged_res\release\mergeReleaseResources\values-en-rGB_values-en-rGB.arsc.flat
Compiling XML table D:\AndroidStudioProjects\SmartRecorderNotes\app\build\intermediates\incremental\release\mergeReleaseResources\merged.dir\values-v21\values-v21.xml to D:\AndroidStudioProjects\SmartRecorderNotes\app\build\intermediates\merged_res\release\mergeReleaseResources\values-v21_values-v21.arsc.flat
Compiling XML table D:\AndroidStudioProjects\SmartRecorderNotes\app\build\intermediates\incremental\release\mergeReleaseResources\merged.dir\values-gl\values-gl.xml to D:\AndroidStudioProjects\SmartRecorderNotes\app\build\intermediates\merged_res\release\mergeReleaseResources\values-gl_values-gl.arsc.flat
Compiling XML table D:\AndroidStudioProjects\SmartRecorderNotes\app\build\intermediates\incremental\release\mergeReleaseResources\merged.dir\values-si\values-si.xml to D:\AndroidStudioProjects\SmartRecorderNotes\app\build\intermediates\merged_res\release\mergeReleaseResources\values-si_values-si.arsc.flat
Compiling XML table D:\AndroidStudioProjects\SmartRecorderNotes\app\build\intermediates\incremental\release\mergeReleaseResources\merged.dir\values-ar\values-ar.xml to D:\AndroidStudioProjects\SmartRecorderNotes\app\build\intermediates\merged_res\release\mergeReleaseResources\values-ar_values-ar.arsc.flat
Compiling XML table D:\AndroidStudioProjects\SmartRecorderNotes\app\build\intermediates\incremental\release\mergeReleaseResources\merged.dir\values-tr\values-tr.xml to D:\AndroidStudioProjects\SmartRecorderNotes\app\build\intermediates\merged_res\release\mergeReleaseResources\values-tr_values-tr.arsc.flat
Compiling XML table D:\AndroidStudioProjects\SmartRecorderNotes\app\build\intermediates\incremental\release\mergeReleaseResources\merged.dir\values-eu\values-eu.xml to D:\AndroidStudioProjects\SmartRecorderNotes\app\build\intermediates\merged_res\release\mergeReleaseResources\values-eu_values-eu.arsc.flat
Compiling XML table D:\AndroidStudioProjects\SmartRecorderNotes\app\build\intermediates\incremental\release\mergeReleaseResources\merged.dir\values-sw\values-sw.xml to D:\AndroidStudioProjects\SmartRecorderNotes\app\build\intermediates\merged_res\release\mergeReleaseResources\values-sw_values-sw.arsc.flat
Compiling XML table D:\AndroidStudioProjects\SmartRecorderNotes\app\build\intermediates\incremental\release\mergeReleaseResources\merged.dir\values-fa\values-fa.xml to D:\AndroidStudioProjects\SmartRecorderNotes\app\build\intermediates\merged_res\release\mergeReleaseResources\values-fa_values-fa.arsc.flat
Compiling XML table D:\AndroidStudioProjects\SmartRecorderNotes\app\build\intermediates\incremental\release\mergeReleaseResources\merged.dir\values-fi\values-fi.xml to D:\AndroidStudioProjects\SmartRecorderNotes\app\build\intermediates\merged_res\release\mergeReleaseResources\values-fi_values-fi.arsc.flat
Compiling XML table D:\AndroidStudioProjects\SmartRecorderNotes\app\build\intermediates\incremental\release\mergeReleaseResources\merged.dir\values-or\values-or.xml to D:\AndroidStudioProjects\SmartRecorderNotes\app\build\intermediates\merged_res\release\mergeReleaseResources\values-or_values-or.arsc.flat
Compiling file D:\AndroidStudioProjects\SmartRecorderNotes\app\src\main\res\mipmap-xxhdpi\ic_launcher.webp to D:\AndroidStudioProjects\SmartRecorderNotes\app\build\intermediates\merged_res\release\mergeReleaseResources\mipmap-xxhdpi_ic_launcher.webp.flat
Compiling XML table D:\AndroidStudioProjects\SmartRecorderNotes\app\build\intermediates\incremental\release\mergeReleaseResources\merged.dir\values-da\values-da.xml to D:\AndroidStudioProjects\SmartRecorderNotes\app\build\intermediates\merged_res\release\mergeReleaseResources\values-da_values-da.arsc.flat
Compiling XML table D:\AndroidStudioProjects\SmartRecorderNotes\app\build\intermediates\incremental\release\mergeReleaseResources\merged.dir\values-sl\values-sl.xml to D:\AndroidStudioProjects\SmartRecorderNotes\app\build\intermediates\merged_res\release\mergeReleaseResources\values-sl_values-sl.arsc.flat
Compiling XML table D:\AndroidStudioProjects\SmartRecorderNotes\app\build\intermediates\incremental\release\mergeReleaseResources\merged.dir\values-en-rCA\values-en-rCA.xml to D:\AndroidStudioProjects\SmartRecorderNotes\app\build\intermediates\merged_res\release\mergeReleaseResources\values-en-rCA_values-en-rCA.arsc.flat
Compiling XML table D:\AndroidStudioProjects\SmartRecorderNotes\app\build\intermediates\incremental\release\mergeReleaseResources\merged.dir\values-ca\values-ca.xml to D:\AndroidStudioProjects\SmartRecorderNotes\app\build\intermediates\merged_res\release\mergeReleaseResources\values-ca_values-ca.arsc.flat
Compiling XML table D:\AndroidStudioProjects\SmartRecorderNotes\app\build\intermediates\incremental\release\mergeReleaseResources\merged.dir\values-tl\values-tl.xml to D:\AndroidStudioProjects\SmartRecorderNotes\app\build\intermediates\merged_res\release\mergeReleaseResources\values-tl_values-tl.arsc.flat
Compiling XML table D:\AndroidStudioProjects\SmartRecorderNotes\app\build\intermediates\incremental\release\mergeReleaseResources\merged.dir\values-ta\values-ta.xml to D:\AndroidStudioProjects\SmartRecorderNotes\app\build\intermediates\merged_res\release\mergeReleaseResources\values-ta_values-ta.arsc.flat
Compiling XML table D:\AndroidStudioProjects\SmartRecorderNotes\app\build\intermediates\incremental\release\mergeReleaseResources\merged.dir\values-km\values-km.xml to D:\AndroidStudioProjects\SmartRecorderNotes\app\build\intermediates\merged_res\release\mergeReleaseResources\values-km_values-km.arsc.flat
Compiling xml file D:\AndroidStudioProjects\SmartRecorderNotes\app\src\main\res\drawable\ic_launcher_background.xml to D:\AndroidStudioProjects\SmartRecorderNotes\app\build\intermediates\merged_res\release\mergeReleaseResources\drawable_ic_launcher_background.xml.flat
Compiling file D:\AndroidStudioProjects\SmartRecorderNotes\app\src\main\res\mipmap-hdpi\ic_launcher.webp to D:\AndroidStudioProjects\SmartRecorderNotes\app\build\intermediates\merged_res\release\mergeReleaseResources\mipmap-hdpi_ic_launcher.webp.flat
Compiling XML table D:\AndroidStudioProjects\SmartRecorderNotes\app\build\intermediates\incremental\release\mergeReleaseResources\merged.dir\values-gu\values-gu.xml to D:\AndroidStudioProjects\SmartRecorderNotes\app\build\intermediates\merged_res\release\mergeReleaseResources\values-gu_values-gu.arsc.flat
Compiling XML table D:\AndroidStudioProjects\SmartRecorderNotes\app\build\intermediates\incremental\release\mergeReleaseResources\merged.dir\values-en-rXC\values-en-rXC.xml to D:\AndroidStudioProjects\SmartRecorderNotes\app\build\intermediates\merged_res\release\mergeReleaseResources\values-en-rXC_values-en-rXC.arsc.flat
Compiling XML table D:\AndroidStudioProjects\SmartRecorderNotes\app\build\intermediates\incremental\release\mergeReleaseResources\merged.dir\values-en-rAU\values-en-rAU.xml to D:\AndroidStudioProjects\SmartRecorderNotes\app\build\intermediates\merged_res\release\mergeReleaseResources\values-en-rAU_values-en-rAU.arsc.flat
Compiling xml file D:\AndroidStudioProjects\SmartRecorderNotes\app\src\main\res\mipmap-anydpi-v26\ic_launcher.xml to D:\AndroidStudioProjects\SmartRecorderNotes\app\build\intermediates\merged_res\release\mergeReleaseResources\mipmap-anydpi-v26_ic_launcher.xml.flat
Compiling XML table D:\AndroidStudioProjects\SmartRecorderNotes\app\build\intermediates\incremental\release\mergeReleaseResources\merged.dir\values-sq\values-sq.xml to D:\AndroidStudioProjects\SmartRecorderNotes\app\build\intermediates\merged_res\release\mergeReleaseResources\values-sq_values-sq.arsc.flat
Compiling file D:\AndroidStudioProjects\SmartRecorderNotes\app\src\main\res\mipmap-mdpi\ic_launcher_round.webp to D:\AndroidStudioProjects\SmartRecorderNotes\app\build\intermediates\merged_res\release\mergeReleaseResources\mipmap-mdpi_ic_launcher_round.webp.flat
Compiling XML table D:\AndroidStudioProjects\SmartRecorderNotes\app\build\intermediates\incremental\release\mergeReleaseResources\merged.dir\values-ky\values-ky.xml to D:\AndroidStudioProjects\SmartRecorderNotes\app\build\intermediates\merged_res\release\mergeReleaseResources\values-ky_values-ky.arsc.flat
Compiling XML table D:\AndroidStudioProjects\SmartRecorderNotes\app\build\intermediates\incremental\release\mergeReleaseResources\merged.dir\values-fr\values-fr.xml to D:\AndroidStudioProjects\SmartRecorderNotes\app\build\intermediates\merged_res\release\mergeReleaseResources\values-fr_values-fr.arsc.flat
Compiling XML table D:\AndroidStudioProjects\SmartRecorderNotes\app\build\intermediates\incremental\release\mergeReleaseResources\merged.dir\values-zh-rCN\values-zh-rCN.xml to D:\AndroidStudioProjects\SmartRecorderNotes\app\build\intermediates\merged_res\release\mergeReleaseResources\values-zh-rCN_values-zh-rCN.arsc.flat
Compiling xml file D:\AndroidStudioProjects\SmartRecorderNotes\app\src\main\res\mipmap-anydpi-v26\ic_launcher_round.xml to D:\AndroidStudioProjects\SmartRecorderNotes\app\build\intermediates\merged_res\release\mergeReleaseResources\mipmap-anydpi-v26_ic_launcher_round.xml.flat
Compiling XML table D:\AndroidStudioProjects\SmartRecorderNotes\app\build\intermediates\incremental\release\mergeReleaseResources\merged.dir\values-sr\values-sr.xml to D:\AndroidStudioProjects\SmartRecorderNotes\app\build\intermediates\merged_res\release\mergeReleaseResources\values-sr_values-sr.arsc.flat
Compiling XML table D:\AndroidStudioProjects\SmartRecorderNotes\app\build\intermediates\incremental\release\mergeReleaseResources\merged.dir\values-ka\values-ka.xml to D:\AndroidStudioProjects\SmartRecorderNotes\app\build\intermediates\merged_res\release\mergeReleaseResources\values-ka_values-ka.arsc.flat
Compiling XML table D:\AndroidStudioProjects\SmartRecorderNotes\app\build\intermediates\incremental\release\mergeReleaseResources\merged.dir\values-uk\values-uk.xml to D:\AndroidStudioProjects\SmartRecorderNotes\app\build\intermediates\merged_res\release\mergeReleaseResources\values-uk_values-uk.arsc.flat
Compiling XML table D:\AndroidStudioProjects\SmartRecorderNotes\app\build\intermediates\incremental\release\mergeReleaseResources\merged.dir\values-pt-rBR\values-pt-rBR.xml to D:\AndroidStudioProjects\SmartRecorderNotes\app\build\intermediates\merged_res\release\mergeReleaseResources\values-pt-rBR_values-pt-rBR.arsc.flat
Compiling XML table D:\AndroidStudioProjects\SmartRecorderNotes\app\build\intermediates\incremental\release\mergeReleaseResources\merged.dir\values-ko\values-ko.xml to D:\AndroidStudioProjects\SmartRecorderNotes\app\build\intermediates\merged_res\release\mergeReleaseResources\values-ko_values-ko.arsc.flat
Compiling XML table D:\AndroidStudioProjects\SmartRecorderNotes\app\build\intermediates\incremental\release\mergeReleaseResources\merged.dir\values-ur\values-ur.xml to D:\AndroidStudioProjects\SmartRecorderNotes\app\build\intermediates\merged_res\release\mergeReleaseResources\values-ur_values-ur.arsc.flat
Compiling XML table D:\AndroidStudioProjects\SmartRecorderNotes\app\build\intermediates\incremental\release\mergeReleaseResources\merged.dir\values-zh-rTW\values-zh-rTW.xml to D:\AndroidStudioProjects\SmartRecorderNotes\app\build\intermediates\merged_res\release\mergeReleaseResources\values-zh-rTW_values-zh-rTW.arsc.flat
Compiling file D:\AndroidStudioProjects\SmartRecorderNotes\app\src\main\res\mipmap-xhdpi\ic_launcher_round.webp to D:\AndroidStudioProjects\SmartRecorderNotes\app\build\intermediates\merged_res\release\mergeReleaseResources\mipmap-xhdpi_ic_launcher_round.webp.flat
Compiling file D:\AndroidStudioProjects\SmartRecorderNotes\app\src\main\res\mipmap-xxxhdpi\ic_launcher_round.webp to D:\AndroidStudioProjects\SmartRecorderNotes\app\build\intermediates\merged_res\release\mergeReleaseResources\mipmap-xxxhdpi_ic_launcher_round.webp.flat
Compiling XML table D:\AndroidStudioProjects\SmartRecorderNotes\app\build\intermediates\incremental\release\mergeReleaseResources\merged.dir\values-pl\values-pl.xml to D:\AndroidStudioProjects\SmartRecorderNotes\app\build\intermediates\merged_res\release\mergeReleaseResources\values-pl_values-pl.arsc.flat
Compiling XML table D:\AndroidStudioProjects\SmartRecorderNotes\app\build\intermediates\incremental\release\mergeReleaseResources\merged.dir\values-zh-rHK\values-zh-rHK.xml to D:\AndroidStudioProjects\SmartRecorderNotes\app\build\intermediates\merged_res\release\mergeReleaseResources\values-zh-rHK_values-zh-rHK.arsc.flat
Compiling XML table D:\AndroidStudioProjects\SmartRecorderNotes\app\build\intermediates\incremental\release\mergeReleaseResources\merged.dir\values-as\values-as.xml to D:\AndroidStudioProjects\SmartRecorderNotes\app\build\intermediates\merged_res\release\mergeReleaseResources\values-as_values-as.arsc.flat
Compiling xml file D:\AndroidStudioProjects\SmartRecorderNotes\app\src\main\res\xml\backup_rules.xml to D:\AndroidStudioProjects\SmartRecorderNotes\app\build\intermediates\merged_res\release\mergeReleaseResources\xml_backup_rules.xml.flat
Compiling XML table D:\AndroidStudioProjects\SmartRecorderNotes\app\build\intermediates\incremental\release\mergeReleaseResources\merged.dir\values-vi\values-vi.xml to D:\AndroidStudioProjects\SmartRecorderNotes\app\build\intermediates\merged_res\release\mergeReleaseResources\values-vi_values-vi.arsc.flat
Compiling XML table D:\AndroidStudioProjects\SmartRecorderNotes\app\build\intermediates\incremental\release\mergeReleaseResources\merged.dir\values-zu\values-zu.xml to D:\AndroidStudioProjects\SmartRecorderNotes\app\build\intermediates\merged_res\release\mergeReleaseResources\values-zu_values-zu.arsc.flat
Compiling XML table D:\AndroidStudioProjects\SmartRecorderNotes\app\build\intermediates\incremental\release\mergeReleaseResources\merged.dir\values-te\values-te.xml to D:\AndroidStudioProjects\SmartRecorderNotes\app\build\intermediates\merged_res\release\mergeReleaseResources\values-te_values-te.arsc.flat
Compiling file D:\AndroidStudioProjects\SmartRecorderNotes\app\src\main\res\mipmap-xxxhdpi\ic_launcher.webp to D:\AndroidStudioProjects\SmartRecorderNotes\app\build\intermediates\merged_res\release\mergeReleaseResources\mipmap-xxxhdpi_ic_launcher.webp.flat
Compiling file D:\AndroidStudioProjects\SmartRecorderNotes\app\src\main\res\mipmap-xxhdpi\ic_launcher_round.webp to D:\AndroidStudioProjects\SmartRecorderNotes\app\build\intermediates\merged_res\release\mergeReleaseResources\mipmap-xxhdpi_ic_launcher_round.webp.flat
Compiling XML table D:\AndroidStudioProjects\SmartRecorderNotes\app\build\intermediates\incremental\release\mergeReleaseResources\merged.dir\values-bs\values-bs.xml to D:\AndroidStudioProjects\SmartRecorderNotes\app\build\intermediates\merged_res\release\mergeReleaseResources\values-bs_values-bs.arsc.flat
Compiling XML table D:\AndroidStudioProjects\SmartRecorderNotes\app\build\intermediates\incremental\release\mergeReleaseResources\merged.dir\values-pt-rPT\values-pt-rPT.xml to D:\AndroidStudioProjects\SmartRecorderNotes\app\build\intermediates\merged_res\release\mergeReleaseResources\values-pt-rPT_values-pt-rPT.arsc.flat
Compiling file D:\AndroidStudioProjects\SmartRecorderNotes\app\src\main\res\mipmap-xhdpi\ic_launcher.webp to D:\AndroidStudioProjects\SmartRecorderNotes\app\build\intermediates\merged_res\release\mergeReleaseResources\mipmap-xhdpi_ic_launcher.webp.flat
Compiling XML table D:\AndroidStudioProjects\SmartRecorderNotes\app\build\intermediates\incremental\release\mergeReleaseResources\merged.dir\values-bn\values-bn.xml to D:\AndroidStudioProjects\SmartRecorderNotes\app\build\intermediates\merged_res\release\mergeReleaseResources\values-bn_values-bn.arsc.flat
Compiling XML table D:\AndroidStudioProjects\SmartRecorderNotes\app\build\intermediates\incremental\release\mergeReleaseResources\merged.dir\values-sv\values-sv.xml to D:\AndroidStudioProjects\SmartRecorderNotes\app\build\intermediates\merged_res\release\mergeReleaseResources\values-sv_values-sv.arsc.flat
Compiling XML table D:\AndroidStudioProjects\SmartRecorderNotes\app\build\intermediates\incremental\release\mergeReleaseResources\merged.dir\values-kk\values-kk.xml to D:\AndroidStudioProjects\SmartRecorderNotes\app\build\intermediates\merged_res\release\mergeReleaseResources\values-kk_values-kk.arsc.flat
Compiling XML table D:\AndroidStudioProjects\SmartRecorderNotes\app\build\intermediates\incremental\release\mergeReleaseResources\merged.dir\values-pa\values-pa.xml to D:\AndroidStudioProjects\SmartRecorderNotes\app\build\intermediates\merged_res\release\mergeReleaseResources\values-pa_values-pa.arsc.flat
Compiling XML table D:\AndroidStudioProjects\SmartRecorderNotes\app\build\intermediates\incremental\release\mergeReleaseResources\merged.dir\values-ro\values-ro.xml to D:\AndroidStudioProjects\SmartRecorderNotes\app\build\intermediates\merged_res\release\mergeReleaseResources\values-ro_values-ro.arsc.flat
Compiling XML table D:\AndroidStudioProjects\SmartRecorderNotes\app\build\intermediates\incremental\release\mergeReleaseResources\merged.dir\values-cs\values-cs.xml to D:\AndroidStudioProjects\SmartRecorderNotes\app\build\intermediates\merged_res\release\mergeReleaseResources\values-cs_values-cs.arsc.flat
Compiling xml file D:\AndroidStudioProjects\SmartRecorderNotes\app\src\main\res\drawable\ic_launcher_foreground.xml to D:\AndroidStudioProjects\SmartRecorderNotes\app\build\intermediates\merged_res\release\mergeReleaseResources\drawable_ic_launcher_foreground.xml.flat
Compiling XML table D:\AndroidStudioProjects\SmartRecorderNotes\app\build\intermediates\incremental\release\mergeReleaseResources\merged.dir\values-v30\values-v30.xml to D:\AndroidStudioProjects\SmartRecorderNotes\app\build\intermediates\merged_res\release\mergeReleaseResources\values-v30_values-v30.arsc.flat
Compiling XML table D:\AndroidStudioProjects\SmartRecorderNotes\app\build\intermediates\incremental\release\mergeReleaseResources\merged.dir\values-kn\values-kn.xml to D:\AndroidStudioProjects\SmartRecorderNotes\app\build\intermediates\merged_res\release\mergeReleaseResources\values-kn_values-kn.arsc.flat
Compiling file D:\AndroidStudioProjects\SmartRecorderNotes\app\src\main\res\mipmap-mdpi\ic_launcher.webp to D:\AndroidStudioProjects\SmartRecorderNotes\app\build\intermediates\merged_res\release\mergeReleaseResources\mipmap-mdpi_ic_launcher.webp.flat
Compiling xml file D:\AndroidStudioProjects\SmartRecorderNotes\app\src\main\res\xml\data_extraction_rules.xml to D:\AndroidStudioProjects\SmartRecorderNotes\app\build\intermediates\merged_res\release\mergeReleaseResources\xml_data_extraction_rules.xml.flat
Compiling XML table D:\AndroidStudioProjects\SmartRecorderNotes\app\build\intermediates\incremental\release\mergeReleaseResources\merged.dir\values-th\values-th.xml to D:\AndroidStudioProjects\SmartRecorderNotes\app\build\intermediates\merged_res\release\mergeReleaseResources\values-th_values-th.arsc.flat
Compiling file D:\AndroidStudioProjects\SmartRecorderNotes\app\src\main\res\mipmap-hdpi\ic_launcher_round.webp to D:\AndroidStudioProjects\SmartRecorderNotes\app\build\intermediates\merged_res\release\mergeReleaseResources\mipmap-hdpi_ic_launcher_round.webp.flat
Stored cache entry for task ':app:mergeReleaseResources' with cache key 48c6325f473ac6b861fb247b64313895
Resolve mutations for :app:processReleaseResources (Thread[#860,Execution worker Thread 3,5,main]) started.
:app:processReleaseResources (Thread[#860,Execution worker Thread 3,5,main]) started.

> Task :app:kspDebugKotlin
Build cache key for task ':app:kspDebugKotlin' is 02092eb14896434732cc5bddb515d729
Task ':app:kspDebugKotlin' is not up-to-date because:
  Value of input property 'kspConfig.logLevel' has changed for task ':app:kspDebugKotlin'
The input changes require a full rebuild for incremental task ':app:kspDebugKotlin'.
file or directory 'D:\AndroidStudioProjects\SmartRecorderNotes\app\src\debug\kotlin', not found
file or directory 'D:\AndroidStudioProjects\SmartRecorderNotes\app\src\debug\java', not found
file or directory 'D:\AndroidStudioProjects\SmartRecorderNotes\app\src\main\kotlin', not found
file or directory 'D:\AndroidStudioProjects\SmartRecorderNotes\app\src\debug\java', not found
file or directory 'D:\AndroidStudioProjects\SmartRecorderNotes\app\src\debug\kotlin', not found
file or directory 'D:\AndroidStudioProjects\SmartRecorderNotes\app\src\debug\java', not found
file or directory 'D:\AndroidStudioProjects\SmartRecorderNotes\app\src\main\kotlin', not found
i: [ksp] loaded provider(s): [AndroidXHiltKspProcessor$Provider, androidx.room.RoomKspProcessor$Provider, dagger.hilt.processor.internal.uninstallmodules.KspUninstallModulesProcessor$Provider, dagger.hilt.processor.internal.definecomponent.KspDefineComponentProcessor$Provider, dagger.hilt.processor.internal.root.KspRootProcessor$Provider, dagger.hilt.android.processor.internal.androidentrypoint.KspAndroidEntryPointProcessor$Provider, dagger.hilt.processor.internal.originatingelement.KspOriginatingElementProcessor$Provider, dagger.hilt.android.processor.internal.bindvalue.KspBindValueProcessor$Provider, dagger.hilt.processor.internal.aliasof.KspAliasOfProcessor$Provider, dagger.hilt.android.processor.internal.viewmodel.KspViewModelProcessor$Provider, dagger.hilt.processor.internal.earlyentrypoint.KspEarlyEntryPointProcessor$Provider, dagger.hilt.android.processor.internal.customtestapplication.KspCustomTestApplicationProcessor$Provider, dagger.hilt.processor.internal.root.KspComponentTreeDepsProcessor$Provider, dagger.hilt.processor.internal.aggregateddeps.KspAggregatedDepsProcessor$Provider, dagger.hilt.processor.internal.generatesrootinput.KspGeneratesRootInputProcessor$Provider, dagger.internal.codegen.KspComponentProcessor$Provider]

> Task :app:processReleaseResources
Build cache key for task ':app:processReleaseResources' is 8314b550259b63f0c3b142bf112705d6
Task ':app:processReleaseResources' is not up-to-date because:
  Output property 'RClassOutputJar' file D:\AndroidStudioProjects\SmartRecorderNotes\app\build\intermediates\compile_and_runtime_not_namespaced_r_class_jar\release\processReleaseResources\R.jar has been removed.
  Output property 'linkedResourcesOutputDir' file D:\AndroidStudioProjects\SmartRecorderNotes\app\build\intermediates\linked_resources_binary_format\release\processReleaseResources has been removed.
  Output property 'linkedResourcesOutputDir' file D:\AndroidStudioProjects\SmartRecorderNotes\app\build\intermediates\linked_resources_binary_format\release\processReleaseResources\linked-resources-binary-format-release.ap_ has been removed.
  and more...
The input changes require a full rebuild for incremental task ':app:processReleaseResources'.
AAPT2 aapt2-8.13.1-13719691-windows Daemon #0: starting
Aapt output file D:\AndroidStudioProjects\SmartRecorderNotes\app\build\intermediates\linked_resources_binary_format\release\processReleaseResources\linked-resources-binary-format-release.ap_
Stored cache entry for task ':app:processReleaseResources' with cache key 8314b550259b63f0c3b142bf112705d6
Resolve mutations for :app:kspReleaseKotlin (Thread[#860,Execution worker Thread 3,5,main]) started.
:app:kspReleaseKotlin (Thread[#860,Execution worker Thread 3,5,main]) started.

> Task :app:kspReleaseKotlin
Build cache key for StructureTransformAction: D:\AndroidStudioProjects\SmartRecorderNotes\app\build\intermediates\compile_and_runtime_not_namespaced_r_class_jar\release\processReleaseResources\R.jar is 6db6e84c0b49f3dc390cf3554b3ec5d4
Stored cache entry for StructureTransformAction: D:\AndroidStudioProjects\SmartRecorderNotes\app\build\intermediates\compile_and_runtime_not_namespaced_r_class_jar\release\processReleaseResources\R.jar with cache key 6db6e84c0b49f3dc390cf3554b3ec5d4
Build cache key for task ':app:kspReleaseKotlin' is ddb3f6b18d70525a78d56984fab3b4ba
Task ':app:kspReleaseKotlin' is not up-to-date because:
  Value of input property 'kspConfig.logLevel' has changed for task ':app:kspReleaseKotlin'
The input changes require a full rebuild for incremental task ':app:kspReleaseKotlin'.
file or directory 'D:\AndroidStudioProjects\SmartRecorderNotes\app\src\release\kotlin', not found
file or directory 'D:\AndroidStudioProjects\SmartRecorderNotes\app\src\release\java', not found
file or directory 'D:\AndroidStudioProjects\SmartRecorderNotes\app\src\main\kotlin', not found
file or directory 'D:\AndroidStudioProjects\SmartRecorderNotes\app\src\release\java', not found
file or directory 'D:\AndroidStudioProjects\SmartRecorderNotes\app\src\release\kotlin', not found
file or directory 'D:\AndroidStudioProjects\SmartRecorderNotes\app\src\release\java', not found
file or directory 'D:\AndroidStudioProjects\SmartRecorderNotes\app\src\main\kotlin', not found
i: [ksp] loaded provider(s): [AndroidXHiltKspProcessor$Provider, androidx.room.RoomKspProcessor$Provider, dagger.hilt.processor.internal.uninstallmodules.KspUninstallModulesProcessor$Provider, dagger.hilt.processor.internal.definecomponent.KspDefineComponentProcessor$Provider, dagger.hilt.processor.internal.root.KspRootProcessor$Provider, dagger.hilt.android.processor.internal.androidentrypoint.KspAndroidEntryPointProcessor$Provider, dagger.hilt.processor.internal.originatingelement.KspOriginatingElementProcessor$Provider, dagger.hilt.android.processor.internal.bindvalue.KspBindValueProcessor$Provider, dagger.hilt.processor.internal.aliasof.KspAliasOfProcessor$Provider, dagger.hilt.android.processor.internal.viewmodel.KspViewModelProcessor$Provider, dagger.hilt.processor.internal.earlyentrypoint.KspEarlyEntryPointProcessor$Provider, dagger.hilt.android.processor.internal.customtestapplication.KspCustomTestApplicationProcessor$Provider, dagger.hilt.processor.internal.root.KspComponentTreeDepsProcessor$Provider, dagger.hilt.processor.internal.aggregateddeps.KspAggregatedDepsProcessor$Provider, dagger.hilt.processor.internal.generatesrootinput.KspGeneratesRootInputProcessor$Provider, dagger.internal.codegen.KspComponentProcessor$Provider]

> Task :app:kspDebugKotlin
Stored cache entry for task ':app:kspDebugKotlin' with cache key 02092eb14896434732cc5bddb515d729
Resolve mutations for :app:compileDebugKotlin (Thread[#858,Execution worker,5,main]) started.
:app:compileDebugKotlin (Thread[#858,Execution worker,5,main]) started.

> Task :app:compileDebugKotlin UP-TO-DATE
Build cache key for task ':app:compileDebugKotlin' is 27e8ef9fda229334f7c4b6fd23395c85
Skipping task ':app:compileDebugKotlin' as it is up-to-date.
Resolve mutations for :app:compileDebugJavaWithJavac (Thread[#858,Execution worker,5,main]) started.
:app:compileDebugJavaWithJavac (Thread[#858,Execution worker,5,main]) started.

> Task :app:compileDebugJavaWithJavac UP-TO-DATE
Build cache key for task ':app:compileDebugJavaWithJavac' is b1345606e8ea4d4731d0d86029496169
Skipping task ':app:compileDebugJavaWithJavac' as it is up-to-date.
No compile result for :app:compileDebugJavaWithJavac
Resolve mutations for :app:hiltAggregateDepsDebug (Thread[#858,Execution worker,5,main]) started.
:app:hiltAggregateDepsDebug (Thread[#861,Execution worker Thread 4,5,main]) started.

> Task :app:hiltAggregateDepsDebug UP-TO-DATE
Build cache key for task ':app:hiltAggregateDepsDebug' is e9788d5ae2d8bac4026cf054bce81bbf
Skipping task ':app:hiltAggregateDepsDebug' as it is up-to-date.
Resolve mutations for :app:hiltJavaCompileDebug (Thread[#861,Execution worker Thread 4,5,main]) started.
:app:hiltJavaCompileDebug (Thread[#861,Execution worker Thread 4,5,main]) started.

> Task :app:hiltJavaCompileDebug UP-TO-DATE
Build cache key for task ':app:hiltJavaCompileDebug' is d85cd0cf87450427b610e28c3985b312
Skipping task ':app:hiltJavaCompileDebug' as it is up-to-date.
No compile result for :app:hiltJavaCompileDebug
Resolve mutations for :app:bundleDebugClassesToCompileJar (Thread[#861,Execution worker Thread 4,5,main]) started.
Resolve mutations for :app:processDebugJavaRes (Thread[#859,Execution worker Thread 2,5,main]) started.
Resolve mutations for :app:transformDebugClassesWithAsm (Thread[#858,Execution worker,5,main]) started.
:app:bundleDebugClassesToCompileJar (Thread[#861,Execution worker Thread 4,5,main]) started.
:app:transformDebugClassesWithAsm (Thread[#867,Execution worker Thread 10,5,main]) started.
:app:processDebugJavaRes (Thread[#859,Execution worker Thread 2,5,main]) started.

> Task :app:processDebugJavaRes UP-TO-DATE
file or directory 'D:\AndroidStudioProjects\SmartRecorderNotes\app\src\main\resources', not found
file or directory 'D:\AndroidStudioProjects\SmartRecorderNotes\app\src\debug\resources', not found
file or directory 'D:\AndroidStudioProjects\SmartRecorderNotes\app\src\main\resources', not found
file or directory 'D:\AndroidStudioProjects\SmartRecorderNotes\app\src\debug\resources', not found
Caching disabled for task ':app:processDebugJavaRes' because:
  Caching has been disabled for the task
Skipping task ':app:processDebugJavaRes' as it is up-to-date.
work action resolve out (project :app) (Thread[#859,Execution worker Thread 2,5,main]) started.

> Task :app:transformDebugClassesWithAsm UP-TO-DATE
Build cache key for task ':app:transformDebugClassesWithAsm' is 6ea410a6a0f27dd5fa70e5c7cd1ee7aa
Skipping task ':app:transformDebugClassesWithAsm' as it is up-to-date.
Resolve mutations for :app:bundleDebugClassesToRuntimeJar (Thread[#867,Execution worker Thread 10,5,main]) started.
:app:bundleDebugClassesToRuntimeJar (Thread[#867,Execution worker Thread 10,5,main]) started.

> Task :app:kspReleaseKotlin
Stored cache entry for task ':app:kspReleaseKotlin' with cache key ddb3f6b18d70525a78d56984fab3b4ba
Resolve mutations for :app:compileReleaseKotlin (Thread[#860,Execution worker Thread 3,5,main]) started.
:app:compileReleaseKotlin (Thread[#860,Execution worker Thread 3,5,main]) started.

> Task :app:bundleDebugClassesToCompileJar
Caching disabled for task ':app:bundleDebugClassesToCompileJar' because:
  Caching has been disabled for the task
Task ':app:bundleDebugClassesToCompileJar' is not up-to-date because:
  Output property 'outputJar' file D:\AndroidStudioProjects\SmartRecorderNotes\app\build\intermediates\compile_app_classes_jar\debug\bundleDebugClassesToCompileJar\classes.jar has been removed.

> Task :app:bundleDebugClassesToRuntimeJar
Caching disabled for task ':app:bundleDebugClassesToRuntimeJar' because:
  Caching has been disabled for the task
Task ':app:bundleDebugClassesToRuntimeJar' is not up-to-date because:
  Output property 'outputJar' file D:\AndroidStudioProjects\SmartRecorderNotes\app\build\intermediates\runtime_app_classes_jar\debug\bundleDebugClassesToRuntimeJar\classes.jar has been removed.
work action resolve classes.jar (project :app) (Thread[#861,Execution worker Thread 4,5,main]) started.
Resolve mutations for :app:kspDebugUnitTestKotlin (Thread[#861,Execution worker Thread 4,5,main]) started.
work action resolve classes.jar (project :app) (Thread[#867,Execution worker Thread 10,5,main]) started.
IdentityTransform (Thread[#868,Execution worker Thread 11,5,main]) started.
:app:kspDebugUnitTestKotlin (Thread[#861,Execution worker Thread 4,5,main]) started.

> Transform classes.jar (project :app) with IdentityTransform
Caching disabled for IdentityTransform: D:\AndroidStudioProjects\SmartRecorderNotes\app\build\intermediates\runtime_app_classes_jar\debug\bundleDebugClassesToRuntimeJar\classes.jar because:
  Caching not enabled.
CopyTransform (Thread[#868,Execution worker Thread 11,5,main]) started.

> Transform classes.jar (project :app) with CopyTransform
Caching disabled for CopyTransform: D:\AndroidStudioProjects\SmartRecorderNotes\app\build\intermediates\runtime_app_classes_jar\debug\bundleDebugClassesToRuntimeJar\classes.jar because:
  Caching not enabled.
AggregatedPackagesTransform (Thread[#868,Execution worker Thread 11,5,main]) started.

> Transform classes.jar (project :app) with AggregatedPackagesTransform
Build cache key for AggregatedPackagesTransform: D:\AndroidStudioProjects\SmartRecorderNotes\app\build\intermediates\runtime_app_classes_jar\debug\bundleDebugClassesToRuntimeJar\classes.jar is 1f2c86c18696b79210505843e4548136
Stored cache entry for AggregatedPackagesTransform: D:\AndroidStudioProjects\SmartRecorderNotes\app\build\intermediates\runtime_app_classes_jar\debug\bundleDebugClassesToRuntimeJar\classes.jar with cache key 1f2c86c18696b79210505843e4548136

> Task :app:compileReleaseKotlin
Build cache key for BuildToolsApiClasspathEntrySnapshotTransform: D:\AndroidStudioProjects\SmartRecorderNotes\app\build\intermediates\compile_and_runtime_not_namespaced_r_class_jar\release\processReleaseResources\R.jar is 4119b26d0d50f062052456a09edd13cb
Stored cache entry for BuildToolsApiClasspathEntrySnapshotTransform: D:\AndroidStudioProjects\SmartRecorderNotes\app\build\intermediates\compile_and_runtime_not_namespaced_r_class_jar\release\processReleaseResources\R.jar with cache key 4119b26d0d50f062052456a09edd13cb
Build cache key for task ':app:compileReleaseKotlin' is 9c0e748e51727ae866cb1b1a34508962
Task ':app:compileReleaseKotlin' is not up-to-date because:
  Output property 'classpathSnapshotProperties.classpathSnapshotDir' file D:\AndroidStudioProjects\SmartRecorderNotes\app\build\kotlin\compileReleaseKotlin\classpath-snapshot has been removed.
  Output property 'classpathSnapshotProperties.classpathSnapshotDir' file D:\AndroidStudioProjects\SmartRecorderNotes\app\build\kotlin\compileReleaseKotlin\classpath-snapshot\shrunk-classpath-snapshot.bin has been removed.
  Output property 'destinationDirectory' file D:\AndroidStudioProjects\SmartRecorderNotes\app\build\tmp\kotlin-classes\release has been removed.
  and more...
The input changes require a full rebuild for incremental task ':app:compileReleaseKotlin'.
file or directory 'D:\AndroidStudioProjects\SmartRecorderNotes\app\src\release\kotlin', not found
file or directory 'D:\AndroidStudioProjects\SmartRecorderNotes\app\src\release\java', not found
file or directory 'D:\AndroidStudioProjects\SmartRecorderNotes\app\src\release\kotlin', not found
file or directory 'D:\AndroidStudioProjects\SmartRecorderNotes\app\src\release\java', not found
file or directory 'D:\AndroidStudioProjects\SmartRecorderNotes\app\src\release\kotlin', not found
file or directory 'D:\AndroidStudioProjects\SmartRecorderNotes\app\src\release\java', not found
file or directory 'D:\AndroidStudioProjects\SmartRecorderNotes\app\src\main\kotlin', not found
file or directory 'D:\AndroidStudioProjects\SmartRecorderNotes\app\src\main\kotlin', not found
file or directory 'D:\AndroidStudioProjects\SmartRecorderNotes\app\src\main\kotlin', not found
file or directory 'D:\AndroidStudioProjects\SmartRecorderNotes\app\src\release\java', not found
file or directory 'D:\AndroidStudioProjects\SmartRecorderNotes\app\src\release\kotlin', not found
file or directory 'D:\AndroidStudioProjects\SmartRecorderNotes\app\src\release\java', not found
file or directory 'D:\AndroidStudioProjects\SmartRecorderNotes\app\src\release\kotlin', not found
file or directory 'D:\AndroidStudioProjects\SmartRecorderNotes\app\src\release\java', not found
file or directory 'D:\AndroidStudioProjects\SmartRecorderNotes\app\src\release\kotlin', not found
file or directory 'D:\AndroidStudioProjects\SmartRecorderNotes\app\src\release\java', not found
file or directory 'D:\AndroidStudioProjects\SmartRecorderNotes\app\src\release\kotlin', not found
file or directory 'D:\AndroidStudioProjects\SmartRecorderNotes\app\src\release\java', not found
file or directory 'D:\AndroidStudioProjects\SmartRecorderNotes\app\src\release\kotlin', not found
file or directory 'D:\AndroidStudioProjects\SmartRecorderNotes\app\src\release\java', not found
file or directory 'D:\AndroidStudioProjects\SmartRecorderNotes\app\src\release\kotlin', not found
file or directory 'D:\AndroidStudioProjects\SmartRecorderNotes\app\src\release\java', not found
file or directory 'D:\AndroidStudioProjects\SmartRecorderNotes\app\src\main\kotlin', not found
file or directory 'D:\AndroidStudioProjects\SmartRecorderNotes\app\src\main\kotlin', not found
file or directory 'D:\AndroidStudioProjects\SmartRecorderNotes\app\src\main\kotlin', not found
file or directory 'D:\AndroidStudioProjects\SmartRecorderNotes\app\src\release\java', not found
file or directory 'D:\AndroidStudioProjects\SmartRecorderNotes\app\src\release\kotlin', not found
file or directory 'D:\AndroidStudioProjects\SmartRecorderNotes\app\src\release\java', not found
file or directory 'D:\AndroidStudioProjects\SmartRecorderNotes\app\src\release\kotlin', not found
file or directory 'D:\AndroidStudioProjects\SmartRecorderNotes\app\src\release\java', not found
file or directory 'D:\AndroidStudioProjects\SmartRecorderNotes\app\src\release\kotlin', not found
file or directory 'D:\AndroidStudioProjects\SmartRecorderNotes\app\src\release\java', not found
file or directory 'D:\AndroidStudioProjects\SmartRecorderNotes\app\src\main\kotlin', not found
file or directory 'D:\AndroidStudioProjects\SmartRecorderNotes\app\src\main\kotlin', not found
file or directory 'D:\AndroidStudioProjects\SmartRecorderNotes\app\src\main\kotlin', not found
file or directory 'D:\AndroidStudioProjects\SmartRecorderNotes\app\src\release\java', not found
file or directory 'D:\AndroidStudioProjects\SmartRecorderNotes\app\src\release\kotlin', not found
file or directory 'D:\AndroidStudioProjects\SmartRecorderNotes\app\src\release\java', not found
file or directory 'D:\AndroidStudioProjects\SmartRecorderNotes\app\src\release\kotlin', not found
file or directory 'D:\AndroidStudioProjects\SmartRecorderNotes\app\src\release\java', not found
file or directory 'D:\AndroidStudioProjects\SmartRecorderNotes\app\src\release\kotlin', not found
file or directory 'D:\AndroidStudioProjects\SmartRecorderNotes\app\src\release\java', not found
file or directory 'D:\AndroidStudioProjects\SmartRecorderNotes\app\src\main\kotlin', not found
file or directory 'D:\AndroidStudioProjects\SmartRecorderNotes\app\src\main\kotlin', not found
file or directory 'D:\AndroidStudioProjects\SmartRecorderNotes\app\src\main\kotlin', not found
file or directory 'D:\AndroidStudioProjects\SmartRecorderNotes\app\src\release\java', not found
Kotlin source files: D:\AndroidStudioProjects\SmartRecorderNotes\app\build\generated\ksp\release\kotlin\com\yourname\smartrecorder\data\local\dao\BookmarkDao_Impl.kt, D:\AndroidStudioProjects\SmartRecorderNotes\app\build\generated\ksp\release\kotlin\com\yourname\smartrecorder\data\local\dao\FlashcardDao_Impl.kt, D:\AndroidStudioProjects\SmartRecorderNotes\app\build\generated\ksp\release\kotlin\com\yourname\smartrecorder\data\local\dao\NoteDao_Impl.kt, D:\AndroidStudioProjects\SmartRecorderNotes\app\build\generated\ksp\release\kotlin\com\yourname\smartrecorder\data\local\dao\RecordingDao_Impl.kt, D:\AndroidStudioProjects\SmartRecorderNotes\app\build\generated\ksp\release\kotlin\com\yourname\smartrecorder\data\local\dao\TranscriptDao_Impl.kt, D:\AndroidStudioProjects\SmartRecorderNotes\app\build\generated\ksp\release\kotlin\com\yourname\smartrecorder\data\local\db\SmartRecorderDatabase_Impl.kt, D:\AndroidStudioProjects\SmartRecorderNotes\app\src\main\java\com\yourname\smartrecorder\core\audio\AudioPlayer.kt, D:\AndroidStudioProjects\SmartRecorderNotes\app\src\main\java\com\yourname\smartrecorder\core\audio\AudioPlayerImpl.kt, D:\AndroidStudioProjects\SmartRecorderNotes\app\src\main\java\com\yourname\smartrecorder\core\audio\AudioRecorder.kt, D:\AndroidStudioProjects\SmartRecorderNotes\app\src\main\java\com\yourname\smartrecorder\core\audio\AudioRecorderImpl.kt, D:\AndroidStudioProjects\SmartRecorderNotes\app\src\main\java\com\yourname\smartrecorder\core\export\ExportFormatter.kt, D:\AndroidStudioProjects\SmartRecorderNotes\app\src\main\java\com\yourname\smartrecorder\core\export\TemplateFormatter.kt, D:\AndroidStudioProjects\SmartRecorderNotes\app\src\main\java\com\yourname\smartrecorder\core\logging\AppLogger.kt, D:\AndroidStudioProjects\SmartRecorderNotes\app\src\main\java\com\yourname\smartrecorder\core\notification\AppNotificationManager.kt, D:\AndroidStudioProjects\SmartRecorderNotes\app\src\main\java\com\yourname\smartrecorder\core\notification\NotificationChannelManager.kt, D:\AndroidStudioProjects\SmartRecorderNotes\app\src\main\java\com\yourname\smartrecorder\core\notification\NotificationContent.kt, D:\AndroidStudioProjects\SmartRecorderNotes\app\src\main\java\com\yourname\smartrecorder\core\notification\NotificationDeepLinkHandler.kt, D:\AndroidStudioProjects\SmartRecorderNotes\app\src\main\java\com\yourname\smartrecorder\core\notification\NotificationFrequencyCap.kt, D:\AndroidStudioProjects\SmartRecorderNotes\app\src\main\java\com\yourname\smartrecorder\core\notification\NotificationScheduler.kt, D:\AndroidStudioProjects\SmartRecorderNotes\app\src\main\java\com\yourname\smartrecorder\core\notification\worker\NotificationWorker.kt, D:\AndroidStudioProjects\SmartRecorderNotes\app\src\main\java\com\yourname\smartrecorder\core\permissions\NotificationPermissionManager.kt, D:\AndroidStudioProjects\SmartRecorderNotes\app\src\main\java\com\yourname\smartrecorder\core\permissions\PermissionHandler.kt, D:\AndroidStudioProjects\SmartRecorderNotes\app\src\main\java\com\yourname\smartrecorder\core\service\AutoSaveManager.kt, D:\AndroidStudioProjects\SmartRecorderNotes\app\src\main\java\com\yourname\smartrecorder\core\service\ForegroundServiceManager.kt, D:\AndroidStudioProjects\SmartRecorderNotes\app\src\main\java\com\yourname\smartrecorder\core\service\PlaybackForegroundService.kt, D:\AndroidStudioProjects\SmartRecorderNotes\app\src\main\java\com\yourname\smartrecorder\core\service\RareConditionHandler.kt, D:\AndroidStudioProjects\SmartRecorderNotes\app\src\main\java\com\yourname\smartrecorder\core\service\RecordingForegroundService.kt, D:\AndroidStudioProjects\SmartRecorderNotes\app\src\main\java\com\yourname\smartrecorder\core\service\RecordingStateManager.kt, D:\AndroidStudioProjects\SmartRecorderNotes\app\src\main\java\com\yourname\smartrecorder\core\speech\GoogleASRManager.kt, D:\AndroidStudioProjects\SmartRecorderNotes\app\src\main\java\com\yourname\smartrecorder\core\speech\NoiseFilter.kt, D:\AndroidStudioProjects\SmartRecorderNotes\app\src\main\java\com\yourname\smartrecorder\core\speech\RecognizedToken.kt, D:\AndroidStudioProjects\SmartRecorderNotes\app\src\main\java\com\yourname\smartrecorder\core\speech\SpeechRecognizer.kt, D:\AndroidStudioProjects\SmartRecorderNotes\app\src\main\java\com\yourname\smartrecorder\core\utils\TimeFormatter.kt, D:\AndroidStudioProjects\SmartRecorderNotes\app\src\main\java\com\yourname\smartrecorder\core\utils\VolumeChecker.kt, D:\AndroidStudioProjects\SmartRecorderNotes\app\src\main\java\com\yourname\smartrecorder\data\local\dao\BookmarkDao.kt, D:\AndroidStudioProjects\SmartRecorderNotes\app\src\main\java\com\yourname\smartrecorder\data\local\dao\FlashcardDao.kt, D:\AndroidStudioProjects\SmartRecorderNotes\app\src\main\java\com\yourname\smartrecorder\data\local\dao\NoteDao.kt, D:\AndroidStudioProjects\SmartRecorderNotes\app\src\main\java\com\yourname\smartrecorder\data\local\dao\RecordingDao.kt, D:\AndroidStudioProjects\SmartRecorderNotes\app\src\main\java\com\yourname\smartrecorder\data\local\dao\TranscriptDao.kt, D:\AndroidStudioProjects\SmartRecorderNotes\app\src\main\java\com\yourname\smartrecorder\data\local\db\SmartRecorderDatabase.kt, D:\AndroidStudioProjects\SmartRecorderNotes\app\src\main\java\com\yourname\smartrecorder\data\local\db\SmartRecorderDatabaseMigration.kt, D:\AndroidStudioProjects\SmartRecorderNotes\app\src\main\java\com\yourname\smartrecorder\data\local\entity\BookmarkEntity.kt, D:\AndroidStudioProjects\SmartRecorderNotes\app\src\main\java\com\yourname\smartrecorder\data\local\entity\FlashcardEntity.kt, D:\AndroidStudioProjects\SmartRecorderNotes\app\src\main\java\com\yourname\smartrecorder\data\local\entity\NoteEntity.kt, D:\AndroidStudioProjects\SmartRecorderNotes\app\src\main\java\com\yourname\smartrecorder\data\local\entity\RecordingEntity.kt, D:\AndroidStudioProjects\SmartRecorderNotes\app\src\main\java\com\yourname\smartrecorder\data\local\entity\RecordingTagCrossRef.kt, D:\AndroidStudioProjects\SmartRecorderNotes\app\src\main\java\com\yourname\smartrecorder\data\local\entity\TagEntity.kt, D:\AndroidStudioProjects\SmartRecorderNotes\app\src\main\java\com\yourname\smartrecorder\data\local\entity\TranscriptSegmentEntity.kt, D:\AndroidStudioProjects\SmartRecorderNotes\app\src\main\java\com\yourname\smartrecorder\data\local\entity\TranscriptSegmentFtsEntity.kt, D:\AndroidStudioProjects\SmartRecorderNotes\app\src\main\java\com\yourname\smartrecorder\data\preferences\PrefKeys.kt, D:\AndroidStudioProjects\SmartRecorderNotes\app\src\main\java\com\yourname\smartrecorder\data\preferences\SettingsStore.kt, D:\AndroidStudioProjects\SmartRecorderNotes\app\src\main\java\com\yourname\smartrecorder\data\repository\BookmarkRepositoryImpl.kt, D:\AndroidStudioProjects\SmartRecorderNotes\app\src\main\java\com\yourname\smartrecorder\data\repository\FlashcardRepositoryImpl.kt, D:\AndroidStudioProjects\SmartRecorderNotes\app\src\main\java\com\yourname\smartrecorder\data\repository\NoteRepositoryImpl.kt, D:\AndroidStudioProjects\SmartRecorderNotes\app\src\main\java\com\yourname\smartrecorder\data\repository\PlaybackSessionRepository.kt, D:\AndroidStudioProjects\SmartRecorderNotes\app\src\main\java\com\yourname\smartrecorder\data\repository\RecordingRepositoryImpl.kt, D:\AndroidStudioProjects\SmartRecorderNotes\app\src\main\java\com\yourname\smartrecorder\data\repository\RecordingSessionRepository.kt, D:\AndroidStudioProjects\SmartRecorderNotes\app\src\main\java\com\yourname\smartrecorder\data\repository\TranscriptRepositoryImpl.kt, D:\AndroidStudioProjects\SmartRecorderNotes\app\src\main\java\com\yourname\smartrecorder\data\stt\AudioConverter.kt, D:\AndroidStudioProjects\SmartRecorderNotes\app\src\main\java\com\yourname\smartrecorder\data\stt\WhisperAudioTranscriber.kt, D:\AndroidStudioProjects\SmartRecorderNotes\app\src\main\java\com\yourname\smartrecorder\data\stt\WhisperEngine.kt, D:\AndroidStudioProjects\SmartRecorderNotes\app\src\main\java\com\yourname\smartrecorder\data\stt\WhisperModelManager.kt, D:\AndroidStudioProjects\SmartRecorderNotes\app\src\main\java\com\yourname\smartrecorder\data\stt\WhisperModelProvider.kt, D:\AndroidStudioProjects\SmartRecorderNotes\app\src\main\java\com\yourname\smartrecorder\data\stt\WhisperPostProcessor.kt, D:\AndroidStudioProjects\SmartRecorderNotes\app\src\main\java\com\yourname\smartrecorder\di\AppModule.kt, D:\AndroidStudioProjects\SmartRecorderNotes\app\src\main\java\com\yourname\smartrecorder\domain\model\Bookmark.kt, D:\AndroidStudioProjects\SmartRecorderNotes\app\src\main\java\com\yourname\smartrecorder\domain\model\Flashcard.kt, D:\AndroidStudioProjects\SmartRecorderNotes\app\src\main\java\com\yourname\smartrecorder\domain\model\Note.kt, D:\AndroidStudioProjects\SmartRecorderNotes\app\src\main\java\com\yourname\smartrecorder\domain\model\Recording.kt, D:\AndroidStudioProjects\SmartRecorderNotes\app\src\main\java\com\yourname\smartrecorder\domain\model\TranscriptSegment.kt, D:\AndroidStudioProjects\SmartRecorderNotes\app\src\main\java\com\yourname\smartrecorder\domain\repository\BookmarkRepository.kt, D:\AndroidStudioProjects\SmartRecorderNotes\app\src\main\java\com\yourname\smartrecorder\domain\repository\FlashcardRepository.kt, D:\AndroidStudioProjects\SmartRecorderNotes\app\src\main\java\com\yourname\smartrecorder\domain\repository\NoteRepository.kt, D:\AndroidStudioProjects\SmartRecorderNotes\app\src\main\java\com\yourname\smartrecorder\domain\repository\RecordingRepository.kt, D:\AndroidStudioProjects\SmartRecorderNotes\app\src\main\java\com\yourname\smartrecorder\domain\repository\TranscriptRepository.kt, D:\AndroidStudioProjects\SmartRecorderNotes\app\src\main\java\com\yourname\smartrecorder\domain\state\PlaybackState.kt, D:\AndroidStudioProjects\SmartRecorderNotes\app\src\main\java\com\yourname\smartrecorder\domain\state\RecordingState.kt, D:\AndroidStudioProjects\SmartRecorderNotes\app\src\main\java\com\yourname\smartrecorder\domain\usecase\AddBookmarkUseCase.kt, D:\AndroidStudioProjects\SmartRecorderNotes\app\src\main\java\com\yourname\smartrecorder\domain\usecase\DeleteRecordingUseCase.kt, D:\AndroidStudioProjects\SmartRecorderNotes\app\src\main\java\com\yourname\smartrecorder\domain\usecase\ExportTranscriptUseCase.kt, D:\AndroidStudioProjects\SmartRecorderNotes\app\src\main\java\com\yourname\smartrecorder\domain\usecase\ExtractKeywordsUseCase.kt, D:\AndroidStudioProjects\SmartRecorderNotes\app\src\main\java\com\yourname\smartrecorder\domain\usecase\GenerateAutoTitleUseCase.kt, D:\AndroidStudioProjects\SmartRecorderNotes\app\src\main\java\com\yourname\smartrecorder\domain\usecase\GenerateFlashcardsUseCase.kt, D:\AndroidStudioProjects\SmartRecorderNotes\app\src\main\java\com\yourname\smartrecorder\domain\usecase\GenerateSummaryUseCase.kt, D:\AndroidStudioProjects\SmartRecorderNotes\app\src\main\java\com\yourname\smartrecorder\domain\usecase\GenerateTranscriptUseCase.kt, D:\AndroidStudioProjects\SmartRecorderNotes\app\src\main\java\com\yourname\smartrecorder\domain\usecase\GetBookmarksUseCase.kt, D:\AndroidStudioProjects\SmartRecorderNotes\app\src\main\java\com\yourname\smartrecorder\domain\usecase\GetFlashcardsUseCase.kt, D:\AndroidStudioProjects\SmartRecorderNotes\app\src\main\java\com\yourname\smartrecorder\domain\usecase\GetRecordingDetailUseCase.kt, D:\AndroidStudioProjects\SmartRecorderNotes\app\src\main\java\com\yourname\smartrecorder\domain\usecase\GetRecordingListUseCase.kt, D:\AndroidStudioProjects\SmartRecorderNotes\app\src\main\java\com\yourname\smartrecorder\domain\usecase\GetRecordingsDirectoryUseCase.kt, D:\AndroidStudioProjects\SmartRecorderNotes\app\src\main\java\com\yourname\smartrecorder\domain\usecase\GetTranscriptUseCase.kt, D:\AndroidStudioProjects\SmartRecorderNotes\app\src\main\java\com\yourname\smartrecorder\domain\usecase\ImportAudioFileUseCase.kt, D:\AndroidStudioProjects\SmartRecorderNotes\app\src\main\java\com\yourname\smartrecorder\domain\usecase\NumberBasedSegmentationHelper.kt, D:\AndroidStudioProjects\SmartRecorderNotes\app\src\main\java\com\yourname\smartrecorder\domain\usecase\PauseRecordingUseCase.kt, D:\AndroidStudioProjects\SmartRecorderNotes\app\src\main\java\com\yourname\smartrecorder\domain\usecase\ProcessTranscriptUseCase.kt, D:\AndroidStudioProjects\SmartRecorderNotes\app\src\main\java\com\yourname\smartrecorder\domain\usecase\RealtimeTranscriptUseCase.kt, D:\AndroidStudioProjects\SmartRecorderNotes\app\src\main\java\com\yourname\smartrecorder\domain\usecase\SearchTranscriptsUseCase.kt, D:\AndroidStudioProjects\SmartRecorderNotes\app\src\main\java\com\yourname\smartrecorder\domain\usecase\SpeakerSegmentationHelper.kt, D:\AndroidStudioProjects\SmartRecorderNotes\app\src\main\java\com\yourname\smartrecorder\domain\usecase\StartRecordingUseCase.kt, D:\AndroidStudioProjects\SmartRecorderNotes\app\src\main\java\com\yourname\smartrecorder\domain\usecase\StopRecordingAndSaveUseCase.kt, D:\AndroidStudioProjects\SmartRecorderNotes\app\src\main\java\com\yourname\smartrecorder\domain\usecase\UpdateFlashcardDifficultyUseCase.kt, D:\AndroidStudioProjects\SmartRecorderNotes\app\src\main\java\com\yourname\smartrecorder\domain\usecase\UpdateRecordingTitleUseCase.kt, D:\AndroidStudioProjects\SmartRecorderNotes\app\src\main\java\com\yourname\smartrecorder\domain\usecase\UpdateTranscriptSegmentUseCase.kt, D:\AndroidStudioProjects\SmartRecorderNotes\app\src\main\java\com\yourname\smartrecorder\MainActivity.kt, D:\AndroidStudioProjects\SmartRecorderNotes\app\src\main\java\com\yourname\smartrecorder\SmartRecorderApplication.kt, D:\AndroidStudioProjects\SmartRecorderNotes\app\src\main\java\com\yourname\smartrecorder\ui\components\AddBookmarkDialog.kt, D:\AndroidStudioProjects\SmartRecorderNotes\app\src\main\java\com\yourname\smartrecorder\ui\components\DeleteConfirmDialog.kt, D:\AndroidStudioProjects\SmartRecorderNotes\app\src\main\java\com\yourname\smartrecorder\ui\components\ErrorHandler.kt, D:\AndroidStudioProjects\SmartRecorderNotes\app\src\main\java\com\yourname\smartrecorder\ui\components\ExportBottomSheet.kt, D:\AndroidStudioProjects\SmartRecorderNotes\app\src\main\java\com\yourname\smartrecorder\ui\components\PermissionRequestDialog.kt, D:\AndroidStudioProjects\SmartRecorderNotes\app\src\main\java\com\yourname\smartrecorder\ui\components\RecordingCard.kt, D:\AndroidStudioProjects\SmartRecorderNotes\app\src\main\java\com\yourname\smartrecorder\ui\components\WaveformVisualizer.kt, D:\AndroidStudioProjects\SmartRecorderNotes\app\src\main\java\com\yourname\smartrecorder\ui\importaudio\ImportAudioViewModel.kt, D:\AndroidStudioProjects\SmartRecorderNotes\app\src\main\java\com\yourname\smartrecorder\ui\library\LibraryViewModel.kt, D:\AndroidStudioProjects\SmartRecorderNotes\app\src\main\java\com\yourname\smartrecorder\ui\navigation\AppRoutes.kt, D:\AndroidStudioProjects\SmartRecorderNotes\app\src\main\java\com\yourname\smartrecorder\ui\onboarding\OnboardingScreen.kt, D:\AndroidStudioProjects\SmartRecorderNotes\app\src\main\java\com\yourname\smartrecorder\ui\onboarding\OnboardingViewModel.kt, D:\AndroidStudioProjects\SmartRecorderNotes\app\src\main\java\com\yourname\smartrecorder\ui\player\RecordingPlayerBar.kt, D:\AndroidStudioProjects\SmartRecorderNotes\app\src\main\java\com\yourname\smartrecorder\ui\player\TranscriptPlayerBar.kt, D:\AndroidStudioProjects\SmartRecorderNotes\app\src\main\java\com\yourname\smartrecorder\ui\realtime\RealtimeTranscriptViewModel.kt, D:\AndroidStudioProjects\SmartRecorderNotes\app\src\main\java\com\yourname\smartrecorder\ui\record\RecordViewModel.kt, D:\AndroidStudioProjects\SmartRecorderNotes\app\src\main\java\com\yourname\smartrecorder\ui\screens\LibraryScreen.kt, D:\AndroidStudioProjects\SmartRecorderNotes\app\src\main\java\com\yourname\smartrecorder\ui\screens\RealtimeTranscriptScreen.kt, D:\AndroidStudioProjects\SmartRecorderNotes\app\src\main\java\com\yourname\smartrecorder\ui\screens\RecordScreen.kt, D:\AndroidStudioProjects\SmartRecorderNotes\app\src\main\java\com\yourname\smartrecorder\ui\screens\StudyScreen.kt, D:\AndroidStudioProjects\SmartRecorderNotes\app\src\main\java\com\yourname\smartrecorder\ui\screens\TranscriptScreen.kt, D:\AndroidStudioProjects\SmartRecorderNotes\app\src\main\java\com\yourname\smartrecorder\ui\settings\SettingsScreen.kt, D:\AndroidStudioProjects\SmartRecorderNotes\app\src\main\java\com\yourname\smartrecorder\ui\settings\SettingsTopBar.kt, D:\AndroidStudioProjects\SmartRecorderNotes\app\src\main\java\com\yourname\smartrecorder\ui\settings\SettingsViewModel.kt, D:\AndroidStudioProjects\SmartRecorderNotes\app\src\main\java\com\yourname\smartrecorder\ui\SmartRecorderApp.kt, D:\AndroidStudioProjects\SmartRecorderNotes\app\src\main\java\com\yourname\smartrecorder\ui\study\StudyViewModel.kt, D:\AndroidStudioProjects\SmartRecorderNotes\app\src\main\java\com\yourname\smartrecorder\ui\theme\Color.kt, D:\AndroidStudioProjects\SmartRecorderNotes\app\src\main\java\com\yourname\smartrecorder\ui\theme\Theme.kt, D:\AndroidStudioProjects\SmartRecorderNotes\app\src\main\java\com\yourname\smartrecorder\ui\theme\Type.kt, D:\AndroidStudioProjects\SmartRecorderNotes\app\src\main\java\com\yourname\smartrecorder\ui\transcript\TranscriptViewModel.kt, D:\AndroidStudioProjects\SmartRecorderNotes\app\src\main\java\com\yourname\smartrecorder\ui\widgets\AppBottomBar.kt, D:\AndroidStudioProjects\SmartRecorderNotes\app\src\main\java\com\yourname\smartrecorder\ui\widgets\RecordFab.kt
Java source files: D:\AndroidStudioProjects\SmartRecorderNotes\app\build\generated\ksp\release\java\com\yourname\smartrecorder\core\audio\AudioPlayerImpl_Factory.java, D:\AndroidStudioProjects\SmartRecorderNotes\app\build\generated\ksp\release\java\com\yourname\smartrecorder\core\audio\AudioRecorderImpl_Factory.java, D:\AndroidStudioProjects\SmartRecorderNotes\app\build\generated\ksp\release\java\com\yourname\smartrecorder\core\notification\AppNotificationManager_Factory.java, D:\AndroidStudioProjects\SmartRecorderNotes\app\build\generated\ksp\release\java\com\yourname\smartrecorder\core\notification\NotificationChannelManager_Factory.java, D:\AndroidStudioProjects\SmartRecorderNotes\app\build\generated\ksp\release\java\com\yourname\smartrecorder\core\notification\NotificationDeepLinkHandler_Factory.java, D:\AndroidStudioProjects\SmartRecorderNotes\app\build\generated\ksp\release\java\com\yourname\smartrecorder\core\notification\NotificationFrequencyCap_Factory.java, D:\AndroidStudioProjects\SmartRecorderNotes\app\build\generated\ksp\release\java\com\yourname\smartrecorder\core\notification\NotificationScheduler_Factory.java, D:\AndroidStudioProjects\SmartRecorderNotes\app\build\generated\ksp\release\java\com\yourname\smartrecorder\core\notification\worker\NotificationWorker_AssistedFactory.java, D:\AndroidStudioProjects\SmartRecorderNotes\app\build\generated\ksp\release\java\com\yourname\smartrecorder\core\notification\worker\NotificationWorker_AssistedFactory_Impl.java, D:\AndroidStudioProjects\SmartRecorderNotes\app\build\generated\ksp\release\java\com\yourname\smartrecorder\core\notification\worker\NotificationWorker_Factory.java, D:\AndroidStudioProjects\SmartRecorderNotes\app\build\generated\ksp\release\java\com\yourname\smartrecorder\core\notification\worker\NotificationWorker_HiltModule.java, D:\AndroidStudioProjects\SmartRecorderNotes\app\build\generated\ksp\release\java\com\yourname\smartrecorder\core\permissions\NotificationPermissionManager_Factory.java, D:\AndroidStudioProjects\SmartRecorderNotes\app\build\generated\ksp\release\java\com\yourname\smartrecorder\core\service\AutoSaveManager_Factory.java, D:\AndroidStudioProjects\SmartRecorderNotes\app\build\generated\ksp\release\java\com\yourname\smartrecorder\core\service\ForegroundServiceManager_Factory.java, D:\AndroidStudioProjects\SmartRecorderNotes\app\build\generated\ksp\release\java\com\yourname\smartrecorder\core\service\Hilt_PlaybackForegroundService.java, D:\AndroidStudioProjects\SmartRecorderNotes\app\build\generated\ksp\release\java\com\yourname\smartrecorder\core\service\Hilt_RecordingForegroundService.java, D:\AndroidStudioProjects\SmartRecorderNotes\app\build\generated\ksp\release\java\com\yourname\smartrecorder\core\service\PlaybackForegroundService_GeneratedInjector.java, D:\AndroidStudioProjects\SmartRecorderNotes\app\build\generated\ksp\release\java\com\yourname\smartrecorder\core\service\PlaybackForegroundService_MembersInjector.java, D:\AndroidStudioProjects\SmartRecorderNotes\app\build\generated\ksp\release\java\com\yourname\smartrecorder\core\service\RareConditionHandler_Factory.java, D:\AndroidStudioProjects\SmartRecorderNotes\app\build\generated\ksp\release\java\com\yourname\smartrecorder\core\service\RecordingForegroundService_GeneratedInjector.java, D:\AndroidStudioProjects\SmartRecorderNotes\app\build\generated\ksp\release\java\com\yourname\smartrecorder\core\service\RecordingForegroundService_MembersInjector.java, D:\AndroidStudioProjects\SmartRecorderNotes\app\build\generated\ksp\release\java\com\yourname\smartrecorder\core\service\RecordingStateManager_Factory.java, D:\AndroidStudioProjects\SmartRecorderNotes\app\build\generated\ksp\release\java\com\yourname\smartrecorder\core\speech\GoogleASRManager_Factory.java, D:\AndroidStudioProjects\SmartRecorderNotes\app\build\generated\ksp\release\java\com\yourname\smartrecorder\data\preferences\SettingsStore_Factory.java, D:\AndroidStudioProjects\SmartRecorderNotes\app\build\generated\ksp\release\java\com\yourname\smartrecorder\data\repository\BookmarkRepositoryImpl_Factory.java, D:\AndroidStudioProjects\SmartRecorderNotes\app\build\generated\ksp\release\java\com\yourname\smartrecorder\data\repository\FlashcardRepositoryImpl_Factory.java, D:\AndroidStudioProjects\SmartRecorderNotes\app\build\generated\ksp\release\java\com\yourname\smartrecorder\data\repository\NoteRepositoryImpl_Factory.java, D:\AndroidStudioProjects\SmartRecorderNotes\app\build\generated\ksp\release\java\com\yourname\smartrecorder\data\repository\PlaybackSessionRepository_Factory.java, D:\AndroidStudioProjects\SmartRecorderNotes\app\build\generated\ksp\release\java\com\yourname\smartrecorder\data\repository\RecordingRepositoryImpl_Factory.java, D:\AndroidStudioProjects\SmartRecorderNotes\app\build\generated\ksp\release\java\com\yourname\smartrecorder\data\repository\RecordingSessionRepository_Factory.java, D:\AndroidStudioProjects\SmartRecorderNotes\app\build\generated\ksp\release\java\com\yourname\smartrecorder\data\repository\TranscriptRepositoryImpl_Factory.java, D:\AndroidStudioProjects\SmartRecorderNotes\app\build\generated\ksp\release\java\com\yourname\smartrecorder\data\stt\AudioConverter_Factory.java, D:\AndroidStudioProjects\SmartRecorderNotes\app\build\generated\ksp\release\java\com\yourname\smartrecorder\data\stt\WhisperAudioTranscriber_Factory.java, D:\AndroidStudioProjects\SmartRecorderNotes\app\build\generated\ksp\release\java\com\yourname\smartrecorder\data\stt\WhisperEngine_Factory.java, D:\AndroidStudioProjects\SmartRecorderNotes\app\build\generated\ksp\release\java\com\yourname\smartrecorder\data\stt\WhisperModelManager_Factory.java, D:\AndroidStudioProjects\SmartRecorderNotes\app\build\generated\ksp\release\java\com\yourname\smartrecorder\data\stt\WhisperModelProvider_Factory.java, D:\AndroidStudioProjects\SmartRecorderNotes\app\build\generated\ksp\release\java\com\yourname\smartrecorder\di\AppModule_ProvideAudioConverterFactory.java, D:\AndroidStudioProjects\SmartRecorderNotes\app\build\generated\ksp\release\java\com\yourname\smartrecorder\di\AppModule_ProvideAudioPlayerFactory.java, D:\AndroidStudioProjects\SmartRecorderNotes\app\build\generated\ksp\release\java\com\yourname\smartrecorder\di\AppModule_ProvideAudioRecorderFactory.java, D:\AndroidStudioProjects\SmartRecorderNotes\app\build\generated\ksp\release\java\com\yourname\smartrecorder\di\AppModule_ProvideBookmarkDaoFactory.java, D:\AndroidStudioProjects\SmartRecorderNotes\app\build\generated\ksp\release\java\com\yourname\smartrecorder\di\AppModule_ProvideBookmarkRepositoryFactory.java, D:\AndroidStudioProjects\SmartRecorderNotes\app\build\generated\ksp\release\java\com\yourname\smartrecorder\di\AppModule_ProvideDatabaseFactory.java, D:\AndroidStudioProjects\SmartRecorderNotes\app\build\generated\ksp\release\java\com\yourname\smartrecorder\di\AppModule_ProvideFlashcardDaoFactory.java, D:\AndroidStudioProjects\SmartRecorderNotes\app\build\generated\ksp\release\java\com\yourname\smartrecorder\di\AppModule_ProvideFlashcardRepositoryFactory.java, D:\AndroidStudioProjects\SmartRecorderNotes\app\build\generated\ksp\release\java\com\yourname\smartrecorder\di\AppModule_ProvideNoteDaoFactory.java, D:\AndroidStudioProjects\SmartRecorderNotes\app\build\generated\ksp\release\java\com\yourname\smartrecorder\di\AppModule_ProvideNoteRepositoryFactory.java, D:\AndroidStudioProjects\SmartRecorderNotes\app\build\generated\ksp\release\java\com\yourname\smartrecorder\di\AppModule_ProvideRecordingDaoFactory.java, D:\AndroidStudioProjects\SmartRecorderNotes\app\build\generated\ksp\release\java\com\yourname\smartrecorder\di\AppModule_ProvideRecordingRepositoryFactory.java, D:\AndroidStudioProjects\SmartRecorderNotes\app\build\generated\ksp\release\java\com\yourname\smartrecorder\di\AppModule_ProvideTranscriptDaoFactory.java, D:\AndroidStudioProjects\SmartRecorderNotes\app\build\generated\ksp\release\java\com\yourname\smartrecorder\di\AppModule_ProvideTranscriptRepositoryFactory.java, D:\AndroidStudioProjects\SmartRecorderNotes\app\build\generated\ksp\release\java\com\yourname\smartrecorder\di\AppModule_ProvideWhisperAudioTranscriberFactory.java, D:\AndroidStudioProjects\SmartRecorderNotes\app\build\generated\ksp\release\java\com\yourname\smartrecorder\di\AppModule_ProvideWhisperEngineFactory.java, D:\AndroidStudioProjects\SmartRecorderNotes\app\build\generated\ksp\release\java\com\yourname\smartrecorder\di\AppModule_ProvideWhisperModelManagerFactory.java, D:\AndroidStudioProjects\SmartRecorderNotes\app\build\generated\ksp\release\java\com\yourname\smartrecorder\di\AppModule_ProvideWhisperModelProviderFactory.java, D:\AndroidStudioProjects\SmartRecorderNotes\app\build\generated\ksp\release\java\com\yourname\smartrecorder\di\AppModule_ProvideWorkManagerFactory.java, D:\AndroidStudioProjects\SmartRecorderNotes\app\build\generated\ksp\release\java\com\yourname\smartrecorder\domain\usecase\AddBookmarkUseCase_Factory.java, D:\AndroidStudioProjects\SmartRecorderNotes\app\build\generated\ksp\release\java\com\yourname\smartrecorder\domain\usecase\DeleteRecordingUseCase_Factory.java, D:\AndroidStudioProjects\SmartRecorderNotes\app\build\generated\ksp\release\java\com\yourname\smartrecorder\domain\usecase\ExportTranscriptUseCase_Factory.java, D:\AndroidStudioProjects\SmartRecorderNotes\app\build\generated\ksp\release\java\com\yourname\smartrecorder\domain\usecase\ExtractKeywordsUseCase_Factory.java, D:\AndroidStudioProjects\SmartRecorderNotes\app\build\generated\ksp\release\java\com\yourname\smartrecorder\domain\usecase\GenerateAutoTitleUseCase_Factory.java, D:\AndroidStudioProjects\SmartRecorderNotes\app\build\generated\ksp\release\java\com\yourname\smartrecorder\domain\usecase\GenerateFlashcardsUseCase_Factory.java, D:\AndroidStudioProjects\SmartRecorderNotes\app\build\generated\ksp\release\java\com\yourname\smartrecorder\domain\usecase\GenerateSummaryUseCase_Factory.java, D:\AndroidStudioProjects\SmartRecorderNotes\app\build\generated\ksp\release\java\com\yourname\smartrecorder\domain\usecase\GenerateTranscriptUseCase_Factory.java, D:\AndroidStudioProjects\SmartRecorderNotes\app\build\generated\ksp\release\java\com\yourname\smartrecorder\domain\usecase\GetBookmarksUseCase_Factory.java, D:\AndroidStudioProjects\SmartRecorderNotes\app\build\generated\ksp\release\java\com\yourname\smartrecorder\domain\usecase\GetFlashcardsUseCase_Factory.java, D:\AndroidStudioProjects\SmartRecorderNotes\app\build\generated\ksp\release\java\com\yourname\smartrecorder\domain\usecase\GetRecordingDetailUseCase_Factory.java, D:\AndroidStudioProjects\SmartRecorderNotes\app\build\generated\ksp\release\java\com\yourname\smartrecorder\domain\usecase\GetRecordingListUseCase_Factory.java, D:\AndroidStudioProjects\SmartRecorderNotes\app\build\generated\ksp\release\java\com\yourname\smartrecorder\domain\usecase\GetRecordingsDirectoryUseCase_Factory.java, D:\AndroidStudioProjects\SmartRecorderNotes\app\build\generated\ksp\release\java\com\yourname\smartrecorder\domain\usecase\GetTranscriptUseCase_Factory.java, D:\AndroidStudioProjects\SmartRecorderNotes\app\build\generated\ksp\release\java\com\yourname\smartrecorder\domain\usecase\ImportAudioFileUseCase_Factory.java, D:\AndroidStudioProjects\SmartRecorderNotes\app\build\generated\ksp\release\java\com\yourname\smartrecorder\domain\usecase\PauseRecordingUseCase_Factory.java, D:\AndroidStudioProjects\SmartRecorderNotes\app\build\generated\ksp\release\java\com\yourname\smartrecorder\domain\usecase\ProcessTranscriptUseCase_Factory.java, D:\AndroidStudioProjects\SmartRecorderNotes\app\build\generated\ksp\release\java\com\yourname\smartrecorder\domain\usecase\RealtimeTranscriptUseCase_Factory.java, D:\AndroidStudioProjects\SmartRecorderNotes\app\build\generated\ksp\release\java\com\yourname\smartrecorder\domain\usecase\ResumeRecordingUseCase_Factory.java, D:\AndroidStudioProjects\SmartRecorderNotes\app\build\generated\ksp\release\java\com\yourname\smartrecorder\domain\usecase\SearchTranscriptsUseCase_Factory.java, D:\AndroidStudioProjects\SmartRecorderNotes\app\build\generated\ksp\release\java\com\yourname\smartrecorder\domain\usecase\StartRecordingUseCase_Factory.java, D:\AndroidStudioProjects\SmartRecorderNotes\app\build\generated\ksp\release\java\com\yourname\smartrecorder\domain\usecase\StopRecordingAndSaveUseCase_Factory.java, D:\AndroidStudioProjects\SmartRecorderNotes\app\build\generated\ksp\release\java\com\yourname\smartrecorder\domain\usecase\UpdateFlashcardDifficultyUseCase_Factory.java, D:\AndroidStudioProjects\SmartRecorderNotes\app\build\generated\ksp\release\java\com\yourname\smartrecorder\domain\usecase\UpdateRecordingTitleUseCase_Factory.java, D:\AndroidStudioProjects\SmartRecorderNotes\app\build\generated\ksp\release\java\com\yourname\smartrecorder\domain\usecase\UpdateTranscriptSegmentUseCase_Factory.java, D:\AndroidStudioProjects\SmartRecorderNotes\app\build\generated\ksp\release\java\com\yourname\smartrecorder\Hilt_MainActivity.java, D:\AndroidStudioProjects\SmartRecorderNotes\app\build\generated\ksp\release\java\com\yourname\smartrecorder\MainActivity_GeneratedInjector.java, D:\AndroidStudioProjects\SmartRecorderNotes\app\build\generated\ksp\release\java\com\yourname\smartrecorder\SmartRecorderApplication_GeneratedInjector.java, D:\AndroidStudioProjects\SmartRecorderNotes\app\build\generated\ksp\release\java\com\yourname\smartrecorder\SmartRecorderApplication_MembersInjector.java, D:\AndroidStudioProjects\SmartRecorderNotes\app\build\generated\ksp\release\java\com\yourname\smartrecorder\ui\importaudio\ImportAudioViewModel_Factory.java, D:\AndroidStudioProjects\SmartRecorderNotes\app\build\generated\ksp\release\java\com\yourname\smartrecorder\ui\importaudio\ImportAudioViewModel_HiltModules.java, D:\AndroidStudioProjects\SmartRecorderNotes\app\build\generated\ksp\release\java\com\yourname\smartrecorder\ui\importaudio\ImportAudioViewModel_HiltModules_BindsModule_Binds_LazyMapKey.java, D:\AndroidStudioProjects\SmartRecorderNotes\app\build\generated\ksp\release\java\com\yourname\smartrecorder\ui\importaudio\ImportAudioViewModel_HiltModules_KeyModule_ProvideFactory.java, D:\AndroidStudioProjects\SmartRecorderNotes\app\build\generated\ksp\release\java\com\yourname\smartrecorder\ui\importaudio\ImportAudioViewModel_HiltModules_KeyModule_Provide_LazyMapKey.java, D:\AndroidStudioProjects\SmartRecorderNotes\app\build\generated\ksp\release\java\com\yourname\smartrecorder\ui\library\LibraryViewModel_Factory.java, D:\AndroidStudioProjects\SmartRecorderNotes\app\build\generated\ksp\release\java\com\yourname\smartrecorder\ui\library\LibraryViewModel_HiltModules.java, D:\AndroidStudioProjects\SmartRecorderNotes\app\build\generated\ksp\release\java\com\yourname\smartrecorder\ui\library\LibraryViewModel_HiltModules_BindsModule_Binds_LazyMapKey.java, D:\AndroidStudioProjects\SmartRecorderNotes\app\build\generated\ksp\release\java\com\yourname\smartrecorder\ui\library\LibraryViewModel_HiltModules_KeyModule_ProvideFactory.java, D:\AndroidStudioProjects\SmartRecorderNotes\app\build\generated\ksp\release\java\com\yourname\smartrecorder\ui\library\LibraryViewModel_HiltModules_KeyModule_Provide_LazyMapKey.java, D:\AndroidStudioProjects\SmartRecorderNotes\app\build\generated\ksp\release\java\com\yourname\smartrecorder\ui\onboarding\OnboardingViewModel_Factory.java, D:\AndroidStudioProjects\SmartRecorderNotes\app\build\generated\ksp\release\java\com\yourname\smartrecorder\ui\onboarding\OnboardingViewModel_HiltModules.java, D:\AndroidStudioProjects\SmartRecorderNotes\app\build\generated\ksp\release\java\com\yourname\smartrecorder\ui\onboarding\OnboardingViewModel_HiltModules_BindsModule_Binds_LazyMapKey.java, D:\AndroidStudioProjects\SmartRecorderNotes\app\build\generated\ksp\release\java\com\yourname\smartrecorder\ui\onboarding\OnboardingViewModel_HiltModules_KeyModule_ProvideFactory.java, D:\AndroidStudioProjects\SmartRecorderNotes\app\build\generated\ksp\release\java\com\yourname\smartrecorder\ui\onboarding\OnboardingViewModel_HiltModules_KeyModule_Provide_LazyMapKey.java, D:\AndroidStudioProjects\SmartRecorderNotes\app\build\generated\ksp\release\java\com\yourname\smartrecorder\ui\realtime\RealtimeTranscriptViewModel_Factory.java, D:\AndroidStudioProjects\SmartRecorderNotes\app\build\generated\ksp\release\java\com\yourname\smartrecorder\ui\realtime\RealtimeTranscriptViewModel_HiltModules.java, D:\AndroidStudioProjects\SmartRecorderNotes\app\build\generated\ksp\release\java\com\yourname\smartrecorder\ui\realtime\RealtimeTranscriptViewModel_HiltModules_BindsModule_Binds_LazyMapKey.java, D:\AndroidStudioProjects\SmartRecorderNotes\app\build\generated\ksp\release\java\com\yourname\smartrecorder\ui\realtime\RealtimeTranscriptViewModel_HiltModules_KeyModule_ProvideFactory.java, D:\AndroidStudioProjects\SmartRecorderNotes\app\build\generated\ksp\release\java\com\yourname\smartrecorder\ui\realtime\RealtimeTranscriptViewModel_HiltModules_KeyModule_Provide_LazyMapKey.java, D:\AndroidStudioProjects\SmartRecorderNotes\app\build\generated\ksp\release\java\com\yourname\smartrecorder\ui\record\RecordViewModel_Factory.java, D:\AndroidStudioProjects\SmartRecorderNotes\app\build\generated\ksp\release\java\com\yourname\smartrecorder\ui\record\RecordViewModel_HiltModules.java, D:\AndroidStudioProjects\SmartRecorderNotes\app\build\generated\ksp\release\java\com\yourname\smartrecorder\ui\record\RecordViewModel_HiltModules_BindsModule_Binds_LazyMapKey.java, D:\AndroidStudioProjects\SmartRecorderNotes\app\build\generated\ksp\release\java\com\yourname\smartrecorder\ui\record\RecordViewModel_HiltModules_KeyModule_ProvideFactory.java, D:\AndroidStudioProjects\SmartRecorderNotes\app\build\generated\ksp\release\java\com\yourname\smartrecorder\ui\record\RecordViewModel_HiltModules_KeyModule_Provide_LazyMapKey.java, D:\AndroidStudioProjects\SmartRecorderNotes\app\build\generated\ksp\release\java\com\yourname\smartrecorder\ui\settings\SettingsViewModel_Factory.java, D:\AndroidStudioProjects\SmartRecorderNotes\app\build\generated\ksp\release\java\com\yourname\smartrecorder\ui\settings\SettingsViewModel_HiltModules.java, D:\AndroidStudioProjects\SmartRecorderNotes\app\build\generated\ksp\release\java\com\yourname\smartrecorder\ui\settings\SettingsViewModel_HiltModules_BindsModule_Binds_LazyMapKey.java, D:\AndroidStudioProjects\SmartRecorderNotes\app\build\generated\ksp\release\java\com\yourname\smartrecorder\ui\settings\SettingsViewModel_HiltModules_KeyModule_ProvideFactory.java, D:\AndroidStudioProjects\SmartRecorderNotes\app\build\generated\ksp\release\java\com\yourname\smartrecorder\ui\settings\SettingsViewModel_HiltModules_KeyModule_Provide_LazyMapKey.java, D:\AndroidStudioProjects\SmartRecorderNotes\app\build\generated\ksp\release\java\com\yourname\smartrecorder\ui\study\StudyViewModel_Factory.java, D:\AndroidStudioProjects\SmartRecorderNotes\app\build\generated\ksp\release\java\com\yourname\smartrecorder\ui\study\StudyViewModel_HiltModules.java, D:\AndroidStudioProjects\SmartRecorderNotes\app\build\generated\ksp\release\java\com\yourname\smartrecorder\ui\study\StudyViewModel_HiltModules_BindsModule_Binds_LazyMapKey.java, D:\AndroidStudioProjects\SmartRecorderNotes\app\build\generated\ksp\release\java\com\yourname\smartrecorder\ui\study\StudyViewModel_HiltModules_KeyModule_ProvideFactory.java, D:\AndroidStudioProjects\SmartRecorderNotes\app\build\generated\ksp\release\java\com\yourname\smartrecorder\ui\study\StudyViewModel_HiltModules_KeyModule_Provide_LazyMapKey.java, D:\AndroidStudioProjects\SmartRecorderNotes\app\build\generated\ksp\release\java\com\yourname\smartrecorder\ui\transcript\TranscriptViewModel_Factory.java, D:\AndroidStudioProjects\SmartRecorderNotes\app\build\generated\ksp\release\java\com\yourname\smartrecorder\ui\transcript\TranscriptViewModel_HiltModules.java, D:\AndroidStudioProjects\SmartRecorderNotes\app\build\generated\ksp\release\java\com\yourname\smartrecorder\ui\transcript\TranscriptViewModel_HiltModules_BindsModule_Binds_LazyMapKey.java, D:\AndroidStudioProjects\SmartRecorderNotes\app\build\generated\ksp\release\java\com\yourname\smartrecorder\ui\transcript\TranscriptViewModel_HiltModules_KeyModule_ProvideFactory.java, D:\AndroidStudioProjects\SmartRecorderNotes\app\build\generated\ksp\release\java\com\yourname\smartrecorder\ui\transcript\TranscriptViewModel_HiltModules_KeyModule_Provide_LazyMapKey.java, D:\AndroidStudioProjects\SmartRecorderNotes\app\build\generated\ksp\release\java\dagger\hilt\internal\aggregatedroot\codegen\_com_yourname_smartrecorder_SmartRecorderApplication.java, D:\AndroidStudioProjects\SmartRecorderNotes\app\build\generated\ksp\release\java\hilt_aggregated_deps\_com_yourname_smartrecorder_core_notification_worker_NotificationWorker_HiltModule.java, D:\AndroidStudioProjects\SmartRecorderNotes\app\build\generated\ksp\release\java\hilt_aggregated_deps\_com_yourname_smartrecorder_core_service_PlaybackForegroundService_GeneratedInjector.java, D:\AndroidStudioProjects\SmartRecorderNotes\app\build\generated\ksp\release\java\hilt_aggregated_deps\_com_yourname_smartrecorder_core_service_RecordingForegroundService_GeneratedInjector.java, D:\AndroidStudioProjects\SmartRecorderNotes\app\build\generated\ksp\release\java\hilt_aggregated_deps\_com_yourname_smartrecorder_di_AppModule.java, D:\AndroidStudioProjects\SmartRecorderNotes\app\build\generated\ksp\release\java\hilt_aggregated_deps\_com_yourname_smartrecorder_MainActivity_GeneratedInjector.java, D:\AndroidStudioProjects\SmartRecorderNotes\app\build\generated\ksp\release\java\hilt_aggregated_deps\_com_yourname_smartrecorder_SmartRecorderApplication_GeneratedInjector.java, D:\AndroidStudioProjects\SmartRecorderNotes\app\build\generated\ksp\release\java\hilt_aggregated_deps\_com_yourname_smartrecorder_ui_importaudio_ImportAudioViewModel_HiltModules_BindsModule.java, D:\AndroidStudioProjects\SmartRecorderNotes\app\build\generated\ksp\release\java\hilt_aggregated_deps\_com_yourname_smartrecorder_ui_importaudio_ImportAudioViewModel_HiltModules_KeyModule.java, D:\AndroidStudioProjects\SmartRecorderNotes\app\build\generated\ksp\release\java\hilt_aggregated_deps\_com_yourname_smartrecorder_ui_library_LibraryViewModel_HiltModules_BindsModule.java, D:\AndroidStudioProjects\SmartRecorderNotes\app\build\generated\ksp\release\java\hilt_aggregated_deps\_com_yourname_smartrecorder_ui_library_LibraryViewModel_HiltModules_KeyModule.java, D:\AndroidStudioProjects\SmartRecorderNotes\app\build\generated\ksp\release\java\hilt_aggregated_deps\_com_yourname_smartrecorder_ui_onboarding_OnboardingViewModel_HiltModules_BindsModule.java, D:\AndroidStudioProjects\SmartRecorderNotes\app\build\generated\ksp\release\java\hilt_aggregated_deps\_com_yourname_smartrecorder_ui_onboarding_OnboardingViewModel_HiltModules_KeyModule.java, D:\AndroidStudioProjects\SmartRecorderNotes\app\build\generated\ksp\release\java\hilt_aggregated_deps\_com_yourname_smartrecorder_ui_realtime_RealtimeTranscriptViewModel_HiltModules_BindsModule.java, D:\AndroidStudioProjects\SmartRecorderNotes\app\build\generated\ksp\release\java\hilt_aggregated_deps\_com_yourname_smartrecorder_ui_realtime_RealtimeTranscriptViewModel_HiltModules_KeyModule.java, D:\AndroidStudioProjects\SmartRecorderNotes\app\build\generated\ksp\release\java\hilt_aggregated_deps\_com_yourname_smartrecorder_ui_record_RecordViewModel_HiltModules_BindsModule.java, D:\AndroidStudioProjects\SmartRecorderNotes\app\build\generated\ksp\release\java\hilt_aggregated_deps\_com_yourname_smartrecorder_ui_record_RecordViewModel_HiltModules_KeyModule.java, D:\AndroidStudioProjects\SmartRecorderNotes\app\build\generated\ksp\release\java\hilt_aggregated_deps\_com_yourname_smartrecorder_ui_settings_SettingsViewModel_HiltModules_BindsModule.java, D:\AndroidStudioProjects\SmartRecorderNotes\app\build\generated\ksp\release\java\hilt_aggregated_deps\_com_yourname_smartrecorder_ui_settings_SettingsViewModel_HiltModules_KeyModule.java, D:\AndroidStudioProjects\SmartRecorderNotes\app\build\generated\ksp\release\java\hilt_aggregated_deps\_com_yourname_smartrecorder_ui_study_StudyViewModel_HiltModules_BindsModule.java, D:\AndroidStudioProjects\SmartRecorderNotes\app\build\generated\ksp\release\java\hilt_aggregated_deps\_com_yourname_smartrecorder_ui_study_StudyViewModel_HiltModules_KeyModule.java, D:\AndroidStudioProjects\SmartRecorderNotes\app\build\generated\ksp\release\java\hilt_aggregated_deps\_com_yourname_smartrecorder_ui_transcript_TranscriptViewModel_HiltModules_BindsModule.java, D:\AndroidStudioProjects\SmartRecorderNotes\app\build\generated\ksp\release\java\hilt_aggregated_deps\_com_yourname_smartrecorder_ui_transcript_TranscriptViewModel_HiltModules_KeyModule.java
Script source files: 
Script file extensions: 
Using Kotlin/JVM incremental compilation
[KOTLIN] Kotlin compilation 'jdkHome' argument: null
Options for KOTLIN DAEMON: IncrementalCompilationOptions(super=CompilationOptions(compilerMode=INCREMENTAL_COMPILER, targetPlatform=JVM, reportCategories=[0, 3], reportSeverity=2, requestedCompilationResults=[0], kotlinScriptExtensions=[]), sourceChanges=org.jetbrains.kotlin.buildtools.api.SourcesChanges$Unknown@50ddc5c2, classpathChanges=NotAvailableForNonIncrementalRun, workingDir=D:\AndroidStudioProjects\SmartRecorderNotes\app\build\kotlin\compileReleaseKotlin\cacheable, multiModuleICSettings=MultiModuleICSettings(buildHistoryFile=D:\AndroidStudioProjects\SmartRecorderNotes\app\build\kotlin\compileReleaseKotlin\local-state\build-history.bin, useModuleDetection=true), icFeatures=IncrementalCompilationFeatures(usePreciseJavaTracking=true, withAbiSnapshot=false, preciseCompilationResultsBackup=true, keepIncrementalCompilationCachesInMemory=true, enableUnsafeIncrementalCompilationForMultiplatform=false, enableMonotonousIncrementalCompileSetExpansion=true), outputFiles=[D:\AndroidStudioProjects\SmartRecorderNotes\app\build\tmp\kotlin-classes\release, D:\AndroidStudioProjects\SmartRecorderNotes\app\build\kotlin\compileReleaseKotlin\cacheable, D:\AndroidStudioProjects\SmartRecorderNotes\app\build\kotlin\compileReleaseKotlin\local-state])

> Task :app:kspDebugUnitTestKotlin
Build cache key for StructureTransformAction: D:\AndroidStudioProjects\SmartRecorderNotes\app\build\intermediates\compile_app_classes_jar\debug\bundleDebugClassesToCompileJar\classes.jar is 9a71ff77c650821b02ecb73dbd4d5764
Stored cache entry for StructureTransformAction: D:\AndroidStudioProjects\SmartRecorderNotes\app\build\intermediates\compile_app_classes_jar\debug\bundleDebugClassesToCompileJar\classes.jar with cache key 9a71ff77c650821b02ecb73dbd4d5764
Build cache key for task ':app:kspDebugUnitTestKotlin' is a6d74311395f264c62dbe56b20649555
Task ':app:kspDebugUnitTestKotlin' is not up-to-date because:
  Value of input property 'kspConfig.logLevel' has changed for task ':app:kspDebugUnitTestKotlin'
The input changes require a full rebuild for incremental task ':app:kspDebugUnitTestKotlin'.
file or directory 'D:\AndroidStudioProjects\SmartRecorderNotes\app\src\debugUnitTest\kotlin', not found
file or directory 'D:\AndroidStudioProjects\SmartRecorderNotes\app\src\test\kotlin', not found
file or directory 'D:\AndroidStudioProjects\SmartRecorderNotes\app\src\testDebug\kotlin', not found
file or directory 'D:\AndroidStudioProjects\SmartRecorderNotes\app\src\testDebug\java', not found
file or directory 'D:\AndroidStudioProjects\SmartRecorderNotes\app\src\testDebug\java', not found
file or directory 'D:\AndroidStudioProjects\SmartRecorderNotes\app\src\debugUnitTest\kotlin', not found
file or directory 'D:\AndroidStudioProjects\SmartRecorderNotes\app\src\test\kotlin', not found
file or directory 'D:\AndroidStudioProjects\SmartRecorderNotes\app\src\testDebug\kotlin', not found
file or directory 'D:\AndroidStudioProjects\SmartRecorderNotes\app\src\testDebug\java', not found
i: [ksp] loaded provider(s): [AndroidXHiltKspProcessor$Provider, androidx.room.RoomKspProcessor$Provider, dagger.hilt.processor.internal.uninstallmodules.KspUninstallModulesProcessor$Provider, dagger.hilt.processor.internal.definecomponent.KspDefineComponentProcessor$Provider, dagger.hilt.processor.internal.root.KspRootProcessor$Provider, dagger.hilt.android.processor.internal.androidentrypoint.KspAndroidEntryPointProcessor$Provider, dagger.hilt.processor.internal.originatingelement.KspOriginatingElementProcessor$Provider, dagger.hilt.android.processor.internal.bindvalue.KspBindValueProcessor$Provider, dagger.hilt.processor.internal.aliasof.KspAliasOfProcessor$Provider, dagger.hilt.android.processor.internal.viewmodel.KspViewModelProcessor$Provider, dagger.hilt.processor.internal.earlyentrypoint.KspEarlyEntryPointProcessor$Provider, dagger.hilt.android.processor.internal.customtestapplication.KspCustomTestApplicationProcessor$Provider, dagger.hilt.processor.internal.root.KspComponentTreeDepsProcessor$Provider, dagger.hilt.processor.internal.aggregateddeps.KspAggregatedDepsProcessor$Provider, dagger.hilt.processor.internal.generatesrootinput.KspGeneratesRootInputProcessor$Provider, dagger.internal.codegen.KspComponentProcessor$Provider]
Stored cache entry for task ':app:kspDebugUnitTestKotlin' with cache key a6d74311395f264c62dbe56b20649555
Resolve mutations for :app:compileDebugUnitTestKotlin (Thread[#861,Execution worker Thread 4,5,main]) started.
:app:compileDebugUnitTestKotlin (Thread[#861,Execution worker Thread 4,5,main]) started.

> Task :app:compileDebugUnitTestKotlin
Build cache key for BuildToolsApiClasspathEntrySnapshotTransform: D:\AndroidStudioProjects\SmartRecorderNotes\app\build\intermediates\compile_app_classes_jar\debug\bundleDebugClassesToCompileJar\classes.jar is 0bafc57ff6745940867a03c14b9e5947
Stored cache entry for BuildToolsApiClasspathEntrySnapshotTransform: D:\AndroidStudioProjects\SmartRecorderNotes\app\build\intermediates\compile_app_classes_jar\debug\bundleDebugClassesToCompileJar\classes.jar with cache key 0bafc57ff6745940867a03c14b9e5947
Build cache key for task ':app:compileDebugUnitTestKotlin' is 67529f01ab6b89b0b1467f0fbd9d43b9
Task ':app:compileDebugUnitTestKotlin' is not up-to-date because:
  Task has failed previously.
The input changes require a full rebuild for incremental task ':app:compileDebugUnitTestKotlin'.
file or directory 'D:\AndroidStudioProjects\SmartRecorderNotes\app\src\debugUnitTest\kotlin', not found
file or directory 'D:\AndroidStudioProjects\SmartRecorderNotes\app\build\generated\ksp\debugUnitTest\kotlin', not found
file or directory 'D:\AndroidStudioProjects\SmartRecorderNotes\app\build\generated\ksp\debugUnitTest\java', not found
file or directory 'D:\AndroidStudioProjects\SmartRecorderNotes\app\src\test\kotlin', not found
file or directory 'D:\AndroidStudioProjects\SmartRecorderNotes\app\src\test\kotlin', not found
file or directory 'D:\AndroidStudioProjects\SmartRecorderNotes\app\src\test\kotlin', not found
file or directory 'D:\AndroidStudioProjects\SmartRecorderNotes\app\src\testDebug\kotlin', not found
file or directory 'D:\AndroidStudioProjects\SmartRecorderNotes\app\src\testDebug\java', not found
file or directory 'D:\AndroidStudioProjects\SmartRecorderNotes\app\src\testDebug\kotlin', not found
file or directory 'D:\AndroidStudioProjects\SmartRecorderNotes\app\src\testDebug\java', not found
file or directory 'D:\AndroidStudioProjects\SmartRecorderNotes\app\src\testDebug\kotlin', not found
file or directory 'D:\AndroidStudioProjects\SmartRecorderNotes\app\src\testDebug\java', not found
file or directory 'D:\AndroidStudioProjects\SmartRecorderNotes\app\src\testDebug\java', not found
file or directory 'D:\AndroidStudioProjects\SmartRecorderNotes\app\build\generated\ksp\debugUnitTest\java', not found
file or directory 'D:\AndroidStudioProjects\SmartRecorderNotes\app\build\generated\ksp\debugUnitTest\kotlin', not found
file or directory 'D:\AndroidStudioProjects\SmartRecorderNotes\app\src\debugUnitTest\kotlin', not found
file or directory 'D:\AndroidStudioProjects\SmartRecorderNotes\app\build\generated\ksp\debugUnitTest\kotlin', not found
file or directory 'D:\AndroidStudioProjects\SmartRecorderNotes\app\build\generated\ksp\debugUnitTest\java', not found
file or directory 'D:\AndroidStudioProjects\SmartRecorderNotes\app\src\test\kotlin', not found
file or directory 'D:\AndroidStudioProjects\SmartRecorderNotes\app\src\debugUnitTest\kotlin', not found
file or directory 'D:\AndroidStudioProjects\SmartRecorderNotes\app\build\generated\ksp\debugUnitTest\kotlin', not found
file or directory 'D:\AndroidStudioProjects\SmartRecorderNotes\app\build\generated\ksp\debugUnitTest\java', not found
file or directory 'D:\AndroidStudioProjects\SmartRecorderNotes\app\src\test\kotlin', not found
file or directory 'D:\AndroidStudioProjects\SmartRecorderNotes\app\src\test\kotlin', not found
file or directory 'D:\AndroidStudioProjects\SmartRecorderNotes\app\src\test\kotlin', not found
file or directory 'D:\AndroidStudioProjects\SmartRecorderNotes\app\src\testDebug\kotlin', not found
file or directory 'D:\AndroidStudioProjects\SmartRecorderNotes\app\src\testDebug\java', not found
file or directory 'D:\AndroidStudioProjects\SmartRecorderNotes\app\src\testDebug\kotlin', not found
file or directory 'D:\AndroidStudioProjects\SmartRecorderNotes\app\src\testDebug\java', not found
file or directory 'D:\AndroidStudioProjects\SmartRecorderNotes\app\src\testDebug\kotlin', not found
file or directory 'D:\AndroidStudioProjects\SmartRecorderNotes\app\src\testDebug\java', not found
file or directory 'D:\AndroidStudioProjects\SmartRecorderNotes\app\src\testDebug\java', not found
file or directory 'D:\AndroidStudioProjects\SmartRecorderNotes\app\build\generated\ksp\debugUnitTest\java', not found
file or directory 'D:\AndroidStudioProjects\SmartRecorderNotes\app\build\generated\ksp\debugUnitTest\kotlin', not found
file or directory 'D:\AndroidStudioProjects\SmartRecorderNotes\app\src\debugUnitTest\kotlin', not found
file or directory 'D:\AndroidStudioProjects\SmartRecorderNotes\app\build\generated\ksp\debugUnitTest\kotlin', not found
file or directory 'D:\AndroidStudioProjects\SmartRecorderNotes\app\build\generated\ksp\debugUnitTest\java', not found
file or directory 'D:\AndroidStudioProjects\SmartRecorderNotes\app\src\test\kotlin', not found
file or directory 'D:\AndroidStudioProjects\SmartRecorderNotes\app\src\test\kotlin', not found
file or directory 'D:\AndroidStudioProjects\SmartRecorderNotes\app\src\test\kotlin', not found
file or directory 'D:\AndroidStudioProjects\SmartRecorderNotes\app\src\testDebug\kotlin', not found
file or directory 'D:\AndroidStudioProjects\SmartRecorderNotes\app\src\testDebug\java', not found
file or directory 'D:\AndroidStudioProjects\SmartRecorderNotes\app\src\testDebug\kotlin', not found
file or directory 'D:\AndroidStudioProjects\SmartRecorderNotes\app\src\testDebug\java', not found
file or directory 'D:\AndroidStudioProjects\SmartRecorderNotes\app\src\testDebug\kotlin', not found
file or directory 'D:\AndroidStudioProjects\SmartRecorderNotes\app\src\testDebug\java', not found
file or directory 'D:\AndroidStudioProjects\SmartRecorderNotes\app\src\testDebug\java', not found
file or directory 'D:\AndroidStudioProjects\SmartRecorderNotes\app\build\generated\ksp\debugUnitTest\java', not found
file or directory 'D:\AndroidStudioProjects\SmartRecorderNotes\app\build\generated\ksp\debugUnitTest\kotlin', not found
file or directory 'D:\AndroidStudioProjects\SmartRecorderNotes\app\src\debugUnitTest\kotlin', not found
file or directory 'D:\AndroidStudioProjects\SmartRecorderNotes\app\build\generated\ksp\debugUnitTest\kotlin', not found
file or directory 'D:\AndroidStudioProjects\SmartRecorderNotes\app\build\generated\ksp\debugUnitTest\java', not found
file or directory 'D:\AndroidStudioProjects\SmartRecorderNotes\app\src\test\kotlin', not found
file or directory 'D:\AndroidStudioProjects\SmartRecorderNotes\app\src\test\kotlin', not found
file or directory 'D:\AndroidStudioProjects\SmartRecorderNotes\app\src\test\kotlin', not found
file or directory 'D:\AndroidStudioProjects\SmartRecorderNotes\app\src\testDebug\kotlin', not found
file or directory 'D:\AndroidStudioProjects\SmartRecorderNotes\app\src\testDebug\java', not found
file or directory 'D:\AndroidStudioProjects\SmartRecorderNotes\app\src\testDebug\kotlin', not found
file or directory 'D:\AndroidStudioProjects\SmartRecorderNotes\app\src\testDebug\java', not found
file or directory 'D:\AndroidStudioProjects\SmartRecorderNotes\app\src\testDebug\kotlin', not found
file or directory 'D:\AndroidStudioProjects\SmartRecorderNotes\app\src\testDebug\java', not found
file or directory 'D:\AndroidStudioProjects\SmartRecorderNotes\app\src\testDebug\java', not found
file or directory 'D:\AndroidStudioProjects\SmartRecorderNotes\app\build\generated\ksp\debugUnitTest\java', not found
file or directory 'D:\AndroidStudioProjects\SmartRecorderNotes\app\build\generated\ksp\debugUnitTest\kotlin', not found
Kotlin source files: D:\AndroidStudioProjects\SmartRecorderNotes\app\src\test\java\com\example\receiptapp\ExampleUnitTest.kt, D:\AndroidStudioProjects\SmartRecorderNotes\app\src\test\java\com\yourname\smartrecorder\core\export\ExportFormatterTest.kt, D:\AndroidStudioProjects\SmartRecorderNotes\app\src\test\java\com\yourname\smartrecorder\core\speech\GoogleASRManagerTest.kt, D:\AndroidStudioProjects\SmartRecorderNotes\app\src\test\java\com\yourname\smartrecorder\core\speech\NoiseFilterTest.kt, D:\AndroidStudioProjects\SmartRecorderNotes\app\src\test\java\com\yourname\smartrecorder\core\speech\RecognizedTokenTest.kt, D:\AndroidStudioProjects\SmartRecorderNotes\app\src\test\java\com\yourname\smartrecorder\core\utils\TimeFormatterTest.kt, D:\AndroidStudioProjects\SmartRecorderNotes\app\src\test\java\com\yourname\smartrecorder\domain\usecase\ExportTranscriptUseCaseTest.kt, D:\AndroidStudioProjects\SmartRecorderNotes\app\src\test\java\com\yourname\smartrecorder\domain\usecase\ExtractKeywordsUseCaseTest.kt, D:\AndroidStudioProjects\SmartRecorderNotes\app\src\test\java\com\yourname\smartrecorder\domain\usecase\GenerateAutoTitleUseCaseTest.kt, D:\AndroidStudioProjects\SmartRecorderNotes\app\src\test\java\com\yourname\smartrecorder\domain\usecase\GenerateFlashcardsUseCaseTest.kt, D:\AndroidStudioProjects\SmartRecorderNotes\app\src\test\java\com\yourname\smartrecorder\domain\usecase\GenerateSummaryUseCaseTest.kt, D:\AndroidStudioProjects\SmartRecorderNotes\app\src\test\java\com\yourname\smartrecorder\domain\usecase\GetRecordingsDirectoryUseCaseTest.kt, D:\AndroidStudioProjects\SmartRecorderNotes\app\src\test\java\com\yourname\smartrecorder\domain\usecase\RealtimeTranscriptUseCaseTest.kt
Java source files: 
Script source files: 
Script file extensions: 
Using Kotlin/JVM incremental compilation
[KOTLIN] Kotlin compilation 'jdkHome' argument: null
Options for KOTLIN DAEMON: IncrementalCompilationOptions(super=CompilationOptions(compilerMode=INCREMENTAL_COMPILER, targetPlatform=JVM, reportCategories=[0, 3], reportSeverity=2, requestedCompilationResults=[0], kotlinScriptExtensions=[]), sourceChanges=org.jetbrains.kotlin.buildtools.api.SourcesChanges$Unknown@50ddc5c2, classpathChanges=NotAvailableForNonIncrementalRun, workingDir=D:\AndroidStudioProjects\SmartRecorderNotes\app\build\kotlin\compileDebugUnitTestKotlin\cacheable, multiModuleICSettings=MultiModuleICSettings(buildHistoryFile=D:\AndroidStudioProjects\SmartRecorderNotes\app\build\kotlin\compileDebugUnitTestKotlin\local-state\build-history.bin, useModuleDetection=true), icFeatures=IncrementalCompilationFeatures(usePreciseJavaTracking=true, withAbiSnapshot=false, preciseCompilationResultsBackup=true, keepIncrementalCompilationCachesInMemory=true, enableUnsafeIncrementalCompilationForMultiplatform=false, enableMonotonousIncrementalCompileSetExpansion=true), outputFiles=[D:\AndroidStudioProjects\SmartRecorderNotes\app\build\tmp\kotlin-classes\debugUnitTest, D:\AndroidStudioProjects\SmartRecorderNotes\app\build\kotlin\compileDebugUnitTestKotlin\cacheable, D:\AndroidStudioProjects\SmartRecorderNotes\app\build\kotlin\compileDebugUnitTestKotlin\local-state])
Finished executing kotlin compiler using DAEMON strategy

./gradlew : e: file:///D:/AndroidStudioProjects/SmartRecorderNotes/app/src/test
/java/com/yourname/smartrecorder/core/speech/GoogleASRManagerTest.kt:74:17 
Unresolved reference 'setPreferOffline'.
At line:1 char:1
+ ./gradlew test --info 2>&1 | tee test_output.txt
+ ~~~~~~~~~~~~~~~~~~~~~~~~~~
    + CategoryInfo          : NotSpecified: (e: file:///D:/A...PreferOffline'. 
   :String) [], RemoteException
    + FullyQualifiedErrorId : NativeCommandError
 
> Task :app:compileDebugUnitTestKotlin FAILED
Resolve mutations for :app:copyRoomSchemas (Thread[#861,Execution worker Thread 4,5,main]) started.
:app:copyRoomSchemas (Thread[#861,Execution worker Thread 4,5,main]) started.

> Task :app:copyRoomSchemas NO-SOURCE
Skipping task ':app:copyRoomSchemas' as it has no source files and no previous output files.

> Task :app:compileReleaseKotlin
w: file:///D:/AndroidStudioProjects/SmartRecorderNotes/app/src/main/java/com/yourname/smartrecorder/ui/settings/SettingsTopBar.kt:18:49 'val Icons.Filled.ArrowBack: ImageVector' is deprecated. Use the AutoMirrored version at Icons.AutoMirrored.Filled.ArrowBack.
Finished executing kotlin compiler using DAEMON strategy
Stored cache entry for task ':app:compileReleaseKotlin' with cache key 9c0e748e51727ae866cb1b1a34508962
Build 34233bcf-c937-4fd8-a7a3-10e25350a28a is started
AAPT2 aapt2-8.13.1-13719691-windows Daemon #0: shutdown
Build 34233bcf-c937-4fd8-a7a3-10e25350a28a is closed

0 problems were found storing the configuration cache.

See the complete report at file:///D:/AndroidStudioProjects/SmartRecorderNotes/build/reports/configuration-cache/67qlnwttpqhs0pzk2mcfz7fbh/dfzx7kbwyfd7nyrnlstqmnaed/configuration-cache-report.html

FAILURE: Build failed with an exception.

* What went wrong:
Execution failed for task ':app:compileDebugUnitTestKotlin'.
> A failure occurred while executing org.jetbrains.kotlin.compilerRunner.Gradle
CompilerRunnerWithWorkers$GradleKotlinCompilerWorkAction
   > Compilation error. See log for more details

* Try:
> Run with --stacktrace option to get the stack trace.
> Run with --debug option to get more log output.
> Run with --scan to get full insights.
> Get more help at https://help.gradle.org.

BUILD FAILED in 56s
48 actionable tasks: 16 executed, 10 from cache, 22 up-to-date
Watched directory hierarchies: [D:\AndroidStudioProjects\SmartRecorderNotes]
Configuration cache entry stored.
